REPLAY src_db=/Users/kaidongwang/.config/superpowers/worktrees/pocketworld_research_benchmarks/pocketworld-repro-contract-20260714/experiments/multiview_site_matcher_2026-07-15/cap56_raynorm_dbref_calibrated_regeom_3px_strong_seed0_20260715.db poses=/tmp/pocketworld_cap56_reconcile_20260714/sfm_fed_frames.jsonl out=aether_cpp/third_party/glomap_vendor/bench_runs/cap56_upstream_ghost_20260715/raynorm_dbref_calibrated_3px_strong_seed0_off_final5_k19 k=19 max_frames=0 AETHER_INCREMENTAL_GLOBAL_BA=(unset)
SOURCE n_images=20 n_poses=20
STORED_PAIRS matches=190 nonempty_matches=190 two_view=188 nonempty_two_view=188 geometry_missing=2 geometry_only=0
W20260715 03:38:14.190930 0x1fb6b2080 aether_sfm_c_replay.cc:4668] [aether_sfm] host replay reusing stored pairs from /Users/kaidongwang/.config/superpowers/worktrees/pocketworld_research_benchmarks/pocketworld-repro-contract-20260714/experiments/multiview_site_matcher_2026-07-15/cap56_raynorm_dbref_calibrated_regeom_3px_strong_seed0_20260715.db (matches=190, verified=188)
I20260715 03:38:14.209608 0x1fb6b2080 bundle_adjustment_ceres.cc:842] [AETHER] solver_used=DENSE_SCHUR sparse_backend=EIGEN_SPARSE dense_backend=EIGEN mixed=0 threads=1
I20260715 03:38:14.245567 0x1fb6b2080 bundle_adjustment_ceres.cc:842] [AETHER] solver_used=DENSE_SCHUR sparse_backend=EIGEN_SPARSE dense_backend=EIGEN mixed=0 threads=1
I20260715 03:38:14.275868 0x1fb6b2080 bundle_adjustment_ceres.cc:842] [AETHER] solver_used=DENSE_SCHUR sparse_backend=EIGEN_SPARSE dense_backend=EIGEN mixed=0 threads=1
I20260715 03:38:14.310647 0x1fb6b2080 bundle_adjustment_ceres.cc:842] [AETHER] solver_used=DENSE_SCHUR sparse_backend=EIGEN_SPARSE dense_backend=EIGEN mixed=0 threads=1
I20260715 03:38:14.360821 0x1fb6b2080 bundle_adjustment_ceres.cc:842] [AETHER] solver_used=DENSE_SCHUR sparse_backend=EIGEN_SPARSE dense_backend=EIGEN mixed=0 threads=1
I20260715 03:38:14.409347 0x1fb6b2080 bundle_adjustment_ceres.cc:842] [AETHER] solver_used=DENSE_SCHUR sparse_backend=EIGEN_SPARSE dense_backend=EIGEN mixed=0 threads=1
I20260715 03:38:14.462645 0x1fb6b2080 bundle_adjustment_ceres.cc:842] [AETHER] solver_used=DENSE_SCHUR sparse_backend=EIGEN_SPARSE dense_backend=EIGEN mixed=0 threads=1
I20260715 03:38:14.527474 0x1fb6b2080 bundle_adjustment_ceres.cc:842] [AETHER] solver_used=DENSE_SCHUR sparse_backend=EIGEN_SPARSE dense_backend=EIGEN mixed=0 threads=1
I20260715 03:38:14.595886 0x1fb6b2080 bundle_adjustment_ceres.cc:842] [AETHER] solver_used=DENSE_SCHUR sparse_backend=EIGEN_SPARSE dense_backend=EIGEN mixed=0 threads=1
I20260715 03:38:14.673002 0x1fb6b2080 bundle_adjustment_ceres.cc:842] [AETHER] solver_used=DENSE_SCHUR sparse_backend=EIGEN_SPARSE dense_backend=EIGEN mixed=0 threads=1
I20260715 03:38:14.748663 0x1fb6b2080 bundle_adjustment_ceres.cc:842] [AETHER] solver_used=DENSE_SCHUR sparse_backend=EIGEN_SPARSE dense_backend=EIGEN mixed=0 threads=1
I20260715 03:38:14.812923 0x1fb6b2080 bundle_adjustment_ceres.cc:842] [AETHER] solver_used=DENSE_SCHUR sparse_backend=EIGEN_SPARSE dense_backend=EIGEN mixed=0 threads=1
I20260715 03:38:14.881522 0x1fb6b2080 bundle_adjustment_ceres.cc:842] [AETHER] solver_used=DENSE_SCHUR sparse_backend=EIGEN_SPARSE dense_backend=EIGEN mixed=0 threads=1
I20260715 03:38:14.952523 0x1fb6b2080 bundle_adjustment_ceres.cc:842] [AETHER] solver_used=DENSE_SCHUR sparse_backend=EIGEN_SPARSE dense_backend=EIGEN mixed=0 threads=1
I20260715 03:38:15.014029 0x1fb6b2080 bundle_adjustment_ceres.cc:842] [AETHER] solver_used=DENSE_SCHUR sparse_backend=EIGEN_SPARSE dense_backend=EIGEN mixed=0 threads=1
I20260715 03:38:15.075691 0x1fb6b2080 bundle_adjustment_ceres.cc:842] [AETHER] solver_used=DENSE_SCHUR sparse_backend=EIGEN_SPARSE dense_backend=EIGEN mixed=0 threads=1
I20260715 03:38:15.146325 0x1fb6b2080 bundle_adjustment_ceres.cc:842] [AETHER] solver_used=DENSE_SCHUR sparse_backend=EIGEN_SPARSE dense_backend=EIGEN mixed=0 threads=1
I20260715 03:38:15.213034 0x1fb6b2080 bundle_adjustment_ceres.cc:842] [AETHER] solver_used=DENSE_SCHUR sparse_backend=EIGEN_SPARSE dense_backend=EIGEN mixed=0 threads=1
STREAMED fed=20 missing_pose=0 stream_ms=1028.9
FINALIZE_ASYNC phase1={"solve_ms":0.8,"n_models":1,"n_registered":20,"n_points3d":15424,"reproj_px":0.8016,"track_len":2.111,"phase1":"live_reuse"}
I20260715 03:38:15.217652 0x16f50f000 database_cache.cc:72] Loading rigs...
I20260715 03:38:15.217673 0x16f50f000 database_cache.cc:82]  0 in 0.000s
I20260715 03:38:15.217681 0x16f50f000 database_cache.cc:90] Loading cameras...
I20260715 03:38:15.217695 0x16f50f000 database_cache.cc:108]  1 in 0.000s
I20260715 03:38:15.217700 0x16f50f000 database_cache.cc:116] Loading frames...
I20260715 03:38:15.217709 0x16f50f000 database_cache.cc:126]  0 in 0.000s
I20260715 03:38:15.217713 0x16f50f000 database_cache.cc:134] Loading matches...
I20260715 03:38:15.218052 0x16f50f000 database_cache.cc:139]  188 in 0.000s
I20260715 03:38:15.218058 0x16f50f000 database_cache.cc:147] Loading images...
I20260715 03:38:15.219280 0x16f50f000 database_cache.cc:236]  20 in 0.001s (loaded all 20)
I20260715 03:38:15.219290 0x16f50f000 database_cache.cc:255] Loading pose priors...
I20260715 03:38:15.219298 0x16f50f000 database_cache.cc:263]  0 in 0.000s
I20260715 03:38:15.219302 0x16f50f000 database_cache.cc:271] Building correspondence graph...
I20260715 03:38:15.223919 0x16f50f000 database_cache.cc:300]  in 0.005s (ignored 0)
I20260715 03:38:15.239914 0x16f50f000 incremental_pipeline.cc:320] Loading database
I20260715 03:38:15.239940 0x16f50f000 database_cache.cc:72] Loading rigs...
I20260715 03:38:15.239946 0x16f50f000 database_cache.cc:82]  0 in 0.000s
I20260715 03:38:15.239951 0x16f50f000 database_cache.cc:90] Loading cameras...
I20260715 03:38:15.239959 0x16f50f000 database_cache.cc:108]  1 in 0.000s
I20260715 03:38:15.239962 0x16f50f000 database_cache.cc:116] Loading frames...
I20260715 03:38:15.239968 0x16f50f000 database_cache.cc:126]  0 in 0.000s
I20260715 03:38:15.239971 0x16f50f000 database_cache.cc:134] Loading matches...
I20260715 03:38:15.240301 0x16f50f000 database_cache.cc:139]  188 in 0.000s
I20260715 03:38:15.240306 0x16f50f000 database_cache.cc:147] Loading images...
I20260715 03:38:15.241531 0x16f50f000 database_cache.cc:236]  20 in 0.001s (loaded all 20)
I20260715 03:38:15.241537 0x16f50f000 database_cache.cc:255] Loading pose priors...
I20260715 03:38:15.241545 0x16f50f000 database_cache.cc:263]  0 in 0.000s
I20260715 03:38:15.241549 0x16f50f000 database_cache.cc:271] Building correspondence graph...
I20260715 03:38:15.246025 0x16f50f000 database_cache.cc:300]  in 0.004s (ignored 0)
I20260715 03:38:15.246033 0x16f50f000 timer.cc:90] Elapsed time: 0.000 [minutes]
I20260715 03:38:15.933500 0x16f50f000 bundle_adjustment_ceres.cc:842] [AETHER] solver_used=DENSE_SCHUR sparse_backend=EIGEN_SPARSE dense_backend=EIGEN mixed=0 threads=6
I20260715 03:38:16.581451 0x16f50f000 bundle_adjustment_ceres.cc:842] [AETHER] solver_used=DENSE_SCHUR sparse_backend=EIGEN_SPARSE dense_backend=EIGEN mixed=0 threads=6
I20260715 03:38:17.250930 0x16f50f000 bundle_adjustment_ceres.cc:842] [AETHER] solver_used=DENSE_SCHUR sparse_backend=EIGEN_SPARSE dense_backend=EIGEN mixed=0 threads=6
I20260715 03:38:17.642781 0x16f50f000 bundle_adjustment_ceres.cc:842] [AETHER] solver_used=DENSE_SCHUR sparse_backend=EIGEN_SPARSE dense_backend=EIGEN mixed=0 threads=6
I20260715 03:38:18.188665 0x16f50f000 bundle_adjustment_ceres.cc:842] [AETHER] solver_used=DENSE_SCHUR sparse_backend=EIGEN_SPARSE dense_backend=EIGEN mixed=0 threads=6
W20260715 03:38:18.207146 0x16f50f000 aether_sfm_c_replay.cc:4390] [aether_sfm] finalize worker: cache_pre=6ms enrich=5ms stage1=14ms (ok, rounds=0) stage2=2961ms (rounds<=5) temporal=7ms upgrade=0ms total=2989ms
REFINED finalize_ms=3135.9
RESULT incr=off n_reg=20 n_points=14349 track3plus=4184 n_obs=38563 mean_reproj_px=1.0474 stream_ms=1028.9 finalize_ms=3135.9 total_ms=4164.8
real 4.21
user 9.26
sys 3.72
           106037248  maximum resident set size
                   0  average shared memory size
                   0  average unshared data size
                   0  average unshared stack size
                7989  page reclaims
                  43  page faults
                   0  swaps
                   0  block input operations
                   0  block output operations
                   0  messages sent
                   0  messages received
                   0  signals received
                  68  voluntary context switches
              804213  involuntary context switches
        112048361713  instructions retired
         44440508698  cycles elapsed
            95748552  peak memory footprint
