[DawnKernelHarness] limits: invocations/wg=512 wgSizeX=512 storageBufs=10 maxBuffer=1073741824 maxStorageBinding=1073741824 (adapter: 1024 1024 10 4294967295 4294967295)
[pwofficial_gpu_match_dawn] backend=blocked(fma4x4+direct+w64+nopb+f16+keyscan3+ptr+kp,V8) adapter="Apple M3 Pro" subgroups=1 sgmatrix=1 f32_8x8x8=1 f16_f32=1 mixed=0 subgroup=[4,64] packed_dot=1 timestamp=1 limits[storage=32768 invocations=1024 sizeX=1024]
WARNING: Logging before InitGoogleLogging() is written to STDERR
I20260925 18:09:09.925765 0x1fecf6080 database_cache.cc:72] Loading rigs...
I20260925 18:09:09.925796 0x1fecf6080 database_cache.cc:82]  0 in 0.000s
I20260925 18:09:09.925803 0x1fecf6080 database_cache.cc:90] Loading cameras...
I20260925 18:09:09.925815 0x1fecf6080 database_cache.cc:108]  2 in 0.000s
I20260925 18:09:09.925821 0x1fecf6080 database_cache.cc:116] Loading frames...
I20260925 18:09:09.925828 0x1fecf6080 database_cache.cc:126]  0 in 0.000s
I20260925 18:09:09.925833 0x1fecf6080 database_cache.cc:134] Loading matches...
I20260925 18:09:09.925841 0x1fecf6080 database_cache.cc:139]  1 in 0.000s
I20260925 18:09:09.925846 0x1fecf6080 database_cache.cc:147] Loading images...
I20260925 18:09:09.925944 0x1fecf6080 database_cache.cc:236]  2 in 0.000s (loaded all 2)
I20260925 18:09:09.925950 0x1fecf6080 database_cache.cc:255] Loading pose priors...
I20260925 18:09:09.925958 0x1fecf6080 database_cache.cc:263]  0 in 0.000s
I20260925 18:09:09.925962 0x1fecf6080 database_cache.cc:271] Building correspondence graph...
I20260925 18:09:09.925995 0x1fecf6080 database_cache.cc:300]  in 0.000s (ignored 0)
I20260925 18:09:09.979512 0x1fecf6080 official_bundle_adjustment_ceres.cc:1648] [AETHER gravity] injected 3/3 roll/pitch anchors, sigma_rad=0.00872665
[AETHER BA-ORDERING] blocks=226 pts(g0)=217 cams(g1)=3 g1_all_pose=1 proven=1
I20260925 18:09:09.983657 0x1fecf6080 official_bundle_adjustment_ceres.cc:1137] [AETHER] solver_used=DENSE_SCHUR sparse_backend=EIGEN_SPARSE dense_backend=EIGEN mixed=0 threads=1
I20260925 18:09:09.984042 0x1fecf6080 official_bundle_adjustment_ceres.cc:1648] [AETHER gravity] injected 3/3 roll/pitch anchors, sigma_rad=0.00872665
[AETHER BA-ORDERING] blocks=215 pts(g0)=206 cams(g1)=3 g1_all_pose=1 proven=1
I20260925 18:09:09.985144 0x1fecf6080 official_bundle_adjustment_ceres.cc:1137] [AETHER] solver_used=DENSE_SCHUR sparse_backend=EIGEN_SPARSE dense_backend=EIGEN mixed=0 threads=1
I20260925 18:09:10.068485 0x1fecf6080 official_bundle_adjustment_ceres.cc:1648] [AETHER gravity] injected 4/4 roll/pitch anchors, sigma_rad=0.00872665
[AETHER BA-ORDERING] blocks=332 pts(g0)=321 cams(g1)=4 g1_all_pose=1 proven=1
I20260925 18:09:10.074705 0x1fecf6080 official_bundle_adjustment_ceres.cc:1137] [AETHER] solver_used=DENSE_SCHUR sparse_backend=EIGEN_SPARSE dense_backend=EIGEN mixed=0 threads=1
I20260925 18:09:10.075179 0x1fecf6080 official_bundle_adjustment_ceres.cc:1648] [AETHER gravity] injected 4/4 roll/pitch anchors, sigma_rad=0.00872665
I20260925 18:09:10.075975 0x1fecf6080 official_bundle_adjustment_ceres.cc:1137] [AETHER] solver_used=DENSE_SCHUR sparse_backend=EIGEN_SPARSE dense_backend=EIGEN mixed=0 threads=1
I20260925 18:09:10.161424 0x1fecf6080 official_bundle_adjustment_ceres.cc:1648] [AETHER gravity] injected 3/3 roll/pitch anchors, sigma_rad=0.00872665
I20260925 18:09:10.166991 0x1fecf6080 official_bundle_adjustment_ceres.cc:1137] [AETHER] solver_used=DENSE_SCHUR sparse_backend=EIGEN_SPARSE dense_backend=EIGEN mixed=0 threads=1
I20260925 18:09:10.167703 0x1fecf6080 official_bundle_adjustment_ceres.cc:1648] [AETHER gravity] injected 3/3 roll/pitch anchors, sigma_rad=0.00872665
I20260925 18:09:10.168434 0x1fecf6080 official_bundle_adjustment_ceres.cc:1137] [AETHER] solver_used=DENSE_SCHUR sparse_backend=EIGEN_SPARSE dense_backend=EIGEN mixed=0 threads=1
I20260925 18:09:10.258878 0x1fecf6080 official_bundle_adjustment_ceres.cc:1648] [AETHER gravity] injected 2/2 roll/pitch anchors, sigma_rad=0.00872665
I20260925 18:09:10.262325 0x1fecf6080 official_bundle_adjustment_ceres.cc:1137] [AETHER] solver_used=DENSE_SCHUR sparse_backend=EIGEN_SPARSE dense_backend=EIGEN mixed=0 threads=1
I20260925 18:09:10.340303 0x1fecf6080 official_bundle_adjustment_ceres.cc:1648] [AETHER gravity] injected 4/4 roll/pitch anchors, sigma_rad=0.00872665
I20260925 18:09:10.345565 0x1fecf6080 official_bundle_adjustment_ceres.cc:1137] [AETHER] solver_used=DENSE_SCHUR sparse_backend=EIGEN_SPARSE dense_backend=EIGEN mixed=0 threads=1
I20260925 18:09:10.346346 0x1fecf6080 official_bundle_adjustment_ceres.cc:1648] [AETHER gravity] injected 4/4 roll/pitch anchors, sigma_rad=0.00872665
I20260925 18:09:10.348132 0x1fecf6080 official_bundle_adjustment_ceres.cc:1137] [AETHER] solver_used=DENSE_SCHUR sparse_backend=EIGEN_SPARSE dense_backend=EIGEN mixed=0 threads=1
I20260925 18:09:10.414589 0x1fecf6080 official_bundle_adjustment_ceres.cc:1648] [AETHER gravity] injected 4/4 roll/pitch anchors, sigma_rad=0.00872665
I20260925 18:09:10.419168 0x1fecf6080 official_bundle_adjustment_ceres.cc:1137] [AETHER] solver_used=DENSE_SCHUR sparse_backend=EIGEN_SPARSE dense_backend=EIGEN mixed=0 threads=1
I20260925 18:09:10.419907 0x1fecf6080 official_bundle_adjustment_ceres.cc:1648] [AETHER gravity] injected 4/4 roll/pitch anchors, sigma_rad=0.00872665
I20260925 18:09:10.420963 0x1fecf6080 official_bundle_adjustment_ceres.cc:1137] [AETHER] solver_used=DENSE_SCHUR sparse_backend=EIGEN_SPARSE dense_backend=EIGEN mixed=0 threads=1
I20260925 18:09:10.483349 0x1fecf6080 official_bundle_adjustment_ceres.cc:1648] [AETHER gravity] injected 2/2 roll/pitch anchors, sigma_rad=0.00872665
I20260925 18:09:10.484136 0x1fecf6080 official_bundle_adjustment_ceres.cc:1137] [AETHER] solver_used=DENSE_SCHUR sparse_backend=EIGEN_SPARSE dense_backend=EIGEN mixed=0 threads=1
I20260925 18:09:10.545657 0x1fecf6080 official_bundle_adjustment_ceres.cc:1648] [AETHER gravity] injected 2/2 roll/pitch anchors, sigma_rad=0.00872665
I20260925 18:09:10.546246 0x1fecf6080 official_bundle_adjustment_ceres.cc:1137] [AETHER] solver_used=DENSE_SCHUR sparse_backend=EIGEN_SPARSE dense_backend=EIGEN mixed=0 threads=1
I20260925 18:09:10.649855 0x1fecf6080 official_bundle_adjustment_ceres.cc:1648] [AETHER gravity] injected 4/4 roll/pitch anchors, sigma_rad=0.00872665
I20260925 18:09:10.656063 0x1fecf6080 official_bundle_adjustment_ceres.cc:1137] [AETHER] solver_used=DENSE_SCHUR sparse_backend=EIGEN_SPARSE dense_backend=EIGEN mixed=0 threads=1
I20260925 18:09:10.656872 0x1fecf6080 official_bundle_adjustment_ceres.cc:1648] [AETHER gravity] injected 4/4 roll/pitch anchors, sigma_rad=0.00872665
I20260925 18:09:10.658418 0x1fecf6080 official_bundle_adjustment_ceres.cc:1137] [AETHER] solver_used=DENSE_SCHUR sparse_backend=EIGEN_SPARSE dense_backend=EIGEN mixed=0 threads=1
I20260925 18:09:10.783800 0x1fecf6080 official_bundle_adjustment_ceres.cc:1648] [AETHER gravity] injected 2/2 roll/pitch anchors, sigma_rad=0.00872665
I20260925 18:09:10.784586 0x1fecf6080 official_bundle_adjustment_ceres.cc:1137] [AETHER] solver_used=DENSE_SCHUR sparse_backend=EIGEN_SPARSE dense_backend=EIGEN mixed=0 threads=1
I20260925 18:09:10.785357 0x1fecf6080 official_bundle_adjustment_ceres.cc:1648] [AETHER gravity] injected 2/2 roll/pitch anchors, sigma_rad=0.00872665
I20260925 18:09:10.785875 0x1fecf6080 official_bundle_adjustment_ceres.cc:1137] [AETHER] solver_used=DENSE_SCHUR sparse_backend=EIGEN_SPARSE dense_backend=EIGEN mixed=0 threads=1
I20260925 18:09:10.918180 0x1fecf6080 official_bundle_adjustment_ceres.cc:1648] [AETHER gravity] injected 3/3 roll/pitch anchors, sigma_rad=0.00872665
I20260925 18:09:10.924088 0x1fecf6080 official_bundle_adjustment_ceres.cc:1137] [AETHER] solver_used=DENSE_SCHUR sparse_backend=EIGEN_SPARSE dense_backend=EIGEN mixed=0 threads=1
I20260925 18:09:10.924586 0x1fecf6080 official_bundle_adjustment_ceres.cc:1648] [AETHER gravity] injected 3/3 roll/pitch anchors, sigma_rad=0.00872665
I20260925 18:09:10.926205 0x1fecf6080 official_bundle_adjustment_ceres.cc:1137] [AETHER] solver_used=DENSE_SCHUR sparse_backend=EIGEN_SPARSE dense_backend=EIGEN mixed=0 threads=1
I20260925 18:09:10.979628 0x1fecf6080 official_bundle_adjustment_ceres.cc:1648] [AETHER gravity] injected 2/2 roll/pitch anchors, sigma_rad=0.00872665
I20260925 18:09:10.980268 0x1fecf6080 official_bundle_adjustment_ceres.cc:1137] [AETHER] solver_used=DENSE_SCHUR sparse_backend=EIGEN_SPARSE dense_backend=EIGEN mixed=0 threads=1
I20260925 18:09:10.980656 0x1fecf6080 official_bundle_adjustment_ceres.cc:1648] [AETHER gravity] injected 2/2 roll/pitch anchors, sigma_rad=0.00872665
I20260925 18:09:10.980923 0x1fecf6080 official_bundle_adjustment_ceres.cc:1137] [AETHER] solver_used=DENSE_SCHUR sparse_backend=EIGEN_SPARSE dense_backend=EIGEN mixed=0 threads=1
I20260925 18:09:11.048762 0x1fecf6080 official_bundle_adjustment_ceres.cc:1648] [AETHER gravity] injected 5/5 roll/pitch anchors, sigma_rad=0.00872665
I20260925 18:09:11.053308 0x1fecf6080 official_bundle_adjustment_ceres.cc:1137] [AETHER] solver_used=DENSE_SCHUR sparse_backend=EIGEN_SPARSE dense_backend=EIGEN mixed=0 threads=1
I20260925 18:09:11.054296 0x1fecf6080 official_bundle_adjustment_ceres.cc:1648] [AETHER gravity] injected 5/5 roll/pitch anchors, sigma_rad=0.00872665
I20260925 18:09:11.055420 0x1fecf6080 official_bundle_adjustment_ceres.cc:1137] [AETHER] solver_used=DENSE_SCHUR sparse_backend=EIGEN_SPARSE dense_backend=EIGEN mixed=0 threads=1
I20260925 18:09:11.112029 0x1fecf6080 official_bundle_adjustment_ceres.cc:1648] [AETHER gravity] injected 2/2 roll/pitch anchors, sigma_rad=0.00872665
I20260925 18:09:11.112525 0x1fecf6080 official_bundle_adjustment_ceres.cc:1137] [AETHER] solver_used=DENSE_SCHUR sparse_backend=EIGEN_SPARSE dense_backend=EIGEN mixed=0 threads=1
I20260925 18:09:11.112765 0x1fecf6080 official_bundle_adjustment_ceres.cc:1648] [AETHER gravity] injected 2/2 roll/pitch anchors, sigma_rad=0.00872665
I20260925 18:09:11.112920 0x1fecf6080 official_bundle_adjustment_ceres.cc:1137] [AETHER] solver_used=DENSE_SCHUR sparse_backend=EIGEN_SPARSE dense_backend=EIGEN mixed=0 threads=1
I20260925 18:09:11.158070 0x1fecf6080 official_bundle_adjustment_ceres.cc:1648] [AETHER gravity] injected 4/4 roll/pitch anchors, sigma_rad=0.00872665
I20260925 18:09:11.160861 0x1fecf6080 official_bundle_adjustment_ceres.cc:1137] [AETHER] solver_used=DENSE_SCHUR sparse_backend=EIGEN_SPARSE dense_backend=EIGEN mixed=0 threads=1
I20260925 18:09:11.161785 0x1fecf6080 official_bundle_adjustment_ceres.cc:1648] [AETHER gravity] injected 6/6 roll/pitch anchors, sigma_rad=0.00872665
I20260925 18:09:11.163682 0x1fecf6080 official_bundle_adjustment_ceres.cc:1137] [AETHER] solver_used=DENSE_SCHUR sparse_backend=EIGEN_SPARSE dense_backend=EIGEN mixed=0 threads=1
I20260925 18:09:11.203788 0x1fecf6080 official_bundle_adjustment_ceres.cc:1648] [AETHER gravity] injected 5/5 roll/pitch anchors, sigma_rad=0.00872665
I20260925 18:09:11.207440 0x1fecf6080 official_bundle_adjustment_ceres.cc:1137] [AETHER] solver_used=DENSE_SCHUR sparse_backend=EIGEN_SPARSE dense_backend=EIGEN mixed=0 threads=1
I20260925 18:09:11.208058 0x1fecf6080 official_bundle_adjustment_ceres.cc:1648] [AETHER gravity] injected 5/5 roll/pitch anchors, sigma_rad=0.00872665
I20260925 18:09:11.209012 0x1fecf6080 official_bundle_adjustment_ceres.cc:1137] [AETHER] solver_used=DENSE_SCHUR sparse_backend=EIGEN_SPARSE dense_backend=EIGEN mixed=0 threads=1
I20260925 18:09:11.248410 0x1fecf6080 official_bundle_adjustment_ceres.cc:1648] [AETHER gravity] injected 2/2 roll/pitch anchors, sigma_rad=0.00872665
I20260925 18:09:11.249243 0x1fecf6080 official_bundle_adjustment_ceres.cc:1137] [AETHER] solver_used=DENSE_SCHUR sparse_backend=EIGEN_SPARSE dense_backend=EIGEN mixed=0 threads=1
I20260925 18:09:11.250082 0x1fecf6080 official_bundle_adjustment_ceres.cc:1648] [AETHER gravity] injected 3/3 roll/pitch anchors, sigma_rad=0.00872665
I20260925 18:09:11.250496 0x1fecf6080 official_bundle_adjustment_ceres.cc:1137] [AETHER] solver_used=DENSE_SCHUR sparse_backend=EIGEN_SPARSE dense_backend=EIGEN mixed=0 threads=1
I20260925 18:09:11.252201 0x16f7fb000 database_cache.cc:72] Loading rigs...
I20260925 18:09:11.252217 0x16f7fb000 database_cache.cc:82]  0 in 0.000s
I20260925 18:09:11.252222 0x16f7fb000 database_cache.cc:90] Loading cameras...
I20260925 18:09:11.252245 0x16f7fb000 database_cache.cc:108]  20 in 0.000s
I20260925 18:09:11.252250 0x16f7fb000 database_cache.cc:116] Loading frames...
I20260925 18:09:11.252260 0x16f7fb000 database_cache.cc:126]  0 in 0.000s
I20260925 18:09:11.252264 0x16f7fb000 database_cache.cc:134] Loading matches...
I20260925 18:09:11.252305 0x16f7fb000 database_cache.cc:139]  43 in 0.000s
I20260925 18:09:11.252309 0x16f7fb000 database_cache.cc:147] Loading images...
I20260925 18:09:11.253336 0x16f7fb000 database_cache.cc:236]  20 in 0.001s (loaded all 20)
I20260925 18:09:11.253342 0x16f7fb000 database_cache.cc:255] Loading pose priors...
I20260925 18:09:11.253354 0x16f7fb000 database_cache.cc:263]  0 in 0.000s
I20260925 18:09:11.253359 0x16f7fb000 database_cache.cc:271] Building correspondence graph...
I20260925 18:09:11.253807 0x16f7fb000 database_cache.cc:300]  in 0.000s (ignored 0)
I20260925 18:09:11.255979 0x16f7fb000 official_bundle_adjustment_ceres.cc:1648] [AETHER gravity] injected 19/20 roll/pitch anchors, sigma_rad=0.00872665
I20260925 18:09:11.293424 0x16f7fb000 official_bundle_adjustment_ceres.cc:1137] [AETHER] solver_used=DENSE_SCHUR sparse_backend=EIGEN_SPARSE dense_backend=EIGEN mixed=0 threads=6
I20260925 18:09:11.295407 0x16f7fb000 official_bundle_adjustment_ceres.cc:1648] [AETHER gravity] injected 19/20 roll/pitch anchors, sigma_rad=0.00872665
I20260925 18:09:11.338653 0x16f7fb000 official_bundle_adjustment_ceres.cc:1137] [AETHER] solver_used=DENSE_SCHUR sparse_backend=EIGEN_SPARSE dense_backend=EIGEN mixed=0 threads=1
I20260925 18:09:11.340489 0x16f7fb000 official_bundle_adjustment_ceres.cc:1648] [AETHER gravity] injected 19/20 roll/pitch anchors, sigma_rad=0.00872665
I20260925 18:09:11.374000 0x16f7fb000 official_bundle_adjustment_ceres.cc:1137] [AETHER] solver_used=DENSE_SCHUR sparse_backend=EIGEN_SPARSE dense_backend=EIGEN mixed=0 threads=1
I20260925 18:09:11.375656 0x16f7fb000 official_bundle_adjustment_ceres.cc:1648] [AETHER gravity] injected 19/20 roll/pitch anchors, sigma_rad=0.00872665
I20260925 18:09:11.385318 0x16f7fb000 official_bundle_adjustment_ceres.cc:1137] [AETHER] solver_used=DENSE_SCHUR sparse_backend=EIGEN_SPARSE dense_backend=EIGEN mixed=0 threads=1
I20260925 18:09:11.387177 0x16f7fb000 official_bundle_adjustment_ceres.cc:1648] [AETHER gravity] injected 19/20 roll/pitch anchors, sigma_rad=0.00872665
I20260925 18:09:11.395588 0x16f7fb000 official_bundle_adjustment_ceres.cc:1137] [AETHER] solver_used=DENSE_SCHUR sparse_backend=EIGEN_SPARSE dense_backend=EIGEN mixed=0 threads=1
W20260925 18:09:11.507084 0x16f887000 official_aether_sfm_c.cc:6907] [aether_sfm] finalize re-match: starved_frames=14 candidates=127 attempted=127 written=0 inliers=0 failed=0 gpu_fail_capture=0 probe_debt_repaid=0 probe_debt_left=0
W20260925 18:09:11.590946 0x16f887000 official_aether_sfm_c.cc:7348] [aether_sfm] official quadratic overlap: overlap=10 candidates=46 written=0 in 83.7317 ms
I20260925 18:09:11.600070 0x16f7fb000 official_incremental_pipeline.cc:323] Loading database
I20260925 18:09:11.600110 0x16f7fb000 database_cache.cc:72] Loading rigs...
I20260925 18:09:11.600120 0x16f7fb000 database_cache.cc:82]  0 in 0.000s
I20260925 18:09:11.600126 0x16f7fb000 database_cache.cc:90] Loading cameras...
I20260925 18:09:11.600141 0x16f7fb000 database_cache.cc:108]  20 in 0.000s
I20260925 18:09:11.600146 0x16f7fb000 database_cache.cc:116] Loading frames...
I20260925 18:09:11.600152 0x16f7fb000 database_cache.cc:126]  0 in 0.000s
I20260925 18:09:11.600156 0x16f7fb000 database_cache.cc:134] Loading matches...
I20260925 18:09:11.600201 0x16f7fb000 database_cache.cc:139]  43 in 0.000s
I20260925 18:09:11.600205 0x16f7fb000 database_cache.cc:147] Loading images...
I20260925 18:09:11.601130 0x16f7fb000 database_cache.cc:236]  20 in 0.001s (loaded all 20)
I20260925 18:09:11.601140 0x16f7fb000 database_cache.cc:255] Loading pose priors...
I20260925 18:09:11.601153 0x16f7fb000 database_cache.cc:263]  0 in 0.000s
I20260925 18:09:11.601157 0x16f7fb000 database_cache.cc:271] Building correspondence graph...
I20260925 18:09:11.601652 0x16f7fb000 database_cache.cc:300]  in 0.001s (ignored 0)
I20260925 18:09:11.601674 0x16f7fb000 timer.cc:90] Elapsed time: 0.000 [minutes]
I20260925 18:09:11.603658 0x16f7fb000 official_bundle_adjustment_ceres.cc:1648] [AETHER gravity] injected 19/20 roll/pitch anchors, sigma_rad=0.00872665
I20260925 18:09:11.647409 0x16f7fb000 official_bundle_adjustment_ceres.cc:1137] [AETHER] solver_used=DENSE_SCHUR sparse_backend=EIGEN_SPARSE dense_backend=EIGEN mixed=0 threads=1
W20260925 18:09:11.648237 0x16f7fb000 official_aether_sfm_c.cc:9530] [frame-loss] before=20 after=20 lost_zero_obs=0 lost_with_obs=0 |
W20260925 18:09:11.648458 0x16f7fb000 official_aether_sfm_c.cc:9614] [aether_sfm] finalize worker: cache_pre=1ms enrich=344ms stage1=142ms (ok, rounds=5) stage2=50ms (rounds<=1) temporal=0ms upgrade=0ms total=396ms
W20260925 18:09:11.648674 0x16f7fb000 official_aether_sfm_c.cc:9643] [aether_sfm] delivered-point provenance: live-created=1267 official-retriangulated=72 live-dropped-by-official-filtering=122 (live model had 1389; capture-time official TriangulateImage added 0 obs)
W20260925 18:09:11.648773 0x16f7fb000 official_aether_sfm_c.cc:8066] [device-align-v1] status=aligned pairs=20 inliers=20 max_error_m=0.111819 scale=1.04655 centre_err_median_m=0.0181584 centre_err_max_m=0.0373862 outliers=0
W20260925 18:09:11.674364 0x1fecf6080 official_aether_sfm_c.cc:13097] [aether_sfm] deliver-filter(get_points_tracked): kept 1269/1339 (min_tri_angle=3deg, mirror_ghost=0, isolated_floater=11, killed_union=11)
[pwofficial_gpu_match_dawn] device lost #1 reason=2 rc=8: Device was destroyed.
        1.93 real         0.65 user         0.29 sys
           118374400  maximum resident set size
                   0  average shared memory size
                   0  average unshared data size
                   0  average unshared stack size
               33952  page reclaims
                  40  page faults
                   0  swaps
                   0  block input operations
                   0  block output operations
                   0  messages sent
                   0  messages received
                   0  signals received
                  35  voluntary context switches
               17321  involuntary context switches
          8694482341  instructions retired
          2900799615  cycles elapsed
           304235192  peak memory footprint
