I20260715 00:45:57.516495 0x1fb6b2080 incremental_pipeline.cc:265] Loading database
I20260715 00:45:57.516979 0x1fb6b2080 database_cache.cc:72] Loading rigs...
I20260715 00:45:57.516988 0x1fb6b2080 database_cache.cc:82]  0 in 0.000s
I20260715 00:45:57.516994 0x1fb6b2080 database_cache.cc:90] Loading cameras...
I20260715 00:45:57.517015 0x1fb6b2080 database_cache.cc:108]  1 in 0.000s
I20260715 00:45:57.517020 0x1fb6b2080 database_cache.cc:116] Loading frames...
I20260715 00:45:57.517026 0x1fb6b2080 database_cache.cc:126]  0 in 0.000s
I20260715 00:45:57.517030 0x1fb6b2080 database_cache.cc:134] Loading matches...
I20260715 00:45:57.517392 0x1fb6b2080 database_cache.cc:139]  188 in 0.000s
I20260715 00:45:57.517396 0x1fb6b2080 database_cache.cc:147] Loading images...
I20260715 00:45:57.519029 0x1fb6b2080 database_cache.cc:236]  20 in 0.002s (loaded all 20)
I20260715 00:45:57.519037 0x1fb6b2080 database_cache.cc:255] Loading pose priors...
I20260715 00:45:57.519045 0x1fb6b2080 database_cache.cc:263]  0 in 0.000s
I20260715 00:45:57.519049 0x1fb6b2080 database_cache.cc:271] Building correspondence graph...
I20260715 00:45:57.524131 0x1fb6b2080 database_cache.cc:300]  in 0.005s (ignored 0)
I20260715 00:45:57.524147 0x1fb6b2080 timer.cc:90] Elapsed time: 0.000 [minutes]
I20260715 00:45:57.526618 0x1fb6b2080 incremental_pipeline.cc:746] Iterative triangulation
I20260715 00:45:57.526628 0x1fb6b2080 incremental_pipeline.cc:751] Triangulating image #1 (0)
I20260715 00:45:57.526632 0x1fb6b2080 incremental_pipeline.cc:754] => Image sees 0 / 2771 points
I20260715 00:45:57.550365 0x1fb6b2080 incremental_pipeline.cc:751] Triangulating image #2 (1)
I20260715 00:45:57.550387 0x1fb6b2080 incremental_pipeline.cc:754] => Image sees 235 / 3650 points
I20260715 00:45:57.567012 0x1fb6b2080 incremental_pipeline.cc:751] Triangulating image #3 (2)
I20260715 00:45:57.567029 0x1fb6b2080 incremental_pipeline.cc:754] => Image sees 1166 / 3835 points
I20260715 00:45:57.580404 0x1fb6b2080 incremental_pipeline.cc:751] Triangulating image #4 (3)
I20260715 00:45:57.580419 0x1fb6b2080 incremental_pipeline.cc:754] => Image sees 1716 / 3457 points
I20260715 00:45:57.588749 0x1fb6b2080 incremental_pipeline.cc:751] Triangulating image #5 (4)
I20260715 00:45:57.588763 0x1fb6b2080 incremental_pipeline.cc:754] => Image sees 1430 / 2796 points
I20260715 00:45:57.596328 0x1fb6b2080 incremental_pipeline.cc:751] Triangulating image #6 (5)
I20260715 00:45:57.596341 0x1fb6b2080 incremental_pipeline.cc:754] => Image sees 640 / 2509 points
I20260715 00:45:57.602980 0x1fb6b2080 incremental_pipeline.cc:751] Triangulating image #7 (6)
I20260715 00:45:57.602991 0x1fb6b2080 incremental_pipeline.cc:754] => Image sees 1060 / 2650 points
I20260715 00:45:57.608352 0x1fb6b2080 incremental_pipeline.cc:751] Triangulating image #8 (7)
I20260715 00:45:57.608361 0x1fb6b2080 incremental_pipeline.cc:754] => Image sees 1165 / 2765 points
I20260715 00:45:57.613888 0x1fb6b2080 incremental_pipeline.cc:751] Triangulating image #9 (8)
I20260715 00:45:57.613897 0x1fb6b2080 incremental_pipeline.cc:754] => Image sees 1274 / 2044 points
I20260715 00:45:57.615698 0x1fb6b2080 incremental_pipeline.cc:751] Triangulating image #10 (9)
I20260715 00:45:57.615704 0x1fb6b2080 incremental_pipeline.cc:754] => Image sees 829 / 2371 points
I20260715 00:45:57.618353 0x1fb6b2080 incremental_pipeline.cc:751] Triangulating image #11 (10)
I20260715 00:45:57.618359 0x1fb6b2080 incremental_pipeline.cc:754] => Image sees 1897 / 2786 points
I20260715 00:45:57.619756 0x1fb6b2080 incremental_pipeline.cc:751] Triangulating image #12 (11)
I20260715 00:45:57.619761 0x1fb6b2080 incremental_pipeline.cc:754] => Image sees 1612 / 2393 points
I20260715 00:45:57.620767 0x1fb6b2080 incremental_pipeline.cc:751] Triangulating image #13 (12)
I20260715 00:45:57.620772 0x1fb6b2080 incremental_pipeline.cc:754] => Image sees 1068 / 1979 points
I20260715 00:45:57.622275 0x1fb6b2080 incremental_pipeline.cc:751] Triangulating image #14 (13)
I20260715 00:45:57.622279 0x1fb6b2080 incremental_pipeline.cc:754] => Image sees 671 / 2211 points
I20260715 00:45:57.625862 0x1fb6b2080 incremental_pipeline.cc:751] Triangulating image #15 (14)
I20260715 00:45:57.625903 0x1fb6b2080 incremental_pipeline.cc:754] => Image sees 1558 / 2951 points
I20260715 00:45:57.628864 0x1fb6b2080 incremental_pipeline.cc:751] Triangulating image #16 (15)
I20260715 00:45:57.628868 0x1fb6b2080 incremental_pipeline.cc:754] => Image sees 1108 / 2192 points
I20260715 00:45:57.631261 0x1fb6b2080 incremental_pipeline.cc:751] Triangulating image #17 (16)
I20260715 00:45:57.631265 0x1fb6b2080 incremental_pipeline.cc:754] => Image sees 880 / 2164 points
I20260715 00:45:57.634013 0x1fb6b2080 incremental_pipeline.cc:751] Triangulating image #18 (17)
I20260715 00:45:57.634017 0x1fb6b2080 incremental_pipeline.cc:754] => Image sees 1140 / 2330 points
I20260715 00:45:57.636497 0x1fb6b2080 incremental_pipeline.cc:751] Triangulating image #19 (18)
I20260715 00:45:57.636501 0x1fb6b2080 incremental_pipeline.cc:754] => Image sees 1095 / 2455 points
I20260715 00:45:57.638738 0x1fb6b2080 incremental_pipeline.cc:751] Triangulating image #20 (19)
I20260715 00:45:57.638742 0x1fb6b2080 incremental_pipeline.cc:754] => Image sees 1685 / 2556 points
I20260715 00:45:57.640047 0x1fb6b2080 incremental_pipeline.cc:763] Retriangulation and Global bundle adjustment
I20260715 00:45:57.780966 0x1fb6b2080 incremental_pipeline.cc:774] Extracting colors
W20260715 00:45:57.781018 0x1fb6b2080 reconstruction.cc:1124] Could not read image frame_000000.jpg at path "./frame_000000.jpg"
W20260715 00:45:57.781181 0x1fb6b2080 reconstruction.cc:1124] Could not read image frame_000001.jpg at path "./frame_000001.jpg"
W20260715 00:45:57.781189 0x1fb6b2080 reconstruction.cc:1124] Could not read image frame_000002.jpg at path "./frame_000002.jpg"
W20260715 00:45:57.781196 0x1fb6b2080 reconstruction.cc:1124] Could not read image frame_000003.jpg at path "./frame_000003.jpg"
W20260715 00:45:57.781203 0x1fb6b2080 reconstruction.cc:1124] Could not read image frame_000004.jpg at path "./frame_000004.jpg"
W20260715 00:45:57.781210 0x1fb6b2080 reconstruction.cc:1124] Could not read image frame_000005.jpg at path "./frame_000005.jpg"
W20260715 00:45:57.781216 0x1fb6b2080 reconstruction.cc:1124] Could not read image frame_000006.jpg at path "./frame_000006.jpg"
W20260715 00:45:57.781222 0x1fb6b2080 reconstruction.cc:1124] Could not read image frame_000007.jpg at path "./frame_000007.jpg"
W20260715 00:45:57.781228 0x1fb6b2080 reconstruction.cc:1124] Could not read image frame_000008.jpg at path "./frame_000008.jpg"
W20260715 00:45:57.781234 0x1fb6b2080 reconstruction.cc:1124] Could not read image frame_000009.jpg at path "./frame_000009.jpg"
W20260715 00:45:57.781239 0x1fb6b2080 reconstruction.cc:1124] Could not read image frame_000010.jpg at path "./frame_000010.jpg"
W20260715 00:45:57.781245 0x1fb6b2080 reconstruction.cc:1124] Could not read image frame_000011.jpg at path "./frame_000011.jpg"
W20260715 00:45:57.781250 0x1fb6b2080 reconstruction.cc:1124] Could not read image frame_000012.jpg at path "./frame_000012.jpg"
W20260715 00:45:57.781256 0x1fb6b2080 reconstruction.cc:1124] Could not read image frame_000013.jpg at path "./frame_000013.jpg"
W20260715 00:45:57.781262 0x1fb6b2080 reconstruction.cc:1124] Could not read image frame_000014.jpg at path "./frame_000014.jpg"
W20260715 00:45:57.781267 0x1fb6b2080 reconstruction.cc:1124] Could not read image frame_000015.jpg at path "./frame_000015.jpg"
W20260715 00:45:57.781273 0x1fb6b2080 reconstruction.cc:1124] Could not read image frame_000016.jpg at path "./frame_000016.jpg"
W20260715 00:45:57.781279 0x1fb6b2080 reconstruction.cc:1124] Could not read image frame_000017.jpg at path "./frame_000017.jpg"
W20260715 00:45:57.781284 0x1fb6b2080 reconstruction.cc:1124] Could not read image frame_000018.jpg at path "./frame_000018.jpg"
W20260715 00:45:57.781290 0x1fb6b2080 reconstruction.cc:1124] Could not read image frame_000019.jpg at path "./frame_000019.jpg"
I20260715 00:45:57.823629 0x1fb6b2080 incremental_pipeline.cc:265] Loading database
I20260715 00:45:57.823656 0x1fb6b2080 database_cache.cc:72] Loading rigs...
I20260715 00:45:57.823821 0x1fb6b2080 database_cache.cc:82]  0 in 0.000s
I20260715 00:45:57.823830 0x1fb6b2080 database_cache.cc:90] Loading cameras...
I20260715 00:45:57.823856 0x1fb6b2080 database_cache.cc:108]  1 in 0.000s
I20260715 00:45:57.823861 0x1fb6b2080 database_cache.cc:116] Loading frames...
I20260715 00:45:57.823868 0x1fb6b2080 database_cache.cc:126]  0 in 0.000s
I20260715 00:45:57.823872 0x1fb6b2080 database_cache.cc:134] Loading matches...
I20260715 00:45:57.824204 0x1fb6b2080 database_cache.cc:139]  188 in 0.000s
I20260715 00:45:57.824210 0x1fb6b2080 database_cache.cc:147] Loading images...
I20260715 00:45:57.825502 0x1fb6b2080 database_cache.cc:236]  20 in 0.001s (loaded all 20)
I20260715 00:45:57.825507 0x1fb6b2080 database_cache.cc:255] Loading pose priors...
I20260715 00:45:57.825513 0x1fb6b2080 database_cache.cc:263]  0 in 0.000s
I20260715 00:45:57.825516 0x1fb6b2080 database_cache.cc:271] Building correspondence graph...
I20260715 00:45:57.830154 0x1fb6b2080 database_cache.cc:300]  in 0.005s (ignored 0)
I20260715 00:45:57.830160 0x1fb6b2080 timer.cc:90] Elapsed time: 0.000 [minutes]
I20260715 00:45:57.831720 0x1fb6b2080 incremental_pipeline.cc:746] Iterative triangulation
I20260715 00:45:57.831730 0x1fb6b2080 incremental_pipeline.cc:751] Triangulating image #1 (0)
I20260715 00:45:57.831734 0x1fb6b2080 incremental_pipeline.cc:754] => Image sees 0 / 2771 points
I20260715 00:45:57.853008 0x1fb6b2080 incremental_pipeline.cc:751] Triangulating image #2 (1)
I20260715 00:45:57.853013 0x1fb6b2080 incremental_pipeline.cc:754] => Image sees 235 / 3650 points
I20260715 00:45:57.868584 0x1fb6b2080 incremental_pipeline.cc:751] Triangulating image #3 (2)
I20260715 00:45:57.868588 0x1fb6b2080 incremental_pipeline.cc:754] => Image sees 1166 / 3835 points
I20260715 00:45:57.881329 0x1fb6b2080 incremental_pipeline.cc:751] Triangulating image #4 (3)
I20260715 00:45:57.881334 0x1fb6b2080 incremental_pipeline.cc:754] => Image sees 1716 / 3457 points
I20260715 00:45:57.889165 0x1fb6b2080 incremental_pipeline.cc:751] Triangulating image #5 (4)
I20260715 00:45:57.889169 0x1fb6b2080 incremental_pipeline.cc:754] => Image sees 1430 / 2796 points
I20260715 00:45:57.895964 0x1fb6b2080 incremental_pipeline.cc:751] Triangulating image #6 (5)
I20260715 00:45:57.895968 0x1fb6b2080 incremental_pipeline.cc:754] => Image sees 640 / 2509 points
I20260715 00:45:57.901850 0x1fb6b2080 incremental_pipeline.cc:751] Triangulating image #7 (6)
I20260715 00:45:57.901855 0x1fb6b2080 incremental_pipeline.cc:754] => Image sees 1060 / 2650 points
I20260715 00:45:57.906669 0x1fb6b2080 incremental_pipeline.cc:751] Triangulating image #8 (7)
I20260715 00:45:57.906673 0x1fb6b2080 incremental_pipeline.cc:754] => Image sees 1165 / 2765 points
I20260715 00:45:57.911630 0x1fb6b2080 incremental_pipeline.cc:751] Triangulating image #9 (8)
I20260715 00:45:57.911634 0x1fb6b2080 incremental_pipeline.cc:754] => Image sees 1274 / 2044 points
I20260715 00:45:57.913226 0x1fb6b2080 incremental_pipeline.cc:751] Triangulating image #10 (9)
I20260715 00:45:57.913230 0x1fb6b2080 incremental_pipeline.cc:754] => Image sees 829 / 2371 points
I20260715 00:45:57.915819 0x1fb6b2080 incremental_pipeline.cc:751] Triangulating image #11 (10)
I20260715 00:45:57.915822 0x1fb6b2080 incremental_pipeline.cc:754] => Image sees 1897 / 2786 points
I20260715 00:45:57.917182 0x1fb6b2080 incremental_pipeline.cc:751] Triangulating image #12 (11)
I20260715 00:45:57.917186 0x1fb6b2080 incremental_pipeline.cc:754] => Image sees 1612 / 2393 points
I20260715 00:45:57.918161 0x1fb6b2080 incremental_pipeline.cc:751] Triangulating image #13 (12)
I20260715 00:45:57.918164 0x1fb6b2080 incremental_pipeline.cc:754] => Image sees 1068 / 1979 points
I20260715 00:45:57.919604 0x1fb6b2080 incremental_pipeline.cc:751] Triangulating image #14 (13)
I20260715 00:45:57.919607 0x1fb6b2080 incremental_pipeline.cc:754] => Image sees 671 / 2211 points
I20260715 00:45:57.923104 0x1fb6b2080 incremental_pipeline.cc:751] Triangulating image #15 (14)
I20260715 00:45:57.923108 0x1fb6b2080 incremental_pipeline.cc:754] => Image sees 1558 / 2951 points
I20260715 00:45:57.926049 0x1fb6b2080 incremental_pipeline.cc:751] Triangulating image #16 (15)
I20260715 00:45:57.926070 0x1fb6b2080 incremental_pipeline.cc:754] => Image sees 1108 / 2192 points
I20260715 00:45:57.928440 0x1fb6b2080 incremental_pipeline.cc:751] Triangulating image #17 (16)
I20260715 00:45:57.928443 0x1fb6b2080 incremental_pipeline.cc:754] => Image sees 880 / 2164 points
I20260715 00:45:57.931146 0x1fb6b2080 incremental_pipeline.cc:751] Triangulating image #18 (17)
I20260715 00:45:57.931150 0x1fb6b2080 incremental_pipeline.cc:754] => Image sees 1140 / 2330 points
I20260715 00:45:57.933602 0x1fb6b2080 incremental_pipeline.cc:751] Triangulating image #19 (18)
I20260715 00:45:57.933605 0x1fb6b2080 incremental_pipeline.cc:754] => Image sees 1095 / 2455 points
I20260715 00:45:57.935830 0x1fb6b2080 incremental_pipeline.cc:751] Triangulating image #20 (19)
I20260715 00:45:57.935834 0x1fb6b2080 incremental_pipeline.cc:754] => Image sees 1685 / 2556 points
I20260715 00:45:57.937121 0x1fb6b2080 incremental_pipeline.cc:763] Retriangulation and Global bundle adjustment
I20260715 00:45:58.197055 0x1fb6b2080 incremental_pipeline.cc:774] Extracting colors
W20260715 00:45:58.197101 0x1fb6b2080 reconstruction.cc:1124] Could not read image frame_000000.jpg at path "./frame_000000.jpg"
W20260715 00:45:58.197116 0x1fb6b2080 reconstruction.cc:1124] Could not read image frame_000001.jpg at path "./frame_000001.jpg"
W20260715 00:45:58.197125 0x1fb6b2080 reconstruction.cc:1124] Could not read image frame_000002.jpg at path "./frame_000002.jpg"
W20260715 00:45:58.197132 0x1fb6b2080 reconstruction.cc:1124] Could not read image frame_000003.jpg at path "./frame_000003.jpg"
W20260715 00:45:58.197140 0x1fb6b2080 reconstruction.cc:1124] Could not read image frame_000004.jpg at path "./frame_000004.jpg"
W20260715 00:45:58.197147 0x1fb6b2080 reconstruction.cc:1124] Could not read image frame_000005.jpg at path "./frame_000005.jpg"
W20260715 00:45:58.197153 0x1fb6b2080 reconstruction.cc:1124] Could not read image frame_000006.jpg at path "./frame_000006.jpg"
W20260715 00:45:58.197160 0x1fb6b2080 reconstruction.cc:1124] Could not read image frame_000007.jpg at path "./frame_000007.jpg"
W20260715 00:45:58.197167 0x1fb6b2080 reconstruction.cc:1124] Could not read image frame_000008.jpg at path "./frame_000008.jpg"
W20260715 00:45:58.197174 0x1fb6b2080 reconstruction.cc:1124] Could not read image frame_000009.jpg at path "./frame_000009.jpg"
W20260715 00:45:58.197180 0x1fb6b2080 reconstruction.cc:1124] Could not read image frame_000010.jpg at path "./frame_000010.jpg"
W20260715 00:45:58.197218 0x1fb6b2080 reconstruction.cc:1124] Could not read image frame_000011.jpg at path "./frame_000011.jpg"
W20260715 00:45:58.197225 0x1fb6b2080 reconstruction.cc:1124] Could not read image frame_000012.jpg at path "./frame_000012.jpg"
W20260715 00:45:58.197232 0x1fb6b2080 reconstruction.cc:1124] Could not read image frame_000013.jpg at path "./frame_000013.jpg"
W20260715 00:45:58.197238 0x1fb6b2080 reconstruction.cc:1124] Could not read image frame_000014.jpg at path "./frame_000014.jpg"
W20260715 00:45:58.197244 0x1fb6b2080 reconstruction.cc:1124] Could not read image frame_000015.jpg at path "./frame_000015.jpg"
W20260715 00:45:58.197250 0x1fb6b2080 reconstruction.cc:1124] Could not read image frame_000016.jpg at path "./frame_000016.jpg"
W20260715 00:45:58.197256 0x1fb6b2080 reconstruction.cc:1124] Could not read image frame_000017.jpg at path "./frame_000017.jpg"
W20260715 00:45:58.197262 0x1fb6b2080 reconstruction.cc:1124] Could not read image frame_000018.jpg at path "./frame_000018.jpg"
W20260715 00:45:58.197268 0x1fb6b2080 reconstruction.cc:1124] Could not read image frame_000019.jpg at path "./frame_000019.jpg"
I20260715 00:45:58.236227 0x1fb6b2080 incremental_pipeline.cc:265] Loading database
I20260715 00:45:58.236256 0x1fb6b2080 database_cache.cc:72] Loading rigs...
I20260715 00:45:58.236266 0x1fb6b2080 database_cache.cc:82]  0 in 0.000s
I20260715 00:45:58.236273 0x1fb6b2080 database_cache.cc:90] Loading cameras...
I20260715 00:45:58.236295 0x1fb6b2080 database_cache.cc:108]  1 in 0.000s
I20260715 00:45:58.236316 0x1fb6b2080 database_cache.cc:116] Loading frames...
I20260715 00:45:58.236323 0x1fb6b2080 database_cache.cc:126]  0 in 0.000s
I20260715 00:45:58.236329 0x1fb6b2080 database_cache.cc:134] Loading matches...
I20260715 00:45:58.236635 0x1fb6b2080 database_cache.cc:139]  188 in 0.000s
I20260715 00:45:58.236644 0x1fb6b2080 database_cache.cc:147] Loading images...
I20260715 00:45:58.237988 0x1fb6b2080 database_cache.cc:236]  20 in 0.001s (loaded all 20)
I20260715 00:45:58.237994 0x1fb6b2080 database_cache.cc:255] Loading pose priors...
I20260715 00:45:58.238000 0x1fb6b2080 database_cache.cc:263]  0 in 0.000s
I20260715 00:45:58.238003 0x1fb6b2080 database_cache.cc:271] Building correspondence graph...
I20260715 00:45:58.242640 0x1fb6b2080 database_cache.cc:300]  in 0.005s (ignored 0)
I20260715 00:45:58.242645 0x1fb6b2080 timer.cc:90] Elapsed time: 0.000 [minutes]
I20260715 00:45:58.244363 0x1fb6b2080 incremental_pipeline.cc:746] Iterative triangulation
I20260715 00:45:58.244374 0x1fb6b2080 incremental_pipeline.cc:751] Triangulating image #1 (0)
I20260715 00:45:58.244378 0x1fb6b2080 incremental_pipeline.cc:754] => Image sees 0 / 2771 points
I20260715 00:45:58.265847 0x1fb6b2080 incremental_pipeline.cc:751] Triangulating image #2 (1)
I20260715 00:45:58.265852 0x1fb6b2080 incremental_pipeline.cc:754] => Image sees 235 / 3650 points
I20260715 00:45:58.281297 0x1fb6b2080 incremental_pipeline.cc:751] Triangulating image #3 (2)
I20260715 00:45:58.281302 0x1fb6b2080 incremental_pipeline.cc:754] => Image sees 1166 / 3835 points
I20260715 00:45:58.294066 0x1fb6b2080 incremental_pipeline.cc:751] Triangulating image #4 (3)
I20260715 00:45:58.294071 0x1fb6b2080 incremental_pipeline.cc:754] => Image sees 1716 / 3457 points
I20260715 00:45:58.301918 0x1fb6b2080 incremental_pipeline.cc:751] Triangulating image #5 (4)
I20260715 00:45:58.301922 0x1fb6b2080 incremental_pipeline.cc:754] => Image sees 1430 / 2796 points
I20260715 00:45:58.308739 0x1fb6b2080 incremental_pipeline.cc:751] Triangulating image #6 (5)
I20260715 00:45:58.308743 0x1fb6b2080 incremental_pipeline.cc:754] => Image sees 640 / 2509 points
I20260715 00:45:58.314686 0x1fb6b2080 incremental_pipeline.cc:751] Triangulating image #7 (6)
I20260715 00:45:58.314690 0x1fb6b2080 incremental_pipeline.cc:754] => Image sees 1060 / 2650 points
I20260715 00:45:58.319571 0x1fb6b2080 incremental_pipeline.cc:751] Triangulating image #8 (7)
I20260715 00:45:58.319574 0x1fb6b2080 incremental_pipeline.cc:754] => Image sees 1165 / 2765 points
I20260715 00:45:58.324608 0x1fb6b2080 incremental_pipeline.cc:751] Triangulating image #9 (8)
I20260715 00:45:58.324612 0x1fb6b2080 incremental_pipeline.cc:754] => Image sees 1274 / 2044 points
I20260715 00:45:58.326279 0x1fb6b2080 incremental_pipeline.cc:751] Triangulating image #10 (9)
I20260715 00:45:58.326282 0x1fb6b2080 incremental_pipeline.cc:754] => Image sees 829 / 2371 points
I20260715 00:45:58.329016 0x1fb6b2080 incremental_pipeline.cc:751] Triangulating image #11 (10)
I20260715 00:45:58.329020 0x1fb6b2080 incremental_pipeline.cc:754] => Image sees 1897 / 2786 points
I20260715 00:45:58.330459 0x1fb6b2080 incremental_pipeline.cc:751] Triangulating image #12 (11)
I20260715 00:45:58.330462 0x1fb6b2080 incremental_pipeline.cc:754] => Image sees 1612 / 2393 points
I20260715 00:45:58.331501 0x1fb6b2080 incremental_pipeline.cc:751] Triangulating image #13 (12)
I20260715 00:45:58.331504 0x1fb6b2080 incremental_pipeline.cc:754] => Image sees 1068 / 1979 points
I20260715 00:45:58.333023 0x1fb6b2080 incremental_pipeline.cc:751] Triangulating image #14 (13)
I20260715 00:45:58.333027 0x1fb6b2080 incremental_pipeline.cc:754] => Image sees 671 / 2211 points
I20260715 00:45:58.336634 0x1fb6b2080 incremental_pipeline.cc:751] Triangulating image #15 (14)
I20260715 00:45:58.336637 0x1fb6b2080 incremental_pipeline.cc:754] => Image sees 1558 / 2951 points
I20260715 00:45:58.339635 0x1fb6b2080 incremental_pipeline.cc:751] Triangulating image #16 (15)
I20260715 00:45:58.339639 0x1fb6b2080 incremental_pipeline.cc:754] => Image sees 1108 / 2192 points
I20260715 00:45:58.342122 0x1fb6b2080 incremental_pipeline.cc:751] Triangulating image #17 (16)
I20260715 00:45:58.342127 0x1fb6b2080 incremental_pipeline.cc:754] => Image sees 880 / 2164 points
I20260715 00:45:58.344918 0x1fb6b2080 incremental_pipeline.cc:751] Triangulating image #18 (17)
I20260715 00:45:58.344922 0x1fb6b2080 incremental_pipeline.cc:754] => Image sees 1140 / 2330 points
I20260715 00:45:58.347424 0x1fb6b2080 incremental_pipeline.cc:751] Triangulating image #19 (18)
I20260715 00:45:58.347428 0x1fb6b2080 incremental_pipeline.cc:754] => Image sees 1095 / 2455 points
I20260715 00:45:58.349698 0x1fb6b2080 incremental_pipeline.cc:751] Triangulating image #20 (19)
I20260715 00:45:58.349701 0x1fb6b2080 incremental_pipeline.cc:754] => Image sees 1685 / 2556 points
I20260715 00:45:58.351024 0x1fb6b2080 incremental_pipeline.cc:763] Retriangulation and Global bundle adjustment
I20260715 00:45:58.628414 0x1fb6b2080 incremental_pipeline.cc:774] Extracting colors
W20260715 00:45:58.628452 0x1fb6b2080 reconstruction.cc:1124] Could not read image frame_000000.jpg at path "./frame_000000.jpg"
W20260715 00:45:58.628465 0x1fb6b2080 reconstruction.cc:1124] Could not read image frame_000001.jpg at path "./frame_000001.jpg"
W20260715 00:45:58.628473 0x1fb6b2080 reconstruction.cc:1124] Could not read image frame_000002.jpg at path "./frame_000002.jpg"
W20260715 00:45:58.628481 0x1fb6b2080 reconstruction.cc:1124] Could not read image frame_000003.jpg at path "./frame_000003.jpg"
W20260715 00:45:58.628488 0x1fb6b2080 reconstruction.cc:1124] Could not read image frame_000004.jpg at path "./frame_000004.jpg"
W20260715 00:45:58.628494 0x1fb6b2080 reconstruction.cc:1124] Could not read image frame_000005.jpg at path "./frame_000005.jpg"
W20260715 00:45:58.628500 0x1fb6b2080 reconstruction.cc:1124] Could not read image frame_000006.jpg at path "./frame_000006.jpg"
W20260715 00:45:58.628507 0x1fb6b2080 reconstruction.cc:1124] Could not read image frame_000007.jpg at path "./frame_000007.jpg"
W20260715 00:45:58.628513 0x1fb6b2080 reconstruction.cc:1124] Could not read image frame_000008.jpg at path "./frame_000008.jpg"
W20260715 00:45:58.628519 0x1fb6b2080 reconstruction.cc:1124] Could not read image frame_000009.jpg at path "./frame_000009.jpg"
W20260715 00:45:58.628525 0x1fb6b2080 reconstruction.cc:1124] Could not read image frame_000010.jpg at path "./frame_000010.jpg"
W20260715 00:45:58.628531 0x1fb6b2080 reconstruction.cc:1124] Could not read image frame_000011.jpg at path "./frame_000011.jpg"
W20260715 00:45:58.628537 0x1fb6b2080 reconstruction.cc:1124] Could not read image frame_000012.jpg at path "./frame_000012.jpg"
W20260715 00:45:58.628543 0x1fb6b2080 reconstruction.cc:1124] Could not read image frame_000013.jpg at path "./frame_000013.jpg"
W20260715 00:45:58.628549 0x1fb6b2080 reconstruction.cc:1124] Could not read image frame_000014.jpg at path "./frame_000014.jpg"
W20260715 00:45:58.628555 0x1fb6b2080 reconstruction.cc:1124] Could not read image frame_000015.jpg at path "./frame_000015.jpg"
W20260715 00:45:58.628561 0x1fb6b2080 reconstruction.cc:1124] Could not read image frame_000016.jpg at path "./frame_000016.jpg"
W20260715 00:45:58.628566 0x1fb6b2080 reconstruction.cc:1124] Could not read image frame_000017.jpg at path "./frame_000017.jpg"
W20260715 00:45:58.628572 0x1fb6b2080 reconstruction.cc:1124] Could not read image frame_000018.jpg at path "./frame_000018.jpg"
W20260715 00:45:58.628578 0x1fb6b2080 reconstruction.cc:1124] Could not read image frame_000019.jpg at path "./frame_000019.jpg"
real 1.46
user 1.53
sys 1.54
           148766720  maximum resident set size
                   0  average shared memory size
                   0  average unshared data size
                   0  average unshared stack size
                9340  page reclaims
                1391  page faults
                   0  swaps
                   0  block input operations
                   0  block output operations
                   0  messages sent
                   0  messages received
                   0  signals received
                 667  voluntary context switches
               61064  involuntary context switches
         18225317500  instructions retired
         10570144795  cycles elapsed
           109544000  peak memory footprint
