I20260715 00:45:11.336216 0x1fb6b2080 incremental_pipeline.cc:265] Loading database
I20260715 00:45:11.336435 0x1fb6b2080 database_cache.cc:72] Loading rigs...
I20260715 00:45:11.336446 0x1fb6b2080 database_cache.cc:82]  0 in 0.000s
I20260715 00:45:11.336452 0x1fb6b2080 database_cache.cc:90] Loading cameras...
I20260715 00:45:11.336473 0x1fb6b2080 database_cache.cc:108]  1 in 0.000s
I20260715 00:45:11.336478 0x1fb6b2080 database_cache.cc:116] Loading frames...
I20260715 00:45:11.336483 0x1fb6b2080 database_cache.cc:126]  0 in 0.000s
I20260715 00:45:11.336487 0x1fb6b2080 database_cache.cc:134] Loading matches...
I20260715 00:45:11.336872 0x1fb6b2080 database_cache.cc:139]  188 in 0.000s
I20260715 00:45:11.336877 0x1fb6b2080 database_cache.cc:147] Loading images...
I20260715 00:45:11.338280 0x1fb6b2080 database_cache.cc:236]  20 in 0.001s (loaded all 20)
I20260715 00:45:11.338287 0x1fb6b2080 database_cache.cc:255] Loading pose priors...
I20260715 00:45:11.338295 0x1fb6b2080 database_cache.cc:263]  0 in 0.000s
I20260715 00:45:11.338300 0x1fb6b2080 database_cache.cc:271] Building correspondence graph...
I20260715 00:45:11.343623 0x1fb6b2080 database_cache.cc:300]  in 0.005s (ignored 0)
I20260715 00:45:11.343643 0x1fb6b2080 timer.cc:90] Elapsed time: 0.000 [minutes]
I20260715 00:45:11.345837 0x1fb6b2080 incremental_pipeline.cc:746] Iterative triangulation
I20260715 00:45:11.345846 0x1fb6b2080 incremental_pipeline.cc:751] Triangulating image #1 (0)
I20260715 00:45:11.345850 0x1fb6b2080 incremental_pipeline.cc:754] => Image sees 0 / 2771 points
I20260715 00:45:11.370012 0x1fb6b2080 incremental_pipeline.cc:751] Triangulating image #2 (1)
I20260715 00:45:11.370031 0x1fb6b2080 incremental_pipeline.cc:754] => Image sees 235 / 3650 points
I20260715 00:45:11.387107 0x1fb6b2080 incremental_pipeline.cc:751] Triangulating image #3 (2)
I20260715 00:45:11.387123 0x1fb6b2080 incremental_pipeline.cc:754] => Image sees 1166 / 3835 points
I20260715 00:45:11.401080 0x1fb6b2080 incremental_pipeline.cc:751] Triangulating image #4 (3)
I20260715 00:45:11.401096 0x1fb6b2080 incremental_pipeline.cc:754] => Image sees 1716 / 3457 points
I20260715 00:45:11.409149 0x1fb6b2080 incremental_pipeline.cc:751] Triangulating image #5 (4)
I20260715 00:45:11.409155 0x1fb6b2080 incremental_pipeline.cc:754] => Image sees 1430 / 2796 points
I20260715 00:45:11.416010 0x1fb6b2080 incremental_pipeline.cc:751] Triangulating image #6 (5)
I20260715 00:45:11.416014 0x1fb6b2080 incremental_pipeline.cc:754] => Image sees 640 / 2509 points
I20260715 00:45:11.421935 0x1fb6b2080 incremental_pipeline.cc:751] Triangulating image #7 (6)
I20260715 00:45:11.421939 0x1fb6b2080 incremental_pipeline.cc:754] => Image sees 1060 / 2650 points
I20260715 00:45:11.426768 0x1fb6b2080 incremental_pipeline.cc:751] Triangulating image #8 (7)
I20260715 00:45:11.426773 0x1fb6b2080 incremental_pipeline.cc:754] => Image sees 1165 / 2765 points
I20260715 00:45:11.431738 0x1fb6b2080 incremental_pipeline.cc:751] Triangulating image #9 (8)
I20260715 00:45:11.431742 0x1fb6b2080 incremental_pipeline.cc:754] => Image sees 1274 / 2044 points
I20260715 00:45:11.433336 0x1fb6b2080 incremental_pipeline.cc:751] Triangulating image #10 (9)
I20260715 00:45:11.433340 0x1fb6b2080 incremental_pipeline.cc:754] => Image sees 829 / 2371 points
I20260715 00:45:11.435943 0x1fb6b2080 incremental_pipeline.cc:751] Triangulating image #11 (10)
I20260715 00:45:11.435947 0x1fb6b2080 incremental_pipeline.cc:754] => Image sees 1897 / 2786 points
I20260715 00:45:11.437322 0x1fb6b2080 incremental_pipeline.cc:751] Triangulating image #12 (11)
I20260715 00:45:11.437325 0x1fb6b2080 incremental_pipeline.cc:754] => Image sees 1612 / 2393 points
I20260715 00:45:11.438321 0x1fb6b2080 incremental_pipeline.cc:751] Triangulating image #13 (12)
I20260715 00:45:11.438324 0x1fb6b2080 incremental_pipeline.cc:754] => Image sees 1068 / 1979 points
I20260715 00:45:11.439781 0x1fb6b2080 incremental_pipeline.cc:751] Triangulating image #14 (13)
I20260715 00:45:11.439784 0x1fb6b2080 incremental_pipeline.cc:754] => Image sees 671 / 2211 points
I20260715 00:45:11.443351 0x1fb6b2080 incremental_pipeline.cc:751] Triangulating image #15 (14)
I20260715 00:45:11.443382 0x1fb6b2080 incremental_pipeline.cc:754] => Image sees 1558 / 2951 points
I20260715 00:45:11.446338 0x1fb6b2080 incremental_pipeline.cc:751] Triangulating image #16 (15)
I20260715 00:45:11.446342 0x1fb6b2080 incremental_pipeline.cc:754] => Image sees 1108 / 2192 points
I20260715 00:45:11.448761 0x1fb6b2080 incremental_pipeline.cc:751] Triangulating image #17 (16)
I20260715 00:45:11.448765 0x1fb6b2080 incremental_pipeline.cc:754] => Image sees 880 / 2164 points
I20260715 00:45:11.451511 0x1fb6b2080 incremental_pipeline.cc:751] Triangulating image #18 (17)
I20260715 00:45:11.451515 0x1fb6b2080 incremental_pipeline.cc:754] => Image sees 1140 / 2330 points
I20260715 00:45:11.453992 0x1fb6b2080 incremental_pipeline.cc:751] Triangulating image #19 (18)
I20260715 00:45:11.453996 0x1fb6b2080 incremental_pipeline.cc:754] => Image sees 1095 / 2455 points
I20260715 00:45:11.456240 0x1fb6b2080 incremental_pipeline.cc:751] Triangulating image #20 (19)
I20260715 00:45:11.456243 0x1fb6b2080 incremental_pipeline.cc:754] => Image sees 1685 / 2556 points
I20260715 00:45:11.457544 0x1fb6b2080 incremental_pipeline.cc:763] Retriangulation and Global bundle adjustment
I20260715 00:45:11.594430 0x1fb6b2080 incremental_pipeline.cc:774] Extracting colors
W20260715 00:45:11.594489 0x1fb6b2080 reconstruction.cc:1124] Could not read image frame_000000.jpg at path "./frame_000000.jpg"
W20260715 00:45:11.594652 0x1fb6b2080 reconstruction.cc:1124] Could not read image frame_000001.jpg at path "./frame_000001.jpg"
W20260715 00:45:11.594661 0x1fb6b2080 reconstruction.cc:1124] Could not read image frame_000002.jpg at path "./frame_000002.jpg"
W20260715 00:45:11.594669 0x1fb6b2080 reconstruction.cc:1124] Could not read image frame_000003.jpg at path "./frame_000003.jpg"
W20260715 00:45:11.594676 0x1fb6b2080 reconstruction.cc:1124] Could not read image frame_000004.jpg at path "./frame_000004.jpg"
W20260715 00:45:11.594683 0x1fb6b2080 reconstruction.cc:1124] Could not read image frame_000005.jpg at path "./frame_000005.jpg"
W20260715 00:45:11.594689 0x1fb6b2080 reconstruction.cc:1124] Could not read image frame_000006.jpg at path "./frame_000006.jpg"
W20260715 00:45:11.594695 0x1fb6b2080 reconstruction.cc:1124] Could not read image frame_000007.jpg at path "./frame_000007.jpg"
W20260715 00:45:11.594701 0x1fb6b2080 reconstruction.cc:1124] Could not read image frame_000008.jpg at path "./frame_000008.jpg"
W20260715 00:45:11.594707 0x1fb6b2080 reconstruction.cc:1124] Could not read image frame_000009.jpg at path "./frame_000009.jpg"
W20260715 00:45:11.594713 0x1fb6b2080 reconstruction.cc:1124] Could not read image frame_000010.jpg at path "./frame_000010.jpg"
W20260715 00:45:11.594720 0x1fb6b2080 reconstruction.cc:1124] Could not read image frame_000011.jpg at path "./frame_000011.jpg"
W20260715 00:45:11.594726 0x1fb6b2080 reconstruction.cc:1124] Could not read image frame_000012.jpg at path "./frame_000012.jpg"
W20260715 00:45:11.594731 0x1fb6b2080 reconstruction.cc:1124] Could not read image frame_000013.jpg at path "./frame_000013.jpg"
W20260715 00:45:11.594737 0x1fb6b2080 reconstruction.cc:1124] Could not read image frame_000014.jpg at path "./frame_000014.jpg"
W20260715 00:45:11.594743 0x1fb6b2080 reconstruction.cc:1124] Could not read image frame_000015.jpg at path "./frame_000015.jpg"
W20260715 00:45:11.594749 0x1fb6b2080 reconstruction.cc:1124] Could not read image frame_000016.jpg at path "./frame_000016.jpg"
W20260715 00:45:11.594755 0x1fb6b2080 reconstruction.cc:1124] Could not read image frame_000017.jpg at path "./frame_000017.jpg"
W20260715 00:45:11.594761 0x1fb6b2080 reconstruction.cc:1124] Could not read image frame_000018.jpg at path "./frame_000018.jpg"
W20260715 00:45:11.594767 0x1fb6b2080 reconstruction.cc:1124] Could not read image frame_000019.jpg at path "./frame_000019.jpg"
I20260715 00:45:11.623824 0x1fb6b2080 incremental_pipeline.cc:265] Loading database
I20260715 00:45:11.623847 0x1fb6b2080 database_cache.cc:72] Loading rigs...
I20260715 00:45:11.623871 0x1fb6b2080 database_cache.cc:82]  0 in 0.000s
I20260715 00:45:11.623879 0x1fb6b2080 database_cache.cc:90] Loading cameras...
I20260715 00:45:11.623905 0x1fb6b2080 database_cache.cc:108]  1 in 0.000s
I20260715 00:45:11.623911 0x1fb6b2080 database_cache.cc:116] Loading frames...
I20260715 00:45:11.623917 0x1fb6b2080 database_cache.cc:126]  0 in 0.000s
I20260715 00:45:11.623921 0x1fb6b2080 database_cache.cc:134] Loading matches...
I20260715 00:45:11.624293 0x1fb6b2080 database_cache.cc:139]  188 in 0.000s
I20260715 00:45:11.624299 0x1fb6b2080 database_cache.cc:147] Loading images...
I20260715 00:45:11.625666 0x1fb6b2080 database_cache.cc:236]  20 in 0.001s (loaded all 20)
I20260715 00:45:11.625671 0x1fb6b2080 database_cache.cc:255] Loading pose priors...
I20260715 00:45:11.625678 0x1fb6b2080 database_cache.cc:263]  0 in 0.000s
I20260715 00:45:11.625681 0x1fb6b2080 database_cache.cc:271] Building correspondence graph...
I20260715 00:45:11.630664 0x1fb6b2080 database_cache.cc:300]  in 0.005s (ignored 0)
I20260715 00:45:11.630671 0x1fb6b2080 timer.cc:90] Elapsed time: 0.000 [minutes]
I20260715 00:45:11.632330 0x1fb6b2080 incremental_pipeline.cc:746] Iterative triangulation
I20260715 00:45:11.632340 0x1fb6b2080 incremental_pipeline.cc:751] Triangulating image #1 (0)
I20260715 00:45:11.632345 0x1fb6b2080 incremental_pipeline.cc:754] => Image sees 0 / 2771 points
I20260715 00:45:11.654369 0x1fb6b2080 incremental_pipeline.cc:751] Triangulating image #2 (1)
I20260715 00:45:11.654374 0x1fb6b2080 incremental_pipeline.cc:754] => Image sees 235 / 3650 points
I20260715 00:45:11.670355 0x1fb6b2080 incremental_pipeline.cc:751] Triangulating image #3 (2)
I20260715 00:45:11.670360 0x1fb6b2080 incremental_pipeline.cc:754] => Image sees 1166 / 3835 points
I20260715 00:45:11.683751 0x1fb6b2080 incremental_pipeline.cc:751] Triangulating image #4 (3)
I20260715 00:45:11.683755 0x1fb6b2080 incremental_pipeline.cc:754] => Image sees 1716 / 3457 points
I20260715 00:45:11.691883 0x1fb6b2080 incremental_pipeline.cc:751] Triangulating image #5 (4)
I20260715 00:45:11.691887 0x1fb6b2080 incremental_pipeline.cc:754] => Image sees 1430 / 2796 points
I20260715 00:45:11.698934 0x1fb6b2080 incremental_pipeline.cc:751] Triangulating image #6 (5)
I20260715 00:45:11.698938 0x1fb6b2080 incremental_pipeline.cc:754] => Image sees 640 / 2509 points
I20260715 00:45:11.705195 0x1fb6b2080 incremental_pipeline.cc:751] Triangulating image #7 (6)
I20260715 00:45:11.705199 0x1fb6b2080 incremental_pipeline.cc:754] => Image sees 1060 / 2650 points
I20260715 00:45:11.710194 0x1fb6b2080 incremental_pipeline.cc:751] Triangulating image #8 (7)
I20260715 00:45:11.710198 0x1fb6b2080 incremental_pipeline.cc:754] => Image sees 1165 / 2765 points
I20260715 00:45:11.715500 0x1fb6b2080 incremental_pipeline.cc:751] Triangulating image #9 (8)
I20260715 00:45:11.715503 0x1fb6b2080 incremental_pipeline.cc:754] => Image sees 1274 / 2044 points
I20260715 00:45:11.717211 0x1fb6b2080 incremental_pipeline.cc:751] Triangulating image #10 (9)
I20260715 00:45:11.717214 0x1fb6b2080 incremental_pipeline.cc:754] => Image sees 829 / 2371 points
I20260715 00:45:11.719999 0x1fb6b2080 incremental_pipeline.cc:751] Triangulating image #11 (10)
I20260715 00:45:11.720003 0x1fb6b2080 incremental_pipeline.cc:754] => Image sees 1897 / 2786 points
I20260715 00:45:11.721470 0x1fb6b2080 incremental_pipeline.cc:751] Triangulating image #12 (11)
I20260715 00:45:11.721474 0x1fb6b2080 incremental_pipeline.cc:754] => Image sees 1612 / 2393 points
I20260715 00:45:11.722520 0x1fb6b2080 incremental_pipeline.cc:751] Triangulating image #13 (12)
I20260715 00:45:11.722524 0x1fb6b2080 incremental_pipeline.cc:754] => Image sees 1068 / 1979 points
I20260715 00:45:11.724071 0x1fb6b2080 incremental_pipeline.cc:751] Triangulating image #14 (13)
I20260715 00:45:11.724074 0x1fb6b2080 incremental_pipeline.cc:754] => Image sees 671 / 2211 points
I20260715 00:45:11.727795 0x1fb6b2080 incremental_pipeline.cc:751] Triangulating image #15 (14)
I20260715 00:45:11.727799 0x1fb6b2080 incremental_pipeline.cc:754] => Image sees 1558 / 2951 points
I20260715 00:45:11.730944 0x1fb6b2080 incremental_pipeline.cc:751] Triangulating image #16 (15)
I20260715 00:45:11.730960 0x1fb6b2080 incremental_pipeline.cc:754] => Image sees 1108 / 2192 points
I20260715 00:45:11.733391 0x1fb6b2080 incremental_pipeline.cc:751] Triangulating image #17 (16)
I20260715 00:45:11.733395 0x1fb6b2080 incremental_pipeline.cc:754] => Image sees 880 / 2164 points
I20260715 00:45:11.736266 0x1fb6b2080 incremental_pipeline.cc:751] Triangulating image #18 (17)
I20260715 00:45:11.736270 0x1fb6b2080 incremental_pipeline.cc:754] => Image sees 1140 / 2330 points
I20260715 00:45:11.738913 0x1fb6b2080 incremental_pipeline.cc:751] Triangulating image #19 (18)
I20260715 00:45:11.738917 0x1fb6b2080 incremental_pipeline.cc:754] => Image sees 1095 / 2455 points
I20260715 00:45:11.741310 0x1fb6b2080 incremental_pipeline.cc:751] Triangulating image #20 (19)
I20260715 00:45:11.741314 0x1fb6b2080 incremental_pipeline.cc:754] => Image sees 1685 / 2556 points
I20260715 00:45:11.742698 0x1fb6b2080 incremental_pipeline.cc:763] Retriangulation and Global bundle adjustment
I20260715 00:45:11.999015 0x1fb6b2080 incremental_pipeline.cc:774] Extracting colors
W20260715 00:45:11.999058 0x1fb6b2080 reconstruction.cc:1124] Could not read image frame_000000.jpg at path "./frame_000000.jpg"
W20260715 00:45:11.999071 0x1fb6b2080 reconstruction.cc:1124] Could not read image frame_000001.jpg at path "./frame_000001.jpg"
W20260715 00:45:11.999079 0x1fb6b2080 reconstruction.cc:1124] Could not read image frame_000002.jpg at path "./frame_000002.jpg"
W20260715 00:45:11.999086 0x1fb6b2080 reconstruction.cc:1124] Could not read image frame_000003.jpg at path "./frame_000003.jpg"
W20260715 00:45:11.999093 0x1fb6b2080 reconstruction.cc:1124] Could not read image frame_000004.jpg at path "./frame_000004.jpg"
W20260715 00:45:11.999099 0x1fb6b2080 reconstruction.cc:1124] Could not read image frame_000005.jpg at path "./frame_000005.jpg"
W20260715 00:45:11.999106 0x1fb6b2080 reconstruction.cc:1124] Could not read image frame_000006.jpg at path "./frame_000006.jpg"
W20260715 00:45:11.999112 0x1fb6b2080 reconstruction.cc:1124] Could not read image frame_000007.jpg at path "./frame_000007.jpg"
W20260715 00:45:11.999118 0x1fb6b2080 reconstruction.cc:1124] Could not read image frame_000008.jpg at path "./frame_000008.jpg"
W20260715 00:45:11.999124 0x1fb6b2080 reconstruction.cc:1124] Could not read image frame_000009.jpg at path "./frame_000009.jpg"
W20260715 00:45:11.999130 0x1fb6b2080 reconstruction.cc:1124] Could not read image frame_000010.jpg at path "./frame_000010.jpg"
W20260715 00:45:11.999160 0x1fb6b2080 reconstruction.cc:1124] Could not read image frame_000011.jpg at path "./frame_000011.jpg"
W20260715 00:45:11.999166 0x1fb6b2080 reconstruction.cc:1124] Could not read image frame_000012.jpg at path "./frame_000012.jpg"
W20260715 00:45:11.999172 0x1fb6b2080 reconstruction.cc:1124] Could not read image frame_000013.jpg at path "./frame_000013.jpg"
W20260715 00:45:11.999178 0x1fb6b2080 reconstruction.cc:1124] Could not read image frame_000014.jpg at path "./frame_000014.jpg"
W20260715 00:45:11.999184 0x1fb6b2080 reconstruction.cc:1124] Could not read image frame_000015.jpg at path "./frame_000015.jpg"
W20260715 00:45:11.999190 0x1fb6b2080 reconstruction.cc:1124] Could not read image frame_000016.jpg at path "./frame_000016.jpg"
W20260715 00:45:11.999196 0x1fb6b2080 reconstruction.cc:1124] Could not read image frame_000017.jpg at path "./frame_000017.jpg"
W20260715 00:45:11.999202 0x1fb6b2080 reconstruction.cc:1124] Could not read image frame_000018.jpg at path "./frame_000018.jpg"
W20260715 00:45:11.999208 0x1fb6b2080 reconstruction.cc:1124] Could not read image frame_000019.jpg at path "./frame_000019.jpg"
Traceback (most recent call last):
  File "/Users/kaidongwang/.config/superpowers/worktrees/pocketworld_research_benchmarks/pocketworld-repro-contract-20260714/experiments/camera_model_ab_2026-07-15/known_pose_camera_model_ab.py", line 269, in <module>
    raise SystemExit(main())
                     ^^^^^^
  File "/Users/kaidongwang/.config/superpowers/worktrees/pocketworld_research_benchmarks/pocketworld-repro-contract-20260714/experiments/camera_model_ab_2026-07-15/known_pose_camera_model_ab.py", line 246, in main
    payload["arms"][name] = run_arm(
                            ^^^^^^^^
  File "/Users/kaidongwang/.config/superpowers/worktrees/pocketworld_research_benchmarks/pocketworld-repro-contract-20260714/experiments/camera_model_ab_2026-07-15/known_pose_camera_model_ab.py", line 168, in run_arm
    reconstruction = build_registered_reconstruction(database_path, poses, model_name)
                     ^^^^^^^^^^^^^^^^^^^^^^^^^^^^^^^^^^^^^^^^^^^^^^^^^^^^^^^^^^^^^^^^^
  File "/Users/kaidongwang/.config/superpowers/worktrees/pocketworld_research_benchmarks/pocketworld-repro-contract-20260714/experiments/camera_model_ab_2026-07-15/known_pose_camera_model_ab.py", line 132, in build_registered_reconstruction
    reconstruction.add_camera_with_trivial_rig(converted_camera(source, model_name))
                                               ^^^^^^^^^^^^^^^^^^^^^^^^^^^^^^^^^^^^
  File "/Users/kaidongwang/.config/superpowers/worktrees/pocketworld_research_benchmarks/pocketworld-repro-contract-20260714/experiments/camera_model_ab_2026-07-15/known_pose_camera_model_ab.py", line 109, in converted_camera
    raise RuntimeError(f"expected SIMPLE_PINHOLE input, got {source.model.name}")
RuntimeError: expected SIMPLE_PINHOLE input, got SIMPLE_RADIAL
real 0.96
user 1.00
sys 0.79
           141066240  maximum resident set size
                   0  average shared memory size
                   0  average unshared data size
                   0  average unshared stack size
                8772  page reclaims
                1390  page faults
                   0  swaps
                   0  block input operations
                   0  block output operations
                   0  messages sent
                   0  messages received
                   0  signals received
                 324  voluntary context switches
               29463  involuntary context switches
         11472547286  instructions retired
          6197663275  cycles elapsed
           109593152  peak memory footprint
