[dkm] frames=115 candidate_pairs=406 selected=1 available=4.47GB
/opt/homebrew/lib/python3.11/site-packages/torchvision/models/_utils.py:208: UserWarning: The parameter 'pretrained' is deprecated since 0.13 and may be removed in the future, please use 'weights' instead.
  warnings.warn(
/opt/homebrew/lib/python3.11/site-packages/torchvision/models/_utils.py:223: UserWarning: Arguments other than a weight enum or `None` for 'weights' are deprecated since 0.13 and may be removed in the future. The current behavior is equivalent to passing `weights=None`.
  warnings.warn(msg)
[dkm] model loaded on mps in 1.28s
/opt/homebrew/lib/python3.11/site-packages/torch/functional.py:505: UserWarning: torch.meshgrid: in an upcoming release, it will be required to pass the indexing argument. (Triggered internally at /Users/runner/work/pytorch/pytorch/aten/src/ATen/native/TensorShape.cpp:4384.)
  return _VF.meshgrid(tensors, **kwargs)  # type: ignore[attr-defined]
[dkm] 1/1 000_001 grid=5000 arkit_inlier=0.042 median=26.312px time=2.78s
[dkm] matches_sha256=173455ca6ee5c82cf67e93b75260de7ff544f8fa819dce21fbc34a7cf1ac36b7
[dkm] metrics_sha256=0bdee82a7a39d5a8b073a7c8616f3ea0003a075cd6f75e0573670474763ce062
DKM_CAP50_DONE
        7.28 real         2.16 user         1.16 sys
           847462400  maximum resident set size
                   0  average shared memory size
                   0  average unshared data size
                   0  average unshared stack size
              106025  page reclaims
                8118  page faults
                   0  swaps
                   0  block input operations
                   0  block output operations
                   0  messages sent
                   0  messages received
                   0  signals received
                3932  voluntary context switches
               41244  involuntary context switches
         26013523332  instructions retired
         11852482115  cycles elapsed
          4492936848  peak memory footprint
