[DawnKernelHarness] limits: invocations/wg=512 wgSizeX=512 storageBufs=10 maxBuffer=1073741824 maxStorageBinding=1073741824 (adapter: 1024 1024 10 4294967295 4294967295)
[pwofficial_gpu_match_dawn] backend=blocked(fma4x4+direct+w64+nopb+f16+keyscan3+ptr+kp,V8) adapter="Apple M3 Pro" subgroups=1 sgmatrix=1 f32_8x8x8=1 f16_f32=1 mixed=0 subgroup=[4,64] packed_dot=1 timestamp=1 limits[storage=32768 invocations=1024 sizeX=1024]
WARNING: Logging before InitGoogleLogging() is written to STDERR
I20260925 18:03:07.922969 0x1fecf6080 database_cache.cc:72] Loading rigs...
I20260925 18:03:07.923000 0x1fecf6080 database_cache.cc:82]  0 in 0.000s
I20260925 18:03:07.923008 0x1fecf6080 database_cache.cc:90] Loading cameras...
I20260925 18:03:07.923022 0x1fecf6080 database_cache.cc:108]  2 in 0.000s
I20260925 18:03:07.923030 0x1fecf6080 database_cache.cc:116] Loading frames...
I20260925 18:03:07.923038 0x1fecf6080 database_cache.cc:126]  0 in 0.000s
I20260925 18:03:07.923043 0x1fecf6080 database_cache.cc:134] Loading matches...
I20260925 18:03:07.923052 0x1fecf6080 database_cache.cc:139]  1 in 0.000s
I20260925 18:03:07.923057 0x1fecf6080 database_cache.cc:147] Loading images...
I20260925 18:03:07.923195 0x1fecf6080 database_cache.cc:236]  2 in 0.000s (loaded all 2)
I20260925 18:03:07.923202 0x1fecf6080 database_cache.cc:255] Loading pose priors...
I20260925 18:03:07.923209 0x1fecf6080 database_cache.cc:263]  0 in 0.000s
I20260925 18:03:07.923213 0x1fecf6080 database_cache.cc:271] Building correspondence graph...
I20260925 18:03:07.923262 0x1fecf6080 database_cache.cc:300]  in 0.000s (ignored 0)
I20260925 18:03:08.011341 0x1fecf6080 official_bundle_adjustment_ceres.cc:1648] [AETHER gravity] injected 3/3 roll/pitch anchors, sigma_rad=0.00872665
[AETHER BA-ORDERING] blocks=642 pts(g0)=633 cams(g1)=3 g1_all_pose=1 proven=1
I20260925 18:03:08.020008 0x1fecf6080 official_bundle_adjustment_ceres.cc:1137] [AETHER] solver_used=DENSE_SCHUR sparse_backend=EIGEN_SPARSE dense_backend=EIGEN mixed=0 threads=1
I20260925 18:03:08.020902 0x1fecf6080 official_bundle_adjustment_ceres.cc:1648] [AETHER gravity] injected 3/3 roll/pitch anchors, sigma_rad=0.00872665
[AETHER BA-ORDERING] blocks=638 pts(g0)=629 cams(g1)=3 g1_all_pose=1 proven=1
I20260925 18:03:08.022608 0x1fecf6080 official_bundle_adjustment_ceres.cc:1137] [AETHER] solver_used=DENSE_SCHUR sparse_backend=EIGEN_SPARSE dense_backend=EIGEN mixed=0 threads=1
I20260925 18:03:08.097921 0x1fecf6080 official_bundle_adjustment_ceres.cc:1648] [AETHER gravity] injected 4/4 roll/pitch anchors, sigma_rad=0.00872665
[AETHER BA-ORDERING] blocks=1046 pts(g0)=1035 cams(g1)=4 g1_all_pose=1 proven=1
I20260925 18:03:08.115146 0x1fecf6080 official_bundle_adjustment_ceres.cc:1137] [AETHER] solver_used=DENSE_SCHUR sparse_backend=EIGEN_SPARSE dense_backend=EIGEN mixed=0 threads=1
I20260925 18:03:08.116659 0x1fecf6080 official_bundle_adjustment_ceres.cc:1648] [AETHER gravity] injected 4/4 roll/pitch anchors, sigma_rad=0.00872665
I20260925 18:03:08.119141 0x1fecf6080 official_bundle_adjustment_ceres.cc:1137] [AETHER] solver_used=DENSE_SCHUR sparse_backend=EIGEN_SPARSE dense_backend=EIGEN mixed=0 threads=1
I20260925 18:03:08.178830 0x1fecf6080 official_bundle_adjustment_ceres.cc:1648] [AETHER gravity] injected 5/5 roll/pitch anchors, sigma_rad=0.00872665
I20260925 18:03:08.197253 0x1fecf6080 official_bundle_adjustment_ceres.cc:1137] [AETHER] solver_used=DENSE_SCHUR sparse_backend=EIGEN_SPARSE dense_backend=EIGEN mixed=0 threads=1
I20260925 18:03:08.198676 0x1fecf6080 official_bundle_adjustment_ceres.cc:1648] [AETHER gravity] injected 5/5 roll/pitch anchors, sigma_rad=0.00872665
I20260925 18:03:08.205023 0x1fecf6080 official_bundle_adjustment_ceres.cc:1137] [AETHER] solver_used=DENSE_SCHUR sparse_backend=EIGEN_SPARSE dense_backend=EIGEN mixed=0 threads=1
I20260925 18:03:08.270335 0x1fecf6080 official_bundle_adjustment_ceres.cc:1648] [AETHER gravity] injected 5/5 roll/pitch anchors, sigma_rad=0.00872665
I20260925 18:03:08.284634 0x1fecf6080 official_bundle_adjustment_ceres.cc:1137] [AETHER] solver_used=DENSE_SCHUR sparse_backend=EIGEN_SPARSE dense_backend=EIGEN mixed=0 threads=1
I20260925 18:03:08.286139 0x1fecf6080 official_bundle_adjustment_ceres.cc:1648] [AETHER gravity] injected 6/6 roll/pitch anchors, sigma_rad=0.00872665
I20260925 18:03:08.291268 0x1fecf6080 official_bundle_adjustment_ceres.cc:1137] [AETHER] solver_used=DENSE_SCHUR sparse_backend=EIGEN_SPARSE dense_backend=EIGEN mixed=0 threads=1
I20260925 18:03:08.356850 0x1fecf6080 official_bundle_adjustment_ceres.cc:1648] [AETHER gravity] injected 6/6 roll/pitch anchors, sigma_rad=0.00872665
I20260925 18:03:08.380360 0x1fecf6080 official_bundle_adjustment_ceres.cc:1137] [AETHER] solver_used=DENSE_SCHUR sparse_backend=EIGEN_SPARSE dense_backend=EIGEN mixed=0 threads=6
I20260925 18:03:08.381838 0x1fecf6080 official_bundle_adjustment_ceres.cc:1648] [AETHER gravity] injected 5/5 roll/pitch anchors, sigma_rad=0.00872665
I20260925 18:03:08.385362 0x1fecf6080 official_bundle_adjustment_ceres.cc:1137] [AETHER] solver_used=DENSE_SCHUR sparse_backend=EIGEN_SPARSE dense_backend=EIGEN mixed=0 threads=1
I20260925 18:03:08.451512 0x1fecf6080 official_bundle_adjustment_ceres.cc:1648] [AETHER gravity] injected 6/6 roll/pitch anchors, sigma_rad=0.00872665
I20260925 18:03:08.468498 0x1fecf6080 official_bundle_adjustment_ceres.cc:1137] [AETHER] solver_used=DENSE_SCHUR sparse_backend=EIGEN_SPARSE dense_backend=EIGEN mixed=0 threads=1
I20260925 18:03:08.470111 0x1fecf6080 official_bundle_adjustment_ceres.cc:1648] [AETHER gravity] injected 6/6 roll/pitch anchors, sigma_rad=0.00872665
I20260925 18:03:08.474818 0x1fecf6080 official_bundle_adjustment_ceres.cc:1137] [AETHER] solver_used=DENSE_SCHUR sparse_backend=EIGEN_SPARSE dense_backend=EIGEN mixed=0 threads=1
I20260925 18:03:08.537981 0x1fecf6080 official_bundle_adjustment_ceres.cc:1648] [AETHER gravity] injected 6/6 roll/pitch anchors, sigma_rad=0.00872665
I20260925 18:03:08.556157 0x1fecf6080 official_bundle_adjustment_ceres.cc:1137] [AETHER] solver_used=DENSE_SCHUR sparse_backend=EIGEN_SPARSE dense_backend=EIGEN mixed=0 threads=1
I20260925 18:03:08.557874 0x1fecf6080 official_bundle_adjustment_ceres.cc:1648] [AETHER gravity] injected 6/6 roll/pitch anchors, sigma_rad=0.00872665
I20260925 18:03:08.561483 0x1fecf6080 official_bundle_adjustment_ceres.cc:1137] [AETHER] solver_used=DENSE_SCHUR sparse_backend=EIGEN_SPARSE dense_backend=EIGEN mixed=0 threads=1
I20260925 18:03:08.635627 0x1fecf6080 official_bundle_adjustment_ceres.cc:1648] [AETHER gravity] injected 5/5 roll/pitch anchors, sigma_rad=0.00872665
I20260925 18:03:08.645524 0x1fecf6080 official_bundle_adjustment_ceres.cc:1137] [AETHER] solver_used=DENSE_SCHUR sparse_backend=EIGEN_SPARSE dense_backend=EIGEN mixed=0 threads=1
I20260925 18:03:08.646782 0x1fecf6080 official_bundle_adjustment_ceres.cc:1648] [AETHER gravity] injected 5/5 roll/pitch anchors, sigma_rad=0.00872665
I20260925 18:03:08.649052 0x1fecf6080 official_bundle_adjustment_ceres.cc:1137] [AETHER] solver_used=DENSE_SCHUR sparse_backend=EIGEN_SPARSE dense_backend=EIGEN mixed=0 threads=1
I20260925 18:03:08.930371 0x1fecf6080 official_bundle_adjustment_ceres.cc:1648] [AETHER gravity] injected 2/2 roll/pitch anchors, sigma_rad=0.00872665
I20260925 18:03:08.931071 0x1fecf6080 official_bundle_adjustment_ceres.cc:1137] [AETHER] solver_used=DENSE_SCHUR sparse_backend=EIGEN_SPARSE dense_backend=EIGEN mixed=0 threads=1
I20260925 18:03:09.031560 0x1fecf6080 official_bundle_adjustment_ceres.cc:1648] [AETHER gravity] injected 4/4 roll/pitch anchors, sigma_rad=0.00872665
I20260925 18:03:09.038490 0x1fecf6080 official_bundle_adjustment_ceres.cc:1137] [AETHER] solver_used=DENSE_SCHUR sparse_backend=EIGEN_SPARSE dense_backend=EIGEN mixed=0 threads=1
I20260925 18:03:09.039408 0x1fecf6080 official_bundle_adjustment_ceres.cc:1648] [AETHER gravity] injected 4/4 roll/pitch anchors, sigma_rad=0.00872665
I20260925 18:03:09.041390 0x1fecf6080 official_bundle_adjustment_ceres.cc:1137] [AETHER] solver_used=DENSE_SCHUR sparse_backend=EIGEN_SPARSE dense_backend=EIGEN mixed=0 threads=1
I20260925 18:03:09.077027 0x1fecf6080 official_bundle_adjustment_ceres.cc:1648] [AETHER gravity] injected 3/3 roll/pitch anchors, sigma_rad=0.00872665
I20260925 18:03:09.082510 0x1fecf6080 official_bundle_adjustment_ceres.cc:1137] [AETHER] solver_used=DENSE_SCHUR sparse_backend=EIGEN_SPARSE dense_backend=EIGEN mixed=0 threads=1
I20260925 18:03:09.083917 0x1fecf6080 official_bundle_adjustment_ceres.cc:1648] [AETHER gravity] injected 4/4 roll/pitch anchors, sigma_rad=0.00872665
I20260925 18:03:09.087691 0x1fecf6080 official_bundle_adjustment_ceres.cc:1137] [AETHER] solver_used=DENSE_SCHUR sparse_backend=EIGEN_SPARSE dense_backend=EIGEN mixed=0 threads=1
I20260925 18:03:09.119651 0x1fecf6080 official_bundle_adjustment_ceres.cc:1648] [AETHER gravity] injected 3/3 roll/pitch anchors, sigma_rad=0.00872665
I20260925 18:03:09.121616 0x1fecf6080 official_bundle_adjustment_ceres.cc:1137] [AETHER] solver_used=DENSE_SCHUR sparse_backend=EIGEN_SPARSE dense_backend=EIGEN mixed=0 threads=1
I20260925 18:03:09.122256 0x1fecf6080 official_bundle_adjustment_ceres.cc:1648] [AETHER gravity] injected 3/3 roll/pitch anchors, sigma_rad=0.00872665
I20260925 18:03:09.123281 0x1fecf6080 official_bundle_adjustment_ceres.cc:1137] [AETHER] solver_used=DENSE_SCHUR sparse_backend=EIGEN_SPARSE dense_backend=EIGEN mixed=0 threads=1
I20260925 18:03:09.167128 0x1fecf6080 official_bundle_adjustment_ceres.cc:1648] [AETHER gravity] injected 6/6 roll/pitch anchors, sigma_rad=0.00872665
I20260925 18:03:09.186692 0x1fecf6080 official_bundle_adjustment_ceres.cc:1137] [AETHER] solver_used=DENSE_SCHUR sparse_backend=EIGEN_SPARSE dense_backend=EIGEN mixed=0 threads=6
I20260925 18:03:09.188565 0x1fecf6080 official_bundle_adjustment_ceres.cc:1648] [AETHER gravity] injected 6/6 roll/pitch anchors, sigma_rad=0.00872665
I20260925 18:03:09.193827 0x1fecf6080 official_bundle_adjustment_ceres.cc:1137] [AETHER] solver_used=DENSE_SCHUR sparse_backend=EIGEN_SPARSE dense_backend=EIGEN mixed=0 threads=1
I20260925 18:03:09.252465 0x1fecf6080 official_bundle_adjustment_ceres.cc:1648] [AETHER gravity] injected 6/6 roll/pitch anchors, sigma_rad=0.00872665
I20260925 18:03:09.262964 0x1fecf6080 official_bundle_adjustment_ceres.cc:1137] [AETHER] solver_used=DENSE_SCHUR sparse_backend=EIGEN_SPARSE dense_backend=EIGEN mixed=0 threads=1
I20260925 18:03:09.264129 0x1fecf6080 official_bundle_adjustment_ceres.cc:1648] [AETHER gravity] injected 5/5 roll/pitch anchors, sigma_rad=0.00872665
I20260925 18:03:09.265267 0x1fecf6080 official_bundle_adjustment_ceres.cc:1137] [AETHER] solver_used=DENSE_SCHUR sparse_backend=EIGEN_SPARSE dense_backend=EIGEN mixed=0 threads=1
I20260925 18:03:09.325259 0x1fecf6080 official_bundle_adjustment_ceres.cc:1648] [AETHER gravity] injected 6/6 roll/pitch anchors, sigma_rad=0.00872665
I20260925 18:03:09.335055 0x1fecf6080 official_bundle_adjustment_ceres.cc:1137] [AETHER] solver_used=DENSE_SCHUR sparse_backend=EIGEN_SPARSE dense_backend=EIGEN mixed=0 threads=1
I20260925 18:03:09.336641 0x1fecf6080 official_bundle_adjustment_ceres.cc:1648] [AETHER gravity] injected 6/6 roll/pitch anchors, sigma_rad=0.00872665
I20260925 18:03:09.338269 0x1fecf6080 official_bundle_adjustment_ceres.cc:1137] [AETHER] solver_used=DENSE_SCHUR sparse_backend=EIGEN_SPARSE dense_backend=EIGEN mixed=0 threads=1
I20260925 18:03:09.390078 0x1700a3000 database_cache.cc:72] Loading rigs...
I20260925 18:03:09.390100 0x1700a3000 database_cache.cc:82]  0 in 0.000s
I20260925 18:03:09.390105 0x1700a3000 database_cache.cc:90] Loading cameras...
I20260925 18:03:09.390120 0x1700a3000 database_cache.cc:108]  20 in 0.000s
I20260925 18:03:09.390125 0x1700a3000 database_cache.cc:116] Loading frames...
I20260925 18:03:09.390134 0x1700a3000 database_cache.cc:126]  0 in 0.000s
I20260925 18:03:09.390138 0x1700a3000 database_cache.cc:134] Loading matches...
I20260925 18:03:09.390196 0x1700a3000 database_cache.cc:139]  61 in 0.000s
I20260925 18:03:09.390201 0x1700a3000 database_cache.cc:147] Loading images...
I20260925 18:03:09.391014 0x1700a3000 database_cache.cc:236]  20 in 0.001s (loaded all 20)
I20260925 18:03:09.391019 0x1700a3000 database_cache.cc:255] Loading pose priors...
I20260925 18:03:09.391027 0x1700a3000 database_cache.cc:263]  0 in 0.000s
I20260925 18:03:09.391036 0x1700a3000 database_cache.cc:271] Building correspondence graph...
I20260925 18:03:09.391610 0x1700a3000 database_cache.cc:300]  in 0.001s (ignored 0)
I20260925 18:03:09.395483 0x1700a3000 official_bundle_adjustment_ceres.cc:1648] [AETHER gravity] injected 16/17 roll/pitch anchors, sigma_rad=0.00872665
I20260925 18:03:09.471978 0x1700a3000 official_bundle_adjustment_ceres.cc:1137] [AETHER] solver_used=DENSE_SCHUR sparse_backend=EIGEN_SPARSE dense_backend=EIGEN mixed=0 threads=6
I20260925 18:03:09.475401 0x1700a3000 official_bundle_adjustment_ceres.cc:1648] [AETHER gravity] injected 16/17 roll/pitch anchors, sigma_rad=0.00872665
I20260925 18:03:09.528352 0x1700a3000 official_bundle_adjustment_ceres.cc:1137] [AETHER] solver_used=DENSE_SCHUR sparse_backend=EIGEN_SPARSE dense_backend=EIGEN mixed=0 threads=6
I20260925 18:03:09.531694 0x1700a3000 official_bundle_adjustment_ceres.cc:1648] [AETHER gravity] injected 16/17 roll/pitch anchors, sigma_rad=0.00872665
I20260925 18:03:09.569119 0x1700a3000 official_bundle_adjustment_ceres.cc:1137] [AETHER] solver_used=DENSE_SCHUR sparse_backend=EIGEN_SPARSE dense_backend=EIGEN mixed=0 threads=6
I20260925 18:03:09.572535 0x1700a3000 official_bundle_adjustment_ceres.cc:1648] [AETHER gravity] injected 16/17 roll/pitch anchors, sigma_rad=0.00872665
I20260925 18:03:09.587159 0x1700a3000 official_bundle_adjustment_ceres.cc:1137] [AETHER] solver_used=DENSE_SCHUR sparse_backend=EIGEN_SPARSE dense_backend=EIGEN mixed=0 threads=6
W20260925 18:03:09.606062 0x17012f000 official_aether_sfm_c.cc:6907] [aether_sfm] finalize re-match: starved_frames=8 candidates=100 attempted=100 written=0 inliers=0 failed=0 gpu_fail_capture=0 probe_debt_repaid=0 probe_debt_left=0
W20260925 18:03:09.683108 0x17012f000 official_aether_sfm_c.cc:7348] [aether_sfm] official quadratic overlap: overlap=10 candidates=42 written=0 in 76.9223 ms
I20260925 18:03:09.688003 0x1700a3000 official_incremental_pipeline.cc:323] Loading database
I20260925 18:03:09.688039 0x1700a3000 database_cache.cc:72] Loading rigs...
I20260925 18:03:09.688048 0x1700a3000 database_cache.cc:82]  0 in 0.000s
I20260925 18:03:09.688054 0x1700a3000 database_cache.cc:90] Loading cameras...
I20260925 18:03:09.688070 0x1700a3000 database_cache.cc:108]  20 in 0.000s
I20260925 18:03:09.688075 0x1700a3000 database_cache.cc:116] Loading frames...
I20260925 18:03:09.688081 0x1700a3000 database_cache.cc:126]  0 in 0.000s
I20260925 18:03:09.688085 0x1700a3000 database_cache.cc:134] Loading matches...
I20260925 18:03:09.688140 0x1700a3000 database_cache.cc:139]  61 in 0.000s
I20260925 18:03:09.688144 0x1700a3000 database_cache.cc:147] Loading images...
I20260925 18:03:09.688985 0x1700a3000 database_cache.cc:236]  20 in 0.001s (loaded all 20)
I20260925 18:03:09.688998 0x1700a3000 database_cache.cc:255] Loading pose priors...
I20260925 18:03:09.689009 0x1700a3000 database_cache.cc:263]  0 in 0.000s
I20260925 18:03:09.689015 0x1700a3000 database_cache.cc:271] Building correspondence graph...
I20260925 18:03:09.689519 0x1700a3000 database_cache.cc:300]  in 0.001s (ignored 0)
I20260925 18:03:09.689524 0x1700a3000 timer.cc:90] Elapsed time: 0.000 [minutes]
I20260925 18:03:09.692505 0x1700a3000 official_bundle_adjustment_ceres.cc:1648] [AETHER gravity] injected 16/17 roll/pitch anchors, sigma_rad=0.00872665
I20260925 18:03:09.705916 0x1700a3000 official_bundle_adjustment_ceres.cc:1137] [AETHER] solver_used=DENSE_SCHUR sparse_backend=EIGEN_SPARSE dense_backend=EIGEN mixed=0 threads=6
W20260925 18:03:09.707530 0x1700a3000 official_aether_sfm_c.cc:9530] [frame-loss] before=20 after=17 lost_zero_obs=3 lost_with_obs=0 | frame_000010.jpg(obs=0) frame_000011.jpg(obs=0) frame_000019.jpg(obs=0)
W20260925 18:03:09.707810 0x1700a3000 official_aether_sfm_c.cc:9614] [aether_sfm] finalize worker: cache_pre=1ms enrich=293ms stage1=197ms (ok, rounds=4) stage2=22ms (rounds<=1) temporal=0ms upgrade=0ms total=317ms
W20260925 18:03:09.708043 0x1700a3000 official_aether_sfm_c.cc:9643] [aether_sfm] delivered-point provenance: live-created=2150 official-retriangulated=257 live-dropped-by-official-filtering=251 (live model had 2401; capture-time official TriangulateImage added 0 obs)
W20260925 18:03:09.708151 0x1700a3000 official_aether_sfm_c.cc:8066] [device-align-v1] status=aligned pairs=17 inliers=17 max_error_m=0.111819 scale=0.99848 centre_err_median_m=0.0144892 centre_err_max_m=0.0283746 outliers=0
W20260925 18:03:09.717484 0x1fecf6080 official_aether_sfm_c.cc:13097] [aether_sfm] deliver-filter(get_points_tracked): kept 2332/2407 (min_tri_angle=3deg, mirror_ghost=0, isolated_floater=1, killed_union=1)
[pwofficial_gpu_match_dawn] device lost #1 reason=2 rc=8: Device was destroyed.
        1.99 real         1.00 user         0.63 sys
           113524736  maximum resident set size
                   0  average shared memory size
                   0  average unshared data size
                   0  average unshared stack size
               34905  page reclaims
                  15  page faults
                   0  swaps
                   0  block input operations
                   0  block output operations
                   0  messages sent
                   0  messages received
                   0  signals received
                  28  voluntary context switches
               72542  involuntary context switches
         13681259205  instructions retired
          5630552034  cycles elapsed
           324338360  peak memory footprint
