[DawnKernelHarness] limits: invocations/wg=512 wgSizeX=512 storageBufs=10 maxBuffer=1073741824 maxStorageBinding=1073741824 (adapter: 1024 1024 10 4294967295 4294967295)
[pwofficial_gpu_match_dawn] backend=blocked(fma4x4+direct+w64+nopb+f16+keyscan3+ptr+kp,V8) adapter="Apple M3 Pro" subgroups=1 sgmatrix=1 f32_8x8x8=1 f16_f32=1 mixed=0 subgroup=[4,64] packed_dot=1 timestamp=1 limits[storage=32768 invocations=1024 sizeX=1024]
WARNING: Logging before InitGoogleLogging() is written to STDERR
I20260925 12:39:43.857146 0x1fecf6080 database_cache.cc:72] Loading rigs...
I20260925 12:39:43.857496 0x1fecf6080 database_cache.cc:82]  0 in 0.000s
I20260925 12:39:43.857505 0x1fecf6080 database_cache.cc:90] Loading cameras...
I20260925 12:39:43.857527 0x1fecf6080 database_cache.cc:108]  2 in 0.000s
I20260925 12:39:43.857534 0x1fecf6080 database_cache.cc:116] Loading frames...
I20260925 12:39:43.857544 0x1fecf6080 database_cache.cc:126]  0 in 0.000s
I20260925 12:39:43.857549 0x1fecf6080 database_cache.cc:134] Loading matches...
I20260925 12:39:43.857558 0x1fecf6080 database_cache.cc:139]  1 in 0.000s
I20260925 12:39:43.857563 0x1fecf6080 database_cache.cc:147] Loading images...
I20260925 12:39:43.857678 0x1fecf6080 database_cache.cc:236]  2 in 0.000s (loaded all 2)
I20260925 12:39:43.857685 0x1fecf6080 database_cache.cc:255] Loading pose priors...
I20260925 12:39:43.857692 0x1fecf6080 database_cache.cc:263]  0 in 0.000s
I20260925 12:39:43.857696 0x1fecf6080 database_cache.cc:271] Building correspondence graph...
I20260925 12:39:43.857745 0x1fecf6080 database_cache.cc:300]  in 0.000s (ignored 0)
I20260925 12:39:43.933422 0x1fecf6080 official_bundle_adjustment_ceres.cc:1648] [AETHER gravity] injected 3/3 roll/pitch anchors, sigma_rad=0.00872665
[AETHER BA-ORDERING] blocks=479 pts(g0)=470 cams(g1)=3 g1_all_pose=1 proven=1
I20260925 12:39:43.941802 0x1fecf6080 official_bundle_adjustment_ceres.cc:1137] [AETHER] solver_used=DENSE_SCHUR sparse_backend=EIGEN_SPARSE dense_backend=EIGEN mixed=0 threads=1
I20260925 12:39:43.942433 0x1fecf6080 official_bundle_adjustment_ceres.cc:1648] [AETHER gravity] injected 3/3 roll/pitch anchors, sigma_rad=0.00872665
[AETHER BA-ORDERING] blocks=478 pts(g0)=469 cams(g1)=3 g1_all_pose=1 proven=1
I20260925 12:39:43.944258 0x1fecf6080 official_bundle_adjustment_ceres.cc:1137] [AETHER] solver_used=DENSE_SCHUR sparse_backend=EIGEN_SPARSE dense_backend=EIGEN mixed=0 threads=1
I20260925 12:39:44.009032 0x1fecf6080 official_bundle_adjustment_ceres.cc:1648] [AETHER gravity] injected 3/3 roll/pitch anchors, sigma_rad=0.00872665
[AETHER BA-ORDERING] blocks=678 pts(g0)=363 cams(g1)=3 g1_all_pose=1 proven=1
I20260925 12:39:44.013187 0x1fecf6080 official_bundle_adjustment_ceres.cc:1137] [AETHER] solver_used=DENSE_SCHUR sparse_backend=EIGEN_SPARSE dense_backend=EIGEN mixed=0 threads=1
I20260925 12:39:44.013814 0x1fecf6080 official_bundle_adjustment_ceres.cc:1648] [AETHER gravity] injected 3/3 roll/pitch anchors, sigma_rad=0.00872665
I20260925 12:39:44.015200 0x1fecf6080 official_bundle_adjustment_ceres.cc:1137] [AETHER] solver_used=DENSE_SCHUR sparse_backend=EIGEN_SPARSE dense_backend=EIGEN mixed=0 threads=1
I20260925 12:39:44.071691 0x1fecf6080 official_bundle_adjustment_ceres.cc:1648] [AETHER gravity] injected 5/5 roll/pitch anchors, sigma_rad=0.00872665
I20260925 12:39:44.088870 0x1fecf6080 official_bundle_adjustment_ceres.cc:1137] [AETHER] solver_used=DENSE_SCHUR sparse_backend=EIGEN_SPARSE dense_backend=EIGEN mixed=0 threads=1
I20260925 12:39:44.090116 0x1fecf6080 official_bundle_adjustment_ceres.cc:1648] [AETHER gravity] injected 5/5 roll/pitch anchors, sigma_rad=0.00872665
I20260925 12:39:44.094937 0x1fecf6080 official_bundle_adjustment_ceres.cc:1137] [AETHER] solver_used=DENSE_SCHUR sparse_backend=EIGEN_SPARSE dense_backend=EIGEN mixed=0 threads=1
I20260925 12:39:44.143972 0x1fecf6080 official_bundle_adjustment_ceres.cc:1648] [AETHER gravity] injected 6/6 roll/pitch anchors, sigma_rad=0.00872665
I20260925 12:39:44.163095 0x1fecf6080 official_bundle_adjustment_ceres.cc:1137] [AETHER] solver_used=DENSE_SCHUR sparse_backend=EIGEN_SPARSE dense_backend=EIGEN mixed=0 threads=1
I20260925 12:39:44.164322 0x1fecf6080 official_bundle_adjustment_ceres.cc:1648] [AETHER gravity] injected 6/6 roll/pitch anchors, sigma_rad=0.00872665
I20260925 12:39:44.169031 0x1fecf6080 official_bundle_adjustment_ceres.cc:1137] [AETHER] solver_used=DENSE_SCHUR sparse_backend=EIGEN_SPARSE dense_backend=EIGEN mixed=0 threads=1
I20260925 12:39:44.229272 0x1fecf6080 official_bundle_adjustment_ceres.cc:1648] [AETHER gravity] injected 6/6 roll/pitch anchors, sigma_rad=0.00872665
I20260925 12:39:44.244753 0x1fecf6080 official_bundle_adjustment_ceres.cc:1137] [AETHER] solver_used=DENSE_SCHUR sparse_backend=EIGEN_SPARSE dense_backend=EIGEN mixed=0 threads=1
I20260925 12:39:44.246037 0x1fecf6080 official_bundle_adjustment_ceres.cc:1648] [AETHER gravity] injected 6/6 roll/pitch anchors, sigma_rad=0.00872665
I20260925 12:39:44.248138 0x1fecf6080 official_bundle_adjustment_ceres.cc:1137] [AETHER] solver_used=DENSE_SCHUR sparse_backend=EIGEN_SPARSE dense_backend=EIGEN mixed=0 threads=1
I20260925 12:39:44.316711 0x1fecf6080 official_bundle_adjustment_ceres.cc:1648] [AETHER gravity] injected 6/6 roll/pitch anchors, sigma_rad=0.00872665
I20260925 12:39:44.329788 0x1fecf6080 official_bundle_adjustment_ceres.cc:1137] [AETHER] solver_used=DENSE_SCHUR sparse_backend=EIGEN_SPARSE dense_backend=EIGEN mixed=0 threads=1
I20260925 12:39:44.331272 0x1fecf6080 official_bundle_adjustment_ceres.cc:1648] [AETHER gravity] injected 6/6 roll/pitch anchors, sigma_rad=0.00872665
I20260925 12:39:44.334831 0x1fecf6080 official_bundle_adjustment_ceres.cc:1137] [AETHER] solver_used=DENSE_SCHUR sparse_backend=EIGEN_SPARSE dense_backend=EIGEN mixed=0 threads=1
I20260925 12:39:44.395583 0x1fecf6080 official_bundle_adjustment_ceres.cc:1648] [AETHER gravity] injected 6/6 roll/pitch anchors, sigma_rad=0.00872665
I20260925 12:39:44.419942 0x1fecf6080 official_bundle_adjustment_ceres.cc:1137] [AETHER] solver_used=DENSE_SCHUR sparse_backend=EIGEN_SPARSE dense_backend=EIGEN mixed=0 threads=6
I20260925 12:39:44.421507 0x1fecf6080 official_bundle_adjustment_ceres.cc:1648] [AETHER gravity] injected 6/6 roll/pitch anchors, sigma_rad=0.00872665
I20260925 12:39:44.424416 0x1fecf6080 official_bundle_adjustment_ceres.cc:1137] [AETHER] solver_used=DENSE_SCHUR sparse_backend=EIGEN_SPARSE dense_backend=EIGEN mixed=0 threads=6
I20260925 12:39:44.484449 0x1fecf6080 official_bundle_adjustment_ceres.cc:1648] [AETHER gravity] injected 6/6 roll/pitch anchors, sigma_rad=0.00872665
I20260925 12:39:44.502376 0x1fecf6080 official_bundle_adjustment_ceres.cc:1137] [AETHER] solver_used=DENSE_SCHUR sparse_backend=EIGEN_SPARSE dense_backend=EIGEN mixed=0 threads=1
I20260925 12:39:44.503792 0x1fecf6080 official_bundle_adjustment_ceres.cc:1648] [AETHER gravity] injected 6/6 roll/pitch anchors, sigma_rad=0.00872665
I20260925 12:39:44.506924 0x1fecf6080 official_bundle_adjustment_ceres.cc:1137] [AETHER] solver_used=DENSE_SCHUR sparse_backend=EIGEN_SPARSE dense_backend=EIGEN mixed=0 threads=1
I20260925 12:39:44.558052 0x1fecf6080 official_bundle_adjustment_ceres.cc:1648] [AETHER gravity] injected 6/6 roll/pitch anchors, sigma_rad=0.00872665
I20260925 12:39:44.569666 0x1fecf6080 official_bundle_adjustment_ceres.cc:1137] [AETHER] solver_used=DENSE_SCHUR sparse_backend=EIGEN_SPARSE dense_backend=EIGEN mixed=0 threads=1
I20260925 12:39:44.570834 0x1fecf6080 official_bundle_adjustment_ceres.cc:1648] [AETHER gravity] injected 6/6 roll/pitch anchors, sigma_rad=0.00872665
I20260925 12:39:44.572359 0x1fecf6080 official_bundle_adjustment_ceres.cc:1137] [AETHER] solver_used=DENSE_SCHUR sparse_backend=EIGEN_SPARSE dense_backend=EIGEN mixed=0 threads=1
I20260925 12:39:44.711460 0x1fecf6080 official_bundle_adjustment_ceres.cc:1648] [AETHER gravity] injected 6/6 roll/pitch anchors, sigma_rad=0.00872665
I20260925 12:39:44.723851 0x1fecf6080 official_bundle_adjustment_ceres.cc:1137] [AETHER] solver_used=DENSE_SCHUR sparse_backend=EIGEN_SPARSE dense_backend=EIGEN mixed=0 threads=1
I20260925 12:39:44.725255 0x1fecf6080 official_bundle_adjustment_ceres.cc:1648] [AETHER gravity] injected 6/6 roll/pitch anchors, sigma_rad=0.00872665
I20260925 12:39:44.727705 0x1fecf6080 official_bundle_adjustment_ceres.cc:1137] [AETHER] solver_used=DENSE_SCHUR sparse_backend=EIGEN_SPARSE dense_backend=EIGEN mixed=0 threads=1
I20260925 12:39:44.826184 0x1fecf6080 official_bundle_adjustment_ceres.cc:1648] [AETHER gravity] injected 6/6 roll/pitch anchors, sigma_rad=0.00872665
I20260925 12:39:44.834800 0x1fecf6080 official_bundle_adjustment_ceres.cc:1137] [AETHER] solver_used=DENSE_SCHUR sparse_backend=EIGEN_SPARSE dense_backend=EIGEN mixed=0 threads=1
I20260925 12:39:44.836183 0x1fecf6080 official_bundle_adjustment_ceres.cc:1648] [AETHER gravity] injected 6/6 roll/pitch anchors, sigma_rad=0.00872665
I20260925 12:39:44.838740 0x1fecf6080 official_bundle_adjustment_ceres.cc:1137] [AETHER] solver_used=DENSE_SCHUR sparse_backend=EIGEN_SPARSE dense_backend=EIGEN mixed=0 threads=1
I20260925 12:39:44.904112 0x1fecf6080 official_bundle_adjustment_ceres.cc:1648] [AETHER gravity] injected 6/6 roll/pitch anchors, sigma_rad=0.00872665
I20260925 12:39:44.922229 0x1fecf6080 official_bundle_adjustment_ceres.cc:1137] [AETHER] solver_used=DENSE_SCHUR sparse_backend=EIGEN_SPARSE dense_backend=EIGEN mixed=0 threads=1
I20260925 12:39:44.923817 0x1fecf6080 official_bundle_adjustment_ceres.cc:1648] [AETHER gravity] injected 6/6 roll/pitch anchors, sigma_rad=0.00872665
I20260925 12:39:44.928287 0x1fecf6080 official_bundle_adjustment_ceres.cc:1137] [AETHER] solver_used=DENSE_SCHUR sparse_backend=EIGEN_SPARSE dense_backend=EIGEN mixed=0 threads=1
I20260925 12:39:44.957628 0x1fecf6080 official_bundle_adjustment_ceres.cc:1648] [AETHER gravity] injected 4/4 roll/pitch anchors, sigma_rad=0.00872665
I20260925 12:39:44.964093 0x1fecf6080 official_bundle_adjustment_ceres.cc:1137] [AETHER] solver_used=DENSE_SCHUR sparse_backend=EIGEN_SPARSE dense_backend=EIGEN mixed=0 threads=1
I20260925 12:39:45.041099 0x1fecf6080 official_bundle_adjustment_ceres.cc:1648] [AETHER gravity] injected 6/6 roll/pitch anchors, sigma_rad=0.00872665
I20260925 12:39:45.065712 0x1fecf6080 official_bundle_adjustment_ceres.cc:1137] [AETHER] solver_used=DENSE_SCHUR sparse_backend=EIGEN_SPARSE dense_backend=EIGEN mixed=0 threads=6
I20260925 12:39:45.067560 0x1fecf6080 official_bundle_adjustment_ceres.cc:1648] [AETHER gravity] injected 6/6 roll/pitch anchors, sigma_rad=0.00872665
I20260925 12:39:45.071448 0x1fecf6080 official_bundle_adjustment_ceres.cc:1137] [AETHER] solver_used=DENSE_SCHUR sparse_backend=EIGEN_SPARSE dense_backend=EIGEN mixed=0 threads=6
I20260925 12:39:45.132712 0x1fecf6080 official_bundle_adjustment_ceres.cc:1648] [AETHER gravity] injected 6/6 roll/pitch anchors, sigma_rad=0.00872665
I20260925 12:39:45.151337 0x1fecf6080 official_bundle_adjustment_ceres.cc:1137] [AETHER] solver_used=DENSE_SCHUR sparse_backend=EIGEN_SPARSE dense_backend=EIGEN mixed=0 threads=1
I20260925 12:39:45.152743 0x1fecf6080 official_bundle_adjustment_ceres.cc:1648] [AETHER gravity] injected 6/6 roll/pitch anchors, sigma_rad=0.00872665
I20260925 12:39:45.155132 0x1fecf6080 official_bundle_adjustment_ceres.cc:1137] [AETHER] solver_used=DENSE_SCHUR sparse_backend=EIGEN_SPARSE dense_backend=EIGEN mixed=0 threads=1
I20260925 12:39:45.220911 0x1fecf6080 official_bundle_adjustment_ceres.cc:1648] [AETHER gravity] injected 6/6 roll/pitch anchors, sigma_rad=0.00872665
I20260925 12:39:45.243062 0x1fecf6080 official_bundle_adjustment_ceres.cc:1137] [AETHER] solver_used=DENSE_SCHUR sparse_backend=EIGEN_SPARSE dense_backend=EIGEN mixed=0 threads=6
I20260925 12:39:45.244657 0x1fecf6080 official_bundle_adjustment_ceres.cc:1648] [AETHER gravity] injected 6/6 roll/pitch anchors, sigma_rad=0.00872665
I20260925 12:39:45.248224 0x1fecf6080 official_bundle_adjustment_ceres.cc:1137] [AETHER] solver_used=DENSE_SCHUR sparse_backend=EIGEN_SPARSE dense_backend=EIGEN mixed=0 threads=6
I20260925 12:39:45.249812 0x16bfcb000 database_cache.cc:72] Loading rigs...
I20260925 12:39:45.249826 0x16bfcb000 database_cache.cc:82]  0 in 0.000s
I20260925 12:39:45.249832 0x16bfcb000 database_cache.cc:90] Loading cameras...
I20260925 12:39:45.249850 0x16bfcb000 database_cache.cc:108]  20 in 0.000s
I20260925 12:39:45.249854 0x16bfcb000 database_cache.cc:116] Loading frames...
I20260925 12:39:45.249861 0x16bfcb000 database_cache.cc:126]  0 in 0.000s
I20260925 12:39:45.249865 0x16bfcb000 database_cache.cc:134] Loading matches...
I20260925 12:39:45.249914 0x16bfcb000 database_cache.cc:139]  72 in 0.000s
I20260925 12:39:45.249918 0x16bfcb000 database_cache.cc:147] Loading images...
I20260925 12:39:45.250676 0x16bfcb000 database_cache.cc:236]  20 in 0.001s (loaded all 20)
I20260925 12:39:45.250681 0x16bfcb000 database_cache.cc:255] Loading pose priors...
I20260925 12:39:45.250689 0x16bfcb000 database_cache.cc:263]  0 in 0.000s
I20260925 12:39:45.250693 0x16bfcb000 database_cache.cc:271] Building correspondence graph...
I20260925 12:39:45.251249 0x16bfcb000 database_cache.cc:300]  in 0.001s (ignored 0)
I20260925 12:39:45.254973 0x16bfcb000 official_bundle_adjustment_ceres.cc:1648] [AETHER gravity] injected 17/18 roll/pitch anchors, sigma_rad=0.00872665
I20260925 12:39:45.330978 0x16bfcb000 official_bundle_adjustment_ceres.cc:1137] [AETHER] solver_used=DENSE_SCHUR sparse_backend=EIGEN_SPARSE dense_backend=EIGEN mixed=0 threads=6
I20260925 12:39:45.334686 0x16bfcb000 official_bundle_adjustment_ceres.cc:1648] [AETHER gravity] injected 17/18 roll/pitch anchors, sigma_rad=0.00872665
I20260925 12:39:45.385986 0x16bfcb000 official_bundle_adjustment_ceres.cc:1137] [AETHER] solver_used=DENSE_SCHUR sparse_backend=EIGEN_SPARSE dense_backend=EIGEN mixed=0 threads=6
I20260925 12:39:45.389527 0x16bfcb000 official_bundle_adjustment_ceres.cc:1648] [AETHER gravity] injected 17/18 roll/pitch anchors, sigma_rad=0.00872665
I20260925 12:39:45.423668 0x16bfcb000 official_bundle_adjustment_ceres.cc:1137] [AETHER] solver_used=DENSE_SCHUR sparse_backend=EIGEN_SPARSE dense_backend=EIGEN mixed=0 threads=6
I20260925 12:39:45.426996 0x16bfcb000 official_bundle_adjustment_ceres.cc:1648] [AETHER gravity] injected 17/18 roll/pitch anchors, sigma_rad=0.00872665
W20260925 12:39:45.432504 0x16c057000 official_aether_sfm_c.cc:6907] [aether_sfm] finalize re-match: starved_frames=6 candidates=86 attempted=86 written=0 inliers=0 failed=0 gpu_fail_capture=0 probe_debt_repaid=0 probe_debt_left=0
I20260925 12:39:45.454978 0x16bfcb000 official_bundle_adjustment_ceres.cc:1137] [AETHER] solver_used=DENSE_SCHUR sparse_backend=EIGEN_SPARSE dense_backend=EIGEN mixed=0 threads=6
I20260925 12:39:45.458483 0x16bfcb000 official_bundle_adjustment_ceres.cc:1648] [AETHER gravity] injected 17/18 roll/pitch anchors, sigma_rad=0.00872665
I20260925 12:39:45.476251 0x16bfcb000 official_bundle_adjustment_ceres.cc:1137] [AETHER] solver_used=DENSE_SCHUR sparse_backend=EIGEN_SPARSE dense_backend=EIGEN mixed=0 threads=6
W20260925 12:39:45.494073 0x16c057000 official_aether_sfm_c.cc:7348] [aether_sfm] official quadratic overlap: overlap=10 candidates=40 written=0 in 61.452 ms
I20260925 12:39:45.502244 0x16bfcb000 official_incremental_pipeline.cc:323] Loading database
I20260925 12:39:45.502267 0x16bfcb000 database_cache.cc:72] Loading rigs...
I20260925 12:39:45.502275 0x16bfcb000 database_cache.cc:82]  0 in 0.000s
I20260925 12:39:45.502279 0x16bfcb000 database_cache.cc:90] Loading cameras...
I20260925 12:39:45.502291 0x16bfcb000 database_cache.cc:108]  20 in 0.000s
I20260925 12:39:45.502295 0x16bfcb000 database_cache.cc:116] Loading frames...
I20260925 12:39:45.502300 0x16bfcb000 database_cache.cc:126]  0 in 0.000s
I20260925 12:39:45.502304 0x16bfcb000 database_cache.cc:134] Loading matches...
I20260925 12:39:45.502360 0x16bfcb000 database_cache.cc:139]  72 in 0.000s
I20260925 12:39:45.502364 0x16bfcb000 database_cache.cc:147] Loading images...
I20260925 12:39:45.503078 0x16bfcb000 database_cache.cc:236]  20 in 0.001s (loaded all 20)
I20260925 12:39:45.503082 0x16bfcb000 database_cache.cc:255] Loading pose priors...
I20260925 12:39:45.503089 0x16bfcb000 database_cache.cc:263]  0 in 0.000s
I20260925 12:39:45.503092 0x16bfcb000 database_cache.cc:271] Building correspondence graph...
I20260925 12:39:45.503612 0x16bfcb000 database_cache.cc:300]  in 0.001s (ignored 0)
I20260925 12:39:45.503625 0x16bfcb000 timer.cc:90] Elapsed time: 0.000 [minutes]
I20260925 12:39:45.506810 0x16bfcb000 official_bundle_adjustment_ceres.cc:1648] [AETHER gravity] injected 17/18 roll/pitch anchors, sigma_rad=0.00872665
I20260925 12:39:45.516521 0x16bfcb000 official_bundle_adjustment_ceres.cc:1137] [AETHER] solver_used=DENSE_SCHUR sparse_backend=EIGEN_SPARSE dense_backend=EIGEN mixed=0 threads=6
W20260925 12:39:45.518194 0x16bfcb000 official_aether_sfm_c.cc:9530] [frame-loss] before=20 after=18 lost_zero_obs=2 lost_with_obs=0 | frame_000011.jpg(obs=0) frame_000016.jpg(obs=0)
W20260925 12:39:45.518360 0x16bfcb000 official_aether_sfm_c.cc:9614] [aether_sfm] finalize worker: cache_pre=1ms enrich=249ms stage1=226ms (ok, rounds=5) stage2=17ms (rounds<=1) temporal=0ms upgrade=0ms total=268ms
W20260925 12:39:45.518539 0x16bfcb000 official_aether_sfm_c.cc:9643] [aether_sfm] delivered-point provenance: live-created=2707 official-retriangulated=125 live-dropped-by-official-filtering=404 (live model had 3111; capture-time official TriangulateImage added 0 obs)
W20260925 12:39:45.519450 0x16bfcb000 official_aether_sfm_c.cc:8066] [device-align-v1] status=aligned pairs=18 inliers=18 max_error_m=0.111819 scale=1.01991 centre_err_median_m=0.0042468 centre_err_max_m=0.0164579 outliers=0
W20260925 12:39:45.567210 0x1fecf6080 official_aether_sfm_c.cc:13097] [aether_sfm] deliver-filter(get_points_tracked): kept 2713/2832 (min_tri_angle=3deg, mirror_ghost=0, isolated_floater=9, killed_union=9)
[pwofficial_gpu_match_dawn] device lost #1 reason=2 rc=8: Device was destroyed.
        1.93 real         1.20 user         0.69 sys
           126173184  maximum resident set size
                   0  average shared memory size
                   0  average unshared data size
                   0  average unshared stack size
               34009  page reclaims
                 964  page faults
                   0  swaps
                   0  block input operations
                   0  block output operations
                   0  messages sent
                   0  messages received
                   0  signals received
                  59  voluntary context switches
              112572  involuntary context switches
         17983191010  instructions retired
          6669435949  cycles elapsed
           310379168  peak memory footprint
