[DawnKernelHarness] limits: invocations/wg=512 wgSizeX=512 storageBufs=10 maxBuffer=1073741824 maxStorageBinding=1073741824 (adapter: 1024 1024 10 4294967295 4294967295)
[pwofficial_gpu_match_dawn] backend=blocked(fma4x4+direct+w64+nopb+f16+keyscan3+ptr+kp,V8) adapter="Apple M3 Pro" subgroups=1 sgmatrix=1 f32_8x8x8=1 f16_f32=1 mixed=0 subgroup=[4,64] packed_dot=1 timestamp=1 limits[storage=32768 invocations=1024 sizeX=1024]
WARNING: Logging before InitGoogleLogging() is written to STDERR
I20260925 18:02:45.304912 0x1fecf6080 database_cache.cc:72] Loading rigs...
I20260925 18:02:45.304945 0x1fecf6080 database_cache.cc:82]  0 in 0.000s
I20260925 18:02:45.304952 0x1fecf6080 database_cache.cc:90] Loading cameras...
I20260925 18:02:45.304967 0x1fecf6080 database_cache.cc:108]  2 in 0.000s
I20260925 18:02:45.304973 0x1fecf6080 database_cache.cc:116] Loading frames...
I20260925 18:02:45.304983 0x1fecf6080 database_cache.cc:126]  0 in 0.000s
I20260925 18:02:45.304988 0x1fecf6080 database_cache.cc:134] Loading matches...
I20260925 18:02:45.304997 0x1fecf6080 database_cache.cc:139]  1 in 0.000s
I20260925 18:02:45.305002 0x1fecf6080 database_cache.cc:147] Loading images...
I20260925 18:02:45.305108 0x1fecf6080 database_cache.cc:236]  2 in 0.000s (loaded all 2)
I20260925 18:02:45.305115 0x1fecf6080 database_cache.cc:255] Loading pose priors...
I20260925 18:02:45.305122 0x1fecf6080 database_cache.cc:263]  0 in 0.000s
I20260925 18:02:45.305126 0x1fecf6080 database_cache.cc:271] Building correspondence graph...
I20260925 18:02:45.305167 0x1fecf6080 database_cache.cc:300]  in 0.000s (ignored 0)
I20260925 18:02:45.372276 0x1fecf6080 official_bundle_adjustment_ceres.cc:1648] [AETHER gravity] injected 3/3 roll/pitch anchors, sigma_rad=0.00872665
[AETHER BA-ORDERING] blocks=481 pts(g0)=472 cams(g1)=3 g1_all_pose=1 proven=1
I20260925 18:02:45.378077 0x1fecf6080 official_bundle_adjustment_ceres.cc:1137] [AETHER] solver_used=DENSE_SCHUR sparse_backend=EIGEN_SPARSE dense_backend=EIGEN mixed=0 threads=1
I20260925 18:02:45.378672 0x1fecf6080 official_bundle_adjustment_ceres.cc:1648] [AETHER gravity] injected 3/3 roll/pitch anchors, sigma_rad=0.00872665
[AETHER BA-ORDERING] blocks=477 pts(g0)=468 cams(g1)=3 g1_all_pose=1 proven=1
I20260925 18:02:45.380200 0x1fecf6080 official_bundle_adjustment_ceres.cc:1137] [AETHER] solver_used=DENSE_SCHUR sparse_backend=EIGEN_SPARSE dense_backend=EIGEN mixed=0 threads=1
I20260925 18:02:45.462140 0x1fecf6080 official_bundle_adjustment_ceres.cc:1648] [AETHER gravity] injected 4/4 roll/pitch anchors, sigma_rad=0.00872665
[AETHER BA-ORDERING] blocks=798 pts(g0)=787 cams(g1)=4 g1_all_pose=1 proven=1
I20260925 18:02:45.475156 0x1fecf6080 official_bundle_adjustment_ceres.cc:1137] [AETHER] solver_used=DENSE_SCHUR sparse_backend=EIGEN_SPARSE dense_backend=EIGEN mixed=0 threads=1
I20260925 18:02:45.476129 0x1fecf6080 official_bundle_adjustment_ceres.cc:1648] [AETHER gravity] injected 4/4 roll/pitch anchors, sigma_rad=0.00872665
I20260925 18:02:45.479569 0x1fecf6080 official_bundle_adjustment_ceres.cc:1137] [AETHER] solver_used=DENSE_SCHUR sparse_backend=EIGEN_SPARSE dense_backend=EIGEN mixed=0 threads=1
I20260925 18:02:45.545708 0x1fecf6080 official_bundle_adjustment_ceres.cc:1648] [AETHER gravity] injected 5/5 roll/pitch anchors, sigma_rad=0.00872665
I20260925 18:02:45.563823 0x1fecf6080 official_bundle_adjustment_ceres.cc:1137] [AETHER] solver_used=DENSE_SCHUR sparse_backend=EIGEN_SPARSE dense_backend=EIGEN mixed=0 threads=1
I20260925 18:02:45.565410 0x1fecf6080 official_bundle_adjustment_ceres.cc:1648] [AETHER gravity] injected 5/5 roll/pitch anchors, sigma_rad=0.00872665
I20260925 18:02:45.570455 0x1fecf6080 official_bundle_adjustment_ceres.cc:1137] [AETHER] solver_used=DENSE_SCHUR sparse_backend=EIGEN_SPARSE dense_backend=EIGEN mixed=0 threads=1
I20260925 18:02:45.624306 0x1fecf6080 official_bundle_adjustment_ceres.cc:1648] [AETHER gravity] injected 6/6 roll/pitch anchors, sigma_rad=0.00872665
I20260925 18:02:45.643785 0x1fecf6080 official_bundle_adjustment_ceres.cc:1137] [AETHER] solver_used=DENSE_SCHUR sparse_backend=EIGEN_SPARSE dense_backend=EIGEN mixed=0 threads=1
I20260925 18:02:45.645078 0x1fecf6080 official_bundle_adjustment_ceres.cc:1648] [AETHER gravity] injected 6/6 roll/pitch anchors, sigma_rad=0.00872665
I20260925 18:02:45.647510 0x1fecf6080 official_bundle_adjustment_ceres.cc:1137] [AETHER] solver_used=DENSE_SCHUR sparse_backend=EIGEN_SPARSE dense_backend=EIGEN mixed=0 threads=1
I20260925 18:02:45.718087 0x1fecf6080 official_bundle_adjustment_ceres.cc:1648] [AETHER gravity] injected 6/6 roll/pitch anchors, sigma_rad=0.00872665
I20260925 18:02:45.733472 0x1fecf6080 official_bundle_adjustment_ceres.cc:1137] [AETHER] solver_used=DENSE_SCHUR sparse_backend=EIGEN_SPARSE dense_backend=EIGEN mixed=0 threads=1
I20260925 18:02:45.734773 0x1fecf6080 official_bundle_adjustment_ceres.cc:1648] [AETHER gravity] injected 6/6 roll/pitch anchors, sigma_rad=0.00872665
I20260925 18:02:45.736946 0x1fecf6080 official_bundle_adjustment_ceres.cc:1137] [AETHER] solver_used=DENSE_SCHUR sparse_backend=EIGEN_SPARSE dense_backend=EIGEN mixed=0 threads=1
I20260925 18:02:45.825832 0x1fecf6080 official_bundle_adjustment_ceres.cc:1648] [AETHER gravity] injected 6/6 roll/pitch anchors, sigma_rad=0.00872665
I20260925 18:02:45.847073 0x1fecf6080 official_bundle_adjustment_ceres.cc:1137] [AETHER] solver_used=DENSE_SCHUR sparse_backend=EIGEN_SPARSE dense_backend=EIGEN mixed=0 threads=6
I20260925 18:02:45.849076 0x1fecf6080 official_bundle_adjustment_ceres.cc:1648] [AETHER gravity] injected 6/6 roll/pitch anchors, sigma_rad=0.00872665
I20260925 18:02:45.852544 0x1fecf6080 official_bundle_adjustment_ceres.cc:1137] [AETHER] solver_used=DENSE_SCHUR sparse_backend=EIGEN_SPARSE dense_backend=EIGEN mixed=0 threads=1
I20260925 18:02:45.935440 0x1fecf6080 official_bundle_adjustment_ceres.cc:1648] [AETHER gravity] injected 5/5 roll/pitch anchors, sigma_rad=0.00872665
I20260925 18:02:45.945383 0x1fecf6080 official_bundle_adjustment_ceres.cc:1137] [AETHER] solver_used=DENSE_SCHUR sparse_backend=EIGEN_SPARSE dense_backend=EIGEN mixed=0 threads=1
I20260925 18:02:45.946556 0x1fecf6080 official_bundle_adjustment_ceres.cc:1648] [AETHER gravity] injected 5/5 roll/pitch anchors, sigma_rad=0.00872665
I20260925 18:02:45.949165 0x1fecf6080 official_bundle_adjustment_ceres.cc:1137] [AETHER] solver_used=DENSE_SCHUR sparse_backend=EIGEN_SPARSE dense_backend=EIGEN mixed=0 threads=1
I20260925 18:02:46.007084 0x1fecf6080 official_bundle_adjustment_ceres.cc:1648] [AETHER gravity] injected 4/4 roll/pitch anchors, sigma_rad=0.00872665
I20260925 18:02:46.013395 0x1fecf6080 official_bundle_adjustment_ceres.cc:1137] [AETHER] solver_used=DENSE_SCHUR sparse_backend=EIGEN_SPARSE dense_backend=EIGEN mixed=0 threads=1
I20260925 18:02:46.014555 0x1fecf6080 official_bundle_adjustment_ceres.cc:1648] [AETHER gravity] injected 5/5 roll/pitch anchors, sigma_rad=0.00872665
I20260925 18:02:46.016345 0x1fecf6080 official_bundle_adjustment_ceres.cc:1137] [AETHER] solver_used=DENSE_SCHUR sparse_backend=EIGEN_SPARSE dense_backend=EIGEN mixed=0 threads=1
I20260925 18:02:46.176340 0x1fecf6080 official_bundle_adjustment_ceres.cc:1648] [AETHER gravity] injected 2/2 roll/pitch anchors, sigma_rad=0.00872665
I20260925 18:02:46.176523 0x1fecf6080 official_bundle_adjustment_ceres.cc:1137] [AETHER] solver_used=DENSE_SCHUR sparse_backend=EIGEN_SPARSE dense_backend=EIGEN mixed=0 threads=1
I20260925 18:02:46.176691 0x1fecf6080 official_bundle_adjustment_ceres.cc:1648] [AETHER gravity] injected 2/2 roll/pitch anchors, sigma_rad=0.00872665
I20260925 18:02:46.176747 0x1fecf6080 official_bundle_adjustment_ceres.cc:1137] [AETHER] solver_used=DENSE_SCHUR sparse_backend=EIGEN_SPARSE dense_backend=EIGEN mixed=0 threads=1
I20260925 18:02:46.288021 0x1fecf6080 official_bundle_adjustment_ceres.cc:1648] [AETHER gravity] injected 3/3 roll/pitch anchors, sigma_rad=0.00872665
I20260925 18:02:46.289221 0x1fecf6080 official_bundle_adjustment_ceres.cc:1137] [AETHER] solver_used=DENSE_SCHUR sparse_backend=EIGEN_SPARSE dense_backend=EIGEN mixed=0 threads=1
I20260925 18:02:46.289810 0x1fecf6080 official_bundle_adjustment_ceres.cc:1648] [AETHER gravity] injected 4/4 roll/pitch anchors, sigma_rad=0.00872665
I20260925 18:02:46.290931 0x1fecf6080 official_bundle_adjustment_ceres.cc:1137] [AETHER] solver_used=DENSE_SCHUR sparse_backend=EIGEN_SPARSE dense_backend=EIGEN mixed=0 threads=1
I20260925 18:02:46.413127 0x1fecf6080 official_bundle_adjustment_ceres.cc:1648] [AETHER gravity] injected 6/6 roll/pitch anchors, sigma_rad=0.00872665
I20260925 18:02:46.421309 0x1fecf6080 official_bundle_adjustment_ceres.cc:1137] [AETHER] solver_used=DENSE_SCHUR sparse_backend=EIGEN_SPARSE dense_backend=EIGEN mixed=0 threads=1
I20260925 18:02:46.422585 0x1fecf6080 official_bundle_adjustment_ceres.cc:1648] [AETHER gravity] injected 6/6 roll/pitch anchors, sigma_rad=0.00872665
I20260925 18:02:46.424688 0x1fecf6080 official_bundle_adjustment_ceres.cc:1137] [AETHER] solver_used=DENSE_SCHUR sparse_backend=EIGEN_SPARSE dense_backend=EIGEN mixed=0 threads=1
I20260925 18:02:46.509855 0x1fecf6080 official_bundle_adjustment_ceres.cc:1648] [AETHER gravity] injected 6/6 roll/pitch anchors, sigma_rad=0.00872665
I20260925 18:02:46.524338 0x1fecf6080 official_bundle_adjustment_ceres.cc:1137] [AETHER] solver_used=DENSE_SCHUR sparse_backend=EIGEN_SPARSE dense_backend=EIGEN mixed=0 threads=1
I20260925 18:02:46.525923 0x1fecf6080 official_bundle_adjustment_ceres.cc:1648] [AETHER gravity] injected 6/6 roll/pitch anchors, sigma_rad=0.00872665
I20260925 18:02:46.530714 0x1fecf6080 official_bundle_adjustment_ceres.cc:1137] [AETHER] solver_used=DENSE_SCHUR sparse_backend=EIGEN_SPARSE dense_backend=EIGEN mixed=0 threads=1
I20260925 18:02:46.562595 0x1fecf6080 official_bundle_adjustment_ceres.cc:1648] [AETHER gravity] injected 2/2 roll/pitch anchors, sigma_rad=0.00872665
I20260925 18:02:46.562877 0x1fecf6080 official_bundle_adjustment_ceres.cc:1137] [AETHER] solver_used=DENSE_SCHUR sparse_backend=EIGEN_SPARSE dense_backend=EIGEN mixed=0 threads=1
I20260925 18:02:46.563084 0x1fecf6080 official_bundle_adjustment_ceres.cc:1648] [AETHER gravity] injected 2/2 roll/pitch anchors, sigma_rad=0.00872665
I20260925 18:02:46.563227 0x1fecf6080 official_bundle_adjustment_ceres.cc:1137] [AETHER] solver_used=DENSE_SCHUR sparse_backend=EIGEN_SPARSE dense_backend=EIGEN mixed=0 threads=1
I20260925 18:02:46.600654 0x1fecf6080 official_bundle_adjustment_ceres.cc:1648] [AETHER gravity] injected 4/4 roll/pitch anchors, sigma_rad=0.00872665
I20260925 18:02:46.606785 0x1fecf6080 official_bundle_adjustment_ceres.cc:1137] [AETHER] solver_used=DENSE_SCHUR sparse_backend=EIGEN_SPARSE dense_backend=EIGEN mixed=0 threads=1
I20260925 18:02:46.608077 0x1fecf6080 official_bundle_adjustment_ceres.cc:1648] [AETHER gravity] injected 6/6 roll/pitch anchors, sigma_rad=0.00872665
I20260925 18:02:46.611276 0x1fecf6080 official_bundle_adjustment_ceres.cc:1137] [AETHER] solver_used=DENSE_SCHUR sparse_backend=EIGEN_SPARSE dense_backend=EIGEN mixed=0 threads=1
I20260925 18:02:46.673099 0x1fecf6080 official_bundle_adjustment_ceres.cc:1648] [AETHER gravity] injected 6/6 roll/pitch anchors, sigma_rad=0.00872665
I20260925 18:02:46.684481 0x1fecf6080 official_bundle_adjustment_ceres.cc:1137] [AETHER] solver_used=DENSE_SCHUR sparse_backend=EIGEN_SPARSE dense_backend=EIGEN mixed=0 threads=1
I20260925 18:02:46.686191 0x1fecf6080 official_bundle_adjustment_ceres.cc:1648] [AETHER gravity] injected 6/6 roll/pitch anchors, sigma_rad=0.00872665
I20260925 18:02:46.688268 0x1fecf6080 official_bundle_adjustment_ceres.cc:1137] [AETHER] solver_used=DENSE_SCHUR sparse_backend=EIGEN_SPARSE dense_backend=EIGEN mixed=0 threads=1
I20260925 18:02:46.746388 0x1fecf6080 official_bundle_adjustment_ceres.cc:1648] [AETHER gravity] injected 4/4 roll/pitch anchors, sigma_rad=0.00872665
I20260925 18:02:46.751994 0x1fecf6080 official_bundle_adjustment_ceres.cc:1137] [AETHER] solver_used=DENSE_SCHUR sparse_backend=EIGEN_SPARSE dense_backend=EIGEN mixed=0 threads=1
I20260925 18:02:46.753432 0x1fecf6080 official_bundle_adjustment_ceres.cc:1648] [AETHER gravity] injected 6/6 roll/pitch anchors, sigma_rad=0.00872665
I20260925 18:02:46.756457 0x1fecf6080 official_bundle_adjustment_ceres.cc:1137] [AETHER] solver_used=DENSE_SCHUR sparse_backend=EIGEN_SPARSE dense_backend=EIGEN mixed=0 threads=1
I20260925 18:02:46.809344 0x1fecf6080 official_bundle_adjustment_ceres.cc:1648] [AETHER gravity] injected 2/2 roll/pitch anchors, sigma_rad=0.00872665
I20260925 18:02:46.810099 0x1fecf6080 official_bundle_adjustment_ceres.cc:1137] [AETHER] solver_used=DENSE_SCHUR sparse_backend=EIGEN_SPARSE dense_backend=EIGEN mixed=0 threads=1
I20260925 18:02:46.810348 0x1fecf6080 official_bundle_adjustment_ceres.cc:1648] [AETHER gravity] injected 2/2 roll/pitch anchors, sigma_rad=0.00872665
I20260925 18:02:46.810479 0x1fecf6080 official_bundle_adjustment_ceres.cc:1137] [AETHER] solver_used=DENSE_SCHUR sparse_backend=EIGEN_SPARSE dense_backend=EIGEN mixed=0 threads=1
I20260925 18:02:46.811273 0x16d687000 database_cache.cc:72] Loading rigs...
I20260925 18:02:46.811285 0x16d687000 database_cache.cc:82]  0 in 0.000s
I20260925 18:02:46.811292 0x16d687000 database_cache.cc:90] Loading cameras...
I20260925 18:02:46.811306 0x16d687000 database_cache.cc:108]  20 in 0.000s
I20260925 18:02:46.811311 0x16d687000 database_cache.cc:116] Loading frames...
I20260925 18:02:46.811318 0x16d687000 database_cache.cc:126]  0 in 0.000s
I20260925 18:02:46.811321 0x16d687000 database_cache.cc:134] Loading matches...
I20260925 18:02:46.811382 0x16d687000 database_cache.cc:139]  73 in 0.000s
I20260925 18:02:46.811386 0x16d687000 database_cache.cc:147] Loading images...
I20260925 18:02:46.812309 0x16d687000 database_cache.cc:236]  20 in 0.001s (loaded all 20)
I20260925 18:02:46.812315 0x16d687000 database_cache.cc:255] Loading pose priors...
I20260925 18:02:46.812322 0x16d687000 database_cache.cc:263]  0 in 0.000s
I20260925 18:02:46.812326 0x16d687000 database_cache.cc:271] Building correspondence graph...
I20260925 18:02:46.812938 0x16d687000 database_cache.cc:300]  in 0.001s (ignored 0)
I20260925 18:02:46.817038 0x16d687000 official_bundle_adjustment_ceres.cc:1648] [AETHER gravity] injected 19/20 roll/pitch anchors, sigma_rad=0.00872665
I20260925 18:02:46.896476 0x16d687000 official_bundle_adjustment_ceres.cc:1137] [AETHER] solver_used=DENSE_SCHUR sparse_backend=EIGEN_SPARSE dense_backend=EIGEN mixed=0 threads=6
I20260925 18:02:46.900944 0x16d687000 official_bundle_adjustment_ceres.cc:1648] [AETHER gravity] injected 19/20 roll/pitch anchors, sigma_rad=0.00872665
W20260925 18:02:46.958917 0x16d713000 official_aether_sfm_c.cc:6907] [aether_sfm] finalize re-match: starved_frames=6 candidates=73 attempted=73 written=0 inliers=0 failed=0 gpu_fail_capture=0 probe_debt_repaid=0 probe_debt_left=0
I20260925 18:02:46.982267 0x16d687000 official_bundle_adjustment_ceres.cc:1137] [AETHER] solver_used=DENSE_SCHUR sparse_backend=EIGEN_SPARSE dense_backend=EIGEN mixed=0 threads=6
I20260925 18:02:46.986303 0x16d687000 official_bundle_adjustment_ceres.cc:1648] [AETHER gravity] injected 19/20 roll/pitch anchors, sigma_rad=0.00872665
I20260925 18:02:47.025749 0x16d687000 official_bundle_adjustment_ceres.cc:1137] [AETHER] solver_used=DENSE_SCHUR sparse_backend=EIGEN_SPARSE dense_backend=EIGEN mixed=0 threads=6
I20260925 18:02:47.029288 0x16d687000 official_bundle_adjustment_ceres.cc:1648] [AETHER gravity] injected 19/20 roll/pitch anchors, sigma_rad=0.00872665
W20260925 18:02:47.031133 0x16d713000 official_aether_sfm_c.cc:7348] [aether_sfm] official quadratic overlap: overlap=10 candidates=36 written=0 in 72.0681 ms
I20260925 18:02:47.068092 0x16d687000 official_bundle_adjustment_ceres.cc:1137] [AETHER] solver_used=DENSE_SCHUR sparse_backend=EIGEN_SPARSE dense_backend=EIGEN mixed=0 threads=6
I20260925 18:02:47.071168 0x16d687000 official_incremental_pipeline.cc:323] Loading database
I20260925 18:02:47.071209 0x16d687000 database_cache.cc:72] Loading rigs...
I20260925 18:02:47.071221 0x16d687000 database_cache.cc:82]  0 in 0.000s
I20260925 18:02:47.071228 0x16d687000 database_cache.cc:90] Loading cameras...
I20260925 18:02:47.071245 0x16d687000 database_cache.cc:108]  20 in 0.000s
I20260925 18:02:47.071251 0x16d687000 database_cache.cc:116] Loading frames...
I20260925 18:02:47.071258 0x16d687000 database_cache.cc:126]  0 in 0.000s
I20260925 18:02:47.071266 0x16d687000 database_cache.cc:134] Loading matches...
I20260925 18:02:47.071345 0x16d687000 database_cache.cc:139]  73 in 0.000s
I20260925 18:02:47.071349 0x16d687000 database_cache.cc:147] Loading images...
I20260925 18:02:47.072238 0x16d687000 database_cache.cc:236]  20 in 0.001s (loaded all 20)
I20260925 18:02:47.072245 0x16d687000 database_cache.cc:255] Loading pose priors...
I20260925 18:02:47.072255 0x16d687000 database_cache.cc:263]  0 in 0.000s
I20260925 18:02:47.072259 0x16d687000 database_cache.cc:271] Building correspondence graph...
I20260925 18:02:47.072838 0x16d687000 database_cache.cc:300]  in 0.001s (ignored 0)
I20260925 18:02:47.072844 0x16d687000 timer.cc:90] Elapsed time: 0.000 [minutes]
I20260925 18:02:47.076155 0x16d687000 official_bundle_adjustment_ceres.cc:1648] [AETHER gravity] injected 19/20 roll/pitch anchors, sigma_rad=0.00872665
I20260925 18:02:47.096873 0x16d687000 official_bundle_adjustment_ceres.cc:1137] [AETHER] solver_used=DENSE_SCHUR sparse_backend=EIGEN_SPARSE dense_backend=EIGEN mixed=0 threads=6
W20260925 18:02:47.098842 0x16d687000 official_aether_sfm_c.cc:9530] [frame-loss] before=20 after=20 lost_zero_obs=0 lost_with_obs=0 |
W20260925 18:02:47.099199 0x16d687000 official_aether_sfm_c.cc:9614] [aether_sfm] finalize worker: cache_pre=1ms enrich=224ms stage1=256ms (ok, rounds=4) stage2=28ms (rounds<=1) temporal=0ms upgrade=0ms total=288ms
W20260925 18:02:47.099490 0x16d687000 official_aether_sfm_c.cc:9643] [aether_sfm] delivered-point provenance: live-created=2429 official-retriangulated=137 live-dropped-by-official-filtering=300 (live model had 2729; capture-time official TriangulateImage added 0 obs)
W20260925 18:02:47.099620 0x16d687000 official_aether_sfm_c.cc:8066] [device-align-v1] status=aligned pairs=20 inliers=20 max_error_m=0.111819 scale=1.02393 centre_err_median_m=0.0105038 centre_err_max_m=0.0285444 outliers=0
W20260925 18:02:47.125208 0x1fecf6080 official_aether_sfm_c.cc:13097] [aether_sfm] deliver-filter(get_points_tracked): kept 2449/2566 (min_tri_angle=3deg, mirror_ghost=0, isolated_floater=1, killed_union=1)
[pwofficial_gpu_match_dawn] device lost #1 reason=2 rc=8: Device was destroyed.
        2.02 real         1.13 user         0.66 sys
           124059648  maximum resident set size
                   0  average shared memory size
                   0  average unshared data size
                   0  average unshared stack size
               36270  page reclaims
                 449  page faults
                   0  swaps
                   0  block input operations
                   0  block output operations
                   0  messages sent
                   0  messages received
                   0  signals received
                  51  voluntary context switches
               81972  involuntary context switches
         15543218946  instructions retired
          6197955157  cycles elapsed
           331186872  peak memory footprint
