[DawnKernelHarness] limits: invocations/wg=512 wgSizeX=512 storageBufs=10 maxBuffer=1073741824 maxStorageBinding=1073741824 (adapter: 1024 1024 10 4294967295 4294967295)
[pwofficial_gpu_match_dawn] backend=blocked(fma4x4+direct+w64+nopb+f16+keyscan3+ptr+kp,V8) adapter="Apple M3 Pro" subgroups=1 sgmatrix=1 f32_8x8x8=1 f16_f32=1 mixed=0 subgroup=[4,64] packed_dot=1 timestamp=1 limits[storage=32768 invocations=1024 sizeX=1024]
WARNING: Logging before InitGoogleLogging() is written to STDERR
I20260925 13:44:26.852819 0x1fecf6080 database_cache.cc:72] Loading rigs...
I20260925 13:44:26.852845 0x1fecf6080 database_cache.cc:82]  0 in 0.000s
I20260925 13:44:26.852852 0x1fecf6080 database_cache.cc:90] Loading cameras...
I20260925 13:44:26.852865 0x1fecf6080 database_cache.cc:108]  2 in 0.000s
I20260925 13:44:26.852871 0x1fecf6080 database_cache.cc:116] Loading frames...
I20260925 13:44:26.852879 0x1fecf6080 database_cache.cc:126]  0 in 0.000s
I20260925 13:44:26.852884 0x1fecf6080 database_cache.cc:134] Loading matches...
I20260925 13:44:26.852894 0x1fecf6080 database_cache.cc:139]  1 in 0.000s
I20260925 13:44:26.852899 0x1fecf6080 database_cache.cc:147] Loading images...
I20260925 13:44:26.853005 0x1fecf6080 database_cache.cc:236]  2 in 0.000s (loaded all 2)
I20260925 13:44:26.853014 0x1fecf6080 database_cache.cc:255] Loading pose priors...
I20260925 13:44:26.853022 0x1fecf6080 database_cache.cc:263]  0 in 0.000s
I20260925 13:44:26.853027 0x1fecf6080 database_cache.cc:271] Building correspondence graph...
I20260925 13:44:26.853075 0x1fecf6080 database_cache.cc:300]  in 0.000s (ignored 0)
I20260925 13:44:26.928882 0x1fecf6080 official_bundle_adjustment_ceres.cc:1648] [AETHER gravity] injected 3/3 roll/pitch anchors, sigma_rad=0.00872665
[AETHER BA-ORDERING] blocks=370 pts(g0)=361 cams(g1)=3 g1_all_pose=1 proven=1
I20260925 13:44:26.935934 0x1fecf6080 official_bundle_adjustment_ceres.cc:1137] [AETHER] solver_used=DENSE_SCHUR sparse_backend=EIGEN_SPARSE dense_backend=EIGEN mixed=0 threads=1
I20260925 13:44:26.936467 0x1fecf6080 official_bundle_adjustment_ceres.cc:1648] [AETHER gravity] injected 3/3 roll/pitch anchors, sigma_rad=0.00872665
[AETHER BA-ORDERING] blocks=360 pts(g0)=351 cams(g1)=3 g1_all_pose=1 proven=1
I20260925 13:44:26.938737 0x1fecf6080 official_bundle_adjustment_ceres.cc:1137] [AETHER] solver_used=DENSE_SCHUR sparse_backend=EIGEN_SPARSE dense_backend=EIGEN mixed=0 threads=1
I20260925 13:44:26.998265 0x1fecf6080 official_bundle_adjustment_ceres.cc:1648] [AETHER gravity] injected 4/4 roll/pitch anchors, sigma_rad=0.00872665
[AETHER BA-ORDERING] blocks=566 pts(g0)=555 cams(g1)=4 g1_all_pose=1 proven=1
I20260925 13:44:27.007011 0x1fecf6080 official_bundle_adjustment_ceres.cc:1137] [AETHER] solver_used=DENSE_SCHUR sparse_backend=EIGEN_SPARSE dense_backend=EIGEN mixed=0 threads=1
I20260925 13:44:27.007605 0x1fecf6080 official_bundle_adjustment_ceres.cc:1648] [AETHER gravity] injected 4/4 roll/pitch anchors, sigma_rad=0.00872665
I20260925 13:44:27.010261 0x1fecf6080 official_bundle_adjustment_ceres.cc:1137] [AETHER] solver_used=DENSE_SCHUR sparse_backend=EIGEN_SPARSE dense_backend=EIGEN mixed=0 threads=1
I20260925 13:44:27.061668 0x1fecf6080 official_bundle_adjustment_ceres.cc:1648] [AETHER gravity] injected 3/3 roll/pitch anchors, sigma_rad=0.00872665
I20260925 13:44:27.067750 0x1fecf6080 official_bundle_adjustment_ceres.cc:1137] [AETHER] solver_used=DENSE_SCHUR sparse_backend=EIGEN_SPARSE dense_backend=EIGEN mixed=0 threads=1
I20260925 13:44:27.068362 0x1fecf6080 official_bundle_adjustment_ceres.cc:1648] [AETHER gravity] injected 4/4 roll/pitch anchors, sigma_rad=0.00872665
I20260925 13:44:27.069413 0x1fecf6080 official_bundle_adjustment_ceres.cc:1137] [AETHER] solver_used=DENSE_SCHUR sparse_backend=EIGEN_SPARSE dense_backend=EIGEN mixed=0 threads=1
I20260925 13:44:27.103858 0x1fecf6080 official_bundle_adjustment_ceres.cc:1648] [AETHER gravity] injected 2/2 roll/pitch anchors, sigma_rad=0.00872665
I20260925 13:44:27.104789 0x1fecf6080 official_bundle_adjustment_ceres.cc:1137] [AETHER] solver_used=DENSE_SCHUR sparse_backend=EIGEN_SPARSE dense_backend=EIGEN mixed=0 threads=1
I20260925 13:44:27.104995 0x1fecf6080 official_bundle_adjustment_ceres.cc:1648] [AETHER gravity] injected 2/2 roll/pitch anchors, sigma_rad=0.00872665
I20260925 13:44:27.105148 0x1fecf6080 official_bundle_adjustment_ceres.cc:1137] [AETHER] solver_used=DENSE_SCHUR sparse_backend=EIGEN_SPARSE dense_backend=EIGEN mixed=0 threads=1
I20260925 13:44:27.146322 0x1fecf6080 official_bundle_adjustment_ceres.cc:1648] [AETHER gravity] injected 3/3 roll/pitch anchors, sigma_rad=0.00872665
I20260925 13:44:27.147483 0x1fecf6080 official_bundle_adjustment_ceres.cc:1137] [AETHER] solver_used=DENSE_SCHUR sparse_backend=EIGEN_SPARSE dense_backend=EIGEN mixed=0 threads=1
I20260925 13:44:27.147786 0x1fecf6080 official_bundle_adjustment_ceres.cc:1648] [AETHER gravity] injected 3/3 roll/pitch anchors, sigma_rad=0.00872665
I20260925 13:44:27.148204 0x1fecf6080 official_bundle_adjustment_ceres.cc:1137] [AETHER] solver_used=DENSE_SCHUR sparse_backend=EIGEN_SPARSE dense_backend=EIGEN mixed=0 threads=1
I20260925 13:44:27.191391 0x1fecf6080 official_bundle_adjustment_ceres.cc:1648] [AETHER gravity] injected 2/2 roll/pitch anchors, sigma_rad=0.00872665
I20260925 13:44:27.191759 0x1fecf6080 official_bundle_adjustment_ceres.cc:1137] [AETHER] solver_used=DENSE_SCHUR sparse_backend=EIGEN_SPARSE dense_backend=EIGEN mixed=0 threads=1
I20260925 13:44:27.192258 0x1fecf6080 official_bundle_adjustment_ceres.cc:1648] [AETHER gravity] injected 2/2 roll/pitch anchors, sigma_rad=0.00872665
I20260925 13:44:27.192331 0x1fecf6080 official_bundle_adjustment_ceres.cc:1137] [AETHER] solver_used=DENSE_SCHUR sparse_backend=EIGEN_SPARSE dense_backend=EIGEN mixed=0 threads=1
I20260925 13:44:27.338930 0x1fecf6080 official_bundle_adjustment_ceres.cc:1648] [AETHER gravity] injected 2/2 roll/pitch anchors, sigma_rad=0.00872665
I20260925 13:44:27.339129 0x1fecf6080 official_bundle_adjustment_ceres.cc:1137] [AETHER] solver_used=DENSE_SCHUR sparse_backend=EIGEN_SPARSE dense_backend=EIGEN mixed=0 threads=1
I20260925 13:44:27.339260 0x1fecf6080 official_bundle_adjustment_ceres.cc:1648] [AETHER gravity] injected 2/2 roll/pitch anchors, sigma_rad=0.00872665
I20260925 13:44:27.339319 0x1fecf6080 official_bundle_adjustment_ceres.cc:1137] [AETHER] solver_used=DENSE_SCHUR sparse_backend=EIGEN_SPARSE dense_backend=EIGEN mixed=0 threads=1
I20260925 13:44:27.418309 0x1fecf6080 official_bundle_adjustment_ceres.cc:1648] [AETHER gravity] injected 2/2 roll/pitch anchors, sigma_rad=0.00872665
I20260925 13:44:27.420049 0x1fecf6080 official_bundle_adjustment_ceres.cc:1137] [AETHER] solver_used=DENSE_SCHUR sparse_backend=EIGEN_SPARSE dense_backend=EIGEN mixed=0 threads=1
I20260925 13:44:27.469922 0x1fecf6080 official_bundle_adjustment_ceres.cc:1648] [AETHER gravity] injected 2/2 roll/pitch anchors, sigma_rad=0.00872665
I20260925 13:44:27.470454 0x1fecf6080 official_bundle_adjustment_ceres.cc:1137] [AETHER] solver_used=DENSE_SCHUR sparse_backend=EIGEN_SPARSE dense_backend=EIGEN mixed=0 threads=1
I20260925 13:44:27.548486 0x1fecf6080 official_bundle_adjustment_ceres.cc:1648] [AETHER gravity] injected 5/5 roll/pitch anchors, sigma_rad=0.00872665
I20260925 13:44:27.555417 0x1fecf6080 official_bundle_adjustment_ceres.cc:1137] [AETHER] solver_used=DENSE_SCHUR sparse_backend=EIGEN_SPARSE dense_backend=EIGEN mixed=0 threads=1
I20260925 13:44:27.556281 0x1fecf6080 official_bundle_adjustment_ceres.cc:1648] [AETHER gravity] injected 5/5 roll/pitch anchors, sigma_rad=0.00872665
I20260925 13:44:27.557873 0x1fecf6080 official_bundle_adjustment_ceres.cc:1137] [AETHER] solver_used=DENSE_SCHUR sparse_backend=EIGEN_SPARSE dense_backend=EIGEN mixed=0 threads=1
I20260925 13:44:27.604247 0x1fecf6080 official_bundle_adjustment_ceres.cc:1648] [AETHER gravity] injected 3/3 roll/pitch anchors, sigma_rad=0.00872665
I20260925 13:44:27.607663 0x1fecf6080 official_bundle_adjustment_ceres.cc:1137] [AETHER] solver_used=DENSE_SCHUR sparse_backend=EIGEN_SPARSE dense_backend=EIGEN mixed=0 threads=1
I20260925 13:44:27.608312 0x1fecf6080 official_bundle_adjustment_ceres.cc:1648] [AETHER gravity] injected 6/6 roll/pitch anchors, sigma_rad=0.00872665
I20260925 13:44:27.610032 0x1fecf6080 official_bundle_adjustment_ceres.cc:1137] [AETHER] solver_used=DENSE_SCHUR sparse_backend=EIGEN_SPARSE dense_backend=EIGEN mixed=0 threads=1
I20260925 13:44:27.668248 0x1fecf6080 official_bundle_adjustment_ceres.cc:1648] [AETHER gravity] injected 4/4 roll/pitch anchors, sigma_rad=0.00872665
I20260925 13:44:27.671668 0x1fecf6080 official_bundle_adjustment_ceres.cc:1137] [AETHER] solver_used=DENSE_SCHUR sparse_backend=EIGEN_SPARSE dense_backend=EIGEN mixed=0 threads=1
I20260925 13:44:27.672530 0x1fecf6080 official_bundle_adjustment_ceres.cc:1648] [AETHER gravity] injected 6/6 roll/pitch anchors, sigma_rad=0.00872665
I20260925 13:44:27.673891 0x1fecf6080 official_bundle_adjustment_ceres.cc:1137] [AETHER] solver_used=DENSE_SCHUR sparse_backend=EIGEN_SPARSE dense_backend=EIGEN mixed=0 threads=1
I20260925 13:44:27.802781 0x1fecf6080 official_bundle_adjustment_ceres.cc:1648] [AETHER gravity] injected 3/3 roll/pitch anchors, sigma_rad=0.00872665
I20260925 13:44:27.804469 0x1fecf6080 official_bundle_adjustment_ceres.cc:1137] [AETHER] solver_used=DENSE_SCHUR sparse_backend=EIGEN_SPARSE dense_backend=EIGEN mixed=0 threads=1
I20260925 13:44:27.804866 0x1fecf6080 official_bundle_adjustment_ceres.cc:1648] [AETHER gravity] injected 3/3 roll/pitch anchors, sigma_rad=0.00872665
I20260925 13:44:27.805327 0x1fecf6080 official_bundle_adjustment_ceres.cc:1137] [AETHER] solver_used=DENSE_SCHUR sparse_backend=EIGEN_SPARSE dense_backend=EIGEN mixed=0 threads=1
I20260925 13:44:27.838957 0x1fecf6080 official_bundle_adjustment_ceres.cc:1648] [AETHER gravity] injected 3/3 roll/pitch anchors, sigma_rad=0.00872665
I20260925 13:44:27.841239 0x1fecf6080 official_bundle_adjustment_ceres.cc:1137] [AETHER] solver_used=DENSE_SCHUR sparse_backend=EIGEN_SPARSE dense_backend=EIGEN mixed=0 threads=1
I20260925 13:44:27.841811 0x1fecf6080 official_bundle_adjustment_ceres.cc:1648] [AETHER gravity] injected 4/4 roll/pitch anchors, sigma_rad=0.00872665
I20260925 13:44:27.843039 0x1fecf6080 official_bundle_adjustment_ceres.cc:1137] [AETHER] solver_used=DENSE_SCHUR sparse_backend=EIGEN_SPARSE dense_backend=EIGEN mixed=0 threads=1
I20260925 13:44:27.843916 0x16dadf000 database_cache.cc:72] Loading rigs...
I20260925 13:44:27.843930 0x16dadf000 database_cache.cc:82]  0 in 0.000s
I20260925 13:44:27.843936 0x16dadf000 database_cache.cc:90] Loading cameras...
I20260925 13:44:27.843951 0x16dadf000 database_cache.cc:108]  20 in 0.000s
I20260925 13:44:27.843955 0x16dadf000 database_cache.cc:116] Loading frames...
I20260925 13:44:27.843963 0x16dadf000 database_cache.cc:126]  0 in 0.000s
I20260925 13:44:27.843967 0x16dadf000 database_cache.cc:134] Loading matches...
I20260925 13:44:27.844006 0x16dadf000 database_cache.cc:139]  49 in 0.000s
I20260925 13:44:27.844010 0x16dadf000 database_cache.cc:147] Loading images...
I20260925 13:44:27.844803 0x16dadf000 database_cache.cc:236]  20 in 0.001s (loaded all 20)
I20260925 13:44:27.844809 0x16dadf000 database_cache.cc:255] Loading pose priors...
I20260925 13:44:27.844818 0x16dadf000 database_cache.cc:263]  0 in 0.000s
I20260925 13:44:27.844821 0x16dadf000 database_cache.cc:271] Building correspondence graph...
I20260925 13:44:27.845257 0x16dadf000 database_cache.cc:300]  in 0.000s (ignored 0)
I20260925 13:44:27.848503 0x16dadf000 official_bundle_adjustment_ceres.cc:1648] [AETHER gravity] injected 17/18 roll/pitch anchors, sigma_rad=0.00872665
I20260925 13:44:27.899997 0x16dadf000 official_bundle_adjustment_ceres.cc:1137] [AETHER] solver_used=DENSE_SCHUR sparse_backend=EIGEN_SPARSE dense_backend=EIGEN mixed=0 threads=6
I20260925 13:44:27.902519 0x16dadf000 official_bundle_adjustment_ceres.cc:1648] [AETHER gravity] injected 17/18 roll/pitch anchors, sigma_rad=0.00872665
I20260925 13:44:27.933026 0x16dadf000 official_bundle_adjustment_ceres.cc:1137] [AETHER] solver_used=DENSE_SCHUR sparse_backend=EIGEN_SPARSE dense_backend=EIGEN mixed=0 threads=6
I20260925 13:44:27.935197 0x16dadf000 official_bundle_adjustment_ceres.cc:1648] [AETHER gravity] injected 17/18 roll/pitch anchors, sigma_rad=0.00872665
I20260925 13:44:27.974421 0x16dadf000 official_bundle_adjustment_ceres.cc:1137] [AETHER] solver_used=DENSE_SCHUR sparse_backend=EIGEN_SPARSE dense_backend=EIGEN mixed=0 threads=6
I20260925 13:44:27.976663 0x16dadf000 official_bundle_adjustment_ceres.cc:1648] [AETHER gravity] injected 17/18 roll/pitch anchors, sigma_rad=0.00872665
I20260925 13:44:28.002176 0x16dadf000 official_bundle_adjustment_ceres.cc:1137] [AETHER] solver_used=DENSE_SCHUR sparse_backend=EIGEN_SPARSE dense_backend=EIGEN mixed=0 threads=6
I20260925 13:44:28.004303 0x16dadf000 official_bundle_adjustment_ceres.cc:1648] [AETHER gravity] injected 17/18 roll/pitch anchors, sigma_rad=0.00872665
I20260925 13:44:28.012349 0x16dadf000 official_bundle_adjustment_ceres.cc:1137] [AETHER] solver_used=DENSE_SCHUR sparse_backend=EIGEN_SPARSE dense_backend=EIGEN mixed=0 threads=6
W20260925 13:44:28.045930 0x16db6b000 official_aether_sfm_c.cc:6907] [aether_sfm] finalize re-match: starved_frames=11 candidates=117 attempted=117 written=0 inliers=0 failed=0 gpu_fail_capture=0 probe_debt_repaid=0 probe_debt_left=0
W20260925 13:44:28.114095 0x16db6b000 official_aether_sfm_c.cc:7348] [aether_sfm] official quadratic overlap: overlap=10 candidates=43 written=0 in 68.0847 ms
I20260925 13:44:28.120870 0x16dadf000 official_incremental_pipeline.cc:323] Loading database
I20260925 13:44:28.120903 0x16dadf000 database_cache.cc:72] Loading rigs...
I20260925 13:44:28.120914 0x16dadf000 database_cache.cc:82]  0 in 0.000s
I20260925 13:44:28.120920 0x16dadf000 database_cache.cc:90] Loading cameras...
I20260925 13:44:28.120937 0x16dadf000 database_cache.cc:108]  20 in 0.000s
I20260925 13:44:28.120943 0x16dadf000 database_cache.cc:116] Loading frames...
I20260925 13:44:28.120951 0x16dadf000 database_cache.cc:126]  0 in 0.000s
I20260925 13:44:28.120955 0x16dadf000 database_cache.cc:134] Loading matches...
I20260925 13:44:28.121007 0x16dadf000 database_cache.cc:139]  49 in 0.000s
I20260925 13:44:28.121013 0x16dadf000 database_cache.cc:147] Loading images...
I20260925 13:44:28.121996 0x16dadf000 database_cache.cc:236]  20 in 0.001s (loaded all 20)
I20260925 13:44:28.122003 0x16dadf000 database_cache.cc:255] Loading pose priors...
I20260925 13:44:28.122012 0x16dadf000 database_cache.cc:263]  0 in 0.000s
I20260925 13:44:28.122017 0x16dadf000 database_cache.cc:271] Building correspondence graph...
I20260925 13:44:28.122522 0x16dadf000 database_cache.cc:300]  in 0.001s (ignored 0)
I20260925 13:44:28.122528 0x16dadf000 timer.cc:90] Elapsed time: 0.000 [minutes]
I20260925 13:44:28.125140 0x16dadf000 official_bundle_adjustment_ceres.cc:1648] [AETHER gravity] injected 17/18 roll/pitch anchors, sigma_rad=0.00872665
I20260925 13:44:28.161710 0x16dadf000 official_bundle_adjustment_ceres.cc:1137] [AETHER] solver_used=DENSE_SCHUR sparse_backend=EIGEN_SPARSE dense_backend=EIGEN mixed=0 threads=6
W20260925 13:44:28.162672 0x16dadf000 official_aether_sfm_c.cc:9530] [frame-loss] before=20 after=18 lost_zero_obs=2 lost_with_obs=0 | frame_000008.jpg(obs=0) frame_000016.jpg(obs=0)
W20260925 13:44:28.162810 0x16dadf000 official_aether_sfm_c.cc:9614] [aether_sfm] finalize worker: cache_pre=1ms enrich=271ms stage1=167ms (ok, rounds=5) stage2=46ms (rounds<=1) temporal=0ms upgrade=0ms total=318ms
W20260925 13:44:28.163005 0x16dadf000 official_aether_sfm_c.cc:9643] [aether_sfm] delivered-point provenance: live-created=1313 official-retriangulated=431 live-dropped-by-official-filtering=123 (live model had 1436; capture-time official TriangulateImage added 0 obs)
W20260925 13:44:28.163124 0x16dadf000 official_aether_sfm_c.cc:8066] [device-align-v1] status=aligned pairs=18 inliers=18 max_error_m=0.111819 scale=1.06216 centre_err_median_m=0.0345151 centre_err_max_m=0.0566601 outliers=0
W20260925 13:44:28.168083 0x1fecf6080 official_aether_sfm_c.cc:13097] [aether_sfm] deliver-filter(get_points_tracked): kept 1712/1744 (min_tri_angle=3deg, mirror_ghost=0, isolated_floater=12, killed_union=12)
[pwofficial_gpu_match_dawn] device lost #1 reason=2 rc=8: Device was destroyed.
        1.51 real         0.75 user         0.49 sys
           114507776  maximum resident set size
                   0  average shared memory size
                   0  average unshared data size
                   0  average unshared stack size
               35003  page reclaims
                  14  page faults
                   0  swaps
                   0  block input operations
                   0  block output operations
                   0  messages sent
                   0  messages received
                   0  signals received
                  23  voluntary context switches
               72233  involuntary context switches
         10803697507  instructions retired
          4225948489  cycles elapsed
           305693344  peak memory footprint
