[dkm] frames=115 candidate_pairs=406 selected=8 slice=56:64 available=6.50GB
/opt/homebrew/lib/python3.11/site-packages/torchvision/models/_utils.py:208: UserWarning: The parameter 'pretrained' is deprecated since 0.13 and may be removed in the future, please use 'weights' instead.
  warnings.warn(
/opt/homebrew/lib/python3.11/site-packages/torchvision/models/_utils.py:223: UserWarning: Arguments other than a weight enum or `None` for 'weights' are deprecated since 0.13 and may be removed in the future. The current behavior is equivalent to passing `weights=None`.
  warnings.warn(msg)
[dkm] model loaded on mps in 0.61s
/opt/homebrew/lib/python3.11/site-packages/torch/functional.py:505: UserWarning: torch.meshgrid: in an upcoming release, it will be required to pass the indexing argument. (Triggered internally at /Users/runner/work/pytorch/pytorch/aten/src/ATen/native/TensorShape.cpp:4384.)
  return _VF.meshgrid(tensors, **kwargs)  # type: ignore[attr-defined]
[dkm] 1/8 014_015 grid=808 arkit_inlier=1.000 magsac_inlier=1.000 median=0.488px time=0.63s
[dkm] 2/8 014_016 grid=1190 arkit_inlier=1.000 magsac_inlier=1.000 median=1.466px time=0.46s
[dkm] 3/8 014_021 grid=1561 arkit_inlier=0.860 magsac_inlier=0.988 median=2.072px time=0.46s
[dkm] 4/8 014_018 grid=1168 arkit_inlier=0.814 magsac_inlier=1.000 median=2.427px time=0.48s
[dkm] 5/8 015_018 grid=1406 arkit_inlier=0.941 magsac_inlier=1.000 median=0.732px time=0.48s
[dkm] 6/8 015_019 grid=989 arkit_inlier=0.420 magsac_inlier=0.941 median=3.734px time=0.41s
[dkm] 7/8 015_017 grid=1489 arkit_inlier=1.000 magsac_inlier=1.000 median=0.831px time=0.49s
[dkm] 8/8 015_021 grid=1443 arkit_inlier=0.958 magsac_inlier=0.967 median=0.737px time=0.43s
[dkm] matches_sha256=d878ae523aafd64f10558abea43d128ba9b520442ec5a034b2b1511678ea123d
[dkm] metrics_sha256=8b97e39fca65abe2c403d162b85af5cf1e07bbb32692196108641a533d5f4443
DKM_CAP50_DONE
        6.49 real         2.62 user         1.27 sys
           947912704  maximum resident set size
                   0  average shared memory size
                   0  average unshared data size
                   0  average unshared stack size
              150697  page reclaims
                 132  page faults
                   0  swaps
                   0  block input operations
                   0  block output operations
                   0  messages sent
                   0  messages received
                   0  signals received
                 180  voluntary context switches
               20835  involuntary context switches
         35040796006  instructions retired
         13629134244  cycles elapsed
          3452684160  peak memory footprint
