[DawnKernelHarness] limits: invocations/wg=512 wgSizeX=512 storageBufs=10 maxBuffer=1073741824 maxStorageBinding=1073741824 (adapter: 1024 1024 10 4294967295 4294967295)
[pwofficial_gpu_match_dawn] backend=blocked(fma4x4+direct+w64+nopb+f16+keyscan3+ptr+kp,V8) adapter="Apple M3 Pro" subgroups=1 sgmatrix=1 f32_8x8x8=1 f16_f32=1 mixed=0 subgroup=[4,64] packed_dot=1 timestamp=1 limits[storage=32768 invocations=1024 sizeX=1024]
WARNING: Logging before InitGoogleLogging() is written to STDERR
I20260925 17:58:46.511753 0x1fecf6080 database_cache.cc:72] Loading rigs...
I20260925 17:58:46.511781 0x1fecf6080 database_cache.cc:82]  0 in 0.000s
I20260925 17:58:46.511789 0x1fecf6080 database_cache.cc:90] Loading cameras...
I20260925 17:58:46.511800 0x1fecf6080 database_cache.cc:108]  2 in 0.000s
I20260925 17:58:46.511806 0x1fecf6080 database_cache.cc:116] Loading frames...
I20260925 17:58:46.511813 0x1fecf6080 database_cache.cc:126]  0 in 0.000s
I20260925 17:58:46.511818 0x1fecf6080 database_cache.cc:134] Loading matches...
I20260925 17:58:46.511826 0x1fecf6080 database_cache.cc:139]  1 in 0.000s
I20260925 17:58:46.511830 0x1fecf6080 database_cache.cc:147] Loading images...
I20260925 17:58:46.511916 0x1fecf6080 database_cache.cc:236]  2 in 0.000s (loaded all 2)
I20260925 17:58:46.511922 0x1fecf6080 database_cache.cc:255] Loading pose priors...
I20260925 17:58:46.511928 0x1fecf6080 database_cache.cc:263]  0 in 0.000s
I20260925 17:58:46.511933 0x1fecf6080 database_cache.cc:271] Building correspondence graph...
I20260925 17:58:46.511973 0x1fecf6080 database_cache.cc:300]  in 0.000s (ignored 0)
I20260925 17:58:46.594406 0x1fecf6080 official_bundle_adjustment_ceres.cc:1648] [AETHER gravity] injected 3/3 roll/pitch anchors, sigma_rad=0.00872665
[AETHER BA-ORDERING] blocks=456 pts(g0)=447 cams(g1)=3 g1_all_pose=1 proven=1
I20260925 17:58:46.600276 0x1fecf6080 official_bundle_adjustment_ceres.cc:1137] [AETHER] solver_used=DENSE_SCHUR sparse_backend=EIGEN_SPARSE dense_backend=EIGEN mixed=0 threads=1
I20260925 17:58:46.600889 0x1fecf6080 official_bundle_adjustment_ceres.cc:1648] [AETHER gravity] injected 3/3 roll/pitch anchors, sigma_rad=0.00872665
[AETHER BA-ORDERING] blocks=454 pts(g0)=445 cams(g1)=3 g1_all_pose=1 proven=1
I20260925 17:58:46.602959 0x1fecf6080 official_bundle_adjustment_ceres.cc:1137] [AETHER] solver_used=DENSE_SCHUR sparse_backend=EIGEN_SPARSE dense_backend=EIGEN mixed=0 threads=1
I20260925 17:58:46.686876 0x1fecf6080 official_bundle_adjustment_ceres.cc:1648] [AETHER gravity] injected 4/4 roll/pitch anchors, sigma_rad=0.00872665
[AETHER BA-ORDERING] blocks=767 pts(g0)=756 cams(g1)=4 g1_all_pose=1 proven=1
I20260925 17:58:46.698744 0x1fecf6080 official_bundle_adjustment_ceres.cc:1137] [AETHER] solver_used=DENSE_SCHUR sparse_backend=EIGEN_SPARSE dense_backend=EIGEN mixed=0 threads=1
I20260925 17:58:46.699732 0x1fecf6080 official_bundle_adjustment_ceres.cc:1648] [AETHER gravity] injected 4/4 roll/pitch anchors, sigma_rad=0.00872665
I20260925 17:58:46.702901 0x1fecf6080 official_bundle_adjustment_ceres.cc:1137] [AETHER] solver_used=DENSE_SCHUR sparse_backend=EIGEN_SPARSE dense_backend=EIGEN mixed=0 threads=1
I20260925 17:58:46.774871 0x1fecf6080 official_bundle_adjustment_ceres.cc:1648] [AETHER gravity] injected 5/5 roll/pitch anchors, sigma_rad=0.00872665
I20260925 17:58:46.795584 0x1fecf6080 official_bundle_adjustment_ceres.cc:1137] [AETHER] solver_used=DENSE_SCHUR sparse_backend=EIGEN_SPARSE dense_backend=EIGEN mixed=0 threads=1
I20260925 17:58:46.797128 0x1fecf6080 official_bundle_adjustment_ceres.cc:1648] [AETHER gravity] injected 5/5 roll/pitch anchors, sigma_rad=0.00872665
I20260925 17:58:46.801437 0x1fecf6080 official_bundle_adjustment_ceres.cc:1137] [AETHER] solver_used=DENSE_SCHUR sparse_backend=EIGEN_SPARSE dense_backend=EIGEN mixed=0 threads=1
I20260925 17:58:46.865371 0x1fecf6080 official_bundle_adjustment_ceres.cc:1648] [AETHER gravity] injected 6/6 roll/pitch anchors, sigma_rad=0.00872665
I20260925 17:58:46.896215 0x1fecf6080 official_bundle_adjustment_ceres.cc:1137] [AETHER] solver_used=DENSE_SCHUR sparse_backend=EIGEN_SPARSE dense_backend=EIGEN mixed=0 threads=6
I20260925 17:58:46.898039 0x1fecf6080 official_bundle_adjustment_ceres.cc:1648] [AETHER gravity] injected 6/6 roll/pitch anchors, sigma_rad=0.00872665
I20260925 17:58:46.901572 0x1fecf6080 official_bundle_adjustment_ceres.cc:1137] [AETHER] solver_used=DENSE_SCHUR sparse_backend=EIGEN_SPARSE dense_backend=EIGEN mixed=0 threads=6
I20260925 17:58:46.973672 0x1fecf6080 official_bundle_adjustment_ceres.cc:1648] [AETHER gravity] injected 6/6 roll/pitch anchors, sigma_rad=0.00872665
I20260925 17:58:46.990533 0x1fecf6080 official_bundle_adjustment_ceres.cc:1137] [AETHER] solver_used=DENSE_SCHUR sparse_backend=EIGEN_SPARSE dense_backend=EIGEN mixed=0 threads=1
I20260925 17:58:46.991892 0x1fecf6080 official_bundle_adjustment_ceres.cc:1648] [AETHER gravity] injected 6/6 roll/pitch anchors, sigma_rad=0.00872665
I20260925 17:58:46.994106 0x1fecf6080 official_bundle_adjustment_ceres.cc:1137] [AETHER] solver_used=DENSE_SCHUR sparse_backend=EIGEN_SPARSE dense_backend=EIGEN mixed=0 threads=1
I20260925 17:58:47.079432 0x1fecf6080 official_bundle_adjustment_ceres.cc:1648] [AETHER gravity] injected 6/6 roll/pitch anchors, sigma_rad=0.00872665
I20260925 17:58:47.098222 0x1fecf6080 official_bundle_adjustment_ceres.cc:1137] [AETHER] solver_used=DENSE_SCHUR sparse_backend=EIGEN_SPARSE dense_backend=EIGEN mixed=0 threads=1
I20260925 17:58:47.100103 0x1fecf6080 official_bundle_adjustment_ceres.cc:1648] [AETHER gravity] injected 6/6 roll/pitch anchors, sigma_rad=0.00872665
I20260925 17:58:47.103363 0x1fecf6080 official_bundle_adjustment_ceres.cc:1137] [AETHER] solver_used=DENSE_SCHUR sparse_backend=EIGEN_SPARSE dense_backend=EIGEN mixed=0 threads=1
I20260925 17:58:47.177948 0x1fecf6080 official_bundle_adjustment_ceres.cc:1648] [AETHER gravity] injected 6/6 roll/pitch anchors, sigma_rad=0.00872665
I20260925 17:58:47.196806 0x1fecf6080 official_bundle_adjustment_ceres.cc:1137] [AETHER] solver_used=DENSE_SCHUR sparse_backend=EIGEN_SPARSE dense_backend=EIGEN mixed=0 threads=6
I20260925 17:58:47.199010 0x1fecf6080 official_bundle_adjustment_ceres.cc:1648] [AETHER gravity] injected 6/6 roll/pitch anchors, sigma_rad=0.00872665
I20260925 17:58:47.202273 0x1fecf6080 official_bundle_adjustment_ceres.cc:1137] [AETHER] solver_used=DENSE_SCHUR sparse_backend=EIGEN_SPARSE dense_backend=EIGEN mixed=0 threads=6
I20260925 17:58:47.279462 0x1fecf6080 official_bundle_adjustment_ceres.cc:1648] [AETHER gravity] injected 6/6 roll/pitch anchors, sigma_rad=0.00872665
I20260925 17:58:47.296176 0x1fecf6080 official_bundle_adjustment_ceres.cc:1137] [AETHER] solver_used=DENSE_SCHUR sparse_backend=EIGEN_SPARSE dense_backend=EIGEN mixed=0 threads=6
I20260925 17:58:47.298142 0x1fecf6080 official_bundle_adjustment_ceres.cc:1648] [AETHER gravity] injected 6/6 roll/pitch anchors, sigma_rad=0.00872665
I20260925 17:58:47.301796 0x1fecf6080 official_bundle_adjustment_ceres.cc:1137] [AETHER] solver_used=DENSE_SCHUR sparse_backend=EIGEN_SPARSE dense_backend=EIGEN mixed=0 threads=6
I20260925 17:58:47.399680 0x1fecf6080 official_bundle_adjustment_ceres.cc:1648] [AETHER gravity] injected 2/2 roll/pitch anchors, sigma_rad=0.00872665
I20260925 17:58:47.400437 0x1fecf6080 official_bundle_adjustment_ceres.cc:1137] [AETHER] solver_used=DENSE_SCHUR sparse_backend=EIGEN_SPARSE dense_backend=EIGEN mixed=0 threads=1
I20260925 17:58:47.549558 0x1fecf6080 official_bundle_adjustment_ceres.cc:1648] [AETHER gravity] injected 3/3 roll/pitch anchors, sigma_rad=0.00872665
I20260925 17:58:47.553780 0x1fecf6080 official_bundle_adjustment_ceres.cc:1137] [AETHER] solver_used=DENSE_SCHUR sparse_backend=EIGEN_SPARSE dense_backend=EIGEN mixed=0 threads=1
I20260925 17:58:47.554674 0x1fecf6080 official_bundle_adjustment_ceres.cc:1648] [AETHER gravity] injected 4/4 roll/pitch anchors, sigma_rad=0.00872665
I20260925 17:58:47.556370 0x1fecf6080 official_bundle_adjustment_ceres.cc:1137] [AETHER] solver_used=DENSE_SCHUR sparse_backend=EIGEN_SPARSE dense_backend=EIGEN mixed=0 threads=1
I20260925 17:58:47.726123 0x1fecf6080 official_bundle_adjustment_ceres.cc:1648] [AETHER gravity] injected 6/6 roll/pitch anchors, sigma_rad=0.00872665
I20260925 17:58:47.742062 0x1fecf6080 official_bundle_adjustment_ceres.cc:1137] [AETHER] solver_used=DENSE_SCHUR sparse_backend=EIGEN_SPARSE dense_backend=EIGEN mixed=0 threads=1
I20260925 17:58:47.743837 0x1fecf6080 official_bundle_adjustment_ceres.cc:1648] [AETHER gravity] injected 6/6 roll/pitch anchors, sigma_rad=0.00872665
I20260925 17:58:47.748115 0x1fecf6080 official_bundle_adjustment_ceres.cc:1137] [AETHER] solver_used=DENSE_SCHUR sparse_backend=EIGEN_SPARSE dense_backend=EIGEN mixed=0 threads=1
I20260925 17:58:47.856943 0x1fecf6080 official_bundle_adjustment_ceres.cc:1648] [AETHER gravity] injected 6/6 roll/pitch anchors, sigma_rad=0.00872665
I20260925 17:58:47.868694 0x1fecf6080 official_bundle_adjustment_ceres.cc:1137] [AETHER] solver_used=DENSE_SCHUR sparse_backend=EIGEN_SPARSE dense_backend=EIGEN mixed=0 threads=6
I20260925 17:58:47.871093 0x1fecf6080 official_bundle_adjustment_ceres.cc:1648] [AETHER gravity] injected 6/6 roll/pitch anchors, sigma_rad=0.00872665
I20260925 17:58:47.876845 0x1fecf6080 official_bundle_adjustment_ceres.cc:1137] [AETHER] solver_used=DENSE_SCHUR sparse_backend=EIGEN_SPARSE dense_backend=EIGEN mixed=0 threads=6
I20260925 17:58:47.935038 0x1fecf6080 official_bundle_adjustment_ceres.cc:1648] [AETHER gravity] injected 6/6 roll/pitch anchors, sigma_rad=0.00872665
I20260925 17:58:47.947292 0x1fecf6080 official_bundle_adjustment_ceres.cc:1137] [AETHER] solver_used=DENSE_SCHUR sparse_backend=EIGEN_SPARSE dense_backend=EIGEN mixed=0 threads=1
I20260925 17:58:47.949506 0x1fecf6080 official_bundle_adjustment_ceres.cc:1648] [AETHER gravity] injected 6/6 roll/pitch anchors, sigma_rad=0.00872665
I20260925 17:58:47.951778 0x1fecf6080 official_bundle_adjustment_ceres.cc:1137] [AETHER] solver_used=DENSE_SCHUR sparse_backend=EIGEN_SPARSE dense_backend=EIGEN mixed=0 threads=1
I20260925 17:58:48.013305 0x1fecf6080 official_bundle_adjustment_ceres.cc:1648] [AETHER gravity] injected 6/6 roll/pitch anchors, sigma_rad=0.00872665
I20260925 17:58:48.029712 0x1fecf6080 official_bundle_adjustment_ceres.cc:1137] [AETHER] solver_used=DENSE_SCHUR sparse_backend=EIGEN_SPARSE dense_backend=EIGEN mixed=0 threads=1
I20260925 17:58:48.031750 0x1fecf6080 official_bundle_adjustment_ceres.cc:1648] [AETHER gravity] injected 6/6 roll/pitch anchors, sigma_rad=0.00872665
I20260925 17:58:48.035002 0x1fecf6080 official_bundle_adjustment_ceres.cc:1137] [AETHER] solver_used=DENSE_SCHUR sparse_backend=EIGEN_SPARSE dense_backend=EIGEN mixed=0 threads=1
I20260925 17:58:48.036705 0x16dc1f000 database_cache.cc:72] Loading rigs...
I20260925 17:58:48.036719 0x16dc1f000 database_cache.cc:82]  0 in 0.000s
I20260925 17:58:48.036725 0x16dc1f000 database_cache.cc:90] Loading cameras...
I20260925 17:58:48.036744 0x16dc1f000 database_cache.cc:108]  20 in 0.000s
I20260925 17:58:48.036749 0x16dc1f000 database_cache.cc:116] Loading frames...
I20260925 17:58:48.036756 0x16dc1f000 database_cache.cc:126]  0 in 0.000s
I20260925 17:58:48.036760 0x16dc1f000 database_cache.cc:134] Loading matches...
I20260925 17:58:48.036822 0x16dc1f000 database_cache.cc:139]  76 in 0.000s
I20260925 17:58:48.036827 0x16dc1f000 database_cache.cc:147] Loading images...
I20260925 17:58:48.037655 0x16dc1f000 database_cache.cc:236]  20 in 0.001s (loaded all 20)
I20260925 17:58:48.037660 0x16dc1f000 database_cache.cc:255] Loading pose priors...
I20260925 17:58:48.037669 0x16dc1f000 database_cache.cc:263]  0 in 0.000s
I20260925 17:58:48.037673 0x16dc1f000 database_cache.cc:271] Building correspondence graph...
I20260925 17:58:48.038467 0x16dc1f000 database_cache.cc:300]  in 0.001s (ignored 0)
I20260925 17:58:48.042809 0x16dc1f000 official_bundle_adjustment_ceres.cc:1648] [AETHER gravity] injected 17/18 roll/pitch anchors, sigma_rad=0.00872665
I20260925 17:58:48.128247 0x16dc1f000 official_bundle_adjustment_ceres.cc:1137] [AETHER] solver_used=DENSE_SCHUR sparse_backend=EIGEN_SPARSE dense_backend=EIGEN mixed=0 threads=6
I20260925 17:58:48.133172 0x16dc1f000 official_bundle_adjustment_ceres.cc:1648] [AETHER gravity] injected 17/18 roll/pitch anchors, sigma_rad=0.00872665
I20260925 17:58:48.182936 0x16dc1f000 official_bundle_adjustment_ceres.cc:1137] [AETHER] solver_used=DENSE_SCHUR sparse_backend=EIGEN_SPARSE dense_backend=EIGEN mixed=0 threads=6
I20260925 17:58:48.186982 0x16dc1f000 official_bundle_adjustment_ceres.cc:1648] [AETHER gravity] injected 17/18 roll/pitch anchors, sigma_rad=0.00872665
W20260925 17:58:48.205720 0x16dcab000 official_aether_sfm_c.cc:6907] [aether_sfm] finalize re-match: starved_frames=7 candidates=88 attempted=88 written=0 inliers=0 failed=0 gpu_fail_capture=0 probe_debt_repaid=0 probe_debt_left=0
I20260925 17:58:48.227700 0x16dc1f000 official_bundle_adjustment_ceres.cc:1137] [AETHER] solver_used=DENSE_SCHUR sparse_backend=EIGEN_SPARSE dense_backend=EIGEN mixed=0 threads=6
I20260925 17:58:48.231933 0x16dc1f000 official_bundle_adjustment_ceres.cc:1648] [AETHER gravity] injected 17/18 roll/pitch anchors, sigma_rad=0.00872665
I20260925 17:58:48.263514 0x16dc1f000 official_bundle_adjustment_ceres.cc:1137] [AETHER] solver_used=DENSE_SCHUR sparse_backend=EIGEN_SPARSE dense_backend=EIGEN mixed=0 threads=6
W20260925 17:58:48.269703 0x16dcab000 official_aether_sfm_c.cc:7348] [aether_sfm] official quadratic overlap: overlap=10 candidates=37 written=0 in 63.7589 ms
I20260925 17:58:48.276917 0x16dc1f000 official_incremental_pipeline.cc:323] Loading database
I20260925 17:58:48.276960 0x16dc1f000 database_cache.cc:72] Loading rigs...
I20260925 17:58:48.276971 0x16dc1f000 database_cache.cc:82]  0 in 0.000s
I20260925 17:58:48.276977 0x16dc1f000 database_cache.cc:90] Loading cameras...
I20260925 17:58:48.276992 0x16dc1f000 database_cache.cc:108]  20 in 0.000s
I20260925 17:58:48.276996 0x16dc1f000 database_cache.cc:116] Loading frames...
I20260925 17:58:48.277002 0x16dc1f000 database_cache.cc:126]  0 in 0.000s
I20260925 17:58:48.277007 0x16dc1f000 database_cache.cc:134] Loading matches...
I20260925 17:58:48.277081 0x16dc1f000 database_cache.cc:139]  76 in 0.000s
I20260925 17:58:48.277085 0x16dc1f000 database_cache.cc:147] Loading images...
I20260925 17:58:48.277864 0x16dc1f000 database_cache.cc:236]  20 in 0.001s (loaded all 20)
I20260925 17:58:48.277869 0x16dc1f000 database_cache.cc:255] Loading pose priors...
I20260925 17:58:48.277876 0x16dc1f000 database_cache.cc:263]  0 in 0.000s
I20260925 17:58:48.277880 0x16dc1f000 database_cache.cc:271] Building correspondence graph...
I20260925 17:58:48.278577 0x16dc1f000 database_cache.cc:300]  in 0.001s (ignored 0)
I20260925 17:58:48.278582 0x16dc1f000 timer.cc:90] Elapsed time: 0.000 [minutes]
I20260925 17:58:48.282577 0x16dc1f000 official_bundle_adjustment_ceres.cc:1648] [AETHER gravity] injected 17/18 roll/pitch anchors, sigma_rad=0.00872665
I20260925 17:58:48.304972 0x16dc1f000 official_bundle_adjustment_ceres.cc:1137] [AETHER] solver_used=DENSE_SCHUR sparse_backend=EIGEN_SPARSE dense_backend=EIGEN mixed=0 threads=6
W20260925 17:58:48.306989 0x16dc1f000 official_aether_sfm_c.cc:9530] [frame-loss] before=20 after=18 lost_zero_obs=2 lost_with_obs=0 | frame_000011.jpg(obs=0) frame_000016.jpg(obs=0)
W20260925 17:58:48.307250 0x16dc1f000 official_aether_sfm_c.cc:9614] [aether_sfm] finalize worker: cache_pre=1ms enrich=233ms stage1=227ms (ok, rounds=4) stage2=34ms (rounds<=1) temporal=0ms upgrade=0ms total=270ms
W20260925 17:58:48.307461 0x16dc1f000 official_aether_sfm_c.cc:9643] [aether_sfm] delivered-point provenance: live-created=2831 official-retriangulated=185 live-dropped-by-official-filtering=472 (live model had 3303; capture-time official TriangulateImage added 0 obs)
W20260925 17:58:48.307567 0x16dc1f000 official_aether_sfm_c.cc:8066] [device-align-v1] status=aligned pairs=18 inliers=18 max_error_m=0.111819 scale=1.02998 centre_err_median_m=0.0114963 centre_err_max_m=0.0216228 outliers=0
W20260925 17:58:48.357227 0x1fecf6080 official_aether_sfm_c.cc:13097] [aether_sfm] deliver-filter(get_points_tracked): kept 2882/3016 (min_tri_angle=3deg, mirror_ghost=0, isolated_floater=6, killed_union=6)
[pwofficial_gpu_match_dawn] device lost #1 reason=2 rc=8: Device was destroyed.
        2.05 real         1.15 user         0.72 sys
           123453440  maximum resident set size
                   0  average shared memory size
                   0  average unshared data size
                   0  average unshared stack size
               35091  page reclaims
                 420  page faults
                   0  swaps
                   0  block input operations
                   0  block output operations
                   0  messages sent
                   0  messages received
                   0  signals received
                  59  voluntary context switches
               94259  involuntary context switches
         15612826618  instructions retired
          6400847207  cycles elapsed
           319750816  peak memory footprint
