[DawnKernelHarness] limits: invocations/wg=512 wgSizeX=512 storageBufs=10 maxBuffer=1073741824 maxStorageBinding=1073741824 (adapter: 1024 1024 10 4294967295 4294967295)
[pwofficial_gpu_match_dawn] backend=blocked(fma4x4+direct+w64+nopb+f16+keyscan3+ptr+kp,V8) adapter="Apple M3 Pro" subgroups=1 sgmatrix=1 f32_8x8x8=1 f16_f32=1 mixed=0 subgroup=[4,64] packed_dot=1 timestamp=1 limits[storage=32768 invocations=1024 sizeX=1024]
WARNING: Logging before InitGoogleLogging() is written to STDERR
I20260925 13:43:08.458532 0x1fecf6080 database_cache.cc:72] Loading rigs...
I20260925 13:43:08.458558 0x1fecf6080 database_cache.cc:82]  0 in 0.000s
I20260925 13:43:08.458566 0x1fecf6080 database_cache.cc:90] Loading cameras...
I20260925 13:43:08.458579 0x1fecf6080 database_cache.cc:108]  2 in 0.000s
I20260925 13:43:08.458586 0x1fecf6080 database_cache.cc:116] Loading frames...
I20260925 13:43:08.458595 0x1fecf6080 database_cache.cc:126]  0 in 0.000s
I20260925 13:43:08.458601 0x1fecf6080 database_cache.cc:134] Loading matches...
I20260925 13:43:08.458612 0x1fecf6080 database_cache.cc:139]  1 in 0.000s
I20260925 13:43:08.458617 0x1fecf6080 database_cache.cc:147] Loading images...
I20260925 13:43:08.458704 0x1fecf6080 database_cache.cc:236]  2 in 0.000s (loaded all 2)
I20260925 13:43:08.458711 0x1fecf6080 database_cache.cc:255] Loading pose priors...
I20260925 13:43:08.458718 0x1fecf6080 database_cache.cc:263]  0 in 0.000s
I20260925 13:43:08.458722 0x1fecf6080 database_cache.cc:271] Building correspondence graph...
I20260925 13:43:08.458749 0x1fecf6080 database_cache.cc:300]  in 0.000s (ignored 0)
I20260925 13:43:08.507751 0x1fecf6080 official_bundle_adjustment_ceres.cc:1648] [AETHER gravity] injected 3/3 roll/pitch anchors, sigma_rad=0.00872665
[AETHER BA-ORDERING] blocks=171 pts(g0)=162 cams(g1)=3 g1_all_pose=1 proven=1
I20260925 13:43:08.510557 0x1fecf6080 official_bundle_adjustment_ceres.cc:1137] [AETHER] solver_used=DENSE_SCHUR sparse_backend=EIGEN_SPARSE dense_backend=EIGEN mixed=0 threads=1
I20260925 13:43:08.510837 0x1fecf6080 official_bundle_adjustment_ceres.cc:1648] [AETHER gravity] injected 3/3 roll/pitch anchors, sigma_rad=0.00872665
[AETHER BA-ORDERING] blocks=162 pts(g0)=153 cams(g1)=3 g1_all_pose=1 proven=1
I20260925 13:43:08.511261 0x1fecf6080 official_bundle_adjustment_ceres.cc:1137] [AETHER] solver_used=DENSE_SCHUR sparse_backend=EIGEN_SPARSE dense_backend=EIGEN mixed=0 threads=1
I20260925 13:43:08.574363 0x1fecf6080 official_bundle_adjustment_ceres.cc:1648] [AETHER gravity] injected 4/4 roll/pitch anchors, sigma_rad=0.00872665
[AETHER BA-ORDERING] blocks=221 pts(g0)=210 cams(g1)=4 g1_all_pose=1 proven=1
I20260925 13:43:08.577636 0x1fecf6080 official_bundle_adjustment_ceres.cc:1137] [AETHER] solver_used=DENSE_SCHUR sparse_backend=EIGEN_SPARSE dense_backend=EIGEN mixed=0 threads=1
I20260925 13:43:08.577969 0x1fecf6080 official_bundle_adjustment_ceres.cc:1648] [AETHER gravity] injected 4/4 roll/pitch anchors, sigma_rad=0.00872665
I20260925 13:43:08.578481 0x1fecf6080 official_bundle_adjustment_ceres.cc:1137] [AETHER] solver_used=DENSE_SCHUR sparse_backend=EIGEN_SPARSE dense_backend=EIGEN mixed=0 threads=1
I20260925 13:43:08.618845 0x1fecf6080 official_bundle_adjustment_ceres.cc:1648] [AETHER gravity] injected 4/4 roll/pitch anchors, sigma_rad=0.00872665
I20260925 13:43:08.620186 0x1fecf6080 official_bundle_adjustment_ceres.cc:1137] [AETHER] solver_used=DENSE_SCHUR sparse_backend=EIGEN_SPARSE dense_backend=EIGEN mixed=0 threads=1
I20260925 13:43:08.620723 0x1fecf6080 official_bundle_adjustment_ceres.cc:1648] [AETHER gravity] injected 4/4 roll/pitch anchors, sigma_rad=0.00872665
I20260925 13:43:08.621634 0x1fecf6080 official_bundle_adjustment_ceres.cc:1137] [AETHER] solver_used=DENSE_SCHUR sparse_backend=EIGEN_SPARSE dense_backend=EIGEN mixed=0 threads=1
I20260925 13:43:08.667113 0x1fecf6080 official_bundle_adjustment_ceres.cc:1648] [AETHER gravity] injected 3/3 roll/pitch anchors, sigma_rad=0.00872665
I20260925 13:43:08.668402 0x1fecf6080 official_bundle_adjustment_ceres.cc:1137] [AETHER] solver_used=DENSE_SCHUR sparse_backend=EIGEN_SPARSE dense_backend=EIGEN mixed=0 threads=1
I20260925 13:43:08.668813 0x1fecf6080 official_bundle_adjustment_ceres.cc:1648] [AETHER gravity] injected 3/3 roll/pitch anchors, sigma_rad=0.00872665
I20260925 13:43:08.669521 0x1fecf6080 official_bundle_adjustment_ceres.cc:1137] [AETHER] solver_used=DENSE_SCHUR sparse_backend=EIGEN_SPARSE dense_backend=EIGEN mixed=0 threads=1
I20260925 13:43:08.702961 0x1fecf6080 official_bundle_adjustment_ceres.cc:1648] [AETHER gravity] injected 3/3 roll/pitch anchors, sigma_rad=0.00872665
I20260925 13:43:08.703890 0x1fecf6080 official_bundle_adjustment_ceres.cc:1137] [AETHER] solver_used=DENSE_SCHUR sparse_backend=EIGEN_SPARSE dense_backend=EIGEN mixed=0 threads=1
I20260925 13:43:08.704460 0x1fecf6080 official_bundle_adjustment_ceres.cc:1648] [AETHER gravity] injected 4/4 roll/pitch anchors, sigma_rad=0.00872665
I20260925 13:43:08.705612 0x1fecf6080 official_bundle_adjustment_ceres.cc:1137] [AETHER] solver_used=DENSE_SCHUR sparse_backend=EIGEN_SPARSE dense_backend=EIGEN mixed=0 threads=1
I20260925 13:43:08.769465 0x1fecf6080 official_bundle_adjustment_ceres.cc:1648] [AETHER gravity] injected 2/2 roll/pitch anchors, sigma_rad=0.00872665
I20260925 13:43:08.769591 0x1fecf6080 official_bundle_adjustment_ceres.cc:1137] [AETHER] solver_used=DENSE_SCHUR sparse_backend=EIGEN_SPARSE dense_backend=EIGEN mixed=0 threads=1
I20260925 13:43:08.807207 0x1fecf6080 official_bundle_adjustment_ceres.cc:1648] [AETHER gravity] injected 2/2 roll/pitch anchors, sigma_rad=0.00872665
I20260925 13:43:08.807847 0x1fecf6080 official_bundle_adjustment_ceres.cc:1137] [AETHER] solver_used=DENSE_SCHUR sparse_backend=EIGEN_SPARSE dense_backend=EIGEN mixed=0 threads=1
I20260925 13:43:08.807989 0x1fecf6080 official_bundle_adjustment_ceres.cc:1648] [AETHER gravity] injected 2/2 roll/pitch anchors, sigma_rad=0.00872665
I20260925 13:43:08.808203 0x1fecf6080 official_bundle_adjustment_ceres.cc:1137] [AETHER] solver_used=DENSE_SCHUR sparse_backend=EIGEN_SPARSE dense_backend=EIGEN mixed=0 threads=1
I20260925 13:43:08.876585 0x1fecf6080 official_bundle_adjustment_ceres.cc:1648] [AETHER gravity] injected 4/4 roll/pitch anchors, sigma_rad=0.00872665
I20260925 13:43:08.880582 0x1fecf6080 official_bundle_adjustment_ceres.cc:1137] [AETHER] solver_used=DENSE_SCHUR sparse_backend=EIGEN_SPARSE dense_backend=EIGEN mixed=0 threads=1
I20260925 13:43:08.881062 0x1fecf6080 official_bundle_adjustment_ceres.cc:1648] [AETHER gravity] injected 4/4 roll/pitch anchors, sigma_rad=0.00872665
I20260925 13:43:08.881870 0x1fecf6080 official_bundle_adjustment_ceres.cc:1137] [AETHER] solver_used=DENSE_SCHUR sparse_backend=EIGEN_SPARSE dense_backend=EIGEN mixed=0 threads=1
I20260925 13:43:08.957704 0x1fecf6080 official_bundle_adjustment_ceres.cc:1648] [AETHER gravity] injected 3/3 roll/pitch anchors, sigma_rad=0.00872665
I20260925 13:43:08.958480 0x1fecf6080 official_bundle_adjustment_ceres.cc:1137] [AETHER] solver_used=DENSE_SCHUR sparse_backend=EIGEN_SPARSE dense_backend=EIGEN mixed=0 threads=1
I20260925 13:43:08.958823 0x1fecf6080 official_bundle_adjustment_ceres.cc:1648] [AETHER gravity] injected 3/3 roll/pitch anchors, sigma_rad=0.00872665
I20260925 13:43:08.959186 0x1fecf6080 official_bundle_adjustment_ceres.cc:1137] [AETHER] solver_used=DENSE_SCHUR sparse_backend=EIGEN_SPARSE dense_backend=EIGEN mixed=0 threads=1
I20260925 13:43:09.038272 0x1fecf6080 official_bundle_adjustment_ceres.cc:1648] [AETHER gravity] injected 2/2 roll/pitch anchors, sigma_rad=0.00872665
I20260925 13:43:09.043105 0x1fecf6080 official_bundle_adjustment_ceres.cc:1137] [AETHER] solver_used=DENSE_SCHUR sparse_backend=EIGEN_SPARSE dense_backend=EIGEN mixed=0 threads=1
I20260925 13:43:09.043562 0x1fecf6080 official_bundle_adjustment_ceres.cc:1648] [AETHER gravity] injected 2/2 roll/pitch anchors, sigma_rad=0.00872665
I20260925 13:43:09.044905 0x1fecf6080 official_bundle_adjustment_ceres.cc:1137] [AETHER] solver_used=DENSE_SCHUR sparse_backend=EIGEN_SPARSE dense_backend=EIGEN mixed=0 threads=1
I20260925 13:43:09.091672 0x1fecf6080 official_bundle_adjustment_ceres.cc:1648] [AETHER gravity] injected 2/2 roll/pitch anchors, sigma_rad=0.00872665
I20260925 13:43:09.092764 0x1fecf6080 official_bundle_adjustment_ceres.cc:1137] [AETHER] solver_used=DENSE_SCHUR sparse_backend=EIGEN_SPARSE dense_backend=EIGEN mixed=0 threads=1
I20260925 13:43:09.093106 0x1fecf6080 official_bundle_adjustment_ceres.cc:1648] [AETHER gravity] injected 2/2 roll/pitch anchors, sigma_rad=0.00872665
I20260925 13:43:09.093574 0x1fecf6080 official_bundle_adjustment_ceres.cc:1137] [AETHER] solver_used=DENSE_SCHUR sparse_backend=EIGEN_SPARSE dense_backend=EIGEN mixed=0 threads=1
I20260925 13:43:09.151919 0x1fecf6080 official_bundle_adjustment_ceres.cc:1648] [AETHER gravity] injected 5/5 roll/pitch anchors, sigma_rad=0.00872665
I20260925 13:43:09.157558 0x1fecf6080 official_bundle_adjustment_ceres.cc:1137] [AETHER] solver_used=DENSE_SCHUR sparse_backend=EIGEN_SPARSE dense_backend=EIGEN mixed=0 threads=1
I20260925 13:43:09.158557 0x1fecf6080 official_bundle_adjustment_ceres.cc:1648] [AETHER gravity] injected 6/6 roll/pitch anchors, sigma_rad=0.00872665
I20260925 13:43:09.160105 0x1fecf6080 official_bundle_adjustment_ceres.cc:1137] [AETHER] solver_used=DENSE_SCHUR sparse_backend=EIGEN_SPARSE dense_backend=EIGEN mixed=0 threads=1
I20260925 13:43:09.219197 0x1fecf6080 official_bundle_adjustment_ceres.cc:1648] [AETHER gravity] injected 2/2 roll/pitch anchors, sigma_rad=0.00872665
I20260925 13:43:09.219772 0x1fecf6080 official_bundle_adjustment_ceres.cc:1137] [AETHER] solver_used=DENSE_SCHUR sparse_backend=EIGEN_SPARSE dense_backend=EIGEN mixed=0 threads=1
I20260925 13:43:09.220225 0x1fecf6080 official_bundle_adjustment_ceres.cc:1648] [AETHER gravity] injected 2/2 roll/pitch anchors, sigma_rad=0.00872665
I20260925 13:43:09.220896 0x1fecf6080 official_bundle_adjustment_ceres.cc:1137] [AETHER] solver_used=DENSE_SCHUR sparse_backend=EIGEN_SPARSE dense_backend=EIGEN mixed=0 threads=1
I20260925 13:43:09.280939 0x1fecf6080 official_bundle_adjustment_ceres.cc:1648] [AETHER gravity] injected 2/2 roll/pitch anchors, sigma_rad=0.00872665
I20260925 13:43:09.281507 0x1fecf6080 official_bundle_adjustment_ceres.cc:1137] [AETHER] solver_used=DENSE_SCHUR sparse_backend=EIGEN_SPARSE dense_backend=EIGEN mixed=0 threads=1
I20260925 13:43:09.281723 0x1fecf6080 official_bundle_adjustment_ceres.cc:1648] [AETHER gravity] injected 2/2 roll/pitch anchors, sigma_rad=0.00872665
I20260925 13:43:09.281830 0x1fecf6080 official_bundle_adjustment_ceres.cc:1137] [AETHER] solver_used=DENSE_SCHUR sparse_backend=EIGEN_SPARSE dense_backend=EIGEN mixed=0 threads=1
I20260925 13:43:09.312029 0x1fecf6080 official_bundle_adjustment_ceres.cc:1648] [AETHER gravity] injected 3/3 roll/pitch anchors, sigma_rad=0.00872665
I20260925 13:43:09.313331 0x1fecf6080 official_bundle_adjustment_ceres.cc:1137] [AETHER] solver_used=DENSE_SCHUR sparse_backend=EIGEN_SPARSE dense_backend=EIGEN mixed=0 threads=1
I20260925 13:43:09.313791 0x1fecf6080 official_bundle_adjustment_ceres.cc:1648] [AETHER gravity] injected 3/3 roll/pitch anchors, sigma_rad=0.00872665
I20260925 13:43:09.314115 0x1fecf6080 official_bundle_adjustment_ceres.cc:1137] [AETHER] solver_used=DENSE_SCHUR sparse_backend=EIGEN_SPARSE dense_backend=EIGEN mixed=0 threads=1
I20260925 13:43:09.345121 0x1fecf6080 official_bundle_adjustment_ceres.cc:1648] [AETHER gravity] injected 5/5 roll/pitch anchors, sigma_rad=0.00872665
I20260925 13:43:09.348230 0x1fecf6080 official_bundle_adjustment_ceres.cc:1137] [AETHER] solver_used=DENSE_SCHUR sparse_backend=EIGEN_SPARSE dense_backend=EIGEN mixed=0 threads=1
I20260925 13:43:09.348745 0x1fecf6080 official_bundle_adjustment_ceres.cc:1648] [AETHER gravity] injected 5/5 roll/pitch anchors, sigma_rad=0.00872665
I20260925 13:43:09.349651 0x1fecf6080 official_bundle_adjustment_ceres.cc:1137] [AETHER] solver_used=DENSE_SCHUR sparse_backend=EIGEN_SPARSE dense_backend=EIGEN mixed=0 threads=1
I20260925 13:43:09.350353 0x16b9e7000 database_cache.cc:72] Loading rigs...
I20260925 13:43:09.350364 0x16b9e7000 database_cache.cc:82]  0 in 0.000s
I20260925 13:43:09.350369 0x16b9e7000 database_cache.cc:90] Loading cameras...
I20260925 13:43:09.350387 0x16b9e7000 database_cache.cc:108]  19 in 0.000s
I20260925 13:43:09.350391 0x16b9e7000 database_cache.cc:116] Loading frames...
I20260925 13:43:09.350398 0x16b9e7000 database_cache.cc:126]  0 in 0.000s
I20260925 13:43:09.350402 0x16b9e7000 database_cache.cc:134] Loading matches...
I20260925 13:43:09.350431 0x16b9e7000 database_cache.cc:139]  45 in 0.000s
I20260925 13:43:09.350435 0x16b9e7000 database_cache.cc:147] Loading images...
I20260925 13:43:09.351215 0x16b9e7000 database_cache.cc:236]  19 in 0.001s (loaded all 19)
I20260925 13:43:09.351221 0x16b9e7000 database_cache.cc:255] Loading pose priors...
I20260925 13:43:09.351229 0x16b9e7000 database_cache.cc:263]  0 in 0.000s
I20260925 13:43:09.351233 0x16b9e7000 database_cache.cc:271] Building correspondence graph...
I20260925 13:43:09.351617 0x16b9e7000 database_cache.cc:300]  in 0.000s (ignored 0)
I20260925 13:43:09.354439 0x16b9e7000 official_bundle_adjustment_ceres.cc:1648] [AETHER gravity] injected 18/19 roll/pitch anchors, sigma_rad=0.00872665
I20260925 13:43:09.401323 0x16b9e7000 official_bundle_adjustment_ceres.cc:1137] [AETHER] solver_used=DENSE_SCHUR sparse_backend=EIGEN_SPARSE dense_backend=EIGEN mixed=0 threads=6
I20260925 13:43:09.403831 0x16b9e7000 official_bundle_adjustment_ceres.cc:1648] [AETHER gravity] injected 18/19 roll/pitch anchors, sigma_rad=0.00872665
I20260925 13:43:09.430309 0x16b9e7000 official_bundle_adjustment_ceres.cc:1137] [AETHER] solver_used=DENSE_SCHUR sparse_backend=EIGEN_SPARSE dense_backend=EIGEN mixed=0 threads=6
I20260925 13:43:09.432341 0x16b9e7000 official_bundle_adjustment_ceres.cc:1648] [AETHER gravity] injected 18/19 roll/pitch anchors, sigma_rad=0.00872665
I20260925 13:43:09.461247 0x16b9e7000 official_bundle_adjustment_ceres.cc:1137] [AETHER] solver_used=DENSE_SCHUR sparse_backend=EIGEN_SPARSE dense_backend=EIGEN mixed=0 threads=6
I20260925 13:43:09.463173 0x16b9e7000 official_bundle_adjustment_ceres.cc:1648] [AETHER gravity] injected 18/19 roll/pitch anchors, sigma_rad=0.00872665
I20260925 13:43:09.474132 0x16b9e7000 official_bundle_adjustment_ceres.cc:1137] [AETHER] solver_used=DENSE_SCHUR sparse_backend=EIGEN_SPARSE dense_backend=EIGEN mixed=0 threads=6
I20260925 13:43:09.475999 0x16b9e7000 official_bundle_adjustment_ceres.cc:1648] [AETHER gravity] injected 18/19 roll/pitch anchors, sigma_rad=0.00872665
I20260925 13:43:09.482653 0x16b9e7000 official_bundle_adjustment_ceres.cc:1137] [AETHER] solver_used=DENSE_SCHUR sparse_backend=EIGEN_SPARSE dense_backend=EIGEN mixed=0 threads=6
W20260925 13:43:09.541380 0x16ba73000 official_aether_sfm_c.cc:6907] [aether_sfm] finalize re-match: starved_frames=10 candidates=100 attempted=100 written=0 inliers=0 failed=0 gpu_fail_capture=0 probe_debt_repaid=0 probe_debt_left=0
W20260925 13:43:09.606454 0x16ba73000 official_aether_sfm_c.cc:7348] [aether_sfm] official quadratic overlap: overlap=10 candidates=37 written=0 in 65.0025 ms
I20260925 13:43:09.618200 0x16b9e7000 official_incremental_pipeline.cc:323] Loading database
I20260925 13:43:09.618236 0x16b9e7000 database_cache.cc:72] Loading rigs...
I20260925 13:43:09.618247 0x16b9e7000 database_cache.cc:82]  0 in 0.000s
I20260925 13:43:09.618254 0x16b9e7000 database_cache.cc:90] Loading cameras...
I20260925 13:43:09.618274 0x16b9e7000 database_cache.cc:108]  19 in 0.000s
I20260925 13:43:09.618279 0x16b9e7000 database_cache.cc:116] Loading frames...
I20260925 13:43:09.618288 0x16b9e7000 database_cache.cc:126]  0 in 0.000s
I20260925 13:43:09.618293 0x16b9e7000 database_cache.cc:134] Loading matches...
I20260925 13:43:09.618348 0x16b9e7000 database_cache.cc:139]  45 in 0.000s
I20260925 13:43:09.618354 0x16b9e7000 database_cache.cc:147] Loading images...
I20260925 13:43:09.619384 0x16b9e7000 database_cache.cc:236]  19 in 0.001s (loaded all 19)
I20260925 13:43:09.619391 0x16b9e7000 database_cache.cc:255] Loading pose priors...
I20260925 13:43:09.619402 0x16b9e7000 database_cache.cc:263]  0 in 0.000s
I20260925 13:43:09.619408 0x16b9e7000 database_cache.cc:271] Building correspondence graph...
I20260925 13:43:09.619883 0x16b9e7000 database_cache.cc:300]  in 0.000s (ignored 0)
I20260925 13:43:09.619896 0x16b9e7000 timer.cc:90] Elapsed time: 0.000 [minutes]
I20260925 13:43:09.623288 0x16b9e7000 official_bundle_adjustment_ceres.cc:1648] [AETHER gravity] injected 18/19 roll/pitch anchors, sigma_rad=0.00872665
W20260925 13:43:09.653646 0x16b9e7000 levenberg_marquardt_strategy.cc:123] Linear solver failure. Failed to compute a step: Eigen failure. Unable to perform dense Cholesky factorization.
I20260925 13:43:09.670349 0x16b9e7000 official_bundle_adjustment_ceres.cc:1137] [AETHER] solver_used=DENSE_SCHUR sparse_backend=EIGEN_SPARSE dense_backend=EIGEN mixed=0 threads=6
W20260925 13:43:09.671314 0x16b9e7000 official_aether_sfm_c.cc:9530] [frame-loss] before=19 after=19 lost_zero_obs=0 lost_with_obs=0 |
W20260925 13:43:09.671489 0x16b9e7000 official_aether_sfm_c.cc:9614] [aether_sfm] finalize worker: cache_pre=1ms enrich=264ms stage1=131ms (ok, rounds=5) stage2=54ms (rounds<=1) temporal=0ms upgrade=0ms total=321ms
W20260925 13:43:09.671686 0x16b9e7000 official_aether_sfm_c.cc:9643] [aether_sfm] delivered-point provenance: live-created=1391 official-retriangulated=353 live-dropped-by-official-filtering=87 (live model had 1478; capture-time official TriangulateImage added 0 obs)
W20260925 13:43:09.671801 0x16b9e7000 official_aether_sfm_c.cc:8066] [device-align-v1] status=aligned pairs=19 inliers=19 max_error_m=0.111819 scale=1.0255 centre_err_median_m=0.0339771 centre_err_max_m=0.0582158 outliers=0
W20260925 13:43:09.778266 0x1fecf6080 official_aether_sfm_c.cc:13097] [aether_sfm] deliver-filter(get_points_tracked): kept 1685/1744 (min_tri_angle=3deg, mirror_ghost=0, isolated_floater=0, killed_union=0)
[pwofficial_gpu_match_dawn] device lost #1 reason=2 rc=8: Device was destroyed.
        1.48 real         0.66 user         0.42 sys
           118931456  maximum resident set size
                   0  average shared memory size
                   0  average unshared data size
                   0  average unshared stack size
               33993  page reclaims
                  14  page faults
                   0  swaps
                   0  block input operations
                   0  block output operations
                   0  messages sent
                   0  messages received
                   0  signals received
                  73  voluntary context switches
               62443  involuntary context switches
          9731461871  instructions retired
          3612269215  cycles elapsed
           305201824  peak memory footprint
