[DawnKernelHarness] limits: invocations/wg=512 wgSizeX=512 storageBufs=10 maxBuffer=1073741824 maxStorageBinding=1073741824 (adapter: 1024 1024 10 4294967295 4294967295)
[pwofficial_gpu_match_dawn] backend=blocked(fma4x4+direct+w64+nopb+f16+keyscan3+ptr+kp,V8) adapter="Apple M3 Pro" subgroups=1 sgmatrix=1 f32_8x8x8=1 f16_f32=1 mixed=0 subgroup=[4,64] packed_dot=1 timestamp=1 limits[storage=32768 invocations=1024 sizeX=1024]
WARNING: Logging before InitGoogleLogging() is written to STDERR
I20260925 14:47:58.562085 0x1fecf6080 database_cache.cc:72] Loading rigs...
I20260925 14:47:58.562114 0x1fecf6080 database_cache.cc:82]  0 in 0.000s
I20260925 14:47:58.562121 0x1fecf6080 database_cache.cc:90] Loading cameras...
I20260925 14:47:58.562133 0x1fecf6080 database_cache.cc:108]  2 in 0.000s
I20260925 14:47:58.562138 0x1fecf6080 database_cache.cc:116] Loading frames...
I20260925 14:47:58.562150 0x1fecf6080 database_cache.cc:126]  0 in 0.000s
I20260925 14:47:58.562154 0x1fecf6080 database_cache.cc:134] Loading matches...
I20260925 14:47:58.562168 0x1fecf6080 database_cache.cc:139]  1 in 0.000s
I20260925 14:47:58.562173 0x1fecf6080 database_cache.cc:147] Loading images...
I20260925 14:47:58.562358 0x1fecf6080 database_cache.cc:236]  2 in 0.000s (loaded all 2)
I20260925 14:47:58.562363 0x1fecf6080 database_cache.cc:255] Loading pose priors...
I20260925 14:47:58.562370 0x1fecf6080 database_cache.cc:263]  0 in 0.000s
I20260925 14:47:58.562374 0x1fecf6080 database_cache.cc:271] Building correspondence graph...
I20260925 14:47:58.562539 0x1fecf6080 database_cache.cc:300]  in 0.000s (ignored 0)
I20260925 14:47:58.676148 0x1fecf6080 official_bundle_adjustment_ceres.cc:1648] [AETHER gravity] injected 3/3 roll/pitch anchors, sigma_rad=0.00872665
[AETHER BA-ORDERING] blocks=1819 pts(g0)=1810 cams(g1)=3 g1_all_pose=1 proven=1
I20260925 14:47:58.713190 0x1fecf6080 official_bundle_adjustment_ceres.cc:1137] [AETHER] solver_used=DENSE_SCHUR sparse_backend=EIGEN_SPARSE dense_backend=EIGEN mixed=0 threads=6
I20260925 14:47:58.715142 0x1fecf6080 official_bundle_adjustment_ceres.cc:1648] [AETHER gravity] injected 3/3 roll/pitch anchors, sigma_rad=0.00872665
[AETHER BA-ORDERING] blocks=1841 pts(g0)=1832 cams(g1)=3 g1_all_pose=1 proven=1
I20260925 14:47:58.732131 0x1fecf6080 official_bundle_adjustment_ceres.cc:1137] [AETHER] solver_used=DENSE_SCHUR sparse_backend=EIGEN_SPARSE dense_backend=EIGEN mixed=0 threads=6
I20260925 14:47:58.864133 0x1fecf6080 official_bundle_adjustment_ceres.cc:1648] [AETHER gravity] injected 4/4 roll/pitch anchors, sigma_rad=0.00872665
[AETHER BA-ORDERING] blocks=3042 pts(g0)=3031 cams(g1)=4 g1_all_pose=1 proven=1
I20260925 14:47:58.922137 0x1fecf6080 official_bundle_adjustment_ceres.cc:1137] [AETHER] solver_used=DENSE_SCHUR sparse_backend=EIGEN_SPARSE dense_backend=EIGEN mixed=0 threads=6
I20260925 14:47:58.925222 0x1fecf6080 official_bundle_adjustment_ceres.cc:1648] [AETHER gravity] injected 4/4 roll/pitch anchors, sigma_rad=0.00872665
I20260925 14:47:58.968827 0x1fecf6080 official_bundle_adjustment_ceres.cc:1137] [AETHER] solver_used=DENSE_SCHUR sparse_backend=EIGEN_SPARSE dense_backend=EIGEN mixed=0 threads=6
I20260925 14:47:59.080958 0x1fecf6080 official_bundle_adjustment_ceres.cc:1648] [AETHER gravity] injected 5/5 roll/pitch anchors, sigma_rad=0.00872665
I20260925 14:47:59.149326 0x1fecf6080 official_bundle_adjustment_ceres.cc:1137] [AETHER] solver_used=DENSE_SCHUR sparse_backend=EIGEN_SPARSE dense_backend=EIGEN mixed=0 threads=6
I20260925 14:47:59.153223 0x1fecf6080 official_bundle_adjustment_ceres.cc:1648] [AETHER gravity] injected 5/5 roll/pitch anchors, sigma_rad=0.00872665
I20260925 14:47:59.210603 0x1fecf6080 official_bundle_adjustment_ceres.cc:1137] [AETHER] solver_used=DENSE_SCHUR sparse_backend=EIGEN_SPARSE dense_backend=EIGEN mixed=0 threads=6
I20260925 14:47:59.368154 0x1fecf6080 official_bundle_adjustment_ceres.cc:1648] [AETHER gravity] injected 6/6 roll/pitch anchors, sigma_rad=0.00872665
I20260925 14:47:59.443798 0x1fecf6080 official_bundle_adjustment_ceres.cc:1137] [AETHER] solver_used=DENSE_SCHUR sparse_backend=EIGEN_SPARSE dense_backend=EIGEN mixed=0 threads=6
I20260925 14:47:59.448806 0x1fecf6080 official_bundle_adjustment_ceres.cc:1648] [AETHER gravity] injected 5/5 roll/pitch anchors, sigma_rad=0.00872665
I20260925 14:47:59.458934 0x1fecf6080 official_bundle_adjustment_ceres.cc:1137] [AETHER] solver_used=DENSE_SCHUR sparse_backend=EIGEN_SPARSE dense_backend=EIGEN mixed=0 threads=6
I20260925 14:47:59.598476 0x1fecf6080 official_bundle_adjustment_ceres.cc:1648] [AETHER gravity] injected 6/6 roll/pitch anchors, sigma_rad=0.00872665
I20260925 14:47:59.680545 0x1fecf6080 official_bundle_adjustment_ceres.cc:1137] [AETHER] solver_used=DENSE_SCHUR sparse_backend=EIGEN_SPARSE dense_backend=EIGEN mixed=0 threads=6
I20260925 14:47:59.686530 0x1fecf6080 official_bundle_adjustment_ceres.cc:1648] [AETHER gravity] injected 6/6 roll/pitch anchors, sigma_rad=0.00872665
I20260925 14:47:59.699917 0x1fecf6080 official_bundle_adjustment_ceres.cc:1137] [AETHER] solver_used=DENSE_SCHUR sparse_backend=EIGEN_SPARSE dense_backend=EIGEN mixed=0 threads=6
I20260925 14:47:59.840668 0x1fecf6080 official_bundle_adjustment_ceres.cc:1648] [AETHER gravity] injected 5/5 roll/pitch anchors, sigma_rad=0.00872665
I20260925 14:47:59.910763 0x1fecf6080 official_bundle_adjustment_ceres.cc:1137] [AETHER] solver_used=DENSE_SCHUR sparse_backend=EIGEN_SPARSE dense_backend=EIGEN mixed=0 threads=6
I20260925 14:47:59.915586 0x1fecf6080 official_bundle_adjustment_ceres.cc:1648] [AETHER gravity] injected 5/5 roll/pitch anchors, sigma_rad=0.00872665
I20260925 14:47:59.927774 0x1fecf6080 official_bundle_adjustment_ceres.cc:1137] [AETHER] solver_used=DENSE_SCHUR sparse_backend=EIGEN_SPARSE dense_backend=EIGEN mixed=0 threads=6
I20260925 14:48:00.048440 0x1fecf6080 official_bundle_adjustment_ceres.cc:1648] [AETHER gravity] injected 5/5 roll/pitch anchors, sigma_rad=0.00872665
I20260925 14:48:00.105853 0x1fecf6080 official_bundle_adjustment_ceres.cc:1137] [AETHER] solver_used=DENSE_SCHUR sparse_backend=EIGEN_SPARSE dense_backend=EIGEN mixed=0 threads=6
I20260925 14:48:00.110244 0x1fecf6080 official_bundle_adjustment_ceres.cc:1648] [AETHER gravity] injected 5/5 roll/pitch anchors, sigma_rad=0.00872665
I20260925 14:48:00.119537 0x1fecf6080 official_bundle_adjustment_ceres.cc:1137] [AETHER] solver_used=DENSE_SCHUR sparse_backend=EIGEN_SPARSE dense_backend=EIGEN mixed=0 threads=6
I20260925 14:48:00.239509 0x1fecf6080 official_bundle_adjustment_ceres.cc:1648] [AETHER gravity] injected 6/6 roll/pitch anchors, sigma_rad=0.00872665
I20260925 14:48:00.313182 0x1fecf6080 official_bundle_adjustment_ceres.cc:1137] [AETHER] solver_used=DENSE_SCHUR sparse_backend=EIGEN_SPARSE dense_backend=EIGEN mixed=0 threads=6
I20260925 14:48:00.318676 0x1fecf6080 official_bundle_adjustment_ceres.cc:1648] [AETHER gravity] injected 6/6 roll/pitch anchors, sigma_rad=0.00872665
I20260925 14:48:00.330605 0x1fecf6080 official_bundle_adjustment_ceres.cc:1137] [AETHER] solver_used=DENSE_SCHUR sparse_backend=EIGEN_SPARSE dense_backend=EIGEN mixed=0 threads=6
I20260925 14:48:00.396027 0x1fecf6080 official_bundle_adjustment_ceres.cc:1648] [AETHER gravity] injected 6/6 roll/pitch anchors, sigma_rad=0.00872665
I20260925 14:48:00.456284 0x1fecf6080 official_bundle_adjustment_ceres.cc:1137] [AETHER] solver_used=DENSE_SCHUR sparse_backend=EIGEN_SPARSE dense_backend=EIGEN mixed=0 threads=6
I20260925 14:48:00.461097 0x1fecf6080 official_bundle_adjustment_ceres.cc:1648] [AETHER gravity] injected 6/6 roll/pitch anchors, sigma_rad=0.00872665
I20260925 14:48:00.473510 0x1fecf6080 official_bundle_adjustment_ceres.cc:1137] [AETHER] solver_used=DENSE_SCHUR sparse_backend=EIGEN_SPARSE dense_backend=EIGEN mixed=0 threads=6
I20260925 14:48:00.599213 0x1fecf6080 official_bundle_adjustment_ceres.cc:1648] [AETHER gravity] injected 5/5 roll/pitch anchors, sigma_rad=0.00872665
I20260925 14:48:00.642829 0x1fecf6080 official_bundle_adjustment_ceres.cc:1137] [AETHER] solver_used=DENSE_SCHUR sparse_backend=EIGEN_SPARSE dense_backend=EIGEN mixed=0 threads=6
I20260925 14:48:00.647382 0x1fecf6080 official_bundle_adjustment_ceres.cc:1648] [AETHER gravity] injected 6/6 roll/pitch anchors, sigma_rad=0.00872665
I20260925 14:48:00.657570 0x1fecf6080 official_bundle_adjustment_ceres.cc:1137] [AETHER] solver_used=DENSE_SCHUR sparse_backend=EIGEN_SPARSE dense_backend=EIGEN mixed=0 threads=6
I20260925 14:48:00.788079 0x1fecf6080 official_bundle_adjustment_ceres.cc:1648] [AETHER gravity] injected 6/6 roll/pitch anchors, sigma_rad=0.00872665
I20260925 14:48:00.858008 0x1fecf6080 official_bundle_adjustment_ceres.cc:1137] [AETHER] solver_used=DENSE_SCHUR sparse_backend=EIGEN_SPARSE dense_backend=EIGEN mixed=0 threads=6
I20260925 14:48:00.863933 0x1fecf6080 official_bundle_adjustment_ceres.cc:1648] [AETHER gravity] injected 6/6 roll/pitch anchors, sigma_rad=0.00872665
I20260925 14:48:00.875913 0x1fecf6080 official_bundle_adjustment_ceres.cc:1137] [AETHER] solver_used=DENSE_SCHUR sparse_backend=EIGEN_SPARSE dense_backend=EIGEN mixed=0 threads=6
I20260925 14:48:01.025821 0x1fecf6080 official_bundle_adjustment_ceres.cc:1648] [AETHER gravity] injected 6/6 roll/pitch anchors, sigma_rad=0.00872665
I20260925 14:48:01.084844 0x1fecf6080 official_bundle_adjustment_ceres.cc:1137] [AETHER] solver_used=DENSE_SCHUR sparse_backend=EIGEN_SPARSE dense_backend=EIGEN mixed=0 threads=6
I20260925 14:48:01.090727 0x1fecf6080 official_bundle_adjustment_ceres.cc:1648] [AETHER gravity] injected 6/6 roll/pitch anchors, sigma_rad=0.00872665
I20260925 14:48:01.098709 0x1fecf6080 official_bundle_adjustment_ceres.cc:1137] [AETHER] solver_used=DENSE_SCHUR sparse_backend=EIGEN_SPARSE dense_backend=EIGEN mixed=0 threads=6
I20260925 14:48:01.307468 0x1fecf6080 official_bundle_adjustment_ceres.cc:1648] [AETHER gravity] injected 4/4 roll/pitch anchors, sigma_rad=0.00872665
I20260925 14:48:01.318222 0x1fecf6080 official_bundle_adjustment_ceres.cc:1137] [AETHER] solver_used=DENSE_SCHUR sparse_backend=EIGEN_SPARSE dense_backend=EIGEN mixed=0 threads=6
I20260925 14:48:01.322458 0x1fecf6080 official_bundle_adjustment_ceres.cc:1648] [AETHER gravity] injected 5/5 roll/pitch anchors, sigma_rad=0.00872665
I20260925 14:48:01.326842 0x1fecf6080 official_bundle_adjustment_ceres.cc:1137] [AETHER] solver_used=DENSE_SCHUR sparse_backend=EIGEN_SPARSE dense_backend=EIGEN mixed=0 threads=6
I20260925 14:48:01.457154 0x1fecf6080 official_bundle_adjustment_ceres.cc:1648] [AETHER gravity] injected 3/3 roll/pitch anchors, sigma_rad=0.00872665
I20260925 14:48:01.469762 0x1fecf6080 official_bundle_adjustment_ceres.cc:1137] [AETHER] solver_used=DENSE_SCHUR sparse_backend=EIGEN_SPARSE dense_backend=EIGEN mixed=0 threads=6
I20260925 14:48:01.473947 0x1fecf6080 official_bundle_adjustment_ceres.cc:1648] [AETHER gravity] injected 6/6 roll/pitch anchors, sigma_rad=0.00872665
I20260925 14:48:01.490033 0x1fecf6080 official_bundle_adjustment_ceres.cc:1137] [AETHER] solver_used=DENSE_SCHUR sparse_backend=EIGEN_SPARSE dense_backend=EIGEN mixed=0 threads=6
I20260925 14:48:01.578125 0x1fecf6080 official_bundle_adjustment_ceres.cc:1648] [AETHER gravity] injected 4/4 roll/pitch anchors, sigma_rad=0.00872665
I20260925 14:48:01.594532 0x1fecf6080 official_bundle_adjustment_ceres.cc:1137] [AETHER] solver_used=DENSE_SCHUR sparse_backend=EIGEN_SPARSE dense_backend=EIGEN mixed=0 threads=6
I20260925 14:48:01.599720 0x1fecf6080 official_bundle_adjustment_ceres.cc:1648] [AETHER gravity] injected 6/6 roll/pitch anchors, sigma_rad=0.00872665
I20260925 14:48:01.608865 0x1fecf6080 official_bundle_adjustment_ceres.cc:1137] [AETHER] solver_used=DENSE_SCHUR sparse_backend=EIGEN_SPARSE dense_backend=EIGEN mixed=0 threads=6
I20260925 14:48:01.725162 0x1fecf6080 official_bundle_adjustment_ceres.cc:1648] [AETHER gravity] injected 6/6 roll/pitch anchors, sigma_rad=0.00872665
I20260925 14:48:01.760227 0x1fecf6080 official_bundle_adjustment_ceres.cc:1137] [AETHER] solver_used=DENSE_SCHUR sparse_backend=EIGEN_SPARSE dense_backend=EIGEN mixed=0 threads=6
I20260925 14:48:01.765413 0x1fecf6080 official_bundle_adjustment_ceres.cc:1648] [AETHER gravity] injected 6/6 roll/pitch anchors, sigma_rad=0.00872665
I20260925 14:48:01.773412 0x1fecf6080 official_bundle_adjustment_ceres.cc:1137] [AETHER] solver_used=DENSE_SCHUR sparse_backend=EIGEN_SPARSE dense_backend=EIGEN mixed=0 threads=6
I20260925 14:48:01.881000 0x1fecf6080 official_bundle_adjustment_ceres.cc:1648] [AETHER gravity] injected 6/6 roll/pitch anchors, sigma_rad=0.00872665
I20260925 14:48:01.937873 0x1fecf6080 official_bundle_adjustment_ceres.cc:1137] [AETHER] solver_used=DENSE_SCHUR sparse_backend=EIGEN_SPARSE dense_backend=EIGEN mixed=0 threads=6
I20260925 14:48:01.943067 0x1fecf6080 official_bundle_adjustment_ceres.cc:1648] [AETHER gravity] injected 6/6 roll/pitch anchors, sigma_rad=0.00872665
I20260925 14:48:01.952528 0x1fecf6080 official_bundle_adjustment_ceres.cc:1137] [AETHER] solver_used=DENSE_SCHUR sparse_backend=EIGEN_SPARSE dense_backend=EIGEN mixed=0 threads=6
I20260925 14:48:01.958106 0x16d787000 database_cache.cc:72] Loading rigs...
I20260925 14:48:01.958125 0x16d787000 database_cache.cc:82]  0 in 0.000s
I20260925 14:48:01.958132 0x16d787000 database_cache.cc:90] Loading cameras...
I20260925 14:48:01.958149 0x16d787000 database_cache.cc:108]  20 in 0.000s
I20260925 14:48:01.958154 0x16d787000 database_cache.cc:116] Loading frames...
I20260925 14:48:01.958161 0x16d787000 database_cache.cc:126]  0 in 0.000s
I20260925 14:48:01.958165 0x16d787000 database_cache.cc:134] Loading matches...
I20260925 14:48:01.958303 0x16d787000 database_cache.cc:139]  88 in 0.000s
I20260925 14:48:01.958308 0x16d787000 database_cache.cc:147] Loading images...
I20260925 14:48:01.959817 0x16d787000 database_cache.cc:236]  20 in 0.002s (loaded all 20)
I20260925 14:48:01.959825 0x16d787000 database_cache.cc:255] Loading pose priors...
I20260925 14:48:01.959835 0x16d787000 database_cache.cc:263]  0 in 0.000s
I20260925 14:48:01.959839 0x16d787000 database_cache.cc:271] Building correspondence graph...
I20260925 14:48:01.962055 0x16d787000 database_cache.cc:300]  in 0.002s (ignored 0)
I20260925 14:48:01.978364 0x16d787000 official_bundle_adjustment_ceres.cc:1648] [AETHER gravity] injected 18/19 roll/pitch anchors, sigma_rad=0.00872665
W20260925 14:48:02.178227 0x16d813000 official_aether_sfm_c.cc:6907] [aether_sfm] finalize re-match: starved_frames=3 candidates=43 attempted=43 written=0 inliers=0 failed=0 gpu_fail_capture=0 probe_debt_repaid=0 probe_debt_left=0
I20260925 14:48:02.261845 0x16d787000 official_bundle_adjustment_ceres.cc:1137] [AETHER] solver_used=DENSE_SCHUR sparse_backend=EIGEN_SPARSE dense_backend=EIGEN mixed=0 threads=6
I20260925 14:48:02.277553 0x16d787000 official_bundle_adjustment_ceres.cc:1648] [AETHER gravity] injected 18/19 roll/pitch anchors, sigma_rad=0.00872665
W20260925 14:48:02.348204 0x16d813000 official_aether_sfm_c.cc:7348] [aether_sfm] official quadratic overlap: overlap=10 candidates=34 written=0 in 169.82 ms
I20260925 14:48:02.496604 0x16d787000 official_bundle_adjustment_ceres.cc:1137] [AETHER] solver_used=DENSE_SCHUR sparse_backend=EIGEN_SPARSE dense_backend=EIGEN mixed=0 threads=6
I20260925 14:48:02.504708 0x16d787000 official_incremental_pipeline.cc:323] Loading database
I20260925 14:48:02.504737 0x16d787000 database_cache.cc:72] Loading rigs...
I20260925 14:48:02.504746 0x16d787000 database_cache.cc:82]  0 in 0.000s
I20260925 14:48:02.504750 0x16d787000 database_cache.cc:90] Loading cameras...
I20260925 14:48:02.504763 0x16d787000 database_cache.cc:108]  20 in 0.000s
I20260925 14:48:02.504768 0x16d787000 database_cache.cc:116] Loading frames...
I20260925 14:48:02.504773 0x16d787000 database_cache.cc:126]  0 in 0.000s
I20260925 14:48:02.504777 0x16d787000 database_cache.cc:134] Loading matches...
I20260925 14:48:02.504923 0x16d787000 database_cache.cc:139]  88 in 0.000s
I20260925 14:48:02.504927 0x16d787000 database_cache.cc:147] Loading images...
I20260925 14:48:02.506489 0x16d787000 database_cache.cc:236]  20 in 0.002s (loaded all 20)
I20260925 14:48:02.506498 0x16d787000 database_cache.cc:255] Loading pose priors...
I20260925 14:48:02.506506 0x16d787000 database_cache.cc:263]  0 in 0.000s
I20260925 14:48:02.506510 0x16d787000 database_cache.cc:271] Building correspondence graph...
I20260925 14:48:02.508378 0x16d787000 database_cache.cc:300]  in 0.002s (ignored 0)
I20260925 14:48:02.508388 0x16d787000 timer.cc:90] Elapsed time: 0.000 [minutes]
I20260925 14:48:02.521632 0x16d787000 official_bundle_adjustment_ceres.cc:1648] [AETHER gravity] injected 18/19 roll/pitch anchors, sigma_rad=0.00872665
I20260925 14:48:02.733727 0x16d787000 official_bundle_adjustment_ceres.cc:1137] [AETHER] solver_used=DENSE_SCHUR sparse_backend=EIGEN_SPARSE dense_backend=EIGEN mixed=0 threads=6
I20260925 14:48:02.748571 0x16d787000 official_bundle_adjustment_ceres.cc:1648] [AETHER gravity] injected 18/19 roll/pitch anchors, sigma_rad=0.00872665
I20260925 14:48:02.906160 0x16d787000 official_bundle_adjustment_ceres.cc:1137] [AETHER] solver_used=DENSE_SCHUR sparse_backend=EIGEN_SPARSE dense_backend=EIGEN mixed=0 threads=6
I20260925 14:48:02.920849 0x16d787000 official_bundle_adjustment_ceres.cc:1648] [AETHER gravity] injected 18/19 roll/pitch anchors, sigma_rad=0.00872665
I20260925 14:48:02.971969 0x16d787000 official_bundle_adjustment_ceres.cc:1137] [AETHER] solver_used=DENSE_SCHUR sparse_backend=EIGEN_SPARSE dense_backend=EIGEN mixed=0 threads=6
W20260925 14:48:02.978941 0x16d787000 official_aether_sfm_c.cc:9530] [frame-loss] before=20 after=19 lost_zero_obs=1 lost_with_obs=0 | frame_000015.jpg(obs=0)
W20260925 14:48:02.979533 0x16d787000 official_aether_sfm_c.cc:9614] [aether_sfm] finalize worker: cache_pre=4ms enrich=399ms stage1=541ms (ok, rounds=2) stage2=475ms (rounds<=3) temporal=0ms upgrade=0ms total=1021ms
W20260925 14:48:02.979787 0x16d787000 official_aether_sfm_c.cc:9643] [aether_sfm] delivered-point provenance: live-created=10763 official-retriangulated=751 live-dropped-by-official-filtering=1935 (live model had 12698; capture-time official TriangulateImage added 0 obs)
W20260925 14:48:02.979914 0x16d787000 official_aether_sfm_c.cc:8066] [device-align-v1] status=aligned pairs=19 inliers=19 max_error_m=0.111819 scale=1.07604 centre_err_median_m=0.00945849 centre_err_max_m=0.0254392 outliers=0
W20260925 14:48:03.020651 0x1fecf6080 official_aether_sfm_c.cc:13097] [aether_sfm] deliver-filter(get_points_tracked): kept 11484/11514 (min_tri_angle=3deg, mirror_ghost=0, isolated_floater=30, killed_union=30)
[pwofficial_gpu_match_dawn] device lost #1 reason=2 rc=8: Device was destroyed.
        4.72 real         5.17 user         4.39 sys
           196476928  maximum resident set size
                   0  average shared memory size
                   0  average unshared data size
                   0  average unshared stack size
               48208  page reclaims
                 726  page faults
                   0  swaps
                   0  block input operations
                   0  block output operations
                   0  messages sent
                   0  messages received
                   0  signals received
                  55  voluntary context switches
              884498  involuntary context switches
         74017698212  instructions retired
         33261622097  cycles elapsed
           464356072  peak memory footprint
