[dkm] frames=115 candidate_pairs=406 selected=8 slice=8:16 available=6.07GB
/opt/homebrew/lib/python3.11/site-packages/torchvision/models/_utils.py:208: UserWarning: The parameter 'pretrained' is deprecated since 0.13 and may be removed in the future, please use 'weights' instead.
  warnings.warn(
/opt/homebrew/lib/python3.11/site-packages/torchvision/models/_utils.py:223: UserWarning: Arguments other than a weight enum or `None` for 'weights' are deprecated since 0.13 and may be removed in the future. The current behavior is equivalent to passing `weights=None`.
  warnings.warn(msg)
[dkm] model loaded on mps in 0.66s
/opt/homebrew/lib/python3.11/site-packages/torch/functional.py:505: UserWarning: torch.meshgrid: in an upcoming release, it will be required to pass the indexing argument. (Triggered internally at /Users/runner/work/pytorch/pytorch/aten/src/ATen/native/TensorShape.cpp:4384.)
  return _VF.meshgrid(tensors, **kwargs)  # type: ignore[attr-defined]
[dkm] 1/8 002_005 grid=950 arkit_inlier=1.000 magsac_inlier=1.000 median=0.784px time=0.96s
[dkm] 2/8 002_004 grid=114 arkit_inlier=1.000 magsac_inlier=1.000 median=0.276px time=0.51s
[dkm] 3/8 002_006 grid=513 arkit_inlier=1.000 magsac_inlier=1.000 median=0.815px time=0.45s
[dkm] 4/8 002_007 grid=286 arkit_inlier=1.000 magsac_inlier=0.979 median=0.480px time=0.46s
[dkm] 5/8 003_005 grid=680 arkit_inlier=0.999 magsac_inlier=0.999 median=0.200px time=0.48s
[dkm] 6/8 003_004 grid=199 arkit_inlier=1.000 magsac_inlier=1.000 median=0.175px time=0.44s
[dkm] 7/8 003_007 grid=509 arkit_inlier=1.000 magsac_inlier=1.000 median=0.912px time=0.45s
[dkm] 8/8 003_022 grid=387 arkit_inlier=0.930 magsac_inlier=1.000 median=0.820px time=0.47s
[dkm] matches_sha256=f43e922c3be53e3451e68d7068b68ae51167d2ebc1b17def56bbd4f1f33ec599
[dkm] metrics_sha256=8a5dbf165b69f69bc6e070082f04d26cfd76ffd0448ee9ebb1d1e578060a3b9e
DKM_CAP50_DONE
        7.04 real         2.75 user         1.50 sys
           928169984  maximum resident set size
                   0  average shared memory size
                   0  average unshared data size
                   0  average unshared stack size
              157517  page reclaims
                 216  page faults
                   0  swaps
                   0  block input operations
                   0  block output operations
                   0  messages sent
                   0  messages received
                   0  signals received
                 233  voluntary context switches
               30878  involuntary context switches
         33867393736  instructions retired
         14671575157  cycles elapsed
          3449030456  peak memory footprint
