TEMPLATE model=aether_cpp/third_party/glomap_vendor/bench_runs/cap51_incremental_ba_ab_20260714/off n_reg_images=105 n_points=65658 reproj_before=0.7046 threads=6 seq=D surface=0 surface_weight=0.100000 surface_rounds=2 max_iters=50
I20260715 07:20:48.701583 0x1fb6b2080 bundle_adjustment_ceres.cc:989] [AETHER] solver_used=DENSE_SCHUR sparse_backend=EIGEN_SPARSE dense_backend=EIGEN mixed=0 threads=6
I20260715 07:20:48.701971 0x1fb6b2080 bundle_adjustment_ceres.cc:1911] Bundle adjustment report
    Residuals : 340150
   Parameters : 197598
   Iterations : 25
         Time : 1.84378 [s]
 Initial cost : 0.36889 [px]
   Final cost : 0.362587 [px]
  Termination : CONVERGENCE

I20260715 07:20:49.086001 0x1fb6b2080 bundle_adjustment_ceres.cc:989] [AETHER] solver_used=DENSE_SCHUR sparse_backend=EIGEN_SPARSE dense_backend=EIGEN mixed=0 threads=6
I20260715 07:20:49.086026 0x1fb6b2080 bundle_adjustment_ceres.cc:1911] Bundle adjustment report
    Residuals : 340150
   Parameters : 197598
   Iterations : 2
         Time : 0.279231 [s]
 Initial cost : 0.362587 [px]
   Final cost : 0.362579 [px]
  Termination : CONVERGENCE

ROUND round=1 arm=D dense_backend=EIGEN solver_used=DENSE_SCHUR ba_ms=2339.7 reproj_after=0.7816 iters=2 final_cost=4.471731e+04 threads=6 n_img=105 n_pts=65658 surface=0 surface_weight=0.100000 surface_rounds=2
OUTPUT dir=aether_cpp/third_party/glomap_vendor/bench_runs/cap51_surface_ba_native_control_r2_20260715
        2.61 real         5.77 user         2.71 sys
           287571968  maximum resident set size
                   0  average shared memory size
                   0  average unshared data size
                   0  average unshared stack size
               20766  page reclaims
                  31  page faults
                   0  swaps
                   0  block input operations
                   0  block output operations
                   0  messages sent
                   0  messages received
                   0  signals received
                1136  voluntary context switches
              526388  involuntary context switches
         62269294435  instructions retired
         28850298996  cycles elapsed
           252445248  peak memory footprint
