TEMPLATE model=aether_cpp/third_party/glomap_vendor/bench_runs/cap51_incremental_ba_ab_20260714/off n_reg_images=105 n_points=65658 reproj_before=0.7046 threads=6 seq=D surface=1 surface_weight=0.010000 surface_rounds=2 max_iters=50
I20260715 07:20:15.283309 0x1fb6b2080 bundle_adjustment_ceres.cc:1630] [AETHER surface] points=65658 residual_blocks=60575 directed_edges=338728 skipped_shared=275161 skipped_normal=42691 metric_to_mm=1000 weight=0.01
I20260715 07:20:17.444123 0x1fb6b2080 bundle_adjustment_ceres.cc:989] [AETHER] solver_used=DENSE_SCHUR sparse_backend=EIGEN_SPARSE dense_backend=EIGEN mixed=0 threads=6
I20260715 07:20:17.444151 0x1fb6b2080 bundle_adjustment_ceres.cc:1911] Bundle adjustment report
    Residuals : 521875
   Parameters : 197598
   Iterations : 26
         Time : 2.14723 [s]
 Initial cost : 0.338902 [px]
   Final cost : 0.319411 [px]
  Termination : CONVERGENCE

I20260715 07:20:17.742606 0x1fb6b2080 bundle_adjustment_ceres.cc:1630] [AETHER surface] points=65658 residual_blocks=60489 directed_edges=343116 skipped_shared=276820 skipped_normal=36644 metric_to_mm=1000 weight=0.01
I20260715 07:20:19.416898 0x1fb6b2080 bundle_adjustment_ceres.cc:989] [AETHER] solver_used=DENSE_SCHUR sparse_backend=EIGEN_SPARSE dense_backend=EIGEN mixed=0 threads=6
I20260715 07:20:19.416920 0x1fb6b2080 bundle_adjustment_ceres.cc:1911] Bundle adjustment report
    Residuals : 521617
   Parameters : 197598
   Iterations : 20
         Time : 1.66282 [s]
 Initial cost : 0.32402 [px]
   Final cost : 0.317721 [px]
  Termination : CONVERGENCE

ROUND round=1 arm=D dense_backend=EIGEN solver_used=DENSE_SCHUR ba_ms=4434.0 reproj_after=0.8413 iters=20 final_cost=5.265563e+04 threads=6 n_img=105 n_pts=65658 surface=1 surface_weight=0.010000 surface_rounds=2
OUTPUT dir=aether_cpp/third_party/glomap_vendor/bench_runs/cap51_surface_ba_native_w001_r2_20260715
        4.68 real        12.68 user         3.95 sys
           327434240  maximum resident set size
                   0  average shared memory size
                   0  average unshared data size
                   0  average unshared stack size
               24307  page reclaims
                  27  page faults
                   0  swaps
                   0  block input operations
                   0  block output operations
                   0  messages sent
                   0  messages received
                   0  signals received
                 997  voluntary context switches
              831529  involuntary context switches
        150828104237  instructions retired
         56894258182  cycles elapsed
           289227400  peak memory footprint
