{
 "subset": "S_prod",
 "A": {
  "result": "finalize=REFINED fed=13 rejected=0 n_reg=13/13 n_points=4526 track3plus=777 n_obs=10061 mean_reproj_px=0.6831 cloud_points=4506 stream_ms=43352.0 finalize_ms=625.9 total_ms=43977.9",
  "streamed": "fed=13 rejected=0 stream_ms=43352.0 tvg_pairs=7678 raw_pairs=0 grow_acc=235 grow_rej=1493 spatial_first=55 temporal_fallback=23 spatial_attempted=0 spatial_written=0 spatial_inliers=0",
  "gate_tags": {
   "ARKIT-POSE-REJECT": {
    "count": 0,
    "last": null
   },
   "[AETHER gravity] injected": {
    "count": 25,
    "last": "I20260923 21:22:18.584123 0x16e04b000 official_bundle_adjustment_ceres.cc:1623] [AETHER gravity] injected 12/13 roll/pitch anchors, sigma_rad=0.00872665"
   },
   "[AETHER gravity] MISSING": {
    "count": 0,
    "last": null
   },
   "[AETHER gravity] INCONSISTENT": {
    "count": 0,
    "last": null
   },
   "mandatory-ARKit refine blocked": {
    "count": 0,
    "last": null
   },
   "mandatory ARKit recovery blocked": {
    "count": 0,
    "last": null
   },
   "[gravity-ra]": {
    "count": 0,
    "last": null
   }
  },
  "gravity_anchor_injected_sum": [
   162,
   167
  ],
  "n_fed_rows": 13,
  "n_rejected_rows": 0,
  "n_registered": 13,
  "extract_ms_median": 3030.4,
  "match_ms_median": 105.2,
  "delivered_vs_own_prior": {
   "scale_delivered_to_prior": 1.0968750977499269,
   "rmse_prior_units": 0.014233483858666863,
   "max_prior_units": 0.04466928894151706
  },
  "delivered_vs_clean_colmap": {
   "rmse_pct_of_path": 0.16282463531540486,
   "max_pct_of_path": 0.2976881141899273,
   "rot_err_deg_median": 0.7334865818381381,
   "rot_err_deg_max": 1.3395082493026935
  },
  "cloud_points": 4506
 },
 "Xhost": {
  "result": "finalize=REFINED fed=13 rejected=0 n_reg=13/13 n_points=4453 track3plus=804 n_obs=9956 mean_reproj_px=0.6942 cloud_points=4434 stream_ms=41650.4 finalize_ms=619.4 total_ms=42269.8",
  "streamed": "fed=13 rejected=0 stream_ms=41650.4 tvg_pairs=7608 raw_pairs=0 grow_acc=815 grow_rej=1139 spatial_first=55 temporal_fallback=23 spatial_attempted=0 spatial_written=0 spatial_inliers=0",
  "gate_tags": {
   "ARKIT-POSE-REJECT": {
    "count": 0,
    "last": null
   },
   "[AETHER gravity] injected": {
    "count": 25,
    "last": "I20260923 21:23:00.912889 0x16efff000 official_bundle_adjustment_ceres.cc:1623] [AETHER gravity] injected 12/13 roll/pitch anchors, sigma_rad=0.00872665"
   },
   "[AETHER gravity] MISSING": {
    "count": 0,
    "last": null
   },
   "[AETHER gravity] INCONSISTENT": {
    "count": 0,
    "last": null
   },
   "mandatory-ARKit refine blocked": {
    "count": 0,
    "last": null
   },
   "mandatory ARKit recovery blocked": {
    "count": 0,
    "last": null
   },
   "[gravity-ra]": {
    "count": 0,
    "last": null
   }
  },
  "gravity_anchor_injected_sum": [
   167,
   172
  ],
  "n_fed_rows": 13,
  "n_rejected_rows": 0,
  "n_registered": 13,
  "extract_ms_median": 2936.1,
  "match_ms_median": 111.2,
  "delivered_vs_own_prior": {
   "scale_delivered_to_prior": 0.9936607195715881,
   "rmse_prior_units": 0.011724827293949915,
   "max_prior_units": 0.018395153713404753
  },
  "delivered_vs_clean_colmap": {
   "rmse_pct_of_path": 0.16489083549860048,
   "max_pct_of_path": 0.30353451259508263,
   "rot_err_deg_median": 0.9127443367646769,
   "rot_err_deg_max": 1.3377520084509993
  },
  "cloud_points": 4434
 },
 "XnoWorldRot": {
  "result": "finalize=REFINED fed=13 rejected=0 n_reg=13/13 n_points=4367 track3plus=803 n_obs=9819 mean_reproj_px=0.6974 cloud_points=4262 stream_ms=43046.3 finalize_ms=836.0 total_ms=43882.3",
  "streamed": "fed=13 rejected=0 stream_ms=43046.3 tvg_pairs=7546 raw_pairs=0 grow_acc=707 grow_rej=1302 spatial_first=55 temporal_fallback=23 spatial_attempted=0 spatial_written=0 spatial_inliers=0",
  "gate_tags": {
   "ARKIT-POSE-REJECT": {
    "count": 0,
    "last": null
   },
   "[AETHER gravity] injected": {
    "count": 25,
    "last": "I20260923 21:44:26.242411 0x16f20f000 official_bundle_adjustment_ceres.cc:1623] [AETHER gravity] injected 12/13 roll/pitch anchors, sigma_rad=0.00872665"
   },
   "[AETHER gravity] MISSING": {
    "count": 0,
    "last": null
   },
   "[AETHER gravity] INCONSISTENT": {
    "count": 0,
    "last": null
   },
   "mandatory-ARKit refine blocked": {
    "count": 0,
    "last": null
   },
   "mandatory ARKit recovery blocked": {
    "count": 0,
    "last": null
   },
   "[gravity-ra]": {
    "count": 0,
    "last": null
   }
  },
  "gravity_anchor_injected_sum": [
   165,
   170
  ],
  "n_fed_rows": 13,
  "n_rejected_rows": 0,
  "n_registered": 13,
  "extract_ms_median": 3088.0,
  "match_ms_median": 111.8,
  "delivered_vs_own_prior": {
   "scale_delivered_to_prior": 1.0042987356259285,
   "rmse_prior_units": 0.012015859232410109,
   "max_prior_units": 0.019099908179442352
  },
  "delivered_vs_clean_colmap": {
   "rmse_pct_of_path": 0.1712588460346124,
   "max_pct_of_path": 0.3095313371960717,
   "rot_err_deg_median": 0.7551894602851875,
   "rot_err_deg_max": 1.2090688917686157
  },
  "cloud_points": 4262
 },
 "Xrot2": {
  "result": "finalize=REFINED fed=13 rejected=0 n_reg=13/13 n_points=3968 track3plus=747 n_obs=8906 mean_reproj_px=0.6682 cloud_points=3955 stream_ms=42209.4 finalize_ms=630.2 total_ms=42839.5",
  "streamed": "fed=13 rejected=0 stream_ms=42209.4 tvg_pairs=6950 raw_pairs=0 grow_acc=3 grow_rej=1259 spatial_first=55 temporal_fallback=23 spatial_attempted=0 spatial_written=0 spatial_inliers=0",
  "gate_tags": {
   "ARKIT-POSE-REJECT": {
    "count": 0,
    "last": null
   },
   "[AETHER gravity] injected": {
    "count": 25,
    "last": "I20260923 21:45:51.514445 0x16dc77000 official_bundle_adjustment_ceres.cc:1623] [AETHER gravity] injected 12/13 roll/pitch anchors, sigma_rad=0.00872665"
   },
   "[AETHER gravity] MISSING": {
    "count": 0,
    "last": null
   },
   "[AETHER gravity] INCONSISTENT": {
    "count": 0,
    "last": null
   },
   "mandatory-ARKit refine blocked": {
    "count": 0,
    "last": null
   },
   "mandatory ARKit recovery blocked": {
    "count": 0,
    "last": null
   },
   "[gravity-ra]": {
    "count": 0,
    "last": null
   }
  },
  "gravity_anchor_injected_sum": [
   147,
   152
  ],
  "n_fed_rows": 13,
  "n_rejected_rows": 0,
  "n_registered": 13,
  "extract_ms_median": 3004.4,
  "match_ms_median": 81.6,
  "delivered_vs_own_prior": {
   "scale_delivered_to_prior": 0.9500338917260136,
   "rmse_prior_units": 0.01182842346023652,
   "max_prior_units": 0.01860196730912983
  },
  "delivered_vs_clean_colmap": {
   "rmse_pct_of_path": 0.17842439132221574,
   "max_pct_of_path": 0.3241461845562761,
   "rot_err_deg_median": 0.9368845973537953,
   "rot_err_deg_max": 1.200736867011275
  },
  "cloud_points": 3955
 },
 "Xrot5": {
  "result": "finalize=REFINED fed=13 rejected=0 n_reg=13/13 n_points=2798 track3plus=665 n_obs=6488 mean_reproj_px=0.6778 cloud_points=2792 stream_ms=42946.6 finalize_ms=611.8 total_ms=43558.4",
  "streamed": "fed=13 rejected=0 stream_ms=42946.6 tvg_pairs=6115 raw_pairs=0 grow_acc=4 grow_rej=866 spatial_first=55 temporal_fallback=23 spatial_attempted=0 spatial_written=0 spatial_inliers=0",
  "gate_tags": {
   "ARKIT-POSE-REJECT": {
    "count": 0,
    "last": null
   },
   "[AETHER gravity] injected": {
    "count": 23,
    "last": "I20260923 21:46:46.291170 0x16b67b000 official_bundle_adjustment_ceres.cc:1623] [AETHER gravity] injected 12/13 roll/pitch anchors, sigma_rad=0.00872665"
   },
   "[AETHER gravity] MISSING": {
    "count": 0,
    "last": null
   },
   "[AETHER gravity] INCONSISTENT": {
    "count": 0,
    "last": null
   },
   "mandatory-ARKit refine blocked": {
    "count": 0,
    "last": null
   },
   "mandatory ARKit recovery blocked": {
    "count": 0,
    "last": null
   },
   "[gravity-ra]": {
    "count": 0,
    "last": null
   }
  },
  "gravity_anchor_injected_sum": [
   131,
   136
  ],
  "n_fed_rows": 13,
  "n_rejected_rows": 0,
  "n_registered": 13,
  "extract_ms_median": 3084.9,
  "match_ms_median": 75.7,
  "delivered_vs_own_prior": {
   "scale_delivered_to_prior": 1.0597812674934965,
   "rmse_prior_units": 0.019969490090521638,
   "max_prior_units": 0.05231250510951396
  },
  "delivered_vs_clean_colmap": {
   "rmse_pct_of_path": 0.5605182918864456,
   "max_pct_of_path": 1.6457034406073499,
   "rot_err_deg_median": 1.0921016849617329,
   "rot_err_deg_max": 5.771186425606607
  },
  "cloud_points": 2792
 },
 "Xhost_vs_A": {
  "n_common_registered": 13,
  "delivered_sim3_scale_X_to_A": 0.8466007359494258,
  "delivered_implied_scale_X_over_A": 1.1811943429018446,
  "input_prior_sim3_scale_X_to_A": 0.9338484830974502,
  "input_implied_scale_X_over_A": 1.070837526750736,
  "delivered_center_rmse_after_sim3_A_units": 0.001563801191470352,
  "input_center_rmse_after_sim3_A_units": 0.016403733480218237,
  "cloud_X_to_A_nn_m": {
   "median": 0.002138122035656255,
   "p90": 0.004053151457946538,
   "frac_gt_2cm": 0.0027063599458728013,
   "frac_gt_5cm": 0.0009021199819576004
  },
  "cloud_A_to_X_nn_m": {
   "median": 0.0021580405162987732,
   "p90": 0.004319576501948747,
   "frac_gt_2cm": 0.0031069684864624943,
   "frac_gt_5cm": 0.00022192632046160674
  },
  "cloud_A_self_nn_m_median": 0.003490439086607398
 },
 "XnoWorldRot_vs_A": {
  "n_common_registered": 13,
  "delivered_sim3_scale_X_to_A": 0.8556653911786118,
  "delivered_implied_scale_X_over_A": 1.1686811343655943,
  "input_prior_sim3_scale_X_to_A": 0.9338484830974503,
  "input_implied_scale_X_over_A": 1.0708375267507357,
  "delivered_center_rmse_after_sim3_A_units": 0.002684922643014296,
  "input_center_rmse_after_sim3_A_units": 0.01640373348021823,
  "cloud_X_to_A_nn_m": {
   "median": 0.003174687302216302,
   "p90": 0.005758341255824596,
   "frac_gt_2cm": 0.004692632566870014,
   "frac_gt_5cm": 0.0018770530267480056
  },
  "cloud_A_to_X_nn_m": {
   "median": 0.003265305322575767,
   "p90": 0.007295883947508875,
   "frac_gt_2cm": 0.03395472703062583,
   "frac_gt_5cm": 0.024855747891699954
  },
  "cloud_A_self_nn_m_median": 0.003490439086607398
 },
 "Xrot2_vs_A": {
  "n_common_registered": 13,
  "delivered_sim3_scale_X_to_A": 0.8094169146556632,
  "delivered_implied_scale_X_over_A": 1.2354572555793615,
  "input_prior_sim3_scale_X_to_A": 0.9338484830974504,
  "input_implied_scale_X_over_A": 1.0708375267507357,
  "delivered_center_rmse_after_sim3_A_units": 0.002775531774159,
  "input_center_rmse_after_sim3_A_units": 0.016403733480218202,
  "cloud_X_to_A_nn_m": {
   "median": 0.0010716732966944364,
   "p90": 0.003631371910557668,
   "frac_gt_2cm": 0.00404551201011378,
   "frac_gt_5cm": 0.0
  },
  "cloud_A_to_X_nn_m": {
   "median": 0.001291608192848272,
   "p90": 0.007934614102057692,
   "frac_gt_2cm": 0.03772747447847315,
   "frac_gt_5cm": 0.016200621393697292
  },
  "cloud_A_self_nn_m_median": 0.003490439086607398
 },
 "Xrot5_vs_A": {
  "n_common_registered": 13,
  "delivered_sim3_scale_X_to_A": 0.90274379532464,
  "delivered_implied_scale_X_over_A": 1.1077340051286482,
  "input_prior_sim3_scale_X_to_A": 0.9338484830974504,
  "input_implied_scale_X_over_A": 1.0708375267507357,
  "delivered_center_rmse_after_sim3_A_units": 0.015357391363359467,
  "input_center_rmse_after_sim3_A_units": 0.016403733480218254,
  "cloud_X_to_A_nn_m": {
   "median": 0.003783230695969324,
   "p90": 0.006715893520828524,
   "frac_gt_2cm": 0.02865329512893983,
   "frac_gt_5cm": 0.01181948424068768
  },
  "cloud_A_to_X_nn_m": {
   "median": 0.0044678389001641255,
   "p90": 0.025578769754882356,
   "frac_gt_2cm": 0.12916111850865514,
   "frac_gt_5cm": 0.033288948069241014
  },
  "cloud_A_self_nn_m_median": 0.003490439086607398
 }
}
wrote runs/render_S_prod.png
