[DawnKernelHarness] limits: invocations/wg=512 wgSizeX=512 storageBufs=10 maxBuffer=1073741824 maxStorageBinding=1073741824 (adapter: 1024 1024 10 4294967295 4294967295)
[pwofficial_gpu_match_dawn] backend=blocked(fma4x4+direct+w64+nopb+f16+keyscan3+ptr+kp,V8) adapter="Apple M3 Pro" subgroups=1 sgmatrix=1 f32_8x8x8=1 f16_f32=1 mixed=0 subgroup=[4,64] packed_dot=1 timestamp=1 limits[storage=32768 invocations=1024 sizeX=1024]
WARNING: Logging before InitGoogleLogging() is written to STDERR
I20260925 18:06:57.634908 0x1fecf6080 database_cache.cc:72] Loading rigs...
I20260925 18:06:57.634937 0x1fecf6080 database_cache.cc:82]  0 in 0.000s
I20260925 18:06:57.634945 0x1fecf6080 database_cache.cc:90] Loading cameras...
I20260925 18:06:57.634956 0x1fecf6080 database_cache.cc:108]  2 in 0.000s
I20260925 18:06:57.634962 0x1fecf6080 database_cache.cc:116] Loading frames...
I20260925 18:06:57.634969 0x1fecf6080 database_cache.cc:126]  0 in 0.000s
I20260925 18:06:57.634973 0x1fecf6080 database_cache.cc:134] Loading matches...
I20260925 18:06:57.634988 0x1fecf6080 database_cache.cc:139]  1 in 0.000s
I20260925 18:06:57.634993 0x1fecf6080 database_cache.cc:147] Loading images...
I20260925 18:06:57.635146 0x1fecf6080 database_cache.cc:236]  2 in 0.000s (loaded all 2)
I20260925 18:06:57.635151 0x1fecf6080 database_cache.cc:255] Loading pose priors...
I20260925 18:06:57.635158 0x1fecf6080 database_cache.cc:263]  0 in 0.000s
I20260925 18:06:57.635162 0x1fecf6080 database_cache.cc:271] Building correspondence graph...
I20260925 18:06:57.635323 0x1fecf6080 database_cache.cc:300]  in 0.000s (ignored 0)
I20260925 18:06:57.735631 0x1fecf6080 official_bundle_adjustment_ceres.cc:1648] [AETHER gravity] injected 3/3 roll/pitch anchors, sigma_rad=0.00872665
[AETHER BA-ORDERING] blocks=2008 pts(g0)=1999 cams(g1)=3 g1_all_pose=1 proven=1
I20260925 18:06:57.774866 0x1fecf6080 official_bundle_adjustment_ceres.cc:1137] [AETHER] solver_used=DENSE_SCHUR sparse_backend=EIGEN_SPARSE dense_backend=EIGEN mixed=0 threads=6
I20260925 18:06:57.777125 0x1fecf6080 official_bundle_adjustment_ceres.cc:1648] [AETHER gravity] injected 3/3 roll/pitch anchors, sigma_rad=0.00872665
[AETHER BA-ORDERING] blocks=2002 pts(g0)=1993 cams(g1)=3 g1_all_pose=1 proven=1
I20260925 18:06:57.794443 0x1fecf6080 official_bundle_adjustment_ceres.cc:1137] [AETHER] solver_used=DENSE_SCHUR sparse_backend=EIGEN_SPARSE dense_backend=EIGEN mixed=0 threads=6
I20260925 18:06:58.045463 0x1fecf6080 official_bundle_adjustment_ceres.cc:1648] [AETHER gravity] injected 4/4 roll/pitch anchors, sigma_rad=0.00872665
[AETHER BA-ORDERING] blocks=3201 pts(g0)=3190 cams(g1)=4 g1_all_pose=1 proven=1
I20260925 18:06:58.222669 0x1fecf6080 official_bundle_adjustment_ceres.cc:1137] [AETHER] solver_used=DENSE_SCHUR sparse_backend=EIGEN_SPARSE dense_backend=EIGEN mixed=0 threads=6
I20260925 18:06:58.245524 0x1fecf6080 official_bundle_adjustment_ceres.cc:1648] [AETHER gravity] injected 4/4 roll/pitch anchors, sigma_rad=0.00872665
I20260925 18:06:58.329232 0x1fecf6080 official_bundle_adjustment_ceres.cc:1137] [AETHER] solver_used=DENSE_SCHUR sparse_backend=EIGEN_SPARSE dense_backend=EIGEN mixed=0 threads=6
I20260925 18:06:58.515734 0x1fecf6080 official_bundle_adjustment_ceres.cc:1648] [AETHER gravity] injected 5/5 roll/pitch anchors, sigma_rad=0.00872665
I20260925 18:06:58.610039 0x1fecf6080 official_bundle_adjustment_ceres.cc:1137] [AETHER] solver_used=DENSE_SCHUR sparse_backend=EIGEN_SPARSE dense_backend=EIGEN mixed=0 threads=6
I20260925 18:06:58.614424 0x1fecf6080 official_bundle_adjustment_ceres.cc:1648] [AETHER gravity] injected 5/5 roll/pitch anchors, sigma_rad=0.00872665
I20260925 18:06:58.664036 0x1fecf6080 official_bundle_adjustment_ceres.cc:1137] [AETHER] solver_used=DENSE_SCHUR sparse_backend=EIGEN_SPARSE dense_backend=EIGEN mixed=0 threads=6
I20260925 18:06:58.836540 0x1fecf6080 official_bundle_adjustment_ceres.cc:1648] [AETHER gravity] injected 6/6 roll/pitch anchors, sigma_rad=0.00872665
I20260925 18:06:58.922359 0x1fecf6080 official_bundle_adjustment_ceres.cc:1137] [AETHER] solver_used=DENSE_SCHUR sparse_backend=EIGEN_SPARSE dense_backend=EIGEN mixed=0 threads=6
I20260925 18:06:58.927580 0x1fecf6080 official_bundle_adjustment_ceres.cc:1648] [AETHER gravity] injected 6/6 roll/pitch anchors, sigma_rad=0.00872665
I20260925 18:06:58.960123 0x1fecf6080 official_bundle_adjustment_ceres.cc:1137] [AETHER] solver_used=DENSE_SCHUR sparse_backend=EIGEN_SPARSE dense_backend=EIGEN mixed=0 threads=6
I20260925 18:06:59.101865 0x1fecf6080 official_bundle_adjustment_ceres.cc:1648] [AETHER gravity] injected 6/6 roll/pitch anchors, sigma_rad=0.00872665
I20260925 18:06:59.189591 0x1fecf6080 official_bundle_adjustment_ceres.cc:1137] [AETHER] solver_used=DENSE_SCHUR sparse_backend=EIGEN_SPARSE dense_backend=EIGEN mixed=0 threads=6
I20260925 18:06:59.195552 0x1fecf6080 official_bundle_adjustment_ceres.cc:1648] [AETHER gravity] injected 6/6 roll/pitch anchors, sigma_rad=0.00872665
I20260925 18:06:59.209627 0x1fecf6080 official_bundle_adjustment_ceres.cc:1137] [AETHER] solver_used=DENSE_SCHUR sparse_backend=EIGEN_SPARSE dense_backend=EIGEN mixed=0 threads=6
I20260925 18:06:59.349320 0x1fecf6080 official_bundle_adjustment_ceres.cc:1648] [AETHER gravity] injected 6/6 roll/pitch anchors, sigma_rad=0.00872665
I20260925 18:06:59.445361 0x1fecf6080 official_bundle_adjustment_ceres.cc:1137] [AETHER] solver_used=DENSE_SCHUR sparse_backend=EIGEN_SPARSE dense_backend=EIGEN mixed=0 threads=6
I20260925 18:06:59.451697 0x1fecf6080 official_bundle_adjustment_ceres.cc:1648] [AETHER gravity] injected 6/6 roll/pitch anchors, sigma_rad=0.00872665
I20260925 18:06:59.462937 0x1fecf6080 official_bundle_adjustment_ceres.cc:1137] [AETHER] solver_used=DENSE_SCHUR sparse_backend=EIGEN_SPARSE dense_backend=EIGEN mixed=0 threads=6
I20260925 18:06:59.579407 0x1fecf6080 official_bundle_adjustment_ceres.cc:1648] [AETHER gravity] injected 5/5 roll/pitch anchors, sigma_rad=0.00872665
I20260925 18:06:59.642850 0x1fecf6080 official_bundle_adjustment_ceres.cc:1137] [AETHER] solver_used=DENSE_SCHUR sparse_backend=EIGEN_SPARSE dense_backend=EIGEN mixed=0 threads=6
I20260925 18:06:59.647467 0x1fecf6080 official_bundle_adjustment_ceres.cc:1648] [AETHER gravity] injected 5/5 roll/pitch anchors, sigma_rad=0.00872665
I20260925 18:06:59.657438 0x1fecf6080 official_bundle_adjustment_ceres.cc:1137] [AETHER] solver_used=DENSE_SCHUR sparse_backend=EIGEN_SPARSE dense_backend=EIGEN mixed=0 threads=6
I20260925 18:06:59.781961 0x1fecf6080 official_bundle_adjustment_ceres.cc:1648] [AETHER gravity] injected 6/6 roll/pitch anchors, sigma_rad=0.00872665
I20260925 18:06:59.863333 0x1fecf6080 official_bundle_adjustment_ceres.cc:1137] [AETHER] solver_used=DENSE_SCHUR sparse_backend=EIGEN_SPARSE dense_backend=EIGEN mixed=0 threads=6
I20260925 18:06:59.869516 0x1fecf6080 official_bundle_adjustment_ceres.cc:1648] [AETHER gravity] injected 6/6 roll/pitch anchors, sigma_rad=0.00872665
I20260925 18:06:59.882887 0x1fecf6080 official_bundle_adjustment_ceres.cc:1137] [AETHER] solver_used=DENSE_SCHUR sparse_backend=EIGEN_SPARSE dense_backend=EIGEN mixed=0 threads=6
I20260925 18:06:59.954781 0x1fecf6080 official_bundle_adjustment_ceres.cc:1648] [AETHER gravity] injected 6/6 roll/pitch anchors, sigma_rad=0.00872665
I20260925 18:07:00.016780 0x1fecf6080 official_bundle_adjustment_ceres.cc:1137] [AETHER] solver_used=DENSE_SCHUR sparse_backend=EIGEN_SPARSE dense_backend=EIGEN mixed=0 threads=6
I20260925 18:07:00.032309 0x1fecf6080 official_bundle_adjustment_ceres.cc:1648] [AETHER gravity] injected 6/6 roll/pitch anchors, sigma_rad=0.00872665
I20260925 18:07:00.042546 0x1fecf6080 official_bundle_adjustment_ceres.cc:1137] [AETHER] solver_used=DENSE_SCHUR sparse_backend=EIGEN_SPARSE dense_backend=EIGEN mixed=0 threads=6
I20260925 18:07:00.182211 0x1fecf6080 official_bundle_adjustment_ceres.cc:1648] [AETHER gravity] injected 6/6 roll/pitch anchors, sigma_rad=0.00872665
I20260925 18:07:00.234285 0x1fecf6080 official_bundle_adjustment_ceres.cc:1137] [AETHER] solver_used=DENSE_SCHUR sparse_backend=EIGEN_SPARSE dense_backend=EIGEN mixed=0 threads=6
I20260925 18:07:00.239749 0x1fecf6080 official_bundle_adjustment_ceres.cc:1648] [AETHER gravity] injected 6/6 roll/pitch anchors, sigma_rad=0.00872665
I20260925 18:07:00.249858 0x1fecf6080 official_bundle_adjustment_ceres.cc:1137] [AETHER] solver_used=DENSE_SCHUR sparse_backend=EIGEN_SPARSE dense_backend=EIGEN mixed=0 threads=6
I20260925 18:07:00.390089 0x1fecf6080 official_bundle_adjustment_ceres.cc:1648] [AETHER gravity] injected 6/6 roll/pitch anchors, sigma_rad=0.00872665
I20260925 18:07:00.471801 0x1fecf6080 official_bundle_adjustment_ceres.cc:1137] [AETHER] solver_used=DENSE_SCHUR sparse_backend=EIGEN_SPARSE dense_backend=EIGEN mixed=0 threads=6
I20260925 18:07:00.478036 0x1fecf6080 official_bundle_adjustment_ceres.cc:1648] [AETHER gravity] injected 6/6 roll/pitch anchors, sigma_rad=0.00872665
I20260925 18:07:00.490895 0x1fecf6080 official_bundle_adjustment_ceres.cc:1137] [AETHER] solver_used=DENSE_SCHUR sparse_backend=EIGEN_SPARSE dense_backend=EIGEN mixed=0 threads=6
I20260925 18:07:00.653543 0x1fecf6080 official_bundle_adjustment_ceres.cc:1648] [AETHER gravity] injected 6/6 roll/pitch anchors, sigma_rad=0.00872665
I20260925 18:07:00.717487 0x1fecf6080 official_bundle_adjustment_ceres.cc:1137] [AETHER] solver_used=DENSE_SCHUR sparse_backend=EIGEN_SPARSE dense_backend=EIGEN mixed=0 threads=6
I20260925 18:07:00.723869 0x1fecf6080 official_bundle_adjustment_ceres.cc:1648] [AETHER gravity] injected 6/6 roll/pitch anchors, sigma_rad=0.00872665
I20260925 18:07:00.734747 0x1fecf6080 official_bundle_adjustment_ceres.cc:1137] [AETHER] solver_used=DENSE_SCHUR sparse_backend=EIGEN_SPARSE dense_backend=EIGEN mixed=0 threads=6
I20260925 18:07:00.963468 0x1fecf6080 official_bundle_adjustment_ceres.cc:1648] [AETHER gravity] injected 6/6 roll/pitch anchors, sigma_rad=0.00872665
I20260925 18:07:01.000210 0x1fecf6080 official_bundle_adjustment_ceres.cc:1137] [AETHER] solver_used=DENSE_SCHUR sparse_backend=EIGEN_SPARSE dense_backend=EIGEN mixed=0 threads=6
I20260925 18:07:01.006123 0x1fecf6080 official_bundle_adjustment_ceres.cc:1648] [AETHER gravity] injected 6/6 roll/pitch anchors, sigma_rad=0.00872665
I20260925 18:07:01.011805 0x1fecf6080 official_bundle_adjustment_ceres.cc:1137] [AETHER] solver_used=DENSE_SCHUR sparse_backend=EIGEN_SPARSE dense_backend=EIGEN mixed=0 threads=6
I20260925 18:07:01.164540 0x1fecf6080 official_bundle_adjustment_ceres.cc:1648] [AETHER gravity] injected 6/6 roll/pitch anchors, sigma_rad=0.00872665
I20260925 18:07:01.216832 0x1fecf6080 official_bundle_adjustment_ceres.cc:1137] [AETHER] solver_used=DENSE_SCHUR sparse_backend=EIGEN_SPARSE dense_backend=EIGEN mixed=0 threads=6
I20260925 18:07:01.225384 0x1fecf6080 official_bundle_adjustment_ceres.cc:1648] [AETHER gravity] injected 6/6 roll/pitch anchors, sigma_rad=0.00872665
I20260925 18:07:01.237680 0x1fecf6080 official_bundle_adjustment_ceres.cc:1137] [AETHER] solver_used=DENSE_SCHUR sparse_backend=EIGEN_SPARSE dense_backend=EIGEN mixed=0 threads=6
I20260925 18:07:01.337831 0x1fecf6080 official_bundle_adjustment_ceres.cc:1648] [AETHER gravity] injected 6/6 roll/pitch anchors, sigma_rad=0.00872665
I20260925 18:07:01.389803 0x1fecf6080 official_bundle_adjustment_ceres.cc:1137] [AETHER] solver_used=DENSE_SCHUR sparse_backend=EIGEN_SPARSE dense_backend=EIGEN mixed=0 threads=6
I20260925 18:07:01.395053 0x1fecf6080 official_bundle_adjustment_ceres.cc:1648] [AETHER gravity] injected 6/6 roll/pitch anchors, sigma_rad=0.00872665
I20260925 18:07:01.403955 0x1fecf6080 official_bundle_adjustment_ceres.cc:1137] [AETHER] solver_used=DENSE_SCHUR sparse_backend=EIGEN_SPARSE dense_backend=EIGEN mixed=0 threads=6
I20260925 18:07:01.552059 0x1fecf6080 official_bundle_adjustment_ceres.cc:1648] [AETHER gravity] injected 6/6 roll/pitch anchors, sigma_rad=0.00872665
I20260925 18:07:01.597458 0x1fecf6080 official_bundle_adjustment_ceres.cc:1137] [AETHER] solver_used=DENSE_SCHUR sparse_backend=EIGEN_SPARSE dense_backend=EIGEN mixed=0 threads=6
I20260925 18:07:01.605753 0x1fecf6080 official_bundle_adjustment_ceres.cc:1648] [AETHER gravity] injected 6/6 roll/pitch anchors, sigma_rad=0.00872665
I20260925 18:07:01.615465 0x1fecf6080 official_bundle_adjustment_ceres.cc:1137] [AETHER] solver_used=DENSE_SCHUR sparse_backend=EIGEN_SPARSE dense_backend=EIGEN mixed=0 threads=6
I20260925 18:07:01.730867 0x1fecf6080 official_bundle_adjustment_ceres.cc:1648] [AETHER gravity] injected 6/6 roll/pitch anchors, sigma_rad=0.00872665
I20260925 18:07:01.788396 0x1fecf6080 official_bundle_adjustment_ceres.cc:1137] [AETHER] solver_used=DENSE_SCHUR sparse_backend=EIGEN_SPARSE dense_backend=EIGEN mixed=0 threads=6
I20260925 18:07:01.793583 0x1fecf6080 official_bundle_adjustment_ceres.cc:1648] [AETHER gravity] injected 6/6 roll/pitch anchors, sigma_rad=0.00872665
I20260925 18:07:01.802906 0x1fecf6080 official_bundle_adjustment_ceres.cc:1137] [AETHER] solver_used=DENSE_SCHUR sparse_backend=EIGEN_SPARSE dense_backend=EIGEN mixed=0 threads=6
I20260925 18:07:01.808773 0x16dac7000 database_cache.cc:72] Loading rigs...
I20260925 18:07:01.808800 0x16dac7000 database_cache.cc:82]  0 in 0.000s
I20260925 18:07:01.808807 0x16dac7000 database_cache.cc:90] Loading cameras...
I20260925 18:07:01.808828 0x16dac7000 database_cache.cc:108]  20 in 0.000s
I20260925 18:07:01.808832 0x16dac7000 database_cache.cc:116] Loading frames...
I20260925 18:07:01.808846 0x16dac7000 database_cache.cc:126]  0 in 0.000s
I20260925 18:07:01.808851 0x16dac7000 database_cache.cc:134] Loading matches...
I20260925 18:07:01.809010 0x16dac7000 database_cache.cc:139]  87 in 0.000s
I20260925 18:07:01.809014 0x16dac7000 database_cache.cc:147] Loading images...
I20260925 18:07:01.810627 0x16dac7000 database_cache.cc:236]  20 in 0.002s (loaded all 20)
I20260925 18:07:01.810635 0x16dac7000 database_cache.cc:255] Loading pose priors...
I20260925 18:07:01.810643 0x16dac7000 database_cache.cc:263]  0 in 0.000s
I20260925 18:07:01.810647 0x16dac7000 database_cache.cc:271] Building correspondence graph...
I20260925 18:07:01.812990 0x16dac7000 database_cache.cc:300]  in 0.002s (ignored 0)
I20260925 18:07:01.829178 0x16dac7000 official_bundle_adjustment_ceres.cc:1648] [AETHER gravity] injected 19/20 roll/pitch anchors, sigma_rad=0.00872665
W20260925 18:07:02.056398 0x16db53000 official_aether_sfm_c.cc:6907] [aether_sfm] finalize re-match: starved_frames=3 candidates=43 attempted=43 written=0 inliers=0 failed=0 gpu_fail_capture=0 probe_debt_repaid=0 probe_debt_left=0
I20260925 18:07:02.087884 0x16dac7000 official_bundle_adjustment_ceres.cc:1137] [AETHER] solver_used=DENSE_SCHUR sparse_backend=EIGEN_SPARSE dense_backend=EIGEN mixed=0 threads=6
I20260925 18:07:02.104164 0x16dac7000 official_bundle_adjustment_ceres.cc:1648] [AETHER gravity] injected 19/20 roll/pitch anchors, sigma_rad=0.00872665
W20260925 18:07:02.246289 0x16db53000 official_aether_sfm_c.cc:7348] [aether_sfm] official quadratic overlap: overlap=10 candidates=34 written=0 in 189.755 ms
I20260925 18:07:02.338314 0x16dac7000 official_bundle_adjustment_ceres.cc:1137] [AETHER] solver_used=DENSE_SCHUR sparse_backend=EIGEN_SPARSE dense_backend=EIGEN mixed=0 threads=6
I20260925 18:07:02.354320 0x16dac7000 official_bundle_adjustment_ceres.cc:1648] [AETHER gravity] injected 19/20 roll/pitch anchors, sigma_rad=0.00872665
I20260925 18:07:02.494275 0x16dac7000 official_bundle_adjustment_ceres.cc:1137] [AETHER] solver_used=DENSE_SCHUR sparse_backend=EIGEN_SPARSE dense_backend=EIGEN mixed=0 threads=6
I20260925 18:07:02.504801 0x16dac7000 official_incremental_pipeline.cc:323] Loading database
I20260925 18:07:02.504840 0x16dac7000 database_cache.cc:72] Loading rigs...
I20260925 18:07:02.504849 0x16dac7000 database_cache.cc:82]  0 in 0.000s
I20260925 18:07:02.504855 0x16dac7000 database_cache.cc:90] Loading cameras...
I20260925 18:07:02.504869 0x16dac7000 database_cache.cc:108]  20 in 0.000s
I20260925 18:07:02.504873 0x16dac7000 database_cache.cc:116] Loading frames...
I20260925 18:07:02.504879 0x16dac7000 database_cache.cc:126]  0 in 0.000s
I20260925 18:07:02.504883 0x16dac7000 database_cache.cc:134] Loading matches...
I20260925 18:07:02.505048 0x16dac7000 database_cache.cc:139]  87 in 0.000s
I20260925 18:07:02.505053 0x16dac7000 database_cache.cc:147] Loading images...
I20260925 18:07:02.506898 0x16dac7000 database_cache.cc:236]  20 in 0.002s (loaded all 20)
I20260925 18:07:02.506909 0x16dac7000 database_cache.cc:255] Loading pose priors...
I20260925 18:07:02.506918 0x16dac7000 database_cache.cc:263]  0 in 0.000s
I20260925 18:07:02.506921 0x16dac7000 database_cache.cc:271] Building correspondence graph...
I20260925 18:07:02.509024 0x16dac7000 database_cache.cc:300]  in 0.002s (ignored 0)
I20260925 18:07:02.509030 0x16dac7000 timer.cc:90] Elapsed time: 0.000 [minutes]
I20260925 18:07:02.524377 0x16dac7000 official_bundle_adjustment_ceres.cc:1648] [AETHER gravity] injected 19/20 roll/pitch anchors, sigma_rad=0.00872665
I20260925 18:07:02.691317 0x16dac7000 official_bundle_adjustment_ceres.cc:1137] [AETHER] solver_used=DENSE_SCHUR sparse_backend=EIGEN_SPARSE dense_backend=EIGEN mixed=0 threads=6
I20260925 18:07:02.706228 0x16dac7000 official_bundle_adjustment_ceres.cc:1648] [AETHER gravity] injected 19/20 roll/pitch anchors, sigma_rad=0.00872665
I20260925 18:07:02.775197 0x16dac7000 official_bundle_adjustment_ceres.cc:1137] [AETHER] solver_used=DENSE_SCHUR sparse_backend=EIGEN_SPARSE dense_backend=EIGEN mixed=0 threads=6
W20260925 18:07:02.782543 0x16dac7000 official_aether_sfm_c.cc:9530] [frame-loss] before=20 after=20 lost_zero_obs=0 lost_with_obs=0 |
W20260925 18:07:02.782933 0x16dac7000 official_aether_sfm_c.cc:9614] [aether_sfm] finalize worker: cache_pre=4ms enrich=671ms stage1=688ms (ok, rounds=3) stage2=280ms (rounds<=2) temporal=0ms upgrade=0ms total=974ms
W20260925 18:07:02.783210 0x16dac7000 official_aether_sfm_c.cc:9643] [aether_sfm] delivered-point provenance: live-created=11085 official-retriangulated=674 live-dropped-by-official-filtering=1717 (live model had 12802; capture-time official TriangulateImage added 0 obs)
W20260925 18:07:02.783338 0x16dac7000 official_aether_sfm_c.cc:8066] [device-align-v1] status=aligned pairs=20 inliers=20 max_error_m=0.111819 scale=1.03417 centre_err_median_m=0.0101867 centre_err_max_m=0.0261289 outliers=0
W20260925 18:07:02.871550 0x1fecf6080 official_aether_sfm_c.cc:13097] [aether_sfm] deliver-filter(get_points_tracked): kept 11727/11759 (min_tri_angle=3deg, mirror_ghost=0, isolated_floater=32, killed_union=32)
[pwofficial_gpu_match_dawn] device lost #1 reason=2 rc=8: Device was destroyed.
        5.54 real         5.52 user         4.64 sys
           185761792  maximum resident set size
                   0  average shared memory size
                   0  average unshared data size
                   0  average unshared stack size
               54024  page reclaims
                  14  page faults
                   0  swaps
                   0  block input operations
                   0  block output operations
                   0  messages sent
                   0  messages received
                   0  signals received
                 119  voluntary context switches
              841551  involuntary context switches
         75230984254  instructions retired
         35184033284  cycles elapsed
           466141928  peak memory footprint
