要装的包:build/ios/iphoneos/Runner.app  id=com.kyle.PocketWorld.zeroarkit
装机前 com.kyle.PocketWorld : 1.0.0|168

── devicectl install ──
20:25:13  Acquired tunnel connection to device.
20:25:14  Enabling developer disk image services.
20:25:14  Acquired usage assertion.
App installed:
? bundleID: com.kyle.PocketWorld.zeroarkit
? installationURL: file:///private/var/containers/Bundle/Application/484B3F08-F376-4165-9FD9-4F8D47C3D625/Runner.app/
? launchServicesIdentifier: unknown
? databaseUUID: 630A3190-FEE2-4CB9-B10E-1BDF1DD3C4B6
? databaseSequenceNumber: 4996
? options: 

══ 装机后核对 ════════════════════════════════════════════════════════
com.kyle.PocketWorld : 1.0.0|168
com.kyle.PocketWorld.zeroarkit : 1.0.0|20
  ✅ 生产包仍在,build 仍是 168
  ✅ 研究臂已装上(并排,不覆盖)
══════════════════════════════════════════════════════════════════════
✅ 两个 bundle 都在。**没有启动任何 app,摄像头没开过。**
   要跑研究臂:ios/scripts/run_research_bundle.sh —— 启动会开摄像头,主 agent 必须先通知用户。
