REPLAY src_db=/Users/kaidongwang/.config/superpowers/worktrees/pocketworld_research_benchmarks/pocketworld-repro-contract-20260714/experiments/multiview_site_matcher_2026-07-15/cap56_raw_multiview_lk_sharedraynorm_20260715.db pair_db=/Users/kaidongwang/.config/superpowers/worktrees/pocketworld_research_benchmarks/pocketworld-repro-contract-20260714/experiments/multiview_site_matcher_2026-07-15/cap56_lk_consensus3_site_observation_conservative_20260715.db poses=/tmp/pocketworld_cap56_reconcile_20260714/sfm_fed_frames.jsonl intrinsics=(db-camera) out=aether_cpp/third_party/glomap_vendor/bench_runs/cap56_current_source_replay_20260715/multiview_lk_raynorm_consensus3_site_owner k=19 max_frames=0 AETHER_INCREMENTAL_GLOBAL_BA=(unset)
SOURCE n_images=20 n_poses=20 n_intrinsics=0
STORED_PAIRS matches=190 nonempty_matches=190 two_view=188 nonempty_two_view=188 geometry_missing=2 geometry_only=0
W20260715 05:29:39.126691 0x1fb6b2080 aether_sfm_c.cc:5324] [aether_sfm] host replay reusing stored pairs from /Users/kaidongwang/.config/superpowers/worktrees/pocketworld_research_benchmarks/pocketworld-repro-contract-20260714/experiments/multiview_site_matcher_2026-07-15/cap56_lk_consensus3_site_observation_conservative_20260715.db (matches=190, verified=188)
I20260715 05:29:39.145067 0x1fb6b2080 bundle_adjustment_ceres.cc:842] [AETHER] solver_used=DENSE_SCHUR sparse_backend=EIGEN_SPARSE dense_backend=EIGEN mixed=0 threads=1
I20260715 05:29:39.181809 0x1fb6b2080 bundle_adjustment_ceres.cc:842] [AETHER] solver_used=DENSE_SCHUR sparse_backend=EIGEN_SPARSE dense_backend=EIGEN mixed=0 threads=1
I20260715 05:29:39.212905 0x1fb6b2080 bundle_adjustment_ceres.cc:842] [AETHER] solver_used=DENSE_SCHUR sparse_backend=EIGEN_SPARSE dense_backend=EIGEN mixed=0 threads=1
I20260715 05:29:39.251167 0x1fb6b2080 bundle_adjustment_ceres.cc:842] [AETHER] solver_used=DENSE_SCHUR sparse_backend=EIGEN_SPARSE dense_backend=EIGEN mixed=0 threads=1
I20260715 05:29:39.306186 0x1fb6b2080 bundle_adjustment_ceres.cc:842] [AETHER] solver_used=DENSE_SCHUR sparse_backend=EIGEN_SPARSE dense_backend=EIGEN mixed=0 threads=1
I20260715 05:29:39.356640 0x1fb6b2080 bundle_adjustment_ceres.cc:842] [AETHER] solver_used=DENSE_SCHUR sparse_backend=EIGEN_SPARSE dense_backend=EIGEN mixed=0 threads=1
I20260715 05:29:39.414270 0x1fb6b2080 bundle_adjustment_ceres.cc:842] [AETHER] solver_used=DENSE_SCHUR sparse_backend=EIGEN_SPARSE dense_backend=EIGEN mixed=0 threads=1
I20260715 05:29:39.482736 0x1fb6b2080 bundle_adjustment_ceres.cc:842] [AETHER] solver_used=DENSE_SCHUR sparse_backend=EIGEN_SPARSE dense_backend=EIGEN mixed=0 threads=1
I20260715 05:29:39.551430 0x1fb6b2080 bundle_adjustment_ceres.cc:842] [AETHER] solver_used=DENSE_SCHUR sparse_backend=EIGEN_SPARSE dense_backend=EIGEN mixed=0 threads=1
I20260715 05:29:39.628414 0x1fb6b2080 bundle_adjustment_ceres.cc:842] [AETHER] solver_used=DENSE_SCHUR sparse_backend=EIGEN_SPARSE dense_backend=EIGEN mixed=0 threads=1
I20260715 05:29:39.702858 0x1fb6b2080 bundle_adjustment_ceres.cc:842] [AETHER] solver_used=DENSE_SCHUR sparse_backend=EIGEN_SPARSE dense_backend=EIGEN mixed=0 threads=1
I20260715 05:29:39.768615 0x1fb6b2080 bundle_adjustment_ceres.cc:842] [AETHER] solver_used=DENSE_SCHUR sparse_backend=EIGEN_SPARSE dense_backend=EIGEN mixed=0 threads=1
I20260715 05:29:39.838139 0x1fb6b2080 bundle_adjustment_ceres.cc:842] [AETHER] solver_used=DENSE_SCHUR sparse_backend=EIGEN_SPARSE dense_backend=EIGEN mixed=0 threads=1
I20260715 05:29:39.913920 0x1fb6b2080 bundle_adjustment_ceres.cc:842] [AETHER] solver_used=DENSE_SCHUR sparse_backend=EIGEN_SPARSE dense_backend=EIGEN mixed=0 threads=1
I20260715 05:29:39.975331 0x1fb6b2080 bundle_adjustment_ceres.cc:842] [AETHER] solver_used=DENSE_SCHUR sparse_backend=EIGEN_SPARSE dense_backend=EIGEN mixed=0 threads=1
I20260715 05:29:40.040923 0x1fb6b2080 bundle_adjustment_ceres.cc:842] [AETHER] solver_used=DENSE_SCHUR sparse_backend=EIGEN_SPARSE dense_backend=EIGEN mixed=0 threads=1
I20260715 05:29:40.113823 0x1fb6b2080 bundle_adjustment_ceres.cc:842] [AETHER] solver_used=DENSE_SCHUR sparse_backend=EIGEN_SPARSE dense_backend=EIGEN mixed=0 threads=1
I20260715 05:29:40.187135 0x1fb6b2080 bundle_adjustment_ceres.cc:842] [AETHER] solver_used=DENSE_SCHUR sparse_backend=EIGEN_SPARSE dense_backend=EIGEN mixed=0 threads=1
STREAMED fed=20 missing_pose=0 stream_ms=1067.3
FINALIZE_ASYNC phase1={"solve_ms":0.9,"n_models":1,"n_registered":20,"n_points3d":15894,"reproj_px":0.8184,"track_len":2.093,"phase1":"live_reuse"}
I20260715 05:29:40.191844 0x16b513000 database_cache.cc:72] Loading rigs...
I20260715 05:29:40.191862 0x16b513000 database_cache.cc:82]  0 in 0.000s
I20260715 05:29:40.191868 0x16b513000 database_cache.cc:90] Loading cameras...
I20260715 05:29:40.191880 0x16b513000 database_cache.cc:108]  1 in 0.000s
I20260715 05:29:40.191885 0x16b513000 database_cache.cc:116] Loading frames...
I20260715 05:29:40.191892 0x16b513000 database_cache.cc:126]  0 in 0.000s
I20260715 05:29:40.191896 0x16b513000 database_cache.cc:134] Loading matches...
I20260715 05:29:40.192279 0x16b513000 database_cache.cc:139]  188 in 0.000s
I20260715 05:29:40.192285 0x16b513000 database_cache.cc:147] Loading images...
I20260715 05:29:40.193695 0x16b513000 database_cache.cc:236]  20 in 0.001s (loaded all 20)
I20260715 05:29:40.193710 0x16b513000 database_cache.cc:255] Loading pose priors...
I20260715 05:29:40.193723 0x16b513000 database_cache.cc:263]  0 in 0.000s
I20260715 05:29:40.193727 0x16b513000 database_cache.cc:271] Building correspondence graph...
I20260715 05:29:40.198930 0x16b513000 database_cache.cc:300]  in 0.005s (ignored 0)
I20260715 05:29:40.217925 0x16b513000 incremental_pipeline.cc:320] Loading database
I20260715 05:29:40.217955 0x16b513000 database_cache.cc:72] Loading rigs...
I20260715 05:29:40.217964 0x16b513000 database_cache.cc:82]  0 in 0.000s
I20260715 05:29:40.217969 0x16b513000 database_cache.cc:90] Loading cameras...
I20260715 05:29:40.217978 0x16b513000 database_cache.cc:108]  1 in 0.000s
I20260715 05:29:40.217982 0x16b513000 database_cache.cc:116] Loading frames...
I20260715 05:29:40.217988 0x16b513000 database_cache.cc:126]  0 in 0.000s
I20260715 05:29:40.217992 0x16b513000 database_cache.cc:134] Loading matches...
I20260715 05:29:40.218331 0x16b513000 database_cache.cc:139]  188 in 0.000s
I20260715 05:29:40.218336 0x16b513000 database_cache.cc:147] Loading images...
I20260715 05:29:40.219638 0x16b513000 database_cache.cc:236]  20 in 0.001s (loaded all 20)
I20260715 05:29:40.219644 0x16b513000 database_cache.cc:255] Loading pose priors...
I20260715 05:29:40.219652 0x16b513000 database_cache.cc:263]  0 in 0.000s
I20260715 05:29:40.219655 0x16b513000 database_cache.cc:271] Building correspondence graph...
I20260715 05:29:40.224663 0x16b513000 database_cache.cc:300]  in 0.005s (ignored 0)
I20260715 05:29:40.224674 0x16b513000 timer.cc:90] Elapsed time: 0.000 [minutes]
I20260715 05:29:40.943505 0x16b513000 bundle_adjustment_ceres.cc:842] [AETHER] solver_used=DENSE_SCHUR sparse_backend=EIGEN_SPARSE dense_backend=EIGEN mixed=0 threads=6
I20260715 05:29:41.624510 0x16b513000 bundle_adjustment_ceres.cc:842] [AETHER] solver_used=DENSE_SCHUR sparse_backend=EIGEN_SPARSE dense_backend=EIGEN mixed=0 threads=6
I20260715 05:29:42.145038 0x16b513000 bundle_adjustment_ceres.cc:842] [AETHER] solver_used=DENSE_SCHUR sparse_backend=EIGEN_SPARSE dense_backend=EIGEN mixed=0 threads=6
I20260715 05:29:42.687500 0x16b513000 bundle_adjustment_ceres.cc:842] [AETHER] solver_used=DENSE_SCHUR sparse_backend=EIGEN_SPARSE dense_backend=EIGEN mixed=0 threads=6
I20260715 05:29:43.062909 0x16b513000 bundle_adjustment_ceres.cc:842] [AETHER] solver_used=DENSE_SCHUR sparse_backend=EIGEN_SPARSE dense_backend=EIGEN mixed=0 threads=6
W20260715 05:29:43.082807 0x16b513000 aether_sfm_c.cc:4839] [aether_sfm] finalize worker: cache_pre=7ms enrich=8ms stage1=17ms (ok, rounds=0) stage2=2858ms (rounds<=5) temporal=7ms upgrade=0ms total=2891ms
REFINED finalize_ms=2922.1
RESULT incr=off n_reg=20 n_points=14790 track3plus=4201 n_obs=39472 mean_reproj_px=1.0747 stream_ms=1067.3 finalize_ms=2922.1 total_ms=3989.3
        4.03 real         9.03 user         3.58 sys
           108904448  maximum resident set size
                   0  average shared memory size
                   0  average unshared data size
                   0  average unshared stack size
                8115  page reclaims
                  41  page faults
                   0  swaps
                   0  block input operations
                   0  block output operations
                   0  messages sent
                   0  messages received
                   0  signals received
                 484  voluntary context switches
              765581  involuntary context switches
        106746271321  instructions retired
         43291860702  cycles elapsed
            98468320  peak memory footprint
