FT 2 254666.747548255 112 109 0 0.00837863036
FT 3 254666.780885005 128 122 1 0.00592668838
FT 4 254666.814221838 133 130 1 0.0030433918
FT 5 254666.847558671 137 134 1 0.00768391102
FT 6 254666.880895421 142 137 0 0.0092560577
FT 7 254666.914850583 146 145 1 0.00735327744
FT 8 254666.948156666 149 144 0 0.0138891175
FT 9 254666.981463041 151 144 0 0.00995609934
FT 10 254667.014769250 151 146 0 0.0112928224
FT 11 254667.048075500 157 148 1 0.0155694079
FT 12 254667.081381791 156 149 1 0.00992270651
FT 13 254667.114688000 153 146 1 0.0111211101
FT 14 254667.147994250 154 150 0 0.0094218459
FT 15 254667.181300583 154 149 0 0.0117816114
FT 16 254667.214606791 156 151 1 0.0115121418
FT 17 254667.247943416 155 152 1 0.00450120823
FT 18 254667.281279875 155 149 1 0.0050340289
FT 19 254667.314616500 155 150 0 0.00637120705
FT 20 254667.347953041 158 153 1 0.00641893436
FT 21 254667.381289666 156 150 1 0.00306860385
FT 22 254667.414626125 156 150 1 0.00389110709
FT 23 254667.447962708 155 154 1 0.00429174591
FT 24 254667.481299416 158 158 0 0.00222850883
FT 25 254667.514635833 163 156 0 0.00285184414
FT 26 254667.547972375 160 159 1 0.00127969319
FT 27 254667.581308958 161 153 0 0.0110878725
FT 28 254667.614645666 156 148 1 0.0157388496
FT 29 254667.647982166 151 144 1 0.00988767156
FT 30 254667.814665041 153 140 0 0.0306465097
FT 31 254667.848001625 147 141 1 0.00683985235
FT 32 254667.881338208 144 143 0 0.00547926717
FT 33 254667.914674666 149 148 1 0.00601909537
FT 34 254667.948011208 152 152 1 0.00523561697
FT 35 254667.981347791 154 153 1 0.0034533808
FT 36 254668.014684458 157 154 0 0.0042674888
INIT 254666.714211421 254668.014684458 8 0.135625924 8.67595638 0.97057229 4.46723119 -0.00635560457 0.000258293861 0.00281520668 0 0 0
FT 37 254668.048020958 156 154 1 0.00505226136
FT 38 254668.081357500 154 149 1 0.0053558991
FT 39 254668.114694041 149 146 1 0.00146566902
SW 39 254668.114694041 0 205 0 0 0
FT 40 254668.148030541 153 153 0 0.00257195264
FT 41 254668.181367083 153 153 1 0.00176409175
FT 42 254668.214703541 153 149 0 0.00324843765
SW 42 254668.214703541 1 177 225 7 0
FT 43 254668.248040125 154 149 1 0.00416824962
FT 44 254668.281376708 149 145 1 0.00333162637
FT 45 254668.314713250 145 143 1 0.0021978523
SW 45 254668.314713250 0 177 0 0 0
FT 46 254668.348049666 151 149 1 0.00451346198
FT 47 254668.381386291 149 146 1 0.00624382259
FT 48 254668.414722791 146 140 1 0.00381688215
SW 48 254668.414722791 0 177 0 0 0
FT 49 254668.448059375 146 143 0 0.00469125594
FT 50 254668.481395833 143 140 1 0.00507551849
FT 51 254668.514732416 140 135 1 0.00521930871
SW 51 254668.514732416 0 177 0 0 0
FT 52 254668.548068916 143 140 1 0.00441402738
FT 53 254668.581405500 140 138 0 0.00609310822
FT 54 254668.614741875 138 137 1 0.00704173015
SW 54 254668.614741875 0 177 0 0 0
FT 55 254668.648078458 140 136 0 0.009559466
FT 56 254668.681414916 136 135 1 0.0080590558
FT 57 254668.714751458 135 134 1 0.00213302551
SW 57 254668.714751458 0 177 0 0 0
FT 58 254668.748088000 151 151 0 0.00430585614
FT 59 254668.781424458 151 149 1 0.00403338396
FT 60 254668.814761083 149 145 0 0.00194933316
SW 60 254668.814761083 1 178 214 11 0
FT 61 254668.848097625 149 149 1 0.00352583375
FT 62 254668.881434083 149 149 1 0.00516835979
FT 63 254668.914770625 149 148 1 0.00385746754
SW 63 254668.914770625 0 178 0 0 0
FT 64 254668.948107041 152 151 1 0.00213532685
FT 65 254668.981443541 151 149 1 0.00225388185
FT 66 254669.014780041 149 148 0 0.00377940735
SW 66 254669.014780041 1 169 195 16 0
FT 67 254669.048116583 154 151 1 0.00492429423
FT 68 254669.081453041 151 150 1 0.00605852154
FT 69 254669.114789583 150 150 1 0.0029053388
SW 69 254669.114789583 0 169 0 0 0
FT 70 254669.148126208 153 153 1 0.0050835777
FT 71 254669.181462708 153 149 1 0.00920461115
FT 72 254669.214799166 149 149 0 0.0082796615
SW 72 254669.214799166 1 145 193 15 0
FT 73 254669.248135625 150 145 0 0.00742277719
FT 74 254669.281472083 145 143 0 0.00734384391
FT 75 254669.314808625 143 137 0 0.00826984655
SW 75 254669.314808625 1 157 159 2 0
FT 76 254669.348145041 142 142 0 0.0109087493
FT 77 254669.381481666 142 136 0 0.0113778273
FT 78 254669.414818083 136 134 0 0.009569865
SW 78 254669.414818083 1 159 163 1 0
FT 79 254669.448154666 146 143 1 0.00725697471
FT 80 254669.481491041 143 136 0 0.0101690531
FT 81 254669.514827666 136 135 0 0.00871466558
SW 81 254669.514827666 1 166 170 1 0
FT 82 254669.548163958 144 142 0 0.00894231551
FT 83 254669.581500666 142 138 0 0.00855041685
FT 84 254669.614837125 138 135 0 0.00922304101
SW 84 254669.614837125 1 169 175 2 0
FT 85 254669.648173666 151 146 0 0.00700732688
FT 86 254669.681510000 146 144 0 0.00385256552
FT 87 254669.714846666 144 144 0 0.00524645529
SW 87 254669.714846666 1 171 185 2 0
FT 88 254669.748183041 152 152 0 0.00584000255
FT 89 254669.781519583 152 150 0 0.00508584885
FT 90 254669.814855958 150 147 0 0.00764427578
SW 90 254669.814855958 1 167 178 4 0
FT 91 254669.848192583 156 154 0 0.00835408583
FT 92 254669.881529083 154 152 0 0.00635547681
FT 93 254669.914865625 152 150 1 0.00463980128
SW 93 254669.914865625 0 167 0 0 0
FT 94 254669.948201958 155 152 1 0.00633323978
FT 95 254669.981538583 152 150 1 0.00640294912
FT 96 254670.014874916 150 150 0 0.00466760199
SW 96 254670.014874916 1 161 185 7 0
FT 97 254670.048211500 154 152 0 0.00621795786
FT 98 254670.081548083 152 151 0 0.00893678796
FT 99 254670.114884541 151 148 1 0.0078056012
SW 99 254670.114884541 0 161 0 0 0
FT 100 254670.148220916 154 151 0 0.00922005445
FT 101 254670.181557583 151 149 0 0.0102053253
FT 102 254670.214893916 149 146 0 0.009688147
SW 102 254670.214893916 1 162 173 4 0
FT 103 254670.248230500 158 156 0 0.0103856199
FT 104 254670.281567083 156 152 0 0.0115914983
FT 105 254670.314903375 152 149 0 0.0104804612
SW 105 254670.314903375 1 166 175 3 0
FT 106 254670.348240000 156 154 0 0.00944105933
FT 107 254670.381576458 154 152 0 0.00895799827
FT 108 254670.414913000 152 148 0 0.00806776359
SW 108 254670.414913000 1 165 174 4 0
FT 109 254670.448249416 153 151 0 0.010096696
FT 110 254670.481585916 151 149 0 0.011081708
FT 111 254670.514922416 149 146 0 0.0102843288
SW 111 254670.514922416 1 166 174 3 0
FT 112 254670.548258916 157 154 1 0.0105796321
FT 113 254670.581595416 154 151 0 0.0138790786
FT 114 254670.614931875 151 148 0 0.010273121
SW 114 254670.614931875 1 170 178 4 0
FT 115 254670.648268375 159 155 1 0.0094875663
FT 116 254670.681604958 155 154 0 0.0126282438
FT 117 254670.714941458 154 152 0 0.0124541341
SW 117 254670.714941458 1 175 184 3 0
FT 118 254670.748277833 163 159 1 0.0143407851
FT 119 254670.781614375 159 152 0 0.0207031446
FT 120 254670.814950875 152 151 0 0.020025376
SW 120 254670.814950875 1 177 186 3 0
FT 121 254670.848287416 163 158 0 0.014255152
FT 122 254670.881623958 158 151 0 0.0155376468
FT 123 254670.914960333 151 147 0 0.011278141
SW 123 254670.914960333 1 178 188 3 0
FT 124 254670.948296791 156 154 1 0.00368836129
FT 125 254670.981633291 154 152 0 0.00662651751
FT 126 254671.014969833 152 149 0 0.00973347601
SW 126 254671.014969833 1 178 189 4 0
FT 127 254671.048306250 159 157 0 0.0061114827
FT 128 254671.081642791 157 152 0 0.0104798832
FT 129 254671.114979208 152 151 0 0.00985618016
SW 129 254671.114979208 1 182 189 1 0
FT 130 254671.148315833 157 148 0 0.0135905125
FT 131 254671.181652166 148 147 0 0.0090044767
FT 132 254671.214988666 147 147 0 0.0067937141
SW 132 254671.214988666 1 178 188 1 0
FT 133 254671.248325208 154 152 0 0.00604998266
FT 134 254671.281661833 152 151 0 0.00564644596
FT 135 254671.314998208 151 150 0 0.00775076145
SW 135 254671.314998208 1 171 185 2 0
FT 136 254671.348334541 160 157 0 0.00986526468
FT 137 254671.381671041 157 153 0 0.00872483542
FT 138 254671.415007708 153 151 0 0.0105153094
SW 138 254671.415007708 1 174 182 2 0
FT 139 254671.448344083 163 158 0 0.0121441036
FT 140 254671.481680541 158 155 0 0.00980720319
FT 141 254671.515017125 155 154 0 0.0106439525
SW 141 254671.515017125 1 177 185 3 0
FT 142 254671.548353625 164 159 0 0.011837336
FT 143 254671.581690083 159 156 0 0.00839515224
FT 144 254671.615026500 156 153 0 0.0106580044
SW 144 254671.615026500 1 179 190 2 0
FT 145 254671.648363041 162 161 0 0.00677130218
FT 146 254671.681699458 161 158 0 0.0053174103
FT 147 254671.715036000 158 156 0 0.00947462291
SW 147 254671.715036000 1 185 190 2 0
FT 148 254671.748372500 164 160 0 0.00540422151
FT 149 254671.781709041 160 158 0 0.00478014054
FT 150 254671.815045458 158 157 0 0.00484192867
SW 150 254671.815045458 1 180 191 3 0
FT 151 254671.848382000 163 161 0 0.00679431188
FT 152 254671.881718458 161 160 0 0.0104505132
FT 153 254671.915054875 160 148 0 0.0164537977
SW 153 254671.915054875 1 178 186 2 0
FT 154 254671.948391375 160 153 0 0.0223373712
FT 155 254671.981727833 153 151 0 0.010627402
FT 156 254672.015064208 151 149 0 0.0242215779
SW 156 254672.015064208 1 173 189 5 0
FT 157 254672.048400833 162 156 0 0.0260380246
FT 158 254672.081737375 156 152 0 0.00935742974
FT 159 254672.115073875 152 148 1 0.0114042088
SW 159 254672.115073875 0 173 0 0 0
FT 160 254672.148410291 161 159 0 0.00852337792
FT 161 254672.181746750 159 157 0 0.0116687862
FT 162 254672.215083250 157 154 1 0.0139199653
SW 162 254672.215083250 0 173 0 0 0
FT 163 254672.248419666 166 162 0 0.0122740848
FT 164 254672.281756208 162 159 0 0.0100878693
FT 165 254672.315092666 159 157 0 0.00982770464
SW 165 254672.315092666 1 187 202 6 0
FT 166 254672.348429208 163 162 0 0.0104241788
FT 167 254672.381765750 162 157 0 0.00946186937
FT 168 254672.415102083 157 154 0 0.0101610852
SW 168 254672.415102083 1 182 199 5 0
FT 169 254672.448438541 166 158 0 0.00936903846
FT 170 254672.481775083 158 153 0 0.00658055003
FT 171 254672.515111666 153 151 0 0.00891696573
SW 171 254672.515111666 1 180 196 8 0
FT 172 254672.548448041 165 157 0 0.0163441973
FT 173 254672.581784666 157 151 0 0.0116441347
FT 174 254672.615120958 151 149 0 0.010031949
SW 174 254672.615120958 1 181 202 9 0
FT 175 254672.648457458 160 158 0 0.00780011517
FT 176 254672.681793916 158 150 0 0.0136024286
FT 177 254672.715130500 150 147 0 0.013127133
SW 177 254672.715130500 1 192 199 3 0
FT 178 254672.748466875 158 156 0 0.0118989011
FT 179 254672.781803500 156 153 0 0.00706342539
FT 180 254672.815139833 153 148 0 0.0053525042
SW 180 254672.815139833 1 191 204 4 0
FT 181 254672.848476375 165 161 0 0.00387830645
FT 182 254672.881812750 161 156 0 0.00280772173
FT 183 254672.915149208 156 152 0 0.00986474081
SW 183 254672.915149208 1 192 208 4 0
FT 184 254672.948485791 167 165 1 0.00956357003
FT 185 254672.981822333 165 161 0 0.007464142
FT 186 254673.015158708 161 158 0 0.0070985274
SW 186 254673.015158708 1 187 208 5 0
FT 187 254673.048495208 167 161 0 0.0066827052
FT 188 254673.081831583 161 152 0 0.00638893356
FT 189 254673.115168208 152 148 0 0.00814303909
SW 189 254673.115168208 1 183 197 3 0
FT 190 254673.148504583 161 155 0 0.0086421486
FT 191 254673.181841208 155 147 0 0.00938492537
FT 192 254673.215177541 147 139 0 0.0106777445
SW 192 254673.215177541 1 180 193 5 0
FT 193 254673.248514083 154 153 0 0.00703071211
FT 194 254673.281850500 153 147 0 0.00599020356
FT 195 254673.315187000 147 144 0 0.0054037819
SW 195 254673.315187000 1 182 196 5 0
FT 196 254673.348523541 152 151 0 0.00638688193
FT 197 254673.381859958 151 149 0 0.00705249121
FT 198 254673.415196375 149 146 0 0.00480297612
SW 198 254673.415196375 1 184 194 4 0
FT 199 254673.448532875 150 149 0 0.00559110901
FT 200 254673.481869291 149 146 0 0.00420763166
FT 201 254673.515205833 146 141 0 0.00736920258
SW 201 254673.515205833 1 173 191 3 0
FT 202 254673.548542333 148 140 0 0.0110115692
FT 203 254673.581878875 140 135 0 0.00817563005
FT 204 254673.615215250 135 132 0 0.00258250593
SW 204 254673.615215250 1 162 181 3 0
FT 205 254673.648551791 147 144 0 0.00348578235
FT 206 254673.681888208 144 144 0 0.00763036429
FT 207 254673.715224708 144 142 0 0.0128348891
SW 207 254673.715224708 1 167 177 4 0
FT 208 254673.748561250 152 146 0 0.0153637787
FT 209 254673.781897708 146 142 0 0.0164619122
FT 210 254673.815234166 142 134 0 0.0156112938
SW 210 254673.815234166 1 172 180 3 0
FT 211 254673.848570583 148 142 0 0.0109807321
FT 212 254673.881907125 142 136 0 0.00846248308
FT 213 254673.915243583 136 133 0 0.00591453662
SW 213 254673.915243583 1 170 182 4 0
FT 214 254673.948580000 147 142 0 0.0114110574
FT 215 254673.981916541 142 137 0 0.0142305441
FT 216 254674.015252958 137 136 0 0.0093904708
SW 216 254674.015252958 1 167 185 4 0
FT 217 254674.048589458 151 148 0 0.00984694055
FT 218 254674.081925958 148 144 0 0.00583843277
FT 219 254674.115262458 144 142 0 0.0076374486
SW 219 254674.115262458 1 176 182 4 0
FT 220 254674.148598916 152 147 0 0.0134989733
FT 221 254674.181935291 147 140 0 0.0184347343
FT 222 254674.215271791 140 135 0 0.02207846
SW 222 254674.215271791 1 166 187 4 0
FT 223 254674.248608291 142 136 0 0.0178231432
FT 224 254674.281944916 136 132 0 0.0135869813
FT 225 254674.315281208 132 127 0 0.0192908548
SW 225 254674.315281208 1 161 174 5 0
FT 226 254674.348617750 142 132 0 0.0243601596
FT 227 254674.381954125 132 125 0 0.0201082143
FT 228 254674.415290750 125 121 0 0.0130661111
SW 228 254674.415290750 1 161 173 4 0
FT 229 254674.448627166 138 132 0 0.0203266371
FT 230 254674.481963625 132 127 0 0.019086289
FT 231 254674.515300083 127 120 0 0.0173026833
SW 231 254674.515300083 1 160 171 6 0
FT 232 254674.548636541 130 119 0 0.0185490499
FT 233 254674.581973041 119 113 0 0.0187539333
FT 234 254674.615309500 113 93 0 0.0369459377
SW 234 254674.615309500 1 148 168 6 0
FT 235 254674.648646041 107 94 0 0.0380223873
FT 236 254674.681982625 94 90 0 0.0180764882
FT 237 254674.715318916 90 83 0 0.0161437094
SW 237 254674.715318916 1 141 160 7 0
FT 238 254674.748655291 102 96 0 0.00744363462
FT 239 254674.781991833 96 94 0 0.01130421
FT 240 254674.815328333 94 94 0 0.00725852035
SW 240 254674.815328333 1 143 162 6 0
FT 241 254674.848664750 113 107 0 0.00690478093
FT 242 254674.882001250 107 101 0 0.0123237057
FT 243 254674.915337750 101 97 0 0.00863666899
SW 243 254674.915337750 1 146 160 7 0
FT 244 254674.948674125 115 110 0 0.0124258125
FT 245 254674.982010583 110 102 0 0.0163268297
FT 246 254675.015347000 102 88 0 0.0211365471
SW 246 254675.015347000 1 126 161 6 0
FT 247 254675.048683458 109 96 0 0.0178809133
FT 248 254675.082019958 96 94 0 0.00918467363
FT 249 254675.115356541 94 92 0 0.00886010054
SW 249 254675.115356541 1 127 147 4 0
FT 250 254675.148693041 113 104 0 0.0102355947
FT 251 254675.182029458 104 98 0 0.0103034456
FT 252 254675.215365833 98 93 0 0.00769262261
SW 252 254675.215365833 1 141 147 3 0
FT 253 254675.248702333 114 112 0 0.0114131753
FT 254 254675.282038875 112 108 0 0.0136526535
FT 255 254675.315375291 108 94 0 0.0239199147
SW 255 254675.315375291 1 144 157 5 0
FT 256 254675.348711750 105 97 0 0.0209956092
FT 257 254675.382048250 97 96 0 0.0229308773
FT 258 254675.415384708 96 91 0 0.0249720761
SW 258 254675.415384708 1 132 154 5 0
FT 259 254675.448721125 100 94 0 0.0301511352
FT 260 254675.482057625 94 92 0 0.0271629
FT 261 254675.515394041 92 91 0 0.0241953757
SW 261 254675.515394041 1 126 143 6 0
FT 262 254675.548730583 102 99 0 0.0206725433
FT 263 254675.582067125 99 94 0 0.0163786714
FT 264 254675.615403541 94 91 0 0.014671271
SW 264 254675.615403541 1 117 140 8 0
FT 265 254675.648740041 103 96 0 0.0121036632
FT 266 254675.682076375 96 91 0 0.0131548691
FT 267 254675.715412875 91 87 0 0.0161234202
SW 267 254675.715412875 1 111 132 9 0
FT 268 254675.748749416 100 93 0 0.0196848665
FT 269 254675.782085916 93 91 0 0.0193726839
FT 270 254675.815422250 91 86 0 0.0164757571
SW 270 254675.815422250 1 113 130 9 0
FT 271 254675.848758791 98 88 0 0.0147169908
FT 272 254675.882095208 88 82 0 0.0095306431
FT 273 254675.915431666 82 81 0 0.00381254888
SW 273 254675.915431666 1 118 131 7 0
FT 274 254675.948768208 100 96 0 0.00626866042
FT 275 254675.982104666 96 95 0 0.0045540594
FT 276 254676.015441000 95 92 0 0.00670584075
SW 276 254676.015441000 1 129 143 6 0
FT 277 254676.048777541 106 104 0 0.00637949925
FT 278 254676.082114000 104 102 0 0.00359260941
FT 279 254676.115450541 102 101 0 0.00299918263
SW 279 254676.115450541 1 130 148 7 0
FT 280 254676.148786916 108 103 0 0.00556857592
FT 281 254676.182123500 103 97 0 0.0105582237
FT 282 254676.215459791 97 96 0 0.00505928265
SW 282 254676.215459791 1 126 142 5 0
FT 283 254676.248796416 109 108 0 0.00878437097
FT 284 254676.282132833 108 106 0 0.00267251826
FT 285 254676.315469333 106 104 0 0.00285090621
SW 285 254676.315469333 1 120 142 8 0
FT 286 254676.348805666 112 111 0 0.00185885372
FT 287 254676.382142291 111 106 0 0.00515620211
FT 288 254676.415478583 106 103 0 0.00464844937
SW 288 254676.415478583 1 124 136 5 0
FT 289 254676.448815083 111 108 0 0.00435469924
FT 290 254676.482151500 108 107 0 0.00724512468
FT 291 254676.515488083 107 106 0 0.00800453321
SW 291 254676.515488083 1 129 136 3 0
FT 292 254676.548824541 118 116 0 0.00876579296
FT 293 254676.582160958 116 115 0 0.0137927237
FT 294 254676.615497333 115 114 0 0.00523929346
SW 294 254676.615497333 1 132 144 2 0
FT 295 254676.648833833 119 117 0 0.00362754462
FT 296 254676.682170375 117 115 0 0.0181868119
FT 297 254676.715506833 115 112 0 0.00650068644
SW 297 254676.715506833 1 133 138 2 0
FT 298 254676.748843166 120 120 0 0.00319937458
FT 299 254676.782179708 120 117 0 0.00399923723
FT 300 254676.815516166 117 115 0 0.00777285828
SW 300 254676.815516166 1 130 142 3 0
FT 301 254676.848852666 123 121 0 0.0136636262
FT 302 254676.882189083 121 119 0 0.00727226138
FT 303 254676.915525583 119 118 0 0.00927206204
SW 303 254676.915525583 1 133 140 3 0
FT 304 254676.948861958 127 123 0 0.0139241472
FT 305 254676.982198500 123 121 0 0.00668122917
FT 306 254677.015534833 121 119 0 0.00573299586
SW 306 254677.015534833 1 137 144 3 0
FT 307 254677.048871375 132 129 0 0.00470888283
FT 308 254677.082207916 129 129 0 0.00261289986
FT 309 254677.115544208 129 126 0 0.00214034827
SW 309 254677.115544208 1 144 152 2 0
FT 310 254677.148880708 134 131 0 0.00269305105
FT 311 254677.182217166 131 129 0 0.00733573079
FT 312 254677.215553666 129 127 0 0.00730029704
SW 312 254677.215553666 1 146 153 3 0
FT 313 254677.248890125 134 130 0 0.0108142031
FT 314 254677.282226583 130 122 0 0.0122352587
FT 315 254677.315563041 122 119 0 0.013534283
SW 315 254677.315563041 1 148 153 1 0
FT 316 254677.348899541 133 127 0 0.0128283146
FT 317 254677.382236000 127 125 0 0.00891297829
FT 318 254677.415572375 125 121 0 0.00986553339
SW 318 254677.415572375 1 151 159 1 0
FT 319 254677.448908875 131 127 0 0.0107222434
FT 320 254677.482245208 127 124 0 0.00916450081
FT 321 254677.515581750 124 121 0 0.00938220173
SW 321 254677.515581750 1 155 160 0 0
FT 322 254677.548918166 131 129 0 0.0165758903
FT 323 254677.582254625 129 124 0 0.0092618403
FT 324 254677.615591083 124 121 0 0.0123530717
SW 324 254677.615591083 1 157 164 1 0
FT 325 254677.648927666 132 131 0 0.0175842201
FT 326 254677.682264166 131 129 0 0.0163279328
FT 327 254677.715600500 129 126 0 0.0151755262
SW 327 254677.715600500 1 154 167 1 0
FT 328 254677.748937000 142 142 0 0.0105495469
FT 329 254677.782273416 142 139 0 0.0134619086
FT 330 254677.815609958 139 136 0 0.0102289685
SW 330 254677.815609958 1 158 167 1 0
FT 331 254677.848946458 148 144 0 0.0173687373
FT 332 254677.882282791 144 139 0 0.0190072318
FT 333 254677.915619250 139 138 0 0.00837874141
SW 333 254677.915619250 1 160 169 1 0
FT 334 254677.948955833 145 144 0 0.0075127124
FT 335 254677.982292166 144 142 0 0.0125853954
FT 336 254678.015628708 142 138 0 0.00663551826
SW 336 254678.015628708 1 157 167 1 0
FT 337 254678.048965208 154 152 0 0.00999006852
FT 338 254678.082301625 152 151 0 0.00317768562
FT 339 254678.115638041 151 144 0 0.00871814855
SW 339 254678.115638041 1 165 170 1 0
FT 340 254678.148974541 149 138 0 0.0158182438
FT 341 254678.182310958 138 137 0 0.00525600481
FT 342 254678.215647500 137 135 0 0.00757792
SW 342 254678.215647500 1 167 170 1 0
FT 343 254678.248983875 140 136 0 0.0112228673
FT 344 254678.282320333 136 129 0 0.014858566
FT 345 254678.315656833 129 128 0 0.0145344851
SW 345 254678.315656833 1 162 171 1 0
FT 346 254678.348993166 133 131 0 0.0103554067
FT 347 254678.382329583 131 125 0 0.0117727968
FT 348 254678.415666125 125 122 0 0.0142640851
SW 348 254678.415666125 1 158 165 1 0
FT 349 254678.449002666 131 129 0 0.013909127
FT 350 254678.482338958 129 127 0 0.0139675884
FT 351 254678.515675458 127 125 1 0.0128855397
SW 351 254678.515675458 0 158 0 0 0
FT 352 254678.549012000 132 129 0 0.0201979511
FT 353 254678.582348416 129 126 0 0.023265665
FT 354 254678.615684833 126 123 0 0.017624253
SW 354 254678.615684833 1 148 170 3 0
FT 355 254678.649021375 132 129 0 0.0113216947
FT 356 254678.682357708 129 128 0 0.0110034956
FT 357 254678.715694208 128 127 0 0.0185550803
SW 357 254678.715694208 1 147 158 1 0
FT 358 254678.749030666 135 129 0 0.0205391034
FT 359 254678.782367083 129 125 0 0.0187926513
FT 360 254678.815703541 125 124 0 0.0107334558
SW 360 254678.815703541 1 145 155 2 0
FT 361 254678.849040083 131 130 0 0.0170521711
FT 362 254678.882376541 130 127 0 0.0215884131
FT 363 254678.915712958 127 126 0 0.0113903406
SW 363 254678.915712958 1 147 153 2 0
FT 364 254678.949049375 134 127 0 0.016464852
FT 365 254678.982385875 127 124 0 0.0129293979
FT 366 254679.015722291 124 116 0 0.0110556456
SW 366 254679.015722291 1 148 155 1 0
FT 367 254679.049058750 127 121 0 0.0136799523
FT 368 254679.082395166 121 119 0 0.0119175577
FT 369 254679.115731583 119 115 0 0.0154136899
SW 369 254679.115731583 1 152 157 2 0
FT 370 254679.149068125 128 114 0 0.0209897102
FT 371 254679.182404625 114 104 0 0.0202737358
FT 372 254679.215740916 104 94 0 0.0234333147
SW 372 254679.215740916 1 147 163 6 0
FT 373 254679.249077375 101 79 0 0.0303409528
FT 374 254679.282413958 79 74 0 0.0231919917
FT 375 254679.315750375 74 71 0 0.0173553808
SW 375 254679.315750375 1 146 157 7 0
FT 376 254679.349086791 93 89 0 0.0129998731
FT 377 254679.382423291 89 84 0 0.0240062177
FT 378 254679.415759666 84 78 0 0.0356572786
SW 378 254679.415759666 1 145 168 7 0
FT 379 254679.449096083 99 93 0 0.0254799879
FT 380 254679.482432625 93 80 0 0.0172294
FT 381 254679.515769041 80 51 0 0.0473354249
SW 381 254679.515769041 1 140 157 8 0
FT 382 254679.549105458 65 50 0 0.0470898593
FT 383 254679.582441958 50 46 0 0.0299556117
FT 384 254679.615778416 46 41 0 0.033852521
SW 384 254679.615778416 1 120 154 4 0
FT 385 254679.649114875 61 58 0 0.0188243116
FT 386 254679.682451208 58 57 0 0.0293988853
FT 387 254679.715787708 57 54 0 0.0301438575
SW 387 254679.715787708 1 107 137 3 0
FT 388 254679.749124166 72 72 0 0.0301916002
FT 389 254679.782460791 72 69 0 0.0240914381
FT 390 254679.815797166 69 66 0 0.0260348338
SW 390 254679.815797166 1 113 124 3 0
FT 391 254679.849133625 75 70 0 0.0305408758
FT 392 254679.882469916 70 57 0 0.044376354
FT 393 254679.915806500 57 49 0 0.0466093005
SW 393 254679.915806500 1 81 119 6 0
FT 394 254679.949142916 83 71 0 0.0179070928
FT 395 254679.982479250 71 63 0 0.0189301547
FT 396 254680.015815833 63 59 0 0.0161923693
SW 396 254680.015815833 1 81 103 6 0
FT 397 254680.049152291 75 65 0 0.0129382719
FT 398 254680.082488583 65 57 0 0.0117114449
FT 399 254680.115825125 57 54 0 0.00794113389
SW 399 254680.115825125 1 94 97 3 0
FT 400 254680.149161583 71 69 0 0.0146051326
FT 401 254680.182498000 69 62 0 0.00555768179
FT 402 254680.215834458 62 53 0 0.0100715251
SW 402 254680.215834458 1 98 106 6 0
FT 403 254680.249171000 72 63 0 0.00591037264
FT 404 254680.282507291 63 52 0 0.0155835938
FT 405 254680.315843791 52 44 0 0.0157166062
SW 405 254680.315843791 1 86 112 6 0
FT 406 254680.349180250 74 64 0 0.0119611605
FT 407 254680.382516708 64 63 0 0.00901645601
FT 408 254680.415853166 63 55 0 0.0136440781
SW 408 254680.415853166 1 97 109 6 0
FT 409 254680.449189625 78 66 0 0.0124878328
FT 410 254680.482526083 66 63 0 0.0052250866
FT 411 254680.515862416 63 62 0 0.0172789305
SW 411 254680.515862416 1 95 115 5 0
FT 412 254680.549198833 82 79 0 0.0133200182
FT 413 254680.582535291 79 65 0 0.0141999184
FT 414 254680.615871750 65 53 0 0.0223621279
SW 414 254680.615871750 1 89 106 7 0
FT 415 254680.649208250 82 67 0 0.0108793138
FT 416 254680.682544666 67 66 0 0.00997608634
FT 417 254680.715881125 66 60 0 0.0116106087
SW 417 254680.715881125 1 87 110 6 0
FT 418 254680.749217583 84 80 0 0.0152024644
FT 419 254680.782553958 80 76 0 0.0130238583
FT 420 254680.815890416 76 75 0 0.0122154189
SW 420 254680.815890416 1 100 114 8 0
FT 421 254680.849226958 90 90 0 0.0189008752
FT 422 254680.882563375 90 86 0 0.0178456845
FT 423 254680.915899875 86 81 0 0.0139031595
SW 423 254680.915899875 1 104 118 9 0
FT 424 254680.949236208 101 99 0 0.0133012299
FT 425 254680.982572625 99 94 0 0.0266032521
FT 426 254681.015909083 94 89 0 0.0215702806
SW 426 254681.015909083 1 98 126 13 0
FT 427 254681.049245583 101 93 0 0.0088555321
FT 428 254681.082582125 93 89 0 0.0204393649
FT 429 254681.115918458 89 78 0 0.0465917116
SW 429 254681.115918458 1 97 117 13 0
FT 430 254681.149254916 93 82 0 0.0462586466
FT 431 254681.182591375 82 79 0 0.0285716542
FT 432 254681.215927875 79 76 0 0.0180149172
SW 432 254681.215927875 1 99 118 13 0
FT 433 254681.249264125 89 87 0 0.0174363989
FT 434 254681.282600708 87 83 0 0.0182311906
FT 435 254681.315937041 83 78 0 0.0181232189
SW 435 254681.315937041 1 102 120 14 0
FT 436 254681.349273625 91 86 0 0.0125629451
FT 437 254681.382609875 86 82 0 0.0120413193
FT 438 254681.415946375 82 82 0 0.0102486718
SW 438 254681.415946375 1 109 126 12 0
FT 439 254681.449282875 95 95 0 0.00831932793
FT 440 254681.482619375 95 94 0 0.0122866175
FT 441 254681.515955708 94 90 0 0.0140912403
SW 441 254681.515955708 1 104 133 12 0
FT 442 254681.549292250 96 86 0 0.0222055685
FT 443 254681.582628666 86 83 0 0.0190902715
FT 444 254681.615965125 83 82 0 0.0142034935
SW 444 254681.615965125 1 97 120 13 0
FT 445 254681.649301541 98 95 0 0.0150268069
FT 446 254681.682638000 95 89 0 0.0159292611
FT 447 254681.715974458 89 75 0 0.0219788666
SW 447 254681.715974458 1 100 118 12 0
FT 448 254681.749310833 97 83 0 0.023831484
FT 449 254681.782647208 83 60 0 0.044963995
FT 450 254681.815983750 60 50 0 0.0644311594
SW 450 254681.815983750 1 97 118 15 0
FT 451 254681.849320208 80 54 0 0.0465160248
FT 452 254681.882656583 54 37 0 0.0353892974
FT 453 254681.915993000 37 24 0 0.0393056426
SW 453 254681.915993000 1 99 118 15 0
FT 454 254681.949329500 88 50 0 0.0296372335
FT 455 254681.982665833 50 43 0 0.0230135434
FT 456 254682.016002291 43 42 0 0.0289509142
SW 456 254682.016002291 1 111 139 16 0
FT 457 254682.049338791 112 71 0 0.0317172253
FT 458 254682.082675250 71 53 0 0.0410186675
FT 459 254682.116011708 53 44 0 0.0419698433
SW 459 254682.116011708 1 115 146 16 0
FT 460 254682.149348125 123 112 0 0.0217893939
FT 461 254682.182684583 112 106 0 0.0200974131
FT 462 254682.216021000 106 92 0 0.0306939651
SW 462 254682.216021000 1 138 188 19 0
FT 463 254682.249357375 146 115 0 0.039614941
FT 464 254682.282693750 115 94 0 0.0434296187
FT 465 254682.316030250 94 83 0 0.0339838792
SW 465 254682.316030250 1 134 182 16 0
FT 466 254682.349366750 136 117 0 0.0285444718
FT 467 254682.382703250 117 105 0 0.035342831
FT 468 254682.416039583 105 94 0 0.038069101
SW 468 254682.416039583 1 157 183 19 0
FT 469 254682.449375958 158 113 0 0.0450670753
FT 470 254682.482712416 113 89 0 0.058419255
FT 471 254682.516048875 89 85 0 0.0342016858
SW 471 254682.516048875 1 163 196 16 0
FT 472 254682.549385333 136 128 0 0.0207011043
FT 473 254682.582721791 128 126 0 0.00539318685
FT 474 254682.616058250 126 120 0 0.0224477184
SW 474 254682.616058250 1 196 215 10 0
FT 475 254682.649394666 153 135 0 0.0288968371
FT 476 254682.682731083 135 118 0 0.0400007956
FT 477 254682.716067541 118 99 0 0.0525970544
SW 477 254682.716067541 1 173 218 10 0
FT 478 254682.749404041 127 102 0 0.0526693409
FT 479 254682.782740541 102 98 0 0.0213390089
FT 480 254682.816076833 98 97 0 0.0151854975
SW 480 254682.816076833 1 164 200 10 3
FT 481 254682.849413333 144 131 0 0.0297514815
FT 482 254682.882749625 131 116 0 0.0294718694
FT 483 254682.916086250 116 112 0 0.0179044628
SW 483 254682.916086250 1 159 206 15 3
FT 484 254682.949422583 146 137 0 0.0176056009
FT 485 254682.982759000 137 125 0 0.0186391014
FT 486 254683.016095458 125 116 0 0.0212750193
SW 486 254683.016095458 1 164 196 22 3
FT 487 254683.049431958 155 133 0 0.0304733209
FT 488 254683.082768291 133 114 0 0.0271797616
FT 489 254683.116104750 114 110 0 0.0219877538
SW 489 254683.116104750 1 149 209 25 2
FT 490 254683.149441125 156 140 0 0.0214367086
FT 491 254683.182777666 140 132 0 0.0151187655
FT 492 254683.216114125 132 121 0 0.0103550612
SW 492 254683.216114125 1 156 203 36 0
FT 493 254683.249450541 154 142 0 0.00520687703
FT 494 254683.282786791 142 138 0 0.00596391791
FT 495 254683.316123458 138 130 0 0.000999623172
SW 495 254683.316123458 1 154 212 44 0
FT 496 254683.349459750 163 152 0 0.0016685075
FT 497 254683.382796208 152 144 0 0.0172948262
FT 498 254683.416132541 144 134 0 0.0231735709
SW 498 254683.416132541 1 160 217 42 0
FT 499 254683.449469000 162 141 0 0.019995976
FT 500 254683.482805458 141 131 0 0.0139142168
FT 501 254683.516142000 131 120 0 0.00813734956
SW 501 254683.516142000 1 153 217 38 0
FT 502 254683.549478291 160 148 0 0.0149988721
FT 503 254683.582814791 148 129 0 0.0246946154
FT 504 254683.616151208 129 114 0 0.0185067086
SW 504 254683.616151208 1 155 208 37 0
FT 505 254683.649487666 155 119 0 0.0119534556
FT 506 254683.682824000 119 106 0 0.0124824256
FT 507 254683.716160458 106 94 0 0.00449147991
SW 507 254683.716160458 1 167 204 26 0
FT 508 254683.749496916 155 121 0 0.0125190693
FT 509 254683.782833375 121 108 0 0.0161108133
FT 510 254683.816169833 108 104 0 0.0186389215
SW 510 254683.816169833 1 184 220 21 0
FT 511 254683.849506333 152 130 0 0.0149450229
FT 512 254683.882842625 130 114 0 0.0213690554
FT 513 254683.916179166 114 100 0 0.0190171459
SW 513 254683.916179166 1 181 227 17 0
FT 514 254683.949515500 150 136 0 0.0173826595
FT 515 254683.982851916 136 110 0 0.0123100815
FT 516 254684.016188375 110 96 0 0.0159452335
SW 516 254684.016188375 1 180 220 17 0
FT 517 254684.049524833 156 127 0 0.0229471389
FT 518 254684.082861166 127 102 0 0.0117989997
FT 519 254684.116197666 102 83 0 0.0117500905
SW 519 254684.116197666 1 169 217 16 0
FT 520 254684.149534125 156 118 0 0.0166641583
FT 521 254684.182870500 118 95 0 0.0149296003
FT 522 254684.216206916 95 78 0 0.0111990898
SW 522 254684.216206916 1 180 213 16 0
FT 523 254684.249543458 148 93 0 0.00468047977
FT 524 254684.282879708 93 82 0 0.0130126466
FT 525 254684.316216208 82 73 0 0.0195541844
SW 525 254684.316216208 1 183 222 13 0
FT 526 254684.349552666 151 104 0 0.0131470447
FT 527 254684.382889125 104 87 0 0.0137466875
FT 528 254684.416225458 87 79 0 0.0169602156
SW 528 254684.416225458 1 188 225 11 0
FT 529 254684.449561916 143 122 0 0.0172484188
FT 530 254684.482898416 122 108 0 0.0210831889
FT 531 254684.516234791 108 103 0 0.0220054919
SW 531 254684.516234791 1 190 235 12 0
FT 532 254684.549571208 143 132 0 0.0242456485
FT 533 254684.582907666 132 119 0 0.0212952361
FT 534 254684.616244166 119 115 0 0.0187508338
SW 534 254684.616244166 1 185 230 12 0
FT 535 254684.649580500 141 131 0 0.0257789025
FT 536 254684.682916916 131 125 0 0.0237718654
FT 537 254684.716253375 125 120 0 0.0151054651
SW 537 254684.716253375 1 173 216 12 0
FT 538 254684.749589750 149 139 0 0.0137979109
FT 539 254684.782926166 139 127 0 0.0282845258
FT 540 254684.816262541 127 119 0 0.024414114
SW 540 254684.816262541 1 168 202 11 0
FT 541 254684.849599041 146 133 0 0.00674505316
FT 542 254684.882935583 133 129 0 0.00740040328
FT 543 254684.916271791 129 125 0 0.0166243962
SW 543 254684.916271791 1 175 197 10 0
FT 544 254684.949608333 143 137 0 0.0197321609
FT 545 254684.982944833 137 131 0 0.0117231917
FT 546 254685.016281291 131 127 0 0.0103770503
SW 546 254685.016281291 1 177 201 8 0
FT 547 254685.049617666 153 146 0 0.020695038
FT 548 254685.082954041 146 130 0 0.0331303112
FT 549 254685.116290416 130 119 0 0.0295389282
SW 549 254685.116290416 1 178 201 9 0
FT 550 254685.149626791 150 143 0 0.0165699591
FT 551 254685.182963333 143 133 0 0.00774980635
FT 552 254685.216299750 133 122 0 0.0158977201
SW 552 254685.216299750 1 183 209 8 0
FT 553 254685.249636125 154 149 0 0.0207529758
FT 554 254685.282972625 149 129 0 0.0123102959
FT 555 254685.316309000 129 120 0 0.00565999568
SW 555 254685.316309000 1 185 206 9 0
FT 556 254685.349645458 159 146 0 0.0105314074
FT 557 254685.382981958 146 142 0 0.0179397025
FT 558 254685.416318208 142 136 0 0.0101755865
SW 558 254685.416318208 1 201 223 8 0
FT 559 254685.449654625 158 144 0 0.00637442449
FT 560 254685.482991083 144 121 0 0.0156695646
FT 561 254685.516327583 121 99 0 0.0102121296
SW 561 254685.516327583 1 187 220 9 0
FT 562 254685.549663916 145 138 0 0.00352673157
FT 563 254685.583000416 138 114 0 0.00967470127
FT 564 254685.616336750 114 109 0 0.00552836038
SW 564 254685.616336750 1 199 226 8 0
FT 565 254685.649673250 148 145 0 0.00686734912
FT 566 254685.683009625 145 138 0 0.00379830434
FT 567 254685.716346083 138 126 0 0.0108773678
SW 567 254685.716346083 1 207 235 11 0
FT 568 254685.749682541 154 148 0 0.00772519832
FT 569 254685.783018875 148 137 0 0.00802764332
FT 570 254685.816355458 137 131 0 0.00692193779
SW 570 254685.816355458 1 218 242 11 0
FT 571 254685.849691666 156 152 0 0.00463724736
FT 572 254685.883028208 152 148 0 0.0105537876
FT 573 254685.916364625 148 148 0 0.00925637144
SW 573 254685.916364625 1 191 251 12 0
FT 574 254685.949701041 154 152 0 0.00557240735
FT 575 254685.983037500 152 149 0 0.00670742549
FT 576 254686.016373875 149 145 0 0.00351335787
SW 576 254686.016373875 1 177 208 11 0
FT 577 254686.049710250 156 153 0 0.00573088511
FT 578 254686.083046666 153 150 0 0.0131353035
FT 579 254686.116383125 150 149 0 0.0113512344
SW 579 254686.116383125 1 177 196 8 0
FT 580 254686.149719541 159 157 0 0.00628810091
FT 581 254686.183056125 157 153 0 0.00401760131
FT 582 254686.216392375 153 149 0 0.00558248186
SW 582 254686.216392375 1 168 194 7 0
FT 583 254686.249728833 162 158 0 0.00461960853
FT 584 254686.283065333 158 152 0 0.00686782807
FT 585 254686.316401708 152 145 0 0.00866106592
SW 585 254686.316401708 1 172 183 6 0
FT 586 254686.349738083 163 145 0 0.00324626563
FT 587 254686.383074541 145 130 0 0.0114176292
FT 588 254686.416410958 130 120 0 0.00863255141
SW 588 254686.416410958 1 176 188 4 0
FT 589 254686.449747458 153 133 0 0.00928486403
FT 590 254686.483083666 133 118 0 0.0109836491
FT 591 254686.516420166 118 107 0 0.010798828
SW 591 254686.516420166 1 186 194 4 0
FT 592 254686.549756625 153 130 0 0.0154105142
FT 593 254686.583093208 130 108 0 0.0165224341
FT 594 254686.616429458 108 97 0 0.00889848386
SW 594 254686.616429458 1 193 204 2 0
FT 595 254686.649765916 153 137 0 0.00767160276
FT 596 254686.683102250 137 127 0 0.0121294225
FT 597 254686.716438833 127 120 0 0.0109604289
SW 597 254686.716438833 1 213 228 3 0
FT 598 254686.749775166 159 144 0 0.00904836788
FT 599 254686.783111583 144 135 0 0.00778926172
FT 600 254686.816448000 135 131 0 0.00756447224
SW 600 254686.816448000 1 203 243 5 0
FT 601 254686.849784500 164 154 0 0.00892094532
FT 602 254686.883120833 154 144 0 0.0078702139
FT 603 254686.916457250 144 136 0 0.00764337426
SW 603 254686.916457250 1 199 231 5 0
FT 604 254686.949793625 162 152 0 0.00692450369
FT 605 254686.983130125 152 141 0 0.00791971155
FT 606 254687.016466500 141 133 0 0.00929449375
SW 606 254687.016466500 1 190 218 4 0
FT 607 254687.049802916 165 152 0 0.0107714261
FT 608 254687.083139375 152 136 0 0.0104507928
FT 609 254687.116475708 136 131 0 0.00634085384
SW 609 254687.116475708 1 201 215 4 0
FT 610 254687.149812166 160 148 0 0.00506762279
FT 611 254687.183148541 148 140 0 0.00458266076
FT 612 254687.216484958 140 134 0 0.00782038746
SW 612 254687.216484958 1 202 224 6 0
FT 613 254687.249821416 162 139 0 0.0144465587
FT 614 254687.283157875 139 132 0 0.0140322078
FT 615 254687.316494208 132 132 0 0.0131154591
SW 615 254687.316494208 1 206 230 6 0
FT 616 254687.349830541 155 153 0 0.0110360117
FT 617 254687.383167000 153 146 0 0.00824500979
FT 618 254687.416503416 146 145 0 0.00603344523
SW 618 254687.416503416 1 207 230 6 0
FT 619 254687.449839958 158 153 0 0.0076991682
FT 620 254687.483176291 153 152 0 0.0112707755
FT 621 254687.516512708 152 146 0 0.0149805398
SW 621 254687.516512708 1 196 224 5 0
FT 622 254687.549849166 166 163 0 0.0141467217
FT 623 254687.583185541 163 162 0 0.0106717764
FT 624 254687.616522000 162 154 0 0.010299806
SW 624 254687.616522000 1 198 216 2 0
FT 625 254687.649858416 179 167 0 0.00560319632
FT 626 254687.683194791 167 162 0 0.00616053456
FT 627 254687.716531250 162 155 0 0.0126143505
SW 627 254687.716531250 1 192 218 2 0
FT 628 254687.749867666 174 167 0 0.00691223864
FT 629 254687.783204125 167 161 0 0.00954794871
FT 630 254687.816540416 161 153 0 0.0171633935
SW 630 254687.816540416 1 202 209 2 0
FT 631 254687.849876833 169 165 0 0.00965633407
FT 632 254687.883213333 165 154 0 0.0145328071
FT 633 254687.916549791 154 147 0 0.0225539125
SW 633 254687.916549791 1 200 212 2 0
FT 634 254687.949886083 167 162 0 0.0178300676
FT 635 254687.983222541 162 146 0 0.011388846
FT 636 254688.016558916 146 136 0 0.00631269008
SW 636 254688.016558916 1 202 214 5 0
FT 637 254688.049895416 155 142 0 0.00519342861
FT 638 254688.083231791 142 132 0 0.00749130456
FT 639 254688.116568250 132 126 0 0.0224204635
SW 639 254688.116568250 1 195 216 4 0
FT 640 254688.149904666 148 144 0 0.0204707996
FT 641 254688.183241041 144 142 0 0.0162054184
FT 642 254688.216577458 142 137 0 0.0165224108
SW 642 254688.216577458 1 194 218 7 0
FT 643 254688.249913958 155 146 0 0.018747036
FT 644 254688.283250416 146 138 0 0.0282754564
FT 645 254688.316586666 138 126 0 0.0222435666
SW 645 254688.316586666 1 190 213 9 0
FT 646 254688.349923166 147 138 0 0.0134565334
FT 647 254688.383259541 138 128 0 0.0225409293
FT 648 254688.416595916 128 114 0 0.00930493555
SW 648 254688.416595916 1 174 206 9 0
FT 649 254688.449932333 139 116 0 0.00905446787
FT 650 254688.483268750 116 102 0 0.00640835527
FT 651 254688.516605125 102 95 0 0.015050886
SW 651 254688.516605125 1 164 193 10 0
FT 652 254688.549941625 154 136 0 0.00816344132
FT 653 254688.583277958 136 122 0 0.00552756757
FT 654 254688.616614375 122 108 0 0.00354930052
SW 654 254688.616614375 1 188 204 8 0
FT 655 254688.649950875 136 121 0 0.0129194236
FT 656 254688.683287250 121 112 0 0.0186178539
FT 657 254688.716623666 112 105 0 0.0119920267
SW 657 254688.716623666 1 181 210 6 0
FT 658 254688.749960041 147 138 0 0.0117731813
FT 659 254688.783296416 138 127 0 0.0151098711
FT 660 254688.816632791 127 114 0 0.0234140045
SW 660 254688.816632791 1 177 201 5 0
FT 661 254688.849969291 151 135 0 0.0290887055
FT 662 254688.883305625 135 127 0 0.017919505
FT 663 254688.916642083 127 122 0 0.00184875809
SW 663 254688.916642083 1 162 201 10 0
FT 664 254688.949978541 140 131 0 0.00681556276
FT 665 254688.983314916 131 127 0 0.0208453293
FT 666 254689.016651333 127 121 0 0.0177356841
SW 666 254689.016651333 1 156 184 11 0
FT 667 254689.049987791 150 125 0 0.0105183992
FT 668 254689.083324125 125 102 0 0.0185506514
FT 669 254689.116660541 102 89 0 0.0194310589
SW 669 254689.116660541 1 146 173 10 0
FT 670 254689.149996833 126 111 0 0.00616475531
FT 671 254689.183333416 111 100 0 0.0150805849
FT 672 254689.216669708 100 84 0 0.0289907953
SW 672 254689.216669708 1 158 173 10 0
FT 673 254689.250006125 108 89 0 0.0230548342
FT 674 254689.283342583 89 80 0 0.0164850644
FT 675 254689.316679000 80 72 0 0.0211647834
SW 675 254689.316679000 1 154 180 15 0
FT 676 254689.350015458 112 93 0 0.0184782731
FT 677 254689.383351833 93 78 0 0.0189635881
FT 678 254689.416688166 78 66 0 0.0214084693
SW 678 254689.416688166 1 154 182 15 0
FT 679 254689.450024625 140 103 0 0.0156972543
FT 680 254689.483361083 103 83 0 0.0188405916
FT 681 254689.516697500 83 76 0 0.0150574656
SW 681 254689.516697500 1 133 192 21 0
FT 682 254689.550033791 109 86 0 0.017727711
FT 683 254689.583370291 86 56 0 0.0264734622
FT 684 254689.616706583 56 43 0 0.0302340233
SW 684 254689.616706583 1 112 157 22 0
FT 685 254689.650043041 116 47 0 0.0372189389
FT 686 254689.683379416 47 33 0 0.032178514
FT 687 254689.716715958 33 29 0 0.0225132314
SW 687 254689.716715958 1 100 139 16 0
FT 688 254689.750052291 76 47 0 0.0265205237
FT 689 254689.783388666 47 34 0 0.0220187729
FT 690 254689.816725083 34 31 0 0.0062055143
SW 690 254689.816725083 1 87 127 21 0
FT 691 254689.850061625 87 53 0 0.0194300068
FT 692 254689.883397916 53 47 0 0.00804450114
FT 693 254689.916734333 47 40 0 0.0182234294
SW 693 254689.916734333 1 87 122 22 0
FT 694 254689.950070708 90 46 0 0.0156557409
FT 695 254689.983407208 46 35 0 0.0295417553
FT 696 254690.016743500 35 32 0 0.0342125571
SW 696 254690.016743500 1 62 115 17 0
FT 697 254690.050079916 48 40 0 0.021903855
FT 698 254690.083416333 40 30 0 0.0204392031
FT 699 254690.116752875 30 28 0 0.0195564742
SW 699 254690.116752875 1 50 85 16 0
FT 700 254690.150089250 63 52 0 0.00522426144
FT 701 254690.183425666 52 43 0 0.00499616543
FT 702 254690.216761916 43 39 0 0.00572743434
SW 702 254690.216761916 1 59 82 14 0
FT 703 254690.250098375 63 54 0 0.012331518
FT 704 254690.283434791 54 42 0 0.0134716599
FT 705 254690.316771208 42 36 0 0.0152310144
SW 705 254690.316771208 1 62 81 14 0
FT 706 254690.350107666 77 58 0 0.0210860161
FT 707 254690.383444000 58 45 0 0.0216405784
FT 708 254690.416780416 45 45 0 0.00940849258
SW 708 254690.416780416 1 65 96 17 0
FT 709 254690.450116875 97 79 0 0.0232269897
FT 710 254690.483453208 79 63 0 0.022945398
FT 711 254690.516789625 63 60 0 0.00439638817
SW 711 254690.516789625 1 48 107 49 0
FT 712 254690.550126125 91 71 0 0.00937468087
FT 713 254690.583462458 71 64 0 0.0255491128
FT 714 254690.616798916 64 58 0 0.027762357
SW 714 254690.616798916 1 60 109 44 0
FT 715 254690.650135333 103 70 0 0.0239885534
FT 716 254690.683471625 70 63 0 0.0239166188
FT 717 254690.716808083 63 58 0 0.0261486634
SW 717 254690.716808083 1 79 120 30 0
FT 718 254690.750144541 109 73 0 0.0312753428
FT 719 254690.783481000 73 58 0 0.0274053444
FT 720 254690.816817291 58 39 0 0.0248489607
SW 720 254690.816817291 1 80 121 30 0
FT 721 254690.850153833 134 63 0 0.0203116206
FT 722 254690.883490125 63 48 0 0.0182194128
FT 723 254690.916826500 48 40 0 0.0216562587
SW 723 254690.916826500 1 84 127 33 0
FT 724 254690.950163041 116 56 0 0.0207220226
FT 725 254690.983499416 56 43 0 0.0205831906
FT 726 254691.016835791 43 38 0 0.0214268062
SW 726 254691.016835791 1 71 127 42 0
FT 727 254691.050172291 63 42 0 0.0110470095
FT 728 254691.083508666 42 28 0 0.00945204822
FT 729 254691.116845083 28 25 0 0.0125356878
SW 729 254691.116845083 1 58 119 45 0
FT 730 254691.150181458 85 39 0 0.00997597084
FT 731 254691.183517833 39 27 0 0.0209240143
FT 732 254691.216854291 27 18 0 0.0224605616
SW 732 254691.216854291 1 41 107 35 0
FT 733 254691.250190708 48 15 0 0.0119517871
FT 734 254691.283527125 15 5 0 0.0205957371
FT 735 254691.316863500 5 3 0 0.0242018912
SW 735 254691.316863500 1 28 76 32 0
FT 736 254691.350199750 43 23 0 0.00593292303
FT 737 254691.383536291 23 20 0 0.00829224933
FT 738 254691.416872791 20 18 0 0.00773579194
SW 738 254691.416872791 1 27 75 36 0
FT 739 254691.450209125 39 32 0 0.0123629979
FT 740 254691.483545500 32 30 0 0.00323371605
FT 741 254691.516881791 30 28 0 0.0161703018
SW 741 254691.516881791 1 25 75 30 1
FT 742 254691.550218375 51 46 0 0.0194817357
FT 743 254691.583554708 46 40 0 0.0110825059
FT 744 254691.616891083 40 39 0 0.00806532032
SW 744 254691.616891083 1 31 72 29 1
FT 745 254691.650227458 45 43 0 0.00510598316
FT 746 254691.683564000 43 40 0 0.0152907568
FT 747 254691.716900291 40 38 0 0.0145742518
SW 747 254691.716900291 1 19 66 31 1
FT 748 254691.750236666 50 48 0 0.013196953
FT 749 254691.783573166 48 46 0 0.0117382163
FT 750 254691.816909625 46 46 0 0.0174335911
SW 750 254691.816909625 1 21 61 39 1
FT 751 254691.850245833 57 52 0 0.0273340997
FT 752 254691.883582333 52 46 0 0.0302340587
FT 753 254691.916918708 46 45 0 0.0227816497
SW 753 254691.916918708 1 22 67 42 1
FT 754 254691.950255000 63 61 0 0.0121416931
FT 755 254691.983591375 61 58 0 0.0111486692
FT 756 254692.016927875 58 56 0 0.0113118073
SW 756 254692.016927875 1 31 80 44 0
FT 757 254692.050264333 68 66 0 0.0101406445
FT 758 254692.083600666 66 62 0 0.00967964118
FT 759 254692.116937166 62 58 0 0.00500806656
SW 759 254692.116937166 1 44 83 33 0
FT 760 254692.150273458 71 67 0 0.00232784318
FT 761 254692.183609958 67 62 0 0.00804088108
FT 762 254692.216946291 62 59 0 0.012025381
SW 762 254692.216946291 1 58 86 26 0
FT 763 254692.250282625 77 69 0 0.0131319781
FT 764 254692.283619083 69 66 0 0.0177842906
FT 765 254692.316955458 66 63 0 0.0141887808
SW 765 254692.316955458 1 69 96 20 0
FT 766 254692.350291875 93 81 0 0.00502835678
FT 767 254692.383628291 81 71 0 0.00592580182
FT 768 254692.416964583 71 65 0 0.00675795161
SW 768 254692.416964583 1 85 104 15 0
FT 769 254692.450301083 89 84 0 0.0072657015
FT 770 254692.483637416 84 76 0 0.00859238492
FT 771 254692.516973916 76 74 0 0.0119433918
SW 771 254692.516973916 1 91 113 16 0
FT 772 254692.550310291 86 83 0 0.0119196425
FT 773 254692.583646708 83 81 0 0.0109454798
FT 774 254692.616983083 81 79 0 0.0150939042
SW 774 254692.616983083 1 94 115 13 0
FT 775 254692.650319500 91 82 0 0.0174162325
FT 776 254692.683655875 82 78 0 0.0125370908
FT 777 254692.716992291 78 75 0 0.0120435673
SW 777 254692.716992291 1 90 110 12 0
FT 778 254692.750328708 95 93 0 0.0160897154
FT 779 254692.783665083 93 90 1 0.0132672828
FT 780 254692.817001333 90 89 1 0.00830111526
SW 780 254692.817001333 0 90 0 0 0
FT 781 254692.850337833 99 95 0 0.00988410917
FT 782 254692.883674208 95 92 0 0.0117622977
FT 783 254692.917010708 92 87 0 0.0145540897
SW 783 254692.917010708 1 94 120 9 0
FT 784 254692.950347166 96 88 1 0.0247457254
FT 785 254692.983683541 88 86 1 0.0254233908
FT 786 254693.017019750 86 85 0 0.0217505132
SW 786 254693.017019750 1 101 109 5 0
FT 787 254693.050356291 107 104 0 0.00928636889
FT 788 254693.083692625 104 103 0 0.00928473929
FT 789 254693.117029125 103 96 0 0.0179270693
SW 789 254693.117029125 1 111 122 4 0
FT 790 254693.150365416 113 110 0 0.0187809368
FT 791 254693.183701875 110 107 0 0.0136393113
FT 792 254693.217038125 107 101 0 0.0177629829
SW 792 254693.217038125 1 121 128 5 0
FT 793 254693.250374708 123 117 0 0.0159209583
FT 794 254693.283711000 117 110 0 0.0104915096
FT 795 254693.317047458 110 99 0 0.028645348
SW 795 254693.317047458 1 127 137 6 0
FT 796 254693.350383708 114 107 0 0.0253280433
FT 797 254693.383720166 107 106 0 0.0109867327
FT 798 254693.417056500 106 94 0 0.0271682825
SW 798 254693.417056500 1 126 143 9 0
FT 799 254693.450392916 112 96 0 0.0247701064
FT 800 254693.483729166 96 90 0 0.0153944427
FT 801 254693.517065833 90 89 0 0.0161529956
SW 801 254693.517065833 1 127 142 10 0
FT 802 254693.550402125 111 106 0 0.0185855121
FT 803 254693.583738500 106 99 0 0.021898635
FT 804 254693.617074833 99 88 0 0.0333973983
SW 804 254693.617074833 1 134 152 10 0
FT 805 254693.650411208 105 83 0 0.0354456796
FT 806 254693.683747666 83 78 0 0.0261787632
FT 807 254693.717084041 78 58 0 0.0279075767
SW 807 254693.717084041 1 128 150 8 1
FT 808 254693.750420333 75 65 0 0.0206435476
FT 809 254693.783756833 65 61 0 0.0208861016
FT 810 254693.817093125 61 54 0 0.0426032429
SW 810 254693.817093125 1 116 145 13 1
FT 811 254693.850429500 110 93 0 0.0321129793
FT 812 254693.883765875 93 87 0 0.0110413376
FT 813 254693.917102375 87 67 0 0.0217877049
SW 813 254693.917102375 1 126 155 16 1
FT 814 254693.950438625 100 94 0 0.0150269013
FT 815 254693.983775083 94 86 0 0.0189624404
FT 816 254694.017111375 86 74 0 0.0154508186
SW 816 254694.017111375 1 121 161 21 1
FT 817 254694.050447833 100 86 0 0.0191975281
FT 818 254694.083784208 86 81 0 0.0284124037
FT 819 254694.117120625 81 64 0 0.045296825
SW 819 254694.117120625 1 83 154 37 0
FT 820 254694.150457041 87 62 0 0.0478307223
FT 821 254694.183793333 62 56 0 0.0310511407
FT 822 254694.217129791 56 54 0 0.0324039892
SW 822 254694.217129791 1 82 126 32 0
FT 823 254694.250466250 92 85 0 0.0236772677
FT 824 254694.283802500 85 78 0 0.0221271705
FT 825 254694.317138916 78 76 0 0.0289169875
SW 825 254694.317138916 1 108 141 21 0
FT 826 254694.350475333 101 95 0 0.0227366147
FT 827 254694.383811833 95 94 0 0.0134702265
FT 828 254694.417148083 94 91 0 0.00969107078
SW 828 254694.417148083 1 118 146 17 0
FT 829 254694.450484541 113 107 0 0.00680494017
FT 830 254694.483820791 107 104 0 0.0075730061
FT 831 254694.517157250 104 100 0 0.0116195486
SW 831 254694.517157250 1 110 149 18 0
FT 832 254694.550493625 121 117 0 0.0108510665
FT 833 254694.583829958 117 114 0 0.0121866813
FT 834 254694.617166416 114 111 0 0.009409365
SW 834 254694.617166416 1 114 144 14 0
FT 835 254694.650502833 126 119 0 0.011580431
FT 836 254694.683839208 119 114 0 0.0117247919
FT 837 254694.717175583 114 112 0 0.0109048782
SW 837 254694.717175583 1 119 136 12 0
FT 838 254694.750511875 124 113 0 0.0155566612
FT 839 254694.783848333 113 111 0 0.0155985307
FT 840 254694.817184708 111 104 0 0.0113156192
SW 840 254694.817184708 1 126 138 10 0
FT 841 254694.850521166 127 119 0 0.0108193473
FT 842 254694.883857583 119 115 0 0.00829335238
FT 843 254694.917193916 115 108 0 0.0115636289
SW 843 254694.917193916 1 134 152 13 0
FT 844 254694.950530375 137 121 0 0.0108659073
FT 845 254694.983866708 121 117 0 0.0121207402
FT 846 254695.017203166 117 103 0 0.0122582069
SW 846 254695.017203166 1 141 159 13 0
FT 847 254695.050539500 127 122 0 0.00829017164
FT 848 254695.083875958 122 117 0 0.00792539736
FT 849 254695.117212250 117 113 0 0.0089895407
SW 849 254695.117212250 1 148 167 12 0
FT 850 254695.150548625 140 137 0 0.00576132611
FT 851 254695.183885125 137 129 0 0.00769061935
FT 852 254695.217221541 129 125 0 0.00589088605
SW 852 254695.217221541 1 154 178 9 0
FT 853 254695.250557916 141 133 0 0.00412044814
FT 854 254695.283894166 133 125 0 0.00612611943
FT 855 254695.317230666 125 122 0 0.00405856746
SW 855 254695.317230666 1 157 173 4 0
FT 856 254695.350567000 140 137 0 0.00525275625
FT 857 254695.383903416 137 130 0 0.00734827018
FT 858 254695.417239708 130 125 0 0.0116344075
SW 858 254695.417239708 1 152 171 2 0
FT 859 254695.450576250 148 135 0 0.0130733116
FT 860 254695.483912541 135 127 0 0.00801024662
FT 861 254695.517249041 127 120 0 0.010482031
SW 861 254695.517249041 1 155 162 4 0
FT 862 254695.550585291 137 131 0 0.0147979762
FT 863 254695.583921708 131 121 0 0.0148306615
FT 864 254695.617258041 121 115 0 0.0174091586
SW 864 254695.617258041 1 156 166 4 0
FT 865 254695.650594625 133 121 0 0.0148769618
FT 866 254695.683930958 121 114 0 0.0147475832
FT 867 254695.717267333 114 112 0 0.0113380821
SW 867 254695.717267333 1 150 168 5 0
FT 868 254695.750603666 127 114 0 0.0148676617
FT 869 254695.783940041 114 101 0 0.0183724453
FT 870 254695.817276416 101 84 0 0.0158345082
SW 870 254695.817276416 1 150 161 4 0
FT 871 254695.850612833 105 82 0 0.0144904616
FT 872 254695.883949166 82 79 0 0.010158185
FT 873 254695.917285583 79 75 0 0.0127223528
SW 873 254695.917285583 1 140 161 8 0
FT 874 254695.950621958 98 82 0 0.0192604346
FT 875 254695.983958333 82 74 0 0.0198640763
FT 876 254696.017294750 74 70 0 0.0171099117
SW 876 254696.017294750 1 135 160 13 0
FT 877 254696.050631166 93 76 0 0.014050714
FT 878 254696.083967416 76 69 0 0.0124525605
FT 879 254696.117303791 69 61 0 0.0135202594
SW 879 254696.117303791 1 133 155 11 0
FT 880 254696.150640250 83 76 0 0.0180419726
FT 881 254696.183976625 76 75 0 0.0204491418
FT 882 254696.217312958 75 70 0 0.0138271959
SW 882 254696.217312958 1 108 157 15 0
FT 883 254696.250649291 86 82 0 0.012208802
FT 884 254696.283985666 82 78 0 0.0103684332
FT 885 254696.317322166 78 74 0 0.00679718604
SW 885 254696.317322166 1 103 133 14 0
FT 886 254696.350658500 101 94 0 0.0074338695
FT 887 254696.383994833 94 88 0 0.00417914967
FT 888 254696.417331166 88 86 0 0.00182342173
SW 888 254696.417331166 1 104 135 14 0
FT 889 254696.450667625 101 91 0 0.00522934253
FT 890 254696.484004000 91 85 0 0.00473676258
FT 891 254696.517340416 85 81 0 0.00285284708
SW 891 254696.517340416 1 103 128 9 0
FT 892 254696.550676750 90 76 0 0.00650823946
FT 893 254696.584013000 76 71 0 0.00684789049
FT 894 254696.617349375 71 68 0 0.00769070287
SW 894 254696.617349375 1 102 117 11 0
FT 895 254696.650685791 91 77 0 0.010838006
