FT 2 254666.749548255 112 109 0 0.0085731317
FT 3 254666.782885005 128 122 1 0.00611371801
FT 4 254666.816221838 133 130 1 0.00322600793
FT 5 254666.849558671 137 134 1 0.00708063629
FT 6 254666.882895421 142 137 0 0.00969455218
FT 7 254666.916850583 146 145 1 0.00684459178
FT 8 254666.950156666 149 144 0 0.013699017
FT 9 254666.983463041 151 144 0 0.0106987376
FT 10 254667.016769250 151 146 0 0.0104396799
FT 11 254667.050075500 157 148 1 0.0159004232
FT 12 254667.083381791 156 149 1 0.0103177208
FT 13 254667.116688000 153 146 1 0.0108454309
FT 14 254667.149994250 154 150 0 0.00974618095
FT 15 254667.183300583 154 149 0 0.0113588497
FT 16 254667.216606791 156 151 1 0.0120384123
FT 17 254667.249943416 155 152 1 0.00489194776
FT 18 254667.283279875 155 149 1 0.00471618099
FT 19 254667.316616500 155 150 0 0.006435532
FT 20 254667.349953041 158 153 1 0.00653613638
FT 21 254667.383289666 156 150 1 0.00331686401
FT 22 254667.416626125 156 150 1 0.00360697286
FT 23 254667.449962708 155 154 1 0.00457054933
FT 24 254667.483299416 158 158 0 0.00217656979
FT 25 254667.516635833 163 156 0 0.00286897289
FT 26 254667.549972375 160 159 1 0.00103514217
FT 27 254667.583308958 161 153 0 0.0101147101
FT 28 254667.616645666 156 148 1 0.0159511419
FT 29 254667.649982166 151 144 1 0.0104861378
FT 30 254667.816665041 153 140 0 0.0307171963
FT 31 254667.850001625 147 141 1 0.0072332685
FT 32 254667.883338208 144 143 0 0.00536003955
FT 33 254667.916674666 149 148 1 0.00611525471
FT 34 254667.950011208 152 152 1 0.00538304638
FT 35 254667.983347791 154 153 1 0.00351575341
FT 36 254668.016684458 157 154 0 0.00417400065
INIT 254666.716211421 254668.016684458 8 0.13609076 8.67587089 0.970008571 4.46751966 -0.00623970109 -5.24555483e-09 0.0029974015 0 0 0
FT 37 254668.050020958 156 154 1 0.00485653851
FT 38 254668.083357500 154 149 1 0.00568879284
FT 39 254668.116694041 149 146 1 0.00153262238
SW 39 254668.116694041 0 205 0 0 0
FT 40 254668.150030541 153 153 0 0.00267241812
FT 41 254668.183367083 153 153 1 0.00158066558
FT 42 254668.216703541 153 149 0 0.00319403536
SW 42 254668.216703541 1 177 225 7 0
FT 43 254668.250040125 154 149 1 0.00407733843
FT 44 254668.283376708 149 145 1 0.00353087878
FT 45 254668.316713250 145 143 1 0.00217971256
SW 45 254668.316713250 0 177 0 0 0
FT 46 254668.350049666 151 149 1 0.00413312951
FT 47 254668.383386291 149 146 1 0.00639258643
FT 48 254668.416722791 146 140 1 0.00389639943
SW 48 254668.416722791 0 177 0 0 0
FT 49 254668.450059375 146 143 0 0.00465546658
FT 50 254668.483395833 143 140 1 0.00499657906
FT 51 254668.516732416 140 135 1 0.00524878863
SW 51 254668.516732416 0 177 0 0 0
FT 52 254668.550068916 143 140 1 0.00445340319
FT 53 254668.583405500 140 138 0 0.00593228086
FT 54 254668.616741875 138 137 1 0.00685918344
SW 54 254668.616741875 0 177 0 0 0
FT 55 254668.650078458 140 136 0 0.00948312703
FT 56 254668.683414916 136 135 1 0.00835276344
FT 57 254668.716751458 135 134 1 0.00274928532
SW 57 254668.716751458 0 177 0 0 0
FT 58 254668.750088000 151 151 0 0.00409474948
FT 59 254668.783424458 151 149 1 0.00430485343
FT 60 254668.816761083 149 145 0 0.00175151176
SW 60 254668.816761083 1 168 214 21 0
FT 61 254668.850097625 149 149 1 0.00345514923
FT 62 254668.883434083 149 149 1 0.00507003707
FT 63 254668.916770625 149 148 1 0.00417938277
SW 63 254668.916770625 0 168 0 0 0
FT 64 254668.950107041 152 151 1 0.00201675638
FT 65 254668.983443541 151 149 1 0.00220241248
FT 66 254669.016780041 149 148 0 0.00371754079
SW 66 254669.016780041 1 161 195 24 0
FT 67 254669.050116583 154 151 1 0.00465642769
FT 68 254669.083453041 151 150 1 0.00625898963
FT 69 254669.116789583 150 150 1 0.00300963122
SW 69 254669.116789583 0 161 0 0 0
FT 70 254669.150126208 153 153 1 0.00459828872
FT 71 254669.183462708 153 149 1 0.00910595951
FT 72 254669.216799166 149 149 0 0.00838764495
SW 72 254669.216799166 1 137 193 23 0
FT 73 254669.250135625 150 145 0 0.00745252236
FT 74 254669.283472083 145 143 0 0.00737265601
FT 75 254669.316808625 143 137 0 0.00800521036
SW 75 254669.316808625 1 157 159 2 0
FT 76 254669.350145041 142 142 0 0.0108118824
FT 77 254669.383481666 142 136 0 0.0113912764
FT 78 254669.416818083 136 134 0 0.00994200194
SW 78 254669.416818083 1 159 163 1 0
FT 79 254669.450154666 146 143 1 0.0070126614
FT 80 254669.483491041 143 136 0 0.010142007
FT 81 254669.516827666 136 135 0 0.00883426943
SW 81 254669.516827666 1 166 170 1 0
FT 82 254669.550163958 144 142 0 0.00890717884
FT 83 254669.583500666 142 138 0 0.00852303225
FT 84 254669.616837125 138 135 0 0.00931280766
SW 84 254669.616837125 1 169 175 2 0
FT 85 254669.650173666 151 146 0 0.00724057764
FT 86 254669.683510000 146 144 0 0.00414724236
FT 87 254669.716846666 144 144 0 0.00504979018
SW 87 254669.716846666 1 168 185 5 0
FT 88 254669.750183041 152 152 0 0.00587526706
FT 89 254669.783519583 152 150 0 0.00504586873
FT 90 254669.816855958 150 147 0 0.00740247197
SW 90 254669.816855958 1 167 178 4 0
FT 91 254669.850192583 156 154 0 0.00843307387
FT 92 254669.883529083 154 152 0 0.00663041486
FT 93 254669.916865625 152 150 1 0.00461931548
SW 93 254669.916865625 0 167 0 0 0
FT 94 254669.950201958 155 152 1 0.006166174
FT 95 254669.983538583 152 150 1 0.00654311875
FT 96 254670.016874916 150 150 0 0.00476934564
SW 96 254670.016874916 1 161 185 7 0
FT 97 254670.050211500 154 151 0 0.00586409481
FT 98 254670.083548083 151 150 1 0.00893294543
FT 99 254670.116884541 150 148 0 0.00783270201
SW 99 254670.116884541 1 163 171 3 0
FT 100 254670.150220916 154 151 0 0.00901319276
FT 101 254670.183557583 151 149 0 0.0102052799
FT 102 254670.216893916 149 146 0 0.00971212074
SW 102 254670.216893916 1 164 169 3 0
FT 103 254670.250230500 158 156 0 0.0102322793
FT 104 254670.283567083 156 152 0 0.0116558592
FT 105 254670.316903375 152 149 0 0.0105141447
SW 105 254670.316903375 1 167 176 3 0
FT 106 254670.350240000 156 154 0 0.00969167962
FT 107 254670.383576458 154 152 0 0.00898991053
FT 108 254670.416913000 152 148 0 0.00806731074
SW 108 254670.416913000 1 166 175 4 0
FT 109 254670.450249416 153 151 0 0.00985541794
FT 110 254670.483585916 151 149 0 0.0111107829
FT 111 254670.516922416 149 146 0 0.0104410964
SW 111 254670.516922416 1 167 175 3 0
FT 112 254670.550258916 157 154 1 0.0102983477
FT 113 254670.583595416 154 151 0 0.0138324894
FT 114 254670.616931875 151 148 0 0.0107324034
SW 114 254670.616931875 1 170 179 4 0
FT 115 254670.650268375 159 155 1 0.00916167679
FT 116 254670.683604958 155 154 0 0.0125733194
FT 117 254670.716941458 154 152 0 0.0124566772
SW 117 254670.716941458 1 175 184 3 0
FT 118 254670.750277833 163 159 1 0.0138597612
FT 119 254670.783614375 159 152 0 0.0203065207
FT 120 254670.816950875 152 151 0 0.0205267205
SW 120 254670.816950875 1 177 186 3 0
FT 121 254670.850287416 163 158 0 0.0144609273
FT 122 254670.883623958 158 151 0 0.0155003177
FT 123 254670.916960333 151 147 0 0.0120446471
SW 123 254670.916960333 1 177 188 4 0
FT 124 254670.950296791 156 154 1 0.00369571585
FT 125 254670.983633291 154 152 0 0.00646745083
FT 126 254671.016969833 152 149 0 0.00951259224
SW 126 254671.016969833 1 178 189 4 0
FT 127 254671.050306250 159 157 0 0.0065491705
FT 128 254671.083642791 157 152 0 0.0106878287
FT 129 254671.116979208 152 151 0 0.00946261
SW 129 254671.116979208 1 182 189 1 0
FT 130 254671.150315833 157 148 0 0.0137202379
FT 131 254671.183652166 148 147 0 0.0093953958
FT 132 254671.216988666 147 147 0 0.00697655459
SW 132 254671.216988666 1 178 188 1 0
FT 133 254671.250325208 154 152 0 0.00602159904
FT 134 254671.283661833 152 151 0 0.00562093762
FT 135 254671.316998208 151 150 0 0.00754152075
SW 135 254671.316998208 1 171 185 2 0
FT 136 254671.350334541 160 157 0 0.00979809325
FT 137 254671.383671041 157 153 0 0.00883590338
FT 138 254671.417007708 153 151 0 0.0102414093
SW 138 254671.417007708 1 174 182 2 0
FT 139 254671.450344083 163 158 0 0.0121854638
FT 140 254671.483680541 158 155 0 0.0100088553
FT 141 254671.517017125 155 154 0 0.0105099483
SW 141 254671.517017125 1 177 185 3 0
FT 142 254671.550353625 164 159 0 0.0119384114
FT 143 254671.583690083 159 156 0 0.00856048962
FT 144 254671.617026500 156 153 0 0.0106041349
SW 144 254671.617026500 1 179 190 2 0
FT 145 254671.650363041 162 161 0 0.00704143276
FT 146 254671.683699458 161 158 0 0.00515232049
FT 147 254671.717036000 158 156 0 0.00939119928
SW 147 254671.717036000 1 185 190 2 0
FT 148 254671.750372500 164 160 0 0.00592626388
FT 149 254671.783709041 160 158 0 0.00457975811
FT 150 254671.817045458 158 157 0 0.00491412087
SW 150 254671.817045458 1 180 191 3 0
FT 151 254671.850382000 163 161 0 0.00643417912
FT 152 254671.883718458 161 160 0 0.0101826177
FT 153 254671.917054875 160 148 0 0.0154628133
SW 153 254671.917054875 1 178 186 2 0
FT 154 254671.950391375 160 153 0 0.0229082618
FT 155 254671.983727833 153 151 0 0.0105387157
FT 156 254672.017064208 151 149 0 0.0229669085
SW 156 254672.017064208 1 173 189 5 0
FT 157 254672.050400833 162 156 0 0.02742461
FT 158 254672.083737375 156 152 0 0.00902466254
FT 159 254672.117073875 152 148 1 0.0119323656
SW 159 254672.117073875 0 173 0 0 0
FT 160 254672.150410291 161 159 0 0.00852572217
FT 161 254672.183746750 159 157 0 0.0112553813
FT 162 254672.217083250 157 154 1 0.0140056928
SW 162 254672.217083250 0 173 0 0 0
FT 163 254672.250419666 166 162 0 0.0125616108
FT 164 254672.283756208 162 159 0 0.010101322
FT 165 254672.317092666 159 157 0 0.00997201383
SW 165 254672.317092666 1 188 202 5 0
FT 166 254672.350429208 163 162 0 0.0103449745
FT 167 254672.383765750 162 157 0 0.00969328825
FT 168 254672.417102083 157 154 0 0.0100725058
SW 168 254672.417102083 1 181 199 6 0
FT 169 254672.450438541 166 158 0 0.00957301667
FT 170 254672.483775083 158 153 0 0.00692252214
FT 171 254672.517111666 153 151 0 0.00831983551
SW 171 254672.517111666 1 177 196 11 0
FT 172 254672.550448041 165 157 0 0.0160433985
FT 173 254672.583784666 157 151 0 0.0127281845
FT 174 254672.617120958 151 149 0 0.0098454278
SW 174 254672.617120958 1 182 202 8 0
FT 175 254672.650457458 160 158 0 0.0078169193
FT 176 254672.683793916 158 150 0 0.0130326809
FT 177 254672.717130500 150 147 0 0.0136206192
SW 177 254672.717130500 1 192 199 3 0
FT 178 254672.750466875 158 156 0 0.0118347057
FT 179 254672.783803500 156 153 0 0.00763175253
FT 180 254672.817139833 153 148 0 0.00551719069
SW 180 254672.817139833 1 191 204 4 0
FT 181 254672.850476375 165 161 0 0.00391654097
FT 182 254672.883812750 161 156 0 0.00286122812
FT 183 254672.917149208 156 153 0 0.00942320971
SW 183 254672.917149208 1 192 208 4 0
FT 184 254672.950485791 168 165 0 0.00993483463
FT 185 254672.983822333 165 161 0 0.00743817585
FT 186 254673.017158708 161 158 0 0.00728925662
SW 186 254673.017158708 1 187 208 5 0
FT 187 254673.050495208 167 161 0 0.00656310616
FT 188 254673.083831583 161 152 0 0.00647075836
FT 189 254673.117168208 152 148 0 0.00779700519
SW 189 254673.117168208 1 183 197 3 0
FT 190 254673.150504583 161 155 0 0.00902524597
FT 191 254673.183841208 155 147 0 0.00890481243
FT 192 254673.217177541 147 139 0 0.0109381257
SW 192 254673.217177541 1 181 193 4 0
FT 193 254673.250514083 154 153 0 0.00725824042
FT 194 254673.283850500 153 147 0 0.00610185507
FT 195 254673.317187000 147 144 0 0.00532549957
SW 195 254673.317187000 1 183 196 5 0
FT 196 254673.350523541 152 151 0 0.00629445964
FT 197 254673.383859958 151 149 0 0.00718880343
FT 198 254673.417196375 149 146 0 0.00483006175
SW 198 254673.417196375 1 184 195 4 0
FT 199 254673.450532875 150 149 0 0.00561117634
FT 200 254673.483869291 149 146 0 0.00440090797
FT 201 254673.517205833 146 141 0 0.00664478882
SW 201 254673.517205833 1 173 191 3 0
FT 202 254673.550542333 148 140 0 0.0110972764
FT 203 254673.583878875 140 135 0 0.00857752518
FT 204 254673.617215250 135 132 0 0.00309117822
SW 204 254673.617215250 1 162 181 3 0
FT 205 254673.650551791 147 144 0 0.0029759629
FT 206 254673.683888208 144 144 0 0.0072429279
FT 207 254673.717224708 144 142 0 0.0124941719
SW 207 254673.717224708 1 168 177 3 0
FT 208 254673.750561250 152 146 0 0.0151475058
FT 209 254673.783897708 146 142 0 0.0165400388
FT 210 254673.817234166 142 134 0 0.0159650129
SW 210 254673.817234166 1 172 180 3 0
FT 211 254673.850570583 148 142 0 0.0112287758
FT 212 254673.883907125 142 136 0 0.00875915966
FT 213 254673.917243583 136 133 0 0.00581713646
SW 213 254673.917243583 1 170 182 4 0
FT 214 254673.950580000 147 142 0 0.0107082944
FT 215 254673.983916541 142 137 0 0.0146230787
FT 216 254674.017252958 137 136 0 0.00953563609
SW 216 254674.017252958 1 167 185 4 0
FT 217 254674.050589458 151 148 0 0.0100048543
FT 218 254674.083925958 148 144 0 0.00612735993
FT 219 254674.117262458 144 142 0 0.00705288658
SW 219 254674.117262458 1 176 182 4 0
FT 220 254674.150598916 152 147 0 0.013155271
FT 221 254674.183935291 147 140 0 0.0180720752
FT 222 254674.217271791 140 135 0 0.02197511
SW 222 254674.217271791 1 166 187 4 0
FT 223 254674.250608291 142 136 0 0.0184927608
FT 224 254674.283944916 136 132 0 0.0136366712
FT 225 254674.317281208 132 127 0 0.018538179
SW 225 254674.317281208 1 161 174 5 0
FT 226 254674.350617750 142 132 0 0.0242418248
FT 227 254674.383954125 132 125 0 0.0209841411
FT 228 254674.417290750 125 121 0 0.0129152673
SW 228 254674.417290750 1 161 173 4 0
FT 229 254674.450627166 138 132 0 0.0198897559
FT 230 254674.483963625 132 127 0 0.0195595794
FT 231 254674.517300083 127 120 0 0.0169462555
SW 231 254674.517300083 1 160 171 6 0
FT 232 254674.550636541 130 120 0 0.0189348204
FT 233 254674.583973041 120 113 0 0.0179126773
FT 234 254674.617309500 113 93 0 0.0354346723
SW 234 254674.617309500 1 148 168 6 0
FT 235 254674.650646041 107 94 0 0.0391940032
FT 236 254674.683982625 94 90 0 0.0198214049
FT 237 254674.717318916 90 83 0 0.0160217947
SW 237 254674.717318916 1 140 160 8 0
FT 238 254674.750655291 102 96 0 0.00828741867
FT 239 254674.783991833 96 94 0 0.0111264714
FT 240 254674.817328333 94 94 0 0.00784457636
SW 240 254674.817328333 1 141 162 8 0
FT 241 254674.850664750 113 107 0 0.00626287822
FT 242 254674.884001250 107 101 0 0.0123771835
FT 243 254674.917337750 101 97 0 0.00885641634
SW 243 254674.917337750 1 145 160 8 0
FT 244 254674.950674125 115 110 0 0.011825441
FT 245 254674.984010583 110 102 0 0.0162381309
FT 246 254675.017347000 102 88 0 0.020676659
SW 246 254675.017347000 1 125 161 7 0
FT 247 254675.050683458 109 96 0 0.0187941803
FT 248 254675.084019958 96 94 0 0.00937220903
FT 249 254675.117356541 94 92 0 0.00904795288
SW 249 254675.117356541 1 126 147 5 0
FT 250 254675.150693041 113 104 0 0.00995015644
FT 251 254675.184029458 104 98 0 0.0105071625
FT 252 254675.217365833 98 93 0 0.00783061858
SW 252 254675.217365833 1 140 147 4 0
FT 253 254675.250702333 114 112 0 0.0111447634
FT 254 254675.284038875 112 108 0 0.0130677386
FT 255 254675.317375291 108 94 0 0.0234081227
SW 255 254675.317375291 1 146 157 3 0
FT 256 254675.350711750 105 97 0 0.0215996536
FT 257 254675.384048250 97 96 0 0.0226062539
FT 258 254675.417384708 96 91 0 0.0246096464
SW 258 254675.417384708 1 132 154 5 0
FT 259 254675.450721125 100 94 0 0.0298249767
FT 260 254675.484057625 94 92 0 0.0277833913
FT 261 254675.517394041 92 91 0 0.0243042498
SW 261 254675.517394041 1 127 143 5 0
FT 262 254675.550730583 102 99 0 0.0211400946
FT 263 254675.584067125 99 94 0 0.0165686461
FT 264 254675.617403541 94 91 0 0.0149684973
SW 264 254675.617403541 1 116 140 9 0
FT 265 254675.650740041 103 96 0 0.0121606217
FT 266 254675.684076375 96 91 0 0.0129418277
FT 267 254675.717412875 91 87 0 0.0157961869
SW 267 254675.717412875 1 110 132 10 0
FT 268 254675.750749416 100 93 0 0.0194855602
FT 269 254675.784085916 93 91 0 0.0196595277
FT 270 254675.817422250 91 86 0 0.0166119446
SW 270 254675.817422250 1 111 130 11 0
FT 271 254675.850758791 98 88 0 0.0149627062
FT 272 254675.884095208 88 82 0 0.0103157479
FT 273 254675.917431666 82 81 0 0.00397177148
SW 273 254675.917431666 1 117 131 8 0
FT 274 254675.950768208 100 96 0 0.00605386258
FT 275 254675.984104666 96 94 0 0.00460170151
FT 276 254676.017441000 94 92 0 0.00671016472
SW 276 254676.017441000 1 128 143 7 0
FT 277 254676.050777541 106 104 0 0.00653547243
FT 278 254676.084114000 104 102 0 0.0037917853
FT 279 254676.117450541 102 101 0 0.00291091346
SW 279 254676.117450541 1 129 148 8 0
FT 280 254676.150786916 108 103 0 0.00517577161
FT 281 254676.184123500 103 97 0 0.0108277816
FT 282 254676.217459791 97 96 0 0.00414192428
SW 282 254676.217459791 1 124 142 7 0
FT 283 254676.250796416 109 108 0 0.00962786704
FT 284 254676.284132833 108 106 0 0.00248319095
FT 285 254676.317469333 106 104 0 0.00266052332
SW 285 254676.317469333 1 118 142 10 0
FT 286 254676.350805666 112 111 0 0.00199974476
FT 287 254676.384142291 111 106 0 0.00468824663
FT 288 254676.417478583 106 103 0 0.00526500501
SW 288 254676.417478583 1 123 136 6 0
FT 289 254676.450815083 111 108 0 0.00400430797
FT 290 254676.484151500 108 107 0 0.00680826392
FT 291 254676.517488083 107 106 0 0.00819186461
SW 291 254676.517488083 1 128 136 4 0
FT 292 254676.550824541 118 116 0 0.00896280905
FT 293 254676.584160958 116 115 0 0.0134090098
FT 294 254676.617497333 115 114 0 0.0065681419
SW 294 254676.617497333 1 131 144 3 0
FT 295 254676.650833833 119 117 0 0.00215837824
FT 296 254676.684170375 117 115 0 0.0181843293
FT 297 254676.717506833 115 112 0 0.00772242587
SW 297 254676.717506833 1 132 138 3 0
FT 298 254676.750843166 120 120 0 0.00280496428
FT 299 254676.784179708 120 118 0 0.00409117705
FT 300 254676.817516166 118 116 0 0.00782419284
SW 300 254676.817516166 1 129 142 4 0
FT 301 254676.850852666 123 121 0 0.013218357
FT 302 254676.884189083 121 119 0 0.00788008136
FT 303 254676.917525583 119 117 0 0.00867748804
SW 303 254676.917525583 1 131 139 4 0
FT 304 254676.950861958 126 122 0 0.0145417621
FT 305 254676.984198500 122 119 0 0.00663041651
FT 306 254677.017534833 119 117 0 0.00633584677
SW 306 254677.017534833 1 135 143 4 0
FT 307 254677.050871375 132 129 0 0.00469455036
FT 308 254677.084207916 129 129 0 0.00259434381
FT 309 254677.117544208 129 126 0 0.00229770666
SW 309 254677.117544208 1 144 153 3 0
FT 310 254677.150880708 134 132 0 0.00261241648
FT 311 254677.184217166 132 130 0 0.00725820049
FT 312 254677.217553666 130 127 0 0.00713913985
SW 312 254677.217553666 1 146 153 4 0
FT 313 254677.250890125 134 131 0 0.0103385452
FT 314 254677.284226583 131 123 0 0.0124576882
FT 315 254677.317563041 123 121 0 0.01320199
SW 315 254677.317563041 1 148 154 1 0
FT 316 254677.350899541 134 127 0 0.0140562328
FT 317 254677.384236000 127 125 0 0.00823007601
FT 318 254677.417572375 125 120 0 0.00913044203
SW 318 254677.417572375 1 149 158 1 0
FT 319 254677.450908875 130 125 0 0.0113945014
FT 320 254677.484245208 125 122 0 0.00945562904
FT 321 254677.517581750 122 119 0 0.00875733382
SW 321 254677.517581750 1 153 158 0 0
FT 322 254677.550918166 130 128 0 0.0165851662
FT 323 254677.584254625 128 123 0 0.00992264835
FT 324 254677.617591083 123 120 0 0.0114213541
SW 324 254677.617591083 1 158 163 0 0
FT 325 254677.650927666 132 131 0 0.017643551
FT 326 254677.684264166 131 129 0 0.0162387887
FT 327 254677.717600500 129 127 0 0.0156906048
SW 327 254677.717600500 1 157 168 1 0
FT 328 254677.750937000 142 142 0 0.0106065681
FT 329 254677.784273416 142 139 0 0.0131901738
FT 330 254677.817609958 139 135 0 0.0107476719
SW 330 254677.817609958 1 158 169 1 0
FT 331 254677.850946458 147 143 0 0.0159449726
FT 332 254677.884282791 143 138 0 0.0203641577
FT 333 254677.917619250 138 137 0 0.00808282333
SW 333 254677.917619250 1 159 169 1 0
FT 334 254677.950955833 144 144 0 0.00688933262
FT 335 254677.984292166 144 143 0 0.012972918
FT 336 254678.017628708 143 139 0 0.00677111512
SW 336 254678.017628708 1 156 166 1 0
FT 337 254678.050965208 154 152 0 0.00988885402
FT 338 254678.084301625 152 151 0 0.00386329453
FT 339 254678.117638041 151 144 0 0.00741006096
SW 339 254678.117638041 1 164 168 1 0
FT 340 254678.150974541 149 137 0 0.0163924025
FT 341 254678.184310958 137 136 0 0.00586180985
FT 342 254678.217647500 136 134 0 0.00690214885
SW 342 254678.217647500 1 165 169 1 0
FT 343 254678.250983875 139 135 0 0.0112327605
FT 344 254678.284320333 135 128 0 0.0143314246
FT 345 254678.317656833 128 127 0 0.0149458171
SW 345 254678.317656833 1 160 169 1 0
FT 346 254678.350993166 132 130 0 0.0108216527
FT 347 254678.384329583 130 124 0 0.0113379344
FT 348 254678.417666125 124 121 0 0.0141807995
SW 348 254678.417666125 1 158 163 1 0
FT 349 254678.451002666 130 128 0 0.0138645012
FT 350 254678.484338958 128 126 0 0.014172228
FT 351 254678.517675458 126 124 0 0.0128089497
SW 351 254678.517675458 1 159 166 1 0
FT 352 254678.551012000 131 128 0 0.0193505034
FT 353 254678.584348416 128 125 0 0.0235536854
FT 354 254678.617684833 125 122 0 0.0182703464
SW 354 254678.617684833 1 149 164 1 0
FT 355 254678.651021375 131 128 0 0.0117026007
FT 356 254678.684357708 128 127 0 0.0108420418
FT 357 254678.717694208 127 126 0 0.0185589193
SW 357 254678.717694208 1 146 157 1 0
FT 358 254678.751030666 134 128 0 0.020252484
FT 359 254678.784367083 128 124 0 0.0192371752
FT 360 254678.817703541 124 123 0 0.0108869831
SW 360 254678.817703541 1 144 154 2 0
FT 361 254678.851040083 130 129 0 0.0160357762
FT 362 254678.884376541 129 126 0 0.022260642
FT 363 254678.917712958 126 125 0 0.0117992014
SW 363 254678.917712958 1 146 152 2 0
FT 364 254678.951049375 133 126 0 0.0160288373
FT 365 254678.984385875 126 123 0 0.0135615192
FT 366 254679.017722291 123 116 0 0.0108028884
SW 366 254679.017722291 1 147 154 1 0
FT 367 254679.051058750 127 121 0 0.014012549
FT 368 254679.084395166 121 119 0 0.0115930822
FT 369 254679.117731583 119 115 0 0.0156793791
SW 369 254679.117731583 1 151 156 2 0
FT 370 254679.151068125 128 115 0 0.0201928783
FT 371 254679.184404625 115 104 0 0.0206394217
FT 372 254679.217740916 104 94 0 0.0224862453
SW 372 254679.217740916 1 145 162 7 0
FT 373 254679.251077375 101 79 0 0.0305939367
FT 374 254679.284413958 79 74 0 0.0238137651
FT 375 254679.317750375 74 71 0 0.01781854
SW 375 254679.317750375 1 145 156 7 0
FT 376 254679.351086791 93 89 0 0.013041849
FT 377 254679.384423291 89 84 0 0.0225226689
FT 378 254679.417759666 84 78 0 0.0353736123
SW 378 254679.417759666 1 145 167 7 0
FT 379 254679.451096083 99 93 0 0.0274982085
FT 380 254679.484432625 93 81 0 0.0154708048
FT 381 254679.517769041 81 51 0 0.0460497997
SW 381 254679.517769041 1 138 157 10 0
FT 382 254679.551105458 65 50 0 0.0478418053
FT 383 254679.584441958 50 46 0 0.0311998808
FT 384 254679.617778416 46 41 0 0.0339192028
SW 384 254679.617778416 1 118 154 6 0
FT 385 254679.651114875 61 58 0 0.0189234699
FT 386 254679.684451208 58 57 0 0.0293785453
FT 387 254679.717787708 57 54 0 0.0297585355
SW 387 254679.717787708 1 102 137 8 0
FT 388 254679.751124166 72 72 0 0.030745161
FT 389 254679.784460791 72 69 0 0.0242627717
FT 390 254679.817797166 69 66 0 0.0254818275
SW 390 254679.817797166 1 105 124 11 0
FT 391 254679.851133625 75 70 0 0.0310508216
FT 392 254679.884469916 70 57 0 0.0419437999
FT 393 254679.917806500 57 49 0 0.0492074175
SW 393 254679.917806500 1 67 119 20 0
FT 394 254679.951142916 83 71 0 0.0178529421
FT 395 254679.984479250 71 63 0 0.020229105
FT 396 254680.017815833 63 59 0 0.0161170261
SW 396 254680.017815833 1 71 103 16 0
FT 397 254680.051152291 75 65 0 0.0132974495
FT 398 254680.084488583 65 57 0 0.0121410766
FT 399 254680.117825125 57 54 0 0.00620047989
SW 399 254680.117825125 1 86 97 11 0
FT 400 254680.151161583 71 69 0 0.0155754503
FT 401 254680.184498000 69 62 0 0.00470460574
FT 402 254680.217834458 62 53 0 0.0106438738
SW 402 254680.217834458 1 92 106 12 0
FT 403 254680.251171000 72 63 0 0.00478295108
FT 404 254680.284507291 63 52 0 0.0153891833
FT 405 254680.317843791 52 44 0 0.0157682366
SW 405 254680.317843791 1 80 112 12 0
FT 406 254680.351180250 74 64 0 0.0125932609
FT 407 254680.384516708 64 63 0 0.00911716386
FT 408 254680.417853166 63 55 0 0.0131046625
SW 408 254680.417853166 1 95 109 8 0
FT 409 254680.451189625 78 66 0 0.0129006598
FT 410 254680.484526083 66 63 0 0.00591074931
FT 411 254680.517862416 63 62 0 0.0162130484
SW 411 254680.517862416 1 91 115 9 0
FT 412 254680.551198833 82 79 0 0.0148451043
FT 413 254680.584535291 79 65 0 0.0124152996
FT 414 254680.617871750 65 53 0 0.0230384669
SW 414 254680.617871750 1 85 106 11 0
FT 415 254680.651208250 82 67 0 0.0114733813
FT 416 254680.684544666 67 65 0 0.0100099543
FT 417 254680.717881125 65 59 0 0.0113565156
SW 417 254680.717881125 1 79 109 13 0
FT 418 254680.751217583 83 79 0 0.0149307184
FT 419 254680.784553958 79 76 0 0.0135948118
FT 420 254680.817890416 76 75 0 0.0116315907
SW 420 254680.817890416 1 94 113 13 0
FT 421 254680.851226958 90 90 0 0.0186092775
FT 422 254680.884563375 90 86 0 0.0181604449
FT 423 254680.917899875 86 81 0 0.0143446422
SW 423 254680.917899875 1 98 117 14 0
FT 424 254680.951236208 101 99 0 0.0126931393
FT 425 254680.984572625 99 94 0 0.0255570507
FT 426 254681.017909083 94 89 0 0.0233652863
SW 426 254681.017909083 1 92 125 18 0
FT 427 254681.051245583 101 93 0 0.00885136119
FT 428 254681.084582125 93 89 0 0.0181864388
FT 429 254681.117918458 89 78 0 0.0450185073
SW 429 254681.117918458 1 92 116 17 0
FT 430 254681.151254916 93 82 0 0.0475270673
FT 431 254681.184591375 82 79 0 0.02998716
FT 432 254681.217927875 79 76 0 0.0185992349
SW 432 254681.217927875 1 93 117 19 0
FT 433 254681.251264125 89 87 0 0.0172465848
FT 434 254681.284600708 87 83 0 0.0182522687
FT 435 254681.317937041 83 78 0 0.018457521
SW 435 254681.317937041 1 96 120 20 0
FT 436 254681.351273625 91 86 0 0.0127953101
FT 437 254681.384609875 86 82 0 0.0120305595
FT 438 254681.417946375 82 82 0 0.0106286495
SW 438 254681.417946375 1 106 126 15 0
FT 439 254681.451282875 95 95 0 0.00826597333
FT 440 254681.484619375 95 94 0 0.0120259653
FT 441 254681.517955708 94 90 0 0.0134254303
SW 441 254681.517955708 1 101 133 15 0
FT 442 254681.551292250 96 86 0 0.0219401404
FT 443 254681.584628666 86 83 0 0.0198076799
FT 444 254681.617965125 83 82 0 0.0141881961
SW 444 254681.617965125 1 95 120 15 0
FT 445 254681.651301541 98 95 0 0.014995886
FT 446 254681.684638000 95 89 0 0.015698533
FT 447 254681.717974458 89 75 0 0.0216149178
SW 447 254681.717974458 1 99 118 13 0
FT 448 254681.751310833 97 83 0 0.0233285888
FT 449 254681.784647208 83 60 0 0.0422020914
FT 450 254681.817983750 60 50 0 0.0642433399
SW 450 254681.817983750 1 95 118 17 0
FT 451 254681.851320208 80 54 0 0.0486853837
FT 452 254681.884656583 54 37 0 0.0355762889
FT 453 254681.917993000 37 24 0 0.0393319762
SW 453 254681.917993000 1 97 118 17 0
FT 454 254681.951329500 88 50 0 0.0309036771
FT 455 254681.984665833 50 43 0 0.0227770297
FT 456 254682.018002291 43 42 0 0.0285978254
SW 456 254682.018002291 1 110 139 17 0
FT 457 254682.051338791 112 71 0 0.031276828
FT 458 254682.084675250 71 53 0 0.0399133999
FT 459 254682.118011708 53 44 0 0.0435044166
SW 459 254682.118011708 1 107 146 24 0
FT 460 254682.151348125 123 112 0 0.0229547044
FT 461 254682.184684583 112 106 0 0.0185969363
FT 462 254682.218021000 106 92 0 0.0307959956
SW 462 254682.218021000 1 131 188 26 0
FT 463 254682.251357375 146 115 0 0.0384847751
FT 464 254682.284693750 115 94 0 0.0437955807
FT 465 254682.318030250 94 83 0 0.034957002
SW 465 254682.318030250 1 130 182 20 0
FT 466 254682.351366750 136 117 0 0.0284294131
FT 467 254682.384703250 117 105 0 0.0343598439
FT 468 254682.418039583 105 94 0 0.0387217025
SW 468 254682.418039583 1 157 184 20 0
FT 469 254682.451375958 158 113 0 0.042665995
FT 470 254682.484712416 113 89 0 0.0595993317
FT 471 254682.518048875 89 85 0 0.0360023708
SW 471 254682.518048875 1 162 198 19 0
FT 472 254682.551385333 136 128 0 0.022094719
FT 473 254682.584721791 128 126 0 0.00377202532
FT 474 254682.618058250 126 120 0 0.0215281218
SW 474 254682.618058250 1 190 215 16 0
FT 475 254682.651394666 153 135 0 0.0289360439
FT 476 254682.684731083 135 118 0 0.0385110136
FT 477 254682.718067541 118 99 0 0.0519059555
SW 477 254682.718067541 1 170 216 11 0
FT 478 254682.751404041 127 102 0 0.0540141912
FT 479 254682.784740541 102 98 0 0.0248799305
FT 480 254682.818076833 98 97 0 0.0133040186
SW 480 254682.818076833 1 150 199 21 5
FT 481 254682.851413333 144 131 0 0.0291405571
FT 482 254682.884749625 131 116 0 0.0301595778
FT 483 254682.918086250 116 112 0 0.0186798152
SW 483 254682.918086250 1 149 205 22 5
FT 484 254682.951422583 146 137 0 0.017301306
FT 485 254682.984759000 137 125 0 0.0187547943
FT 486 254683.018095458 125 116 0 0.02051648
SW 486 254683.018095458 1 159 195 24 5
FT 487 254683.051431958 155 133 0 0.030062456
FT 488 254683.084768291 133 114 0 0.0278302773
FT 489 254683.118104750 114 110 0 0.0222375077
SW 489 254683.118104750 1 137 208 36 2
FT 490 254683.151441125 156 140 0 0.0215693996
FT 491 254683.184777666 140 132 0 0.0158916085
FT 492 254683.218114125 132 121 0 0.0106181906
SW 492 254683.218114125 1 142 202 49 0
FT 493 254683.251450541 154 142 0 0.00575210017
FT 494 254683.284786791 142 138 0 0.00593864565
FT 495 254683.318123458 138 130 0 0.00112273798
SW 495 254683.318123458 1 149 211 49 0
FT 496 254683.351459750 163 152 0 0.000846197733
FT 497 254683.384796208 152 144 0 0.0161852195
FT 498 254683.418132541 144 134 0 0.0232535333
SW 498 254683.418132541 1 154 217 48 0
FT 499 254683.451469000 162 141 0 0.0203921588
FT 500 254683.484805458 141 131 0 0.0145797183
FT 501 254683.518142000 131 120 0 0.00831432859
SW 501 254683.518142000 1 148 217 43 0
FT 502 254683.551478291 160 148 0 0.0141655646
FT 503 254683.584814791 148 130 0 0.0238561518
FT 504 254683.618151208 130 115 0 0.0203496911
SW 504 254683.618151208 1 152 208 40 0
FT 505 254683.651487666 154 119 0 0.0114041119
FT 506 254683.684824000 119 105 0 0.0130133566
FT 507 254683.718160458 105 94 0 0.00480789389
SW 507 254683.718160458 1 166 203 26 0
FT 508 254683.751496916 156 121 0 0.0119241248
FT 509 254683.784833375 121 108 0 0.0157586548
FT 510 254683.818169833 108 104 0 0.0190161322
SW 510 254683.818169833 1 182 219 22 0
FT 511 254683.851506333 152 130 0 0.0146176041
FT 512 254683.884842625 130 114 0 0.0210515503
FT 513 254683.918179166 114 100 0 0.0194110844
SW 513 254683.918179166 1 177 226 20 0
FT 514 254683.951515500 150 136 0 0.0175220305
FT 515 254683.984851916 136 110 0 0.0127946646
FT 516 254684.018188375 110 96 0 0.0148460524
SW 516 254684.018188375 1 178 219 19 0
FT 517 254684.051524833 156 127 0 0.0233328788
FT 518 254684.084861166 127 102 0 0.0126664595
FT 519 254684.118197666 102 83 0 0.0111449185
SW 519 254684.118197666 1 167 217 18 0
FT 520 254684.151534125 156 118 0 0.0166537271
FT 521 254684.184870500 118 95 0 0.0151165057
FT 522 254684.218206916 95 78 0 0.0119230607
SW 522 254684.218206916 1 179 213 17 0
FT 523 254684.251543458 148 93 0 0.00466204484
FT 524 254684.284879708 93 82 0 0.0118393858
FT 525 254684.318216208 82 73 0 0.019841971
SW 525 254684.318216208 1 182 222 14 0
FT 526 254684.351552666 151 104 0 0.0135311274
FT 527 254684.384889125 104 87 0 0.0133740589
FT 528 254684.418225458 87 79 0 0.0169162073
SW 528 254684.418225458 1 187 225 12 0
FT 529 254684.451561916 143 122 0 0.0170335694
FT 530 254684.484898416 122 108 0 0.0208203599
FT 531 254684.518234791 108 103 0 0.0219211477
SW 531 254684.518234791 1 187 235 15 0
FT 532 254684.551571208 143 132 0 0.0241105388
FT 533 254684.584907666 132 119 0 0.0218041539
FT 534 254684.618244166 119 115 0 0.0187288255
SW 534 254684.618244166 1 183 230 14 0
FT 535 254684.651580500 141 131 0 0.0250684634
FT 536 254684.684916916 131 125 0 0.0247843004
FT 537 254684.718253375 125 120 0 0.0154639546
SW 537 254684.718253375 1 171 216 14 0
FT 538 254684.751589750 149 139 0 0.0134094559
FT 539 254684.784926166 139 127 0 0.0271748926
FT 540 254684.818262541 127 119 0 0.0259198374
SW 540 254684.818262541 1 165 202 14 0
FT 541 254684.851599041 146 133 0 0.00772676056
FT 542 254684.884935583 133 129 0 0.00705065133
FT 543 254684.918271791 129 125 0 0.0158038793
SW 543 254684.918271791 1 173 197 12 0
FT 544 254684.951608333 143 137 0 0.0201074426
FT 545 254684.984944833 137 131 0 0.0123361088
FT 546 254685.018281291 131 127 0 0.0100543682
SW 546 254685.018281291 1 177 201 8 0
FT 547 254685.051617666 153 146 0 0.0193070573
FT 548 254685.084954041 146 130 0 0.0327006612
FT 549 254685.118290416 130 119 0 0.0303850593
SW 549 254685.118290416 1 179 201 8 0
FT 550 254685.151626791 150 143 0 0.0177994158
FT 551 254685.184963333 143 133 0 0.00765668298
FT 552 254685.218299750 133 122 0 0.0150478514
SW 552 254685.218299750 1 184 209 7 0
FT 553 254685.251636125 154 149 0 0.0209114534
FT 554 254685.284972625 149 129 0 0.0136473259
FT 555 254685.318309000 129 120 0 0.00625799719
SW 555 254685.318309000 1 186 206 8 0
FT 556 254685.351645458 159 146 0 0.00905295425
FT 557 254685.384981958 146 142 0 0.0180481422
FT 558 254685.418318208 142 136 0 0.0112926903
SW 558 254685.418318208 1 201 223 8 0
FT 559 254685.451654625 158 144 0 0.0049782829
FT 560 254685.484991083 144 121 0 0.0155654346
FT 561 254685.518327583 121 99 0 0.0110007322
SW 561 254685.518327583 1 187 220 9 0
FT 562 254685.551663916 145 138 0 0.00391284939
FT 563 254685.585000416 138 114 0 0.00924642284
FT 564 254685.618336750 114 109 0 0.00616122491
SW 564 254685.618336750 1 197 226 10 0
FT 565 254685.651673250 148 145 0 0.00693550572
FT 566 254685.685009625 145 138 0 0.00375749853
FT 567 254685.718346083 138 126 0 0.0105812585
SW 567 254685.718346083 1 205 235 13 0
FT 568 254685.751682541 154 148 0 0.00835632086
FT 569 254685.785018875 148 137 0 0.00786964797
FT 570 254685.818355458 137 131 0 0.00716839096
SW 570 254685.818355458 1 216 242 13 0
FT 571 254685.851691666 156 152 0 0.00444327801
FT 572 254685.885028208 152 148 0 0.0101488993
FT 573 254685.918364625 148 148 0 0.00980255465
SW 573 254685.918364625 1 189 251 14 0
FT 574 254685.951701041 154 152 0 0.00566246711
FT 575 254685.985037500 152 149 0 0.00661675691
FT 576 254686.018373875 149 145 0 0.00381358162
SW 576 254686.018373875 1 176 208 12 0
FT 577 254686.051710250 156 153 0 0.00491203376
FT 578 254686.085046666 153 150 0 0.0128051679
FT 579 254686.118383125 150 149 0 0.0119211245
SW 579 254686.118383125 1 176 196 9 0
FT 580 254686.151719541 159 157 0 0.0065965126
FT 581 254686.185056125 157 153 0 0.0039061237
FT 582 254686.218392375 153 149 0 0.00577962921
SW 582 254686.218392375 1 167 194 8 0
FT 583 254686.251728833 162 158 0 0.00462203007
FT 584 254686.285065333 158 152 0 0.00626000385
FT 585 254686.318401708 152 145 0 0.00928231967
SW 585 254686.318401708 1 171 183 7 0
FT 586 254686.351738083 163 145 0 0.00195583469
FT 587 254686.385074541 145 130 0 0.0114541519
FT 588 254686.418410958 130 120 0 0.00900250508
SW 588 254686.418410958 1 175 188 5 0
FT 589 254686.451747458 153 133 0 0.00898781076
FT 590 254686.485083666 133 118 0 0.0108413974
FT 591 254686.518420166 118 107 0 0.011084374
SW 591 254686.518420166 1 185 194 5 0
FT 592 254686.551756625 153 130 0 0.0145111445
FT 593 254686.585093208 130 108 0 0.0171754611
FT 594 254686.618429458 108 97 0 0.00956147707
SW 594 254686.618429458 1 192 204 3 0
FT 595 254686.651765916 153 137 0 0.00727549242
FT 596 254686.685102250 137 127 0 0.0118837151
FT 597 254686.718438833 127 120 0 0.0114210763
SW 597 254686.718438833 1 212 228 4 0
FT 598 254686.751775166 159 144 0 0.0088308227
FT 599 254686.785111583 144 135 0 0.00808488196
FT 600 254686.818448000 135 131 0 0.00747611767
SW 600 254686.818448000 1 202 243 6 0
FT 601 254686.851784500 164 154 0 0.00870989214
FT 602 254686.885120833 154 144 0 0.00817731574
FT 603 254686.918457250 144 136 0 0.00749945824
SW 603 254686.918457250 1 199 231 5 0
FT 604 254686.951793625 162 152 0 0.00709052312
FT 605 254686.985130125 152 141 0 0.0077076318
FT 606 254687.018466500 141 133 0 0.00938054445
SW 606 254687.018466500 1 190 218 4 0
FT 607 254687.051802916 165 152 0 0.010396005
FT 608 254687.085139375 152 136 0 0.0109038459
FT 609 254687.118475708 136 131 0 0.00659695458
SW 609 254687.118475708 1 201 215 4 0
FT 610 254687.151812166 160 148 0 0.00507385038
FT 611 254687.185148541 148 140 0 0.00454825512
FT 612 254687.218484958 140 134 0 0.00732272182
SW 612 254687.218484958 1 202 224 6 0
FT 613 254687.251821416 162 139 0 0.014114359
FT 614 254687.285157875 139 132 0 0.014223552
FT 615 254687.318494208 132 132 0 0.0134120417
SW 615 254687.318494208 1 206 230 6 0
FT 616 254687.351830541 155 153 0 0.0111402175
FT 617 254687.385167000 153 146 0 0.00840638394
FT 618 254687.418503416 146 145 0 0.00620583751
SW 618 254687.418503416 1 207 230 6 0
FT 619 254687.451839958 158 153 0 0.0074960442
FT 620 254687.485176291 153 152 0 0.0108507438
FT 621 254687.518512708 152 146 0 0.0148167045
SW 621 254687.518512708 1 196 224 5 0
FT 622 254687.551849166 166 163 0 0.0144106933
FT 623 254687.585185541 163 162 0 0.0110297632
FT 624 254687.618522000 162 154 0 0.0101952614
SW 624 254687.618522000 1 198 216 2 0
FT 625 254687.651858416 179 167 0 0.00626587326
FT 626 254687.685194791 167 162 0 0.00551892036
FT 627 254687.718531250 162 155 0 0.0125331657
SW 627 254687.718531250 1 192 218 2 0
FT 628 254687.751867666 174 167 0 0.00769344465
FT 629 254687.785204125 167 161 0 0.00862047059
FT 630 254687.818540416 161 153 0 0.0172588692
SW 630 254687.818540416 1 202 209 2 0
FT 631 254687.851876833 169 165 0 0.0101631423
FT 632 254687.885213333 165 154 0 0.0135092655
FT 633 254687.918549791 154 147 0 0.0225059243
SW 633 254687.918549791 1 200 212 2 0
FT 634 254687.951886083 167 162 0 0.0184927376
FT 635 254687.985222541 162 146 0 0.0117219195
FT 636 254688.018558916 146 136 0 0.00703633357
SW 636 254688.018558916 1 202 214 5 0
FT 637 254688.051895416 155 142 0 0.00514909261
FT 638 254688.085231791 142 132 0 0.00620302124
FT 639 254688.118568250 132 126 0 0.02167124
SW 639 254688.118568250 1 194 216 5 0
FT 640 254688.151904666 148 144 0 0.0212870329
FT 641 254688.185241041 144 142 0 0.0159910266
FT 642 254688.218577458 142 137 0 0.016849938
SW 642 254688.218577458 1 195 218 6 0
FT 643 254688.251913958 155 146 0 0.0180182829
FT 644 254688.285250416 146 138 0 0.0277530267
FT 645 254688.318586666 138 126 0 0.0235008032
SW 645 254688.318586666 1 189 213 10 0
FT 646 254688.351923166 147 138 0 0.0133575981
FT 647 254688.385259541 138 128 0 0.0221920007
FT 648 254688.418595916 128 113 0 0.0112120793
SW 648 254688.418595916 1 172 206 11 0
FT 649 254688.451932333 138 116 0 0.00902596639
FT 650 254688.485268750 116 102 0 0.0043520715
FT 651 254688.518605125 102 95 0 0.0156459496
SW 651 254688.518605125 1 163 193 11 0
FT 652 254688.551941625 154 136 0 0.00835808644
FT 653 254688.585277958 136 122 0 0.00609735466
FT 654 254688.618614375 122 108 0 0.00293609332
SW 654 254688.618614375 1 187 204 9 0
FT 655 254688.651950875 136 121 0 0.012016224
FT 656 254688.685287250 121 112 0 0.0187325574
FT 657 254688.718623666 112 106 0 0.0126031158
SW 657 254688.718623666 1 180 210 7 0
FT 658 254688.751960041 147 138 0 0.0116785779
FT 659 254688.785296416 138 127 0 0.0143921999
FT 660 254688.818632791 127 114 0 0.0228788029
SW 660 254688.818632791 1 175 200 5 0
FT 661 254688.851969291 151 135 0 0.0289553861
FT 662 254688.885305625 135 127 0 0.0198759863
FT 663 254688.918642083 127 122 0 0.00176595359
SW 663 254688.918642083 1 162 199 9 0
FT 664 254688.951978541 140 131 0 0.00564798684
FT 665 254688.985314916 131 127 0 0.0199891982
FT 666 254689.018651333 127 121 0 0.0189089574
SW 666 254689.018651333 1 156 183 10 0
FT 667 254689.051987791 150 125 0 0.0105026385
FT 668 254689.085324125 125 102 0 0.0174442219
FT 669 254689.118660541 102 89 0 0.0206548216
SW 669 254689.118660541 1 146 172 10 0
FT 670 254689.151996833 125 110 0 0.00662685887
FT 671 254689.185333416 110 99 0 0.0134659062
FT 672 254689.218669708 99 83 0 0.0282981858
SW 672 254689.218669708 1 157 172 10 0
FT 673 254689.252006125 107 88 0 0.0248402056
FT 674 254689.285342583 88 79 0 0.0156509867
FT 675 254689.318679000 79 71 0 0.0213350791
SW 675 254689.318679000 1 154 179 14 0
FT 676 254689.352015458 112 93 0 0.0188860304
FT 677 254689.385351833 93 77 0 0.0185772686
FT 678 254689.418688166 77 64 0 0.0216466552
SW 678 254689.418688166 1 151 180 16 0
FT 679 254689.452024625 141 103 0 0.0159730748
FT 680 254689.485361083 103 83 0 0.0188549477
FT 681 254689.518697500 83 76 0 0.0147460951
SW 681 254689.518697500 1 137 192 17 0
FT 682 254689.552033791 109 86 0 0.0178166457
FT 683 254689.585370291 86 56 0 0.0256619696
FT 684 254689.618706583 56 44 0 0.0300942837
SW 684 254689.618706583 1 112 157 22 0
FT 685 254689.652043041 117 47 0 0.0364008656
FT 686 254689.685379416 47 33 0 0.0339299134
FT 687 254689.718715958 33 29 0 0.0222776775
SW 687 254689.718715958 1 98 139 18 0
FT 688 254689.752052291 76 48 0 0.0268739435
FT 689 254689.785388666 48 35 0 0.0224165153
FT 690 254689.818725083 35 32 0 0.00868288939
SW 690 254689.818725083 1 80 127 28 0
FT 691 254689.852061625 86 53 0 0.0196298518
FT 692 254689.885397916 53 47 0 0.00558378569
FT 693 254689.918734333 47 39 0 0.0189487567
SW 693 254689.918734333 1 80 121 28 0
FT 694 254689.952070708 89 46 0 0.0153684526
FT 695 254689.985407208 46 35 0 0.0282640725
FT 696 254690.018743500 35 32 0 0.0345757377
SW 696 254690.018743500 1 57 114 22 0
FT 697 254690.052079916 48 40 0 0.023264314
FT 698 254690.085416333 40 30 0 0.0199543189
FT 699 254690.118752875 30 28 0 0.0207217801
SW 699 254690.118752875 1 43 85 22 0
FT 700 254690.152089250 63 52 0 0.00536393612
FT 701 254690.185425666 52 43 0 0.0054061313
FT 702 254690.218761916 43 39 0 0.00531580934
SW 702 254690.218761916 1 53 81 20 0
FT 703 254690.252098375 63 54 0 0.0120889905
FT 704 254690.285434791 54 42 0 0.0120589994
FT 705 254690.318771208 42 36 0 0.0160650807
SW 705 254690.318771208 1 59 81 16 0
FT 706 254690.352107666 77 58 0 0.020405238
FT 707 254690.385444000 58 45 0 0.0221404104
FT 708 254690.418780416 45 45 0 0.00998588533
SW 708 254690.418780416 1 64 95 18 0
FT 709 254690.452116875 97 79 0 0.0223172075
FT 710 254690.485453208 79 63 0 0.0242776944
FT 711 254690.518789625 63 60 0 0.00527002819
SW 711 254690.518789625 1 43 107 54 0
FT 712 254690.552126125 91 71 0 0.00822581977
FT 713 254690.585462458 71 64 0 0.0245591484
FT 714 254690.618798916 64 58 0 0.0281242282
SW 714 254690.618798916 1 53 109 51 0
FT 715 254690.652135333 103 70 0 0.0241736192
FT 716 254690.685471625 70 63 0 0.0237919485
FT 717 254690.718808083 63 58 0 0.0257508029
SW 717 254690.718808083 1 63 120 46 0
FT 718 254690.752144541 109 73 0 0.0311442375
FT 719 254690.785481000 73 58 0 0.0280807508
FT 720 254690.818817291 58 39 0 0.0247288459
SW 720 254690.818817291 1 69 121 41 0
FT 721 254690.852153833 134 63 0 0.0209750034
FT 722 254690.885490125 63 48 0 0.0183303829
FT 723 254690.918826500 48 40 0 0.0210624532
SW 723 254690.918826500 1 73 127 44 0
FT 724 254690.952163041 116 56 0 0.0214803659
FT 725 254690.985499416 56 43 0 0.0199095591
FT 726 254691.018835791 43 38 0 0.0220404562
SW 726 254691.018835791 1 60 127 53 0
FT 727 254691.052172291 63 42 0 0.0119088228
FT 728 254691.085508666 42 28 0 0.00899793893
FT 729 254691.118845083 28 25 0 0.0127921056
SW 729 254691.118845083 1 53 119 50 0
FT 730 254691.152181458 85 39 0 0.00952463014
FT 731 254691.185517833 39 27 0 0.0199889508
FT 732 254691.218854291 27 18 0 0.0233096324
SW 732 254691.218854291 1 40 107 36 0
FT 733 254691.252190708 48 15 0 0.011869053
FT 734 254691.285527125 15 5 0 0.0198025053
FT 735 254691.318863500 5 3 0 0.0249027955
SW 735 254691.318863500 1 26 76 34 0
FT 736 254691.352199750 43 23 0 0.00760558416
FT 737 254691.385536291 23 20 0 0.00806976589
FT 738 254691.418872791 20 18 0 0.00751598533
SW 738 254691.418872791 1 27 75 36 0
FT 739 254691.452209125 39 32 0 0.0124758765
FT 740 254691.485545500 32 30 0 0.00403484483
FT 741 254691.518881791 30 28 0 0.0153142234
SW 741 254691.518881791 1 22 75 33 1
FT 742 254691.552218375 51 46 0 0.0198227884
FT 743 254691.585554708 46 40 0 0.0121907923
FT 744 254691.618891083 40 39 0 0.00799901777
SW 744 254691.618891083 1 29 72 31 1
FT 745 254691.652227458 45 43 0 0.00480360655
FT 746 254691.685564000 43 40 0 0.0148791064
FT 747 254691.718900291 40 38 0 0.0147702171
SW 747 254691.718900291 1 19 66 31 1
FT 748 254691.752236666 50 48 0 0.0134895841
FT 749 254691.785573166 48 46 0 0.0115091292
FT 750 254691.818909625 46 46 0 0.0166910045
SW 750 254691.818909625 1 22 61 38 1
FT 751 254691.852245833 57 52 0 0.0265578954
FT 752 254691.885582333 52 46 0 0.0305493586
FT 753 254691.918918708 46 45 0 0.0236273898
SW 753 254691.918918708 1 20 67 44 1
FT 754 254691.952255000 63 61 0 0.01295798
FT 755 254691.985591375 61 58 0 0.0108031357
FT 756 254692.018927875 58 56 0 0.011701215
SW 756 254692.018927875 1 30 80 45 0
FT 757 254692.052264333 68 66 0 0.0100483766
FT 758 254692.085600666 66 62 0 0.0100078015
FT 759 254692.118937166 62 58 0 0.00533167381
SW 759 254692.118937166 1 46 83 31 0
FT 760 254692.152273458 71 67 0 0.0025639551
FT 761 254692.185609958 67 62 0 0.00742803463
FT 762 254692.218946291 62 59 0 0.0119409896
SW 762 254692.218946291 1 59 86 25 0
FT 763 254692.252282625 77 69 0 0.0127980886
FT 764 254692.285619083 69 67 0 0.0175304971
FT 765 254692.318955458 67 64 0 0.0149873296
SW 765 254692.318955458 1 70 96 19 0
FT 766 254692.352291875 93 80 0 0.00560558728
FT 767 254692.385628291 80 70 0 0.00578203695
FT 768 254692.418964583 70 64 0 0.00676796176
SW 768 254692.418964583 1 83 103 16 0
FT 769 254692.452301083 89 84 0 0.0072101824
FT 770 254692.485637416 84 76 0 0.00835833782
FT 771 254692.518973916 76 74 0 0.0117362414
SW 771 254692.518973916 1 90 113 17 0
FT 772 254692.552310291 86 83 0 0.012139379
FT 773 254692.585646708 83 81 0 0.0108228487
FT 774 254692.618983083 81 79 0 0.0145788628
SW 774 254692.618983083 1 95 115 12 0
FT 775 254692.652319500 91 82 0 0.0176657218
FT 776 254692.685655875 82 78 0 0.0129609086
FT 777 254692.718992291 78 75 0 0.011655147
SW 777 254692.718992291 1 93 110 10 0
FT 778 254692.752328708 95 93 0 0.0160446385
FT 779 254692.785665083 93 89 1 0.0137156463
FT 780 254692.819001333 89 88 1 0.00855022811
SW 780 254692.819001333 0 93 0 0 0
FT 781 254692.852337833 100 96 0 0.00958625726
FT 782 254692.885674208 96 93 0 0.0118243607
FT 783 254692.919010708 93 86 0 0.013596497
SW 783 254692.919010708 1 93 120 9 0
FT 784 254692.952347166 96 88 1 0.0243526252
FT 785 254692.985683541 88 86 1 0.0254757097
FT 786 254693.019019750 86 85 0 0.0225504256
SW 786 254693.019019750 1 100 108 5 0
FT 787 254693.052356291 107 104 0 0.01035396
FT 788 254693.085692625 104 103 0 0.00876827413
FT 789 254693.119029125 103 96 0 0.0173275217
SW 789 254693.119029125 1 109 121 5 0
FT 790 254693.152365416 113 110 0 0.019215894
FT 791 254693.185701875 110 107 0 0.0137165526
FT 792 254693.219038125 107 101 0 0.0174792322
SW 792 254693.219038125 1 120 127 5 0
FT 793 254693.252374708 123 117 0 0.0163862909
FT 794 254693.285711000 117 110 0 0.0106471764
FT 795 254693.319047458 110 99 0 0.0270518722
SW 795 254693.319047458 1 126 136 6 0
FT 796 254693.352383708 114 107 0 0.0271292223
FT 797 254693.385720166 107 106 0 0.0106415464
FT 798 254693.419056500 106 94 0 0.0262258253
SW 798 254693.419056500 1 125 142 10 0
FT 799 254693.452392916 112 96 0 0.0255585786
FT 800 254693.485729166 96 90 0 0.0163733466
FT 801 254693.519065833 90 89 0 0.0155004294
SW 801 254693.519065833 1 126 142 11 0
FT 802 254693.552402125 111 106 0 0.0186088973
FT 803 254693.585738500 106 99 0 0.0210269135
FT 804 254693.619074833 99 88 0 0.0324715194
SW 804 254693.619074833 1 130 150 12 0
FT 805 254693.652411208 105 84 0 0.0360015506
FT 806 254693.685747666 84 78 0 0.0272084777
FT 807 254693.719084041 78 58 0 0.02679788
SW 807 254693.719084041 1 122 150 14 1
FT 808 254693.752420333 75 65 0 0.0228804404
FT 809 254693.785756833 65 61 0 0.0171458536
FT 810 254693.819093125 61 54 0 0.0425888816
SW 810 254693.819093125 1 103 145 26 1
FT 811 254693.852429500 110 93 0 0.0334552944
FT 812 254693.885765875 93 87 0 0.0127611429
FT 813 254693.919102375 87 67 0 0.0210085684
SW 813 254693.919102375 1 113 155 29 1
FT 814 254693.952438625 100 94 0 0.0162422059
FT 815 254693.985775083 94 86 0 0.0183803009
FT 816 254694.019111375 86 74 0 0.0160353871
SW 816 254694.019111375 1 109 161 32 2
FT 817 254694.052447833 100 86 0 0.018457644
FT 818 254694.085784208 86 81 0 0.0273068083
FT 819 254694.119120625 81 64 0 0.043862704
SW 819 254694.119120625 1 62 154 58 1
FT 820 254694.152457041 87 62 0 0.0491375482
FT 821 254694.185793333 62 56 0 0.0316081176
FT 822 254694.219129791 56 54 0 0.0327397281
SW 822 254694.219129791 1 58 126 56 0
FT 823 254694.252466250 92 85 0 0.024399535
FT 824 254694.285802500 85 78 0 0.0217124304
FT 825 254694.319138916 78 76 0 0.0286292379
SW 825 254694.319138916 1 89 141 40 0
FT 826 254694.352475333 101 95 0 0.0239296603
FT 827 254694.385811833 95 94 0 0.013806388
FT 828 254694.419148083 94 91 0 0.0100844439
SW 828 254694.419148083 1 90 146 45 0
FT 829 254694.452484541 113 107 0 0.00703862754
FT 830 254694.485820791 107 104 0 0.0071524608
FT 831 254694.519157250 104 100 0 0.0115444243
SW 831 254694.519157250 1 102 149 26 0
FT 832 254694.552493625 121 117 0 0.0109564372
FT 833 254694.585829958 117 114 0 0.0121570181
FT 834 254694.619166416 114 111 0 0.00955910887
SW 834 254694.619166416 1 102 144 26 0
FT 835 254694.652502833 126 119 0 0.0112628007
FT 836 254694.685839208 119 114 0 0.0120699763
FT 837 254694.719175583 114 112 0 0.0106513682
SW 837 254694.719175583 1 116 136 15 0
FT 838 254694.752511875 124 113 0 0.0150322036
FT 839 254694.785848333 113 112 0 0.0162624105
FT 840 254694.819184708 112 104 0 0.0113075054
SW 840 254694.819184708 1 125 138 11 0
FT 841 254694.852521166 127 119 0 0.0111550798
FT 842 254694.885857583 119 115 0 0.00834893682
FT 843 254694.919193916 115 108 0 0.0113590166
SW 843 254694.919193916 1 134 152 13 0
FT 844 254694.952530375 137 121 0 0.0109136639
FT 845 254694.985866708 121 117 0 0.0120360146
FT 846 254695.019203166 117 103 0 0.0123427185
SW 846 254695.019203166 1 141 159 13 0
FT 847 254695.052539500 127 122 0 0.00895260313
FT 848 254695.085875958 122 117 0 0.00747779354
FT 849 254695.119212250 117 113 0 0.00906132325
SW 849 254695.119212250 1 148 167 12 0
FT 850 254695.152548625 140 137 0 0.00627197338
FT 851 254695.185885125 137 129 0 0.00745925708
FT 852 254695.219221541 129 125 0 0.00636784003
SW 852 254695.219221541 1 154 178 9 0
FT 853 254695.252557916 141 133 0 0.0033805917
FT 854 254695.285894166 133 125 0 0.00662475944
FT 855 254695.319230666 125 123 0 0.0037963422
SW 855 254695.319230666 1 155 173 6 0
FT 856 254695.352567000 139 135 0 0.0048990764
FT 857 254695.385903416 135 129 0 0.00727820461
FT 858 254695.419239708 129 124 0 0.0110750324
SW 858 254695.419239708 1 151 170 2 0
FT 859 254695.452576250 148 135 0 0.0135240883
FT 860 254695.485912541 135 127 0 0.00813115349
FT 861 254695.519249041 127 120 0 0.0101268812
SW 861 254695.519249041 1 155 162 4 0
FT 862 254695.552585291 137 131 0 0.0146043573
FT 863 254695.585921708 131 121 0 0.0147477844
FT 864 254695.619258041 121 115 0 0.0173491616
SW 864 254695.619258041 1 154 166 5 1
FT 865 254695.652594625 133 121 0 0.0149313386
FT 866 254695.685930958 121 114 0 0.0150391229
FT 867 254695.719267333 114 112 0 0.0116920491
SW 867 254695.719267333 1 151 168 5 0
FT 868 254695.752603666 127 114 0 0.0138799921
FT 869 254695.785940041 114 101 0 0.0187805523
FT 870 254695.819276416 101 84 0 0.015725599
SW 870 254695.819276416 1 150 162 4 0
FT 871 254695.852612833 105 82 0 0.0148765328
FT 872 254695.885949166 82 79 0 0.0104604395
FT 873 254695.919285583 79 75 0 0.0119832375
SW 873 254695.919285583 1 139 161 9 0
FT 874 254695.952621958 98 82 0 0.0188724034
FT 875 254695.985958333 82 74 0 0.0201248395
FT 876 254696.019294750 74 70 0 0.0172113527
SW 876 254696.019294750 1 134 160 14 0
FT 877 254696.052631166 93 76 0 0.0145780693
FT 878 254696.085967416 76 69 0 0.0123802794
FT 879 254696.119303791 69 61 0 0.0133590236
SW 879 254696.119303791 1 131 155 13 0
FT 880 254696.152640250 83 76 0 0.0175720863
FT 881 254696.185976625 76 75 0 0.0206327938
FT 882 254696.219312958 75 70 0 0.0144585066
SW 882 254696.219312958 1 106 157 17 0
FT 883 254696.252649291 86 82 0 0.0119961082
FT 884 254696.285985666 82 78 0 0.0109483188
FT 885 254696.319322166 78 74 0 0.00682137518
SW 885 254696.319322166 1 102 133 15 0
FT 886 254696.352658500 101 94 0 0.00770494244
FT 887 254696.385994833 94 88 0 0.00428150812
FT 888 254696.419331166 88 86 0 0.00179775315
SW 888 254696.419331166 1 106 135 12 0
FT 889 254696.452667625 101 91 0 0.00500497736
FT 890 254696.486004000 91 85 0 0.00488872996
FT 891 254696.519340416 85 81 0 0.00281611318
SW 891 254696.519340416 1 104 128 8 0
FT 892 254696.552676750 90 76 0 0.00625969213
FT 893 254696.586013000 76 71 0 0.00697883401
FT 894 254696.619349375 71 68 0 0.00744951514
SW 894 254696.619349375 1 104 117 9 0
FT 895 254696.652685791 91 77 0 0.0106600742
