FT 2 254666.747548255 112 109 0 0.00870033358
FT 3 254666.780885005 128 122 1 0.00621089379
FT 4 254666.814221838 133 130 1 0.00343417066
FT 5 254666.847558671 137 134 1 0.00668675938
FT 6 254666.880895421 142 137 0 0.00986715853
FT 7 254666.914850583 146 145 1 0.00656842543
FT 8 254666.948156666 149 144 0 0.0135380489
FT 9 254666.981463041 151 144 0 0.0110954283
FT 10 254667.014769250 151 146 0 0.00979638109
FT 11 254667.048075500 157 148 1 0.0160612427
FT 12 254667.081381791 156 149 1 0.0106236792
FT 13 254667.114688000 153 146 1 0.0105952471
FT 14 254667.147994250 154 150 0 0.00999336799
FT 15 254667.181300583 154 149 0 0.0110496638
FT 16 254667.214606791 156 151 1 0.0123479442
FT 17 254667.247943416 155 152 1 0.00518507303
FT 18 254667.281279875 155 149 1 0.00451383459
FT 19 254667.314616500 155 150 0 0.00647153322
FT 20 254667.347953041 158 153 1 0.0065661385
FT 21 254667.381289666 156 150 1 0.00353621724
FT 22 254667.414626125 156 150 1 0.00341363518
FT 23 254667.447962708 155 154 1 0.00470995679
FT 24 254667.481299416 158 158 0 0.00215939246
FT 25 254667.514635833 163 156 0 0.00287110735
FT 26 254667.547972375 160 159 1 0.00109030028
FT 27 254667.581308958 161 153 0 0.00932976555
FT 28 254667.614645666 156 148 1 0.0160603793
FT 29 254667.647982166 151 144 1 0.0108672766
FT 30 254667.814665041 153 140 0 0.030806208
FT 31 254667.848001625 147 141 1 0.00745062645
FT 32 254667.881338208 144 143 0 0.00529146474
FT 33 254667.914674666 149 148 1 0.00617244879
FT 34 254667.948011208 152 152 1 0.00541513918
FT 35 254667.981347791 154 153 1 0.00364424745
FT 36 254668.014684458 157 154 0 0.00410110777
INIT 254666.714211421 254668.014684458 8 0.13355279 8.67632592 0.971022984 4.46641547 -0.00664319057 0.000871870482 0.00234863607 0 0 0
FT 37 254668.048020958 156 154 1 0.00475293197
FT 38 254668.081357500 154 149 1 0.00584133708
FT 39 254668.114694041 149 146 1 0.00159835084
SW 39 254668.114694041 0 205 0 0 0
FT 40 254668.148030541 153 153 0 0.00266283118
FT 41 254668.181367083 153 153 1 0.00147311871
FT 42 254668.214703541 153 149 0 0.00316363323
SW 42 254668.214703541 1 177 225 7 0
FT 43 254668.248040125 154 149 1 0.00404117636
FT 44 254668.281376708 149 145 1 0.0037113739
FT 45 254668.314713250 145 143 1 0.00220293991
SW 45 254668.314713250 0 177 0 0 0
FT 46 254668.348049666 151 149 1 0.00389107667
FT 47 254668.381386291 149 146 1 0.00647364586
FT 48 254668.414722791 146 140 1 0.00400405882
SW 48 254668.414722791 0 177 0 0 0
FT 49 254668.448059375 146 143 0 0.00461229698
FT 50 254668.481395833 143 140 1 0.00496508475
FT 51 254668.514732416 140 135 1 0.00528041301
SW 51 254668.514732416 0 177 0 0 0
FT 52 254668.548068916 143 140 1 0.00452844059
FT 53 254668.581405500 140 138 0 0.00584330487
FT 54 254668.614741875 138 137 1 0.00682410173
SW 54 254668.614741875 0 177 0 0 0
FT 55 254668.648078458 140 136 0 0.00942440407
FT 56 254668.681414916 136 135 1 0.00854265202
FT 57 254668.714751458 135 134 1 0.00311245974
SW 57 254668.714751458 0 177 0 0 0
FT 58 254668.748088000 151 151 0 0.0038840899
FT 59 254668.781424458 151 149 1 0.00448322585
FT 60 254668.814761083 149 145 0 0.00166350283
SW 60 254668.814761083 1 178 214 11 0
FT 61 254668.848097625 149 149 1 0.00336896332
FT 62 254668.881434083 149 149 1 0.00504353405
FT 63 254668.914770625 149 148 1 0.00439982656
SW 63 254668.914770625 0 178 0 0 0
FT 64 254668.948107041 152 151 1 0.00200548367
FT 65 254668.981443541 151 149 1 0.00225232957
FT 66 254669.014780041 149 148 0 0.00368235781
SW 66 254669.014780041 1 173 195 12 0
FT 67 254669.048116583 154 151 1 0.00452783708
FT 68 254669.081453041 151 150 1 0.00641741744
FT 69 254669.114789583 150 150 1 0.00318497507
SW 69 254669.114789583 0 173 0 0 0
FT 70 254669.148126208 153 153 1 0.00432350192
FT 71 254669.181462708 153 149 1 0.00907821904
FT 72 254669.214799166 149 149 0 0.00850827174
SW 72 254669.214799166 1 147 193 13 0
FT 73 254669.248135625 150 145 0 0.00751637106
FT 74 254669.281472083 145 143 0 0.0074203598
FT 75 254669.314808625 143 137 0 0.00786278947
SW 75 254669.314808625 1 157 159 2 0
FT 76 254669.348145041 142 142 0 0.0107272149
FT 77 254669.381481666 142 136 0 0.0113918665
FT 78 254669.414818083 136 134 0 0.0101673098
SW 78 254669.414818083 1 159 163 1 0
FT 79 254669.448154666 146 143 1 0.00691515351
FT 80 254669.481491041 143 136 0 0.0101026669
FT 81 254669.514827666 136 135 0 0.00895421587
SW 81 254669.514827666 1 166 170 1 0
FT 82 254669.548163958 144 142 0 0.00888020345
FT 83 254669.581500666 142 138 0 0.00853529072
FT 84 254669.614837125 138 135 0 0.00933891657
SW 84 254669.614837125 1 168 175 3 0
FT 85 254669.648173666 151 146 0 0.00736897738
FT 86 254669.681510000 146 144 0 0.00430840338
FT 87 254669.714846666 144 144 0 0.00487366408
SW 87 254669.714846666 1 171 185 2 0
FT 88 254669.748183041 152 152 0 0.00591182448
FT 89 254669.781519583 152 150 0 0.00508639521
FT 90 254669.814855958 150 147 0 0.00719621928
SW 90 254669.814855958 1 167 178 4 0
FT 91 254669.848192583 156 154 0 0.00849856305
FT 92 254669.881529083 154 152 0 0.00677597216
FT 93 254669.914865625 152 150 1 0.00463765938
SW 93 254669.914865625 0 167 0 0 0
FT 94 254669.948201958 155 152 1 0.00604471724
FT 95 254669.981538583 152 150 1 0.00658929206
FT 96 254670.014874916 150 150 0 0.00488370981
SW 96 254670.014874916 1 162 185 6 0
FT 97 254670.048211500 154 152 0 0.00565323904
FT 98 254670.081548083 152 151 0 0.0088721186
FT 99 254670.114884541 151 148 1 0.00790200695
SW 99 254670.114884541 0 162 0 0 0
FT 100 254670.148220916 154 151 0 0.00889892026
FT 101 254670.181557583 151 149 0 0.0101961127
FT 102 254670.214893916 149 146 0 0.00973989212
SW 102 254670.214893916 1 162 173 4 0
FT 103 254670.248230500 158 156 0 0.0101258398
FT 104 254670.281567083 156 152 0 0.0116291846
FT 105 254670.314903375 152 149 0 0.0105397335
SW 105 254670.314903375 1 166 175 3 0
FT 106 254670.348240000 156 154 0 0.00981904419
FT 107 254670.381576458 154 152 0 0.00894735072
FT 108 254670.414913000 152 148 0 0.00806429254
SW 108 254670.414913000 1 165 174 4 0
FT 109 254670.448249416 153 151 0 0.00966419589
FT 110 254670.481585916 151 149 0 0.011096933
FT 111 254670.514922416 149 146 0 0.0105361082
SW 111 254670.514922416 1 166 174 3 0
FT 112 254670.548258916 157 154 1 0.0101576682
FT 113 254670.581595416 154 151 0 0.0137324753
FT 114 254670.614931875 151 148 0 0.0110449428
SW 114 254670.614931875 1 170 178 4 0
FT 115 254670.648268375 159 155 1 0.00900187001
FT 116 254670.681604958 155 154 0 0.0124835393
FT 117 254670.714941458 154 152 0 0.0124479429
SW 117 254670.714941458 1 175 184 3 0
FT 118 254670.748277833 163 159 1 0.0136534487
FT 119 254670.781614375 159 152 0 0.0199258322
FT 120 254670.814950875 152 151 0 0.0208177665
SW 120 254670.814950875 1 178 186 2 0
FT 121 254670.848287416 163 158 0 0.0146694781
FT 122 254670.881623958 158 151 0 0.0154019337
FT 123 254670.914960333 151 147 0 0.0124910755
SW 123 254670.914960333 1 178 188 3 0
FT 124 254670.948296791 156 154 1 0.003850914
FT 125 254670.981633291 154 152 0 0.00627920699
FT 126 254671.014969833 152 149 0 0.0093104586
SW 126 254671.014969833 1 178 189 4 0
FT 127 254671.048306250 159 157 0 0.00693514775
FT 128 254671.081642791 157 152 0 0.0105881167
FT 129 254671.114979208 152 151 0 0.00922273755
SW 129 254671.114979208 1 182 189 1 0
FT 130 254671.148315833 157 148 0 0.0136615166
FT 131 254671.181652166 148 147 0 0.00970807153
FT 132 254671.214988666 147 147 0 0.0070635868
SW 132 254671.214988666 1 178 188 1 0
FT 133 254671.248325208 154 152 0 0.00597116748
FT 134 254671.281661833 152 151 0 0.00561201324
FT 135 254671.314998208 151 150 0 0.00739914908
SW 135 254671.314998208 1 171 185 2 0
FT 136 254671.348334541 160 157 0 0.00971638654
FT 137 254671.381671041 157 153 0 0.00890073396
FT 138 254671.415007708 153 151 0 0.0100461201
SW 138 254671.415007708 1 174 182 2 0
FT 139 254671.448344083 163 158 0 0.0121840347
FT 140 254671.481680541 158 155 0 0.0101939881
FT 141 254671.515017125 155 154 0 0.0103950282
SW 141 254671.515017125 1 177 185 3 0
FT 142 254671.548353625 164 159 0 0.0119693672
FT 143 254671.581690083 159 156 0 0.00873042563
FT 144 254671.615026500 156 153 0 0.0104347388
SW 144 254671.615026500 1 179 190 2 0
FT 145 254671.648363041 162 161 0 0.00728029427
FT 146 254671.681699458 161 158 0 0.00512346442
FT 147 254671.715036000 158 156 0 0.0092833814
SW 147 254671.715036000 1 185 190 2 0
FT 148 254671.748372500 164 160 0 0.00635325359
FT 149 254671.781709041 160 158 0 0.00443766576
FT 150 254671.815045458 158 157 0 0.0049903537
SW 150 254671.815045458 1 180 191 3 0
FT 151 254671.848382000 163 161 0 0.00613612488
FT 152 254671.881718458 161 160 0 0.0100174027
FT 153 254671.915054875 160 148 0 0.0149557258
SW 153 254671.915054875 1 177 186 3 0
FT 154 254671.948391375 160 153 0 0.023050329
FT 155 254671.981727833 153 151 0 0.0107500585
FT 156 254672.015064208 151 149 0 0.0221669714
SW 156 254672.015064208 1 171 189 7 0
FT 157 254672.048400833 162 156 0 0.0281643091
FT 158 254672.081737375 156 152 0 0.00904453797
FT 159 254672.115073875 152 148 1 0.0121778582
SW 159 254672.115073875 0 171 0 0 0
FT 160 254672.148410291 161 159 0 0.00852511276
FT 161 254672.181746750 159 157 0 0.0110069776
FT 162 254672.215083250 157 154 1 0.0140020404
SW 162 254672.215083250 0 171 0 0 0
FT 163 254672.248419666 166 162 0 0.0127457761
FT 164 254672.281756208 162 159 0 0.0101275881
FT 165 254672.315092666 159 157 0 0.0100446162
SW 165 254672.315092666 1 180 202 13 0
FT 166 254672.348429208 163 162 0 0.010240256
FT 167 254672.381765750 162 157 0 0.00988211697
FT 168 254672.415102083 157 154 0 0.00993564626
SW 168 254672.415102083 1 171 199 16 0
FT 169 254672.448438541 166 158 0 0.00969960419
FT 170 254672.481775083 158 153 0 0.00716891301
FT 171 254672.515111666 153 151 0 0.0078849215
SW 171 254672.515111666 1 164 196 24 0
FT 172 254672.548448041 165 157 0 0.0157542268
FT 173 254672.581784666 157 151 0 0.013294341
FT 174 254672.615120958 151 149 0 0.00958725988
SW 174 254672.615120958 1 167 202 23 0
FT 175 254672.648457458 160 158 0 0.00791181817
FT 176 254672.681793916 158 150 0 0.0126015889
FT 177 254672.715130500 150 147 0 0.0139187011
SW 177 254672.715130500 1 187 199 8 0
FT 178 254672.748466875 158 156 0 0.0117438381
FT 179 254672.781803500 156 153 0 0.00799391493
FT 180 254672.815139833 153 148 0 0.00560461778
SW 180 254672.815139833 1 190 204 5 0
FT 181 254672.848476375 165 161 0 0.00393767072
FT 182 254672.881812750 161 156 0 0.00295606027
FT 183 254672.915149208 156 152 0 0.00891097849
SW 183 254672.915149208 1 191 208 5 0
FT 184 254672.948485791 167 165 1 0.0101381238
FT 185 254672.981822333 165 161 0 0.00740218288
FT 186 254673.015158708 161 158 0 0.00735903818
SW 186 254673.015158708 1 186 208 6 0
FT 187 254673.048495208 167 161 0 0.00650993889
FT 188 254673.081831583 161 152 0 0.00656196904
FT 189 254673.115168208 152 148 0 0.0075470142
SW 189 254673.115168208 1 179 197 7 0
FT 190 254673.148504583 161 155 0 0.00927846398
FT 191 254673.181841208 155 147 0 0.00854839861
FT 192 254673.215177541 147 139 0 0.0110580764
SW 192 254673.215177541 1 178 193 7 0
FT 193 254673.248514083 154 153 0 0.0073873255
FT 194 254673.281850500 153 147 0 0.00612157379
FT 195 254673.315187000 147 144 0 0.00526068537
SW 195 254673.315187000 1 178 196 9 0
FT 196 254673.348523541 152 151 0 0.00621789513
FT 197 254673.381859958 151 149 0 0.00719954242
FT 198 254673.415196375 149 146 0 0.00487517226
SW 198 254673.415196375 1 181 194 7 0
FT 199 254673.448532875 150 149 0 0.00557238036
FT 200 254673.481869291 149 146 0 0.00449773535
FT 201 254673.515205833 146 141 0 0.00615322296
SW 201 254673.515205833 1 171 191 5 0
FT 202 254673.548542333 148 140 0 0.0111332135
FT 203 254673.581878875 140 135 0 0.00888312996
FT 204 254673.615215250 135 132 0 0.00343898991
SW 204 254673.615215250 1 161 181 4 0
FT 205 254673.648551791 147 144 0 0.00263538877
FT 206 254673.681888208 144 144 0 0.00693924148
FT 207 254673.715224708 144 142 0 0.0122617552
SW 207 254673.715224708 1 165 177 6 0
FT 208 254673.748561250 152 146 0 0.0150298931
FT 209 254673.781897708 146 143 0 0.0165772875
FT 210 254673.815234166 143 134 0 0.0161653812
SW 210 254673.815234166 1 171 180 4 0
FT 211 254673.848570583 148 142 0 0.0113797018
FT 212 254673.881907125 142 136 0 0.00898073223
FT 213 254673.915243583 136 133 0 0.00581298124
SW 213 254673.915243583 1 169 182 5 0
FT 214 254673.948580000 147 142 0 0.0102469584
FT 215 254673.981916541 142 137 0 0.014771215
FT 216 254674.015252958 137 136 0 0.00964819602
SW 216 254674.015252958 1 166 185 5 0
FT 217 254674.048589458 151 148 0 0.00997150253
FT 218 254674.081925958 148 144 0 0.00642031489
FT 219 254674.115262458 144 142 0 0.0066969623
SW 219 254674.115262458 1 174 182 6 0
FT 220 254674.148598916 152 147 0 0.0128965089
FT 221 254674.181935291 147 140 0 0.0176842564
FT 222 254674.215271791 140 135 0 0.0218225073
SW 222 254674.215271791 1 165 187 5 0
FT 223 254674.248608291 142 136 0 0.0189203511
FT 224 254674.281944916 136 132 0 0.0137352658
FT 225 254674.315281208 132 127 0 0.0180475358
SW 225 254674.315281208 1 160 174 6 0
FT 226 254674.348617750 142 132 0 0.0240769614
FT 227 254674.381954125 132 125 0 0.0215501806
FT 228 254674.415290750 125 121 0 0.0129395894
SW 228 254674.415290750 1 161 173 4 0
FT 229 254674.448627166 138 132 0 0.0194506635
FT 230 254674.481963625 132 127 0 0.0198564526
FT 231 254674.515300083 127 120 0 0.0167675924
SW 231 254674.515300083 1 160 171 6 0
FT 232 254674.548636541 130 119 0 0.0191097441
FT 233 254674.581973041 119 113 0 0.0174330996
FT 234 254674.615309500 113 93 0 0.0343373112
SW 234 254674.615309500 1 148 168 6 0
FT 235 254674.648646041 107 94 0 0.0399083594
FT 236 254674.681982625 94 90 0 0.0209857092
FT 237 254674.715318916 90 83 0 0.0157544279
SW 237 254674.715318916 1 141 159 6 0
FT 238 254674.748655291 102 96 0 0.00908701099
FT 239 254674.781991833 96 94 0 0.0109570178
FT 240 254674.815328333 94 94 0 0.00817172072
SW 240 254674.815328333 1 144 162 5 0
FT 241 254674.848664750 113 107 0 0.00582437498
FT 242 254674.882001250 107 101 0 0.0124008294
FT 243 254674.915337750 101 97 0 0.00909937713
SW 243 254674.915337750 1 147 160 6 0
FT 244 254674.948674125 115 110 0 0.0113105915
FT 245 254674.982010583 110 102 0 0.0161949016
FT 246 254675.015347000 102 88 0 0.0202936319
SW 246 254675.015347000 1 126 161 6 0
FT 247 254675.048683458 109 96 0 0.019490731
FT 248 254675.082019958 96 94 0 0.00955361246
FT 249 254675.115356541 94 92 0 0.00912067874
SW 249 254675.115356541 1 127 147 4 0
FT 250 254675.148693041 113 104 0 0.00979242548
FT 251 254675.182029458 104 98 0 0.0106727999
FT 252 254675.215365833 98 93 0 0.00797936521
SW 252 254675.215365833 1 139 147 5 0
FT 253 254675.248702333 114 112 0 0.0108136098
FT 254 254675.282038875 112 108 0 0.0127904043
FT 255 254675.315375291 108 94 0 0.0229033215
SW 255 254675.315375291 1 143 157 6 0
FT 256 254675.348711750 105 97 0 0.0220494946
FT 257 254675.382048250 97 96 0 0.0223018117
FT 258 254675.415384708 96 91 0 0.0243906868
SW 258 254675.415384708 1 130 154 7 0
FT 259 254675.448721125 100 94 0 0.0295167733
FT 260 254675.482057625 94 92 0 0.0281919899
FT 261 254675.515394041 92 91 0 0.0243571409
SW 261 254675.515394041 1 124 143 8 0
FT 262 254675.548730583 102 99 0 0.0214397796
FT 263 254675.582067125 99 94 0 0.0166881435
FT 264 254675.615403541 94 91 0 0.0151477341
SW 264 254675.615403541 1 116 140 9 0
FT 265 254675.648740041 103 95 0 0.0122045045
FT 266 254675.682076375 95 91 0 0.0128109938
FT 267 254675.715412875 91 87 0 0.0155355605
SW 267 254675.715412875 1 109 132 11 0
FT 268 254675.748749416 100 93 0 0.0193385216
FT 269 254675.782085916 93 91 0 0.0197640863
FT 270 254675.815422250 91 86 0 0.0167462299
SW 270 254675.815422250 1 113 130 9 0
FT 271 254675.848758791 98 88 0 0.0151269624
FT 272 254675.882095208 88 82 0 0.0107297973
FT 273 254675.915431666 82 81 0 0.00417577967
SW 273 254675.915431666 1 118 131 7 0
FT 274 254675.948768208 100 95 0 0.00589633075
FT 275 254675.982104666 95 94 0 0.00470004824
FT 276 254676.015441000 94 92 0 0.0066308387
SW 276 254676.015441000 1 128 143 7 0
FT 277 254676.048777541 106 104 0 0.00658989352
FT 278 254676.082114000 104 102 0 0.00383131569
FT 279 254676.115450541 102 101 0 0.00288792841
SW 279 254676.115450541 1 130 148 7 0
FT 280 254676.148786916 108 103 0 0.00498167216
FT 281 254676.182123500 103 97 0 0.0106975957
FT 282 254676.215459791 97 96 0 0.00364100614
SW 282 254676.215459791 1 125 142 6 0
FT 283 254676.248796416 109 108 0 0.0100620777
FT 284 254676.282132833 108 106 0 0.00225592715
FT 285 254676.315469333 106 104 0 0.00249097337
SW 285 254676.315469333 1 123 142 5 0
FT 286 254676.348805666 112 111 0 0.00213076033
FT 287 254676.382142291 111 106 0 0.00433247349
FT 288 254676.415478583 106 103 0 0.00563670146
SW 288 254676.415478583 1 124 136 5 0
FT 289 254676.448815083 111 108 0 0.0037272988
FT 290 254676.482151500 108 107 0 0.00648336642
FT 291 254676.515488083 107 106 0 0.00834018671
SW 291 254676.515488083 1 129 136 3 0
FT 292 254676.548824541 118 116 0 0.00906543651
FT 293 254676.582160958 116 115 0 0.0129507424
FT 294 254676.615497333 115 114 0 0.00747393935
SW 294 254676.615497333 1 131 144 3 0
FT 295 254676.648833833 119 117 0 0.00147462563
FT 296 254676.682170375 117 115 0 0.0178558291
FT 297 254676.715506833 115 112 0 0.00853802578
SW 297 254676.715506833 1 132 138 3 0
FT 298 254676.748843166 120 120 0 0.00256637891
FT 299 254676.782179708 120 117 0 0.00420571614
FT 300 254676.815516166 117 115 0 0.00787451567
SW 300 254676.815516166 1 129 142 4 0
FT 301 254676.848852666 123 121 0 0.0126940182
FT 302 254676.882189083 121 119 0 0.00848298016
FT 303 254676.915525583 119 117 0 0.00836850405
SW 303 254676.915525583 1 132 140 4 0
FT 304 254676.948861958 126 122 0 0.0146387595
FT 305 254676.982198500 122 120 0 0.00680656904
FT 306 254677.015534833 120 118 0 0.00667730458
SW 306 254677.015534833 1 136 144 4 0
FT 307 254677.048871375 132 129 0 0.00453194331
FT 308 254677.082207916 129 129 0 0.0025883598
FT 309 254677.115544208 129 126 0 0.00241259876
SW 309 254677.115544208 1 144 153 3 0
FT 310 254677.148880708 134 132 0 0.00254021153
FT 311 254677.182217166 132 130 0 0.00702259356
FT 312 254677.215553666 130 127 0 0.00707860951
SW 312 254677.215553666 1 147 153 2 0
FT 313 254677.248890125 134 132 0 0.00997561852
FT 314 254677.282226583 132 124 0 0.0125589
FT 315 254677.315563041 124 122 0 0.0129871091
SW 315 254677.315563041 1 148 153 0 0
FT 316 254677.348899541 135 128 0 0.0145434453
FT 317 254677.382236000 128 125 0 0.00759787678
FT 318 254677.415572375 125 120 0 0.00877546677
SW 318 254677.415572375 1 149 157 0 1
FT 319 254677.448908875 130 125 0 0.011826664
FT 320 254677.482245208 125 122 0 0.00961968557
FT 321 254677.515581750 122 119 0 0.0084690764
SW 321 254677.515581750 1 153 158 0 0
FT 322 254677.548918166 130 128 0 0.0164338855
FT 323 254677.582254625 128 123 0 0.0104264436
FT 324 254677.615591083 123 120 0 0.0108627967
SW 324 254677.615591083 1 157 163 1 0
FT 325 254677.648927666 132 131 0 0.0176050311
FT 326 254677.682264166 131 129 0 0.0162027269
FT 327 254677.715600500 129 126 0 0.0159219395
SW 327 254677.715600500 1 158 168 1 0
FT 328 254677.748937000 142 142 0 0.0106970912
FT 329 254677.782273416 142 139 0 0.0129946217
FT 330 254677.815609958 139 135 0 0.0111129198
SW 330 254677.815609958 1 159 171 1 0
FT 331 254677.848946458 147 142 0 0.014863174
FT 332 254677.882282791 142 137 0 0.0211764962
FT 333 254677.915619250 137 136 0 0.00783512908
SW 333 254677.915619250 1 160 170 1 0
FT 334 254677.948955833 143 143 0 0.00659453566
FT 335 254677.982292166 143 142 0 0.0131869023
FT 336 254678.015628708 142 138 0 0.00700912164
SW 336 254678.015628708 1 157 167 1 0
FT 337 254678.048965208 154 152 0 0.00967311886
FT 338 254678.082301625 152 151 0 0.00444834518
FT 339 254678.115638041 151 144 0 0.00674708437
SW 339 254678.115638041 1 165 170 1 0
FT 340 254678.148974541 149 137 0 0.0165398049
FT 341 254678.182310958 137 136 0 0.0063275771
FT 342 254678.215647500 136 134 0 0.0065134616
SW 342 254678.215647500 1 166 170 1 0
FT 343 254678.248983875 139 135 0 0.0111840914
FT 344 254678.282320333 135 128 0 0.0139801236
FT 345 254678.315656833 128 127 0 0.015158153
SW 345 254678.315656833 1 160 170 1 0
FT 346 254678.348993166 132 130 0 0.0111635762
FT 347 254678.382329583 130 124 0 0.0110533684
FT 348 254678.415666125 124 121 0 0.0140894972
SW 348 254678.415666125 1 157 163 2 0
FT 349 254678.449002666 130 128 0 0.0138535283
FT 350 254678.482338958 128 126 0 0.0142803541
FT 351 254678.515675458 126 124 0 0.0128054001
SW 351 254678.515675458 1 158 166 2 0
FT 352 254678.549012000 131 128 0 0.0187293961
FT 353 254678.582348416 128 125 0 0.0236938958
FT 354 254678.615684833 125 122 0 0.0187472251
SW 354 254678.615684833 1 148 164 2 0
FT 355 254678.649021375 131 128 0 0.0119969248
FT 356 254678.682357708 128 127 0 0.0107554968
FT 357 254678.715694208 127 126 0 0.0183529087
SW 357 254678.715694208 1 145 157 2 0
FT 358 254678.749030666 134 128 0 0.0200310164
FT 359 254678.782367083 128 124 0 0.0193423199
FT 360 254678.815703541 124 123 0 0.0112224396
SW 360 254678.815703541 1 144 154 2 0
FT 361 254678.849040083 130 129 0 0.0154127909
FT 362 254678.882376541 129 126 0 0.0224099378
FT 363 254678.915712958 126 125 0 0.0123117451
SW 363 254678.915712958 1 146 152 2 0
FT 364 254678.949049375 133 126 0 0.0157231103
FT 365 254678.982385875 126 123 0 0.0139012365
FT 366 254679.015722291 123 116 0 0.010717173
SW 366 254679.015722291 1 146 154 2 0
FT 367 254679.049058750 127 122 0 0.0142316836
FT 368 254679.082395166 122 120 0 0.0114188233
FT 369 254679.115731583 120 116 0 0.0157015787
SW 369 254679.115731583 1 151 156 2 0
FT 370 254679.149068125 128 115 0 0.0195958363
FT 371 254679.182404625 115 104 0 0.0207496427
FT 372 254679.215740916 104 94 0 0.0218070654
SW 372 254679.215740916 1 144 160 6 0
FT 373 254679.249077375 101 79 0 0.0306528923
FT 374 254679.282413958 79 74 0 0.0242201197
FT 375 254679.315750375 74 71 0 0.0181710192
SW 375 254679.315750375 1 144 154 6 0
FT 376 254679.349086791 93 89 0 0.0131432596
FT 377 254679.382423291 89 84 0 0.0215255472
FT 378 254679.415759666 84 79 0 0.0350440512
SW 378 254679.415759666 1 140 165 10 0
FT 379 254679.449096083 99 93 0 0.0286525923
FT 380 254679.482432625 93 81 0 0.0146667948
FT 381 254679.515769041 81 52 0 0.0447946964
SW 381 254679.515769041 1 136 155 11 0
FT 382 254679.549105458 66 50 0 0.0480690592
FT 383 254679.582441958 50 46 0 0.0323644498
FT 384 254679.615778416 46 41 0 0.0337722315
SW 384 254679.615778416 1 113 153 10 0
FT 385 254679.649114875 61 58 0 0.0193563531
FT 386 254679.682451208 58 57 0 0.0291698612
FT 387 254679.715787708 57 54 0 0.0295332505
SW 387 254679.715787708 1 94 136 16 0
FT 388 254679.749124166 72 72 0 0.0310181346
FT 389 254679.782460791 72 69 0 0.0244797786
FT 390 254679.815797166 69 66 0 0.0252046742
SW 390 254679.815797166 1 104 124 13 0
FT 391 254679.849133625 75 70 0 0.0311668902
FT 392 254679.882469916 70 57 0 0.039926887
FT 393 254679.915806500 57 49 0 0.0507359668
SW 393 254679.915806500 1 74 120 14 0
FT 394 254679.949142916 83 71 0 0.0181896208
FT 395 254679.982479250 71 63 0 0.0209984448
FT 396 254680.015815833 63 59 0 0.0160669945
SW 396 254680.015815833 1 67 104 20 0
FT 397 254680.049152291 75 65 0 0.0135341692
FT 398 254680.082488583 65 57 0 0.0123527056
FT 399 254680.115825125 57 54 0 0.00522095901
SW 399 254680.115825125 1 87 97 10 0
FT 400 254680.149161583 71 69 0 0.0158731687
FT 401 254680.182498000 69 62 0 0.00431875003
FT 402 254680.215834458 62 53 0 0.0109402173
SW 402 254680.215834458 1 96 106 8 0
FT 403 254680.249171000 72 63 0 0.00431330871
FT 404 254680.282507291 63 52 0 0.0150426789
FT 405 254680.315843791 52 44 0 0.0157984579
SW 405 254680.315843791 1 84 112 8 0
FT 406 254680.349180250 74 64 0 0.0129624132
FT 407 254680.382516708 64 63 0 0.00920218953
FT 408 254680.415853166 63 55 0 0.0126738649
SW 408 254680.415853166 1 94 109 9 0
FT 409 254680.449189625 78 66 0 0.0131184368
FT 410 254680.482526083 66 63 0 0.00656574708
FT 411 254680.515862416 63 62 0 0.0154266204
SW 411 254680.515862416 1 93 115 7 0
FT 412 254680.549198833 82 79 0 0.015779125
FT 413 254680.582535291 79 65 0 0.0111267764
FT 414 254680.615871750 65 53 0 0.0232513378
SW 414 254680.615871750 1 88 106 8 0
FT 415 254680.649208250 82 67 0 0.0120238404
FT 416 254680.682544666 67 65 0 0.0100454013
FT 417 254680.715881125 65 59 0 0.0112391511
SW 417 254680.715881125 1 84 109 8 0
FT 418 254680.749217583 83 79 0 0.014708899
FT 419 254680.782553958 79 76 0 0.013989764
FT 420 254680.815890416 76 75 0 0.0113778999
SW 420 254680.815890416 1 98 113 9 0
FT 421 254680.849226958 90 90 0 0.0183116335
FT 422 254680.882563375 90 86 0 0.018366332
FT 423 254680.915899875 86 81 0 0.0145993263
SW 423 254680.915899875 1 103 117 9 0
FT 424 254680.949236208 101 99 0 0.0123461583
FT 425 254680.982572625 99 95 0 0.0248416107
FT 426 254681.015909083 95 89 0 0.0242769414
SW 426 254681.015909083 1 94 125 16 0
FT 427 254681.049245583 101 93 0 0.00909463163
FT 428 254681.082582125 93 89 0 0.0168917237
FT 429 254681.115918458 89 78 0 0.0438075703
SW 429 254681.115918458 1 92 116 17 0
FT 430 254681.149254916 93 82 0 0.048356162
FT 431 254681.182591375 82 79 0 0.0309061484
FT 432 254681.215927875 79 76 0 0.0190284985
SW 432 254681.215927875 1 90 117 22 0
FT 433 254681.249264125 89 87 0 0.0170799122
FT 434 254681.282600708 87 83 0 0.018301672
FT 435 254681.315937041 83 78 0 0.0185419983
SW 435 254681.315937041 1 90 120 26 0
FT 436 254681.349273625 91 86 0 0.0130799318
FT 437 254681.382609875 86 82 0 0.0120193038
FT 438 254681.415946375 82 82 0 0.0108514048
SW 438 254681.415946375 1 94 126 27 0
FT 439 254681.449282875 95 95 0 0.00824737094
FT 440 254681.482619375 95 94 0 0.0118125438
FT 441 254681.515955708 94 90 0 0.0130733555
SW 441 254681.515955708 1 88 133 28 0
FT 442 254681.549292250 96 86 0 0.0216391507
FT 443 254681.582628666 86 83 0 0.0201942935
FT 444 254681.615965125 83 82 0 0.0142500023
SW 444 254681.615965125 1 81 120 29 0
FT 445 254681.649301541 98 95 0 0.0149549599
FT 446 254681.682638000 95 89 0 0.0156000419
FT 447 254681.715974458 89 75 0 0.0212297489
SW 447 254681.715974458 1 88 118 24 0
FT 448 254681.749310833 97 83 0 0.0230700199
FT 449 254681.782647208 83 60 0 0.0405735957
FT 450 254681.815983750 60 50 0 0.0637687226
SW 450 254681.815983750 1 91 118 21 0
FT 451 254681.849320208 80 54 0 0.0501559166
FT 452 254681.882656583 54 37 0 0.035738081
FT 453 254681.915993000 37 24 0 0.0391523825
SW 453 254681.915993000 1 87 118 27 0
FT 454 254681.949329500 88 50 0 0.0317161489
FT 455 254681.982665833 50 43 0 0.0227758524
FT 456 254682.016002291 43 42 0 0.0282311179
SW 456 254682.016002291 1 93 139 34 0
FT 457 254682.049338791 112 71 0 0.0310525227
FT 458 254682.082675250 71 53 0 0.0392673608
FT 459 254682.116011708 53 44 0 0.0443694984
SW 459 254682.116011708 1 94 146 37 0
FT 460 254682.149348125 123 112 0 0.0237869109
FT 461 254682.182684583 112 106 0 0.0178860536
FT 462 254682.216021000 106 92 0 0.0306088869
SW 462 254682.216021000 1 120 188 37 0
FT 463 254682.249357375 146 115 0 0.0377432647
FT 464 254682.282693750 115 94 0 0.0438832821
FT 465 254682.316030250 94 83 0 0.0357577082
SW 465 254682.316030250 1 122 182 28 0
FT 466 254682.349366750 136 117 0 0.0284194441
FT 467 254682.382703250 117 105 0 0.0338001136
FT 468 254682.416039583 105 94 0 0.0389831881
SW 468 254682.416039583 1 127 181 47 0
FT 469 254682.449375958 158 113 0 0.0412894216
FT 470 254682.482712416 113 89 0 0.0598873199
FT 471 254682.516048875 89 85 0 0.0375664896
SW 471 254682.516048875 1 113 194 64 0
FT 472 254682.549385333 136 128 0 0.0227425645
FT 473 254682.582721791 128 126 0 0.00320301305
FT 474 254682.616058250 126 120 0 0.0208530397
SW 474 254682.616058250 1 111 203 82 1
FT 475 254682.649394666 153 135 0 0.0289260729
FT 476 254682.682731083 135 118 0 0.0373111582
FT 477 254682.716067541 118 99 0 0.0514020061
SW 477 254682.716067541 1 72 207 99 1
FT 478 254682.749404041 127 102 0 0.0544432426
FT 479 254682.782740541 102 98 0 0.0276401643
FT 480 254682.816076833 98 97 0 0.012089997
SW 480 254682.816076833 1 64 200 112 1
FT 481 254682.849413333 144 131 0 0.0286867652
FT 482 254682.882749625 131 116 0 0.0306033998
FT 483 254682.916086250 116 112 0 0.0192391414
SW 483 254682.916086250 1 68 206 108 1
FT 484 254682.949422583 146 137 0 0.0171022442
FT 485 254682.982759000 137 125 0 0.0188158608
FT 486 254683.016095458 125 116 0 0.0200655954
SW 486 254683.016095458 1 83 196 106 0
FT 487 254683.049431958 155 133 0 0.0296402803
FT 488 254683.082768291 133 114 0 0.0283067694
FT 489 254683.116104750 114 110 0 0.022401266
SW 489 254683.116104750 1 78 209 98 0
FT 490 254683.149441125 156 140 0 0.0215123233
FT 491 254683.182777666 140 132 0 0.0165273811
FT 492 254683.216114125 132 121 0 0.01077161
SW 492 254683.216114125 1 103 203 89 0
FT 493 254683.249450541 154 142 0 0.00610866563
FT 494 254683.282786791 142 138 0 0.00577563115
FT 495 254683.316123458 138 130 0 0.00143693796
SW 495 254683.316123458 1 98 212 100 0
FT 496 254683.349459750 163 152 0 0.000903710597
FT 497 254683.382796208 152 144 0 0.0151483021
FT 498 254683.416132541 144 134 0 0.0232439316
SW 498 254683.416132541 1 112 217 90 0
FT 499 254683.449469000 162 141 0 0.0205792733
FT 500 254683.482805458 141 131 0 0.0150662079
FT 501 254683.516142000 131 120 0 0.00850811604
SW 501 254683.516142000 1 109 217 82 0
FT 502 254683.549478291 160 148 0 0.0135379855
FT 503 254683.582814791 148 129 0 0.0231954499
FT 504 254683.616151208 129 113 0 0.0214044211
SW 504 254683.616151208 1 112 207 79 0
FT 505 254683.649487666 155 120 0 0.0109897326
FT 506 254683.682824000 120 106 0 0.0133103806
FT 507 254683.716160458 106 95 0 0.0051276708
SW 507 254683.716160458 1 125 205 69 0
FT 508 254683.749496916 156 122 0 0.011377639
FT 509 254683.782833375 122 109 0 0.0155372534
FT 510 254683.816169833 109 104 0 0.0191082412
SW 510 254683.816169833 1 144 221 62 0
FT 511 254683.849506333 152 130 0 0.01448726
FT 512 254683.882842625 130 114 0 0.0207934319
FT 513 254683.916179166 114 100 0 0.0196711849
SW 513 254683.916179166 1 145 228 54 0
FT 514 254683.949515500 150 136 0 0.0176016089
FT 515 254683.982851916 136 110 0 0.013119438
FT 516 254684.016188375 110 96 0 0.0142693181
SW 516 254684.016188375 1 149 221 49 0
FT 517 254684.049524833 156 127 0 0.0233665352
FT 518 254684.082861166 127 102 0 0.0132495463
FT 519 254684.116197666 102 83 0 0.0108317886
SW 519 254684.116197666 1 148 218 38 0
FT 520 254684.149534125 156 118 0 0.0164962345
FT 521 254684.182870500 118 95 0 0.0152055511
FT 522 254684.216206916 95 78 0 0.0121914857
SW 522 254684.216206916 1 161 214 35 0
FT 523 254684.249543458 148 93 0 0.00482642766
FT 524 254684.282879708 93 82 0 0.0110971834
FT 525 254684.316216208 82 73 0 0.0198149815
SW 525 254684.316216208 1 166 222 30 0
FT 526 254684.349552666 151 104 0 0.0139389023
FT 527 254684.382889125 104 87 0 0.0131394567
FT 528 254684.416225458 87 79 0 0.016821072
SW 528 254684.416225458 1 172 225 27 0
FT 529 254684.449561916 143 122 0 0.0168940985
FT 530 254684.482898416 122 108 0 0.0206215826
FT 531 254684.516234791 108 103 0 0.0218828405
SW 531 254684.516234791 1 181 235 21 0
FT 532 254684.549571208 143 132 0 0.0239612015
FT 533 254684.582907666 132 119 0 0.0221196455
FT 534 254684.616244166 119 115 0 0.0187617865
SW 534 254684.616244166 1 175 230 22 0
FT 535 254684.649580500 141 131 0 0.0244659203
FT 536 254684.682916916 131 125 0 0.0252950998
FT 537 254684.716253375 125 120 0 0.0157635326
SW 537 254684.716253375 1 163 216 22 0
FT 538 254684.749589750 149 139 0 0.0132408211
FT 539 254684.782926166 139 127 0 0.026290198
FT 540 254684.816262541 127 119 0 0.0269137665
SW 540 254684.816262541 1 157 202 22 0
FT 541 254684.849599041 146 133 0 0.00845231392
FT 542 254684.882935583 133 129 0 0.00682283352
FT 543 254684.916271791 129 125 0 0.015038935
SW 543 254684.916271791 1 167 197 18 0
FT 544 254684.949608333 143 137 0 0.0202895925
FT 545 254684.982944833 137 131 0 0.0127426344
FT 546 254685.016281291 131 127 0 0.0098432865
SW 546 254685.016281291 1 170 201 15 0
FT 547 254685.049617666 153 146 0 0.0184254001
FT 548 254685.082954041 146 130 0 0.0322638247
FT 549 254685.116290416 130 119 0 0.0309820062
SW 549 254685.116290416 1 173 201 14 0
FT 550 254685.149626791 150 143 0 0.0185653044
FT 551 254685.182963333 143 133 0 0.0078127965
FT 552 254685.216299750 133 122 0 0.0142979116
SW 552 254685.216299750 1 177 209 14 0
FT 553 254685.249636125 154 149 0 0.020939054
FT 554 254685.282972625 149 129 0 0.0142744067
FT 555 254685.316309000 129 120 0 0.00651469538
SW 555 254685.316309000 1 178 206 16 0
FT 556 254685.349645458 159 146 0 0.00807798926
FT 557 254685.382981958 146 142 0 0.0179344507
FT 558 254685.416318208 142 136 0 0.0121240376
SW 558 254685.416318208 1 194 223 15 0
FT 559 254685.449654625 158 144 0 0.00415806886
FT 560 254685.482991083 144 121 0 0.0153653466
FT 561 254685.516327583 121 99 0 0.0116011536
SW 561 254685.516327583 1 181 220 15 0
FT 562 254685.549663916 145 138 0 0.00420734834
FT 563 254685.583000416 138 114 0 0.00881339634
FT 564 254685.616336750 114 109 0 0.00668351277
SW 564 254685.616336750 1 193 226 14 0
FT 565 254685.649673250 148 145 0 0.00688405726
FT 566 254685.683009625 145 138 0 0.00384937894
FT 567 254685.716346083 138 126 0 0.0103083534
SW 567 254685.716346083 1 203 235 15 0
FT 568 254685.749682541 154 148 0 0.00875616699
FT 569 254685.783018875 148 137 0 0.00769288563
FT 570 254685.816355458 137 131 0 0.00733077229
SW 570 254685.816355458 1 215 242 14 0
FT 571 254685.849691666 156 152 0 0.00440293019
FT 572 254685.883028208 152 148 0 0.00975663623
FT 573 254685.916364625 148 148 0 0.0101494801
SW 573 254685.916364625 1 188 251 15 0
FT 574 254685.949701041 154 152 0 0.00572233714
FT 575 254685.983037500 152 149 0 0.00647455166
FT 576 254686.016373875 149 145 0 0.00402552536
SW 576 254686.016373875 1 175 208 13 0
FT 577 254686.049710250 156 153 0 0.00446745813
FT 578 254686.083046666 153 150 0 0.0124372879
FT 579 254686.116383125 150 149 0 0.0122593469
SW 579 254686.116383125 1 173 196 12 0
FT 580 254686.149719541 159 157 0 0.00676715889
FT 581 254686.183056125 157 153 0 0.00387602876
FT 582 254686.216392375 153 149 0 0.00587738284
SW 582 254686.216392375 1 164 194 11 0
FT 583 254686.249728833 162 158 0 0.00456806812
FT 584 254686.283065333 158 152 0 0.00582046577
FT 585 254686.316401708 152 145 0 0.00959654597
SW 585 254686.316401708 1 168 183 10 0
FT 586 254686.349738083 163 145 0 0.00123328625
FT 587 254686.383074541 145 130 0 0.0112675499
FT 588 254686.416410958 130 120 0 0.0092394488
SW 588 254686.416410958 1 171 188 9 0
FT 589 254686.449747458 153 133 0 0.00878069494
FT 590 254686.483083666 133 118 0 0.0107132197
FT 591 254686.516420166 118 107 0 0.0112509228
SW 591 254686.516420166 1 181 194 9 0
FT 592 254686.549756625 153 130 0 0.0138982189
FT 593 254686.583093208 130 108 0 0.0175827912
FT 594 254686.616429458 108 97 0 0.00997649991
SW 594 254686.616429458 1 187 204 8 0
FT 595 254686.649765916 153 137 0 0.00703316354
FT 596 254686.683102250 137 127 0 0.0116540006
FT 597 254686.716438833 127 120 0 0.0116625455
SW 597 254686.716438833 1 207 228 9 0
FT 598 254686.749775166 159 144 0 0.0086716159
FT 599 254686.783111583 144 135 0 0.00830828272
FT 600 254686.816448000 135 131 0 0.00741296285
SW 600 254686.816448000 1 200 243 8 0
FT 601 254686.849784500 164 154 0 0.00855183391
FT 602 254686.883120833 154 144 0 0.00839717609
FT 603 254686.916457250 144 136 0 0.00740277267
SW 603 254686.916457250 1 195 231 9 0
FT 604 254686.949793625 162 152 0 0.00722590661
FT 605 254686.983130125 152 141 0 0.00759685184
FT 606 254687.016466500 141 133 0 0.00944500135
SW 606 254687.016466500 1 187 218 7 0
FT 607 254687.049802916 165 152 0 0.0101422285
FT 608 254687.083139375 152 136 0 0.0112050601
FT 609 254687.116475708 136 131 0 0.00675899851
SW 609 254687.116475708 1 199 215 6 0
FT 610 254687.149812166 160 148 0 0.00508360572
FT 611 254687.183148541 148 140 0 0.0045751494
FT 612 254687.216484958 140 134 0 0.00710797302
SW 612 254687.216484958 1 202 224 6 0
FT 613 254687.249821416 162 139 0 0.0137458342
FT 614 254687.283157875 139 132 0 0.0143788082
FT 615 254687.316494208 132 132 0 0.0134956793
SW 615 254687.316494208 1 206 230 6 0
FT 616 254687.349830541 155 153 0 0.0111844993
FT 617 254687.383167000 153 146 0 0.00852065748
FT 618 254687.416503416 146 145 0 0.00634051342
SW 618 254687.416503416 1 207 230 6 0
FT 619 254687.449839958 158 153 0 0.00733182542
FT 620 254687.483176291 153 152 0 0.0106058849
FT 621 254687.516512708 152 146 0 0.0146708703
SW 621 254687.516512708 1 196 224 5 0
FT 622 254687.549849166 166 163 0 0.014574129
FT 623 254687.583185541 163 162 0 0.0112192424
FT 624 254687.616522000 162 154 0 0.0100398923
SW 624 254687.616522000 1 197 216 3 0
FT 625 254687.649858416 179 167 0 0.0067816026
FT 626 254687.683194791 167 162 0 0.00516549137
FT 627 254687.716531250 162 155 0 0.0123521108
SW 627 254687.716531250 1 191 218 3 0
FT 628 254687.749867666 174 167 0 0.00827227145
FT 629 254687.783204125 167 161 0 0.00803356061
FT 630 254687.816540416 161 153 0 0.0171224747
SW 630 254687.816540416 1 201 209 3 0
FT 631 254687.849876833 169 165 0 0.0105895303
FT 632 254687.883213333 165 154 0 0.0129196629
FT 633 254687.916549791 154 147 0 0.0223478517
SW 633 254687.916549791 1 199 212 3 0
FT 634 254687.949886083 167 162 0 0.0189125896
FT 635 254687.983222541 162 146 0 0.0119054111
FT 636 254688.016558916 146 136 0 0.00760241654
SW 636 254688.016558916 1 201 214 6 0
FT 637 254688.049895416 155 142 0 0.00510191597
FT 638 254688.083231791 142 132 0 0.00559253479
FT 639 254688.116568250 132 126 0 0.0208977081
SW 639 254688.116568250 1 194 216 5 0
FT 640 254688.149904666 148 144 0 0.0218173103
FT 641 254688.183241041 144 142 0 0.0159241536
FT 642 254688.216577458 142 137 0 0.017034773
SW 642 254688.216577458 1 194 218 7 0
FT 643 254688.249913958 155 146 0 0.0175986067
FT 644 254688.283250416 146 138 0 0.0272401777
FT 645 254688.316586666 138 126 0 0.0244464954
SW 645 254688.316586666 1 188 213 11 0
FT 646 254688.349923166 147 138 0 0.0134019533
FT 647 254688.383259541 138 128 0 0.0216069703
FT 648 254688.416595916 128 113 0 0.0127746968
SW 648 254688.416595916 1 172 206 11 0
FT 649 254688.449932333 138 116 0 0.00886307412
FT 650 254688.483268750 116 102 0 0.00305510396
FT 651 254688.516605125 102 95 0 0.0158271185
SW 651 254688.516605125 1 164 193 10 0
FT 652 254688.549941625 154 136 0 0.00850587073
FT 653 254688.583277958 136 122 0 0.00640340237
FT 654 254688.616614375 122 108 0 0.00256766556
SW 654 254688.616614375 1 186 204 10 0
FT 655 254688.649950875 136 121 0 0.0114721698
FT 656 254688.683287250 121 112 0 0.0186731679
FT 657 254688.716623666 112 105 0 0.0131251513
SW 657 254688.716623666 1 179 210 8 0
FT 658 254688.749960041 147 138 0 0.0115953787
FT 659 254688.783296416 138 127 0 0.0139299114
FT 660 254688.816632791 127 114 0 0.0224834373
SW 660 254688.816632791 1 174 201 7 0
FT 661 254688.849969291 151 135 0 0.0287100215
FT 662 254688.883305625 135 127 0 0.0212429221
FT 663 254688.916642083 127 122 0 0.00191657773
SW 663 254688.916642083 1 159 200 13 0
FT 664 254688.949978541 140 131 0 0.00508765338
FT 665 254688.983314916 131 127 0 0.0191965245
FT 666 254689.016651333 127 121 0 0.0196720986
SW 666 254689.016651333 1 153 184 14 0
FT 667 254689.049987791 150 125 0 0.0105145714
FT 668 254689.083324125 125 102 0 0.0165289422
FT 669 254689.116660541 102 89 0 0.021396335
SW 669 254689.116660541 1 143 173 13 0
FT 670 254689.149996833 126 111 0 0.00701421953
FT 671 254689.183333416 111 100 0 0.0121560405
FT 672 254689.216669708 100 84 0 0.0278137388
SW 672 254689.216669708 1 154 173 14 0
FT 673 254689.250006125 108 89 0 0.0257021384
FT 674 254689.283342583 89 80 0 0.0150478474
FT 675 254689.316679000 80 72 0 0.0214540264
SW 675 254689.316679000 1 148 180 21 0
FT 676 254689.350015458 112 93 0 0.0190566455
FT 677 254689.383351833 93 78 0 0.0182314047
FT 678 254689.416688166 78 66 0 0.0217443785
SW 678 254689.416688166 1 149 182 20 0
FT 679 254689.450024625 140 103 0 0.0162826381
FT 680 254689.483361083 103 83 0 0.0186798394
FT 681 254689.516697500 83 76 0 0.014661294
SW 681 254689.516697500 1 129 192 25 0
FT 682 254689.550033791 109 86 0 0.0178601782
FT 683 254689.583370291 86 56 0 0.0248492405
FT 684 254689.616706583 56 43 0 0.0300548437
SW 684 254689.616706583 1 111 157 23 0
FT 685 254689.650043041 116 47 0 0.0358092521
FT 686 254689.683379416 47 33 0 0.0350461848
FT 687 254689.716715958 33 29 0 0.02218952
SW 687 254689.716715958 1 95 139 21 0
FT 688 254689.750052291 76 47 0 0.026854585
FT 689 254689.783388666 47 34 0 0.022616699
FT 690 254689.816725083 34 31 0 0.0102203337
SW 690 254689.816725083 1 87 127 21 0
FT 691 254689.850061625 87 53 0 0.0191941682
FT 692 254689.883397916 53 47 0 0.00421885674
FT 693 254689.916734333 47 40 0 0.0193440171
SW 693 254689.916734333 1 81 122 28 0
FT 694 254689.950070708 90 46 0 0.0152237135
FT 695 254689.983407208 46 35 0 0.0273365228
FT 696 254690.016743500 35 32 0 0.0346689505
SW 696 254690.016743500 1 60 115 19 0
FT 697 254690.050079916 48 40 0 0.0243753654
FT 698 254690.083416333 40 30 0 0.0196374752
FT 699 254690.116752875 30 28 0 0.0211525921
SW 699 254690.116752875 1 50 85 16 0
FT 700 254690.150089250 63 52 0 0.00573498601
FT 701 254690.183425666 52 43 0 0.00568658884
FT 702 254690.216761916 43 39 0 0.00515913517
SW 702 254690.216761916 1 58 82 15 0
FT 703 254690.250098375 63 54 0 0.011769832
FT 704 254690.283434791 54 42 0 0.0113019564
FT 705 254690.316771208 42 36 0 0.0166282431
SW 705 254690.316771208 1 59 81 17 0
FT 706 254690.350107666 77 58 0 0.0196885514
FT 707 254690.383444000 58 45 0 0.0223980624
FT 708 254690.416780416 45 45 0 0.01061869
SW 708 254690.416780416 1 66 96 16 0
FT 709 254690.450116875 97 79 0 0.0213221643
FT 710 254690.483453208 79 63 0 0.0250226446
FT 711 254690.516789625 63 60 0 0.00607183567
SW 711 254690.516789625 1 81 107 16 0
FT 712 254690.550126125 91 71 0 0.00745448313
FT 713 254690.583462458 71 64 0 0.0238864482
FT 714 254690.616798916 64 58 0 0.0282922195
SW 714 254690.616798916 1 87 109 17 0
FT 715 254690.650135333 103 70 0 0.02436678
FT 716 254690.683471625 70 63 0 0.0237327814
FT 717 254690.716808083 63 58 0 0.0255463961
SW 717 254690.716808083 1 93 120 16 0
FT 718 254690.750144541 109 73 0 0.0309409798
FT 719 254690.783481000 73 58 0 0.0284958669
FT 720 254690.816817291 58 39 0 0.0246133122
SW 720 254690.816817291 1 96 121 14 0
FT 721 254690.850153833 134 63 0 0.0214725351
FT 722 254690.883490125 63 48 0 0.0183532793
FT 723 254690.916826500 48 40 0 0.0205604049
SW 723 254690.916826500 1 93 127 24 0
FT 724 254690.950163041 116 56 0 0.0219735368
FT 725 254690.983499416 56 43 0 0.0194697359
FT 726 254691.016835791 43 38 0 0.0224038104
SW 726 254691.016835791 1 79 127 34 0
FT 727 254691.050172291 63 42 0 0.0125129821
FT 728 254691.083508666 42 28 0 0.00874432079
FT 729 254691.116845083 28 25 0 0.0128808489
SW 729 254691.116845083 1 71 119 32 0
FT 730 254691.150181458 85 39 0 0.0093162417
FT 731 254691.183517833 39 27 0 0.0193516687
FT 732 254691.216854291 27 18 0 0.0238003433
SW 732 254691.216854291 1 46 107 30 0
FT 733 254691.250190708 48 15 0 0.0119906869
FT 734 254691.283527125 15 5 0 0.0193792217
FT 735 254691.316863500 5 3 0 0.0252002254
SW 735 254691.316863500 1 31 76 29 0
FT 736 254691.350199750 43 23 0 0.00874736711
FT 737 254691.383536291 23 20 0 0.00778879262
FT 738 254691.416872791 20 18 0 0.00742975971
SW 738 254691.416872791 1 35 75 28 0
FT 739 254691.450209125 39 32 0 0.0124740833
FT 740 254691.483545500 32 30 0 0.00463395305
FT 741 254691.516881791 30 28 0 0.0143705992
SW 741 254691.516881791 1 28 75 28 0
FT 742 254691.550218375 51 46 0 0.0199572688
FT 743 254691.583554708 46 40 0 0.0127925819
FT 744 254691.616891083 40 39 0 0.00788321153
SW 744 254691.616891083 1 31 72 30 0
FT 745 254691.650227458 45 43 0 0.00483082912
FT 746 254691.683564000 43 40 0 0.0144300258
FT 747 254691.716900291 40 38 0 0.0148873658
SW 747 254691.716900291 1 21 66 30 0
FT 748 254691.750236666 50 48 0 0.0136507887
FT 749 254691.783573166 48 46 0 0.0114164922
FT 750 254691.816909625 46 46 0 0.0161701478
SW 750 254691.816909625 1 24 61 37 0
FT 751 254691.850245833 57 52 0 0.0260537591
FT 752 254691.883582333 52 46 0 0.0306617417
FT 753 254691.916918708 46 45 0 0.0242244154
SW 753 254691.916918708 1 25 67 40 0
FT 754 254691.950255000 63 61 0 0.0134952775
FT 755 254691.983591375 61 58 0 0.0105503915
FT 756 254692.016927875 58 56 0 0.0119494883
SW 756 254692.016927875 1 33 80 42 0
FT 757 254692.050264333 68 66 0 0.00999435838
FT 758 254692.083600666 66 62 0 0.0101960636
FT 759 254692.116937166 62 58 0 0.00555175677
SW 759 254692.116937166 1 37 83 40 0
FT 760 254692.150273458 71 67 0 0.00277929592
FT 761 254692.183609958 67 62 0 0.00686410629
FT 762 254692.216946291 62 59 0 0.011872517
SW 762 254692.216946291 1 50 86 34 0
FT 763 254692.250282625 77 69 0 0.0126750061
FT 764 254692.283619083 69 67 0 0.0171893288
FT 765 254692.316955458 67 64 0 0.0154665147
SW 765 254692.316955458 1 56 96 33 0
FT 766 254692.350291875 93 80 0 0.00601193713
FT 767 254692.383628291 80 70 0 0.00561674114
FT 768 254692.416964583 70 64 0 0.0067696741
SW 768 254692.416964583 1 72 103 27 0
FT 769 254692.450301083 89 84 0 0.00714524603
FT 770 254692.483637416 84 76 0 0.00816582988
FT 771 254692.516973916 76 74 0 0.0115941981
SW 771 254692.516973916 1 85 113 22 0
FT 772 254692.550310291 86 83 0 0.012227986
FT 773 254692.583646708 83 81 0 0.0107678351
FT 774 254692.616983083 81 79 0 0.0142368917
SW 774 254692.616983083 1 88 115 19 0
FT 775 254692.650319500 91 82 0 0.0177061525
FT 776 254692.683655875 82 78 0 0.0133163956
FT 777 254692.716992291 78 75 0 0.0114269992
SW 777 254692.716992291 1 87 110 16 0
FT 778 254692.750328708 95 93 0 0.0159155529
FT 779 254692.783665083 93 90 1 0.0140234057
FT 780 254692.817001333 90 89 1 0.00873198088
SW 780 254692.817001333 0 87 0 0 0
FT 781 254692.850337833 99 95 0 0.00937442904
FT 782 254692.883674208 95 92 0 0.0118108233
FT 783 254692.917010708 92 87 0 0.0130815339
SW 783 254692.917010708 1 91 121 12 0
FT 784 254692.950347166 96 88 1 0.0239297785
FT 785 254692.983683541 88 86 1 0.025494747
FT 786 254693.017019750 86 85 0 0.0229260565
SW 786 254693.017019750 1 100 109 6 0
FT 787 254693.050356291 107 104 0 0.0112190592
FT 788 254693.083692625 104 103 0 0.00844412907
FT 789 254693.117029125 103 96 0 0.0168960414
SW 789 254693.117029125 1 111 122 4 0
FT 790 254693.150365416 113 110 0 0.0194699768
FT 791 254693.183701875 110 107 0 0.0137909774
FT 792 254693.217038125 107 101 0 0.0171816004
SW 792 254693.217038125 1 120 128 6 0
FT 793 254693.250374708 123 117 0 0.0167140938
FT 794 254693.283711000 117 110 0 0.0109285661
FT 795 254693.317047458 110 99 0 0.0258301278
SW 795 254693.317047458 1 127 137 6 0
FT 796 254693.350383708 114 107 0 0.0283384818
FT 797 254693.383720166 107 106 0 0.0105886687
FT 798 254693.417056500 106 94 0 0.0253167749
SW 798 254693.417056500 1 126 143 9 0
FT 799 254693.450392916 112 96 0 0.0261143724
FT 800 254693.483729166 96 90 0 0.0170385705
FT 801 254693.517065833 90 89 0 0.015031646
SW 801 254693.517065833 1 126 142 11 0
FT 802 254693.550402125 111 106 0 0.0185593051
FT 803 254693.583738500 106 99 0 0.0205309536
FT 804 254693.617074833 99 88 0 0.0318122739
SW 804 254693.617074833 1 133 153 12 0
FT 805 254693.650411208 105 84 0 0.0363008158
FT 806 254693.683747666 84 78 0 0.0277784183
FT 807 254693.717084041 78 58 0 0.0259184212
SW 807 254693.717084041 1 122 151 15 1
FT 808 254693.750420333 75 65 0 0.024400337
FT 809 254693.783756833 65 61 0 0.014820957
FT 810 254693.817093125 61 54 0 0.0422130474
SW 810 254693.817093125 1 101 146 29 1
FT 811 254693.850429500 110 93 0 0.0344834457
FT 812 254693.883765875 93 87 0 0.0139928064
FT 813 254693.917102375 87 67 0 0.0201702758
SW 813 254693.917102375 1 101 156 42 1
FT 814 254693.950438625 100 94 0 0.0171419193
FT 815 254693.983775083 94 86 0 0.017905847
FT 816 254694.017111375 86 74 0 0.0164884989
SW 816 254694.017111375 1 94 162 49 1
FT 817 254694.050447833 100 86 0 0.0179248636
FT 818 254694.083784208 86 81 0 0.0266831424
FT 819 254694.117120625 81 64 0 0.0426514434
SW 819 254694.117120625 1 61 155 59 0
FT 820 254694.150457041 87 62 0 0.0498940387
FT 821 254694.183793333 62 56 0 0.0321447316
FT 822 254694.217129791 56 54 0 0.0328448427
SW 822 254694.217129791 1 58 126 56 0
FT 823 254694.250466250 92 85 0 0.0248777475
FT 824 254694.283802500 85 79 0 0.0215289051
FT 825 254694.317138916 79 76 0 0.0282860644
SW 825 254694.317138916 1 75 141 54 0
FT 826 254694.350475333 101 95 0 0.024669262
FT 827 254694.383811833 95 94 0 0.013992695
FT 828 254694.417148083 94 91 0 0.0104118804
SW 828 254694.417148083 1 91 146 44 0
FT 829 254694.450484541 113 107 0 0.00718552544
FT 830 254694.483820791 107 104 0 0.00694013029
FT 831 254694.517157250 104 100 0 0.0113801761
SW 831 254694.517157250 1 91 149 37 0
FT 832 254694.550493625 121 117 0 0.011026527
FT 833 254694.583829958 117 114 0 0.0119658607
FT 834 254694.617166416 114 111 0 0.00975752781
SW 834 254694.617166416 1 96 144 32 0
FT 835 254694.650502833 126 119 0 0.0110331735
FT 836 254694.683839208 119 114 0 0.0122009993
FT 837 254694.717175583 114 112 0 0.0104606055
SW 837 254694.717175583 1 106 136 25 0
FT 838 254694.750511875 124 113 0 0.0146860444
FT 839 254694.783848333 113 111 0 0.0165632976
FT 840 254694.817184708 111 104 0 0.0113295159
SW 840 254694.817184708 1 117 138 19 0
FT 841 254694.850521166 127 119 0 0.0113313188
FT 842 254694.883857583 119 115 0 0.00840611951
FT 843 254694.917193916 115 108 0 0.011130234
SW 843 254694.917193916 1 125 152 21 1
FT 844 254694.950530375 137 121 0 0.0109815957
FT 845 254694.983866708 121 117 0 0.0119490009
FT 846 254695.017203166 117 103 0 0.0123842206
SW 846 254695.017203166 1 134 159 19 1
FT 847 254695.050539500 127 122 0 0.00928188608
FT 848 254695.083875958 122 117 0 0.00708815949
FT 849 254695.117212250 117 113 0 0.00912365539
SW 849 254695.117212250 1 144 167 15 1
FT 850 254695.150548625 140 137 0 0.00660850114
FT 851 254695.183885125 137 129 0 0.00718395573
FT 852 254695.217221541 129 125 0 0.00664455364
SW 852 254695.217221541 1 149 178 12 2
FT 853 254695.250557916 141 133 0 0.00294409511
FT 854 254695.283894166 133 125 0 0.00691410437
FT 855 254695.317230666 125 122 0 0.00362082058
SW 855 254695.317230666 1 151 173 8 2
FT 856 254695.350567000 140 137 0 0.00470471195
FT 857 254695.383903416 137 130 0 0.00722083416
FT 858 254695.417239708 130 125 0 0.0107201047
SW 858 254695.417239708 1 149 171 4 2
FT 859 254695.450576250 148 135 0 0.0136877843
FT 860 254695.483912541 135 127 0 0.00830703863
FT 861 254695.517249041 127 120 0 0.00991653413
SW 861 254695.517249041 1 154 162 4 1
FT 862 254695.550585291 137 131 0 0.014403919
FT 863 254695.583921708 131 121 0 0.0147417521
FT 864 254695.617258041 121 115 0 0.0172648799
SW 864 254695.617258041 1 155 166 4 1
FT 865 254695.650594625 133 121 0 0.0150117145
FT 866 254695.683930958 121 114 0 0.0151948165
FT 867 254695.717267333 114 112 0 0.0119192586
SW 867 254695.717267333 1 149 168 6 0
FT 868 254695.750603666 127 114 0 0.0132626951
FT 869 254695.783940041 114 101 0 0.0189695004
FT 870 254695.817276416 101 84 0 0.0156551344
SW 870 254695.817276416 1 150 161 4 0
FT 871 254695.850612833 105 82 0 0.0150990562
FT 872 254695.883949166 82 79 0 0.01072549
FT 873 254695.917285583 79 75 0 0.0115586974
SW 873 254695.917285583 1 142 161 6 0
FT 874 254695.950621958 98 82 0 0.0185672738
FT 875 254695.983958333 82 74 0 0.0202631295
FT 876 254696.017294750 74 70 0 0.0172634986
SW 876 254696.017294750 1 136 160 12 0
FT 877 254696.050631166 93 76 0 0.0149214275
FT 878 254696.083967416 76 69 0 0.0123264552
FT 879 254696.117303791 69 61 0 0.013265051
SW 879 254696.117303791 1 134 155 10 0
FT 880 254696.150640250 83 76 0 0.0171915069
FT 881 254696.183976625 76 75 0 0.0207065385
FT 882 254696.217312958 75 70 0 0.0148905006
SW 882 254696.217312958 1 109 157 14 0
FT 883 254696.250649291 86 82 0 0.0118559451
FT 884 254696.283985666 82 78 0 0.0113250561
FT 885 254696.317322166 78 74 0 0.00685244649
SW 885 254696.317322166 1 102 133 15 0
FT 886 254696.350658500 101 94 0 0.00781431275
FT 887 254696.383994833 94 88 0 0.0043632046
FT 888 254696.417331166 88 86 0 0.00189460919
SW 888 254696.417331166 1 103 135 15 0
FT 889 254696.450667625 101 91 0 0.00478988761
FT 890 254696.484004000 91 85 0 0.00498465925
FT 891 254696.517340416 85 81 0 0.0028092291
SW 891 254696.517340416 1 102 128 10 0
FT 892 254696.550676750 90 76 0 0.00600142358
FT 893 254696.584013000 76 71 0 0.00708243966
FT 894 254696.617349375 71 68 0 0.00731640489
SW 894 254696.617349375 1 100 117 13 0
FT 895 254696.650685791 91 77 0 0.0104477136
