FT 2 268462.164393170 117 116 0 0.00793258546
FT 3 268462.197729837 126 121 0 0.00941433039
FT 4 268462.231066462 131 130 0 0.00762016328
FT 5 268462.264403045 138 136 0 0.00562611698
FT 6 268462.297739712 141 139 0 0.00678216155
FT 7 268462.331076295 142 138 0 0.00910146437
FT 8 268462.364413004 143 141 0 0.00739454258
FT 9 268462.397749545 145 143 0 0.0124931378
FT 10 268462.431086212 146 141 0 0.00657269094
FT 11 268462.464422879 145 136 0 0.00850717954
FT 12 268462.497759462 142 141 0 0.00501089405
FT 13 268462.531096129 147 146 0 0.0051388646
FT 14 268462.564432670 147 145 0 0.00039011698
FT 15 268462.597769254 149 149 0 0.00190976275
FT 16 268462.631105962 151 149 1 0.00496424284
FT 17 268462.664442504 152 150 0 0.00895911806
FT 18 268462.697779170 155 150 0 0.0130947494
FT 19 268462.731115837 158 154 1 0.00338880812
FT 20 268462.764452337 158 157 0 0.0110378506
FT 21 268462.797789004 162 162 0 0.00617692685
FT 22 268462.831125629 162 159 0 0.00416183022
FT 23 268462.864462212 162 162 1 0.00173368548
FT 24 268462.897798879 166 164 1 0.00112755449
FT 25 268462.931135504 165 163 0 0.00427231683
FT 26 268462.964472087 165 162 0 0.00627661005
FT 27 268462.997808712 163 161 0 0.00623662696
FT 28 268463.031145379 165 162 1 0.00909265225
FT 29 268463.064481920 164 159 0 0.0126202536
FT 30 268463.181160045 160 137 0 0.0421401749
FT 31 268463.214496754 153 142 0 0.017601971
FT 32 268463.247833295 158 155 1 0.0118741846
FT 33 268463.281169879 160 152 0 0.015717189
FT 34 268463.314506504 160 157 0 0.0181579503
FT 35 268463.347843087 161 160 0 0.0103537365
FT 36 268463.381179712 166 157 0 0.0137152047
INIT 268462.131056670 268463.381179712 8 0.280243036 8.9218948 0.484708363 4.04168718 -0.00313374861 0.0020126741 -0.000682105094 0 0 0
FT 37 268463.414516212 164 150 0 0.0193036529
FT 38 268463.447852837 150 144 0 0.0175302305
FT 39 268463.481189379 144 142 0 0.0118136138
SW 39 268463.481189379 1 181 217 15 0
FT 40 268463.514526045 161 161 0 0.00803947273
FT 41 268463.547862629 161 159 0 0.00754578423
FT 42 268463.581199212 159 157 0 0.0056251349
SW 42 268463.581199212 1 203 215 7 0
FT 43 268463.614535754 162 155 0 0.0169706989
FT 44 268463.647872462 155 150 0 0.0164987913
FT 45 268463.681209045 150 144 0 0.0105997978
SW 45 268463.681209045 1 175 214 7 0
FT 46 268463.714545545 170 162 0 0.0161031198
FT 47 268463.747882129 162 160 0 0.0133020897
FT 48 268463.781218754 160 158 0 0.0144365034
SW 48 268463.781218754 1 187 200 4 0
FT 49 268463.814555212 172 170 0 0.0123295874
FT 50 268463.847891795 170 168 0 0.0110727123
FT 51 268463.881228379 168 164 0 0.0050735761
SW 51 268463.881228379 1 192 203 3 0
FT 52 268463.914564920 170 167 0 0.00887236606
FT 53 268463.947901504 167 160 0 0.0145207964
FT 54 268463.981238087 160 156 0 0.0102910494
SW 54 268463.981238087 1 195 201 2 0
FT 55 268464.014574670 170 166 0 0.0119010002
FT 56 268464.047911170 166 157 0 0.0187909411
FT 57 268464.081247712 157 155 0 0.0165625013
SW 57 268464.081247712 1 185 204 2 0
FT 58 268464.114584295 169 168 0 0.0115954309
FT 59 268464.147920795 168 166 0 0.00646364992
FT 60 268464.181257337 166 162 0 0.00987545636
SW 60 268464.181257337 1 194 199 1 0
FT 61 268464.214593837 175 169 0 0.0134700689
FT 62 268464.247930462 169 165 0 0.0103531672
FT 63 268464.281267045 165 162 0 0.00930347889
SW 63 268464.281267045 1 198 205 1 0
FT 64 268464.314603420 172 172 0 0.00883568488
FT 65 268464.347940004 172 171 0 0.00582733689
FT 66 268464.381276545 171 160 0 0.0114670317
SW 66 268464.381276545 1 191 206 1 0
FT 67 268464.414613129 164 161 0 0.0154654426
FT 68 268464.447949629 161 158 0 0.0115503028
FT 69 268464.481286212 158 154 0 0.0107386222
SW 69 268464.481286212 1 185 195 2 0
FT 70 268464.514622795 164 160 0 0.0124217443
FT 71 268464.547959295 160 158 0 0.0050655537
FT 72 268464.581295920 158 157 0 0.00845516147
SW 72 268464.581295920 1 189 196 2 0
FT 73 268464.614632295 165 163 0 0.00935173481
FT 74 268464.647968879 163 161 0 0.0028064147
FT 75 268464.681305462 161 160 0 0.00608010402
SW 75 268464.681305462 1 184 196 2 0
FT 76 268464.714642004 169 165 0 0.0100398725
FT 77 268464.747978462 165 162 0 0.00696704241
FT 78 268464.781315045 162 160 0 0.0130498144
SW 78 268464.781315045 1 181 192 2 0
FT 79 268464.814651587 168 162 0 0.0190765625
FT 80 268464.847988129 162 156 0 0.0176518745
FT 81 268464.881324629 156 155 0 0.00908093018
SW 81 268464.881324629 1 176 188 3 0
FT 82 268464.914661129 162 159 0 0.00888659473
FT 83 268464.947997670 159 153 0 0.016655578
FT 84 268464.981334212 153 149 0 0.0150413359
SW 84 268464.981334212 1 176 184 2 0
FT 85 268465.014670754 155 152 0 0.0111717214
FT 86 268465.048007212 152 149 0 0.016343031
FT 87 268465.081343837 149 140 0 0.0229215416
SW 87 268465.081343837 1 178 182 2 0
FT 88 268465.114911296 150 145 0 0.0193250806
FT 89 268465.148247921 145 144 0 0.0104402511
FT 90 268465.181584380 144 140 0 0.0104173841
SW 90 268465.181584380 1 178 187 3 0
FT 91 268465.214921046 154 150 0 0.0156440816
FT 92 268465.248257463 150 145 0 0.0123995868
FT 93 268465.281594005 145 142 0 0.0100453059
SW 93 268465.281594005 1 179 192 3 0
FT 94 268465.314930630 150 143 0 0.0125118231
FT 95 268465.348267046 143 138 0 0.00925959004
FT 96 268465.381603588 138 137 0 0.0115074517
SW 96 268465.381603588 1 174 189 4 0
FT 97 268465.414940171 152 149 0 0.0121172447
FT 98 268465.448276671 149 141 0 0.010325886
FT 99 268465.481613171 141 134 0 0.0074645469
SW 99 268465.481613171 1 173 188 2 0
FT 100 268465.514949755 155 151 0 0.00699766449
FT 101 268465.548286255 151 144 0 0.00435386988
FT 102 268465.581622838 144 142 0 0.00445248629
SW 102 268465.581622838 1 182 190 1 0
FT 103 268465.614959421 157 154 0 0.00388164143
FT 104 268465.648295921 154 141 0 0.0072973511
FT 105 268465.681632421 141 138 0 0.0107891369
SW 105 268465.681632421 1 184 194 1 0
FT 106 268465.714968838 156 151 0 0.00523958352
FT 107 268465.748305463 151 146 0 0.00531350204
FT 108 268465.781642046 146 143 0 0.00761396486
SW 108 268465.781642046 1 184 198 2 0
FT 109 268465.814978546 164 162 0 0.00692977188
FT 110 268465.848315088 162 158 0 0.00761685731
FT 111 268465.881651630 158 157 0 0.00701095594
SW 111 268465.881651630 1 189 205 3 0
FT 112 268465.914988046 163 160 0 0.00881137356
FT 113 268465.948324671 160 154 0 0.0133433645
FT 114 268465.981661255 154 149 0 0.0175076584
SW 114 268465.981661255 1 188 197 2 0
FT 115 268466.014997713 158 152 0 0.0163510598
FT 116 268466.048334338 152 149 0 0.0187631993
FT 117 268466.081670880 149 148 0 0.0168689726
SW 117 268466.081670880 1 179 198 4 0
FT 118 268466.115007213 162 157 0 0.0173906414
FT 119 268466.148343880 157 149 0 0.0196252317
FT 120 268466.181680421 149 141 0 0.0166942705
SW 120 268466.181680421 1 181 194 5 0
FT 121 268466.215016963 157 153 0 0.0122170345
FT 122 268466.248353505 153 149 0 0.00403856391
FT 123 268466.281690130 149 142 0 0.00784919301
SW 123 268466.281690130 1 189 199 5 0
FT 124 268466.315026546 162 156 0 0.00598525896
FT 125 268466.348363046 156 150 0 0.0112464397
FT 126 268466.381699546 150 146 0 0.0133405246
SW 126 268466.381699546 1 192 211 6 0
FT 127 268466.415036005 167 160 0 0.0173343845
FT 128 268466.448372546 160 155 0 0.0168710557
FT 129 268466.481709213 155 150 0 0.0120689477
SW 129 268466.481709213 1 198 213 6 0
FT 130 268466.515045671 169 167 0 0.0105408947
FT 131 268466.548382171 167 160 0 0.0104663338
FT 132 268466.581718755 160 154 0 0.00807521984
SW 132 268466.581718755 1 196 219 5 0
FT 133 268466.615055213 167 164 0 0.0108333206
FT 134 268466.648391671 164 154 0 0.0162906181
FT 135 268466.681728338 154 149 0 0.0182925714
SW 135 268466.681728338 1 192 210 6 0
FT 136 268466.715064713 165 164 0 0.0177125602
FT 137 268466.748401296 164 158 0 0.0190120647
FT 138 268466.781737796 158 156 0 0.0124451069
SW 138 268466.781737796 1 192 211 6 0
FT 139 268466.815074255 167 166 0 0.0126098431
FT 140 268466.848410755 166 164 0 0.0107486331
FT 141 268466.881747338 164 161 0 0.00687950648
SW 141 268466.881747338 1 191 208 6 0
FT 142 268466.915083796 168 162 0 0.00723217281
FT 143 268466.948420255 162 161 0 0.00643101896
FT 144 268466.981756755 161 159 0 0.0118417244
SW 144 268466.981756755 1 189 204 4 0
FT 145 268467.015093296 171 167 0 0.0120059466
FT 146 268467.048429755 167 157 0 0.00945670304
FT 147 268467.081766338 157 151 0 0.00650775424
SW 147 268467.081766338 1 180 200 6 0
FT 148 268467.115102713 162 161 0 0.00810756656
FT 149 268467.148439296 161 155 0 0.00466045121
FT 150 268467.181775796 155 150 0 0.0070052932
SW 150 268467.181775796 1 183 195 6 0
FT 151 268467.215112338 163 157 0 0.0112952011
FT 152 268467.248448755 157 145 0 0.00633304076
FT 153 268467.281785255 145 137 0 0.0182289922
SW 153 268467.281785255 1 188 199 6 0
FT 154 268467.315121713 154 144 0 0.0114788268
FT 155 268467.348458213 144 140 0 0.00646441212
FT 156 268467.381794713 140 136 0 0.00905948556
SW 156 268467.381794713 1 190 205 6 0
FT 157 268467.415131213 155 149 0 0.00810044333
FT 158 268467.448467713 149 145 0 0.0090875747
FT 159 268467.481804046 145 140 0 0.0121271024
SW 159 268467.481804046 1 191 213 7 0
FT 160 268467.515140588 149 145 0 0.00870771739
FT 161 268467.548477046 145 142 0 0.0118500648
FT 162 268467.581813588 142 137 0 0.00845037543
SW 162 268467.581813588 1 189 206 7 0
FT 163 268467.615150046 146 139 0 0.0171878353
FT 164 268467.648486463 139 136 0 0.0144938423
FT 165 268467.681823046 136 132 0 0.028890462
SW 165 268467.681823046 1 174 202 5 0
FT 166 268467.715159505 145 141 0 0.022974928
FT 167 268467.748496046 141 137 0 0.0111633519
FT 168 268467.781832546 137 136 0 0.00468544121
SW 168 268467.781832546 1 173 188 3 0
FT 169 268467.815168838 149 138 0 0.0086294651
FT 170 268467.848505505 138 131 0 0.015271231
FT 171 268467.881841963 131 124 0 0.0207168487
SW 171 268467.881841963 1 168 183 2 0
FT 172 268467.915178421 148 143 0 0.0220105155
FT 173 268467.948514921 143 138 0 0.0110564969
FT 174 268467.981851380 138 134 0 0.00863042963
SW 174 268467.981851380 1 178 191 2 0
FT 175 268468.015187838 153 143 0 0.00847776569
FT 176 268468.048524380 143 134 0 0.0145867001
FT 177 268468.081860838 134 131 0 0.00940391256
SW 177 268468.081860838 1 181 194 2 0
FT 178 268468.115197338 149 142 0 0.00597869474
FT 179 268468.148533796 142 136 0 0.00813282009
FT 180 268468.181870213 136 131 0 0.0114685531
SW 180 268468.181870213 1 189 197 2 0
FT 181 268468.215206755 151 148 0 0.00667743708
FT 182 268468.248543171 148 138 0 0.0132523587
FT 183 268468.281879713 138 135 0 0.0131207102
SW 183 268468.281879713 1 186 206 2 0
FT 184 268468.315216088 158 153 0 0.00146406604
FT 185 268468.348552630 153 146 0 0.00525089719
FT 186 268468.381889213 146 142 0 0.0041310265
SW 186 268468.381889213 1 193 205 1 0
FT 187 268468.415225546 156 152 0 0.00791193487
FT 188 268468.448562046 152 148 0 0.0102616233
FT 189 268468.481898630 148 147 0 0.00426454544
SW 189 268468.481898630 1 188 207 1 0
FT 190 268468.515235005 155 150 0 0.00469173298
FT 191 268468.548571546 150 145 0 0.00822338749
FT 192 268468.581908046 145 142 0 0.010154164
SW 192 268468.581908046 1 181 194 0 0
FT 193 268468.615244421 158 156 0 0.0068582958
FT 194 268468.648580880 156 153 1 0.00568446082
FT 195 268468.681917463 153 150 0 0.00935123554
SW 195 268468.681917463 1 185 196 0 0
FT 196 268468.715253880 162 160 0 0.00219256981
FT 197 268468.748590338 160 158 0 0.00284907237
FT 198 268468.781926838 158 157 0 0.0114312774
SW 198 268468.781926838 1 187 197 0 0
FT 199 268468.815263421 163 160 1 0.00680759947
FT 200 268468.848599838 160 153 0 0.00795071291
FT 201 268468.881936255 153 148 0 0.0126491542
SW 201 268468.881936255 1 179 190 3 0
FT 202 268468.915272796 157 156 0 0.00894032627
FT 203 268468.948609171 156 151 0 0.00742736089
FT 204 268468.981945713 151 140 0 0.0078665363
SW 204 268468.981945713 1 172 187 5 0
FT 205 268469.015282130 148 142 0 0.00854392165
FT 206 268469.048618671 142 137 0 0.00934087383
FT 207 268469.081955088 137 133 0 0.0120516616
SW 207 268469.081955088 1 166 182 9 0
FT 208 268469.115291713 160 150 0 0.0133436221
FT 209 268469.148628046 150 143 0 0.0143119875
FT 210 268469.181964546 143 137 0 0.0143418626
SW 210 268469.181964546 1 178 195 12 0
FT 211 268469.215301046 151 148 0 0.0161393597
FT 212 268469.248637463 148 139 0 0.0191015954
FT 213 268469.281973963 139 137 0 0.0165017435
SW 213 268469.281973963 1 173 202 17 0
FT 214 268469.315310380 156 150 0 0.0153130355
FT 215 268469.348646963 150 141 0 0.0129740549
FT 216 268469.381983380 141 130 0 0.0110518361
SW 216 268469.381983380 1 177 204 14 0
FT 217 268469.415319921 154 146 0 0.011995187
FT 218 268469.448656380 146 142 0 0.0119596892
FT 219 268469.481992838 142 137 0 0.0130201474
SW 219 268469.481992838 1 185 210 13 0
FT 220 268469.515329338 159 150 0 0.0143921559
FT 221 268469.548665713 150 136 0 0.0226998955
FT 222 268469.582002255 136 131 0 0.02967392
SW 222 268469.582002255 1 189 216 11 0
FT 223 268469.615338671 168 162 0 0.0310059844
FT 224 268469.648675171 162 154 0 0.0228092862
FT 225 268469.682011713 154 147 0 0.0117453004
SW 225 268469.682011713 1 208 228 8 0
FT 226 268469.715348046 164 157 0 0.015181321
FT 227 268469.748684546 157 150 0 0.0201130605
FT 228 268469.782021005 150 144 0 0.0116611013
SW 228 268469.782021005 1 199 229 9 0
FT 229 268469.815357546 164 157 0 0.00831404437
FT 230 268469.848694046 157 150 0 0.0158582685
FT 231 268469.882030421 150 146 0 0.0164966369
SW 231 268469.882030421 1 201 221 8 0
FT 232 268469.915366880 163 155 0 0.00859181517
FT 233 268469.948703380 155 145 0 0.013551338
FT 234 268469.982039921 145 141 0 0.0130262557
SW 234 268469.982039921 1 190 222 8 0
FT 235 268470.015376296 157 150 0 0.0146924061
FT 236 268470.048712796 150 142 0 0.0131225722
FT 237 268470.082049296 142 141 0 0.0202175802
SW 237 268470.082049296 1 189 208 7 0
FT 238 268470.115385796 162 155 0 0.0246820458
FT 239 268470.148722255 155 152 0 0.0170706992
FT 240 268470.182058713 152 147 0 0.0111201026
SW 240 268470.182058713 1 191 213 6 0
FT 241 268470.215395088 161 156 0 0.0198153772
FT 242 268470.248731588 156 152 0 0.0267129683
FT 243 268470.282068046 152 146 0 0.0180106845
SW 243 268470.282068046 1 196 210 3 0
FT 244 268470.315404546 170 167 0 0.0131847045
FT 245 268470.348740963 167 161 0 0.0113840495
FT 246 268470.382077505 161 152 0 0.0104762356
SW 246 268470.382077505 1 195 214 1 0
FT 247 268470.415413963 166 161 0 0.0117281034
FT 248 268470.448750463 161 155 0 0.0127313939
FT 249 268470.482086880 155 152 0 0.0128429023
SW 249 268470.482086880 1 196 206 0 0
FT 250 268470.515423421 166 161 0 0.0149412044
FT 251 268470.548759755 161 155 0 0.0187331271
FT 252 268470.582096255 155 151 0 0.0176646057
SW 252 268470.582096255 1 197 209 1 0
FT 253 268470.615432713 164 159 0 0.0153470836
FT 254 268470.648769255 159 149 0 0.0238091433
FT 255 268470.682105671 149 147 0 0.0283068027
SW 255 268470.682105671 1 192 209 3 0
FT 256 268470.715442213 165 161 0 0.0248363968
FT 257 268470.748778588 161 154 0 0.0205396076
FT 258 268470.782115130 154 146 0 0.0229929843
SW 258 268470.782115130 1 196 208 3 0
FT 259 268470.815451546 171 166 0 0.0213533488
FT 260 268470.848788005 166 161 0 0.0209983367
FT 261 268470.882124421 161 154 0 0.0274195206
SW 261 268470.882124421 1 201 216 5 0
FT 262 268470.915460963 172 163 0 0.0252913963
FT 263 268470.948797380 163 154 0 0.0198368022
FT 264 268470.982133921 154 151 0 0.0181257448
SW 264 268470.982133921 1 199 217 4 0
FT 265 268471.015470338 164 155 0 0.0215372541
FT 266 268471.048806796 155 151 0 0.0227051308
FT 267 268471.082143213 151 145 0 0.0213426256
SW 267 268471.082143213 1 192 211 4 0
FT 268 268471.115479713 157 148 0 0.019124001
FT 269 268471.148816213 148 142 0 0.0149512247
FT 270 268471.182152713 142 138 0 0.0108411428
SW 270 268471.182152713 1 186 203 3 0
FT 271 268471.215489088 160 155 0 0.00612897354
FT 272 268471.248825546 155 149 0 0.0042460409
FT 273 268471.282162088 149 141 0 0.0127234886
SW 273 268471.282162088 1 194 206 3 0
FT 274 268471.315498421 158 156 0 0.0146490343
FT 275 268471.348834963 156 147 0 0.0122871156
FT 276 268471.382171421 147 146 0 0.00841856793
SW 276 268471.382171421 1 193 210 3 0
FT 277 268471.415507796 161 153 0 0.0140282802
FT 278 268471.448844296 153 145 0 0.0146323909
FT 279 268471.482180671 145 142 0 0.00412795744
SW 279 268471.482180671 1 192 208 2 0
FT 280 268471.515517130 158 155 0 0.00499186507
FT 281 268471.548853671 155 147 0 0.0115336205
FT 282 268471.582190171 147 141 0 0.00769374361
SW 282 268471.582190171 1 190 206 2 0
FT 283 268471.615526588 153 145 0 0.0141827632
FT 284 268471.648863088 145 136 0 0.0210856173
FT 285 268471.682199546 136 134 0 0.00314425645
SW 285 268471.682199546 1 185 200 1 0
FT 286 268471.715536005 159 153 0 0.0178109701
FT 287 268471.748872421 153 143 0 0.0354184329
FT 288 268471.782208921 143 134 0 0.0258385949
SW 288 268471.782208921 1 194 205 3 0
FT 289 268471.815545421 162 157 0 0.00893940678
FT 290 268471.848881880 157 151 0 0.0220953579
FT 291 268471.882218338 151 147 0 0.0134840046
SW 291 268471.882218338 1 195 214 3 0
FT 292 268471.915554671 160 156 0 0.0163802969
FT 293 268471.948891171 156 154 0 0.0139841932
FT 294 268471.982227671 154 148 0 0.0197611585
SW 294 268471.982227671 1 195 210 2 0
FT 295 268472.015564088 159 151 0 0.0174158147
FT 296 268472.048900630 151 147 0 0.0171121058
FT 297 268472.082237088 147 147 0 0.00516993689
SW 297 268472.082237088 1 190 207 2 0
FT 298 268472.115573421 163 155 0 0.0148080447
FT 299 268472.148909963 155 152 0 0.0178340511
FT 300 268472.182246421 152 150 0 0.0172909523
SW 300 268472.182246421 1 181 202 2 0
FT 301 268472.215582921 161 154 0 0.00952516549
FT 302 268472.248919338 154 151 0 0.0152040322
FT 303 268472.282255796 151 148 0 0.015635612
SW 303 268472.282255796 1 187 193 2 0
FT 304 268472.315592213 156 145 0 0.0201347887
FT 305 268472.348928671 145 136 0 0.0165411244
FT 306 268472.382265255 136 131 1 0.0101628464
SW 306 268472.382265255 0 187 0 0 0
FT 307 268472.415601671 151 143 0 0.0226066118
FT 308 268472.448938171 143 129 1 0.0314992483
FT 309 268472.482274588 129 119 0 0.0304333428
SW 309 268472.482274588 1 180 204 2 0
FT 310 268472.515611046 135 123 0 0.0327003678
FT 311 268472.548947380 123 119 1 0.0225639502
FT 312 268472.582283880 119 119 0 0.00682494241
SW 312 268472.582283880 1 182 190 1 0
FT 313 268472.615620380 138 131 0 0.0261598714
FT 314 268472.648956755 131 125 0 0.0331734183
FT 315 268472.682293338 125 121 0 0.0153448094
SW 315 268472.682293338 1 182 195 1 0
FT 316 268472.715629796 155 149 0 0.00859054143
FT 317 268472.748966213 149 138 0 0.0322457299
FT 318 268472.782302671 138 134 0 0.0167761924
SW 318 268472.782302671 1 178 202 2 0
FT 319 268472.815639130 159 153 0 0.0147696661
FT 320 268472.848975546 153 149 0 0.0194095813
FT 321 268472.882311963 149 146 0 0.00966108555
SW 321 268472.882311963 1 176 200 2 0
FT 322 268472.915648505 164 155 0 0.0107872917
FT 323 268472.948985005 155 149 0 0.0173403421
FT 324 268472.982321380 149 148 0 0.0110274107
SW 324 268472.982321380 1 180 190 2 0
FT 325 268473.015657838 160 157 0 0.0108778006
FT 326 268473.048994213 157 152 0 0.0163996667
FT 327 268473.082330796 152 149 0 0.0140989323
SW 327 268473.082330796 1 176 189 3 0
FT 328 268473.115667130 160 151 0 0.01947618
FT 329 268473.149003630 151 146 0 0.0217946773
FT 330 268473.182340088 146 145 0 0.0100308804
SW 330 268473.182340088 1 177 186 3 0
FT 331 268473.215676630 165 159 0 0.0177573098
FT 332 268473.249012963 159 149 0 0.0252692144
FT 333 268473.282349421 149 145 0 0.0231942565
SW 333 268473.282349421 1 179 191 4 0
FT 334 268473.315685963 157 151 0 0.0212465792
FT 335 268473.349022463 151 148 0 0.0276570358
FT 336 268473.382358796 148 144 0 0.0218017791
SW 336 268473.382358796 1 178 192 4 0
FT 337 268473.415695296 159 152 0 0.0272290792
FT 338 268473.449031713 152 144 0 0.0352216637
FT 339 268473.482368171 144 143 0 0.0239627771
SW 339 268473.482368171 1 183 194 5 0
FT 340 268473.515704671 159 152 0 0.0244089777
FT 341 268473.549041046 152 142 0 0.0301213853
FT 342 268473.582377505 142 136 0 0.0214319885
SW 342 268473.582377505 1 182 202 8 1
FT 343 268473.615713963 151 145 0 0.0138781525
FT 344 268473.649050463 145 139 0 0.0140704116
FT 345 268473.682386838 139 138 0 0.0183661248
SW 345 268473.682386838 1 183 202 7 0
FT 346 268473.715723296 165 158 0 0.011262598
FT 347 268473.749059796 158 153 0 0.0126736796
FT 348 268473.782396213 153 149 0 0.00932783352
SW 348 268473.782396213 1 191 210 10 0
FT 349 268473.815732546 164 158 0 0.00783039069
FT 350 268473.849069171 158 152 0 0.0144406082
FT 351 268473.882405546 152 146 0 0.0278992802
SW 351 268473.882405546 1 192 214 9 0
FT 352 268473.915742005 164 153 0 0.0265435458
FT 353 268473.949078505 153 148 0 0.0255998921
FT 354 268473.982414963 148 143 0 0.0149660885
SW 354 268473.982414963 1 178 212 13 0
FT 355 268474.015751296 162 155 0 0.0171845874
FT 356 268474.049087796 155 145 0 0.00575566601
FT 357 268474.082424213 145 142 0 0.0105976635
SW 357 268474.082424213 1 183 205 13 0
FT 358 268474.115760671 162 158 0 0.00813644124
FT 359 268474.149097213 158 155 0 0.0134764316
FT 360 268474.182433671 155 151 0 0.00472251501
SW 360 268474.182433671 1 188 212 15 0
FT 361 268474.215770005 166 158 0 0.00617757731
FT 362 268474.249106380 158 154 0 0.0116397068
FT 363 268474.282442880 154 147 0 0.0153373555
SW 363 268474.282442880 1 184 215 15 0
FT 364 268474.315779338 162 155 0 0.0116392078
FT 365 268474.349115838 155 147 0 0.00639192948
FT 366 268474.382452255 147 142 0 0.0110899834
SW 366 268474.382452255 1 181 209 14 0
FT 367 268474.415788755 160 156 0 0.00770629636
FT 368 268474.449125213 156 145 0 0.00844117278
FT 369 268474.482461588 145 136 0 0.020195209
SW 369 268474.482461588 1 180 209 14 0
FT 370 268474.515798088 155 146 0 0.0190950548
FT 371 268474.549134505 146 137 0 0.0207286676
FT 372 268474.582470963 137 130 0 0.020584248
SW 372 268474.582470963 1 190 209 12 0
FT 373 268474.615807421 136 126 0 0.02274059
FT 374 268474.649143796 126 121 0 0.0188738991
FT 375 268474.682480338 121 114 0 0.0193909249
SW 375 268474.682480338 1 176 204 12 0
FT 376 268474.715816671 136 123 0 0.0207454101
FT 377 268474.749153213 123 119 0 0.0157371668
FT 378 268474.782489630 119 113 0 0.0174075659
SW 378 268474.782489630 1 175 201 11 0
FT 379 268474.815826088 125 120 0 0.0214624647
FT 380 268474.849162463 120 110 0 0.0166974005
FT 381 268474.882499046 110 109 0 0.0103974353
SW 381 268474.882499046 1 164 192 8 0
FT 382 268474.915835296 118 117 0 0.00426585376
FT 383 268474.949171838 117 114 0 0.00834108683
FT 384 268474.982508255 114 114 0 0.00254927144
SW 384 268474.982508255 1 151 180 8 0
FT 385 268475.015844713 125 120 0 0.0116156463
FT 386 268475.049181213 120 114 0 0.0181064029
FT 387 268475.082517588 114 112 0 0.014096196
SW 387 268475.082517588 1 141 167 8 0
FT 388 268475.115854088 126 121 0 0.0114942562
FT 389 268475.149190546 121 112 0 0.0182124615
FT 390 268475.182527005 112 107 0 0.0171895274
SW 390 268475.182527005 1 133 155 8 0
FT 391 268475.215863380 128 126 0 0.0115012595
FT 392 268475.249199838 126 120 0 0.0182903936
FT 393 268475.282536255 120 110 0 0.0274075094
SW 393 268475.282536255 1 138 154 6 0
FT 394 268475.315872755 117 106 0 0.0312454828
FT 395 268475.349209255 106 100 0 0.0235779141
FT 396 268475.382545671 100 96 0 0.0349930585
SW 396 268475.382545671 1 142 151 6 0
FT 397 268475.415881963 113 99 0 0.0339127006
FT 398 268475.449218463 99 99 0 0.0226278514
FT 399 268475.482554963 99 98 0 0.017422521
SW 399 268475.482554963 1 146 161 5 0
FT 400 268475.515891338 118 107 0 0.0234540615
FT 401 268475.549227796 107 105 0 0.0146003892
FT 402 268475.582564338 105 102 0 0.0195735215
SW 402 268475.582564338 1 148 164 5 0
FT 403 268475.615900588 120 113 0 0.0327957081
FT 404 268475.649237213 113 111 0 0.019514416
FT 405 268475.682573588 111 110 0 0.0163199153
SW 405 268475.682573588 1 151 167 6 0
FT 406 268475.715910046 130 126 0 0.011590411
FT 407 268475.749246463 126 121 0 0.0223217457
FT 408 268475.782582921 121 117 0 0.0144211378
SW 408 268475.782582921 1 147 174 6 0
FT 409 268475.815919380 129 127 0 0.0089029506
FT 410 268475.849255838 127 127 0 0.0128975918
FT 411 268475.882592213 127 123 0 0.0151651245
SW 411 268475.882592213 1 148 164 5 0
FT 412 268475.915928671 135 130 0 0.0103782373
FT 413 268475.949265171 130 128 0 0.00614888216
FT 414 268475.982601546 128 126 0 0.00764230082
SW 414 268475.982601546 1 149 163 5 0
FT 415 268476.015938046 134 132 0 0.00504533337
FT 416 268476.049274505 132 126 0 0.00872596425
FT 417 268476.082610838 126 125 0 0.00588560559
SW 417 268476.082610838 1 147 158 5 0
FT 418 268476.115947380 140 135 0 0.0105721997
FT 419 268476.149283796 135 132 1 0.0131164095
FT 420 268476.182620130 132 126 0 0.0186864306
SW 420 268476.182620130 1 142 158 6 0
FT 421 268476.215956671 131 129 1 0.0196338032
FT 422 268476.249293088 129 128 1 0.0123596628
FT 423 268476.282629505 128 124 1 0.0118261186
SW 423 268476.282629505 0 142 0 0 0
FT 424 268476.315965963 133 129 0 0.0197988013
FT 425 268476.349302421 129 126 0 0.0158816984
FT 426 268476.382638838 126 126 1 0.0156691301
SW 426 268476.382638838 0 142 0 0 0
FT 427 268476.415975338 145 134 0 0.0191285928
FT 428 268476.449311713 134 127 1 0.0235169048
FT 429 268476.482648213 127 127 1 0.015844045
SW 429 268476.482648213 0 142 0 0 0
FT 430 268476.515984546 138 138 0 0.0173476459
FT 431 268476.549320963 138 131 0 0.0206477534
FT 432 268476.582657463 131 124 0 0.0215799012
SW 432 268476.582657463 1 150 168 6 0
FT 433 268476.615993796 140 135 0 0.0123530038
FT 434 268476.649330338 135 133 0 0.0129501753
FT 435 268476.682666796 133 127 0 0.0164975692
SW 435 268476.682666796 1 150 166 11 0
FT 436 268476.716003255 139 133 0 0.0173313101
FT 437 268476.749339588 133 122 0 0.015918825
FT 438 268476.782676171 122 121 0 0.0135468654
SW 438 268476.782676171 1 151 169 13 0
FT 439 268476.816012463 132 127 0 0.00571310079
FT 440 268476.849349005 127 119 0 0.0157900733
FT 441 268476.882685463 119 109 0 0.021367701
SW 441 268476.882685463 1 139 169 16 0
FT 442 268476.916021796 120 96 0 0.0314006167
FT 443 268476.949358255 96 92 0 0.0336403979
FT 444 268476.982694713 92 90 0 0.0149425691
SW 444 268476.982694713 1 143 157 6 0
FT 445 268477.016031130 127 109 0 0.0421195417
FT 446 268477.049367671 109 101 0 0.0441986498
FT 447 268477.082704088 101 100 0 0.0212378838
SW 447 268477.082704088 1 156 169 6 0
FT 448 268477.116040505 124 114 0 0.0300389637
FT 449 268477.149376838 114 106 0 0.0236771238
FT 450 268477.182713338 106 102 0 0.0272674234
SW 450 268477.182713338 1 154 176 8 0
FT 451 268477.216049755 130 127 0 0.015857985
FT 452 268477.249386213 127 126 0 0.0127268828
FT 453 268477.282722713 126 126 0 0.0114327842
SW 453 268477.282722713 1 164 187 6 0
FT 454 268477.316059046 132 126 0 0.014989183
FT 455 268477.349395505 126 120 0 0.015765289
FT 456 268477.382732005 120 118 0 0.0208802947
SW 456 268477.382732005 1 148 175 6 0
FT 457 268477.416068338 138 138 0 0.00880846191
FT 458 268477.449404880 138 117 0 0.0229776787
FT 459 268477.482741296 117 104 0 0.0315986257
SW 459 268477.482741296 1 146 161 5 0
FT 460 268477.516077755 143 143 0 0.0179610222
FT 461 268477.549414088 143 140 0 0.0197221623
FT 462 268477.582750546 140 119 0 0.0319412665
SW 462 268477.582750546 1 156 172 4 0
FT 463 268477.616087046 140 128 0 0.0292294424
FT 464 268477.649423380 128 125 0 0.0185862557
FT 465 268477.682759796 125 119 0 0.0187151455
SW 465 268477.682759796 1 170 175 4 0
FT 466 268477.716096296 146 135 0 0.0271491614
FT 467 268477.749432755 135 131 0 0.0174429203
FT 468 268477.782769213 131 130 0 0.0152720976
SW 468 268477.782769213 1 175 192 4 0
FT 469 268477.816105630 164 156 0 0.021803317
FT 470 268477.849441963 156 147 0 0.0206589865
FT 471 268477.882778463 147 127 0 0.0183339636
SW 471 268477.882778463 1 173 198 4 0
FT 472 268477.916114880 162 142 0 0.0298038503
FT 473 268477.949451380 142 121 0 0.0213161256
FT 474 268477.982787880 121 92 0 0.0307435991
SW 474 268477.982787880 1 177 185 2 0
FT 475 268478.016124171 151 101 0 0.0469838374
FT 476 268478.049460671 101 76 0 0.0340630579
FT 477 268478.082797088 76 72 0 0.0207450055
SW 477 268478.082797088 1 174 191 2 0
FT 478 268478.116133505 133 117 0 0.0182065585
FT 479 268478.149469880 117 106 0 0.0209811757
FT 480 268478.182806421 106 97 0 0.0225375827
SW 480 268478.182806421 1 200 210 3 0
FT 481 268478.216142671 146 131 0 0.0208110987
FT 482 268478.249479213 131 115 0 0.0172744533
FT 483 268478.282815630 115 110 0 0.0194351815
SW 483 268478.282815630 1 210 235 3 0
FT 484 268478.316152130 139 129 0 0.0189495359
FT 485 268478.349488421 129 120 0 0.0115449205
FT 486 268478.382825005 120 111 0 0.00637681029
SW 486 268478.382825005 1 181 228 4 0
FT 487 268478.416161421 139 134 0 0.00316033059
FT 488 268478.449497796 134 128 0 0.00803069411
FT 489 268478.482834296 128 123 0 0.00949223251
SW 489 268478.482834296 1 174 208 2 0
FT 490 268478.516170671 142 131 0 0.00584318438
FT 491 268478.549507171 131 120 0 0.0116848614
FT 492 268478.582843630 120 114 0 0.0086101503
SW 492 268478.582843630 1 176 188 3 0
FT 493 268478.616180046 138 133 0 0.00602613552
FT 494 268478.649516421 133 125 0 0.0131170687
FT 495 268478.682852880 125 118 0 0.0131306728
SW 495 268478.682852880 1 172 194 3 0
FT 496 268478.716189213 141 120 0 0.0131381593
FT 497 268478.749525755 120 105 0 0.0291651427
FT 498 268478.782862046 105 100 0 0.0161109838
SW 498 268478.782862046 1 168 186 4 0
FT 499 268478.816198546 130 108 0 0.0327999149
FT 500 268478.849535005 108 104 0 0.0147898763
FT 501 268478.882871463 104 100 0 0.00415529149
SW 501 268478.882871463 1 177 193 5 0
FT 502 268478.916207796 129 117 0 0.00304657843
FT 503 268478.949544255 117 112 0 0.00535956924
FT 504 268478.982880671 112 104 0 0.0134497007
SW 504 268478.982880671 1 174 203 8 0
FT 505 268479.016217171 132 128 0 0.0212817334
FT 506 268479.049553588 128 117 0 0.0249880568
FT 507 268479.082889921 117 110 0 0.0303250013
SW 507 268479.082889921 1 183 200 6 0
FT 508 268479.116226380 131 126 0 0.018562448
FT 509 268479.149562838 126 123 0 0.0120592774
FT 510 268479.182899296 123 120 0 0.01763622
SW 510 268479.182899296 1 168 207 10 0
FT 511 268479.216235671 134 133 0 0.0138514554
FT 512 268479.249572171 133 129 0 0.0122189084
FT 513 268479.282908546 129 125 0 0.00687495518
SW 513 268479.282908546 1 158 189 10 0
FT 514 268479.316245005 139 134 0 0.00378407955
FT 515 268479.349581421 134 129 0 0.00808038642
FT 516 268479.382917838 129 125 0 0.00632049238
SW 516 268479.382917838 1 153 177 7 0
FT 517 268479.416254171 144 144 0 0.00330851163
FT 518 268479.449590713 144 140 0 0.00879422636
FT 519 268479.482927088 140 131 0 0.0171946758
SW 519 268479.482927088 1 157 176 7 0
FT 520 268479.516263463 140 135 0 0.0181889232
FT 521 268479.549599921 135 132 0 0.0122988157
FT 522 268479.582936380 132 126 0 0.0105462538
SW 522 268479.582936380 1 158 170 4 0
FT 523 268479.616272755 146 138 0 0.00489024973
FT 524 268479.649609171 138 132 0 0.0125463539
FT 525 268479.682945713 132 127 0 0.0137564996
SW 525 268479.682945713 1 168 179 5 0
FT 526 268479.716282046 151 133 0 0.0233508842
FT 527 268479.749618588 133 127 0 0.0225193863
FT 528 268479.782955005 127 121 0 0.0182183922
SW 528 268479.782955005 1 174 190 7 0
FT 529 268479.816291338 155 143 0 0.0194531232
FT 530 268479.849627796 143 129 0 0.0164264768
FT 531 268479.882964171 129 127 0 0.00570706054
SW 531 268479.882964171 1 188 203 5 0
FT 532 268479.916300588 158 144 0 0.0234710022
FT 533 268479.949637046 144 141 0 0.0136274555
FT 534 268479.982973421 141 138 0 0.0120017901
SW 534 268479.982973421 1 192 207 4 0
FT 535 268480.016309880 156 154 0 0.0143973161
FT 536 268480.049646338 154 152 0 0.0143085261
FT 537 268480.082982796 152 148 0 0.0220389957
SW 537 268480.082982796 1 187 209 6 0
FT 538 268480.116319213 160 133 0 0.0299125928
FT 539 268480.149655588 133 108 0 0.049511806
FT 540 268480.182992005 108 90 0 0.0594488532
SW 540 268480.182992005 1 167 196 6 0
FT 541 268480.216328463 132 97 0 0.0570680856
FT 542 268480.249664838 97 87 0 0.0582423066
FT 543 268480.283001380 87 79 0 0.0592590975
SW 543 268480.283001380 1 165 188 7 0
FT 544 268480.316337671 129 125 0 0.0423360993
FT 545 268480.349674171 125 117 0 0.0160137046
FT 546 268480.383010546 117 113 0 0.0169496928
SW 546 268480.383010546 1 201 210 6 0
FT 547 268480.416346963 122 118 0 0.0144322993
FT 548 268480.449683421 118 114 0 0.0121579338
FT 549 268480.483019796 114 110 0 0.019129273
SW 549 268480.483019796 1 204 214 7 0
FT 550 268480.516356213 131 123 0 0.0184641976
FT 551 268480.549692671 123 110 0 0.024872196
FT 552 268480.583029130 110 107 0 0.0113558088
SW 552 268480.583029130 1 156 222 5 0
FT 553 268480.616365505 132 115 0 0.0209974399
FT 554 268480.649701921 115 101 0 0.0322992921
FT 555 268480.683038338 101 97 0 0.0257500489
SW 555 268480.683038338 1 146 177 5 0
FT 556 268480.716374796 118 113 0 0.0245988871
FT 557 268480.749711171 113 102 0 0.023740738
FT 558 268480.783047588 102 97 0 0.0185981802
SW 558 268480.783047588 1 158 166 4 0
FT 559 268480.816384046 129 124 0 0.0153635972
FT 560 268480.849720463 124 113 0 0.0341950568
FT 561 268480.883056921 113 105 0 0.0160466872
SW 561 268480.883056921 1 169 182 3 0
FT 562 268480.916393380 132 129 0 0.0233239449
FT 563 268480.949729796 129 119 0 0.0270534708
FT 564 268480.983066171 119 106 0 0.0505955871
SW 564 268480.983066171 1 169 187 4 0
FT 565 268481.016402630 131 120 0 0.0424491681
FT 566 268481.049739046 120 116 0 0.0310624996
FT 567 268481.083075463 116 108 0 0.0272511012
SW 567 268481.083075463 1 162 192 4 0
FT 568 268481.116411880 129 114 0 0.0336959094
FT 569 268481.149748338 114 106 0 0.0245102279
FT 570 268481.183084755 106 100 0 0.0150027372
SW 570 268481.183084755 1 155 177 7 0
FT 571 268481.216421171 124 116 0 0.0205067129
FT 572 268481.249757505 116 107 0 0.0176153843
FT 573 268481.283094005 107 105 0 0.0170554826
SW 573 268481.283094005 1 157 178 9 0
FT 574 268481.316430380 147 140 0 0.0190455535
FT 575 268481.349766838 140 134 0 0.0242880976
FT 576 268481.383103296 134 128 0 0.024312312
SW 576 268481.383103296 1 176 200 10 0
FT 577 268481.416439630 155 141 0 0.0263456124
FT 578 268481.449776130 141 131 0 0.0200283328
FT 579 268481.483112588 131 127 0 0.0177827842
SW 579 268481.483112588 1 180 205 8 0
FT 580 268481.516448921 148 135 0 0.0201646609
FT 581 268481.549785421 135 124 0 0.0161313273
FT 582 268481.583121880 124 122 0 0.0176907441
SW 582 268481.583121880 1 177 203 7 0
FT 583 268481.616458296 148 141 0 0.0185407112
FT 584 268481.649794713 141 131 0 0.0152038191
FT 585 268481.683131005 131 120 0 0.0167376979
SW 585 268481.683131005 1 188 205 6 0
FT 586 268481.716467546 157 140 0 0.0160079788
FT 587 268481.749804046 140 133 0 0.00861771634
FT 588 268481.783140338 133 129 0 0.00276401387
SW 588 268481.783140338 1 201 218 6 0
FT 589 268481.816476838 160 152 0 0.00817347549
FT 590 268481.849813296 152 148 0 0.00954619895
FT 591 268481.883149755 148 145 0 0.0120601151
SW 591 268481.883149755 1 206 233 7 0
FT 592 268481.916486255 159 154 0 0.0130353597
FT 593 268481.949822671 154 149 0 0.0144307732
FT 594 268481.983159046 149 142 0 0.0112462559
SW 594 268481.983159046 1 197 223 6 0
FT 595 268482.016495630 163 152 0 0.0100427646
FT 596 268482.049831963 152 140 0 0.0106232953
FT 597 268482.083168380 140 133 0 0.0118074373
SW 597 268482.083168380 1 191 219 5 0
FT 598 268482.116504755 156 153 0 0.00811832926
FT 599 268482.149841255 153 143 0 0.0253568211
FT 600 268482.183177755 143 138 0 0.036099306
SW 600 268482.183177755 1 192 212 5 0
FT 601 268482.216514088 154 144 0 0.0293701847
FT 602 268482.249850588 144 140 0 0.0175312171
FT 603 268482.283186963 140 135 0 0.0145516482
SW 603 268482.283186963 1 197 210 3 0
FT 604 268482.316523380 153 144 0 0.00654392656
FT 605 268482.349859880 144 136 0 0.00348154668
FT 606 268482.383196255 136 132 0 0.00462535346
SW 606 268482.383196255 1 200 214 1 0
FT 607 268482.416532713 155 150 0 0.0043130578
FT 608 268482.449869171 150 144 0 0.00842473223
FT 609 268482.483205546 144 138 0 0.0138682094
SW 609 268482.483205546 1 191 217 1 0
FT 610 268482.516541880 158 154 0 0.0156582406
FT 611 268482.549878296 154 139 0 0.0133835077
FT 612 268482.583214838 139 127 0 0.0126133681
SW 612 268482.583214838 1 190 202 1 0
FT 613 268482.616551213 154 144 0 0.00904567479
FT 614 268482.649887755 144 133 0 0.0179494397
FT 615 268482.683224005 133 125 0 0.0330223208
SW 615 268482.683224005 1 188 207 3 0
FT 616 268482.716560546 156 143 0 0.0341761804
FT 617 268482.749896838 143 132 0 0.0219517236
FT 618 268482.783233213 132 123 0 0.0193818955
SW 618 268482.783233213 1 186 208 5 0
FT 619 268482.816569713 153 151 0 0.0200583423
FT 620 268482.849906005 151 138 0 0.0189286815
FT 621 268482.883242505 138 131 0 0.0171626689
SW 621 268482.883242505 1 198 213 5 0
FT 622 268482.916578796 164 158 0 0.0208276836
FT 623 268482.949915130 158 145 0 0.0334791931
FT 624 268482.983251671 145 138 0 0.0277695685
SW 624 268482.983251671 1 200 226 5 0
FT 625 268483.016588046 161 149 0 0.0309360258
FT 626 268483.049924380 149 134 0 0.0301227844
FT 627 268483.083260880 134 129 0 0.0284370224
SW 627 268483.083260880 1 195 219 6 0
FT 628 268483.116597213 164 145 0 0.03191919
FT 629 268483.149933630 145 127 0 0.0362239132
FT 630 268483.183270005 127 120 0 0.0357702998
SW 630 268483.183270005 1 197 222 6 0
FT 631 268483.216606463 149 141 0 0.0347141053
FT 632 268483.249942713 141 129 0 0.0350455755
FT 633 268483.283279255 129 121 0 0.0291498627
SW 633 268483.283279255 1 204 224 6 0
FT 634 268483.316615463 148 144 0 0.0171778737
FT 635 268483.349951880 144 125 0 0.0108860941
FT 636 268483.383288296 125 118 0 0.0114161034
SW 636 268483.383288296 1 208 231 7 0
FT 637 268483.416624713 159 154 0 0.0139312299
FT 638 268483.449961171 154 143 0 0.017558179
FT 639 268483.483297546 143 134 0 0.0197967603
SW 639 268483.483297546 1 211 244 10 0
FT 640 268483.516633921 156 146 0 0.0135624275
FT 641 268483.549970255 146 140 0 0.00693589908
FT 642 268483.583306588 140 136 0 0.0100959599
SW 642 268483.583306588 1 198 239 11 0
FT 643 268483.616643005 159 147 0 0.0115215877
FT 644 268483.649979463 147 137 0 0.0163848798
FT 645 268483.683315755 137 128 0 0.0104928156
SW 645 268483.683315755 1 197 228 11 0
FT 646 268483.716652213 165 163 0 0.0036419158
FT 647 268483.749988505 163 154 0 0.00614297922
FT 648 268483.783324921 154 148 0 0.00559445521
SW 648 268483.783324921 1 203 238 11 0
FT 649 268483.816661296 160 159 0 0.00518018499
FT 650 268483.849997630 159 154 0 0.0085468768
FT 651 268483.883334130 154 147 0 0.0102939413
SW 651 268483.883334130 1 203 225 9 0
FT 652 268483.916670505 166 156 0 0.0102333563
FT 653 268483.950006838 156 149 0 0.010337184
FT 654 268483.983343255 149 143 0 0.00538097264
SW 654 268483.983343255 1 203 226 7 0
FT 655 268484.016679588 166 156 0 0.0110474348
FT 656 268484.050016046 156 142 0 0.0204585155
FT 657 268484.083352380 142 118 0 0.0244512599
SW 657 268484.083352380 1 188 219 4 0
FT 658 268484.116688713 161 137 0 0.0274777055
FT 659 268484.150025088 137 122 0 0.0257122896
FT 660 268484.183361588 122 110 0 0.0171579588
SW 660 268484.183361588 1 200 213 3 0
FT 661 268484.216697880 157 143 0 0.0170363834
FT 662 268484.250034213 143 135 0 0.0128664073
FT 663 268484.283370713 135 128 0 0.00632078829
SW 663 268484.283370713 1 227 241 2 0
FT 664 268484.316707088 160 139 0 0.0216570586
FT 665 268484.350043546 139 124 0 0.0292756915
FT 666 268484.383379713 124 114 0 0.0129140347
SW 666 268484.383379713 1 230 250 2 0
FT 667 268484.416716130 164 151 0 0.00621158193
FT 668 268484.450052463 151 141 0 0.0173578119
FT 669 268484.483388838 141 129 0 0.0135795802
SW 669 268484.483388838 1 225 262 3 0
FT 670 268484.516725296 162 144 0 0.0132467768
FT 671 268484.550061671 144 131 0 0.0180332141
FT 672 268484.583398005 131 102 0 0.0182057305
SW 672 268484.583398005 1 213 247 5 0
FT 673 268484.616734421 167 127 0 0.0298920664
FT 674 268484.650070755 127 102 0 0.0213771545
FT 675 268484.683407213 102 84 0 0.0168872082
SW 675 268484.683407213 1 215 242 7 0
FT 676 268484.716743546 161 118 0 0.0175747829
FT 677 268484.750080005 118 102 0 0.0191040053
FT 678 268484.783416380 102 95 0 0.0261198365
SW 678 268484.783416380 1 223 261 3 0
FT 679 268484.816752755 157 139 0 0.0195031929
FT 680 268484.850089046 139 120 0 0.0126889665
FT 681 268484.883425421 120 112 0 0.00756678246
SW 681 268484.883425421 1 248 265 2 0
FT 682 268484.916761838 150 130 0 0.00912621618
FT 683 268484.950098171 130 115 0 0.0202456678
FT 684 268484.983434588 115 101 0 0.0256044745
SW 684 268484.983434588 1 218 267 3 0
FT 685 268485.016770880 147 132 0 0.0192518691
FT 686 268485.050107296 132 115 0 0.0240617732
FT 687 268485.083443713 115 95 0 0.0253567503
SW 687 268485.083443713 1 200 245 3 0
FT 688 268485.116780088 137 106 0 0.0230142621
FT 689 268485.150116380 106 84 0 0.023835608
FT 690 268485.183452921 84 71 0 0.0231325518
SW 690 268485.183452921 1 187 217 2 0
FT 691 268485.216789296 126 87 0 0.0221934161
FT 692 268485.250125505 87 74 0 0.0259402352
FT 693 268485.283461880 74 63 0 0.0191719904
SW 693 268485.283461880 1 181 206 3 0
FT 694 268485.316798255 112 75 0 0.0145223232
FT 695 268485.350134713 75 57 0 0.0243062275
FT 696 268485.383471088 57 34 0 0.0214964502
SW 696 268485.383471088 1 153 186 5 0
FT 697 268485.416807421 81 52 0 0.0140013898
FT 698 268485.450143755 52 40 0 0.0282859109
FT 699 268485.483480171 40 32 0 0.0278877323
SW 699 268485.483480171 1 134 169 5 0
FT 700 268485.516816546 57 42 0 0.0266864047
FT 701 268485.550152921 42 28 0 0.0219552468
FT 702 268485.583489255 28 21 0 0.0157984922
SW 702 268485.583489255 1 104 145 3 0
FT 703 268485.616825755 33 21 0 0.0250092257
FT 704 268485.650161963 21 17 0 0.0309238638
FT 705 268485.683498338 17 16 0 0.0246820376
SW 705 268485.683498338 1 84 110 1 0
FT 706 268485.716834796 24 22 0 0.0202275517
FT 707 268485.750171255 22 20 0 0.021406731
FT 708 268485.783507546 20 17 0 0.0236780289
SW 708 268485.783507546 1 58 90 1 0
FT 709 268485.816844005 28 22 0 0.0227723568
FT 710 268485.850180338 22 21 0 0.0138670145
FT 711 268485.883516671 21 20 0 0.0120070481
SW 711 268485.883516671 1 50 64 1 0
FT 712 268485.916853130 33 31 0 0.0214473982
FT 713 268485.950189380 31 30 0 0.0256755701
FT 714 268485.983525880 30 29 0 0.0234237074
SW 714 268485.983525880 1 42 60 1 0
FT 715 268486.016862213 52 52 0 0.0195115147
FT 716 268486.050198505 52 51 0 0.0134875419
FT 717 268486.083534838 51 50 0 0.0190667227
SW 717 268486.083534838 1 54 64 2 0
FT 718 268486.116871255 63 52 0 0.0251506586
FT 719 268486.150207588 52 49 0 0.0195298404
FT 720 268486.183543963 49 45 0 0.0217396476
SW 720 268486.183543963 1 53 62 5 0
FT 721 268486.216880421 63 51 0 0.0299890904
FT 722 268486.250216755 51 41 0 0.0376741859
FT 723 268486.283553130 41 38 0 0.02878429
SW 723 268486.283553130 1 63 69 4 0
FT 724 268486.316889505 75 71 0 0.0189626518
FT 725 268486.350225880 71 67 0 0.0176742014
FT 726 268486.383562296 67 65 0 0.0149873592
SW 726 268486.383562296 1 89 95 6 0
FT 727 268486.416898630 79 77 0 0.0171841108
FT 728 268486.450235005 77 76 0 0.0233679397
FT 729 268486.483571380 76 73 0 0.0230549187
SW 729 268486.483571380 1 97 106 9 0
FT 730 268486.516907713 86 81 0 0.0221484165
FT 731 268486.550244088 81 77 0 0.026568069
FT 732 268486.583580338 77 70 0 0.0202523386
SW 732 268486.583580338 1 94 114 9 0
FT 733 268486.616916838 90 85 0 0.00955768462
FT 734 268486.650253213 85 84 0 0.00482131412
FT 735 268486.683589505 84 80 0 0.00951896528
SW 735 268486.683589505 1 88 116 10 0
FT 736 268486.716925838 103 95 0 0.0133843911
FT 737 268486.750262255 95 81 0 0.0102800278
FT 738 268486.783598588 81 65 0 0.0215173689
SW 738 268486.783598588 1 100 109 8 0
FT 739 268486.816934963 87 72 0 0.0237568349
FT 740 268486.850271380 72 54 0 0.0120017446
FT 741 268486.883607671 54 42 0 0.0273178726
SW 741 268486.883607671 1 102 112 7 0
FT 742 268486.916944046 97 57 0 0.0293354269
FT 743 268486.950280463 57 35 0 0.0233561521
FT 744 268486.983616838 35 30 0 0.0255232087
SW 744 268486.983616838 1 95 119 13 0
FT 745 268487.016953213 59 54 0 0.0316741348
FT 746 268487.050289630 54 51 0 0.0197782836
FT 747 268487.083625963 51 46 0 0.0165572504
SW 747 268487.083625963 1 114 128 11 0
FT 748 268487.116962213 75 69 0 0.0142433264
FT 749 268487.150298630 69 66 0 0.0182029391
FT 750 268487.183635005 66 63 0 0.0193995706
SW 750 268487.183635005 1 107 146 13 0
FT 751 268487.216971380 71 70 0 0.0137163646
FT 752 268487.250307755 70 64 0 0.0179435425
FT 753 268487.283644130 64 57 0 0.0159180521
SW 753 268487.283644130 1 87 126 12 0
FT 754 268487.316980463 70 60 0 0.0245260526
FT 755 268487.350316880 60 53 0 0.0304058387
FT 756 268487.383653255 53 50 0 0.0341581786
SW 756 268487.383653255 1 73 104 9 0
FT 757 268487.416989588 81 63 0 0.0244972266
FT 758 268487.450325921 63 38 0 0.027851273
FT 759 268487.483662255 38 26 0 0.0192767907
SW 759 268487.483662255 1 79 90 7 0
FT 760 268487.516998671 105 54 0 0.0218738086
FT 761 268487.550335046 54 23 0 0.01450999
FT 762 268487.583671380 23 8 0 0.0185301544
SW 762 268487.583671380 1 80 90 6 0
FT 763 268487.617007713 119 37 0 0.0376433629
FT 764 268487.650344171 37 22 0 0.0178780079
FT 765 268487.683680421 22 16 0 0.0395668211
SW 765 268487.683680421 1 81 101 8 0
FT 766 268487.717016755 123 74 0 0.0610045031
FT 767 268487.750353171 74 52 0 0.0379073654
FT 768 268487.783689505 52 35 0 0.0256979878
SW 768 268487.783689505 1 82 117 23 0
FT 769 268487.817025880 132 105 0 0.038769279
FT 770 268487.850362171 105 75 0 0.0213728154
FT 771 268487.883698630 75 65 0 0.0145939996
SW 771 268487.883698630 1 50 149 67 0
FT 772 268487.917034963 152 100 0 0.00866340915
FT 773 268487.950371421 100 81 0 0.0214567313
FT 774 268487.983707713 81 70 0 0.0182959188
SW 774 268487.983707713 1 55 150 73 0
FT 775 268488.017044130 138 124 0 0.029247258
FT 776 268488.050380380 124 106 0 0.0211001954
FT 777 268488.083716796 106 96 0 0.0229559423
SW 777 268488.083716796 1 78 170 85 0
FT 778 268488.117053171 143 133 0 0.0211795395
FT 779 268488.150389588 133 112 0 0.0349656527
FT 780 268488.183725838 112 98 0 0.0533204387
SW 780 268488.183725838 1 113 194 72 0
FT 781 268488.217062380 148 126 0 0.0529640384
FT 782 268488.250398671 126 111 0 0.0462261575
FT 783 268488.283735005 111 104 0 0.0265229443
SW 783 268488.283735005 1 151 212 47 0
FT 784 268488.317071338 146 118 0 0.0268995399
FT 785 268488.350407713 118 107 0 0.0276204798
FT 786 268488.383744130 107 104 0 0.020086057
SW 786 268488.383744130 1 166 216 22 0
FT 787 268488.417080421 147 136 0 0.0160807378
FT 788 268488.450416796 136 133 0 0.0188207837
FT 789 268488.483753213 133 125 0 0.0232327795
SW 789 268488.483753213 1 190 217 11 0
FT 790 268488.517089546 154 147 0 0.0237859318
FT 791 268488.550425838 147 133 0 0.0318350088
FT 792 268488.583762255 133 132 0 0.0254548512
SW 792 268488.583762255 1 184 219 6 0
FT 793 268488.617098588 157 147 0 0.0296611533
FT 794 268488.650434963 147 137 0 0.0289094712
FT 795 268488.683771338 137 126 0 0.0265229885
SW 795 268488.683771338 1 177 206 8 0
FT 796 268488.717107713 157 155 0 0.0224738685
FT 797 268488.750444046 155 143 0 0.0180782644
FT 798 268488.783780463 143 134 0 0.0208113459
SW 798 268488.783780463 1 180 204 6 0
FT 799 268488.817116755 159 151 0 0.0189565748
FT 800 268488.850453046 151 139 0 0.0145000277
FT 801 268488.883789546 139 127 0 0.0205530369
SW 801 268488.883789546 1 191 203 4 0
FT 802 268488.917125755 152 145 0 0.0208993184
FT 803 268488.950462255 145 132 0 0.0252342196
FT 804 268488.983798546 132 127 0 0.0255247705
SW 804 268488.983798546 1 195 210 4 0
FT 805 268489.017134880 147 140 0 0.0206986555
FT 806 268489.050471255 140 127 0 0.0231283435
FT 807 268489.083807546 127 122 0 0.020471592
SW 807 268489.083807546 1 188 213 3 0
FT 808 268489.117144005 150 138 0 0.0157366461
FT 809 268489.150480255 138 127 0 0.00833954602
FT 810 268489.183816671 127 111 0 0.0118790409
SW 810 268489.183816671 1 195 208 2 0
FT 811 268489.217153046 148 142 0 0.0113015798
FT 812 268489.250489463 142 128 0 0.0158950031
FT 813 268489.283825796 128 123 0 0.0156571038
SW 813 268489.283825796 1 198 224 2 0
FT 814 268489.317162088 146 135 0 0.0116351049
FT 815 268489.350498463 135 129 0 0.0133067023
FT 816 268489.383834838 129 119 0 0.0270367368
SW 816 268489.383834838 1 198 215 2 0
FT 817 268489.417171213 146 129 0 0.0328936872
FT 818 268489.450507463 129 121 0 0.0367287189
FT 819 268489.483843963 121 115 0 0.0183697348
SW 819 268489.483843963 1 195 217 3 0
FT 820 268489.517180296 137 117 0 0.0166184478
FT 821 268489.550516588 117 99 0 0.0109291892
FT 822 268489.583853046 99 90 0 0.00918061095
SW 822 268489.583853046 1 176 207 3 0
FT 823 268489.617189296 126 117 0 0.00870969796
FT 824 268489.650525671 117 109 0 0.00810615533
FT 825 268489.683862088 109 103 0 0.00754399096
SW 825 268489.683862088 1 181 201 5 0
FT 826 268489.717198338 133 120 0 0.0102978873
FT 827 268489.750534838 120 112 0 0.0119742938
FT 828 268489.783871130 112 107 0 0.013310427
SW 828 268489.783871130 1 178 205 8 0
FT 829 268489.817207505 121 113 0 0.0151732187
FT 830 268489.850543880 113 110 0 0.0206138688
FT 831 268489.883880171 110 104 0 0.0251096376
SW 831 268489.883880171 1 166 195 8 0
FT 832 268489.917216588 124 116 0 0.0319052947
FT 833 268489.950552880 116 110 0 0.0295322528
FT 834 268489.983889296 110 108 0 0.021481121
SW 834 268489.983889296 1 146 190 10 0
FT 835 268490.017225671 130 126 0 0.0169160799
FT 836 268490.050561921 126 116 0 0.0125197208
FT 837 268490.083898296 116 109 0 0.0120096492
SW 837 268490.083898296 1 152 168 7 0
FT 838 268490.117234713 130 118 0 0.0123209877
FT 839 268490.150571005 118 110 0 0.00860586865
FT 840 268490.183907421 110 102 0 0.00979891983
SW 840 268490.183907421 1 153 176 8 0
FT 841 268490.217243671 122 110 0 0.012607779
FT 842 268490.250580046 110 101 0 0.0139218273
FT 843 268490.283916421 101 93 0 0.0194924547
SW 843 268490.283916421 1 158 176 6 0
FT 844 268490.317252796 117 106 0 0.0331571487
FT 845 268490.350589088 106 103 0 0.0340763637
FT 846 268490.383925505 103 94 0 0.0355022316
SW 846 268490.383925505 1 162 179 5 0
FT 847 268490.417261880 122 94 0 0.0231291858
FT 848 268490.450598296 94 77 0 0.0394674802
FT 849 268490.483934588 77 65 0 0.0212890196
SW 849 268490.483934588 1 155 173 7 0
FT 850 268490.517270963 109 86 0 0.0242542509
FT 851 268490.550607380 86 72 0 0.0275508734
FT 852 268490.583943630 72 72 0 0.0114908291
SW 852 268490.583943630 1 151 181 6 0
FT 853 268490.617279963 116 112 0 0.00902011539
FT 854 268490.650616380 112 100 0 0.0216448356
FT 855 268490.683952755 100 92 0 0.0422843258
SW 855 268490.683952755 1 154 183 5 0
FT 856 268490.717289088 120 119 0 0.0151746052
FT 857 268490.750625421 119 93 0 0.020438173
FT 858 268490.783961713 93 79 0 0.0314083099
SW 858 268490.783961713 1 151 169 4 0
FT 859 268490.817298046 119 116 0 0.00912999641
FT 860 268490.850634421 116 108 0 0.0208868195
FT 861 268490.883970838 108 103 0 0.0221974843
SW 861 268490.883970838 1 147 186 4 0
FT 862 268490.917307130 117 115 0 0.0201939342
FT 863 268490.950643505 115 105 0 0.0215239086
FT 864 268490.983979838 105 87 0 0.0459212353
SW 864 268490.983979838 1 139 156 5 0
FT 865 268491.017316255 114 113 0 0.00567106868
FT 866 268491.050652505 113 108 0 0.0205538272
FT 867 268491.083988921 108 108 0 0.0110819057
SW 867 268491.083988921 1 154 165 5 0
FT 868 268491.117325255 121 115 0 0.0123384137
FT 869 268491.150661630 115 114 1 0.0129219107
FT 870 268491.183997921 114 112 0 0.00516009662
SW 870 268491.183997921 1 141 168 4 0
FT 871 268491.217334296 125 124 0 0.0057112132
FT 872 268491.250670588 124 122 0 0.00537962234
FT 873 268491.284007005 122 118 0 0.0155134182
SW 873 268491.284007005 1 142 154 4 1
FT 874 268491.317343296 129 123 0 0.0214031999
FT 875 268491.350679671 123 121 0 0.0167092014
FT 876 268491.384016046 121 115 0 0.0126327682
SW 876 268491.384016046 1 128 154 4 1
FT 877 268491.417352380 126 117 0 0.0178847112
FT 878 268491.450688796 117 112 0 0.0139896218
FT 879 268491.484025130 112 108 0 0.0100459909
SW 879 268491.484025130 1 134 139 4 1
FT 880 268491.517361505 120 118 0 0.0121950237
FT 881 268491.550697713 118 114 0 0.0133457334
FT 882 268491.584034088 114 109 0 0.0154157764
SW 882 268491.584034088 1 138 148 4 1
FT 883 268491.617370463 124 122 0 0.0114332231
FT 884 268491.650706880 122 117 0 0.00959739782
FT 885 268491.684043213 117 112 0 0.00631235236
SW 885 268491.684043213 1 147 155 4 1
FT 886 268491.717379630 124 115 0 0.0155483851
FT 887 268491.750715838 115 103 0 0.0211963539
FT 888 268491.784052296 103 69 0 0.035670605
SW 888 268491.784052296 1 140 157 7 1
FT 889 268491.817388546 91 57 0 0.0547167684
FT 890 268491.850724921 57 39 0 0.0553420718
FT 891 268491.884061255 39 23 0 0.0602546177
SW 891 268491.884061255 1 130 150 7 0
FT 892 268491.917397588 82 48 0 0.0738757316
FT 893 268491.950733963 48 36 0 0.0733494784
FT 894 268491.984070338 36 29 0 0.0611373637
SW 894 268491.984070338 1 144 157 5 0
FT 895 268492.017406713 91 81 0 0.019576624
FT 896 268492.050743046 81 79 0 0.00546066068
