FT 2 268462.168393170 117 116 0 0.00858147221
FT 3 268462.201729837 126 121 0 0.00921580131
FT 4 268462.235066462 131 130 0 0.00678863086
FT 5 268462.268403045 138 136 0 0.00572710269
FT 6 268462.301739712 141 139 0 0.00759842743
FT 7 268462.335076295 142 138 0 0.00894071981
FT 8 268462.368413004 143 141 0 0.00795728122
FT 9 268462.401749545 145 143 0 0.0125593421
FT 10 268462.435086212 146 141 0 0.0051339123
FT 11 268462.468422879 145 136 0 0.00818775772
FT 12 268462.501759462 142 141 0 0.0059704633
FT 13 268462.535096129 147 146 0 0.00353706331
FT 14 268462.568432670 147 145 0 0.000776731178
FT 15 268462.601769254 149 149 0 0.00204150953
FT 16 268462.635105962 151 149 1 0.0055635881
FT 17 268462.668442504 152 150 0 0.0109826978
FT 18 268462.701779170 155 150 0 0.0118105899
FT 19 268462.735115837 158 154 1 0.00239712598
FT 20 268462.768452337 158 157 0 0.011932562
FT 21 268462.801789004 162 162 0 0.00419627043
FT 22 268462.835125629 162 159 0 0.00378963254
FT 23 268462.868462212 162 162 1 0.00101344197
FT 24 268462.901798879 166 164 1 0.00160054093
FT 25 268462.935135504 165 163 0 0.00510470393
FT 26 268462.968472087 165 162 0 0.00628528803
FT 27 268463.001808712 163 161 0 0.00671071107
FT 28 268463.035145379 165 162 1 0.0102210155
FT 29 268463.068481920 164 159 0 0.0130163585
FT 30 268463.185160045 160 137 0 0.0442143323
FT 31 268463.218496754 153 142 0 0.0149938102
FT 32 268463.251833295 158 155 1 0.0126490514
FT 33 268463.285169879 160 152 0 0.0167403589
FT 34 268463.318506504 160 157 0 0.0170901433
FT 35 268463.351843087 161 160 0 0.00864651809
FT 36 268463.385179712 166 157 0 0.0163328977
INIT 268462.135056670 268463.385179712 8 0.281922672 8.92330832 0.486303077 4.03837371 -0.00466198053 0.00183114855 0.00053154001 0 0 0
FT 37 268463.418516212 164 150 0 0.0186372522
FT 38 268463.451852837 150 144 0 0.0168267658
FT 39 268463.485189379 144 142 0 0.00968865735
SW 39 268463.485189379 1 182 217 14 0
FT 40 268463.518526045 161 161 0 0.00840598835
FT 41 268463.551862629 161 159 0 0.00652612501
FT 42 268463.585199212 159 157 0 0.00731094842
SW 42 268463.585199212 1 203 215 7 0
FT 43 268463.618535754 162 156 0 0.0197517046
FT 44 268463.651872462 156 151 0 0.0135642043
FT 45 268463.685209045 151 145 0 0.011713802
SW 45 268463.685209045 1 174 214 8 0
FT 46 268463.718545545 170 162 0 0.016072446
FT 47 268463.751882129 162 162 0 0.013600136
FT 48 268463.785218754 162 160 0 0.0138909872
SW 48 268463.785218754 1 187 201 5 0
FT 49 268463.818555212 173 170 0 0.0125403119
FT 50 268463.851891795 170 167 0 0.0088539911
FT 51 268463.885228379 167 163 0 0.00581354166
SW 51 268463.885228379 1 191 203 4 0
FT 52 268463.918564920 170 167 0 0.0104932462
FT 53 268463.951901504 167 160 0 0.0147099813
FT 54 268463.985238087 160 156 0 0.00718047796
SW 54 268463.985238087 1 196 202 2 0
FT 55 268464.018574670 169 165 0 0.0160180761
FT 56 268464.051911170 165 157 0 0.0178641867
FT 57 268464.085247712 157 155 0 0.015758709
SW 57 268464.085247712 1 187 205 2 0
FT 58 268464.118584295 169 168 0 0.010181269
FT 59 268464.151920795 168 166 0 0.00721934018
FT 60 268464.185257337 166 162 0 0.0107709045
SW 60 268464.185257337 1 196 201 1 0
FT 61 268464.218593837 175 169 0 0.013689542
FT 62 268464.251930462 169 165 0 0.008768863
FT 63 268464.285267045 165 163 0 0.010038078
SW 63 268464.285267045 1 198 207 1 0
FT 64 268464.318603420 172 172 0 0.00777748206
FT 65 268464.351940004 172 171 0 0.00638575763
FT 66 268464.385276545 171 161 0 0.0135220934
SW 66 268464.385276545 1 191 206 1 0
FT 67 268464.418613129 164 160 0 0.0149960908
FT 68 268464.451949629 160 157 0 0.0100563432
FT 69 268464.485286212 157 153 0 0.0125334671
SW 69 268464.485286212 1 184 194 2 0
FT 70 268464.518622795 164 161 0 0.00963557255
FT 71 268464.551959295 161 159 0 0.005836434
FT 72 268464.585295920 159 158 0 0.00961043406
SW 72 268464.585295920 1 189 196 2 0
FT 73 268464.618632295 164 163 0 0.00773383286
FT 74 268464.651968879 163 161 0 0.00244129984
FT 75 268464.685305462 161 161 0 0.0078876901
SW 75 268464.685305462 1 184 195 2 0
FT 76 268464.718642004 170 166 0 0.00979656208
FT 77 268464.751978462 166 164 0 0.00705887097
FT 78 268464.785315045 164 160 0 0.0151286617
SW 78 268464.785315045 1 181 192 2 0
FT 79 268464.818651587 167 162 0 0.019552307
FT 80 268464.851988129 162 156 0 0.0155705939
FT 81 268464.885324629 156 155 0 0.0079590219
SW 81 268464.885324629 1 174 187 3 0
FT 82 268464.918661129 162 159 0 0.0107842286
FT 83 268464.951997670 159 153 0 0.0177064948
FT 84 268464.985334212 153 149 0 0.0131605527
SW 84 268464.985334212 1 174 182 3 0
FT 85 268465.018670754 155 152 0 0.0119844457
FT 86 268465.052007212 152 150 0 0.0185593031
FT 87 268465.085343837 150 141 0 0.023084337
SW 87 268465.085343837 1 178 181 2 0
FT 88 268465.118911296 151 146 0 0.0167248299
FT 89 268465.152247921 146 145 0 0.0096079055
FT 90 268465.185584380 145 141 0 0.0117492451
SW 90 268465.185584380 1 176 187 4 0
FT 91 268465.218921046 154 150 0 0.0161129109
FT 92 268465.252257463 150 145 0 0.0107166502
FT 93 268465.285594005 145 142 0 0.0109970467
SW 93 268465.285594005 1 178 190 3 0
FT 94 268465.318930630 150 143 0 0.0120372925
FT 95 268465.352267046 143 139 0 0.00925918133
FT 96 268465.385603588 139 138 0 0.0121402046
SW 96 268465.385603588 1 173 188 4 0
FT 97 268465.418940171 152 149 0 0.0119943805
FT 98 268465.452276671 149 141 0 0.00925759379
FT 99 268465.485613171 141 134 0 0.00761656609
SW 99 268465.485613171 1 172 186 2 0
FT 100 268465.518949755 156 153 0 0.00599204491
FT 101 268465.552286255 153 145 0 0.00460860748
FT 102 268465.585622838 145 143 0 0.00419099878
SW 102 268465.585622838 1 181 189 1 0
FT 103 268465.618959421 159 156 0 0.00389022277
FT 104 268465.652295921 156 143 0 0.00901016845
FT 105 268465.685632421 143 139 0 0.0101965246
SW 105 268465.685632421 1 183 193 1 0
FT 106 268465.718968838 157 152 0 0.0032476338
FT 107 268465.752305463 152 147 0 0.00625975436
FT 108 268465.785642046 147 144 0 0.00750648589
SW 108 268465.785642046 1 185 197 1 0
FT 109 268465.818978546 167 166 0 0.00716041585
FT 110 268465.852315088 166 162 0 0.00751476391
FT 111 268465.885651630 162 161 0 0.00731448539
SW 111 268465.885651630 1 191 207 3 0
FT 112 268465.918988046 166 163 0 0.0094820665
FT 113 268465.952324671 163 158 0 0.0153467849
FT 114 268465.985661255 158 152 0 0.0170328335
SW 114 268465.985661255 1 190 198 2 0
FT 115 268466.018997713 160 154 0 0.0168138758
FT 116 268466.052334338 154 151 0 0.0189664374
FT 117 268466.085670880 151 149 0 0.016227155
SW 117 268466.085670880 1 180 199 4 0
FT 118 268466.119007213 164 159 0 0.0183465143
FT 119 268466.152343880 159 151 0 0.0191234141
FT 120 268466.185680421 151 143 0 0.0160094306
SW 120 268466.185680421 1 181 194 5 0
FT 121 268466.219016963 158 154 0 0.00994705423
FT 122 268466.252353505 154 150 0 0.00488507016
FT 123 268466.285690130 150 143 0 0.00757398891
SW 123 268466.285690130 1 189 198 5 0
FT 124 268466.319026546 163 157 0 0.00711607372
FT 125 268466.352363046 157 152 0 0.0116283536
FT 126 268466.385699546 152 148 0 0.0146112372
SW 126 268466.385699546 1 192 211 6 0
FT 127 268466.419036005 169 163 0 0.0177184379
FT 128 268466.452372546 163 158 0 0.0161155375
FT 129 268466.485709213 158 154 0 0.0103237162
SW 129 268466.485709213 1 197 213 6 0
FT 130 268466.519045671 171 169 0 0.0116833285
FT 131 268466.552382171 169 162 0 0.00848080046
FT 132 268466.585718755 162 156 0 0.00919919816
SW 132 268466.585718755 1 195 216 5 0
FT 133 268466.619055213 168 165 0 0.0117815814
FT 134 268466.652391671 165 156 0 0.0177727508
FT 135 268466.685728338 156 151 0 0.0175640359
SW 135 268466.685728338 1 191 209 6 0
FT 136 268466.719064713 167 166 0 0.0190635762
FT 137 268466.752401296 166 161 0 0.0167973733
FT 138 268466.785737796 161 158 0 0.0124520298
SW 138 268466.785737796 1 192 210 6 0
FT 139 268466.819074255 169 168 0 0.0126183505
FT 140 268466.852410755 168 166 0 0.00928448364
FT 141 268466.885747338 166 163 0 0.00720588119
SW 141 268466.885747338 1 193 208 6 0
FT 142 268466.919083796 170 164 0 0.00654145005
FT 143 268466.952420255 164 163 0 0.00787341037
FT 144 268466.985756755 163 162 0 0.0124240368
SW 144 268466.985756755 1 191 206 4 0
FT 145 268467.019093296 173 169 0 0.0115253538
FT 146 268467.052429755 169 159 0 0.00829832801
FT 147 268467.085766338 159 153 0 0.00593446209
SW 147 268467.085766338 1 183 202 5 0
FT 148 268467.119102713 164 163 0 0.00834329555
FT 149 268467.152439296 163 157 0 0.00240801836
FT 150 268467.185775796 157 152 0 0.0097374558
SW 150 268467.185775796 1 186 197 5 0
FT 151 268467.219112338 165 159 0 0.00874897789
FT 152 268467.252448755 159 147 0 0.0109183963
FT 153 268467.285785255 147 139 0 0.0176211523
SW 153 268467.285785255 1 190 201 6 0
FT 154 268467.319121713 155 145 0 0.00906323607
FT 155 268467.352458213 145 141 0 0.00698518959
FT 156 268467.385794713 141 137 0 0.00916665957
SW 156 268467.385794713 1 191 206 7 0
FT 157 268467.419131213 156 150 0 0.00805211286
FT 158 268467.452467713 150 146 0 0.0101494827
FT 159 268467.485804046 146 141 0 0.0109621485
SW 159 268467.485804046 1 192 215 7 0
FT 160 268467.519140588 150 146 0 0.00929050728
FT 161 268467.552477046 146 143 0 0.0119700352
FT 162 268467.585813588 143 138 0 0.00901444929
SW 162 268467.585813588 1 190 207 7 0
FT 163 268467.619150046 147 140 0 0.0166452415
FT 164 268467.652486463 140 137 0 0.0192204703
FT 165 268467.685823046 137 133 0 0.0286555135
SW 165 268467.685823046 1 175 203 5 0
FT 166 268467.719159505 146 142 0 0.0201435052
FT 167 268467.752496046 142 138 0 0.00826994851
FT 168 268467.785832546 138 136 0 0.00421377043
SW 168 268467.785832546 1 174 189 3 0
FT 169 268467.819168838 149 138 0 0.0110903551
FT 170 268467.852505505 138 132 0 0.016325251
FT 171 268467.885841963 132 125 0 0.0222639223
SW 171 268467.885841963 1 169 184 2 0
FT 172 268467.919178421 149 144 0 0.0195242174
FT 173 268467.952514921 144 138 0 0.00881722521
FT 174 268467.985851380 138 134 0 0.00919531713
SW 174 268467.985851380 1 179 192 2 0
FT 175 268468.019187838 153 143 0 0.00903099289
FT 176 268468.052524380 143 134 0 0.015389788
FT 177 268468.085860838 134 131 0 0.00534850178
SW 177 268468.085860838 1 182 195 2 0
FT 178 268468.119197338 149 142 0 0.00726203887
FT 179 268468.152533796 142 136 0 0.00881683753
FT 180 268468.185870213 136 131 0 0.0111897378
SW 180 268468.185870213 1 189 198 2 0
FT 181 268468.219206755 151 148 0 0.00651689372
FT 182 268468.252543171 148 138 0 0.0150137211
FT 183 268468.285879713 138 135 0 0.00951632559
SW 183 268468.285879713 1 187 206 2 0
FT 184 268468.319216088 158 153 0 0.00382620455
FT 185 268468.352552630 153 146 0 0.00461359324
FT 186 268468.385889213 146 142 0 0.00543241409
SW 186 268468.385889213 1 193 206 1 0
FT 187 268468.419225546 156 152 0 0.00885329734
FT 188 268468.452562046 152 148 0 0.00940490958
FT 189 268468.485898630 148 147 0 0.00213427954
SW 189 268468.485898630 1 188 207 1 0
FT 190 268468.519235005 155 149 0 0.00605003869
FT 191 268468.552571546 149 144 0 0.00847792674
FT 192 268468.585908046 144 141 0 0.0109149656
SW 192 268468.585908046 1 181 194 0 0
FT 193 268468.619244421 158 156 0 0.00327035513
FT 194 268468.652580880 156 153 0 0.00724858498
FT 195 268468.685917463 153 151 0 0.00789015939
SW 195 268468.685917463 1 186 197 0 0
FT 196 268468.719253880 161 159 1 0.00302263747
FT 197 268468.752590338 159 158 0 0.00651533677
FT 198 268468.785926838 158 157 1 0.0107517921
SW 198 268468.785926838 0 186 0 0 0
FT 199 268468.819263421 162 158 0 0.00610287112
FT 200 268468.852599838 158 152 0 0.00953030708
FT 201 268468.885936255 152 147 0 0.0124003673
SW 201 268468.885936255 1 179 198 1 0
FT 202 268468.919272796 156 154 0 0.0077623594
FT 203 268468.952609171 154 149 0 0.00768512544
FT 204 268468.985945713 149 138 0 0.00788916477
SW 204 268468.985945713 1 169 185 5 0
FT 205 268469.019282130 148 143 0 0.00868488315
FT 206 268469.052618671 143 138 0 0.00997932285
FT 207 268469.085955088 138 134 0 0.0126483893
SW 207 268469.085955088 1 165 181 10 0
FT 208 268469.119291713 161 150 0 0.0134519911
FT 209 268469.152628046 150 143 0 0.0144937052
FT 210 268469.185964546 143 137 0 0.014368043
SW 210 268469.185964546 1 179 195 12 0
FT 211 268469.219301046 151 148 0 0.0172057602
FT 212 268469.252637463 148 139 0 0.0188829966
FT 213 268469.285973963 139 137 0 0.0158080852
SW 213 268469.285973963 1 174 203 17 0
FT 214 268469.319310380 156 150 0 0.0149343928
FT 215 268469.352646963 150 141 0 0.012254621
FT 216 268469.385983380 141 130 0 0.011026792
SW 216 268469.385983380 1 177 205 14 0
FT 217 268469.419319921 154 146 0 0.0122997602
FT 218 268469.452656380 146 142 0 0.0118960657
FT 219 268469.485992838 142 137 0 0.0133338668
SW 219 268469.485992838 1 186 210 13 0
FT 220 268469.519329338 159 150 0 0.0157369172
FT 221 268469.552665713 150 136 0 0.0252428503
FT 222 268469.586002255 136 131 0 0.0305297467
SW 222 268469.586002255 1 189 217 11 0
FT 223 268469.619338671 168 162 0 0.029881957
FT 224 268469.652675171 162 153 0 0.0192467919
FT 225 268469.686011713 153 147 0 0.0112552233
SW 225 268469.686011713 1 208 228 8 0
FT 226 268469.719348046 164 157 0 0.017351091
FT 227 268469.752684546 157 150 0 0.018841213
FT 228 268469.786021005 150 144 0 0.00936670131
SW 228 268469.786021005 1 199 229 9 0
FT 229 268469.819357546 164 157 0 0.0098964388
FT 230 268469.852694046 157 150 0 0.017094427
FT 231 268469.886030421 150 146 0 0.0148413413
SW 231 268469.886030421 1 200 221 9 0
FT 232 268469.919366880 163 155 0 0.00866396915
FT 233 268469.952703380 155 145 0 0.0133982376
FT 234 268469.986039921 145 141 0 0.0144300143
SW 234 268469.986039921 1 190 222 8 0
FT 235 268470.019376296 157 150 0 0.0139320042
FT 236 268470.052712796 150 142 0 0.0134517667
FT 237 268470.086049296 142 141 0 0.0228044412
SW 237 268470.086049296 1 189 208 7 0
FT 238 268470.119385796 161 154 0 0.0235043625
FT 239 268470.152722255 154 151 0 0.0143028906
FT 240 268470.186058713 151 146 0 0.0123636154
SW 240 268470.186058713 1 190 212 6 0
FT 241 268470.219395088 160 155 0 0.0230277645
FT 242 268470.252731588 155 150 0 0.0250713246
FT 243 268470.286068046 150 144 0 0.016048023
SW 243 268470.286068046 1 195 209 3 0
FT 244 268470.319404546 169 166 0 0.0125676193
FT 245 268470.352740963 166 160 0 0.011574901
FT 246 268470.386077505 160 152 0 0.00992980852
SW 246 268470.386077505 1 195 214 1 0
FT 247 268470.419413963 165 160 0 0.0124361349
FT 248 268470.452750463 160 155 0 0.0124464927
FT 249 268470.486086880 155 151 0 0.0132993554
SW 249 268470.486086880 1 196 206 0 0
FT 250 268470.519423421 166 162 0 0.0159072529
FT 251 268470.552759755 162 155 0 0.0191669704
FT 252 268470.586096255 155 151 0 0.0163147941
SW 252 268470.586096255 1 199 210 0 0
FT 253 268470.619432713 164 159 0 0.0172879033
FT 254 268470.652769255 159 149 0 0.0254986434
FT 255 268470.686105671 149 147 0 0.0282200335
SW 255 268470.686105671 1 193 210 2 0
FT 256 268470.719442213 165 161 0 0.023026542
FT 257 268470.752778588 161 154 0 0.0208726087
FT 258 268470.786115130 154 147 0 0.0233812619
SW 258 268470.786115130 1 197 208 3 0
FT 259 268470.819451546 172 167 0 0.0203162398
FT 260 268470.852788005 167 162 0 0.0226684133
FT 261 268470.886124421 162 155 0 0.0279387612
SW 261 268470.886124421 1 201 217 5 0
FT 262 268470.919460963 173 164 0 0.0234812464
FT 263 268470.952797380 164 155 0 0.0190555868
FT 264 268470.986133921 155 152 0 0.0185675771
SW 264 268470.986133921 1 199 217 4 0
FT 265 268471.019470338 165 155 0 0.0225283651
FT 266 268471.052806796 155 151 0 0.0223098671
FT 267 268471.086143213 151 145 0 0.0208740941
SW 267 268471.086143213 1 192 211 4 0
FT 268 268471.119479713 157 148 0 0.0180812852
FT 269 268471.152816213 148 142 0 0.0140654782
FT 270 268471.186152713 142 138 0 0.00912285207
SW 270 268471.186152713 1 187 203 3 0
FT 271 268471.219489088 160 155 0 0.00491672521
FT 272 268471.252825546 155 149 0 0.00662641729
FT 273 268471.286162088 149 141 0 0.0139223927
SW 273 268471.286162088 1 195 207 3 0
FT 274 268471.319498421 158 156 0 0.0142237885
FT 275 268471.352834963 156 147 0 0.0114071489
FT 276 268471.386171421 147 146 0 0.00835637984
SW 276 268471.386171421 1 194 211 3 0
FT 277 268471.419507796 161 153 0 0.0159013703
FT 278 268471.452844296 153 145 0 0.0118291537
FT 279 268471.486180671 145 142 0 0.00296056916
SW 279 268471.486180671 1 192 209 2 0
FT 280 268471.519517130 158 155 0 0.0073416354
FT 281 268471.552853671 155 147 0 0.0115691351
FT 282 268471.586190171 147 141 0 0.00686269465
SW 282 268471.586190171 1 190 206 2 0
FT 283 268471.619526588 153 145 0 0.0176634778
FT 284 268471.652863088 145 136 0 0.0181689274
FT 285 268471.686199546 136 134 0 0.00411727698
SW 285 268471.686199546 1 185 200 1 0
FT 286 268471.719536005 159 153 0 0.0237733565
FT 287 268471.752872421 153 143 0 0.0353978911
FT 288 268471.786208921 143 134 0 0.0200778737
SW 288 268471.786208921 1 194 205 3 0
FT 289 268471.819545421 162 157 0 0.0118653427
FT 290 268471.852881880 157 151 0 0.0225910082
FT 291 268471.886218338 151 147 0 0.00903406173
SW 291 268471.886218338 1 196 214 2 0
FT 292 268471.919554671 160 157 0 0.018005932
FT 293 268471.952891171 157 155 0 0.0137902885
FT 294 268471.986227671 155 148 0 0.0198892845
SW 294 268471.986227671 1 195 210 2 0
FT 295 268472.019564088 159 151 0 0.0171974102
FT 296 268472.052900630 151 147 0 0.0152700932
FT 297 268472.086237088 147 147 0 0.00721110001
SW 297 268472.086237088 1 190 207 2 0
FT 298 268472.119573421 163 155 0 0.0154840231
FT 299 268472.152909963 155 152 0 0.0187546923
FT 300 268472.186246421 152 150 0 0.0147750863
SW 300 268472.186246421 1 181 202 2 0
FT 301 268472.219582921 161 154 0 0.0107927494
FT 302 268472.252919338 154 151 0 0.0156010994
FT 303 268472.286255796 151 148 0 0.0159144629
SW 303 268472.286255796 1 187 193 2 0
FT 304 268472.319592213 156 145 0 0.0208579707
FT 305 268472.352928671 145 136 0 0.0136589335
FT 306 268472.386265255 136 131 1 0.0123052027
SW 306 268472.386265255 0 187 0 0 0
FT 307 268472.419601671 151 143 0 0.0262839652
FT 308 268472.452938171 143 129 1 0.0314610529
FT 309 268472.486274588 129 119 0 0.0309933063
SW 309 268472.486274588 1 180 204 2 0
FT 310 268472.519611046 135 123 0 0.0321103238
FT 311 268472.552947380 123 119 1 0.0160446873
FT 312 268472.586283880 119 119 0 0.0102833885
SW 312 268472.586283880 1 182 190 1 0
FT 313 268472.619620380 138 131 0 0.030885627
FT 314 268472.652956755 131 125 0 0.0295175308
FT 315 268472.686293338 125 121 0 0.0105041639
SW 315 268472.686293338 1 181 195 2 0
FT 316 268472.719629796 155 149 0 0.0177777157
FT 317 268472.752966213 149 138 0 0.0269031724
FT 318 268472.786302671 138 134 0 0.0166755293
SW 318 268472.786302671 1 177 202 3 0
FT 319 268472.819639130 159 153 0 0.0180807744
FT 320 268472.852975546 153 149 0 0.0153136333
FT 321 268472.886311963 149 146 0 0.00876634218
SW 321 268472.886311963 1 175 200 3 0
FT 322 268472.919648505 164 155 0 0.0140527284
FT 323 268472.952985005 155 149 0 0.0158141243
FT 324 268472.986321380 149 148 0 0.0107264807
SW 324 268472.986321380 1 179 190 3 0
FT 325 268473.019657838 160 157 0 0.0116782648
FT 326 268473.052994213 157 152 0 0.0174394587
FT 327 268473.086330796 152 149 0 0.0124744922
SW 327 268473.086330796 1 176 189 3 0
FT 328 268473.119667130 160 151 0 0.0225517295
FT 329 268473.153003630 151 146 0 0.0176666231
FT 330 268473.186340088 146 145 0 0.0105274349
SW 330 268473.186340088 1 177 186 3 0
FT 331 268473.219676630 165 159 0 0.0204342287
FT 332 268473.253012963 159 149 0 0.0258956172
FT 333 268473.286349421 149 145 0 0.0211730401
SW 333 268473.286349421 1 179 191 4 0
FT 334 268473.319685963 157 151 0 0.0242764196
FT 335 268473.353022463 151 148 0 0.0256699244
FT 336 268473.386358796 148 144 0 0.0220317091
SW 336 268473.386358796 1 177 192 5 0
FT 337 268473.419695296 159 152 0 0.0311561058
FT 338 268473.453031713 152 144 0 0.0318752518
FT 339 268473.486368171 144 143 0 0.021873381
SW 339 268473.486368171 1 182 194 6 0
FT 340 268473.519704671 159 152 0 0.0277567491
FT 341 268473.553041046 152 142 0 0.0282513917
FT 342 268473.586377505 142 136 0 0.0185286762
SW 342 268473.586377505 1 181 202 9 1
FT 343 268473.619713963 151 145 0 0.0134828185
FT 344 268473.653050463 145 139 0 0.016915401
FT 345 268473.686386838 139 138 0 0.0142699642
SW 345 268473.686386838 1 182 202 8 0
FT 346 268473.719723296 165 158 0 0.0139247633
FT 347 268473.753059796 158 153 0 0.00962760587
FT 348 268473.786396213 153 149 0 0.0108920888
SW 348 268473.786396213 1 191 210 10 0
FT 349 268473.819732546 164 158 0 0.0067828761
FT 350 268473.853069171 158 152 0 0.0192940223
FT 351 268473.886405546 152 146 0 0.026600131
SW 351 268473.886405546 1 191 214 10 0
FT 352 268473.919742005 164 153 0 0.0261385674
FT 353 268473.953078505 153 148 0 0.0239482631
FT 354 268473.986414963 148 143 0 0.0136579183
SW 354 268473.986414963 1 178 212 13 0
FT 355 268474.019751296 162 155 0 0.0173594369
FT 356 268474.053087796 155 145 0 0.00311059379
FT 357 268474.086424213 145 142 0 0.00806680933
SW 357 268474.086424213 1 183 205 13 0
FT 358 268474.119760671 162 158 0 0.0121239797
FT 359 268474.153097213 158 155 0 0.0115261105
FT 360 268474.186433671 155 151 0 0.00579730335
SW 360 268474.186433671 1 188 212 15 0
FT 361 268474.219770005 166 158 0 0.00689086214
FT 362 268474.253106380 158 154 0 0.0126604802
FT 363 268474.286442880 154 147 0 0.0157828436
SW 363 268474.286442880 1 183 215 16 0
FT 364 268474.319779338 162 155 0 0.00897089533
FT 365 268474.353115838 155 147 0 0.00742667754
FT 366 268474.386452255 147 142 0 0.0108363948
SW 366 268474.386452255 1 181 209 14 0
FT 367 268474.419788755 160 156 0 0.00714399817
FT 368 268474.453125213 156 145 0 0.012438686
FT 369 268474.486461588 145 136 0 0.0203977904
SW 369 268474.486461588 1 180 209 14 0
FT 370 268474.519798088 155 146 0 0.0195220074
FT 371 268474.553134505 146 137 0 0.0204245804
FT 372 268474.586470963 137 130 0 0.0215503499
SW 372 268474.586470963 1 190 209 12 0
FT 373 268474.619807421 136 126 0 0.0220063511
FT 374 268474.653143796 126 121 0 0.0183644551
FT 375 268474.686480338 121 114 0 0.0201536978
SW 375 268474.686480338 1 176 204 12 0
FT 376 268474.719816671 136 123 0 0.0189072756
FT 377 268474.753153213 123 118 0 0.0170296728
FT 378 268474.786489630 118 113 0 0.0182059461
SW 378 268474.786489630 1 175 201 11 0
FT 379 268474.819826088 125 120 0 0.0206596297
FT 380 268474.853162463 120 110 0 0.0151925076
FT 381 268474.886499046 110 109 0 0.00886671167
SW 381 268474.886499046 1 164 192 8 0
FT 382 268474.919835296 118 117 0 0.00199675524
FT 383 268474.953171838 117 114 0 0.00861084804
FT 384 268474.986508255 114 114 0 0.00516816866
SW 384 268474.986508255 1 151 180 8 0
FT 385 268475.019844713 125 120 0 0.0127632946
FT 386 268475.053181213 120 114 0 0.0190644537
FT 387 268475.086517588 114 112 0 0.00962718564
SW 387 268475.086517588 1 141 167 8 0
FT 388 268475.119854088 126 121 0 0.014308904
FT 389 268475.153190546 121 112 0 0.0191174936
FT 390 268475.186527005 112 107 0 0.0146516864
SW 390 268475.186527005 1 134 155 7 0
FT 391 268475.219863380 128 126 0 0.0127467212
FT 392 268475.253199838 126 121 0 0.020299109
FT 393 268475.286536255 121 111 0 0.0294767278
SW 393 268475.286536255 1 137 154 7 0
FT 394 268475.319872755 118 107 0 0.0312054654
FT 395 268475.353209255 107 101 0 0.0214728442
FT 396 268475.386545671 101 96 0 0.0388275436
SW 396 268475.386545671 1 142 151 6 0
FT 397 268475.419881963 113 99 0 0.0284878848
FT 398 268475.453218463 99 99 0 0.0219021051
FT 399 268475.486554963 99 98 0 0.0196857208
SW 399 268475.486554963 1 145 161 6 0
FT 400 268475.519891338 118 107 0 0.0191192062
FT 401 268475.553227796 107 105 0 0.0181256094
FT 402 268475.586564338 105 102 0 0.0230193698
SW 402 268475.586564338 1 147 164 6 0
FT 403 268475.619900588 120 113 0 0.0310228312
FT 404 268475.653237213 113 111 0 0.0172733414
FT 405 268475.686573588 111 110 0 0.014944556
SW 405 268475.686573588 1 151 167 7 0
FT 406 268475.719910046 130 126 0 0.0130715841
FT 407 268475.753246463 126 121 0 0.0232093352
FT 408 268475.786582921 121 117 0 0.00971323176
SW 408 268475.786582921 1 146 175 7 0
FT 409 268475.819919380 129 127 0 0.00956759711
FT 410 268475.853255838 127 127 0 0.0144774567
FT 411 268475.886592213 127 123 0 0.0143842096
SW 411 268475.886592213 1 147 164 6 0
FT 412 268475.919928671 135 130 0 0.00787743856
FT 413 268475.953265171 130 128 0 0.00767977888
FT 414 268475.986601546 128 126 0 0.00596284945
SW 414 268475.986601546 1 149 163 5 0
FT 415 268476.019938046 134 132 0 0.00647815443
FT 416 268476.053274505 132 126 0 0.00834328768
FT 417 268476.086610838 126 125 0 0.00597971882
SW 417 268476.086610838 1 147 158 5 0
FT 418 268476.119947380 140 135 0 0.011384271
FT 419 268476.153283796 135 132 1 0.0150326149
FT 420 268476.186620130 132 126 0 0.0194470754
SW 420 268476.186620130 1 143 158 5 0
FT 421 268476.219956671 131 129 1 0.0181861696
FT 422 268476.253293088 129 128 1 0.00894662605
FT 423 268476.286629505 128 124 1 0.0161240916
SW 423 268476.286629505 0 143 0 0 0
FT 424 268476.319965963 133 129 0 0.0202397859
FT 425 268476.353302421 129 126 0 0.0119451706
FT 426 268476.386638838 126 126 1 0.0171590493
SW 426 268476.386638838 0 143 0 0 0
FT 427 268476.419975338 145 134 0 0.0204288993
FT 428 268476.453311713 134 127 1 0.0221906918
FT 429 268476.486648213 127 127 1 0.0150123785
SW 429 268476.486648213 0 143 0 0 0
FT 430 268476.519984546 138 138 0 0.0180742546
FT 431 268476.553320963 138 131 0 0.0218659725
FT 432 268476.586657463 131 124 0 0.0196403287
SW 432 268476.586657463 1 150 168 6 0
FT 433 268476.619993796 140 135 0 0.0107705224
FT 434 268476.653330338 135 133 0 0.01432902
FT 435 268476.686666796 133 127 0 0.0168821305
SW 435 268476.686666796 1 150 166 11 0
FT 436 268476.720003255 139 132 0 0.0168248721
FT 437 268476.753339588 132 122 0 0.0157960659
FT 438 268476.786676171 122 121 0 0.0104579802
SW 438 268476.786676171 1 151 169 13 0
FT 439 268476.820012463 132 127 0 0.00603621467
FT 440 268476.853349005 127 119 0 0.0230742661
FT 441 268476.886685463 119 109 0 0.0174941688
SW 441 268476.886685463 1 141 169 14 0
FT 442 268476.920021796 120 96 0 0.0357393783
FT 443 268476.953358255 96 92 0 0.0288486157
FT 444 268476.986694713 92 90 0 0.0154264877
SW 444 268476.986694713 1 142 157 7 0
FT 445 268477.020031130 127 109 0 0.0496020518
FT 446 268477.053367671 109 101 0 0.0372239966
FT 447 268477.086704088 101 100 0 0.0181259221
SW 447 268477.086704088 1 153 169 9 0
FT 448 268477.120040505 124 114 0 0.0328702605
FT 449 268477.153376838 114 106 0 0.0230820869
FT 450 268477.186713338 106 102 0 0.0248849919
SW 450 268477.186713338 1 152 176 10 0
FT 451 268477.220049755 130 127 0 0.0159473309
FT 452 268477.253386213 127 126 0 0.0105348884
FT 453 268477.286722713 126 126 0 0.0122954295
SW 453 268477.286722713 1 161 187 9 0
FT 454 268477.320059046 132 126 0 0.0157496068
FT 455 268477.353395505 126 120 0 0.017040186
FT 456 268477.386732005 120 118 0 0.0190910151
SW 456 268477.386732005 1 145 175 9 0
FT 457 268477.420068338 138 138 0 0.00737955864
FT 458 268477.453404880 138 117 0 0.0299922456
FT 459 268477.486741296 117 104 0 0.0258363309
SW 459 268477.486741296 1 143 161 8 0
FT 460 268477.520077755 143 143 0 0.019687621
FT 461 268477.553414088 143 140 0 0.0188041143
FT 462 268477.586750546 140 119 0 0.0350525565
SW 462 268477.586750546 1 153 172 7 0
FT 463 268477.620087046 140 128 0 0.0251069751
FT 464 268477.653423380 128 125 0 0.0167021419
FT 465 268477.686759796 125 119 0 0.0213963546
SW 465 268477.686759796 1 167 175 7 0
FT 466 268477.720096296 146 135 0 0.0262916998
FT 467 268477.753432755 135 131 0 0.0141044025
FT 468 268477.786769213 131 130 0 0.0181759467
SW 468 268477.786769213 1 173 192 6 0
FT 469 268477.820105630 164 156 0 0.0211114491
FT 470 268477.853441963 156 147 0 0.0201435156
FT 471 268477.886778463 147 127 0 0.0213007622
SW 471 268477.886778463 1 172 198 5 0
FT 472 268477.920114880 162 142 0 0.0293066492
FT 473 268477.953451380 142 121 0 0.0200992344
FT 474 268477.986787880 121 92 0 0.0355338371
SW 474 268477.986787880 1 175 185 4 0
FT 475 268478.020124171 151 101 0 0.0479696447
FT 476 268478.053460671 101 75 0 0.026460285
FT 477 268478.086797088 75 71 0 0.0206290281
SW 477 268478.086797088 1 172 191 4 0
FT 478 268478.120133505 134 118 0 0.0182834742
FT 479 268478.153469880 118 107 0 0.0214985533
FT 480 268478.186806421 107 98 0 0.0230087881
SW 480 268478.186806421 1 201 212 4 0
FT 481 268478.220142671 147 132 0 0.0188797995
FT 482 268478.253479213 132 116 0 0.0180083645
FT 483 268478.286815630 116 111 0 0.0193966814
SW 483 268478.286815630 1 211 237 4 0
FT 484 268478.320152130 140 130 0 0.0182141713
FT 485 268478.353488421 130 120 0 0.00749973959
FT 486 268478.386825005 120 111 0 0.00852485067
SW 486 268478.386825005 1 182 230 5 0
FT 487 268478.420161421 139 134 0 0.00296468756
FT 488 268478.453497796 134 128 0 0.0084528762
FT 489 268478.486834296 128 123 0 0.00865638619
SW 489 268478.486834296 1 173 210 4 0
FT 490 268478.520170671 142 131 0 0.0069352449
FT 491 268478.553507171 131 120 0 0.0112721619
FT 492 268478.586843630 120 114 0 0.00894033182
SW 492 268478.586843630 1 175 189 5 0
FT 493 268478.620180046 138 133 0 0.00659541098
FT 494 268478.653516421 133 125 0 0.0144810191
FT 495 268478.686852880 125 118 0 0.0115780646
SW 495 268478.686852880 1 172 195 4 0
FT 496 268478.720189213 141 120 0 0.0196286421
FT 497 268478.753525755 120 105 0 0.0239406317
FT 498 268478.786862046 105 100 0 0.0256527228
SW 498 268478.786862046 1 166 187 6 0
FT 499 268478.820198546 130 108 0 0.0280480693
FT 500 268478.853535005 108 104 0 0.0118085673
FT 501 268478.886871463 104 100 0 0.00226932181
SW 501 268478.886871463 1 175 193 7 0
FT 502 268478.920207796 129 117 0 0.00342225299
FT 503 268478.953544255 117 112 0 0.00533605561
FT 504 268478.986880671 112 104 0 0.0175074196
SW 504 268478.986880671 1 173 203 9 0
FT 505 268479.020217171 132 128 0 0.02088385
FT 506 268479.053553588 128 117 0 0.0280894107
FT 507 268479.086889921 117 110 0 0.0273646314
SW 507 268479.086889921 1 181 200 8 0
FT 508 268479.120226380 131 127 0 0.0159946332
FT 509 268479.153562838 127 124 0 0.0137055977
FT 510 268479.186899296 124 121 0 0.0171756593
SW 510 268479.186899296 1 167 207 11 0
FT 511 268479.220235671 134 133 0 0.0129323229
FT 512 268479.253572171 133 129 0 0.011636204
FT 513 268479.286908546 129 125 0 0.00491000026
SW 513 268479.286908546 1 158 188 9 0
FT 514 268479.320245005 139 134 0 0.00371382449
FT 515 268479.353581421 134 129 0 0.00938423767
FT 516 268479.386917838 129 125 0 0.00362389764
SW 516 268479.386917838 1 151 176 8 0
FT 517 268479.420254171 144 143 0 0.00256170457
FT 518 268479.453590713 143 139 0 0.0124366206
FT 519 268479.486927088 139 130 0 0.0180186638
SW 519 268479.486927088 1 155 175 8 0
FT 520 268479.520263463 140 136 0 0.017072487
FT 521 268479.553599921 136 132 0 0.0109201781
FT 522 268479.586936380 132 127 0 0.00968354713
SW 522 268479.586936380 1 158 169 4 0
FT 523 268479.620272755 146 138 0 0.00565881677
FT 524 268479.653609171 138 134 0 0.0139116031
FT 525 268479.686945713 134 129 0 0.0153385966
SW 525 268479.686945713 1 168 179 5 0
FT 526 268479.720282046 153 136 0 0.0243084341
FT 527 268479.753618588 136 130 0 0.0210440621
FT 528 268479.786955005 130 123 0 0.0181302902
SW 528 268479.786955005 1 173 190 8 0
FT 529 268479.820291338 154 142 0 0.0196137113
FT 530 268479.853627796 142 129 0 0.0145181519
FT 531 268479.886964171 129 127 0 0.00244871021
SW 531 268479.886964171 1 186 203 6 0
FT 532 268479.920300588 158 144 0 0.0260815755
FT 533 268479.953637046 144 141 0 0.0104496038
FT 534 268479.986973421 141 138 1 0.0131819181
SW 534 268479.986973421 0 186 0 0 0
FT 535 268480.020309880 156 154 0 0.0130286879
FT 536 268480.053646338 154 153 0 0.0176093611
FT 537 268480.086982796 153 149 0 0.022304678
SW 537 268480.086982796 1 187 218 8 0
FT 538 268480.120319213 160 133 0 0.035438425
FT 539 268480.153655588 133 109 0 0.0530254388
FT 540 268480.186992005 109 90 0 0.0604542674
SW 540 268480.186992005 1 167 197 7 0
FT 541 268480.220328463 132 97 0 0.0556500074
FT 542 268480.253664838 97 87 0 0.0600074754
FT 543 268480.287001380 87 79 0 0.0565247221
SW 543 268480.287001380 1 163 189 8 0
FT 544 268480.320337671 129 125 0 0.0343414559
FT 545 268480.353674171 125 117 0 0.0138314963
FT 546 268480.387010546 117 114 0 0.0182153602
SW 546 268480.387010546 1 198 209 8 0
FT 547 268480.420346963 123 119 0 0.0110387918
FT 548 268480.453683421 119 115 0 0.0151192717
FT 549 268480.487019796 115 111 0 0.0188825945
SW 549 268480.487019796 1 201 213 11 0
FT 550 268480.520356213 132 124 0 0.0198719084
FT 551 268480.553692671 124 111 0 0.0235827348
FT 552 268480.587029130 111 108 0 0.00926769602
SW 552 268480.587029130 1 153 223 8 0
FT 553 268480.620365505 133 116 0 0.025893553
FT 554 268480.653701921 116 102 0 0.0312792723
FT 555 268480.687038338 102 97 0 0.0246592177
SW 555 268480.687038338 1 139 177 12 0
FT 556 268480.720374796 118 113 0 0.0248009449
FT 557 268480.753711171 113 102 0 0.0219412612
FT 558 268480.787047588 102 97 0 0.0194459742
SW 558 268480.787047588 1 157 166 6 0
FT 559 268480.820384046 129 124 0 0.0154980246
FT 560 268480.853720463 124 113 0 0.0330815646
FT 561 268480.887056921 113 105 0 0.0169509764
SW 561 268480.887056921 1 168 183 5 0
FT 562 268480.920393380 132 129 0 0.0216585071
FT 563 268480.953729796 129 119 0 0.0339911607
FT 564 268480.987066171 119 106 0 0.0511584263
SW 564 268480.987066171 1 168 188 6 0
FT 565 268481.020402630 131 120 0 0.0393479765
FT 566 268481.053739046 120 116 0 0.0282687784
FT 567 268481.087075463 116 108 0 0.0294723854
SW 567 268481.087075463 1 159 193 7 0
FT 568 268481.120411880 129 114 0 0.032353516
FT 569 268481.153748338 114 105 0 0.0210911857
FT 570 268481.187084755 105 99 0 0.0162800317
SW 570 268481.187084755 1 150 177 12 0
FT 571 268481.220421171 123 115 0 0.0199618606
FT 572 268481.253757505 115 106 0 0.0175790702
FT 573 268481.287094005 106 104 0 0.0168917217
SW 573 268481.287094005 1 149 178 17 0
FT 574 268481.320430380 147 140 0 0.0209844338
FT 575 268481.353766838 140 134 0 0.0241655966
FT 576 268481.387103296 134 129 0 0.0249081591
SW 576 268481.387103296 1 176 202 12 0
FT 577 268481.420439630 155 140 0 0.0255743381
FT 578 268481.453776130 140 131 0 0.0182541638
FT 579 268481.487112588 131 127 0 0.0188493362
SW 579 268481.487112588 1 179 206 10 0
FT 580 268481.520448921 147 135 0 0.0193098509
FT 581 268481.553785421 135 124 0 0.0157992274
FT 582 268481.587121880 124 121 0 0.0185062102
SW 582 268481.587121880 1 177 203 6 0
FT 583 268481.620458296 147 139 0 0.017773439
FT 584 268481.653794713 139 130 0 0.0150037085
FT 585 268481.687131005 130 120 0 0.017224513
SW 585 268481.687131005 1 188 204 5 0
FT 586 268481.720467546 158 140 0 0.0145988641
FT 587 268481.753804046 140 133 0 0.00592411729
FT 588 268481.787140338 133 129 0 0.00464078082
SW 588 268481.787140338 1 201 218 6 0
FT 589 268481.820476838 161 153 0 0.00866194393
FT 590 268481.853813296 153 149 0 0.0102061488
FT 591 268481.887149755 149 144 0 0.0124005093
SW 591 268481.887149755 1 207 234 7 0
FT 592 268481.920486255 159 154 0 0.0133526026
FT 593 268481.953822671 154 149 0 0.0140798456
FT 594 268481.987159046 149 145 0 0.0104062516
SW 594 268481.987159046 1 199 226 7 0
FT 595 268482.020495630 163 151 0 0.0101921337
FT 596 268482.053831963 151 139 0 0.0108848515
FT 597 268482.087168380 139 131 0 0.0112822024
SW 597 268482.087168380 1 191 220 7 0
FT 598 268482.120504755 158 154 0 0.0107619846
FT 599 268482.153841255 154 142 0 0.0300897036
FT 600 268482.187177755 142 135 0 0.0355152541
SW 600 268482.187177755 1 192 216 8 0
FT 601 268482.220514088 154 145 0 0.026060474
FT 602 268482.253850588 145 140 0 0.0160223187
FT 603 268482.287186963 140 133 0 0.0129549912
SW 603 268482.287186963 1 200 216 4 0
FT 604 268482.320523380 153 147 0 0.00455889927
FT 605 268482.353859880 147 138 0 0.00386501379
FT 606 268482.387196255 138 134 0 0.00463096153
SW 606 268482.387196255 1 207 221 3 0
FT 607 268482.420532713 155 149 0 0.00472371377
FT 608 268482.453869171 149 148 0 0.0101636537
FT 609 268482.487205546 148 141 0 0.0148203039
SW 609 268482.487205546 1 196 225 1 0
FT 610 268482.520541880 158 151 0 0.0150757259
FT 611 268482.553878296 151 135 0 0.0133400861
FT 612 268482.587214838 135 124 0 0.0115319655
SW 612 268482.587214838 1 191 206 1 0
FT 613 268482.620551213 154 146 0 0.00961110833
FT 614 268482.653887755 146 135 0 0.0224529771
FT 615 268482.687224005 135 126 0 0.0352990346
SW 615 268482.687224005 1 189 209 2 0
FT 616 268482.720560546 158 142 0 0.0311239864
FT 617 268482.753896838 142 132 0 0.0199409027
FT 618 268482.787233213 132 124 0 0.0199272073
SW 618 268482.787233213 1 190 210 4 0
FT 619 268482.820569713 155 153 0 0.0197693139
FT 620 268482.853906005 153 141 0 0.0184979489
FT 621 268482.887242505 141 133 0 0.0170423058
SW 621 268482.887242505 1 205 217 4 0
FT 622 268482.920578796 162 156 0 0.0241378099
FT 623 268482.953915130 156 142 0 0.0339679592
FT 624 268482.987251671 142 136 0 0.0266445202
SW 624 268482.987251671 1 197 228 5 0
FT 625 268483.020588046 158 146 0 0.032164349
FT 626 268483.053924380 146 133 0 0.028555122
FT 627 268483.087260880 133 126 0 0.0292830279
SW 627 268483.087260880 1 196 218 7 0
FT 628 268483.120597213 163 145 0 0.0333663612
FT 629 268483.153933630 145 127 0 0.0365084484
FT 630 268483.187270005 127 119 0 0.0354385997
SW 630 268483.187270005 1 197 226 8 0
FT 631 268483.220606463 151 142 0 0.0347828271
FT 632 268483.253942713 142 130 0 0.0340728557
FT 633 268483.287279255 130 122 0 0.0262825147
SW 633 268483.287279255 1 208 229 7 0
FT 634 268483.320615463 150 146 0 0.0147819844
FT 635 268483.353951880 146 132 0 0.0104559612
FT 636 268483.387288296 132 124 0 0.0119116375
SW 636 268483.387288296 1 213 237 8 0
FT 637 268483.420624713 162 156 0 0.0148533793
FT 638 268483.453961171 156 142 0 0.0187013729
FT 639 268483.487297546 142 132 0 0.0189483898
SW 639 268483.487297546 1 203 247 18 0
FT 640 268483.520633921 156 145 0 0.0109159482
FT 641 268483.553970255 145 138 0 0.00742176095
FT 642 268483.587306588 138 134 0 0.0103611094
SW 642 268483.587306588 1 196 240 14 0
FT 643 268483.620643005 158 148 0 0.0128265473
FT 644 268483.653979463 148 138 0 0.0162701874
FT 645 268483.687315755 138 132 0 0.0074874728
SW 645 268483.687315755 1 203 231 7 0
FT 646 268483.720652213 165 163 0 0.00427208327
FT 647 268483.753988505 163 153 0 0.00663076447
FT 648 268483.787324921 153 145 0 0.00425102319
SW 648 268483.787324921 1 209 236 7 0
FT 649 268483.820661296 161 160 0 0.00660994341
FT 650 268483.853997630 160 155 0 0.0089534028
FT 651 268483.887334130 155 148 0 0.0104075809
SW 651 268483.887334130 1 209 232 5 0
FT 652 268483.920670505 166 157 0 0.0104104827
FT 653 268483.954006838 157 148 0 0.00928854616
FT 654 268483.987343255 148 145 0 0.00508189983
SW 654 268483.987343255 1 206 228 5 0
FT 655 268484.020679588 167 158 0 0.0141310467
FT 656 268484.054016046 158 144 0 0.021613866
FT 657 268484.087352380 144 121 0 0.025422353
SW 657 268484.087352380 1 195 220 2 0
FT 658 268484.120688713 158 135 0 0.0278202469
FT 659 268484.154025088 135 122 0 0.0234283221
FT 660 268484.187361588 122 110 0 0.016189842
SW 660 268484.187361588 1 203 218 2 0
FT 661 268484.220697880 157 143 0 0.0168200484
FT 662 268484.254034213 143 135 0 0.0115481252
FT 663 268484.287370713 135 128 0 0.00768897473
SW 663 268484.287370713 1 228 243 2 0
FT 664 268484.320707088 160 139 0 0.0270705264
FT 665 268484.354043546 139 124 0 0.0245830515
FT 666 268484.387379713 124 114 0 0.0118335158
SW 666 268484.387379713 1 230 251 4 0
FT 667 268484.420716130 164 151 0 0.00716535316
FT 668 268484.454052463 151 141 0 0.0173686628
FT 669 268484.487388838 141 129 0 0.0127367068
SW 669 268484.487388838 1 221 264 10 0
FT 670 268484.520725296 162 144 0 0.015831447
FT 671 268484.554061671 144 131 0 0.0151961798
FT 672 268484.587398005 131 105 0 0.0238100672
SW 672 268484.587398005 1 198 250 20 0
FT 673 268484.620734421 167 126 0 0.0285352524
FT 674 268484.654070755 126 101 0 0.0188597691
FT 675 268484.687407213 101 85 0 0.0173111498
SW 675 268484.687407213 1 204 242 18 0
FT 676 268484.720743546 160 118 0 0.0170247361
FT 677 268484.754080005 118 102 0 0.0212971996
FT 678 268484.787416380 102 95 0 0.0265803212
SW 678 268484.787416380 1 213 261 13 0
FT 679 268484.820752755 157 139 0 0.0165160682
FT 680 268484.854089046 139 120 0 0.0109319069
FT 681 268484.887425421 120 112 0 0.00784998647
SW 681 268484.887425421 1 244 265 6 0
FT 682 268484.920761838 150 130 0 0.0119705998
FT 683 268484.954098171 130 115 0 0.0225990202
FT 684 268484.987434588 115 101 0 0.0245754292
SW 684 268484.987434588 1 222 267 2 0
FT 685 268485.020770880 147 131 0 0.0190707792
FT 686 268485.054107296 131 115 0 0.0254033404
FT 687 268485.087443713 115 95 0 0.0246556914
SW 687 268485.087443713 1 201 248 3 0
FT 688 268485.120780088 137 106 0 0.022998139
FT 689 268485.154116380 106 84 0 0.0236882066
FT 690 268485.187452921 84 70 0 0.0225264893
SW 690 268485.187452921 1 185 217 3 0
FT 691 268485.220789296 127 87 0 0.0238667233
FT 692 268485.254125505 87 74 0 0.0245616614
FT 693 268485.287461880 74 63 0 0.0174499078
SW 693 268485.287461880 1 181 205 2 0
FT 694 268485.320798255 112 75 0 0.0154685968
FT 695 268485.354134713 75 57 0 0.0262500435
FT 696 268485.387471088 57 34 0 0.0167792344
SW 696 268485.387471088 1 152 185 5 0
FT 697 268485.420807421 81 52 0 0.018685075
FT 698 268485.454143755 52 39 0 0.0291054822
FT 699 268485.487480171 39 31 0 0.0272002613
SW 699 268485.487480171 1 133 167 4 0
FT 700 268485.520816546 56 41 0 0.0264025225
FT 701 268485.554152921 41 27 0 0.0189444227
FT 702 268485.587489255 27 21 0 0.0178808074
SW 702 268485.587489255 1 102 143 3 0
FT 703 268485.620825755 33 21 0 0.0273989009
FT 704 268485.654161963 21 17 0 0.0302076938
FT 705 268485.687498338 17 16 0 0.0224853528
SW 705 268485.687498338 1 82 108 2 0
FT 706 268485.720834796 24 22 0 0.0205830708
FT 707 268485.754171255 22 20 0 0.021698053
FT 708 268485.787507546 20 17 0 0.0242727616
SW 708 268485.787507546 1 55 89 3 0
FT 709 268485.820844005 28 22 0 0.0208037067
FT 710 268485.854180338 22 21 0 0.0121826676
FT 711 268485.887516671 21 20 0 0.0137528943
SW 711 268485.887516671 1 47 63 3 0
FT 712 268485.920853130 33 31 0 0.0237341117
FT 713 268485.954189380 31 30 0 0.0252275844
FT 714 268485.987525880 30 29 0 0.0227999508
SW 714 268485.987525880 1 39 59 4 0
FT 715 268486.020862213 52 52 0 0.0175369993
FT 716 268486.054198505 52 51 0 0.0137284798
FT 717 268486.087534838 51 50 0 0.0217566102
SW 717 268486.087534838 1 50 64 6 0
FT 718 268486.120871255 63 52 0 0.0239013057
FT 719 268486.154207588 52 49 0 0.0197352856
FT 720 268486.187543963 49 45 0 0.0228738273
SW 720 268486.187543963 1 51 62 7 0
FT 721 268486.220880421 63 51 0 0.0330383262
FT 722 268486.254216755 51 41 0 0.0368607422
FT 723 268486.287553130 41 38 0 0.0250733085
SW 723 268486.287553130 1 61 69 6 0
FT 724 268486.320889505 75 71 0 0.0182681175
FT 725 268486.354225880 71 67 0 0.0174709807
FT 726 268486.387562296 67 65 0 0.0141449484
SW 726 268486.387562296 1 89 95 6 0
FT 727 268486.420898630 79 77 0 0.0193292551
FT 728 268486.454235005 77 76 0 0.0237896973
FT 729 268486.487571380 76 73 0 0.0223200542
SW 729 268486.487571380 1 97 106 9 0
FT 730 268486.520907713 86 81 0 0.0235908629
FT 731 268486.554244088 81 77 0 0.0258751584
FT 732 268486.587580338 77 70 0 0.0175718114
SW 732 268486.587580338 1 94 114 9 0
FT 733 268486.620916838 90 85 0 0.00670479849
FT 734 268486.654253213 85 84 0 0.00298046593
FT 735 268486.687589505 84 80 0 0.0116943441
SW 735 268486.687589505 1 87 116 11 0
FT 736 268486.720925838 103 96 0 0.0125773483
FT 737 268486.754262255 96 81 0 0.011147441
FT 738 268486.787598588 81 65 0 0.0247049776
SW 738 268486.787598588 1 98 109 10 0
FT 739 268486.820934963 87 72 0 0.0200642797
FT 740 268486.854271380 72 54 0 0.0148461204
FT 741 268486.887607671 54 42 0 0.0294019828
SW 741 268486.887607671 1 100 112 9 0
FT 742 268486.920944046 97 57 0 0.0279624882
FT 743 268486.954280463 57 35 0 0.0229865379
FT 744 268486.987616838 35 30 0 0.0271286502
SW 744 268486.987616838 1 93 119 15 0
FT 745 268487.020953213 59 54 0 0.0299399693
FT 746 268487.054289630 54 51 0 0.0174757909
FT 747 268487.087625963 51 46 0 0.0163414424
SW 747 268487.087625963 1 114 128 11 0
FT 748 268487.120962213 75 69 0 0.014680839
FT 749 268487.154298630 69 66 0 0.0191613021
FT 750 268487.187635005 66 63 0 0.0179070387
SW 750 268487.187635005 1 106 146 14 0
FT 751 268487.220971380 71 70 0 0.013013474
FT 752 268487.254307755 70 64 0 0.0207581175
FT 753 268487.287644130 64 57 0 0.0159938061
SW 753 268487.287644130 1 85 126 14 0
FT 754 268487.320980463 70 60 0 0.0259775814
FT 755 268487.354316880 60 53 0 0.0311921816
FT 756 268487.387653255 53 50 0 0.0322413284
SW 756 268487.387653255 1 68 104 14 0
FT 757 268487.420989588 81 63 0 0.0249484892
FT 758 268487.454325921 63 38 0 0.0261939159
FT 759 268487.487662255 38 26 0 0.0183531158
SW 759 268487.487662255 1 77 90 9 0
FT 760 268487.520998671 105 54 0 0.0201803795
FT 761 268487.554335046 54 21 0 0.0146630029
FT 762 268487.587671380 21 9 0 0.0235827479
SW 762 268487.587671380 1 81 91 6 0
FT 763 268487.621007713 119 37 0 0.0374432545
FT 764 268487.654344171 37 22 0 0.00890427568
FT 765 268487.687680421 22 15 0 0.0508142885
SW 765 268487.687680421 1 77 101 12 0
FT 766 268487.721016755 124 74 0 0.0570712906
FT 767 268487.754353171 74 56 0 0.030791428
FT 768 268487.787689505 56 41 0 0.0309557992
SW 768 268487.787689505 1 66 122 44 0
FT 769 268487.821025880 132 104 0 0.0357647134
FT 770 268487.854362171 104 75 0 0.0177765617
FT 771 268487.887698630 75 64 0 0.012900767
SW 771 268487.887698630 1 36 148 80 0
FT 772 268487.921034963 153 100 0 0.0132903401
FT 773 268487.954371421 100 81 0 0.0228575772
FT 774 268487.987707713 81 73 0 0.0251911904
SW 774 268487.987707713 1 29 151 100 0
FT 775 268488.021044130 139 123 0 0.0232454719
FT 776 268488.054380380 123 107 0 0.0256414653
FT 777 268488.087716796 107 96 0 0.020270843
SW 777 268488.087716796 1 41 171 122 0
FT 778 268488.121053171 144 133 0 0.0241718773
FT 779 268488.154389588 133 112 0 0.0392640324
FT 780 268488.187725838 112 98 0 0.0559307276
SW 780 268488.187725838 1 60 194 127 0
FT 781 268488.221062380 148 126 0 0.0511420215
FT 782 268488.254398671 126 111 0 0.0416125188
FT 783 268488.287735005 111 104 0 0.0255406084
SW 783 268488.287735005 1 63 214 136 0
FT 784 268488.321071338 146 118 0 0.0255481852
FT 785 268488.354407713 118 107 0 0.0281458597
FT 786 268488.387744130 107 104 0 0.0167835142
SW 786 268488.387744130 1 67 217 124 0
FT 787 268488.421080421 147 136 0 0.0173351199
FT 788 268488.454416796 136 132 0 0.0194433956
FT 789 268488.487753213 132 124 0 0.0238467049
SW 789 268488.487753213 1 95 219 105 0
FT 790 268488.521089546 154 148 0 0.0252639795
FT 791 268488.554425838 148 134 0 0.0321380388
FT 792 268488.587762255 134 133 0 0.0242206848
SW 792 268488.587762255 1 121 219 69 0
FT 793 268488.621098588 156 146 0 0.0303980494
FT 794 268488.654434963 146 136 0 0.0281990858
FT 795 268488.687771338 136 126 0 0.0258261876
SW 795 268488.687771338 1 116 205 68 0
FT 796 268488.721107713 156 154 0 0.0207810806
FT 797 268488.754444046 154 142 0 0.018524894
FT 798 268488.787780463 142 133 0 0.0208398011
SW 798 268488.787780463 1 161 202 23 0
FT 799 268488.821116755 158 150 0 0.0175641465
FT 800 268488.854453046 150 138 0 0.0155710022
FT 801 268488.887789546 138 127 0 0.0209113461
SW 801 268488.887789546 1 182 201 11 0
FT 802 268488.921125755 152 145 0 0.0217846857
FT 803 268488.954462255 145 132 0 0.0263896585
FT 804 268488.987798546 132 126 0 0.023344762
SW 804 268488.987798546 1 185 207 12 0
FT 805 268489.021134880 147 140 0 0.02145032
FT 806 268489.054471255 140 127 0 0.0230323305
FT 807 268489.087807546 127 123 0 0.018870878
SW 807 268489.087807546 1 181 212 9 0
FT 808 268489.121144005 151 139 0 0.0144615814
FT 809 268489.154480255 139 127 0 0.00683204208
FT 810 268489.187816671 127 112 0 0.0131398063
SW 810 268489.187816671 1 189 208 8 0
FT 811 268489.221153046 148 142 0 0.0107776143
FT 812 268489.254489463 142 128 0 0.0172845658
FT 813 268489.287825796 128 123 0 0.0144472228
SW 813 268489.287825796 1 192 223 8 0
FT 814 268489.321162088 146 134 0 0.0107023966
FT 815 268489.354498463 134 129 0 0.0169499048
FT 816 268489.387834838 129 119 0 0.0292967632
SW 816 268489.387834838 1 193 215 7 0
FT 817 268489.421171213 146 129 0 0.0342155056
FT 818 268489.454507463 129 121 0 0.0348336845
FT 819 268489.487843963 121 115 0 0.0113068762
SW 819 268489.487843963 1 192 217 7 0
FT 820 268489.521180296 137 117 0 0.0178305402
FT 821 268489.554516588 117 99 0 0.00824310469
FT 822 268489.587853046 99 90 0 0.00934128856
SW 822 268489.587853046 1 174 208 5 0
FT 823 268489.621189296 126 117 0 0.00855541076
FT 824 268489.654525671 117 109 0 0.00781824108
FT 825 268489.687862088 109 103 0 0.00800549443
SW 825 268489.687862088 1 178 201 8 0
FT 826 268489.721198338 133 120 0 0.0109606726
FT 827 268489.754534838 120 112 0 0.012258585
FT 828 268489.787871130 112 107 0 0.0136885424
SW 828 268489.787871130 1 178 205 8 0
FT 829 268489.821207505 121 113 0 0.0161400505
FT 830 268489.854543880 113 110 0 0.0222329483
FT 831 268489.887880171 110 104 0 0.026675865
SW 831 268489.887880171 1 164 195 10 0
FT 832 268489.921216588 124 116 0 0.0327127256
FT 833 268489.954552880 116 110 0 0.0268774694
FT 834 268489.987889296 110 108 0 0.0201836807
SW 834 268489.987889296 1 148 190 8 0
FT 835 268490.021225671 130 126 0 0.0160118588
FT 836 268490.054561921 126 116 0 0.0114308174
FT 837 268490.087898296 116 109 0 0.0124071529
SW 837 268490.087898296 1 151 168 8 0
FT 838 268490.121234713 130 118 0 0.011205111
FT 839 268490.154571005 118 110 0 0.00919023854
FT 840 268490.187907421 110 102 0 0.0100885398
SW 840 268490.187907421 1 153 176 8 0
FT 841 268490.221243671 122 110 0 0.0130943098
FT 842 268490.254580046 110 101 0 0.0152124692
FT 843 268490.287916421 101 93 0 0.0232313143
SW 843 268490.287916421 1 157 176 7 0
FT 844 268490.321252796 117 106 0 0.0340984109
FT 845 268490.354589088 106 103 0 0.0346594546
FT 846 268490.387925505 103 94 0 0.0324259058
SW 846 268490.387925505 1 161 179 6 0
FT 847 268490.421261880 122 94 0 0.0271051658
FT 848 268490.454598296 94 77 0 0.0388056441
FT 849 268490.487934588 77 65 0 0.0179539377
SW 849 268490.487934588 1 155 173 7 0
FT 850 268490.521270963 109 86 0 0.0267744893
FT 851 268490.554607380 86 72 0 0.0191167305
FT 852 268490.587943630 72 72 0 0.0125332598
SW 852 268490.587943630 1 150 181 7 0
FT 853 268490.621279963 116 112 0 0.0155442968
FT 854 268490.654616380 112 100 0 0.0317671527
FT 855 268490.687952755 100 92 0 0.0342001953
SW 855 268490.687952755 1 152 183 7 0
FT 856 268490.721289088 120 118 0 0.00950166701
FT 857 268490.754625421 118 91 0 0.0284807365
FT 858 268490.787961713 91 77 0 0.0224343311
SW 858 268490.787961713 1 147 169 8 0
FT 859 268490.821298046 120 117 0 0.0141900606
FT 860 268490.854634421 117 109 0 0.0196119983
FT 861 268490.887970838 109 105 0 0.0265014884
SW 861 268490.887970838 1 148 190 7 0
FT 862 268490.921307130 117 115 0 0.0134849774
FT 863 268490.954643505 115 105 0 0.0304525908
FT 864 268490.987979838 105 87 0 0.0402921274
SW 864 268490.987979838 1 138 159 9 0
FT 865 268491.021316255 114 113 0 0.00822653976
FT 866 268491.054652505 113 109 0 0.0186765981
FT 867 268491.087988921 109 109 0 0.0100040475
SW 867 268491.087988921 1 157 169 6 0
FT 868 268491.121325255 122 116 0 0.0123127444
FT 869 268491.154661630 116 115 0 0.0121164528
FT 870 268491.187997921 115 113 1 0.00371045836
SW 870 268491.187997921 0 157 0 0 0
FT 871 268491.221334296 126 125 0 0.007143062
FT 872 268491.254670588 125 123 0 0.00664491961
FT 873 268491.288007005 123 119 0 0.0177823621
SW 873 268491.288007005 1 139 180 9 1
FT 874 268491.321343296 129 123 0 0.0216805447
FT 875 268491.354679671 123 121 0 0.0140759998
FT 876 268491.388016046 121 115 0 0.0145995817
SW 876 268491.388016046 1 125 154 6 1
FT 877 268491.421352380 126 117 0 0.0171579052
FT 878 268491.454688796 117 112 0 0.0130467693
FT 879 268491.488025130 112 108 0 0.0103390889
SW 879 268491.488025130 1 132 138 5 1
FT 880 268491.521361505 121 119 0 0.0125976506
FT 881 268491.554697713 119 115 0 0.0128704997
FT 882 268491.588034088 115 110 0 0.0162067335
SW 882 268491.588034088 1 138 148 4 1
FT 883 268491.621370463 125 123 0 0.00943898673
FT 884 268491.654706880 123 118 0 0.00837213723
FT 885 268491.688043213 118 114 0 0.00786958118
SW 885 268491.688043213 1 147 155 5 1
FT 886 268491.721379630 126 116 0 0.017699178
FT 887 268491.754715838 116 103 0 0.0235088583
FT 888 268491.788052296 103 68 0 0.0420265039
SW 888 268491.788052296 1 141 158 7 1
FT 889 268491.821388546 91 56 0 0.0562187449
FT 890 268491.854724921 56 39 0 0.0549660078
FT 891 268491.888061255 39 23 0 0.0641130058
SW 891 268491.888061255 1 131 151 7 0
FT 892 268491.921397588 82 48 0 0.0754158635
FT 893 268491.954733963 48 36 0 0.0722133893
FT 894 268491.988070338 36 29 0 0.0489803384
SW 894 268491.988070338 1 145 158 5 0
FT 895 268492.021406713 91 81 0 0.015639292
FT 896 268492.054743046 81 79 0 0.00626038779
