FT 2 268462.159393170 117 116 0 0.00748739968
FT 3 268462.192729837 126 121 0 0.00938202792
FT 4 268462.226066462 131 130 0 0.00804482392
FT 5 268462.259403045 138 136 0 0.00565752666
FT 6 268462.292739712 141 139 0 0.00637701999
FT 7 268462.326076295 142 138 0 0.00901147861
FT 8 268462.359413004 143 141 0 0.00759692311
FT 9 268462.392749545 145 143 0 0.0118174806
FT 10 268462.426086212 146 141 0 0.00804520192
FT 11 268462.459422879 145 136 0 0.00806826374
FT 12 268462.492759462 142 141 0 0.00510388818
FT 13 268462.526096129 147 146 0 0.00604508528
FT 14 268462.559432670 147 145 0 0.00101684367
FT 15 268462.592769254 149 149 0 0.00199937725
FT 16 268462.626105962 151 149 1 0.00448804831
FT 17 268462.659442504 152 150 0 0.00779700753
FT 18 268462.692779170 155 150 0 0.0133373405
FT 19 268462.726115837 158 154 1 0.00527584429
FT 20 268462.759452337 158 157 1 0.00962214656
FT 21 268462.792789004 162 162 0 0.00783373017
FT 22 268462.826125629 162 159 0 0.00415251969
FT 23 268462.859462212 162 162 1 0.00222840776
FT 24 268462.892798879 166 164 1 0.00101658951
FT 25 268462.926135504 165 163 0 0.0037556093
FT 26 268462.959472087 165 162 0 0.00616117695
FT 27 268462.992808712 163 161 0 0.00613478068
FT 28 268463.026145379 165 162 1 0.0085852795
FT 29 268463.059481920 164 159 0 0.0122144281
FT 30 268463.176160045 160 137 0 0.0407834937
FT 31 268463.209496754 153 142 0 0.0189797709
FT 32 268463.242833295 158 155 1 0.0117815588
FT 33 268463.276169879 160 152 0 0.015146165
FT 34 268463.309506504 160 157 0 0.0182935781
FT 35 268463.342843087 161 160 0 0.0118344882
FT 36 268463.376179712 166 157 0 0.0121706202
INIT 268462.126056670 268463.376179712 8 0.278092193 8.91962344 0.483146988 4.0468841 -0.00145182369 0.00227676799 -0.00212542544 0 0 0
FT 37 268463.409516212 164 150 0 0.0193634545
FT 38 268463.442852837 150 144 0 0.017753958
FT 39 268463.476189379 144 142 0 0.0132735396
SW 39 268463.476189379 1 181 217 15 0
FT 40 268463.509526045 161 161 0 0.00797286686
FT 41 268463.542862629 161 159 0 0.00808695009
FT 42 268463.576199212 159 157 0 0.00538799745
SW 42 268463.576199212 1 202 215 8 0
FT 43 268463.609535754 162 155 0 0.0146895764
FT 44 268463.642872462 155 149 0 0.0180905464
FT 45 268463.676209045 149 144 0 0.0104293123
SW 45 268463.676209045 1 175 214 7 0
FT 46 268463.709545545 170 162 0 0.0155260859
FT 47 268463.742882129 162 162 0 0.0134559978
FT 48 268463.776218754 162 160 0 0.0144306897
SW 48 268463.776218754 1 190 202 3 0
FT 49 268463.809555212 173 171 0 0.0123637925
FT 50 268463.842891795 171 168 0 0.0118050693
FT 51 268463.876228379 168 164 0 0.00500304084
SW 51 268463.876228379 1 194 204 2 0
FT 52 268463.909564920 170 167 0 0.00804730172
FT 53 268463.942901504 167 160 0 0.014015932
FT 54 268463.976238087 160 156 0 0.0119388
SW 54 268463.976238087 1 197 202 1 0
FT 55 268464.009574670 169 165 0 0.00929690662
FT 56 268464.042911170 165 157 0 0.0191630958
FT 57 268464.076247712 157 157 0 0.0167652357
SW 57 268464.076247712 1 187 206 2 0
FT 58 268464.109584295 170 166 0 0.0123171063
FT 59 268464.142920795 166 164 0 0.0066688199
FT 60 268464.176257337 164 161 0 0.00937345887
SW 60 268464.176257337 1 196 201 1 0
FT 61 268464.209593837 174 169 0 0.0131063043
FT 62 268464.242930462 169 165 0 0.0113360538
FT 63 268464.276267045 165 163 0 0.00873766757
SW 63 268464.276267045 1 199 207 1 0
FT 64 268464.309603420 172 172 0 0.00931825149
FT 65 268464.342940004 172 171 0 0.00588484068
FT 66 268464.376276545 171 161 0 0.0100408125
SW 66 268464.376276545 1 192 207 1 0
FT 67 268464.409613129 164 159 0 0.0155196403
FT 68 268464.442949629 159 156 0 0.0123606493
FT 69 268464.476286212 156 152 0 0.00976442913
SW 69 268464.476286212 1 186 195 2 0
FT 70 268464.509622795 164 161 0 0.0133759647
FT 71 268464.542959295 161 159 0 0.00490687129
FT 72 268464.576295920 159 159 0 0.00769599357
SW 72 268464.576295920 1 189 199 2 0
FT 73 268464.609632295 165 164 0 0.00992189682
FT 74 268464.642968879 164 161 0 0.00355090317
FT 75 268464.676305462 161 161 0 0.00496243411
SW 75 268464.676305462 1 185 195 2 0
FT 76 268464.709642004 169 166 0 0.00993568689
FT 77 268464.742978462 166 164 0 0.00750052037
FT 78 268464.776315045 164 162 0 0.0117016268
SW 78 268464.776315045 1 182 193 2 0
FT 79 268464.809651587 168 161 0 0.0186149697
FT 80 268464.842988129 161 155 0 0.0184546128
FT 81 268464.876324629 155 154 0 0.0100975683
SW 81 268464.876324629 1 174 188 3 0
FT 82 268464.909661129 162 159 0 0.00822706408
FT 83 268464.942997670 159 153 0 0.0155240427
FT 84 268464.976334212 153 149 0 0.0160931629
SW 84 268464.976334212 1 176 183 3 0
FT 85 268465.009670754 155 152 0 0.0110379752
FT 86 268465.043007212 152 150 0 0.0150938977
FT 87 268465.076343837 150 141 0 0.0224337831
SW 87 268465.076343837 1 179 183 2 0
FT 88 268465.109911296 151 146 0 0.0204414377
FT 89 268465.143247921 146 145 0 0.0113990695
FT 90 268465.176584380 145 141 0 0.00987675211
SW 90 268465.176584380 1 180 188 3 0
FT 91 268465.209921046 154 150 0 0.0149730028
FT 92 268465.243257463 150 144 0 0.0135124589
FT 93 268465.276594005 144 141 0 0.00964510499
SW 93 268465.276594005 1 178 193 3 0
FT 94 268465.309930630 150 143 0 0.0124678696
FT 95 268465.343267046 143 139 0 0.00963348165
FT 96 268465.376603588 139 137 0 0.0110221946
SW 96 268465.376603588 1 173 188 4 0
FT 97 268465.409940171 152 149 0 0.0121665715
FT 98 268465.443276671 149 141 0 0.0108887003
FT 99 268465.476613171 141 134 0 0.00748817953
SW 99 268465.476613171 1 174 188 2 0
FT 100 268465.509949755 157 153 0 0.007333137
FT 101 268465.543286255 153 146 0 0.0043054132
FT 102 268465.576622838 146 143 0 0.00460351579
SW 102 268465.576622838 1 184 192 1 0
FT 103 268465.609959421 159 155 0 0.0039080702
FT 104 268465.643295921 155 142 0 0.00618891336
FT 105 268465.676632421 142 138 0 0.010844008
SW 105 268465.676632421 1 185 196 1 0
FT 106 268465.709968838 157 152 0 0.00659598463
FT 107 268465.743305463 152 148 0 0.00462118552
FT 108 268465.776642046 148 145 0 0.00753274335
SW 108 268465.776642046 1 187 200 2 0
FT 109 268465.809978546 167 166 0 0.00689657892
FT 110 268465.843315088 166 162 0 0.00758357451
FT 111 268465.876651630 162 161 0 0.00699560197
SW 111 268465.876651630 1 192 209 3 0
FT 112 268465.909988046 166 160 0 0.00843054537
FT 113 268465.943324671 160 156 0 0.0121753207
FT 114 268465.976661255 156 151 0 0.017543575
SW 114 268465.976661255 1 190 199 2 0
FT 115 268466.009997713 161 155 0 0.0162352088
FT 116 268466.043334338 155 153 0 0.0183970535
FT 117 268466.076670880 153 151 0 0.0173951503
SW 117 268466.076670880 1 182 202 4 0
FT 118 268466.110007213 164 159 0 0.0168733087
FT 119 268466.143343880 159 150 0 0.0196546492
FT 120 268466.176680421 150 142 0 0.0170611062
SW 120 268466.176680421 1 182 194 5 0
FT 121 268466.210016963 158 154 0 0.013420673
FT 122 268466.243353505 154 150 0 0.00459301024
FT 123 268466.276690130 150 143 0 0.0076707592
SW 123 268466.276690130 1 191 200 5 0
FT 124 268466.310026546 163 158 0 0.00594961583
FT 125 268466.343363046 158 152 0 0.010833822
FT 126 268466.376699546 152 148 0 0.0127000388
SW 126 268466.376699546 1 193 213 6 0
FT 127 268466.410036005 169 162 0 0.0169029457
FT 128 268466.443372546 162 157 0 0.0171686595
FT 129 268466.476709213 157 152 0 0.0130641517
SW 129 268466.476709213 1 198 214 6 0
FT 130 268466.510045671 170 168 0 0.00983951119
FT 131 268466.543382171 168 160 0 0.0113759865
FT 132 268466.576718755 160 154 0 0.0074149914
SW 132 268466.576718755 1 195 217 5 0
FT 133 268466.610055213 167 164 0 0.0104171232
FT 134 268466.643391671 164 154 0 0.0153408828
FT 135 268466.676728338 154 149 0 0.0185437621
SW 135 268466.676728338 1 191 209 6 0
FT 136 268466.710064713 165 164 0 0.0171537322
FT 137 268466.743401296 164 159 0 0.0197868027
FT 138 268466.776737796 159 156 0 0.0127473026
SW 138 268466.776737796 1 192 210 6 0
FT 139 268466.810074255 167 166 0 0.0125974489
FT 140 268466.843410755 166 165 0 0.0113950358
FT 141 268466.876747338 165 162 0 0.00700682497
SW 141 268466.876747338 1 192 209 6 0
FT 142 268466.910083796 169 163 0 0.00750953559
FT 143 268466.943420255 163 162 0 0.00600053254
FT 144 268466.976756755 162 161 0 0.0111713449
SW 144 268466.976756755 1 190 205 4 0
FT 145 268467.010093296 172 167 0 0.0122444906
FT 146 268467.043429755 167 157 0 0.0099741656
FT 147 268467.076766338 157 151 0 0.00676959151
SW 147 268467.076766338 1 182 201 5 0
FT 148 268467.110102713 162 161 0 0.0075413152
FT 149 268467.143439296 161 155 0 0.00559864365
FT 150 268467.176775796 155 150 0 0.00507201689
SW 150 268467.176775796 1 185 196 5 0
FT 151 268467.210112338 163 157 0 0.0120332464
FT 152 268467.243448755 157 145 0 0.00429412566
FT 153 268467.276785255 145 137 0 0.0176308991
SW 153 268467.276785255 1 189 200 6 0
FT 154 268467.310121713 154 144 0 0.012962888
FT 155 268467.343458213 144 140 0 0.00645855389
FT 156 268467.376794713 140 136 0 0.00874920144
SW 156 268467.376794713 1 192 206 6 0
FT 157 268467.410131213 155 149 0 0.00841684631
FT 158 268467.443467713 149 145 0 0.00881666258
FT 159 268467.476804046 145 140 0 0.0123481377
SW 159 268467.476804046 1 191 215 7 0
FT 160 268467.510140588 149 145 0 0.00868006064
FT 161 268467.543477046 145 142 0 0.0115166342
FT 162 268467.576813588 142 137 0 0.0094741339
SW 162 268467.576813588 1 189 206 7 0
FT 163 268467.610150046 146 139 0 0.0164433902
FT 164 268467.643486463 139 136 0 0.0131068771
FT 165 268467.676823046 136 132 0 0.028095913
SW 165 268467.676823046 1 174 202 5 0
FT 166 268467.710159505 145 141 0 0.0242647893
FT 167 268467.743496046 141 137 0 0.0131261652
FT 168 268467.776832546 137 136 0 0.00519367921
SW 168 268467.776832546 1 172 188 4 0
FT 169 268467.810168838 149 138 0 0.00732656768
FT 170 268467.843505505 138 131 0 0.0146493207
FT 171 268467.876841963 131 124 0 0.0196775123
SW 171 268467.876841963 1 168 183 2 0
FT 172 268467.910178421 148 143 0 0.0228060751
FT 173 268467.943514921 143 138 0 0.0127900418
FT 174 268467.976851380 138 134 0 0.00820491638
SW 174 268467.976851380 1 178 191 2 0
FT 175 268468.010187838 153 143 0 0.00864761317
FT 176 268468.043524380 143 134 0 0.0135177932
FT 177 268468.076860838 134 131 0 0.0116612837
SW 177 268468.076860838 1 181 194 2 0
FT 178 268468.110197338 149 142 0 0.00492593373
FT 179 268468.143533796 142 136 0 0.00796274184
FT 180 268468.176870213 136 131 0 0.0112516502
SW 180 268468.176870213 1 189 197 2 0
FT 181 268468.210206755 151 148 0 0.00771791764
FT 182 268468.243543171 148 138 0 0.0117531957
FT 183 268468.276879713 138 135 0 0.0145640383
SW 183 268468.276879713 1 186 206 2 0
FT 184 268468.310216088 158 153 0 0.000515925733
FT 185 268468.343552630 153 146 0 0.00539637934
FT 186 268468.376889213 146 142 0 0.00377573271
SW 186 268468.376889213 1 192 205 2 0
FT 187 268468.410225546 156 152 0 0.00751980927
FT 188 268468.443562046 152 148 0 0.0103923493
FT 189 268468.476898630 148 147 0 0.00548550623
SW 189 268468.476898630 1 189 207 0 0
FT 190 268468.510235005 155 150 0 0.00373325807
FT 191 268468.543571546 150 145 0 0.00793515135
FT 192 268468.576908046 145 142 0 0.00960770401
SW 192 268468.576908046 1 181 194 0 0
FT 193 268468.610244421 158 155 0 0.00851399639
FT 194 268468.643580880 155 152 0 0.00455147811
FT 195 268468.676917463 152 149 0 0.00956610777
SW 195 268468.676917463 1 185 196 0 0
FT 196 268468.710253880 162 160 0 0.00232925824
FT 197 268468.743590338 160 159 0 0.000936101668
FT 198 268468.776926838 159 158 0 0.0113700632
SW 198 268468.776926838 1 188 198 0 0
FT 199 268468.810263421 163 159 1 0.00756605231
FT 200 268468.843599838 159 154 0 0.00713381492
FT 201 268468.876936255 154 148 0 0.0124310223
SW 201 268468.876936255 1 180 191 3 0
FT 202 268468.910272796 157 155 0 0.00980985413
FT 203 268468.943609171 155 150 0 0.00727676262
FT 204 268468.976945713 150 139 0 0.00791601252
SW 204 268468.976945713 1 173 188 5 0
FT 205 268469.010282130 148 141 0 0.00840916273
FT 206 268469.043618671 141 136 0 0.00909791667
FT 207 268469.076955088 136 132 0 0.0116810602
SW 207 268469.076955088 1 166 183 9 0
FT 208 268469.110291713 160 149 0 0.0132885991
FT 209 268469.143628046 149 142 0 0.0141545414
FT 210 268469.176964546 142 137 0 0.0144113274
SW 210 268469.176964546 1 179 195 12 0
FT 211 268469.210301046 151 148 0 0.015582437
FT 212 268469.243637463 148 139 0 0.0189854243
FT 213 268469.276973963 139 137 0 0.0170211631
SW 213 268469.276973963 1 173 203 17 0
FT 214 268469.310310380 156 150 0 0.0154354812
FT 215 268469.343646963 150 141 0 0.0134143864
FT 216 268469.376983380 141 130 0 0.0111957922
SW 216 268469.376983380 1 176 204 14 0
FT 217 268469.410319921 154 146 0 0.0117443325
FT 218 268469.443656380 146 142 0 0.0120964879
FT 219 268469.476992838 142 137 0 0.0127282461
SW 219 268469.476992838 1 184 209 13 0
FT 220 268469.510329338 159 150 0 0.0139259144
FT 221 268469.543665713 150 136 0 0.0211752412
FT 222 268469.577002255 136 131 0 0.0289922769
SW 222 268469.577002255 1 189 215 11 0
FT 223 268469.610338671 168 162 0 0.031311466
FT 224 268469.643675171 162 154 0 0.024528574
FT 225 268469.677011713 154 147 0 0.0127054441
SW 225 268469.677011713 1 207 228 9 0
FT 226 268469.710348046 164 157 0 0.0138996414
FT 227 268469.743684546 157 150 0 0.0202856535
FT 228 268469.777021005 150 144 0 0.0132824238
SW 228 268469.777021005 1 199 229 9 0
FT 229 268469.810357546 164 157 0 0.00780221715
FT 230 268469.843694046 157 150 0 0.0148980491
FT 231 268469.877030421 150 146 0 0.0170405085
SW 231 268469.877030421 1 202 221 7 0
FT 232 268469.910366880 163 155 0 0.0096892888
FT 233 268469.943703380 155 145 0 0.0130816271
FT 234 268469.977039921 145 141 0 0.0124108624
SW 234 268469.977039921 1 191 222 7 0
FT 235 268470.010376296 157 150 0 0.0151239952
FT 236 268470.043712796 150 142 0 0.0131786708
FT 237 268470.077049296 142 141 0 0.0183371878
SW 237 268470.077049296 1 189 208 7 0
FT 238 268470.110385796 162 155 0 0.0249745218
FT 239 268470.143722255 155 152 0 0.0185291955
FT 240 268470.177058713 152 147 0 0.0110775633
SW 240 268470.177058713 1 191 213 6 0
FT 241 268470.210395088 161 156 0 0.0179601124
FT 242 268470.243731588 156 151 0 0.0268797938
FT 243 268470.277068046 151 145 0 0.0195226967
SW 243 268470.277068046 1 196 210 3 0
FT 244 268470.310404546 170 167 0 0.0135369951
FT 245 268470.343740963 167 161 0 0.0113805383
FT 246 268470.377077505 161 153 0 0.010956977
SW 246 268470.377077505 1 196 215 1 0
FT 247 268470.410413963 166 160 0 0.0112517855
FT 248 268470.443750463 160 155 0 0.0128192194
FT 249 268470.477086880 155 152 0 0.0126093113
SW 249 268470.477086880 1 197 207 0 0
FT 250 268470.510423421 166 161 0 0.0145290936
FT 251 268470.543759755 161 155 0 0.0182917217
FT 252 268470.577096255 155 151 0 0.0183257855
SW 252 268470.577096255 1 198 210 1 0
FT 253 268470.610432713 164 159 0 0.0148282937
FT 254 268470.643769255 159 149 0 0.0227203492
FT 255 268470.677105671 149 147 0 0.0280015971
SW 255 268470.677105671 1 192 210 3 0
FT 256 268470.710442213 165 161 0 0.0258324338
FT 257 268470.743778588 161 154 0 0.0206432169
FT 258 268470.777115130 154 146 0 0.0225918147
SW 258 268470.777115130 1 197 208 3 0
FT 259 268470.810451546 171 166 0 0.0220374665
FT 260 268470.843788005 166 161 0 0.0203962596
FT 261 268470.877124421 161 154 0 0.0267307608
SW 261 268470.877124421 1 201 217 5 0
FT 262 268470.910460963 172 163 0 0.0261894787
FT 263 268470.943797380 163 154 0 0.0203991954
FT 264 268470.977133921 154 151 0 0.0180821372
SW 264 268470.977133921 1 199 217 4 0
FT 265 268471.010470338 164 155 0 0.0209057218
FT 266 268471.043806796 155 151 0 0.0228612361
FT 267 268471.077143213 151 145 0 0.0215825227
SW 267 268471.077143213 1 192 211 4 0
FT 268 268471.110479713 157 148 0 0.0195471179
FT 269 268471.143816213 148 142 0 0.0155859392
FT 270 268471.177152713 142 138 0 0.0118175797
SW 270 268471.177152713 1 186 203 3 0
FT 271 268471.210489088 160 155 0 0.00659957578
FT 272 268471.243825546 155 149 0 0.00331660794
FT 273 268471.277162088 149 141 0 0.011788227
SW 273 268471.277162088 1 194 206 3 0
FT 274 268471.310498421 158 156 0 0.0147513816
FT 275 268471.343834963 156 147 0 0.0127872063
FT 276 268471.377171421 147 146 0 0.00895063685
SW 276 268471.377171421 1 193 210 3 0
FT 277 268471.410507796 161 153 0 0.0127169456
FT 278 268471.443844296 153 145 0 0.0157771492
FT 279 268471.477180671 145 142 0 0.00522265374
SW 279 268471.477180671 1 192 208 2 0
FT 280 268471.510517130 158 155 0 0.00392387795
FT 281 268471.543853671 155 147 0 0.0110512883
FT 282 268471.577190171 147 141 0 0.00875383468
SW 282 268471.577190171 1 190 206 2 0
FT 283 268471.610526588 153 145 0 0.0122323712
FT 284 268471.643863088 145 136 0 0.0216347463
FT 285 268471.677199546 136 134 0 0.00619614246
SW 285 268471.677199546 1 185 200 1 0
FT 286 268471.710536005 159 153 0 0.0149114029
FT 287 268471.743872421 153 143 0 0.0341813461
FT 288 268471.777208921 143 134 0 0.0286100454
SW 288 268471.777208921 1 194 205 3 0
FT 289 268471.810545421 162 157 0 0.00941112019
FT 290 268471.843881880 157 151 0 0.020749985
FT 291 268471.877218338 151 147 0 0.0162521391
SW 291 268471.877218338 1 196 214 2 0
FT 292 268471.910554671 160 156 0 0.0144117742
FT 293 268471.943891171 156 154 0 0.0151813616
FT 294 268471.977227671 154 148 0 0.0190788376
SW 294 268471.977227671 1 195 210 2 0
FT 295 268472.010564088 159 151 0 0.0177684324
FT 296 268472.043900630 151 147 0 0.0175904332
FT 297 268472.077237088 147 147 0 0.00663501434
SW 297 268472.077237088 1 190 207 2 0
FT 298 268472.110573421 163 155 0 0.0139828822
FT 299 268472.143909963 155 152 0 0.017189425
FT 300 268472.177246421 152 150 0 0.0181893177
SW 300 268472.177246421 1 181 202 2 0
FT 301 268472.210582921 161 154 0 0.0097570826
FT 302 268472.243919338 154 151 0 0.0146973561
FT 303 268472.277255796 151 148 0 0.0156517813
SW 303 268472.277255796 1 187 193 2 0
FT 304 268472.310592213 156 145 0 0.0190775565
FT 305 268472.343928671 145 136 0 0.0181123643
FT 306 268472.377265255 136 131 1 0.00990753461
SW 306 268472.377265255 0 187 0 0 0
FT 307 268472.410601671 151 143 0 0.0200821874
FT 308 268472.443938171 143 129 1 0.0311767297
FT 309 268472.477274588 129 119 0 0.0304897077
SW 309 268472.477274588 1 180 204 2 0
FT 310 268472.510611046 135 123 0 0.032593033
FT 311 268472.543947380 123 119 1 0.0257986373
FT 312 268472.577283880 119 119 0 0.00651191478
SW 312 268472.577283880 1 182 190 1 0
FT 313 268472.610620380 138 131 0 0.0226225391
FT 314 268472.643956755 131 125 0 0.034344513
FT 315 268472.677293338 125 121 0 0.0181220478
SW 315 268472.677293338 1 182 195 1 0
FT 316 268472.710629796 155 149 0 0.00489926544
FT 317 268472.743966213 149 139 0 0.0332005526
FT 318 268472.777302671 139 135 0 0.016751074
SW 318 268472.777302671 1 178 202 2 0
FT 319 268472.810639130 159 153 0 0.01411072
FT 320 268472.843975546 153 149 0 0.0212604849
FT 321 268472.877311963 149 146 0 0.0099184817
SW 321 268472.877311963 1 175 199 2 0
FT 322 268472.910648505 164 155 0 0.0089521779
FT 323 268472.943985005 155 149 0 0.0176565802
FT 324 268472.977321380 149 148 0 0.0116461344
SW 324 268472.977321380 1 179 189 2 0
FT 325 268473.010657838 160 157 0 0.0108630299
FT 326 268473.043994213 157 152 0 0.015547842
FT 327 268473.077330796 152 149 0 0.0154006692
SW 327 268473.077330796 1 175 188 3 0
FT 328 268473.110667130 160 151 0 0.0172376942
FT 329 268473.144003630 151 146 0 0.0233954554
FT 330 268473.177340088 146 145 0 0.0106843086
SW 330 268473.177340088 1 177 185 3 0
FT 331 268473.210676630 165 159 0 0.0160057629
FT 332 268473.244012963 159 149 0 0.0247200727
FT 333 268473.277349421 149 146 0 0.0242310309
SW 333 268473.277349421 1 180 192 4 0
FT 334 268473.310685963 159 153 0 0.020034398
FT 335 268473.344022463 153 149 0 0.0281715819
FT 336 268473.377358796 149 145 0 0.0220364734
SW 336 268473.377358796 1 178 193 5 0
FT 337 268473.410695296 160 153 0 0.0252371321
FT 338 268473.444031713 153 144 0 0.0358819139
FT 339 268473.477368171 144 143 0 0.0252785119
SW 339 268473.477368171 1 184 195 5 0
FT 340 268473.510704671 159 152 0 0.0227452424
FT 341 268473.544041046 152 142 0 0.0306510586
FT 342 268473.577377505 142 135 0 0.0230687193
SW 342 268473.577377505 1 182 202 8 1
FT 343 268473.610713963 150 144 0 0.0141791523
FT 344 268473.644050463 144 139 0 0.0130961442
FT 345 268473.677386838 139 138 0 0.0196745751
SW 345 268473.677386838 1 182 202 8 0
FT 346 268473.710723296 165 158 0 0.00975261411
FT 347 268473.744059796 158 153 0 0.0138714418
FT 348 268473.777396213 153 149 0 0.00801067386
SW 348 268473.777396213 1 191 210 10 0
FT 349 268473.810732546 164 158 0 0.00895625051
FT 350 268473.844069171 158 152 0 0.0120123171
FT 351 268473.877405546 152 146 0 0.0274743264
SW 351 268473.877405546 1 190 214 10 0
FT 352 268473.910742005 163 153 0 0.0258860978
FT 353 268473.944078505 153 148 0 0.025456926
FT 354 268473.977414963 148 143 0 0.0165592624
SW 354 268473.977414963 1 176 210 13 0
FT 355 268474.010751296 162 155 0 0.016266608
FT 356 268474.044087796 155 145 0 0.00917615536
FT 357 268474.077424213 145 142 0 0.0106661644
SW 357 268474.077424213 1 181 203 14 0
FT 358 268474.110760671 162 158 0 0.0053929747
FT 359 268474.144097213 158 155 0 0.0140512198
FT 360 268474.177433671 155 150 0 0.00518067581
SW 360 268474.177433671 1 186 211 16 0
FT 361 268474.210770005 166 158 0 0.0063702931
FT 362 268474.244106380 158 154 0 0.0107294297
FT 363 268474.277442880 154 146 0 0.0147750491
SW 363 268474.277442880 1 181 214 17 0
FT 364 268474.310779338 162 155 0 0.0129667708
FT 365 268474.344115838 155 147 0 0.00625917826
FT 366 268474.377452255 147 141 0 0.0107274165
SW 366 268474.377452255 1 181 209 15 0
FT 367 268474.410788755 159 155 0 0.0081487234
FT 368 268474.444125213 155 145 0 0.00687084624
FT 369 268474.477461588 145 136 0 0.0195061841
SW 369 268474.477461588 1 181 210 14 0
FT 370 268474.510798088 155 146 0 0.0191439258
FT 371 268474.544134505 146 137 0 0.0206284148
FT 372 268474.577470963 137 130 0 0.0201937902
SW 372 268474.577470963 1 188 210 14 0
FT 373 268474.610807421 136 126 0 0.0228261811
FT 374 268474.644143796 126 121 0 0.0194779716
FT 375 268474.677480338 121 114 0 0.0190352683
SW 375 268474.677480338 1 174 204 14 0
FT 376 268474.710816671 135 121 0 0.021048982
FT 377 268474.744153213 121 116 0 0.0154201057
FT 378 268474.777489630 116 111 0 0.0175284
SW 378 268474.777489630 1 171 200 13 0
FT 379 268474.810826088 124 119 0 0.0213241924
FT 380 268474.844162463 119 109 0 0.0175788324
FT 381 268474.877499046 109 108 0 0.0113502492
SW 381 268474.877499046 1 162 191 10 0
FT 382 268474.910835296 117 116 0 0.00546025473
FT 383 268474.944171838 116 113 0 0.00720833446
FT 384 268474.977508255 113 113 0 0.00343991749
SW 384 268474.977508255 1 149 180 10 0
FT 385 268475.010844713 123 118 0 0.0108558192
FT 386 268475.044181213 118 112 0 0.0170571255
FT 387 268475.077517588 112 110 0 0.0161493622
SW 387 268475.077517588 1 139 166 9 0
FT 388 268475.110854088 124 119 0 0.0095395549
FT 389 268475.144190546 119 110 0 0.0175994888
FT 390 268475.177527005 110 105 0 0.01830056
SW 390 268475.177527005 1 131 154 8 0
FT 391 268475.210863380 126 124 0 0.0113051781
FT 392 268475.244199838 124 118 0 0.0171232425
FT 393 268475.277536255 118 108 0 0.0260243466
SW 393 268475.277536255 1 134 152 8 0
FT 394 268475.310872755 115 104 0 0.0310334928
FT 395 268475.344209255 104 98 0 0.0261595508
FT 396 268475.377545671 98 94 0 0.0321372786
SW 396 268475.377545671 1 140 149 6 0
FT 397 268475.410881963 112 98 0 0.0365028468
FT 398 268475.444218463 98 97 0 0.0227868696
FT 399 268475.477554963 97 96 0 0.0175205057
SW 399 268475.477554963 1 143 159 6 0
FT 400 268475.510891338 116 106 0 0.0243129525
FT 401 268475.544227796 106 103 0 0.0126488668
FT 402 268475.577564338 103 100 0 0.0192142732
SW 402 268475.577564338 1 145 162 6 0
FT 403 268475.610900588 118 111 0 0.0321081159
FT 404 268475.644237213 111 109 0 0.0217392667
FT 405 268475.677573588 109 108 0 0.0166205155
SW 405 268475.677573588 1 148 165 7 0
FT 406 268475.710910046 129 125 0 0.0117139402
FT 407 268475.744246463 125 120 0 0.0209341591
FT 408 268475.777582921 120 116 0 0.0171330971
SW 408 268475.777582921 1 145 173 7 0
FT 409 268475.810919380 129 127 0 0.00829571017
FT 410 268475.844255838 127 126 0 0.0119558177
FT 411 268475.877592213 126 122 0 0.0154356472
SW 411 268475.877592213 1 146 163 6 0
FT 412 268475.910928671 134 130 0 0.0116555125
FT 413 268475.944265171 130 128 0 0.00537158052
FT 414 268475.977601546 128 126 0 0.00822635298
SW 414 268475.977601546 1 148 162 5 0
FT 415 268476.010938046 134 132 0 0.00435947206
FT 416 268476.044274505 132 126 0 0.00868325901
FT 417 268476.077610838 126 125 0 0.00631316399
SW 417 268476.077610838 1 146 157 5 0
FT 418 268476.110947380 140 135 0 0.00962373447
FT 419 268476.144283796 135 133 0 0.0123751135
FT 420 268476.177620130 133 127 0 0.0182056312
SW 420 268476.177620130 1 142 157 5 0
FT 421 268476.210956671 132 129 0 0.0201859645
FT 422 268476.244293088 129 128 1 0.0138520384
FT 423 268476.277629505 128 124 1 0.00909147805
SW 423 268476.277629505 0 142 0 0 0
FT 424 268476.310965963 134 130 0 0.0196124096
FT 425 268476.344302421 130 127 0 0.0180322837
FT 426 268476.377638838 127 127 1 0.0142069064
SW 426 268476.377638838 0 142 0 0 0
FT 427 268476.410975338 145 134 1 0.0186007327
FT 428 268476.444311713 134 128 1 0.0234614234
FT 429 268476.477648213 128 128 1 0.0169519769
SW 429 268476.477648213 0 142 0 0 0
FT 430 268476.510984546 140 140 1 0.0167430195
FT 431 268476.544320963 140 133 0 0.0199348869
FT 432 268476.577657463 133 126 0 0.022230233
SW 432 268476.577657463 1 152 168 5 0
FT 433 268476.610993796 142 136 0 0.0137979271
FT 434 268476.644330338 136 134 0 0.012130351
FT 435 268476.677666796 134 128 0 0.0161522556
SW 435 268476.677666796 1 150 167 12 0
FT 436 268476.711003255 140 133 0 0.0175024944
FT 437 268476.744339588 133 122 0 0.016002742
FT 438 268476.777676171 122 121 0 0.0146679838
SW 438 268476.777676171 1 153 170 13 0
FT 439 268476.811012463 132 126 0 0.0048064207
FT 440 268476.844349005 126 118 0 0.0111398523
FT 441 268476.877685463 118 107 0 0.0241724028
SW 441 268476.877685463 1 141 171 15 0
FT 442 268476.911021796 119 96 0 0.028084824
FT 443 268476.944358255 96 92 0 0.0354221639
FT 444 268476.977694713 92 90 0 0.0173547199
SW 444 268476.977694713 1 145 159 7 0
FT 445 268477.011031130 126 108 0 0.0363359241
FT 446 268477.044367671 108 100 0 0.0475800014
FT 447 268477.077704088 100 99 0 0.0241567006
SW 447 268477.077704088 1 153 171 10 0
FT 448 268477.111040505 122 112 0 0.0266011105
FT 449 268477.144376838 112 104 0 0.0254879001
FT 450 268477.177713338 104 100 0 0.0274109145
SW 450 268477.177713338 1 150 176 11 0
FT 451 268477.211049755 128 125 0 0.0165218736
FT 452 268477.244386213 125 124 0 0.0140502858
FT 453 268477.277722713 124 123 0 0.0110453761
SW 453 268477.277722713 1 158 185 8 0
FT 454 268477.311059046 129 123 0 0.0145689232
FT 455 268477.344395505 123 117 0 0.0153654808
FT 456 268477.377732005 117 116 0 0.0210080935
SW 456 268477.377732005 1 143 171 8 0
FT 457 268477.411068338 137 137 0 0.0108147885
FT 458 268477.444404880 137 117 0 0.0185113709
FT 459 268477.477741296 117 103 0 0.0340202591
SW 459 268477.477741296 1 142 159 7 0
FT 460 268477.511077755 142 142 0 0.0176661669
FT 461 268477.544414088 142 139 0 0.0206841939
FT 462 268477.577750546 139 116 0 0.0289442025
SW 462 268477.577750546 1 151 169 6 0
FT 463 268477.611087046 137 127 0 0.0315158141
FT 464 268477.644423380 127 123 0 0.0197840613
FT 465 268477.677759796 123 118 0 0.0173714302
SW 465 268477.677759796 1 165 172 6 0
FT 466 268477.711096296 145 135 0 0.0266185431
FT 467 268477.744432755 135 131 0 0.019763078
FT 468 268477.777769213 131 130 0 0.0137707683
SW 468 268477.777769213 1 173 189 4 0
FT 469 268477.811105630 164 156 0 0.0217439784
FT 470 268477.844441963 156 148 0 0.0205954134
FT 471 268477.877778463 148 128 0 0.0178953767
SW 471 268477.877778463 1 171 196 4 0
FT 472 268477.911114880 163 143 0 0.0290824245
FT 473 268477.944451380 143 121 0 0.0233069689
FT 474 268477.977787880 121 92 0 0.0279615776
SW 474 268477.977787880 1 174 183 2 0
FT 475 268478.011124171 151 101 0 0.0451227829
FT 476 268478.044460671 101 76 0 0.0388367001
FT 477 268478.077797088 76 72 0 0.0206022555
SW 477 268478.077797088 1 173 188 2 0
FT 478 268478.111133505 134 117 0 0.0185089082
FT 479 268478.144469880 117 107 0 0.0203611508
FT 480 268478.177806421 107 97 0 0.0221340904
SW 480 268478.177806421 1 202 211 3 0
FT 481 268478.211142671 147 132 0 0.0217168014
FT 482 268478.244479213 132 116 0 0.0169740788
FT 483 268478.277815630 116 111 0 0.0193421325
SW 483 268478.277815630 1 213 237 3 0
FT 484 268478.311152130 140 130 0 0.0190974468
FT 485 268478.344488421 130 120 0 0.0136989359
FT 486 268478.377825005 120 111 0 0.00465036317
SW 486 268478.377825005 1 184 231 3 0
FT 487 268478.411161421 139 134 0 0.00519143965
FT 488 268478.444497796 134 128 0 0.00768428022
FT 489 268478.477834296 128 123 0 0.00964690818
SW 489 268478.477834296 1 176 210 2 0
FT 490 268478.511170671 142 131 0 0.0059839664
FT 491 268478.544507171 131 120 0 0.0112566719
FT 492 268478.577843630 120 114 0 0.00849729327
SW 492 268478.577843630 1 175 190 4 0
FT 493 268478.611180046 138 133 0 0.00670423696
FT 494 268478.644516421 133 125 0 0.0119179618
FT 495 268478.677852880 125 118 0 0.0137791726
SW 495 268478.677852880 1 172 194 4 0
FT 496 268478.711189213 141 120 0 0.0108092695
FT 497 268478.744525755 120 105 0 0.0299645837
FT 498 268478.777862046 105 100 0 0.0120819706
SW 498 268478.777862046 1 168 187 4 0
FT 499 268478.811198546 130 108 0 0.0340129851
FT 500 268478.844535005 108 104 0 0.0168266864
FT 501 268478.877871463 104 100 0 0.00555521074
SW 501 268478.877871463 1 176 193 6 0
FT 502 268478.911207796 129 117 0 0.00290317315
FT 503 268478.944544255 117 112 0 0.00530605489
FT 504 268478.977880671 112 104 0 0.0110781812
SW 504 268478.977880671 1 173 203 9 0
FT 505 268479.011217171 132 128 0 0.0212176278
FT 506 268479.044553588 128 117 0 0.0233457094
FT 507 268479.077889921 117 110 0 0.0309186178
SW 507 268479.077889921 1 183 200 6 0
FT 508 268479.111226380 131 126 0 0.0201601628
FT 509 268479.144562838 126 123 0 0.0118485756
FT 510 268479.177899296 123 120 0 0.0173706157
SW 510 268479.177899296 1 168 207 10 0
FT 511 268479.211235671 134 133 0 0.0145506358
FT 512 268479.244572171 133 129 0 0.012289515
FT 513 268479.277908546 129 125 0 0.00808953367
SW 513 268479.277908546 1 158 189 10 0
FT 514 268479.311245005 139 135 0 0.00385628396
FT 515 268479.344581421 135 130 0 0.00704297344
FT 516 268479.377917838 130 126 0 0.00766587942
SW 516 268479.377917838 1 153 177 7 0
FT 517 268479.411254171 144 143 0 0.00317245288
FT 518 268479.444590713 143 139 0 0.0065569858
FT 519 268479.477927088 139 130 0 0.0166651548
SW 519 268479.477927088 1 156 175 7 0
FT 520 268479.511263463 141 136 0 0.0185646174
FT 521 268479.544599921 136 132 0 0.0131931387
FT 522 268479.577936380 132 127 0 0.0105685213
SW 522 268479.577936380 1 157 169 4 0
FT 523 268479.611272755 146 138 0 0.00560975426
FT 524 268479.644609171 138 133 0 0.0114381084
FT 525 268479.677945713 133 128 0 0.0136558151
SW 525 268479.677945713 1 167 178 5 0
FT 526 268479.711282046 152 135 0 0.022181049
FT 527 268479.744618588 135 129 0 0.0231630875
FT 528 268479.777955005 129 122 0 0.018538576
SW 528 268479.777955005 1 173 189 8 0
FT 529 268479.811291338 153 141 0 0.0191603115
FT 530 268479.844627796 141 129 0 0.0174232027
FT 531 268479.877964171 129 127 0 0.00837130772
SW 531 268479.877964171 1 186 203 6 0
FT 532 268479.911300588 158 144 0 0.0207146071
FT 533 268479.944637046 144 141 0 0.016024586
FT 534 268479.977973421 141 138 0 0.0112544434
SW 534 268479.977973421 1 192 206 5 0
FT 535 268480.011309880 156 154 0 0.0147540499
FT 536 268480.044646338 154 153 0 0.0129527714
FT 537 268480.077982796 153 149 0 0.0215129475
SW 537 268480.077982796 1 187 210 7 0
FT 538 268480.111319213 160 133 0 0.0273792945
FT 539 268480.144655588 133 108 0 0.0472491632
FT 540 268480.177992005 108 90 0 0.0583538139
SW 540 268480.177992005 1 167 197 7 0
FT 541 268480.211328463 132 97 0 0.0580418368
FT 542 268480.244664838 97 87 0 0.057244044
FT 543 268480.278001380 87 79 0 0.060274626
SW 543 268480.278001380 1 165 189 7 0
FT 544 268480.311337671 129 125 0 0.046108173
FT 545 268480.344674171 125 116 0 0.0185348404
FT 546 268480.378010546 116 113 0 0.0159459436
SW 546 268480.378010546 1 201 210 6 0
FT 547 268480.411346963 122 118 0 0.0160419941
FT 548 268480.444683421 118 114 0 0.0105925667
FT 549 268480.478019796 114 110 0 0.0189034931
SW 549 268480.478019796 1 203 214 9 0
FT 550 268480.511356213 131 122 0 0.0182207099
FT 551 268480.544692671 122 109 0 0.0243611192
FT 552 268480.578029130 109 106 0 0.0143131168
SW 552 268480.578029130 1 154 223 7 0
FT 553 268480.611365505 132 115 0 0.018279265
FT 554 268480.644701921 115 102 0 0.0320145086
FT 555 268480.678038338 102 97 0 0.0267458758
SW 555 268480.678038338 1 140 177 11 0
FT 556 268480.711374796 118 113 0 0.0244445662
FT 557 268480.744711171 113 102 0 0.024357341
FT 558 268480.778047588 102 97 0 0.0185333165
SW 558 268480.778047588 1 157 166 5 0
FT 559 268480.811384046 129 124 0 0.0171991523
FT 560 268480.844720463 124 113 0 0.0315909878
FT 561 268480.878056921 113 105 0 0.0187705097
SW 561 268480.878056921 1 168 182 4 0
FT 562 268480.911393380 132 129 0 0.0236609939
FT 563 268480.944729796 129 119 0 0.0235331932
FT 564 268480.978066171 119 106 0 0.0488152302
SW 564 268480.978066171 1 167 187 5 0
FT 565 268481.011402630 131 120 0 0.0443635482
FT 566 268481.044739046 120 116 0 0.032937564
FT 567 268481.078075463 116 108 0 0.0264119813
SW 567 268481.078075463 1 161 191 5 0
FT 568 268481.111411880 129 114 0 0.0336752477
FT 569 268481.144748338 114 105 0 0.0265757972
FT 570 268481.178084755 105 99 0 0.0152090661
SW 570 268481.178084755 1 151 177 11 0
FT 571 268481.211421171 123 116 0 0.0202277812
FT 572 268481.244757505 116 107 0 0.0178895779
FT 573 268481.278094005 107 105 0 0.0171903826
SW 573 268481.278094005 1 150 178 16 0
FT 574 268481.311430380 147 140 0 0.0182746881
FT 575 268481.344766838 140 135 0 0.0240237253
FT 576 268481.378103296 135 130 0 0.0241215454
SW 576 268481.378103296 1 176 201 11 0
FT 577 268481.411439630 155 141 0 0.0262526353
FT 578 268481.444776130 141 132 0 0.02138561
FT 579 268481.478112588 132 127 0 0.0173325555
SW 579 268481.478112588 1 178 205 10 0
FT 580 268481.511448921 147 134 0 0.0202812905
FT 581 268481.544785421 134 124 0 0.0166637845
FT 582 268481.578121880 124 121 0 0.0171573565
SW 582 268481.578121880 1 175 202 7 0
FT 583 268481.611458296 147 140 0 0.0187794334
FT 584 268481.644794713 140 130 0 0.0156191552
FT 585 268481.678131005 130 119 0 0.0163637191
SW 585 268481.678131005 1 187 203 6 0
FT 586 268481.711467546 158 140 0 0.0165576805
FT 587 268481.744804046 140 133 0 0.0101781864
FT 588 268481.778140338 133 128 0 0.00204069163
SW 588 268481.778140338 1 201 217 6 0
FT 589 268481.811476838 160 152 0 0.00767963408
FT 590 268481.844813296 152 147 0 0.0092711367
FT 591 268481.878149755 147 145 0 0.0118067019
SW 591 268481.878149755 1 206 235 8 0
FT 592 268481.911486255 159 154 0 0.0129085141
FT 593 268481.944822671 154 149 0 0.014389554
FT 594 268481.978159046 149 144 0 0.011780093
SW 594 268481.978159046 1 197 226 9 0
FT 595 268482.011495630 164 152 0 0.00993958427
FT 596 268482.044831963 152 139 0 0.0105085771
FT 597 268482.078168380 139 131 0 0.0116855534
SW 597 268482.078168380 1 191 221 7 0
FT 598 268482.111504755 157 153 0 0.00814185762
FT 599 268482.144841255 153 144 0 0.0223279937
FT 600 268482.178177755 144 138 0 0.0357745621
SW 600 268482.178177755 1 193 216 8 0
FT 601 268482.211514088 155 146 0 0.0311683768
FT 602 268482.244850588 146 141 0 0.0188361141
FT 603 268482.278186963 141 135 0 0.0149381326
SW 603 268482.278186963 1 199 214 4 0
FT 604 268482.311523380 153 146 0 0.00801009312
FT 605 268482.344859880 146 138 0 0.00328867412
FT 606 268482.378196255 138 136 0 0.00452626921
SW 606 268482.378196255 1 204 219 2 0
FT 607 268482.411532713 156 151 0 0.0042713302
FT 608 268482.444869171 151 148 0 0.00748896157
FT 609 268482.478205546 148 142 0 0.0132396862
SW 609 268482.478205546 1 192 221 1 0
FT 610 268482.511541880 158 153 0 0.015779513
FT 611 268482.544878296 153 136 0 0.0135297926
FT 612 268482.578214838 136 125 0 0.0130379553
SW 612 268482.578214838 1 189 201 1 0
FT 613 268482.611551213 156 147 0 0.00929680601
FT 614 268482.644887755 147 137 0 0.0157492065
FT 615 268482.678224005 137 126 0 0.0312338081
SW 615 268482.678224005 1 189 208 3 0
FT 616 268482.711560546 157 142 0 0.0355167932
FT 617 268482.744896838 142 133 0 0.02340999
FT 618 268482.778233213 133 124 0 0.0191208421
SW 618 268482.778233213 1 189 209 5 0
FT 619 268482.811569713 156 153 0 0.0202035543
FT 620 268482.844906005 153 141 0 0.0191109883
FT 621 268482.878242505 141 132 0 0.0173873149
SW 621 268482.878242505 1 204 218 5 0
FT 622 268482.911578796 161 155 0 0.0193252811
FT 623 268482.944915130 155 142 0 0.0322228277
FT 624 268482.978251671 142 135 0 0.0292611095
SW 624 268482.978251671 1 199 229 5 0
FT 625 268483.011588046 157 145 0 0.0298502476
FT 626 268483.044924380 145 132 0 0.0310036889
FT 627 268483.078260880 132 126 0 0.0279828283
SW 627 268483.078260880 1 195 218 6 0
FT 628 268483.111597213 163 146 0 0.0311913737
FT 629 268483.144933630 146 127 0 0.0359185049
FT 630 268483.178270005 127 120 0 0.0359564784
SW 630 268483.178270005 1 197 222 6 0
FT 631 268483.211606463 149 140 0 0.034798207
FT 632 268483.244942713 140 128 0 0.0351922725
FT 633 268483.278279255 128 121 0 0.0305933625
SW 633 268483.278279255 1 201 224 7 0
FT 634 268483.311615463 149 145 0 0.0187618782
FT 635 268483.344951880 145 128 0 0.0114559801
FT 636 268483.378288296 128 122 0 0.0110742436
SW 636 268483.378288296 1 208 231 6 0
FT 637 268483.411624713 161 158 0 0.0134492545
FT 638 268483.444961171 158 146 0 0.01700285
FT 639 268483.478297546 146 134 0 0.0199472502
SW 639 268483.478297546 1 201 240 16 0
FT 640 268483.511633921 155 145 0 0.014975793
FT 641 268483.544970255 145 136 0 0.00716841105
FT 642 268483.578306588 136 132 0 0.00968974376
SW 642 268483.578306588 1 193 233 13 0
FT 643 268483.611643005 156 144 0 0.0110670036
FT 644 268483.644979463 144 134 0 0.0159304556
FT 645 268483.678315755 134 130 0 0.0122889013
SW 645 268483.678315755 1 198 228 10 0
FT 646 268483.711652213 163 160 0 0.00356769727
FT 647 268483.744988505 160 152 0 0.00580775241
FT 648 268483.778324921 152 146 0 0.00629463971
SW 648 268483.778324921 1 203 235 10 0
FT 649 268483.811661296 157 156 0 0.00443776106
FT 650 268483.844997630 156 153 0 0.00830046948
FT 651 268483.878334130 153 145 0 0.0100889749
SW 651 268483.878334130 1 201 224 9 0
FT 652 268483.911670505 165 157 0 0.0102224978
FT 653 268483.945006838 157 149 0 0.010628986
FT 654 268483.978343255 149 145 0 0.00609761217
SW 654 268483.978343255 1 203 226 5 0
FT 655 268484.011679588 166 158 0 0.0095639552
FT 656 268484.045016046 158 145 0 0.0194784273
FT 657 268484.078352380 145 120 0 0.0238502217
SW 657 268484.078352380 1 189 217 4 0
FT 658 268484.111688713 162 139 0 0.0271476542
FT 659 268484.145025088 139 123 0 0.0266719902
FT 660 268484.178361588 123 110 0 0.0181110611
SW 660 268484.178361588 1 200 214 3 0
FT 661 268484.211697880 157 144 0 0.0166871306
FT 662 268484.245034213 144 135 0 0.0136625253
FT 663 268484.278370713 135 128 0 0.00699528653
SW 663 268484.278370713 1 227 241 2 0
FT 664 268484.311707088 160 139 0 0.0184994073
FT 665 268484.345043546 139 124 0 0.0307175202
FT 666 268484.378379713 124 114 0 0.0140838453
SW 666 268484.378379713 1 231 250 3 0
FT 667 268484.411716130 164 151 0 0.00749592571
FT 668 268484.445052463 151 140 0 0.0160313344
FT 669 268484.478388838 140 129 0 0.014232891
SW 669 268484.478388838 1 222 264 8 0
FT 670 268484.511725296 162 144 0 0.0123173036
FT 671 268484.545061671 144 131 0 0.0188648706
FT 672 268484.578398005 131 101 0 0.0152821597
SW 672 268484.578398005 1 202 249 16 0
FT 673 268484.611734421 167 127 0 0.0299423142
FT 674 268484.645070755 127 103 0 0.023083104
FT 675 268484.678407213 103 84 0 0.0167364245
SW 675 268484.678407213 1 206 243 17 0
FT 676 268484.711743546 160 117 0 0.0177490186
FT 677 268484.745080005 117 101 0 0.0179604498
FT 678 268484.778416380 101 93 0 0.0255016474
SW 678 268484.778416380 1 213 261 13 0
FT 679 268484.811752755 156 138 0 0.0216241739
FT 680 268484.845089046 138 120 0 0.0136642513
FT 681 268484.878425421 120 112 0 0.00765035731
SW 681 268484.878425421 1 244 265 6 0
FT 682 268484.911761838 150 130 0 0.00825267289
FT 683 268484.945098171 130 115 0 0.0186419095
FT 684 268484.978434588 115 101 0 0.0256492767
SW 684 268484.978434588 1 216 267 4 0
FT 685 268485.011770880 147 131 0 0.0201071076
FT 686 268485.045107296 131 115 0 0.0228928436
FT 687 268485.078443713 115 95 0 0.025618682
SW 687 268485.078443713 1 198 244 4 0
FT 688 268485.111780088 137 106 0 0.0233072019
FT 689 268485.145116380 106 84 0 0.0238640075
FT 690 268485.178452921 84 71 0 0.0232830216
SW 690 268485.178452921 1 184 216 3 0
FT 691 268485.211789296 126 87 0 0.0216309433
FT 692 268485.245125505 87 71 0 0.026303173
FT 693 268485.278461880 71 63 0 0.0202496203
SW 693 268485.278461880 1 181 204 3 0
FT 694 268485.311798255 112 75 0 0.0144926021
FT 695 268485.345134713 75 57 0 0.0224910141
FT 696 268485.378471088 57 34 0 0.0233306639
SW 696 268485.378471088 1 153 186 5 0
FT 697 268485.411807421 81 52 0 0.0119831415
FT 698 268485.445143755 52 40 0 0.0272745162
FT 699 268485.478480171 40 32 0 0.0283178903
SW 699 268485.478480171 1 134 169 5 0
FT 700 268485.511816546 57 42 0 0.0267351252
FT 701 268485.545152921 42 28 0 0.0234954392
FT 702 268485.578489255 28 21 0 0.0154489766
SW 702 268485.578489255 1 104 145 3 0
FT 703 268485.611825755 33 21 0 0.0234564317
FT 704 268485.645161963 21 17 0 0.0308806028
FT 705 268485.678498338 17 16 0 0.0259648833
SW 705 268485.678498338 1 83 110 2 0
FT 706 268485.711834796 24 22 0 0.0202565517
FT 707 268485.745171255 22 20 0 0.0213348104
FT 708 268485.778507546 20 17 0 0.0232014677
SW 708 268485.778507546 1 56 90 3 0
FT 709 268485.811844005 28 22 0 0.0236429077
FT 710 268485.845180338 22 21 0 0.0150883856
FT 711 268485.878516671 21 20 0 0.0115296021
SW 711 268485.878516671 1 48 64 3 0
FT 712 268485.911853130 33 31 0 0.0197419964
FT 713 268485.945189380 31 30 0 0.0257883739
FT 714 268485.978525880 30 29 0 0.0237731502
SW 714 268485.978525880 1 40 60 3 0
FT 715 268486.011862213 52 52 0 0.0205705359
FT 716 268486.045198505 52 51 0 0.0138013526
FT 717 268486.078534838 51 50 0 0.0175874496
SW 717 268486.078534838 1 52 64 4 0
FT 718 268486.111871255 63 52 0 0.0253151614
FT 719 268486.145207588 52 49 0 0.0199114489
FT 720 268486.178543963 49 45 0 0.0213113454
SW 720 268486.178543963 1 52 62 6 0
FT 721 268486.211880421 63 51 0 0.0281420053
FT 722 268486.245216755 51 41 0 0.0374627439
FT 723 268486.278553130 41 38 0 0.03097609
SW 723 268486.278553130 1 62 69 5 0
FT 724 268486.311889505 75 71 0 0.0196493207
FT 725 268486.345225880 71 67 0 0.0176733059
FT 726 268486.378562296 67 65 0 0.01569562
SW 726 268486.378562296 1 88 95 7 0
FT 727 268486.411898630 79 77 0 0.0160097554
FT 728 268486.445235005 77 76 0 0.0229335236
FT 729 268486.478571380 76 73 0 0.0233878055
SW 729 268486.478571380 1 97 106 9 0
FT 730 268486.511907713 86 81 0 0.021647335
FT 731 268486.545244088 81 77 0 0.026363556
FT 732 268486.578580338 77 70 0 0.0218244689
SW 732 268486.578580338 1 93 114 10 0
FT 733 268486.611916838 90 85 0 0.0114920921
FT 734 268486.645253213 85 84 0 0.00555026254
FT 735 268486.678589505 84 80 0 0.00770725343
SW 735 268486.678589505 1 87 116 11 0
FT 736 268486.711925838 103 95 0 0.0135627957
FT 737 268486.745262255 95 81 0 0.0103252903
FT 738 268486.778598588 81 65 0 0.0189343987
SW 738 268486.778598588 1 96 109 12 0
FT 739 268486.811934963 87 72 0 0.025192098
FT 740 268486.845271380 72 54 0 0.0121929393
FT 741 268486.878607671 54 42 0 0.0251666175
SW 741 268486.878607671 1 98 112 11 0
FT 742 268486.911944046 97 57 0 0.0298367862
FT 743 268486.945280463 57 35 0 0.0240716222
FT 744 268486.978616838 35 30 0 0.024697026
SW 744 268486.978616838 1 91 119 17 0
FT 745 268487.011953213 59 54 0 0.0315743639
FT 746 268487.045289630 54 51 0 0.0217193085
FT 747 268487.078625963 51 46 0 0.0165561846
SW 747 268487.078625963 1 112 128 13 0
FT 748 268487.111962213 75 69 0 0.0144943599
FT 749 268487.145298630 69 66 0 0.0175225778
FT 750 268487.178635005 66 63 0 0.0200280992
SW 750 268487.178635005 1 107 146 13 0
FT 751 268487.211971380 71 70 0 0.0144037469
FT 752 268487.245307755 70 64 0 0.0160832525
FT 753 268487.278644130 64 57 0 0.0179286289
SW 753 268487.278644130 1 86 126 13 0
FT 754 268487.311980463 70 60 0 0.023764991
FT 755 268487.345316880 60 53 0 0.0297881206
FT 756 268487.378653255 53 50 0 0.034280082
SW 756 268487.378653255 1 73 104 9 0
FT 757 268487.411989588 81 63 0 0.0250689268
FT 758 268487.445325921 63 38 0 0.0279084535
FT 759 268487.478662255 38 26 0 0.0204428488
SW 759 268487.478662255 1 79 90 7 0
FT 760 268487.511998671 105 54 0 0.0215320084
FT 761 268487.545335046 54 23 0 0.0149951007
FT 762 268487.578671380 23 8 0 0.0167416175
SW 762 268487.578671380 1 81 90 5 0
FT 763 268487.612007713 119 37 0 0.0359023704
FT 764 268487.645344171 37 22 0 0.0241733655
FT 765 268487.678680421 22 17 0 0.0321520998
SW 765 268487.678680421 1 76 102 14 0
FT 766 268487.712016755 123 74 0 0.0614099209
FT 767 268487.745353171 74 52 0 0.0426804754
FT 768 268487.778689505 52 33 0 0.0240476754
SW 768 268487.778689505 1 65 116 39 0
FT 769 268487.812025880 132 105 0 0.0389021082
FT 770 268487.845362171 105 75 0 0.0244562749
FT 771 268487.878698630 75 65 0 0.0151169703
SW 771 268487.878698630 1 35 150 83 0
FT 772 268487.912034963 152 101 0 0.00740192869
FT 773 268487.945371421 101 82 0 0.0198769174
FT 774 268487.978707713 82 70 0 0.0168411018
SW 774 268487.978707713 1 34 151 95 0
FT 775 268488.012044130 139 125 0 0.0312252366
FT 776 268488.045380380 125 107 0 0.0182258442
FT 777 268488.078716796 107 97 0 0.0247271646
SW 777 268488.078716796 1 47 172 118 0
FT 778 268488.112053171 143 133 0 0.0201714472
FT 779 268488.145389588 133 113 0 0.0324590835
FT 780 268488.178725838 113 99 0 0.0512879522
SW 780 268488.178725838 1 67 196 119 0
FT 781 268488.212062380 150 129 0 0.0540614689
FT 782 268488.245398671 129 112 0 0.0482528343
FT 783 268488.278735005 112 104 0 0.0283226522
SW 783 268488.278735005 1 97 213 102 0
FT 784 268488.312071338 146 118 0 0.0272045842
FT 785 268488.345407713 118 107 0 0.0266464384
FT 786 268488.378744130 107 104 0 0.0222837421
SW 786 268488.378744130 1 131 217 58 0
FT 787 268488.412080421 147 136 0 0.0154797468
FT 788 268488.445416796 136 133 0 0.0187107669
FT 789 268488.478753213 133 125 0 0.0225356006
SW 789 268488.478753213 1 153 218 49 0
FT 790 268488.512089546 154 147 0 0.023504189
FT 791 268488.545425838 147 134 0 0.0309273926
FT 792 268488.578762255 134 133 0 0.0269755102
SW 792 268488.578762255 1 158 220 33 0
FT 793 268488.612098588 157 147 0 0.028470244
FT 794 268488.645434963 147 137 0 0.0293593973
FT 795 268488.678771338 137 126 0 0.0268090431
SW 795 268488.678771338 1 156 206 28 0
FT 796 268488.712107713 156 154 0 0.0233872579
FT 797 268488.745444046 154 143 0 0.0181655564
FT 798 268488.778780463 143 134 0 0.0205169889
SW 798 268488.778780463 1 177 204 9 0
FT 799 268488.812116755 159 151 0 0.0195935714
FT 800 268488.845453046 151 139 0 0.0145119643
FT 801 268488.878789546 139 127 0 0.0199186689
SW 801 268488.878789546 1 187 203 8 0
FT 802 268488.912125755 152 146 0 0.0206796959
FT 803 268488.945462255 146 134 0 0.0245683364
FT 804 268488.978798546 134 130 0 0.0262874912
SW 804 268488.978798546 1 195 213 8 0
FT 805 268489.012134880 149 142 0 0.0205832294
FT 806 268489.045471255 142 129 0 0.0230717089
FT 807 268489.078807546 129 125 0 0.0211946748
SW 807 268489.078807546 1 189 217 6 0
FT 808 268489.112144005 151 140 0 0.0163986263
FT 809 268489.145480255 140 128 0 0.00966935717
FT 810 268489.178816671 128 113 0 0.0106452419
SW 810 268489.178816671 1 194 212 6 0
FT 811 268489.212153046 148 141 0 0.0121733771
FT 812 268489.245489463 141 130 0 0.0147976925
FT 813 268489.278825796 130 124 0 0.0163704263
SW 813 268489.278825796 1 198 227 5 0
FT 814 268489.312162088 146 135 0 0.012271645
FT 815 268489.345498463 135 130 0 0.0118908476
FT 816 268489.378834838 130 121 0 0.0252943617
SW 816 268489.378834838 1 198 218 5 0
FT 817 268489.412171213 146 129 0 0.0321726173
FT 818 268489.445507463 129 120 0 0.0367349578
FT 819 268489.478843963 120 113 0 0.0228743512
SW 819 268489.478843963 1 195 219 5 0
FT 820 268489.512180296 137 115 0 0.0147369279
FT 821 268489.545516588 115 98 0 0.0127594498
FT 822 268489.578853046 98 91 0 0.00870891262
SW 822 268489.578853046 1 177 210 4 0
FT 823 268489.612189296 125 116 0 0.00884323191
FT 824 268489.645525671 116 109 0 0.0082422072
FT 825 268489.678862088 109 103 0 0.00746577422
SW 825 268489.678862088 1 180 203 7 0
FT 826 268489.712198338 133 120 0 0.00985808411
FT 827 268489.745534838 120 112 0 0.0118928839
FT 828 268489.778871130 112 107 0 0.0130356946
SW 828 268489.778871130 1 179 206 9 0
FT 829 268489.812207505 121 113 0 0.0147518103
FT 830 268489.845543880 113 110 0 0.0196629503
FT 831 268489.878880171 110 104 0 0.024345831
SW 831 268489.878880171 1 164 197 9 0
FT 832 268489.912216588 124 116 0 0.0311505964
FT 833 268489.945552880 116 110 0 0.0306716497
FT 834 268489.978889296 110 108 0 0.0223899047
SW 834 268489.978889296 1 147 189 10 0
FT 835 268490.012225671 130 126 0 0.017449038
FT 836 268490.045561921 126 116 0 0.013305994
FT 837 268490.078898296 116 109 0 0.0116718426
SW 837 268490.078898296 1 150 169 9 0
FT 838 268490.112234713 130 118 0 0.0126359928
FT 839 268490.145571005 118 110 0 0.00863963044
FT 840 268490.178907421 110 102 0 0.0098262754
SW 840 268490.178907421 1 152 176 9 0
FT 841 268490.212243671 122 110 0 0.0122328688
FT 842 268490.245580046 110 101 0 0.0135502557
FT 843 268490.278916421 101 93 0 0.0181501906
SW 843 268490.278916421 1 157 176 7 0
FT 844 268490.312252796 117 106 0 0.0321596997
FT 845 268490.345589088 106 103 0 0.034066233
FT 846 268490.378925505 103 94 0 0.0362907091
SW 846 268490.378925505 1 160 179 7 0
FT 847 268490.412261880 122 94 0 0.0232007791
FT 848 268490.445598296 94 77 0 0.0375989721
FT 849 268490.478934588 77 65 0 0.0260276545
SW 849 268490.478934588 1 154 173 8 0
FT 850 268490.512270963 109 86 0 0.0231472969
FT 851 268490.545607380 86 72 0 0.029768611
FT 852 268490.578943630 72 72 0 0.0087957924
SW 852 268490.578943630 1 150 181 7 0
FT 853 268490.612279963 116 112 0 0.00442371958
FT 854 268490.645616380 112 100 0 0.0180773026
FT 855 268490.678952755 100 92 0 0.0461979976
SW 855 268490.678952755 1 153 183 6 0
FT 856 268490.712289088 120 118 0 0.0174768258
FT 857 268490.745625421 118 91 0 0.0152826045
FT 858 268490.778961713 91 77 0 0.0345551167
SW 858 268490.778961713 1 149 169 6 0
FT 859 268490.812298046 120 117 0 0.00742434183
FT 860 268490.845634421 117 109 0 0.020798698
FT 861 268490.878970838 109 105 0 0.0202799632
SW 861 268490.878970838 1 150 190 5 0
FT 862 268490.912307130 117 115 0 0.0236433104
FT 863 268490.945643505 115 105 0 0.016837574
FT 864 268490.978979838 105 87 0 0.0461553462
SW 864 268490.978979838 1 141 159 6 0
FT 865 268491.012316255 114 113 0 0.0126096252
FT 866 268491.045652505 113 109 0 0.0201552387
FT 867 268491.078988921 109 109 0 0.0122645873
SW 867 268491.078988921 1 158 169 5 0
FT 868 268491.112325255 122 116 0 0.0117767748
FT 869 268491.145661630 116 115 0 0.0127964768
FT 870 268491.178997921 115 113 1 0.00648632543
SW 870 268491.178997921 0 158 0 0 0
FT 871 268491.212334296 126 125 0 0.00457424521
FT 872 268491.245670588 125 123 0 0.00578502873
FT 873 268491.279007005 123 119 0 0.0140304589
SW 873 268491.279007005 1 142 180 6 1
FT 874 268491.312343296 129 123 0 0.0206781305
FT 875 268491.345679671 123 121 0 0.0182616236
FT 876 268491.379016046 121 115 0 0.0119571857
SW 876 268491.379016046 1 127 154 4 1
FT 877 268491.412352380 126 117 0 0.0178056062
FT 878 268491.445688796 117 112 0 0.0144441167
FT 879 268491.479025130 112 108 0 0.010383901
SW 879 268491.479025130 1 132 138 5 1
FT 880 268491.512361505 121 119 0 0.011946526
FT 881 268491.545697713 119 115 0 0.0135325933
FT 882 268491.579034088 115 110 0 0.0145426513
SW 882 268491.579034088 1 138 148 4 1
FT 883 268491.612370463 125 123 0 0.0129484798
FT 884 268491.645706880 123 118 0 0.00989876861
FT 885 268491.679043213 118 114 0 0.0060242096
SW 885 268491.679043213 1 147 155 5 1
FT 886 268491.712379630 126 116 0 0.013682887
FT 887 268491.745715838 116 103 0 0.0202129336
FT 888 268491.779052296 103 69 0 0.0326946339
SW 888 268491.779052296 1 141 158 7 0
FT 889 268491.812388546 91 57 0 0.0528652608
FT 890 268491.845724921 57 39 0 0.0558172924
FT 891 268491.879061255 39 23 0 0.0585093681
SW 891 268491.879061255 1 131 151 7 0
FT 892 268491.912397588 82 48 0 0.0722559969
FT 893 268491.945733963 48 36 0 0.0741007197
FT 894 268491.979070338 36 29 0 0.0651093167
SW 894 268491.979070338 1 145 158 5 0
FT 895 268492.012406713 91 81 0 0.0235583032
FT 896 268492.045743046 81 79 0 0.00698154196
