FT 2 268462.168393170 117 116 0 0.00827721349
FT 3 268462.201729837 126 121 0 0.00935845905
FT 4 268462.235066462 131 130 0 0.0072469675
FT 5 268462.268403045 138 136 0 0.00565653522
FT 6 268462.301739712 141 139 0 0.00712166742
FT 7 268462.335076295 142 138 0 0.00909776222
FT 8 268462.368413004 143 141 0 0.007497113
FT 9 268462.401749545 145 143 0 0.0127675932
FT 10 268462.435086212 146 141 0 0.00560182841
FT 11 268462.468422879 145 136 0 0.00850646972
FT 12 268462.501759462 142 141 0 0.00538070574
FT 13 268462.535096129 147 146 0 0.00435536746
FT 14 268462.568432670 147 145 0 0.000205076922
FT 15 268462.601769254 149 149 0 0.00192295136
FT 16 268462.635105962 151 149 1 0.00531515801
FT 17 268462.668442504 152 150 0 0.00987434313
FT 18 268462.701779170 155 150 0 0.0127892837
FT 19 268462.735115837 158 154 1 0.00202979628
FT 20 268462.768452337 158 157 0 0.0116556544
FT 21 268462.801789004 162 162 0 0.00513336416
FT 22 268462.835125629 162 159 0 0.00405835586
FT 23 268462.868462212 162 162 1 0.00139586857
FT 24 268462.901798879 166 164 1 0.0012798761
FT 25 268462.935135504 165 163 0 0.00472173569
FT 26 268462.968472087 165 162 0 0.00628882966
FT 27 268463.001808712 163 161 0 0.0063823257
FT 28 268463.035145379 165 162 1 0.00962982703
FT 29 268463.068481920 164 159 0 0.012768658
FT 30 268463.185160045 160 137 0 0.0431689422
FT 31 268463.218496754 153 142 0 0.0164508555
FT 32 268463.251833295 158 155 1 0.0121267669
FT 33 268463.285169879 160 152 0 0.0162017394
FT 34 268463.318506504 160 157 0 0.0178573324
FT 35 268463.351843087 161 160 0 0.00932131339
FT 36 268463.385179712 166 157 0 0.0149948488
INIT 268462.135056670 268463.385179712 8 0.281928815 8.92330528 0.486301517 4.0383806 -0.00466214613 0.00183004548 0.000531317889 0 0 0
FT 37 268463.418516212 164 150 0 0.0190448805
FT 38 268463.451852837 150 144 0 0.0172717379
FT 39 268463.485189379 144 142 0 0.0107198006
SW 39 268463.485189379 1 182 217 14 0
FT 40 268463.518526045 161 161 0 0.00813037968
FT 41 268463.551862629 161 159 0 0.00700072339
FT 42 268463.585199212 159 157 0 0.00612391204
SW 42 268463.585199212 1 204 215 6 0
FT 43 268463.618535754 162 156 0 0.0184301356
FT 44 268463.651872462 156 150 0 0.0149862634
FT 45 268463.685209045 150 145 0 0.0109297701
SW 45 268463.685209045 1 175 214 7 0
FT 46 268463.718545545 170 162 0 0.0162251103
FT 47 268463.751882129 162 161 0 0.013254421
FT 48 268463.785218754 161 159 0 0.0141639064
SW 48 268463.785218754 1 187 200 4 0
FT 49 268463.818555212 173 171 0 0.0123462443
FT 50 268463.851891795 171 169 0 0.0100778419
FT 51 268463.885228379 169 165 0 0.00529055174
SW 51 268463.885228379 1 192 203 3 0
FT 52 268463.918564920 171 169 0 0.0094806556
FT 53 268463.951901504 169 161 0 0.0147534691
FT 54 268463.985238087 161 157 0 0.00891995623
SW 54 268463.985238087 1 196 201 1 0
FT 55 268464.018574670 170 165 0 0.0138000998
FT 56 268464.051911170 165 157 0 0.0183494416
FT 57 268464.085247712 157 157 0 0.0162080638
SW 57 268464.085247712 1 187 205 2 0
FT 58 268464.118584295 168 165 0 0.0109905865
FT 59 268464.151920795 165 163 0 0.00666075677
FT 60 268464.185257337 163 160 0 0.010214316
SW 60 268464.185257337 1 194 199 1 0
FT 61 268464.218593837 173 169 0 0.0136940524
FT 62 268464.251930462 169 165 0 0.00952642178
FT 63 268464.285267045 165 163 0 0.00965326097
SW 63 268464.285267045 1 198 205 1 0
FT 64 268464.318603420 172 172 0 0.00835987784
FT 65 268464.351940004 172 171 0 0.00595530757
FT 66 268464.385276545 171 161 0 0.0123820342
SW 66 268464.385276545 1 191 206 1 0
FT 67 268464.418613129 165 162 0 0.0153138219
FT 68 268464.451949629 162 159 0 0.0107829844
FT 69 268464.485286212 159 155 0 0.0115227406
SW 69 268464.485286212 1 185 195 2 0
FT 70 268464.518622795 164 161 0 0.0112959761
FT 71 268464.551959295 161 159 0 0.00537772287
FT 72 268464.585295920 159 158 0 0.00896403758
SW 72 268464.585295920 1 186 195 2 0
FT 73 268464.618632295 164 162 0 0.00866532617
FT 74 268464.651968879 162 160 0 0.00245693169
FT 75 268464.685305462 160 160 0 0.00688008018
SW 75 268464.685305462 1 183 192 2 0
FT 76 268464.718642004 168 164 0 0.00996353757
FT 77 268464.751978462 164 162 0 0.00674382289
FT 78 268464.785315045 162 159 0 0.0139589522
SW 78 268464.785315045 1 180 191 2 0
FT 79 268464.818651587 167 162 0 0.0194015543
FT 80 268464.851988129 162 156 0 0.0167737588
FT 81 268464.885324629 156 155 0 0.00841508913
SW 81 268464.885324629 1 175 187 3 0
FT 82 268464.918661129 162 159 0 0.0096675508
FT 83 268464.951997670 159 153 0 0.0171990031
FT 84 268464.985334212 153 149 0 0.0141692354
SW 84 268464.985334212 1 177 183 1 0
FT 85 268465.018670754 155 152 0 0.0114279336
FT 86 268465.052007212 152 150 0 0.0172597673
FT 87 268465.085343837 150 141 0 0.0231230381
SW 87 268465.085343837 1 178 182 2 0
FT 88 268465.118911296 151 146 0 0.0180778698
FT 89 268465.152247921 146 145 0 0.00997244763
FT 90 268465.185584380 145 139 0 0.0109157557
SW 90 268465.185584380 1 178 187 2 0
FT 91 268465.218921046 153 150 0 0.0159750312
FT 92 268465.252257463 150 145 0 0.0115587926
FT 93 268465.285594005 145 142 0 0.0104124322
SW 93 268465.285594005 1 180 191 2 0
FT 94 268465.318930630 150 143 0 0.0123406207
FT 95 268465.352267046 143 139 0 0.00909954465
FT 96 268465.385603588 139 138 0 0.0118357013
SW 96 268465.385603588 1 175 189 3 0
FT 97 268465.418940171 152 149 0 0.0120354424
FT 98 268465.452276671 149 141 0 0.00984442891
FT 99 268465.485613171 141 135 0 0.00745107846
SW 99 268465.485613171 1 174 188 2 0
FT 100 268465.518949755 156 153 0 0.00653115006
FT 101 268465.552286255 153 145 0 0.00443814862
FT 102 268465.585622838 145 143 0 0.00429473955
SW 102 268465.585622838 1 181 191 1 0
FT 103 268465.618959421 159 156 0 0.00381828758
FT 104 268465.652295921 156 143 0 0.00810108369
FT 105 268465.685632421 143 140 0 0.0106225305
SW 105 268465.685632421 1 185 194 1 0
FT 106 268465.718968838 157 152 0 0.00422444374
FT 107 268465.752305463 152 148 0 0.00575105347
FT 108 268465.785642046 148 144 0 0.00760311033
SW 108 268465.785642046 1 185 198 2 0
FT 109 268465.818978546 167 165 0 0.00700354859
FT 110 268465.852315088 165 162 0 0.00761279423
FT 111 268465.885651630 162 160 0 0.00706931064
SW 111 268465.885651630 1 191 208 4 0
FT 112 268465.918988046 166 163 0 0.00905941351
FT 113 268465.952324671 163 157 0 0.014219706
FT 114 268465.985661255 157 151 0 0.0173312244
SW 114 268465.985661255 1 190 199 2 0
FT 115 268466.018997713 160 154 0 0.0164973051
FT 116 268466.052334338 154 151 0 0.0189576722
FT 117 268466.085670880 151 149 0 0.0164767869
SW 117 268466.085670880 1 182 200 3 0
FT 118 268466.119007213 164 159 0 0.0177835983
FT 119 268466.152343880 159 151 0 0.0194835585
FT 120 268466.185680421 151 143 0 0.016343753
SW 120 268466.185680421 1 183 195 4 0
FT 121 268466.219016963 158 153 0 0.0112937253
FT 122 268466.252353505 153 149 0 0.00413771602
FT 123 268466.285690130 149 142 0 0.00781660962
SW 123 268466.285690130 1 189 199 5 0
FT 124 268466.319026546 162 156 0 0.00631436041
FT 125 268466.352363046 156 151 0 0.0115025633
FT 126 268466.385699546 151 147 0 0.0138991765
SW 126 268466.385699546 1 192 211 6 0
FT 127 268466.419036005 168 162 0 0.0175376866
FT 128 268466.452372546 162 157 0 0.0165501012
FT 129 268466.485709213 157 153 0 0.0111928168
SW 129 268466.485709213 1 197 213 6 0
FT 130 268466.519045671 170 168 0 0.0110723285
FT 131 268466.552382171 168 161 0 0.00957526118
FT 132 268466.585718755 161 155 0 0.00860203365
SW 132 268466.585718755 1 194 216 6 0
FT 133 268466.619055213 167 164 0 0.0111233064
FT 134 268466.652391671 164 155 0 0.0170693355
FT 135 268466.685728338 155 150 0 0.0179732701
SW 135 268466.685728338 1 191 209 5 0
FT 136 268466.719064713 166 165 0 0.0183119897
FT 137 268466.752401296 165 160 0 0.0180832718
FT 138 268466.785737796 160 157 0 0.0123827974
SW 138 268466.785737796 1 191 209 6 0
FT 139 268466.819074255 168 167 0 0.0126343686
FT 140 268466.852410755 167 165 0 0.0100561604
FT 141 268466.885747338 165 162 0 0.00697717353
SW 141 268466.885747338 1 193 207 5 0
FT 142 268466.919083796 169 163 0 0.00693506141
FT 143 268466.952420255 163 162 0 0.00698396518
FT 144 268466.985756755 162 161 0 0.0121351148
SW 144 268466.985756755 1 189 205 5 0
FT 145 268467.019093296 172 168 0 0.0118105132
FT 146 268467.052429755 168 158 0 0.00889789195
FT 147 268467.085766338 158 152 0 0.00623842801
SW 147 268467.085766338 1 181 201 6 0
FT 148 268467.119102713 163 162 0 0.00841528154
FT 149 268467.152439296 162 156 0 0.00356512968
FT 150 268467.185775796 156 151 0 0.00825890326
SW 150 268467.185775796 1 184 196 6 0
FT 151 268467.219112338 164 158 0 0.0104961124
FT 152 268467.252448755 158 146 0 0.00853091519
FT 153 268467.285785255 146 138 0 0.0181147935
SW 153 268467.285785255 1 189 200 6 0
FT 154 268467.319121713 154 144 0 0.0103217304
FT 155 268467.352458213 144 140 0 0.00665112936
FT 156 268467.385794713 140 136 0 0.00917315239
SW 156 268467.385794713 1 191 205 6 0
FT 157 268467.419131213 155 149 0 0.00802733694
FT 158 268467.452467713 149 145 0 0.00950018049
FT 159 268467.485804046 145 140 0 0.0117023466
SW 159 268467.485804046 1 191 214 7 0
FT 160 268467.519140588 149 145 0 0.00888281941
FT 161 268467.552477046 145 142 0 0.0120087963
FT 162 268467.585813588 142 137 0 0.00823104201
SW 162 268467.585813588 1 189 206 7 0
FT 163 268467.619150046 146 139 0 0.0173791063
FT 164 268467.652486463 139 136 0 0.0164368012
FT 165 268467.685823046 136 133 0 0.0290301677
SW 165 268467.685823046 1 174 202 5 0
FT 166 268467.719159505 146 142 0 0.021675475
FT 167 268467.752496046 142 138 0 0.00975742337
FT 168 268467.785832546 138 137 0 0.00440036036
SW 168 268467.785832546 1 173 188 3 0
FT 169 268467.819168838 150 139 0 0.00986489129
FT 170 268467.852505505 139 133 0 0.0157218386
FT 171 268467.885841963 133 125 0 0.0214995459
SW 171 268467.885841963 1 167 183 3 0
FT 172 268467.919178421 149 144 0 0.0209950397
FT 173 268467.952514921 144 138 0 0.00995935634
FT 174 268467.985851380 138 134 0 0.00896855086
SW 174 268467.985851380 1 178 191 2 0
FT 175 268468.019187838 153 143 0 0.00858635228
FT 176 268468.052524380 143 134 0 0.0151148594
FT 177 268468.085860838 134 131 0 0.00767075206
SW 177 268468.085860838 1 182 194 2 0
FT 178 268468.119197338 149 142 0 0.00674513396
FT 179 268468.152533796 142 136 0 0.00834872799
FT 180 268468.185870213 136 131 0 0.0115433901
SW 180 268468.185870213 1 190 198 2 0
FT 181 268468.219206755 151 148 0 0.00625836819
FT 182 268468.252543171 148 138 0 0.014121497
FT 183 268468.285879713 138 135 0 0.0117618671
SW 183 268468.285879713 1 187 207 2 0
FT 184 268468.319216088 158 153 0 0.00273649538
FT 185 268468.352552630 153 146 0 0.0050011727
FT 186 268468.385889213 146 142 0 0.00473560036
SW 186 268468.385889213 1 192 206 2 0
FT 187 268468.419225546 156 152 0 0.00835131718
FT 188 268468.452562046 152 148 0 0.00999958005
FT 189 268468.485898630 148 147 0 0.00324057805
SW 189 268468.485898630 1 189 207 0 0
FT 190 268468.519235005 155 149 0 0.00539529091
FT 191 268468.552571546 149 144 0 0.00837449143
FT 192 268468.585908046 144 141 0 0.0106216629
SW 192 268468.585908046 1 181 194 0 0
FT 193 268468.619244421 158 156 0 0.00522689902
FT 194 268468.652580880 156 153 0 0.00642277357
FT 195 268468.685917463 153 150 0 0.00895125196
SW 195 268468.685917463 1 186 197 0 0
FT 196 268468.719253880 161 159 0 0.00261453247
FT 197 268468.752590338 159 158 0 0.00448730772
FT 198 268468.785926838 158 157 1 0.0113067032
SW 198 268468.785926838 0 186 0 0 0
FT 199 268468.819263421 162 159 0 0.0064124167
FT 200 268468.852599838 159 153 0 0.0086027764
FT 201 268468.885936255 153 148 0 0.0126929011
SW 201 268468.885936255 1 179 199 2 0
FT 202 268468.919272796 156 154 0 0.00836989769
FT 203 268468.952609171 154 149 0 0.0075648233
FT 204 268468.985945713 149 137 0 0.00788579037
SW 204 268468.985945713 1 169 185 5 0
FT 205 268469.019282130 148 143 0 0.00862112378
FT 206 268469.052618671 143 138 0 0.00958584744
FT 207 268469.085955088 138 134 0 0.012382201
SW 207 268469.085955088 1 166 182 9 0
FT 208 268469.119291713 161 150 0 0.0133764454
FT 209 268469.152628046 150 143 0 0.0144327158
FT 210 268469.185964546 143 136 0 0.0143410651
SW 210 268469.185964546 1 179 195 12 0
FT 211 268469.219301046 151 148 0 0.0166027139
FT 212 268469.252637463 148 139 0 0.0191287131
FT 213 268469.285973963 139 137 0 0.0161172436
SW 213 268469.285973963 1 176 204 17 0
FT 214 268469.319310380 156 149 0 0.0152029403
FT 215 268469.352646963 149 141 0 0.0126567234
FT 216 268469.385983380 141 130 0 0.011017506
SW 216 268469.385983380 1 177 207 15 0
FT 217 268469.419319921 154 146 0 0.0121663907
FT 218 268469.452656380 146 142 0 0.0118860784
FT 219 268469.485992838 142 137 0 0.0132051241
SW 219 268469.485992838 1 187 211 13 0
FT 220 268469.519329338 159 150 0 0.0148353555
FT 221 268469.552665713 150 136 0 0.0239326446
FT 222 268469.586002255 136 131 0 0.0301212089
SW 222 268469.586002255 1 189 218 11 0
FT 223 268469.619338671 168 162 0 0.0306627402
FT 224 268469.652675171 162 154 0 0.0212174985
FT 225 268469.686011713 154 147 0 0.011347266
SW 225 268469.686011713 1 207 228 9 0
FT 226 268469.719348046 164 157 0 0.0161473745
FT 227 268469.752684546 157 150 0 0.01972578
FT 228 268469.786021005 150 144 0 0.0105166402
SW 228 268469.786021005 1 200 229 8 0
FT 229 268469.819357546 164 157 0 0.0088459693
FT 230 268469.852694046 157 150 0 0.0166133707
FT 231 268469.886030421 150 146 0 0.0158597082
SW 231 268469.886030421 1 201 221 8 0
FT 232 268469.919366880 163 155 0 0.00833272513
FT 233 268469.952703380 155 145 0 0.0137183377
FT 234 268469.986039921 145 141 0 0.0136526197
SW 234 268469.986039921 1 190 222 8 0
FT 235 268470.019376296 157 150 0 0.0143828813
FT 236 268470.052712796 150 142 0 0.0131845359
FT 237 268470.086049296 142 141 0 0.0214608999
SW 237 268470.086049296 1 189 208 7 0
FT 238 268470.119385796 162 155 0 0.0243678104
FT 239 268470.152722255 155 152 0 0.0156816052
FT 240 268470.186058713 152 148 0 0.0115401729
SW 240 268470.186058713 1 192 213 5 0
FT 241 268470.219395088 161 156 0 0.0212554709
FT 242 268470.252731588 156 151 0 0.0261538497
FT 243 268470.286068046 151 145 0 0.0171293101
SW 243 268470.286068046 1 196 209 2 0
FT 244 268470.319404546 170 167 0 0.012941146
FT 245 268470.352740963 167 160 0 0.0114538146
FT 246 268470.386077505 160 152 0 0.0101594528
SW 246 268470.386077505 1 195 214 1 0
FT 247 268470.419413963 166 160 0 0.0120947939
FT 248 268470.452750463 160 155 0 0.0126042055
FT 249 268470.486086880 155 152 0 0.0130236108
SW 249 268470.486086880 1 196 207 1 0
FT 250 268470.519423421 166 161 0 0.0153550614
FT 251 268470.552759755 161 155 0 0.0190159161
FT 252 268470.586096255 155 151 0 0.0170995737
SW 252 268470.586096255 1 199 210 1 0
FT 253 268470.619432713 164 159 0 0.0160722952
FT 254 268470.652769255 159 149 0 0.0246762028
FT 255 268470.686105671 149 147 0 0.0284057553
SW 255 268470.686105671 1 194 211 2 0
FT 256 268470.719442213 165 161 0 0.0240152491
FT 257 268470.752778588 161 154 0 0.0206257872
FT 258 268470.786115130 154 146 0 0.0232660657
SW 258 268470.786115130 1 197 209 3 0
FT 259 268470.819451546 171 166 0 0.0208235388
FT 260 268470.852788005 166 161 0 0.0217007521
FT 261 268470.886124421 161 154 0 0.0277831381
SW 261 268470.886124421 1 201 217 5 0
FT 262 268470.919460963 172 163 0 0.0244600777
FT 263 268470.952797380 163 155 0 0.0194728632
FT 264 268470.986133921 155 152 0 0.0182368835
SW 264 268470.986133921 1 199 217 4 0
FT 265 268471.019470338 165 156 0 0.0220923441
FT 266 268471.052806796 156 151 0 0.0225337316
FT 267 268471.086143213 151 145 0 0.0211653124
SW 267 268471.086143213 1 192 211 4 0
FT 268 268471.119479713 157 148 0 0.0186636144
FT 269 268471.152816213 148 142 0 0.0145583331
FT 270 268471.186152713 142 138 0 0.0101277214
SW 270 268471.186152713 1 185 203 4 0
FT 271 268471.219489088 160 155 0 0.00558838555
FT 272 268471.252825546 155 149 0 0.00521956346
FT 273 268471.286162088 149 141 0 0.0133504515
SW 273 268471.286162088 1 193 206 4 0
FT 274 268471.319498421 158 156 0 0.0145105858
FT 275 268471.352834963 156 147 0 0.0119494549
FT 276 268471.386171421 147 146 0 0.00817572502
SW 276 268471.386171421 1 194 210 3 0
FT 277 268471.419507796 161 153 0 0.0150688861
FT 278 268471.452844296 153 145 0 0.01352512
FT 279 268471.486180671 145 142 0 0.00351617203
SW 279 268471.486180671 1 192 209 2 0
FT 280 268471.519517130 158 155 0 0.00610004628
FT 281 268471.552853671 155 147 0 0.0116518034
FT 282 268471.586190171 147 141 0 0.00707152137
SW 282 268471.586190171 1 190 206 2 0
FT 283 268471.619526588 153 145 0 0.0158850653
FT 284 268471.652863088 145 136 0 0.0201472565
FT 285 268471.686199546 136 134 0 0.00207883858
SW 285 268471.686199546 1 185 200 1 0
FT 286 268471.719536005 159 153 0 0.0205614771
FT 287 268471.752872421 153 143 0 0.0357113169
FT 288 268471.786208921 143 134 0 0.0232756743
SW 288 268471.786208921 1 195 205 2 0
FT 289 268471.819545421 162 157 0 0.00981585351
FT 290 268471.852881880 157 151 0 0.0226136121
FT 291 268471.886218338 151 147 0 0.0111046862
SW 291 268471.886218338 1 194 214 4 0
FT 292 268471.919554671 160 157 0 0.0174082067
FT 293 268471.952891171 157 155 0 0.0135587838
FT 294 268471.986227671 155 148 0 0.0201035621
SW 294 268471.986227671 1 195 210 2 0
FT 295 268472.019564088 159 151 0 0.0172418208
FT 296 268472.052900630 151 147 0 0.0166588152
FT 297 268472.086237088 147 147 0 0.00548274345
SW 297 268472.086237088 1 189 207 3 0
FT 298 268472.119573421 163 155 0 0.0151448402
FT 299 268472.152909963 155 152 0 0.018313386
FT 300 268472.186246421 152 150 0 0.0161859459
SW 300 268472.186246421 1 179 202 4 0
FT 301 268472.219582921 161 154 0 0.00989040162
FT 302 268472.252919338 154 151 0 0.0154424379
FT 303 268472.286255796 151 148 0 0.0156795469
SW 303 268472.286255796 1 187 193 2 0
FT 304 268472.319592213 156 145 0 0.0205721562
FT 305 268472.352928671 145 136 0 0.0153019396
FT 306 268472.386265255 136 131 1 0.0109595142
SW 306 268472.386265255 0 187 0 0 0
FT 307 268472.419601671 151 143 0 0.0242400218
FT 308 268472.452938171 143 129 1 0.0316050143
FT 309 268472.486274588 129 119 0 0.0306260863
SW 309 268472.486274588 1 180 204 2 0
FT 310 268472.519611046 135 123 0 0.0325863571
FT 311 268472.552947380 123 119 1 0.0198314956
FT 312 268472.586283880 119 119 0 0.008093227
SW 312 268472.586283880 1 182 190 1 0
FT 313 268472.619620380 138 131 0 0.0283277127
FT 314 268472.652956755 131 125 0 0.03193228
FT 315 268472.686293338 125 121 0 0.0129806615
SW 315 268472.686293338 1 181 195 2 0
FT 316 268472.719629796 155 149 0 0.0122773998
FT 317 268472.752966213 149 139 0 0.0307112537
FT 318 268472.786302671 139 135 0 0.0169006797
SW 318 268472.786302671 1 177 202 3 0
FT 319 268472.819639130 159 153 0 0.0160639893
FT 320 268472.852975546 153 149 0 0.0177056582
FT 321 268472.886311963 149 146 0 0.00924087555
SW 321 268472.886311963 1 174 199 3 0
FT 322 268472.919648505 164 155 0 0.0122514457
FT 323 268472.952985005 155 149 0 0.0168595473
FT 324 268472.986321380 149 148 0 0.0107518065
SW 324 268472.986321380 1 178 189 3 0
FT 325 268473.019657838 160 157 0 0.0112226908
FT 326 268473.052994213 157 152 0 0.0170885894
FT 327 268473.086330796 152 149 0 0.0131394905
SW 327 268473.086330796 1 175 188 3 0
FT 328 268473.119667130 160 151 0 0.020953837
FT 329 268473.153003630 151 146 0 0.020073355
FT 330 268473.186340088 146 145 0 0.0100526588
SW 330 268473.186340088 1 177 185 3 0
FT 331 268473.219676630 165 159 0 0.0189727111
FT 332 268473.253012963 159 149 0 0.025705528
FT 333 268473.286349421 149 146 0 0.0222677142
SW 333 268473.286349421 1 181 192 3 0
FT 334 268473.319685963 159 153 0 0.0224460762
FT 335 268473.353022463 153 149 0 0.0269730145
FT 336 268473.386358796 149 145 0 0.0218636869
SW 336 268473.386358796 1 180 193 3 0
FT 337 268473.419695296 160 153 0 0.0288285482
FT 338 268473.453031713 153 144 0 0.0338863087
FT 339 268473.486368171 144 143 0 0.0229962097
SW 339 268473.486368171 1 182 195 7 0
FT 340 268473.519704671 159 152 0 0.0259944024
FT 341 268473.553041046 152 142 0 0.0293638944
FT 342 268473.586377505 142 135 0 0.0202159784
SW 342 268473.586377505 1 182 202 9 0
FT 343 268473.619713963 150 144 0 0.0137311535
FT 344 268473.653050463 144 139 0 0.0153079628
FT 345 268473.686386838 139 138 0 0.0167790484
SW 345 268473.686386838 1 180 202 9 1
FT 346 268473.719723296 165 158 0 0.0126594876
FT 347 268473.753059796 158 153 0 0.0112932013
FT 348 268473.786396213 153 149 0 0.0101802322
SW 348 268473.786396213 1 190 210 11 1
FT 349 268473.819732546 164 158 0 0.0070894422
FT 350 268473.853069171 158 152 0 0.0167549937
FT 351 268473.886405546 152 146 0 0.0276552912
SW 351 268473.886405546 1 190 214 10 0
FT 352 268473.919742005 163 153 0 0.0267877547
FT 353 268473.953078505 153 148 0 0.0251599248
FT 354 268473.986414963 148 143 0 0.0141513077
SW 354 268473.986414963 1 177 210 12 0
FT 355 268474.019751296 162 155 0 0.0176253866
FT 356 268474.053087796 155 145 0 0.00326845492
FT 357 268474.086424213 145 142 0 0.0100382456
SW 357 268474.086424213 1 182 203 13 0
FT 358 268474.119760671 162 158 0 0.0104226728
FT 359 268474.153097213 158 155 0 0.0127271363
FT 360 268474.186433671 155 150 0 0.00512156158
SW 360 268474.186433671 1 186 211 16 0
FT 361 268474.219770005 166 158 0 0.00632309679
FT 362 268474.253106380 158 154 0 0.0121244963
FT 363 268474.286442880 154 146 0 0.0157389183
SW 363 268474.286442880 1 182 214 16 0
FT 364 268474.319779338 162 155 0 0.010347266
FT 365 268474.353115838 155 147 0 0.00676790459
FT 366 268474.386452255 147 142 0 0.0112360139
SW 366 268474.386452255 1 181 209 15 0
FT 367 268474.419788755 160 156 0 0.00746454284
FT 368 268474.453125213 156 145 0 0.0100848361
FT 369 268474.486461588 145 136 0 0.0204792615
SW 369 268474.486461588 1 181 210 14 0
FT 370 268474.519798088 155 146 0 0.0191871492
FT 371 268474.553134505 146 137 0 0.0206138253
FT 372 268474.586470963 137 130 0 0.0209906701
SW 372 268474.586470963 1 188 210 14 0
FT 373 268474.619807421 136 126 0 0.0224721607
FT 374 268474.653143796 126 121 0 0.018555031
FT 375 268474.686480338 121 114 0 0.0197153765
SW 375 268474.686480338 1 174 204 14 0
FT 376 268474.719816671 135 121 0 0.0200226976
FT 377 268474.753153213 121 116 0 0.0163027355
FT 378 268474.786489630 116 111 0 0.0176119746
SW 378 268474.786489630 1 172 200 13 0
FT 379 268474.819826088 124 119 0 0.0212181608
FT 380 268474.853162463 119 109 0 0.0160869823
FT 381 268474.886499046 109 108 0 0.00970649659
SW 381 268474.886499046 1 161 192 11 0
FT 382 268474.919835296 117 116 0 0.00304739393
FT 383 268474.953171838 116 113 0 0.00874951405
FT 384 268474.986508255 113 113 0 0.00335236235
SW 384 268474.986508255 1 149 180 10 0
FT 385 268475.019844713 123 118 0 0.0121105475
FT 386 268475.053181213 118 112 0 0.0186642995
FT 387 268475.086517588 112 110 0 0.0120984017
SW 387 268475.086517588 1 139 166 9 0
FT 388 268475.119854088 124 119 0 0.012905289
FT 389 268475.153190546 119 110 0 0.0187059112
FT 390 268475.186527005 110 105 0 0.0160894065
SW 390 268475.186527005 1 131 154 8 0
FT 391 268475.219863380 126 124 0 0.0119371055
FT 392 268475.253199838 124 119 0 0.0191451323
FT 393 268475.286536255 119 109 0 0.0286362576
SW 393 268475.286536255 1 135 152 7 0
FT 394 268475.319872755 116 105 0 0.0313844495
FT 395 268475.353209255 105 99 0 0.0222694914
FT 396 268475.386545671 99 94 0 0.0374149118
SW 396 268475.386545671 1 140 149 6 0
FT 397 268475.419881963 112 98 0 0.0315067963
FT 398 268475.453218463 98 97 0 0.0225950551
FT 399 268475.486554963 97 96 0 0.0181932547
SW 399 268475.486554963 1 144 159 5 0
FT 400 268475.519891338 116 106 0 0.0218246023
FT 401 268475.553227796 106 103 0 0.0163675281
FT 402 268475.586564338 103 100 0 0.0208477083
SW 402 268475.586564338 1 147 162 4 0
FT 403 268475.619900588 118 111 0 0.0323314434
FT 404 268475.653237213 111 109 0 0.0183641691
FT 405 268475.686573588 109 108 0 0.0158162204
SW 405 268475.686573588 1 147 165 9 0
FT 406 268475.719910046 129 125 0 0.0119089155
FT 407 268475.753246463 125 120 0 0.0231254041
FT 408 268475.786582921 120 116 0 0.0120042311
SW 408 268475.786582921 1 143 174 9 0
FT 409 268475.819919380 129 127 0 0.00920955305
FT 410 268475.853255838 127 126 0 0.0136824842
FT 411 268475.886592213 126 122 0 0.014836062
SW 411 268475.886592213 1 139 163 13 0
FT 412 268475.919928671 134 130 0 0.00934071233
FT 413 268475.953265171 130 128 0 0.00689719475
FT 414 268475.986601546 128 126 0 0.00692041239
SW 414 268475.986601546 1 149 162 4 0
FT 415 268476.019938046 134 132 0 0.00564456961
FT 416 268476.053274505 132 126 0 0.00866606932
FT 417 268476.086610838 126 125 0 0.00575396298
SW 417 268476.086610838 1 147 157 4 0
FT 418 268476.119947380 140 135 0 0.011028976
FT 419 268476.153283796 135 133 0 0.0139169878
FT 420 268476.186620130 133 127 0 0.0190398215
SW 420 268476.186620130 1 142 157 5 0
FT 421 268476.219956671 132 129 0 0.0191679488
FT 422 268476.253293088 129 128 1 0.0108728241
FT 423 268476.286629505 128 124 1 0.0139086147
SW 423 268476.286629505 0 142 0 0 0
FT 424 268476.319965963 134 130 0 0.0200274208
FT 425 268476.353302421 130 127 0 0.0139324947
FT 426 268476.386638838 127 127 1 0.0164659102
SW 426 268476.386638838 0 142 0 0 0
FT 427 268476.419975338 145 134 1 0.0195600463
FT 428 268476.453311713 134 128 1 0.0231538113
FT 429 268476.486648213 128 128 1 0.0153105796
SW 429 268476.486648213 0 142 0 0 0
FT 430 268476.519984546 140 140 1 0.0177394075
FT 431 268476.553320963 140 133 0 0.0213537003
FT 432 268476.586657463 133 126 0 0.0208186157
SW 432 268476.586657463 1 148 168 9 0
FT 433 268476.619993796 142 136 0 0.0114791759
FT 434 268476.653330338 136 134 0 0.0136270093
FT 435 268476.686666796 134 128 0 0.0166328181
SW 435 268476.686666796 1 149 167 13 0
FT 436 268476.720003255 140 132 0 0.017145491
FT 437 268476.753339588 132 122 0 0.0158456281
FT 438 268476.786676171 122 121 0 0.0124195174
SW 438 268476.786676171 1 153 170 13 0
FT 439 268476.820012463 132 126 0 0.00641802257
FT 440 268476.853349005 126 118 0 0.0196069299
FT 441 268476.886685463 118 107 0 0.0191960749
SW 441 268476.886685463 1 141 171 15 0
FT 442 268476.920021796 119 96 0 0.0337962498
FT 443 268476.953358255 96 92 0 0.0315553681
FT 444 268476.986694713 92 90 0 0.0143386724
SW 444 268476.986694713 1 146 159 6 0
FT 445 268477.020031130 126 108 0 0.0463726406
FT 446 268477.053367671 108 100 0 0.0409992174
FT 447 268477.086704088 100 99 0 0.019592242
SW 447 268477.086704088 1 158 171 5 0
FT 448 268477.120040505 122 112 0 0.0322332021
FT 449 268477.153376838 112 104 0 0.0229747916
FT 450 268477.186713338 104 100 0 0.026616909
SW 450 268477.186713338 1 157 176 4 0
FT 451 268477.220049755 128 125 0 0.015815383
FT 452 268477.253386213 125 124 0 0.0115857243
FT 453 268477.286722713 124 123 0 0.0118026003
SW 453 268477.286722713 1 162 185 4 0
FT 454 268477.320059046 129 123 0 0.0154918849
FT 455 268477.353395505 123 117 0 0.0161589222
FT 456 268477.386732005 117 116 0 0.020449933
SW 456 268477.386732005 1 147 171 4 0
FT 457 268477.420068338 137 137 0 0.00758368481
FT 458 268477.453404880 137 117 0 0.0263341464
FT 459 268477.486741296 117 103 0 0.0294430504
SW 459 268477.486741296 1 146 159 3 0
FT 460 268477.520077755 142 142 0 0.0187918064
FT 461 268477.553414088 142 139 0 0.0189587912
FT 462 268477.586750546 139 117 0 0.0338585188
SW 462 268477.586750546 1 153 169 4 0
FT 463 268477.620087046 138 127 0 0.0271904978
FT 464 268477.653423380 127 123 0 0.0176865664
FT 465 268477.686759796 123 118 0 0.0197176839
SW 465 268477.686759796 1 167 172 4 0
FT 466 268477.720096296 145 135 0 0.0271030623
FT 467 268477.753432755 135 131 0 0.0158996326
FT 468 268477.786769213 131 130 0 0.0165180026
SW 468 268477.786769213 1 173 189 4 0
FT 469 268477.820105630 165 157 0 0.0216039805
FT 470 268477.853441963 157 148 0 0.0205540269
FT 471 268477.886778463 148 128 0 0.0193822635
SW 471 268477.886778463 1 171 196 4 0
FT 472 268477.920114880 163 143 0 0.0299095817
FT 473 268477.953451380 143 121 0 0.0203908916
FT 474 268477.986787880 121 92 0 0.032951785
SW 474 268477.986787880 1 174 183 3 0
FT 475 268478.020124171 151 101 0 0.0479024786
FT 476 268478.053460671 101 76 0 0.0307096783
FT 477 268478.086797088 76 72 0 0.0208675523
SW 477 268478.086797088 1 171 189 4 0
FT 478 268478.120133505 134 117 0 0.0181350872
FT 479 268478.153469880 117 107 0 0.021232933
FT 480 268478.186806421 107 97 0 0.0228362037
SW 480 268478.186806421 1 200 211 5 0
FT 481 268478.220142671 147 132 0 0.0199326694
FT 482 268478.253479213 132 116 0 0.0175623651
FT 483 268478.286815630 116 111 0 0.0194742723
SW 483 268478.286815630 1 211 237 5 0
FT 484 268478.320152130 140 130 0 0.0186856144
FT 485 268478.353488421 130 120 0 0.00993141631
FT 486 268478.386825005 120 111 0 0.00768633419
SW 486 268478.386825005 1 182 231 5 0
FT 487 268478.420161421 139 134 0 0.00209938776
FT 488 268478.453497796 134 128 0 0.00818883961
FT 489 268478.486834296 128 123 0 0.00922173369
SW 489 268478.486834296 1 172 210 6 0
FT 490 268478.520170671 142 131 0 0.00616229991
FT 491 268478.553507171 131 120 0 0.0118491381
FT 492 268478.586843630 120 114 0 0.00890699427
SW 492 268478.586843630 1 175 190 4 0
FT 493 268478.620180046 138 133 0 0.00598989938
FT 494 268478.653516421 133 125 0 0.0138831287
FT 495 268478.686852880 125 118 0 0.0123967286
SW 495 268478.686852880 1 172 194 4 0
FT 496 268478.720189213 141 120 0 0.0158047689
FT 497 268478.753525755 120 105 0 0.0278549488
FT 498 268478.786862046 105 100 0 0.020943902
SW 498 268478.786862046 1 169 187 3 0
FT 499 268478.820198546 130 108 0 0.0309243478
FT 500 268478.853535005 108 104 0 0.0134982168
FT 501 268478.886871463 104 100 0 0.00305244207
SW 501 268478.886871463 1 177 193 5 0
FT 502 268478.920207796 129 117 0 0.00312210564
FT 503 268478.953544255 117 112 0 0.00541712009
FT 504 268478.986880671 112 104 0 0.015560654
SW 504 268478.986880671 1 171 203 11 0
FT 505 268479.020217171 132 128 0 0.0210374317
FT 506 268479.053553588 128 117 0 0.0263671616
FT 507 268479.086889921 117 110 0 0.0291342851
SW 507 268479.086889921 1 178 200 11 0
FT 508 268479.120226380 131 126 0 0.0174276411
FT 509 268479.153562838 126 123 0 0.0126286593
FT 510 268479.186899296 123 120 0 0.0175730991
SW 510 268479.186899296 1 167 207 11 0
FT 511 268479.220235671 134 133 0 0.0134176246
FT 512 268479.253572171 133 129 0 0.0120647744
FT 513 268479.286908546 129 125 0 0.00587877584
SW 513 268479.286908546 1 156 189 12 0
FT 514 268479.320245005 139 134 0 0.00369232413
FT 515 268479.353581421 134 129 0 0.0088324826
FT 516 268479.386917838 129 125 0 0.00506662668
SW 516 268479.386917838 1 149 177 11 0
FT 517 268479.420254171 144 143 0 0.0031834659
FT 518 268479.453590713 143 139 0 0.0106710545
FT 519 268479.486927088 139 130 0 0.0175884294
SW 519 268479.486927088 1 156 176 8 0
FT 520 268479.520263463 140 136 0 0.0178294191
FT 521 268479.553599921 136 132 0 0.0115572035
FT 522 268479.586936380 132 125 0 0.0102585465
SW 522 268479.586936380 1 154 170 8 0
FT 523 268479.620272755 145 138 0 0.00484972035
FT 524 268479.653609171 138 134 0 0.0134052926
FT 525 268479.686945713 134 129 0 0.0141740508
SW 525 268479.686945713 1 166 179 7 0
FT 526 268479.720282046 153 136 0 0.0239381182
FT 527 268479.753618588 136 130 0 0.0218302021
FT 528 268479.786955005 130 122 0 0.0181254174
SW 528 268479.786955005 1 175 190 6 0
FT 529 268479.820291338 153 141 0 0.0196635239
FT 530 268479.853627796 141 129 0 0.0154872442
FT 531 268479.886964171 129 127 0 0.00388463504
SW 531 268479.886964171 1 187 203 5 0
FT 532 268479.920300588 158 144 0 0.0255739911
FT 533 268479.953637046 144 141 0 0.0119355174
FT 534 268479.986973421 141 138 0 0.0124894558
SW 534 268479.986973421 1 192 206 3 0
FT 535 268480.020309880 156 153 0 0.0140163737
FT 536 268480.053646338 153 152 0 0.0159581056
FT 537 268480.086982796 152 147 0 0.0220350738
SW 537 268480.086982796 1 188 208 7 0
FT 538 268480.120319213 160 133 0 0.0321879768
FT 539 268480.153655588 133 108 0 0.0514132022
FT 540 268480.186992005 108 90 0 0.0600525565
SW 540 268480.186992005 1 167 198 7 0
FT 541 268480.220328463 132 97 0 0.0563779217
FT 542 268480.253664838 97 87 0 0.0591305738
FT 543 268480.287001380 87 79 0 0.0582675807
SW 543 268480.287001380 1 164 189 8 0
FT 544 268480.320337671 129 125 0 0.0389072842
FT 545 268480.353674171 125 117 0 0.0145957988
FT 546 268480.387010546 117 113 0 0.0176702011
SW 546 268480.387010546 1 199 210 8 0
FT 547 268480.420346963 122 118 0 0.0129181769
FT 548 268480.453683421 118 114 0 0.0135410529
FT 549 268480.487019796 114 110 0 0.0190858549
SW 549 268480.487019796 1 202 214 8 0
FT 550 268480.520356213 131 123 0 0.0189214007
FT 551 268480.553692671 123 110 0 0.0245723093
FT 552 268480.587029130 110 107 0 0.00980759107
SW 552 268480.587029130 1 148 221 13 0
FT 553 268480.620365505 132 115 0 0.0234027237
FT 554 268480.653701921 115 101 0 0.0320286084
FT 555 268480.687038338 101 97 0 0.0251581824
SW 555 268480.687038338 1 142 177 9 0
FT 556 268480.720374796 118 113 0 0.0247151478
FT 557 268480.753711171 113 102 0 0.0230221668
FT 558 268480.787047588 102 97 0 0.0189895402
SW 558 268480.787047588 1 154 166 8 0
FT 559 268480.820384046 129 124 0 0.0145410844
FT 560 268480.853720463 124 113 0 0.0343596628
FT 561 268480.887056921 113 105 0 0.0156400905
SW 561 268480.887056921 1 166 182 6 0
FT 562 268480.920393380 132 129 0 0.0227498868
FT 563 268480.953729796 129 119 0 0.029819629
FT 564 268480.987066171 119 106 0 0.0515250729
SW 564 268480.987066171 1 167 187 6 0
FT 565 268481.020402630 131 120 0 0.0407786725
FT 566 268481.053739046 120 116 0 0.0298055669
FT 567 268481.087075463 116 108 0 0.0280738424
SW 567 268481.087075463 1 160 192 6 0
FT 568 268481.120411880 129 114 0 0.0333003132
FT 569 268481.153748338 114 105 0 0.0231093288
FT 570 268481.187084755 105 99 0 0.0153973661
SW 570 268481.187084755 1 153 177 9 0
FT 571 268481.220421171 123 116 0 0.0204089498
FT 572 268481.253757505 116 107 0 0.0176009995
FT 573 268481.287094005 107 105 0 0.0169655932
SW 573 268481.287094005 1 153 178 13 0
FT 574 268481.320430380 147 140 0 0.0199077604
FT 575 268481.353766838 140 135 0 0.0242584801
FT 576 268481.387103296 135 129 0 0.024559439
SW 576 268481.387103296 1 173 200 13 0
FT 577 268481.420439630 155 141 0 0.0261159976
FT 578 268481.453776130 141 132 0 0.0191804298
FT 579 268481.487112588 132 127 0 0.0182406931
SW 579 268481.487112588 1 177 205 11 0
FT 580 268481.520448921 147 134 0 0.0198546582
FT 581 268481.553785421 134 123 0 0.0158823842
FT 582 268481.587121880 123 121 0 0.0181266503
SW 582 268481.587121880 1 171 202 11 0
FT 583 268481.620458296 147 140 0 0.0182381296
FT 584 268481.653794713 140 130 0 0.0150338803
FT 585 268481.687131005 130 120 0 0.017040874
SW 585 268481.687131005 1 186 203 7 0
FT 586 268481.720467546 158 141 0 0.0154361466
FT 587 268481.753804046 141 134 0 0.00750969048
FT 588 268481.787140338 134 129 0 0.00367624518
SW 588 268481.787140338 1 200 217 7 0
FT 589 268481.820476838 159 151 0 0.00842251683
FT 590 268481.853813296 151 147 0 0.00978798818
FT 591 268481.887149755 147 144 0 0.0122773912
SW 591 268481.887149755 1 205 233 7 0
FT 592 268481.920486255 158 154 0 0.0131630506
FT 593 268481.953822671 154 148 0 0.0144143912
FT 594 268481.987159046 148 142 0 0.0107886934
SW 594 268481.987159046 1 197 223 6 0
FT 595 268482.020495630 163 152 0 0.0101015967
FT 596 268482.053831963 152 141 0 0.010720676
FT 597 268482.087168380 141 133 0 0.0116773866
SW 597 268482.087168380 1 193 220 5 0
FT 598 268482.120504755 157 154 0 0.00887568248
FT 599 268482.153841255 154 145 0 0.0275889842
FT 600 268482.187177755 145 139 0 0.0360444122
SW 600 268482.187177755 1 195 216 6 0
FT 601 268482.220514088 154 145 0 0.0280116022
FT 602 268482.253850588 145 140 0 0.0167014204
FT 603 268482.287186963 140 135 0 0.0139206708
SW 603 268482.287186963 1 199 213 3 0
FT 604 268482.320523380 154 146 0 0.00565144595
FT 605 268482.353859880 146 138 0 0.00365804617
FT 606 268482.387196255 138 134 0 0.00467749127
SW 606 268482.387196255 1 201 217 3 0
FT 607 268482.420532713 157 152 0 0.0044148933
FT 608 268482.453869171 152 146 0 0.00923216675
FT 609 268482.487205546 146 140 0 0.0143612225
SW 609 268482.487205546 1 191 220 3 0
FT 610 268482.520541880 159 153 0 0.0154525726
FT 611 268482.553878296 153 136 0 0.0133314328
FT 612 268482.587214838 136 126 0 0.0121537586
SW 612 268482.587214838 1 188 203 3 0
FT 613 268482.620551213 155 146 0 0.00907020816
FT 614 268482.653887755 146 137 0 0.0200314202
FT 615 268482.687224005 137 125 0 0.0342302923
SW 615 268482.687224005 1 189 207 2 0
FT 616 268482.720560546 157 142 0 0.0330793107
FT 617 268482.753896838 142 132 0 0.0208734983
FT 618 268482.787233213 132 124 0 0.0196406329
SW 618 268482.787233213 1 188 208 4 0
FT 619 268482.820569713 156 153 0 0.019934326
FT 620 268482.853906005 153 143 0 0.0187567271
FT 621 268482.887242505 143 134 0 0.0170425621
SW 621 268482.887242505 1 203 217 4 0
FT 622 268482.920578796 159 153 0 0.022058058
FT 623 268482.953915130 153 140 0 0.0341238325
FT 624 268482.987251671 140 133 0 0.027026188
SW 624 268482.987251671 1 195 223 5 0
FT 625 268483.020588046 158 145 0 0.0316341683
FT 626 268483.053924380 145 132 0 0.0293549545
FT 627 268483.087260880 132 125 0 0.0288007009
SW 627 268483.087260880 1 193 216 6 0
FT 628 268483.120597213 162 145 0 0.0325420826
FT 629 268483.153933630 145 126 0 0.0364623231
FT 630 268483.187270005 126 119 0 0.0356395118
SW 630 268483.187270005 1 196 221 7 0
FT 631 268483.220606463 150 140 0 0.0346673386
FT 632 268483.253942713 140 128 0 0.0347126455
FT 633 268483.287279255 128 120 0 0.0280519862
SW 633 268483.287279255 1 205 226 6 0
FT 634 268483.320615463 148 145 0 0.0160499371
FT 635 268483.353951880 145 129 0 0.0105956568
FT 636 268483.387288296 129 121 0 0.0116311914
SW 636 268483.387288296 1 208 232 7 0
FT 637 268483.420624713 161 157 0 0.0143593045
FT 638 268483.453961171 157 144 0 0.0181181424
FT 639 268483.487297546 144 134 0 0.0195293433
SW 639 268483.487297546 1 206 243 13 0
FT 640 268483.520633921 158 147 0 0.0123841949
FT 641 268483.553970255 147 139 0 0.00705046608
FT 642 268483.587306588 139 135 0 0.0102263699
SW 642 268483.587306588 1 200 238 10 0
FT 643 268483.620643005 160 150 0 0.0120293989
FT 644 268483.653979463 150 139 0 0.0164764073
FT 645 268483.687315755 139 131 0 0.00919233262
SW 645 268483.687315755 1 199 230 9 0
FT 646 268483.720652213 165 163 0 0.00386032978
FT 647 268483.753988505 163 154 0 0.00639563224
FT 648 268483.787324921 154 147 0 0.00505598593
SW 648 268483.787324921 1 207 235 8 0
FT 649 268483.820661296 159 157 0 0.00590948848
FT 650 268483.853997630 157 152 0 0.008718817
FT 651 268483.887334130 152 144 0 0.010383558
SW 651 268483.887334130 1 205 226 6 0
FT 652 268483.920670505 166 157 0 0.0102909128
FT 653 268483.954006838 157 148 0 0.00992076917
FT 654 268483.987343255 148 145 0 0.00505504315
SW 654 268483.987343255 1 207 229 4 0
FT 655 268484.020679588 167 158 0 0.0125326615
FT 656 268484.054016046 158 144 0 0.0209769191
FT 657 268484.087352380 144 120 0 0.0248441134
SW 657 268484.087352380 1 194 221 3 0
FT 658 268484.120688713 160 137 0 0.0276948494
FT 659 268484.154025088 137 122 0 0.0247593256
FT 660 268484.187361588 122 110 0 0.0165766931
SW 660 268484.187361588 1 204 218 3 0
FT 661 268484.220697880 157 143 0 0.0170284721
FT 662 268484.254034213 143 135 0 0.0122901216
FT 663 268484.287370713 135 128 0 0.00632184403
SW 663 268484.287370713 1 229 245 2 0
FT 664 268484.320707088 160 138 0 0.0244367843
FT 665 268484.354043546 138 123 0 0.0274034258
FT 666 268484.387379713 123 114 0 0.0123833981
SW 666 268484.387379713 1 233 252 2 0
FT 667 268484.420716130 164 151 0 0.00587143881
FT 668 268484.454052463 151 141 0 0.0175323215
FT 669 268484.487388838 141 129 0 0.0131525083
SW 669 268484.487388838 1 224 265 6 0
FT 670 268484.520725296 162 144 0 0.014376149
FT 671 268484.554061671 144 131 0 0.0169337304
FT 672 268484.587398005 131 104 0 0.0208093923
SW 672 268484.587398005 1 213 249 5 0
FT 673 268484.620734421 166 126 0 0.0294505062
FT 674 268484.654070755 126 102 0 0.0201859684
FT 675 268484.687407213 102 84 0 0.0170434823
SW 675 268484.687407213 1 217 242 5 0
FT 676 268484.720743546 161 117 0 0.0172925525
FT 677 268484.754080005 117 102 0 0.0199780268
FT 678 268484.787416380 102 95 0 0.0264715328
SW 678 268484.787416380 1 223 261 3 0
FT 679 268484.820752755 157 139 0 0.0179081836
FT 680 268484.854089046 139 120 0 0.0120100273
FT 681 268484.887425421 120 112 0 0.00768128307
SW 681 268484.887425421 1 249 265 1 0
FT 682 268484.920761838 150 130 0 0.0102697078
FT 683 268484.954098171 130 115 0 0.021267672
FT 684 268484.987434588 115 101 0 0.0253164966
SW 684 268484.987434588 1 222 267 1 0
FT 685 268485.020770880 147 131 0 0.0189539758
FT 686 268485.054107296 131 115 0 0.0247947948
FT 687 268485.087443713 115 95 0 0.0250164738
SW 687 268485.087443713 1 201 247 2 0
FT 688 268485.120780088 137 106 0 0.0229609992
FT 689 268485.154116380 106 84 0 0.0237839385
FT 690 268485.187452921 84 70 0 0.0228988502
SW 690 268485.187452921 1 186 216 2 0
FT 691 268485.220789296 127 87 0 0.0229440956
FT 692 268485.254125505 87 74 0 0.0255030999
FT 693 268485.287461880 74 63 0 0.0182368608
SW 693 268485.287461880 1 179 205 4 0
FT 694 268485.320798255 112 75 0 0.014669083
FT 695 268485.354134713 75 57 0 0.025548192
FT 696 268485.387471088 57 34 0 0.0193072173
SW 696 268485.387471088 1 152 185 5 0
FT 697 268485.420807421 81 52 0 0.0158919091
FT 698 268485.454143755 52 40 0 0.0288324065
FT 699 268485.487480171 40 32 0 0.0275495454
SW 699 268485.487480171 1 133 168 5 0
FT 700 268485.520816546 57 42 0 0.0266386671
FT 701 268485.554152921 42 28 0 0.0206893585
FT 702 268485.587489255 28 21 0 0.0165464147
SW 702 268485.587489255 1 101 144 5 0
FT 703 268485.620825755 33 21 0 0.0260534709
FT 704 268485.654161963 21 17 0 0.0308181538
FT 705 268485.687498338 17 16 0 0.0236156822
SW 705 268485.687498338 1 82 109 3 0
FT 706 268485.720834796 24 22 0 0.0203820166
FT 707 268485.754171255 22 20 0 0.021518878
FT 708 268485.787507546 20 17 0 0.0240159862
SW 708 268485.787507546 1 57 90 2 0
FT 709 268485.820844005 28 22 0 0.0220715866
FT 710 268485.854180338 22 21 0 0.0129605743
FT 711 268485.887516671 21 20 0 0.0127132695
SW 711 268485.887516671 1 49 64 2 0
FT 712 268485.920853130 33 31 0 0.0225375253
FT 713 268485.954189380 31 30 0 0.0255394448
FT 714 268485.987525880 30 29 0 0.023159218
SW 714 268485.987525880 1 41 60 2 0
FT 715 268486.020862213 52 52 0 0.0187338358
FT 716 268486.054198505 52 51 0 0.0134125605
FT 717 268486.087534838 51 50 0 0.0203059341
SW 717 268486.087534838 1 54 64 2 0
FT 718 268486.120871255 63 52 0 0.024831802
FT 719 268486.154207588 52 49 0 0.0194705642
FT 720 268486.187543963 49 45 0 0.0221591025
SW 720 268486.187543963 1 54 62 4 0
FT 721 268486.220880421 63 51 0 0.0312972461
FT 722 268486.254216755 51 41 0 0.0375419064
FT 723 268486.287553130 41 38 0 0.027124404
SW 723 268486.287553130 1 63 69 4 0
FT 724 268486.320889505 75 71 0 0.0186274287
FT 725 268486.354225880 71 67 0 0.017600059
FT 726 268486.387562296 67 65 0 0.0145177646
SW 726 268486.387562296 1 89 95 6 0
FT 727 268486.420898630 79 77 0 0.0180827773
FT 728 268486.454235005 77 76 0 0.023678971
FT 729 268486.487571380 76 73 0 0.0227313589
SW 729 268486.487571380 1 99 106 7 0
FT 730 268486.520907713 86 81 0 0.0226693117
FT 731 268486.554244088 81 77 0 0.026362291
FT 732 268486.587580338 77 70 0 0.0190673224
SW 732 268486.587580338 1 94 114 9 0
FT 733 268486.620916838 90 85 0 0.00812822019
FT 734 268486.654253213 85 84 0 0.00391447792
FT 735 268486.687589505 84 80 0 0.0105366273
SW 735 268486.687589505 1 89 116 9 0
FT 736 268486.720925838 103 96 0 0.0131608086
FT 737 268486.754262255 96 81 0 0.0104592256
FT 738 268486.787598588 81 65 0 0.0230567376
SW 738 268486.787598588 1 100 109 8 0
FT 739 268486.820934963 87 72 0 0.0223117705
FT 740 268486.854271380 72 54 0 0.0128964398
FT 741 268486.887607671 54 42 0 0.0283652275
SW 741 268486.887607671 1 102 112 7 0
FT 742 268486.920944046 97 57 0 0.028803932
FT 743 268486.954280463 57 35 0 0.0230472587
FT 744 268486.987616838 35 30 0 0.0261740039
SW 744 268486.987616838 1 97 119 11 0
FT 745 268487.020953213 59 54 0 0.031399203
FT 746 268487.054289630 54 51 0 0.0185443183
FT 747 268487.087625963 51 46 0 0.0165733481
SW 747 268487.087625963 1 116 128 9 0
FT 748 268487.120962213 75 69 0 0.014306335
FT 749 268487.154298630 69 66 0 0.018658086
FT 750 268487.187635005 66 63 0 0.0188647013
SW 750 268487.187635005 1 109 146 11 0
FT 751 268487.220971380 71 70 0 0.0132880058
FT 752 268487.254307755 70 64 0 0.0194048512
FT 753 268487.287644130 64 57 0 0.0154265103
SW 753 268487.287644130 1 90 126 9 0
FT 754 268487.320980463 70 60 0 0.0254189805
FT 755 268487.354316880 60 53 0 0.0306804935
FT 756 268487.387653255 53 50 0 0.0338089835
SW 756 268487.387653255 1 73 104 9 0
FT 757 268487.420989588 81 63 0 0.0245036198
FT 758 268487.454325921 63 38 0 0.0272703562
FT 759 268487.487662255 38 26 0 0.0186057007
SW 759 268487.487662255 1 78 90 8 0
FT 760 268487.520998671 105 54 0 0.021532361
FT 761 268487.554335046 54 21 0 0.0145448086
FT 762 268487.587671380 21 8 0 0.0204303893
SW 762 268487.587671380 1 80 90 6 0
FT 763 268487.621007713 119 38 0 0.038169309
FT 764 268487.654344171 38 23 0 0.013306344
FT 765 268487.687680421 23 16 0 0.0449897463
SW 765 268487.687680421 1 76 101 13 0
FT 766 268487.721016755 124 75 0 0.0595715807
FT 767 268487.754353171 75 55 0 0.0348463458
FT 768 268487.787689505 55 40 0 0.0278732754
SW 768 268487.787689505 1 86 121 23 0
FT 769 268487.821025880 132 104 0 0.0377808618
FT 770 268487.854362171 104 75 0 0.0196991959
FT 771 268487.887698630 75 64 0 0.0140215616
SW 771 268487.887698630 1 55 148 61 0
FT 772 268487.921034963 152 99 0 0.0107301473
FT 773 268487.954371421 99 80 0 0.0226428604
FT 774 268487.987707713 80 72 0 0.0212893447
SW 774 268487.987707713 1 54 150 74 0
FT 775 268488.021044130 138 122 0 0.0267551777
FT 776 268488.054380380 122 106 0 0.0233263746
FT 777 268488.087716796 106 96 0 0.0216107298
SW 777 268488.087716796 1 79 170 84 0
FT 778 268488.121053171 143 133 0 0.022361169
FT 779 268488.154389588 133 112 0 0.0366392812
FT 780 268488.187725838 112 98 0 0.0550922947
SW 780 268488.187725838 1 105 194 81 0
FT 781 268488.221062380 148 126 0 0.0520888099
FT 782 268488.254398671 126 111 0 0.0446462426
FT 783 268488.287735005 111 104 0 0.0256136379
SW 783 268488.287735005 1 151 213 47 0
FT 784 268488.321071338 146 118 0 0.0263180344
FT 785 268488.354407713 118 107 0 0.0282175974
FT 786 268488.387744130 107 104 0 0.0182889617
SW 786 268488.387744130 1 168 216 22 0
FT 787 268488.421080421 147 136 0 0.0166284962
FT 788 268488.454416796 136 132 0 0.0189539419
FT 789 268488.487753213 132 124 0 0.0236801258
SW 789 268488.487753213 1 191 218 9 0
FT 790 268488.521089546 154 148 0 0.0242485337
FT 791 268488.554425838 148 134 0 0.0323146157
FT 792 268488.587762255 134 133 0 0.0245036381
SW 792 268488.587762255 1 184 219 6 0
FT 793 268488.621098588 156 146 0 0.0300838439
FT 794 268488.654434963 146 136 0 0.0285838225
FT 795 268488.687771338 136 126 0 0.0261927689
SW 795 268488.687771338 1 179 205 5 0
FT 796 268488.721107713 156 154 0 0.0217531864
FT 797 268488.754444046 154 143 0 0.0181388027
FT 798 268488.787780463 143 134 0 0.0208864574
SW 798 268488.787780463 1 182 203 3 0
FT 799 268488.821116755 158 151 0 0.0183594661
FT 800 268488.854453046 151 139 0 0.0147555259
FT 801 268488.887789546 139 127 0 0.0208409439
SW 801 268488.887789546 1 189 201 4 0
FT 802 268488.921125755 152 145 0 0.0212050822
FT 803 268488.954462255 145 132 0 0.0257580197
FT 804 268488.987798546 132 128 0 0.0245856949
SW 804 268488.987798546 1 194 208 4 0
FT 805 268489.021134880 148 140 0 0.0209671408
FT 806 268489.054471255 140 128 0 0.0231389085
FT 807 268489.087807546 128 123 0 0.0197371877
SW 807 268489.087807546 1 187 212 3 0
FT 808 268489.121144005 151 140 0 0.0152966573
FT 809 268489.154480255 140 128 0 0.00739678525
FT 810 268489.187816671 128 112 0 0.0126143262
SW 810 268489.187816671 1 194 207 2 0
FT 811 268489.221153046 149 144 0 0.0109311315
FT 812 268489.254489463 144 131 0 0.0167508741
FT 813 268489.287825796 131 126 0 0.0150944626
SW 813 268489.287825796 1 199 224 2 0
FT 814 268489.321162088 147 136 0 0.0112018776
FT 815 268489.354498463 136 130 0 0.0148690824
FT 816 268489.387834838 130 119 0 0.0281308594
SW 816 268489.387834838 1 198 214 2 0
FT 817 268489.421171213 146 129 0 0.0333767215
FT 818 268489.454507463 129 122 0 0.0361638004
FT 819 268489.487843963 122 115 0 0.0148923671
SW 819 268489.487843963 1 195 217 3 0
FT 820 268489.521180296 137 116 0 0.0176098643
FT 821 268489.554516588 116 98 0 0.00940322467
FT 822 268489.587853046 98 90 0 0.00929666187
SW 822 268489.587853046 1 176 207 3 0
FT 823 268489.621189296 126 117 0 0.00864269506
FT 824 268489.654525671 117 109 0 0.00793347122
FT 825 268489.687862088 109 103 0 0.0077104066
SW 825 268489.687862088 1 181 201 6 0
FT 826 268489.721198338 133 120 0 0.0106173348
FT 827 268489.754534838 120 112 0 0.0121162876
FT 828 268489.787871130 112 107 0 0.0134640248
SW 828 268489.787871130 1 179 206 7 0
FT 829 268489.821207505 121 113 0 0.0155120599
FT 830 268489.854543880 113 110 0 0.0214073656
FT 831 268489.887880171 110 104 0 0.0256561923
SW 831 268489.887880171 1 166 195 8 0
FT 832 268489.921216588 124 116 0 0.0324096065
FT 833 268489.954552880 116 110 0 0.0283236752
FT 834 268489.987889296 110 108 0 0.0209116555
SW 834 268489.987889296 1 148 190 8 0
FT 835 268490.021225671 130 126 0 0.0164970875
FT 836 268490.054561921 126 116 0 0.0119353345
FT 837 268490.087898296 116 109 0 0.0121697169
SW 837 268490.087898296 1 152 168 7 0
FT 838 268490.121234713 130 118 0 0.0119295328
FT 839 268490.154571005 118 110 0 0.00884542952
FT 840 268490.187907421 110 102 0 0.0098510582
SW 840 268490.187907421 1 154 176 7 0
FT 841 268490.221243671 122 110 0 0.0129367234
FT 842 268490.254580046 110 101 0 0.014442602
FT 843 268490.287916421 101 93 0 0.0208331795
SW 843 268490.287916421 1 158 176 6 0
FT 844 268490.321252796 117 106 0 0.0338698292
FT 845 268490.354589088 106 103 0 0.0342849222
FT 846 268490.387925505 103 94 0 0.0345902072
SW 846 268490.387925505 1 163 179 4 0
FT 847 268490.421261880 122 94 0 0.0244180092
FT 848 268490.454598296 94 77 0 0.0396728377
FT 849 268490.487934588 77 65 0 0.0188288383
SW 849 268490.487934588 1 155 173 7 0
FT 850 268490.521270963 109 86 0 0.0252433607
FT 851 268490.554607380 86 72 0 0.0242579456
FT 852 268490.587943630 72 72 0 0.0130977306
SW 852 268490.587943630 1 151 181 6 0
FT 853 268490.621279963 116 112 0 0.0127816804
FT 854 268490.654616380 112 100 0 0.0252885973
FT 855 268490.687952755 100 92 0 0.0389114068
SW 855 268490.687952755 1 155 183 4 0
FT 856 268490.721289088 120 118 0 0.0124494048
FT 857 268490.754625421 118 91 0 0.0240911078
FT 858 268490.787961713 91 77 0 0.0283217687
SW 858 268490.787961713 1 152 169 3 0
FT 859 268490.821298046 120 117 0 0.0114952409
FT 860 268490.854634421 117 109 0 0.0202780702
FT 861 268490.887970838 109 105 0 0.0242466909
SW 861 268490.887970838 1 151 190 4 0
FT 862 268490.921307130 117 115 0 0.0168502609
FT 863 268490.954643505 115 105 0 0.0252102699
FT 864 268490.987979838 105 87 0 0.0446853977
SW 864 268490.987979838 1 142 159 5 0
FT 865 268491.021316255 114 113 0 0.00363910134
FT 866 268491.054652505 113 109 0 0.0199107845
FT 867 268491.087988921 109 109 0 0.0103934632
SW 867 268491.087988921 1 157 169 6 0
FT 868 268491.121325255 122 116 0 0.0123797109
FT 869 268491.154661630 116 115 0 0.0127084783
FT 870 268491.187997921 115 113 1 0.00433465969
SW 870 268491.187997921 0 157 0 0 0
FT 871 268491.221334296 126 125 0 0.00651651005
FT 872 268491.254670588 125 123 0 0.00553051062
FT 873 268491.288007005 123 119 0 0.0167096582
SW 873 268491.288007005 1 141 179 6 0
FT 874 268491.321343296 129 123 0 0.0217307604
FT 875 268491.354679671 123 121 0 0.0155442398
FT 876 268491.388016046 121 115 0 0.0134885094
SW 876 268491.388016046 1 126 153 5 0
FT 877 268491.421352380 126 117 0 0.0176749346
FT 878 268491.454688796 117 112 0 0.0136654622
FT 879 268491.488025130 112 108 0 0.0100908505
SW 879 268491.488025130 1 131 137 6 0
FT 880 268491.521361505 121 119 0 0.0123651482
FT 881 268491.554697713 119 115 0 0.0130959073
FT 882 268491.588034088 115 110 0 0.015937596
SW 882 268491.588034088 1 137 147 5 0
FT 883 268491.621370463 125 123 0 0.0103200826
FT 884 268491.654706880 123 118 0 0.00914672539
FT 885 268491.688043213 118 114 0 0.00694847076
SW 885 268491.688043213 1 148 154 4 0
FT 886 268491.721379630 126 116 0 0.0166096093
FT 887 268491.754715838 116 103 0 0.0219606732
FT 888 268491.788052296 103 68 0 0.0387273152
SW 888 268491.788052296 1 142 157 6 0
FT 889 268491.821388546 91 56 0 0.0555184893
FT 890 268491.854724921 56 39 0 0.0549963376
FT 891 268491.888061255 39 23 0 0.0620391827
SW 891 268491.888061255 1 131 151 7 0
FT 892 268491.921397588 82 48 0 0.0747114648
FT 893 268491.954733963 48 36 0 0.0727731491
FT 894 268491.988070338 36 29 0 0.0558287053
SW 894 268491.988070338 1 145 158 5 0
FT 895 268492.021406713 91 81 0 0.0177463243
FT 896 268492.054743046 81 79 0 0.00535020879
