FT 2 268539.989839463 153 152 1 0.00247663974
FT 3 268540.023175921 160 157 1 0.00335839657
FT 4 268540.056512546 163 161 1 0.00249036335
FT 5 268540.089849130 166 163 1 0.00317593198
FT 6 268540.123185546 163 163 1 0.000985068677
FT 7 268540.156522088 165 165 1 0.00220230297
FT 8 268540.189858713 167 164 1 0.00178234973
FT 9 268540.223195171 168 166 1 0.00169247626
FT 10 268540.256531755 170 168 0 0.00123688842
FT 11 268540.289868338 172 171 1 0.00170494581
FT 12 268540.323204755 173 172 1 0.00272878477
FT 13 268540.356541296 178 171 1 0.00794583206
FT 14 268540.389877880 174 167 0 0.00741526806
FT 15 268540.423214338 169 165 1 0.00931371172
FT 16 268540.456550921 169 168 1 0.00755900175
FT 17 268540.489887463 169 164 0 0.00671877557
FT 18 268540.523223963 168 166 0 0.00624718394
FT 19 268540.556560463 168 167 0 0.00597372628
FT 20 268540.589896921 173 167 1 0.00419329406
FT 21 268540.623233546 172 164 0 0.00899953524
FT 22 268540.656570130 170 167 0 0.00927676096
FT 23 268540.689906546 172 169 0 0.00347126425
FT 24 268540.723243088 172 156 0 0.0226382739
FT 25 268540.756579671 163 150 0 0.0314521879
FT 26 268540.789916130 166 163 0 0.0119004791
FT 27 268540.823252713 170 160 0 0.0130876775
FT 28 268540.856589296 167 164 0 0.00414216576
FT 29 268540.889925755 171 170 0 0.0086762657
FT 30 268540.923262338 175 169 0 0.0123586573
FT 31 268540.956598921 172 158 0 0.0159248438
FT 32 268540.989935338 162 152 0 0.0095366138
FT 33 268541.023271880 158 154 1 0.0113023952
FT 34 268541.056608421 158 154 0 0.00408368374
FT 35 268541.089944921 160 154 0 0.0041351372
FT 36 268541.123281421 156 152 0 0.00894209138
INIT 268539.956503005 268541.123281421 8 0.226102591 7.70865805 0.337585132 6.05252109 -0.00175238246 -0.00499441721 0.00522538366 0 0 0
FT 37 268541.156618005 158 152 1 0.0125713265
FT 38 268541.189954505 152 150 1 0.0046558548
FT 39 268541.223291005 150 145 1 0.00699449455
SW 39 268541.223291005 0 220 0 0 0
FT 40 268541.256627505 151 147 1 0.0158698511
FT 41 268541.289964046 147 140 1 0.014393717
FT 42 268541.323300588 140 129 1 0.0163762142
SW 42 268541.323300588 0 220 0 0 0
FT 43 268541.356637130 142 137 0 0.0240263586
FT 44 268541.389973588 137 134 1 0.020225326
FT 45 268541.423310130 134 125 0 0.0141792198
SW 45 268541.423310130 1 173 240 10 1
FT 46 268541.456646630 134 133 0 0.0119512659
FT 47 268541.489983171 133 133 0 0.0114054106
FT 48 268541.523319588 133 133 1 0.00927939549
SW 48 268541.523319588 0 173 0 0 0
FT 49 268541.556656171 145 140 1 0.00940034121
FT 50 268541.589992630 140 137 0 0.0092694853
FT 51 268541.623329046 137 135 0 0.0100430604
SW 51 268541.623329046 1 161 198 13 1
FT 52 268541.656665588 141 140 0 0.00716312554
FT 53 268541.690002005 140 135 0 0.0108164113
FT 54 268541.723338588 135 134 0 0.00770344563
SW 54 268541.723338588 1 141 179 10 1
FT 55 268541.756675130 141 140 0 0.00949298796
FT 56 268541.790011588 140 134 0 0.010370375
FT 57 268541.823348005 134 131 0 0.00753843131
SW 57 268541.823348005 1 137 155 8 1
FT 58 268541.856684505 137 136 0 0.00498877499
FT 59 268541.890021005 136 134 0 0.00270114025
FT 60 268541.923357463 134 130 0 0.010177878
SW 60 268541.923357463 1 141 151 10 0
FT 61 268541.956693880 148 143 0 0.00823723117
FT 62 268541.990030463 143 137 0 0.00792021795
FT 63 268542.023366880 137 135 0 0.0106848451
SW 63 268542.023366880 1 152 167 10 1
FT 64 268542.056703338 138 137 0 0.0148134985
FT 65 268542.090039880 137 130 0 0.015043399
FT 66 268542.123376296 130 124 0 0.011548964
SW 66 268542.123376296 1 148 165 11 1
FT 67 268542.156712838 144 140 0 0.010462992
FT 68 268542.190049338 140 138 0 0.0101943223
FT 69 268542.223385796 138 135 0 0.0109954058
SW 69 268542.223385796 1 158 176 11 1
FT 70 268542.256722171 153 144 0 0.00633917846
FT 71 268542.290058671 144 141 0 0.00894073078
FT 72 268542.323395046 141 135 0 0.0240849437
SW 72 268542.323395046 1 166 184 11 1
FT 73 268542.356731671 147 138 0 0.0222792763
FT 74 268542.390068088 138 127 0 0.00968218277
FT 75 268542.423404505 127 118 0 0.00723800637
SW 75 268542.423404505 1 162 184 10 1
FT 76 268542.456740921 135 129 0 0.00619961844
FT 77 268542.490077421 129 119 0 0.0243650013
FT 78 268542.523413838 119 116 0 0.0192962104
SW 78 268542.523413838 1 154 181 14 0
FT 79 268542.556750380 139 128 0 0.00826798214
FT 80 268542.590086921 128 113 0 0.0121597873
FT 81 268542.623423296 113 110 0 0.0100377564
SW 81 268542.623423296 1 158 181 18 0
FT 82 268542.656759838 139 136 0 0.00789694539
FT 83 268542.690096338 136 126 0 0.0105819107
FT 84 268542.723432755 126 123 0 0.00687049527
SW 84 268542.723432755 1 164 198 20 0
FT 85 268542.756769130 149 145 0 0.00630903141
FT 86 268542.790105755 145 141 1 0.00769308612
FT 87 268542.823442088 141 138 0 0.00632919839
SW 87 268542.823442088 1 161 206 22 0
FT 88 268542.856778588 149 144 1 0.00370991002
FT 89 268542.890115046 144 139 0 0.00408336334
FT 90 268542.923451463 139 131 0 0.0103722916
SW 90 268542.923451463 1 158 190 22 0
FT 91 268542.956787921 142 122 0 0.0208567387
FT 92 268542.990124380 122 115 0 0.0228679002
FT 93 268543.023460921 115 110 0 0.00934067212
SW 93 268543.023460921 1 149 187 19 0
FT 94 268543.056797255 140 139 0 0.0130651934
FT 95 268543.090133713 139 136 1 0.0143883188
FT 96 268543.123470213 136 131 1 0.0094049606
SW 96 268543.123470213 0 149 0 0 0
FT 97 268543.156806713 146 142 0 0.00760644708
FT 98 268543.190143130 142 141 1 0.00637436609
FT 99 268543.223479630 141 139 1 0.00746361141
SW 99 268543.223479630 0 149 0 0 0
FT 100 268543.256816088 148 141 0 0.00855156847
FT 101 268543.290152505 141 135 0 0.0114669964
FT 102 268543.323489005 135 125 0 0.0149920165
SW 102 268543.323489005 1 144 206 46 0
FT 103 268543.356825505 143 137 0 0.0159471877
FT 104 268543.390161838 137 126 0 0.0103806529
FT 105 268543.423498255 126 119 0 0.00654994035
SW 105 268543.423498255 1 163 202 25 0
FT 106 268543.456834713 130 119 0 0.0148968204
FT 107 268543.490171171 119 113 0 0.0139989595
FT 108 268543.523507713 113 104 0 0.0190318496
SW 108 268543.523507713 1 138 193 27 0
FT 109 268543.556844130 121 112 0 0.0217783382
FT 110 268543.590180546 112 110 0 0.00641402807
FT 111 268543.623517005 110 106 0 0.0231752304
SW 111 268543.623517005 1 136 177 31 0
FT 112 268543.656853505 123 112 0 0.0231323085
FT 113 268543.690189880 112 109 0 0.0139882637
FT 114 268543.723526421 109 107 0 0.0215153539
SW 114 268543.723526421 1 140 178 25 0
FT 115 268543.756862838 131 121 0 0.020518898
FT 116 268543.790199338 121 117 0 0.0135266362
FT 117 268543.823535755 117 107 0 0.024809124
SW 117 268543.823535755 1 136 181 27 0
FT 118 268543.856872213 123 113 0 0.013276844
FT 119 268543.890208671 113 110 0 0.0137203549
FT 120 268543.923545005 110 108 0 0.0137059479
SW 120 268543.923545005 1 124 172 28 0
FT 121 268543.956881588 124 119 0 0.0156464018
FT 122 268543.990217880 119 113 0 0.0123612916
FT 123 268544.023554421 113 111 0 0.0179072878
SW 123 268544.023554421 1 129 164 25 0
FT 124 268544.056890921 128 115 0 0.0195572682
FT 125 268544.090227296 115 111 0 0.01063088
FT 126 268544.123563755 111 107 0 0.0151344525
SW 126 268544.123563755 1 132 168 26 0
FT 127 268544.156900213 124 120 0 0.0119017991
FT 128 268544.190236671 120 117 0 0.0105638756
FT 129 268544.223573046 117 114 0 0.0079656121
SW 129 268544.223573046 1 134 172 22 0
FT 130 268544.256909505 129 122 0 0.00986243504
FT 131 268544.290246046 122 114 0 0.017151643
FT 132 268544.323582421 114 112 0 0.00514813819
SW 132 268544.323582421 1 136 165 21 0
FT 133 268544.356918921 125 122 0 0.0117373386
FT 134 268544.390255213 122 118 0 0.0190871869
FT 135 268544.423591713 118 117 0 0.00532418234
SW 135 268544.423591713 1 138 168 21 0
FT 136 268544.456928213 131 127 0 0.00682207689
FT 137 268544.490264671 127 122 0 0.00332663351
FT 138 268544.523601088 122 122 0 0.00157580725
SW 138 268544.523601088 1 130 171 23 0
FT 139 268544.556937546 131 127 0 0.0108364866
FT 140 268544.590273921 127 119 0 0.0144641394
FT 141 268544.623610380 119 119 0 0.00636277394
SW 141 268544.623610380 1 128 158 23 0
FT 142 268544.656946880 132 124 0 0.014632155
FT 143 268544.690283255 124 120 0 0.00794474369
FT 144 268544.723619671 120 117 0 0.00442031286
SW 144 268544.723619671 1 130 160 19 0
FT 145 268544.756956255 129 124 0 0.0103089467
FT 146 268544.790292588 124 123 0 0.0140840958
FT 147 268544.823629130 123 123 0 0.00791241386
SW 147 268544.823629130 1 135 159 18 0
FT 148 268544.856965421 128 122 0 0.0103338077
FT 149 268544.890301921 122 120 0 0.0192359322
FT 150 268544.923638338 120 117 0 0.00913847545
SW 150 268544.923638338 1 130 157 20 0
FT 151 268544.956974796 124 123 0 0.01210408
FT 152 268544.990311296 123 117 0 0.0195634635
FT 153 268545.023647671 117 114 0 0.0165352116
SW 153 268545.023647671 1 128 155 19 0
FT 154 268545.056984088 125 123 0 0.0125553283
FT 155 268545.090320505 123 119 0 0.0137001708
FT 156 268545.123656963 119 117 0 0.0148911924
SW 156 268545.123656963 1 125 155 19 0
FT 157 268545.156993421 130 129 0 0.0133873982
FT 158 268545.190329755 129 123 0 0.0183571138
FT 159 268545.223666213 123 115 0 0.0262949352
SW 159 268545.223666213 1 127 152 21 0
FT 160 268545.257002671 129 122 0 0.0304773746
FT 161 268545.290339088 122 116 0 0.0330375818
FT 162 268545.323675588 116 113 0 0.0336105836
SW 162 268545.323675588 1 130 159 19 0
FT 163 268545.357011921 131 119 0 0.0254599554
FT 164 268545.390348421 119 115 0 0.0221289725
FT 165 268545.423684838 115 110 0 0.0178204269
SW 165 268545.423684838 1 133 162 21 0
FT 166 268545.457021213 128 125 0 0.0119287992
FT 167 268545.490357671 125 119 0 0.0175733541
FT 168 268545.523694088 119 118 0 0.0192182564
SW 168 268545.523694088 1 140 169 24 0
FT 169 268545.557030505 134 130 0 0.0147314281
FT 170 268545.590366921 130 128 0 0.0129146619
FT 171 268545.623703380 128 125 0 0.0165808788
SW 171 268545.623703380 1 144 175 21 0
FT 172 268545.657039838 139 137 0 0.01071177
FT 173 268545.690376255 137 134 0 0.00791858775
FT 174 268545.723712671 134 128 0 0.0163357943
SW 174 268545.723712671 1 144 175 18 0
FT 175 268545.757049005 139 136 0 0.0218901723
FT 176 268545.790385421 136 132 0 0.0251781819
FT 177 268545.823721963 132 129 1 0.0348284071
SW 177 268545.823721963 0 144 0 0 0
FT 178 268545.857058338 144 143 1 0.0345727304
FT 179 268545.890394755 143 138 1 0.0235863653
FT 180 268545.923731130 138 133 0 0.0208653759
SW 180 268545.923731130 1 140 184 21 0
FT 181 268545.957067546 146 131 0 0.0317294935
FT 182 268545.990403963 131 122 0 0.0369014789
FT 183 268546.023740463 122 118 0 0.0277066443
SW 183 268546.023740463 1 150 169 15 0
FT 184 268546.057076796 147 146 0 0.0135642818
FT 185 268546.090413296 146 144 0 0.0145701409
FT 186 268546.123749630 144 141 0 0.0174020494
SW 186 268546.123749630 1 166 188 15 0
FT 187 268546.157086130 151 148 0 0.0170417309
FT 188 268546.190422546 148 147 0 0.0184240492
FT 189 268546.223758921 147 145 0 0.0258683822
SW 189 268546.223758921 1 167 190 15 0
FT 190 268546.257095338 153 151 0 0.0220705104
FT 191 268546.290431796 151 145 0 0.0178040933
FT 192 268546.323768213 145 141 0 0.0255508354
SW 192 268546.323768213 1 165 188 14 0
FT 193 268546.357104546 153 147 0 0.0266321018
FT 194 268546.390441005 147 136 0 0.0162187168
FT 195 268546.423777380 136 130 0 0.017947608
SW 195 268546.423777380 1 144 186 19 0
FT 196 268546.457113880 143 135 0 0.0380553537
FT 197 268546.490450171 135 132 0 0.0311711153
FT 198 268546.523786713 132 124 0 0.0190129679
SW 198 268546.523786713 1 154 172 18 0
FT 199 268546.557123130 146 135 0 0.0188417898
FT 200 268546.590459463 135 124 0 0.0204776593
FT 201 268546.623795963 124 120 0 0.0114256235
SW 201 268546.623795963 1 157 183 21 0
FT 202 268546.657132380 143 138 0 0.0115178118
FT 203 268546.690468630 138 135 0 0.0107371425
FT 204 268546.723805088 135 130 0 0.00856826494
SW 204 268546.723805088 1 164 195 21 0
FT 205 268546.757141463 148 146 0 0.0132547483
FT 206 268546.790477921 146 134 0 0.0150207394
FT 207 268546.823814380 134 129 0 0.0166154505
SW 207 268546.823814380 1 157 196 21 0
FT 208 268546.857150755 146 145 0 0.015931292
FT 209 268546.890487088 145 141 0 0.0118656875
FT 210 268546.923823546 141 137 0 0.0100040917
SW 210 268546.923823546 1 155 191 21 0
FT 211 268546.957159921 146 145 0 0.012190628
FT 212 268546.990496380 145 138 0 0.0152804712
FT 213 268547.023832755 138 134 0 0.0208115253
SW 213 268547.023832755 1 144 182 23 0
FT 214 268547.057169213 146 140 0 0.0215790117
FT 215 268547.090505546 140 136 0 0.0233148799
FT 216 268547.123842088 136 131 0 0.0245773179
SW 216 268547.123842088 1 146 177 24 0
FT 217 268547.157178338 143 138 0 0.0263397088
FT 218 268547.190514755 138 132 0 0.0277448739
FT 219 268547.223851213 132 126 0 0.0259473293
SW 219 268547.223851213 1 145 180 23 0
FT 220 268547.257187546 142 135 0 0.0239578534
FT 221 268547.290524046 135 130 0 0.0310339039
FT 222 268547.323860380 130 127 0 0.0340627908
SW 222 268547.323860380 1 153 181 23 0
FT 223 268547.357196796 141 132 0 0.0344554117
FT 224 268547.390533130 132 125 0 0.0265935876
FT 225 268547.423869588 125 114 0 0.0290906716
SW 225 268547.423869588 1 150 182 23 0
FT 226 268547.457205880 136 124 0 0.0381805478
FT 227 268547.490542338 124 122 0 0.0344669125
FT 228 268547.523878838 122 113 0 0.0335386781
SW 228 268547.523878838 1 156 190 21 0
FT 229 268547.557215213 134 128 0 0.0414339846
FT 230 268547.590551588 128 120 0 0.0411660731
FT 231 268547.623887880 120 114 0 0.043575771
SW 231 268547.623887880 1 158 191 18 0
FT 232 268547.657224296 141 134 0 0.0437804067
FT 233 268547.690560796 134 118 0 0.0434708487
FT 234 268547.723897213 118 106 0 0.037353779
SW 234 268547.723897213 1 163 191 16 0
FT 235 268547.757233671 149 138 0 0.0209030703
FT 236 268547.790569921 138 115 0 0.0223560673
FT 237 268547.823906380 115 99 0 0.0383778919
SW 237 268547.823906380 1 160 195 16 0
FT 238 268547.857242713 138 110 0 0.0360527074
FT 239 268547.890579171 110 99 0 0.0355453618
FT 240 268547.923915505 99 94 0 0.0234178773
SW 240 268547.923915505 1 162 197 17 0
FT 241 268547.957251921 136 130 0 0.0109744223
FT 242 268547.990588338 130 116 0 0.0138375741
FT 243 268548.023924755 116 105 0 0.0143062328
SW 243 268548.023924755 1 172 199 14 0
FT 244 268548.057261046 130 115 0 0.00889077226
FT 245 268548.090597505 115 98 0 0.0174415508
FT 246 268548.123933880 98 80 0 0.0335042197
SW 246 268548.123933880 1 152 191 16 0
FT 247 268548.157270296 114 82 0 0.0381868664
FT 248 268548.190606713 82 69 0 0.0327167458
FT 249 268548.223943046 69 53 0 0.0406996217
SW 249 268548.223943046 1 123 177 31 0
FT 250 268548.257279421 86 63 0 0.0437955052
FT 251 268548.290615838 63 53 0 0.0366696229
FT 252 268548.323952296 53 48 0 0.028304491
SW 252 268548.323952296 1 102 170 42 0
FT 253 268548.357288588 82 71 0 0.015365082
FT 254 268548.390625046 71 67 0 0.0139850946
FT 255 268548.427776346 67 63 0 0.0181147185
SW 255 268548.427776346 1 110 166 47 0
FT 256 268548.461082179 129 115 0 0.00657122636
FT 257 268548.494418221 115 100 0 0.0164722964
FT 258 268548.527754387 100 85 0 0.0149905353
SW 258 268548.527754387 1 88 195 76 1
FT 259 268548.561090596 113 110 0 0.0200675749
FT 260 268548.594426804 110 101 0 0.0130751976
FT 261 268548.627763012 101 97 0 0.0105005534
SW 261 268548.627763012 1 67 185 81 1
FT 262 268548.661099096 133 114 0 0.0319847456
FT 263 268548.694435221 114 101 0 0.0344083531
FT 264 268548.727771346 101 94 0 0.0323836308
SW 264 268548.727771346 1 59 166 85 1
FT 265 268548.761107637 130 121 0 0.025619394
FT 266 268548.794443762 121 116 0 0.0155872311
FT 267 268548.827779804 116 112 0 0.00309597683
SW 267 268548.827779804 1 66 161 84 4
FT 268 268548.861115929 136 134 0 0.00656595708
FT 269 268548.894452179 134 129 0 0.00403972225
FT 270 268548.927788304 129 122 0 0.0186992396
SW 270 268548.927788304 1 73 190 97 4
FT 271 268548.961124346 150 136 0 0.0257138985
FT 272 268548.994460637 136 126 0 0.0169119727
FT 273 268549.027796804 126 120 0 0.0120982377
SW 273 268549.027796804 1 65 188 112 3
FT 274 268549.061132929 139 126 0 0.0236059813
FT 275 268549.094469054 126 114 0 0.0213413304
FT 276 268549.127805137 114 31 0 0.0790276173
SW 276 268549.127805137 1 51 183 109 3
FT 277 268549.161141387 105 72 0 0.0676963729
FT 278 268549.194477471 72 52 0 0.051127641
FT 279 268549.224298660 52 48 0 0.0263002187
SW 279 268549.224298660 1 43 180 122 2
FT 280 268549.257615577 130 113 0 0.0281515445
FT 281 268549.290592338 113 102 0 0.0189015233
FT 282 268549.323928671 102 101 0 0.0184024013
SW 282 268549.323928671 1 63 228 153 2
FT 283 268549.357265005 136 132 0 0.0144024138
FT 284 268549.390601421 132 121 0 0.0124035814
FT 285 268549.423937796 121 118 0 0.0278959728
SW 285 268549.423937796 1 79 244 146 3
FT 286 268549.457274171 144 138 0 0.0179485016
FT 287 268549.490610546 138 133 0 0.012738074
FT 288 268549.523946921 133 126 0 0.0156335473
SW 288 268549.523946921 1 35 249 118 4
FT 289 268549.557283380 150 147 0 0.0205503479
FT 290 268549.590619713 147 140 0 0.0189740414
FT 291 268549.623956088 140 135 0 0.0235470888
SW 291 268549.623956088 1 37 177 125 4
FT 292 268549.657292380 160 153 0 0.0239008862
FT 293 268549.690628880 153 146 0 0.0191179757
FT 294 268549.723965255 146 139 0 0.011517826
SW 294 268549.723965255 1 44 180 131 1
FT 295 268549.757301505 156 154 0 0.0120065313
FT 296 268549.790637963 154 138 0 0.0195543164
FT 297 268549.823974338 138 135 0 0.0184262198
SW 297 268549.823974338 1 62 190 120 3
FT 298 268549.857310630 168 162 0 0.0189487995
FT 299 268549.890647130 162 148 0 0.0189035663
FT 300 268549.923983421 148 142 0 0.0217807439
SW 300 268549.923983421 1 65 209 130 3
FT 301 268549.957319838 161 149 0 0.0278606949
FT 302 268549.990656255 149 133 0 0.0331643779
FT 303 268550.023992546 133 124 0 0.0226467647
SW 303 268550.023992546 1 77 208 117 3
FT 304 268550.057329005 157 143 0 0.0200192826
FT 305 268550.090665380 143 126 0 0.033074464
FT 306 268550.124001713 126 112 0 0.0315412842
SW 306 268550.124001713 1 88 214 108 4
FT 307 268550.157338130 133 121 0 0.0245971697
FT 308 268550.190674421 121 110 0 0.0259103063
FT 309 268550.224010755 110 100 0 0.0328658673
SW 309 268550.224010755 1 93 209 101 1
FT 310 268550.257347213 132 111 0 0.0298378184
FT 311 268550.290683588 111 99 0 0.0286553638
FT 312 268550.324019921 99 88 0 0.0319293541
SW 312 268550.324019921 1 97 204 89 1
FT 313 268550.357356380 121 107 0 0.0246079115
FT 314 268550.390692630 107 98 0 0.0165088459
FT 315 268550.424029088 98 89 0 0.0161188482
SW 315 268550.424029088 1 100 203 74 1
FT 316 268550.457365505 114 103 0 0.0131668086
FT 317 268550.490701796 103 93 0 0.00288000332
FT 318 268550.524038213 93 86 0 0.00849097844
SW 318 268550.524038213 1 88 188 70 1
FT 319 268550.557374630 117 99 0 0.0212828458
FT 320 268550.590710838 99 91 0 0.0177192998
FT 321 268550.624047338 91 81 0 0.0210665715
SW 321 268550.624047338 1 84 172 66 1
FT 322 268550.657383755 111 95 0 0.0143866407
FT 323 268550.690720005 95 88 0 0.0131635193
FT 324 268550.724056421 88 76 0 0.0283947872
SW 324 268550.724056421 1 83 162 57 1
FT 325 268550.757392713 102 85 0 0.0300121661
FT 326 268550.790729130 85 81 0 0.0182895196
FT 327 268550.824065505 81 77 0 0.0144975229
SW 327 268550.824065505 1 79 152 57 1
FT 328 268550.857401880 95 88 0 0.0203531794
FT 329 268550.890738296 88 78 0 0.0304252474
FT 330 268550.924074713 78 69 0 0.0370973828
SW 330 268550.924074713 1 76 145 52 1
FT 331 268550.957411005 97 93 0 0.0195498167
FT 332 268550.990747421 93 89 0 0.0276741902
FT 333 268551.024083796 89 51 0 0.0582999566
SW 333 268551.024083796 1 62 132 51 1
FT 334 268551.057420171 89 62 0 0.0689595317
FT 335 268551.090756546 62 56 0 0.0198910887
FT 336 268551.124092921 56 56 0 0.0183718466
SW 336 268551.124092921 1 50 130 63 1
FT 337 268551.157429213 107 95 0 0.0188126909
FT 338 268551.190765546 95 89 0 0.0114593516
FT 339 268551.224101963 89 87 0 0.005337358
SW 339 268551.224101963 1 70 151 70 1
FT 340 268551.257438296 118 115 0 0.0026287876
FT 341 268551.290774671 115 114 0 0.00457036874
FT 342 268551.324111005 114 112 0 0.00451784949
SW 342 268551.324111005 1 65 168 87 1
FT 343 268551.357447421 130 126 0 0.00234244684
FT 344 268551.390783755 126 118 0 0.00656209336
FT 345 268551.424120171 118 115 0 0.0052269717
SW 345 268551.424120171 1 59 166 86 0
FT 346 268551.457456421 128 123 0 0.0140096165
FT 347 268551.490792880 123 116 0 0.0153313229
FT 348 268551.524129213 116 115 0 0.00915265278
SW 348 268551.524129213 1 52 156 93 0
FT 349 268551.557465630 125 116 0 0.00436628406
FT 350 268551.590802005 116 108 0 0.00901488141
FT 351 268551.624138296 108 104 0 0.0102968141
SW 351 268551.624138296 1 80 151 65 0
FT 352 268551.657474630 121 110 0 0.0108586855
FT 353 268551.690810963 110 102 0 0.0131609889
FT 354 268551.724147380 102 94 0 0.0116674302
SW 354 268551.724147380 1 102 157 53 0
FT 355 268551.757483755 116 102 0 0.00888162754
FT 356 268551.790820088 102 94 0 0.00628461026
FT 357 268551.824156463 94 83 0 0.00384094805
SW 357 268551.824156463 1 110 165 43 1
FT 358 268551.857492880 120 104 0 0.00598212571
FT 359 268551.890829088 104 91 0 0.00668516016
FT 360 268551.924165505 91 79 0 0.0132040052
SW 360 268551.924165505 1 113 170 45 1
FT 361 268551.957501838 120 106 0 0.00874380106
FT 362 268551.990838213 106 89 0 0.0109773203
FT 363 268552.024174588 89 81 0 0.00757892303
SW 363 268552.024174588 1 118 178 42 1
FT 364 268552.057510880 111 101 0 0.0130944889
FT 365 268552.090847255 101 93 0 0.0126990962
FT 366 268552.124183671 93 88 0 0.0133730465
SW 366 268552.124183671 1 112 176 41 1
FT 367 268552.157519963 110 101 0 0.0130093589
FT 368 268552.190856338 101 98 0 0.00669024888
FT 369 268552.224192796 98 92 0 0.00943832809
SW 369 268552.224192796 1 106 169 41 1
FT 370 268552.257529005 121 110 0 0.00549737969
FT 371 268552.290865380 110 100 0 0.00465300548
FT 372 268552.324201838 100 97 0 0.0108962541
SW 372 268552.324201838 1 109 165 35 1
FT 373 268552.357538088 112 107 0 0.0137273298
FT 374 268552.390874505 107 98 0 0.0113976649
FT 375 268552.424210838 98 94 0 0.00847002346
SW 375 268552.424210838 1 105 158 35 1
FT 376 268552.457547171 114 101 0 0.00943390772
FT 377 268552.490883421 101 90 0 0.00503496517
FT 378 268552.524219963 90 87 0 0.00307330841
SW 378 268552.524219963 1 113 154 33 0
FT 379 268552.557556255 109 105 0 0.0116196892
FT 380 268552.590892505 105 96 0 0.00729603365
FT 381 268552.624228963 96 88 0 0.0181552711
SW 381 268552.624228963 1 130 164 23 0
FT 382 268552.657565255 105 94 0 0.0162877946
FT 383 268552.690901671 94 80 0 0.0214555154
FT 384 268552.724238005 80 74 0 0.0187701046
SW 384 268552.724238005 1 121 160 27 0
FT 385 268552.757574338 107 88 0 0.0111148293
FT 386 268552.790910671 88 76 0 0.0104472301
FT 387 268552.824247088 76 68 0 0.0141238218
SW 387 268552.824247088 1 117 163 30 0
FT 388 268552.857583463 100 88 0 0.0112166368
FT 389 268552.890919755 88 78 0 0.0220362487
FT 390 268552.924256130 78 75 0 0.0158061772
SW 390 268552.924256130 1 112 165 33 0
FT 391 268552.957592505 110 93 0 0.0163048602
FT 392 268552.990928838 93 89 0 0.023976708
FT 393 268553.024265088 89 84 0 0.0217469008
SW 393 268553.024265088 1 117 164 30 0
FT 394 268553.057601463 107 97 0 0.00715680269
FT 395 268553.090937838 97 93 0 0.00704275722
FT 396 268553.124274171 93 87 0 0.0128590239
SW 396 268553.124274171 1 112 162 29 0
FT 397 268553.157610546 120 111 0 0.00771499932
FT 398 268553.190946880 111 108 0 0.0101504296
FT 399 268553.228098262 108 100 0 0.0143275311
SW 399 268553.228098262 1 114 161 26 0
FT 400 268553.261403929 137 129 0 0.0138480587
FT 401 268553.294740137 129 123 0 0.0122608124
FT 402 268553.328076304 123 119 0 0.0142464923
SW 402 268553.328076304 1 134 169 24 0
FT 403 268553.361412346 136 130 0 0.0186813857
FT 404 268553.394748387 130 117 0 0.0182949863
FT 405 268553.428084596 117 108 0 0.012289428
SW 405 268553.428084596 1 137 170 23 0
FT 406 268553.461420596 148 139 0 0.0137637503
FT 407 268553.494756721 139 133 0 0.0101085767
FT 408 268553.528092929 133 127 0 0.00872680594
SW 408 268553.528092929 1 144 185 29 0
FT 409 268553.561428971 149 140 0 0.00858634162
FT 410 268553.594765054 140 119 0 0.00742015484
FT 411 268553.628101262 119 104 0 0.00894237063
SW 411 268553.628101262 1 153 180 20 0
FT 412 268553.661437346 118 109 0 0.00851938364
FT 413 268553.694773429 109 100 0 0.00693302881
FT 414 268553.728109471 100 97 0 0.00582011889
SW 414 268553.728109471 1 149 183 24 0
FT 415 268553.761445637 113 109 0 0.00702887072
FT 416 268553.794781762 109 102 0 0.0139473168
FT 417 268553.828117887 102 92 0 0.0129651395
SW 417 268553.828117887 1 135 180 22 0
FT 418 268553.861453971 115 111 0 0.00352389565
FT 419 268553.894790012 111 102 0 0.00614031046
FT 420 268553.928126221 102 95 0 0.00891865952
SW 420 268553.928126221 1 145 173 22 0
FT 421 268553.961462304 105 96 0 0.00743180728
FT 422 268553.994798387 96 92 0 0.0064860302
FT 423 268554.028134554 92 86 0 0.012931383
SW 423 268554.028134554 1 120 174 24 0
FT 424 268554.061470596 103 100 0 0.00592580665
FT 425 268554.094806721 100 96 0 0.00813564956
FT 426 268554.128142887 96 87 0 0.0154982377
SW 426 268554.128142887 1 115 158 26 0
FT 427 268554.161478971 109 96 0 0.016242576
FT 428 268554.194815054 96 91 0 0.0122368692
FT 429 268554.228151221 91 87 0 0.0138544817
SW 429 268554.228151221 1 122 156 22 0
FT 430 268554.261487262 130 126 0 0.00933902431
FT 431 268554.294823346 126 121 0 0.0111963528
FT 432 268554.328159554 121 116 0 0.0069694039
SW 432 268554.328159554 1 147 180 20 0
FT 433 268554.361495637 151 147 0 0.00614826121
FT 434 268554.394831679 147 134 0 0.0109626937
FT 435 268554.428167804 134 122 0 0.0169350075
SW 435 268554.428167804 1 150 186 20 0
FT 436 268554.461503929 153 144 0 0.022339312
FT 437 268554.494839971 144 134 0 0.0241075096
FT 438 268554.528176054 134 125 0 0.0266551411
SW 438 268554.528176054 1 156 191 22 0
FT 439 268554.561512096 151 146 0 0.011747346
FT 440 268554.594848304 146 140 0 0.0095024506
FT 441 268554.628184512 140 134 0 0.0124308452
SW 441 268554.628184512 1 159 201 27 0
FT 442 268554.661520512 157 145 0 0.00845013969
FT 443 268554.694856596 145 131 0 0.0147525823
FT 444 268554.728192679 131 125 0 0.0136215348
SW 444 268554.728192679 1 161 200 32 0
FT 445 268554.761528887 153 143 0 0.00244362821
FT 446 268554.794864929 143 122 0 0.00945524171
FT 447 268554.828201012 122 111 0 0.00976988442
SW 447 268554.828201012 1 162 208 33 0
FT 448 268554.861537054 144 135 0 0.0164745867
FT 449 268554.894873179 135 119 0 0.00661913342
FT 450 268554.928209221 119 114 0 0.0105310983
SW 450 268554.928209221 1 163 216 35 0
FT 451 268554.961545471 147 137 0 0.012694405
FT 452 268554.994881554 137 129 0 0.0200952339
FT 453 268555.028217637 129 123 0 0.0151757283
SW 453 268555.028217637 1 171 222 37 0
FT 454 268555.061553637 154 150 0 0.00739209928
FT 455 268555.094889804 150 143 0 0.00899483748
FT 456 268555.128225971 143 136 0 0.00780025618
SW 456 268555.128225971 1 177 236 36 0
FT 457 268555.161562096 162 157 0 0.0086548588
FT 458 268555.194898137 157 149 0 0.0130854546
FT 459 268555.228234221 149 141 0 0.0121264697
SW 459 268555.228234221 1 174 234 31 0
FT 460 268555.261570304 162 150 0 0.00772665562
FT 461 268555.294906471 150 142 0 0.00552145343
FT 462 268555.328242471 142 135 0 0.0101976777
SW 462 268555.328242471 1 186 223 19 0
FT 463 268555.361578596 157 147 0 0.0103515716
FT 464 268555.394914721 147 139 0 0.0102905271
FT 465 268555.428250887 139 127 0 0.0106474791
SW 465 268555.428250887 1 188 219 16 0
FT 466 268555.461586804 149 139 0 0.00932199401
FT 467 268555.494922971 139 133 0 0.0103235716
FT 468 268555.528259137 133 127 0 0.012107482
SW 468 268555.528259137 1 195 223 13 0
FT 469 268555.561595221 155 144 0 0.00965673475
FT 470 268555.594931304 144 138 0 0.00881773052
FT 471 268555.628267429 138 138 0 0.0082738195
SW 471 268555.628267429 1 200 230 14 0
FT 472 268555.661603512 167 164 0 0.00886307414
FT 473 268555.694939596 164 156 0 0.00992201732
FT 474 268555.728275637 156 148 0 0.0178173844
SW 474 268555.728275637 1 196 233 13 0
FT 475 268555.761611846 164 153 0 0.0191558845
FT 476 268555.794947846 153 142 0 0.0136930825
FT 477 268555.828283929 142 138 0 0.0186579507
SW 477 268555.828283929 1 174 221 25 0
FT 478 268555.861620096 167 158 0 0.0171177869
FT 479 268555.894956137 158 148 0 0.0115277786
FT 480 268555.928292346 148 140 0 0.0123669385
SW 480 268555.928292346 1 178 220 23 0
FT 481 268555.961628304 165 159 0 0.0193134881
FT 482 268555.994964387 159 146 0 0.0159124087
FT 483 268556.028300471 146 136 0 0.0175938807
SW 483 268556.028300471 1 178 217 28 0
FT 484 268556.061636721 168 158 0 0.0214139699
FT 485 268556.094972637 158 144 0 0.0210174056
FT 486 268556.128308804 144 133 0 0.025934602
SW 486 268556.128308804 1 187 225 28 1
FT 487 268556.161644762 168 155 0 0.0281906864
FT 488 268556.194980971 155 144 0 0.0169093087
FT 489 268556.228317054 144 141 0 0.0172310097
SW 489 268556.228317054 1 153 235 55 5
FT 490 268556.261653096 180 166 0 0.0126616236
FT 491 268556.294989221 166 155 0 0.016628337
FT 492 268556.328325429 155 152 0 0.015883218
SW 492 268556.328325429 1 171 242 47 5
FT 493 268556.361661471 173 172 0 0.0247136942
FT 494 268556.394997471 172 164 0 0.0278394735
FT 495 268556.428333554 164 147 0 0.0264660966
SW 495 268556.428333554 1 120 236 90 5
FT 496 268556.461669846 173 137 0 0.0744776887
FT 497 268556.495005721 137 117 0 0.0402351
FT 498 268556.528341846 117 113 0 0.0215038731
SW 498 268556.528341846 1 86 223 111 4
FT 499 268556.561677971 155 152 0 0.0192764209
FT 500 268556.595014012 152 140 0 0.0208848888
FT 501 268556.628350054 140 133 0 0.020677513
SW 501 268556.628350054 1 95 230 114 4
FT 502 268556.661686137 170 159 0 0.0141845276
FT 503 268556.695022262 159 155 0 0.0142234261
FT 504 268556.728358304 155 142 0 0.0220459213
SW 504 268556.728358304 1 104 239 123 1
FT 505 268556.761694387 171 141 0 0.0328055614
FT 506 268556.795030512 141 118 0 0.0374046305
FT 507 268556.828366554 118 86 0 0.0103047928
SW 507 268556.828366554 1 98 238 122 1
FT 508 268556.861702679 152 143 0 0.0252805697
FT 509 268556.895038762 143 133 0 0.0339599759
FT 510 268556.928374887 133 125 0 0.0221213646
SW 510 268556.928374887 1 117 269 110 0
FT 511 268556.961710846 155 148 0 0.0138919202
FT 512 268556.995046929 148 141 0 0.0106030959
FT 513 268557.028383096 141 137 0 0.0176651241
SW 513 268557.028383096 1 141 250 100 0
FT 514 268557.061719179 158 156 0 0.0136897807
FT 515 268557.095055387 156 145 0 0.0128005697
FT 516 268557.128391262 145 128 0 0.016260123
SW 516 268557.128391262 1 166 255 72 0
FT 517 268557.161727429 156 149 0 0.0119184084
FT 518 268557.195063512 149 144 0 0.0145295465
FT 519 268557.228399637 144 135 0 0.00930702747
SW 519 268557.228399637 1 132 258 60 0
FT 520 268557.261735762 157 149 0 0.0112077073
FT 521 268557.295071762 149 141 0 0.0231602501
FT 522 268557.328407804 141 135 0 0.0266278694
SW 522 268557.328407804 1 134 204 60 0
FT 523 268557.361743887 150 138 0 0.0374181415
FT 524 268557.395079971 138 108 0 0.0526880914
FT 525 268557.428416179 108 97 0 0.0514131321
SW 525 268557.428416179 1 146 204 47 0
FT 526 268557.461752137 135 127 0 0.0248521392
FT 527 268557.495088346 127 124 0 0.0152255174
FT 528 268557.528424304 124 117 0 0.0264347678
SW 528 268557.528424304 1 156 222 43 0
FT 529 268557.561760387 143 135 0 0.0257126812
FT 530 268557.595096429 135 130 0 0.0210546432
FT 531 268557.628432554 130 125 0 0.0291240907
SW 531 268557.628432554 1 167 220 40 0
FT 532 268557.661768554 152 146 0 0.028585691
FT 533 268557.695104679 146 138 0 0.0187555797
FT 534 268557.728440762 138 132 0 0.0270628385
SW 534 268557.728440762 1 169 225 44 0
FT 535 268557.761776887 156 140 0 0.0413072788
FT 536 268557.795112887 140 128 0 0.0324868929
FT 537 268557.828449012 128 110 0 0.0290353867
SW 537 268557.828449012 1 94 226 84 0
FT 538 268557.861785137 154 135 0 0.0192029
FT 539 268557.895121304 135 127 0 0.0208837081
FT 540 268557.928457262 127 124 0 0.0253548592
SW 540 268557.928457262 1 109 206 88 0
FT 541 268557.961793262 164 157 0 0.0263272705
FT 542 268557.995129387 157 150 0 0.0295215185
FT 543 268558.028465679 150 145 0 0.0266185088
SW 543 268558.028465679 1 133 230 84 0
FT 544 268558.061801554 165 158 0 0.0201043589
FT 545 268558.095137596 158 152 0 0.024260438
FT 546 268558.128473721 152 136 0 0.0377428685
SW 546 268558.128473721 1 135 233 87 0
FT 547 268558.161809929 159 143 0 0.0362850519
FT 548 268558.195145846 143 134 0 0.0325609599
FT 549 268558.228481971 134 111 0 0.0369903984
SW 549 268558.228481971 1 100 235 100 0
FT 550 268558.261817929 138 126 0 0.0407494947
FT 551 268558.295154054 126 106 0 0.0396681201
FT 552 268558.328490179 106 99 0 0.0294765209
SW 552 268558.328490179 1 123 216 79 0
FT 553 268558.361826221 149 137 0 0.0263093938
FT 554 268558.395162262 137 118 0 0.0376412213
FT 555 268558.428498387 118 112 0 0.0398152954
SW 555 268558.428498387 1 139 231 80 0
FT 556 268558.461834429 148 106 0 0.0230838096
FT 557 268558.495170512 106 83 0 0.0249692761
FT 558 268558.528506637 83 73 0 0.0329196874
SW 558 268558.528506637 1 130 232 77 0
FT 559 268558.561842679 137 125 0 0.0369734874
FT 560 268558.595178637 125 101 0 0.0366993166
FT 561 268558.628514887 101 99 0 0.0301563421
SW 561 268558.628514887 1 137 248 73 0
FT 562 268558.661850762 149 140 0 0.0229412601
FT 563 268558.695186929 140 126 0 0.028508404
FT 564 268558.728522887 126 119 0 0.0241048705
SW 564 268558.728522887 1 135 244 81 0
FT 565 268558.761859179 160 151 0 0.018378214
FT 566 268558.795195137 151 144 0 0.0223386993
FT 567 268558.828531262 144 141 0 0.0180758263
SW 567 268558.828531262 1 164 250 70 0
FT 568 268558.861867221 159 158 0 0.0173359973
FT 569 268558.895203429 158 154 0 0.0177565597
FT 570 268558.928539429 154 144 0 0.0153629948
SW 570 268558.928539429 1 123 246 71 0
FT 571 268558.961875471 165 157 0 0.0139770558
FT 572 268558.995211471 157 146 0 0.0229663172
FT 573 268559.028547637 146 137 0 0.012307003
SW 573 268559.028547637 1 108 206 83 0
FT 574 268559.061883679 152 129 0 0.00821865446
FT 575 268559.095219804 129 118 0 0.0173461395
FT 576 268559.128555762 118 114 0 0.0140919481
SW 576 268559.128555762 1 123 198 61 0
FT 577 268559.161891887 143 131 0 0.00951825073
FT 578 268559.195227887 131 124 0 0.0162904901
FT 579 268559.228564012 124 119 0 0.0168690915
SW 579 268559.228564012 1 137 206 57 0
FT 580 268559.261900096 143 133 0 0.0116694362
FT 581 268559.295236179 133 125 1 0.0136398951
FT 582 268559.328572387 125 123 0 0.0116455733
SW 582 268559.328572387 1 150 209 50 0
FT 583 268559.361908346 144 139 1 0.00668817162
FT 584 268559.395244304 139 135 1 0.0103446617
FT 585 268559.428580346 135 134 1 0.00665057116
SW 585 268559.428580346 0 150 0 0 0
FT 586 268559.461916471 162 161 0 0.00472641428
FT 587 268559.495252596 161 148 0 0.0172602488
FT 588 268559.528588637 148 138 1 0.0223423662
SW 588 268559.528588637 0 150 0 0 0
FT 589 268559.561924554 155 151 0 0.0199169354
FT 590 268559.595260721 151 149 0 0.00990003922
FT 591 268559.628596846 149 146 1 0.0194151649
SW 591 268559.628596846 0 150 0 0 0
FT 592 268559.661932846 162 162 1 0.00967042508
FT 593 268559.695268887 162 159 0 0.0146342581
FT 594 268559.728605096 159 154 0 0.0140744663
SW 594 268559.728605096 1 72 249 128 2
FT 595 268559.761941054 166 162 1 0.00833727742
FT 596 268559.795277137 162 153 0 0.0120303006
FT 597 268559.825098202 153 138 0 0.0238669543
SW 597 268559.825098202 1 78 212 115 2
FT 598 268559.858074921 155 152 0 0.00545719397
FT 599 268559.891411296 152 150 0 0.0162550184
FT 600 268559.924747505 150 140 0 0.0144594464
SW 600 268559.924747505 1 126 205 66 2
FT 601 268559.958083838 157 147 0 0.0281349308
FT 602 268559.991420088 147 139 1 0.0231045012
FT 603 268560.024756380 139 138 1 0.0104900235
SW 603 268560.024756380 0 126 0 0 0
FT 604 268560.058092671 158 154 0 0.0128093356
FT 605 268560.091428963 154 151 1 0.0122478789
FT 606 268560.124765213 151 151 1 0.0126602382
SW 606 268560.124765213 0 126 0 0 0
FT 607 268560.158101588 161 159 1 0.012353481
FT 608 268560.191437838 159 157 1 0.0136284868
FT 609 268560.224774171 157 152 1 0.0111473953
SW 609 268560.224774171 0 126 0 0 0
FT 610 268560.258110421 160 157 1 0.0122992317
FT 611 268560.291446671 157 157 1 0.00980700055
FT 612 268560.324783046 157 156 1 0.0124868382
SW 612 268560.324783046 0 126 0 0 0
FT 613 268560.358119296 164 164 1 0.0108440835
FT 614 268560.391455630 164 155 0 0.0160992567
FT 615 268560.424791963 155 85 0 0.0424015375
SW 615 268560.424791963 1 65 207 113 2
FT 616 268560.458128255 122 42 0 0.0734594251
FT 617 268560.491464463 42 20 0 0.0828459704
FT 618 268560.524800838 20 16 0 0.0431735847
SW 618 268560.524800838 1 88 180 73 1
FT 619 268560.558136963 132 129 0 0.0113043411
FT 620 268560.591473338 129 121 0 0.0144335843
FT 621 268560.624809630 121 105 0 0.0351361323
SW 621 268560.624809630 1 181 253 64 0
FT 622 268560.658145921 142 127 0 0.0280923406
FT 623 268560.691482213 127 112 0 0.0273613612
FT 624 268560.724818546 112 94 0 0.0407335373
SW 624 268560.724818546 1 180 259 61 0
FT 625 268560.758154838 119 75 0 0.0517925362
FT 626 268560.791491130 75 47 0 0.0502119694
FT 627 268560.824827380 47 41 0 0.0490343282
SW 627 268560.824827380 1 157 252 44 0
FT 628 268560.858163713 76 63 0 0.0444249985
FT 629 268560.891500005 63 57 0 0.035494094
FT 630 268560.924836255 57 46 0 0.0337837327
SW 630 268560.924836255 1 112 222 39 0
FT 631 268560.958172588 129 113 0 0.0354550224
FT 632 268560.991508838 113 99 0 0.0351449053
FT 633 268561.024845130 99 85 0 0.0247368535
SW 633 268561.024845130 1 151 202 50 0
FT 634 268561.058181338 132 101 0 0.0109846173
FT 635 268561.091517713 101 70 0 0.0285335236
FT 636 268561.124853963 70 57 0 0.0311055852
SW 636 268561.124853963 1 133 215 54 0
FT 637 268561.158190213 98 85 0 0.00760124155
FT 638 268561.191526505 85 73 0 0.015192144
FT 639 268561.224862838 73 60 0 0.0333103571
SW 639 268561.224862838 1 92 209 57 0
FT 640 268561.258199130 93 76 0 0.0347466983
FT 641 268561.291535338 76 66 0 0.0273819868
FT 642 268561.324871630 66 49 0 0.0259309682
SW 642 268561.324871630 1 89 165 60 0
FT 643 268561.358207963 76 58 0 0.0327897044
FT 644 268561.391544255 58 48 0 0.0220096797
FT 645 268561.424880505 48 37 0 0.0271775463
SW 645 268561.424880505 1 91 161 58 0
FT 646 268561.458216838 85 71 0 0.0219416684
FT 647 268561.491553213 71 59 0 0.00970483262
FT 648 268561.524889421 59 55 0 0.0166058786
SW 648 268561.524889421 1 84 175 49 0
FT 649 268561.558225630 112 95 0 0.025609217
FT 650 268561.591561963 95 78 0 0.0174469703
FT 651 268561.624898213 78 71 0 0.0158051072
SW 651 268561.624898213 1 89 163 55 0
FT 652 268561.658234505 106 75 0 0.0230788959
FT 653 268561.691570713 75 60 0 0.0251560056
FT 654 268561.724907005 60 56 0 0.0191819319
SW 654 268561.724907005 1 77 158 54 0
FT 655 268561.758243296 102 87 0 0.0242707947
FT 656 268561.791579671 87 76 0 0.0223372921
FT 657 268561.824915921 76 72 0 0.0212360286
SW 657 268561.824915921 1 91 157 42 0
FT 658 268561.858252171 114 100 0 0.0209369315
FT 659 268561.891588421 100 87 0 0.0231426181
FT 660 268561.924924796 87 79 0 0.0261898504
SW 660 268561.924924796 1 111 157 38 0
FT 661 268561.958261088 132 110 0 0.0295137633
FT 662 268561.991597338 110 97 0 0.0293763634
FT 663 268562.024933630 97 93 0 0.0281907822
SW 663 268562.024933630 1 133 183 36 0
FT 664 268562.058269880 125 117 0 0.0238194161
FT 665 268562.091606171 117 106 0 0.0207116453
FT 666 268562.124942380 106 98 0 0.0208737029
SW 666 268562.124942380 1 114 189 46 0
FT 667 268562.158278671 133 128 0 0.01256877
FT 668 268562.191614921 128 123 0 0.0123036219
FT 669 268562.224951255 123 115 0 0.0191738289
SW 669 268562.224951255 1 134 188 44 0
FT 670 268562.258287463 138 123 0 0.0263916626
FT 671 268562.291623796 123 115 0 0.0268626651
FT 672 268562.324960130 115 111 0 0.022182584
SW 672 268562.324960130 1 139 192 36 0
FT 673 268562.358296296 141 136 0 0.00887423077
FT 674 268562.391632630 136 132 0 0.0114164885
FT 675 268562.424968963 132 125 0 0.013905683
SW 675 268562.424968963 1 143 198 35 0
FT 676 268562.458305213 137 131 0 0.00531596924
FT 677 268562.491641463 131 128 0 0.00834140645
FT 678 268562.524977755 128 121 0 0.0110836014
SW 678 268562.524977755 1 143 187 29 0
FT 679 268562.558314046 139 132 0 0.00712306485
FT 680 268562.591650338 132 127 0 0.0155768748
FT 681 268562.624986671 127 122 0 0.0140476849
SW 681 268562.624986671 1 157 187 19 0
FT 682 268562.658322838 141 133 0 0.0131395893
FT 683 268562.691659130 133 127 0 0.0120759651
FT 684 268562.724995421 127 123 0 0.00766963931
SW 684 268562.724995421 1 148 187 20 1
FT 685 268562.758331630 138 130 0 0.0133541934
FT 686 268562.791667921 130 122 0 0.00630461527
FT 687 268562.825004171 122 119 0 0.0137229701
SW 687 268562.825004171 1 149 179 20 1
FT 688 268562.858340421 133 126 0 0.0147155389
FT 689 268562.891676838 126 114 0 0.0178839656
FT 690 268562.925013130 114 103 0 0.0306553067
SW 690 268562.925013130 1 149 179 16 1
FT 691 268562.958349338 125 114 0 0.0233617339
FT 692 268562.991685630 114 107 0 0.0174169417
FT 693 268563.025021838 107 105 0 0.0187240372
SW 693 268563.025021838 1 149 183 19 1
FT 694 268563.058358088 124 122 0 0.0185533324
FT 695 268563.091694463 122 121 0 0.0207986554
FT 696 268563.125030671 121 118 0 0.0195970584
SW 696 268563.125030671 1 148 183 22 1
FT 697 268563.158366963 133 131 0 0.0212008598
FT 698 268563.191703255 131 120 0 0.0115273469
FT 699 268563.225039505 120 115 0 0.019860386
SW 699 268563.225039505 1 144 180 24 0
FT 700 268563.258375755 139 132 0 0.0214549005
FT 701 268563.291712005 132 128 0 0.0205779583
FT 702 268563.325048255 128 119 0 0.0183026634
SW 702 268563.325048255 1 125 183 33 0
FT 703 268563.358384505 146 131 0 0.0226287891
FT 704 268563.391720796 131 125 0 0.0279704254
FT 705 268563.425057088 125 118 0 0.0235450377
SW 705 268563.425057088 1 127 176 34 0
FT 706 268563.458393421 136 125 0 0.0251689805
FT 707 268563.491729671 125 120 0 0.0145129344
FT 708 268563.525065921 120 116 0 0.0226288577
SW 708 268563.525065921 1 134 172 37 0
FT 709 268563.558402171 146 143 0 0.0118444876
FT 710 268563.591738463 143 137 0 0.00631031669
FT 711 268563.625074713 137 135 0 0.0141314659
SW 711 268563.625074713 1 140 196 44 0
FT 712 268563.658411005 154 139 0 0.0294576406
FT 713 268563.691747255 139 137 0 0.0153224585
FT 714 268563.725083505 137 131 0 0.0246008954
SW 714 268563.725083505 1 141 196 44 0
FT 715 268563.758419796 144 135 0 0.0303226914
FT 716 268563.791756130 135 127 0 0.0338317737
FT 717 268563.825092380 127 122 0 0.0180812972
SW 717 268563.825092380 1 128 195 48 0
FT 718 268563.858428630 140 132 0 0.0152405863
FT 719 268563.891764796 132 126 0 0.0041580756
FT 720 268563.925101213 126 122 0 0.00876856796
SW 720 268563.925101213 1 115 187 59 0
FT 721 268563.958437463 144 139 0 0.00865727628
FT 722 268563.991773713 139 134 0 0.014635674
FT 723 268564.025109963 134 117 0 0.0272378108
SW 723 268564.025109963 1 119 191 66 0
FT 724 268564.058446255 144 135 0 0.025930447
FT 725 268564.091782505 135 127 0 0.0129766785
FT 726 268564.125118838 127 112 0 0.0228668731
SW 726 268564.125118838 1 118 204 70 0
FT 727 268564.158455005 139 127 0 0.0222196584
FT 728 268564.191791296 127 117 0 0.0311127021
FT 729 268564.225127630 117 108 0 0.0361019409
SW 729 268564.225127630 1 140 208 49 0
FT 730 268564.258463713 146 136 0 0.0396115907
FT 731 268564.291800171 136 130 0 0.0447391823
FT 732 268564.325136380 130 106 0 0.0564628074
SW 732 268564.325136380 1 159 211 41 0
FT 733 268564.358472755 133 110 0 0.0627352809
FT 734 268564.391809005 110 106 0 0.0345253363
FT 735 268564.425145255 106 101 0 0.0181268015
SW 735 268564.425145255 1 127 216 67 0
FT 736 268564.458481380 134 104 0 0.0631801744
FT 737 268564.491817713 104 79 0 0.0491082915
FT 738 268564.525154046 79 69 0 0.0368872599
SW 738 268564.525154046 1 138 209 47 0
FT 739 268564.558490213 125 109 0 0.0459552524
FT 740 268564.591826588 109 102 0 0.0668244728
FT 741 268564.625162838 102 86 0 0.0856343746
SW 741 268564.625162838 1 117 214 73 0
FT 742 268564.658499005 113 88 0 0.0740557185
FT 743 268564.691835255 88 66 0 0.0716322554
FT 744 268564.725171671 66 53 0 0.072852023
SW 744 268564.725171671 1 90 196 82 0
FT 745 268564.758507838 116 99 0 0.0274528382
FT 746 268564.791844088 99 87 0 0.0354871733
FT 747 268564.825180421 87 73 0 0.0406242939
SW 747 268564.825180421 1 110 202 71 0
FT 748 268564.858516755 114 87 0 0.0403039619
FT 749 268564.891852880 87 76 0 0.0506753782
FT 750 268564.925189296 76 69 0 0.0505346488
SW 750 268564.925189296 1 81 194 66 0
FT 751 268564.958525421 107 92 0 0.0501044093
FT 752 268564.991861671 92 84 0 0.0462516012
FT 753 268565.025197963 84 80 0 0.0226438147
SW 753 268565.025197963 1 83 168 69 0
FT 754 268565.058534255 108 101 0 0.0228872799
FT 755 268565.091870505 101 92 0 0.025297769
FT 756 268565.125206755 92 88 0 0.0310996067
SW 756 268565.125206755 1 38 169 96 0
FT 757 268565.158542921 111 102 0 0.0417566748
FT 758 268565.191879296 102 93 0 0.0477353221
FT 759 268565.225215463 93 82 0 0.0525311016
SW 759 268565.225215463 1 46 146 90 0
FT 760 268565.258551796 110 96 0 0.0509519919
FT 761 268565.291888088 96 92 0 0.0357061674
FT 762 268565.325224255 92 91 0 0.0295705434
SW 762 268565.325224255 1 53 157 87 0
FT 763 268565.358560588 120 110 1 0.0309027852
FT 764 268565.391896838 110 106 0 0.0274020016
FT 765 268565.425233171 106 101 0 0.022794451
SW 765 268565.425233171 1 65 159 84 0
FT 766 268565.458569380 119 105 0 0.025201473
FT 767 268565.491905713 105 101 0 0.025944621
FT 768 268565.525241880 101 91 0 0.0258435391
SW 768 268565.525241880 1 55 157 93 0
FT 769 268565.558578171 114 99 0 0.0138744959
FT 770 268565.591914380 99 91 0 0.0127336119
FT 771 268565.625250755 91 81 0 0.0224149681
SW 771 268565.625250755 1 68 163 77 0
FT 772 268565.658586880 104 95 0 0.0148977477
FT 773 268565.691923171 95 85 0 0.0187139759
FT 774 268565.725259380 85 72 0 0.0360041264
SW 774 268565.725259380 1 85 158 61 0
FT 775 268565.758595755 97 88 0 0.0296126841
FT 776 268565.791931963 88 80 0 0.0322161616
FT 777 268565.825268213 80 76 0 0.0267501801
SW 777 268565.825268213 1 93 163 61 0
FT 778 268565.858604463 97 81 0 0.0279265464
FT 779 268565.891940755 81 65 0 0.0305271186
FT 780 268565.925276963 65 59 0 0.0209594222
SW 780 268565.925276963 1 83 160 59 0
FT 781 268565.958613296 101 92 0 0.0211411198
FT 782 268565.991949588 92 79 0 0.0349780312
FT 783 268566.025285838 79 64 0 0.0428999353
SW 783 268566.025285838 1 81 164 58 0
FT 784 268566.058622005 102 84 0 0.0295172605
FT 785 268566.091958255 84 71 0 0.0264733482
FT 786 268566.125294546 71 65 0 0.0259785274
SW 786 268566.125294546 1 87 162 53 0
FT 787 268566.158630713 97 83 0 0.0206249043
FT 788 268566.191967046 83 62 0 0.0248254332
FT 789 268566.225303338 62 42 0 0.0391102546
SW 789 268566.225303338 1 74 147 60 0
FT 790 268566.258639546 75 60 0 0.0316348841
FT 791 268566.291975796 60 54 0 0.0304074666
FT 792 268566.325312088 54 51 0 0.0341164418
SW 792 268566.325312088 1 82 155 50 0
FT 793 268566.362463346 86 73 0 0.0393741156
FT 794 268566.395769012 73 62 0 0.0418337592
FT 795 268566.429105012 62 52 0 0.0362534969
SW 795 268566.429105012 1 82 146 47 0
FT 796 268566.462441012 90 80 0 0.0362533258
FT 797 268566.495777054 80 70 0 0.0399805547
FT 798 268566.529113137 70 63 0 0.0421727692
SW 798 268566.529113137 1 85 150 43 0
FT 799 268566.562449096 90 81 0 0.0332968486
FT 800 268566.595785137 81 77 0 0.021695761
FT 801 268566.629121304 77 74 0 0.0274525794
SW 801 268566.629121304 1 42 147 75 0
FT 802 268566.662457137 96 84 0 0.0337111886
FT 803 268566.695793137 84 76 0 0.0394551048
FT 804 268566.729129262 76 68 0 0.0275377037
SW 804 268566.729129262 1 40 125 73 0
FT 805 268566.762465346 90 77 0 0.0305514796
FT 806 268566.795801221 77 69 0 0.0392323036
FT 807 268566.829137221 69 58 0 0.0354282106
SW 807 268566.829137221 1 34 121 74 0
FT 808 268566.862473304 75 60 0 0.0259097083
FT 809 268566.895809262 60 52 0 0.014723252
FT 810 268566.929145387 52 46 0 0.0111942435
SW 810 268566.929145387 1 28 114 76 0
FT 811 268566.962481387 77 51 0 0.0139348918
FT 812 268566.995817387 51 36 0 0.029048705
FT 813 268567.029153387 36 27 0 0.0331496079
SW 813 268567.029153387 1 25 112 79 0
FT 814 268567.062489387 74 51 0 0.0155552699
FT 815 268567.095825429 51 37 0 0.00417446119
FT 816 268567.129161387 37 36 0 0.0232530361
SW 816 268567.129161387 1 35 122 73 0
FT 817 268567.162497429 86 68 0 0.0221383967
FT 818 268567.195833512 68 59 0 0.0189479325
FT 819 268567.229169471 59 56 0 0.016977337
SW 819 268567.229169471 1 52 137 67 0
FT 820 268567.262505387 109 90 0 0.0309690325
FT 821 268567.295841554 90 83 0 0.0113134611
FT 822 268567.329177429 83 81 0 0.00590244413
SW 822 268567.329177429 1 47 145 80 0
FT 823 268567.362513429 127 115 0 0.00896268082
FT 824 268567.395849512 115 91 0 0.0186573679
FT 825 268567.429185596 91 77 0 0.014364396
SW 825 268567.429185596 1 46 144 71 0
FT 826 268567.462521637 110 99 0 0.0154349662
FT 827 268567.495857512 99 87 0 0.0297998238
FT 828 268567.529193554 87 78 0 0.0391331374
SW 828 268567.529193554 1 37 128 81 1
FT 829 268567.562529596 100 83 0 0.0285846783
FT 830 268567.595865596 83 63 0 0.0313799077
FT 831 268567.629201679 63 44 0 0.0482735984
SW 831 268567.629201679 1 37 122 75 1
FT 832 268567.662537554 122 77 0 0.0271674328
FT 833 268567.695873596 77 58 0 0.0246835558
FT 834 268567.729209637 58 54 0 0.0269345146
SW 834 268567.729209637 1 52 136 82 1
FT 835 268567.762545721 103 74 0 0.0241808841
FT 836 268567.795881637 74 56 0 0.0277199318
FT 837 268567.829217637 56 43 0 0.0254900137
SW 837 268567.829217637 1 40 143 80 1
FT 838 268567.862553721 103 66 0 0.0107202833
FT 839 268567.895889721 66 57 0 0.0169707792
FT 840 268567.929225762 57 51 0 0.0229759983
SW 840 268567.929225762 1 51 140 80 0
FT 841 268567.962561846 98 70 0 0.0233723799
FT 842 268567.995897721 70 56 0 0.0212104522
FT 843 268568.029233804 56 50 0 0.0207078196
SW 843 268568.029233804 1 45 145 63 0
FT 844 268568.062569762 102 78 0 0.0292562168
FT 845 268568.095905762 78 67 0 0.0327667841
FT 846 268568.129241804 67 61 0 0.0292914558
SW 846 268568.129241804 1 56 129 60 0
FT 847 268568.162577887 94 73 0 0.0271798824
FT 848 268568.195913846 73 62 0 0.0303424334
FT 849 268568.229249887 62 50 0 0.0363480091
SW 849 268568.229249887 1 46 122 57 0
FT 850 268568.262585679 87 51 0 0.0450535011
FT 851 268568.295921762 51 37 0 0.0648994897
FT 852 268568.329257929 37 32 0 0.0633150444
SW 852 268568.329257929 1 48 106 47 0
FT 853 268568.362593887 63 39 0 0.0396444545
FT 854 268568.395929887 39 33 0 0.0318596806
FT 855 268568.429265971 33 32 0 0.0318955277
SW 855 268568.429265971 1 42 102 45 0
FT 856 268568.462601929 68 43 0 0.0256133632
FT 857 268568.495937887 43 33 0 0.0290214683
FT 858 268568.529273929 33 25 0 0.00832457498
SW 858 268568.529273929 1 47 98 41 0
FT 859 268568.562609846 67 49 0 0.0350437515
FT 860 268568.595945804 49 41 0 0.032515548
FT 861 268568.629281929 41 38 0 0.0149956422
SW 861 268568.629281929 1 56 107 34 0
FT 862 268568.662617887 81 60 0 0.0126061902
FT 863 268568.695953929 60 48 0 0.0195769149
FT 864 268568.729289887 48 44 0 0.025470382
SW 864 268568.729289887 1 45 105 39 0
FT 865 268568.762625846 95 68 0 0.0443430115
FT 866 268568.795961846 68 30 0 0.0740520616
FT 867 268568.829297929 30 14 0 0.0441338357
SW 867 268568.829297929 1 35 85 43 0
FT 868 268568.862633887 52 30 0 0.0180853472
FT 869 268568.895969887 30 22 0 0.0251559347
FT 870 268568.929305929 22 12 0 0.00635791493
SW 870 268568.929305929 1 33 83 32 0
FT 871 268568.962641804 52 31 0 0.0140272607
FT 872 268568.995977846 31 25 0 0.00825611279
FT 873 268569.029313929 25 18 0 0.0138578765
SW 873 268569.029313929 1 37 77 34 0
FT 874 268569.062649929 54 34 0 0.010066765
FT 875 268569.095985929 34 30 0 0.0165769359
FT 876 268569.129321887 30 30 0 0.0323700682
SW 876 268569.129321887 1 35 84 40 0
FT 877 268569.162657971 72 62 0 0.0358277993
FT 878 268569.195993929 62 59 0 0.0276632838
FT 879 268569.229329887 59 50 0 0.0226781636
SW 879 268569.229329887 1 27 99 41 0
FT 880 268569.262665929 97 72 0 0.0256448862
FT 881 268569.296001971 72 66 0 0.0293118695
FT 882 268569.329337846 66 47 0 0.03459453
SW 882 268569.329337846 1 22 80 51 0
FT 883 268569.362673887 93 62 0 0.028587299
FT 884 268569.396009887 62 53 0 0.0138698658
FT 885 268569.429345971 53 44 0 0.0117196548
SW 885 268569.429345971 1 16 88 66 0
FT 886 268569.462681887 88 75 0 0.00311577399
FT 887 268569.496017846 75 47 0 0.0268845234
FT 888 268569.529353846 47 35 0 0.0467471084
SW 888 268569.529353846 1 18 95 76 0
FT 889 268569.562689971 76 47 0 0.0448031992
FT 890 268569.596025804 47 35 0 0.0297064298
FT 891 268569.629361887 35 30 0 0.012954608
SW 891 268569.629361887 1 19 106 83 0
FT 892 268569.662697929 104 83 0 0.0134665084
FT 893 268569.696033971 83 69 0 0.0159512379
FT 894 268569.729369929 69 65 0 0.0117032114
SW 894 268569.729369929 1 44 141 82 0
FT 895 268569.762706012 109 98 0 0.00674305574
FT 896 268569.796041929 98 88 0 0.00225875603
FT 897 268569.829377887 88 72 0 0.0206621126
SW 897 268569.829377887 1 30 148 100 0
FT 898 268569.862713887 96 67 0 0.0348865433
FT 899 268569.896050054 67 55 0 0.0172875907
