FT 2 268539.987839463 153 152 1 0.0024973386
FT 3 268540.021175921 160 157 1 0.00337932692
FT 4 268540.054512546 163 161 1 0.00258262174
FT 5 268540.087849130 166 163 1 0.00303266997
FT 6 268540.121185546 163 163 1 0.00119431631
FT 7 268540.154522088 165 165 1 0.00225807563
FT 8 268540.187858713 167 164 1 0.00171379713
FT 9 268540.221195171 168 166 1 0.00164414626
FT 10 268540.254531755 170 168 0 0.0013238571
FT 11 268540.287868338 172 171 1 0.00174059001
FT 12 268540.321204755 173 172 1 0.00236892092
FT 13 268540.354541296 178 171 1 0.00777536119
FT 14 268540.387877880 174 167 0 0.0075401665
FT 15 268540.421214338 169 165 1 0.00911250908
FT 16 268540.454550921 169 168 1 0.00786762706
FT 17 268540.487887463 169 163 0 0.00652438763
FT 18 268540.521223963 168 166 0 0.0066855446
FT 19 268540.554560463 168 166 0 0.00542357876
FT 20 268540.587896921 173 167 0 0.00485185663
FT 21 268540.621233546 172 165 0 0.0085519641
FT 22 268540.654570130 170 167 0 0.00959792244
FT 23 268540.687906546 172 170 0 0.00312949379
FT 24 268540.721243088 172 156 0 0.0214805935
FT 25 268540.754579671 163 149 0 0.0317227185
FT 26 268540.787916130 166 163 0 0.0133783697
FT 27 268540.821252713 170 160 0 0.0131741522
FT 28 268540.854589296 167 164 0 0.00460492813
FT 29 268540.887925755 171 170 1 0.00826534041
FT 30 268540.921262338 175 169 0 0.0121419171
FT 31 268540.954598921 172 158 0 0.0160096555
FT 32 268540.987935338 163 153 0 0.00967554142
FT 33 268541.021271880 159 155 1 0.0114136076
FT 34 268541.054608421 159 155 0 0.00456350114
FT 35 268541.087944921 161 156 0 0.0042588221
FT 36 268541.121281421 158 154 0 0.00840030916
INIT 268539.954503005 268541.121281421 8 0.234149528 7.70974907 0.336464532 6.05119369 -0.0011555047 -0.00505759437 0.00519956677 0 0 0
FT 37 268541.154618005 159 153 1 0.0127109444
FT 38 268541.187954505 153 151 1 0.00517860897
FT 39 268541.221291005 151 146 1 0.00639722259
SW 39 268541.221291005 0 221 0 0 0
FT 40 268541.254627505 152 148 1 0.015583352
FT 41 268541.287964046 148 141 0 0.0146060624
FT 42 268541.321300588 141 130 1 0.0158452719
SW 42 268541.321300588 0 221 0 0 0
FT 43 268541.354637130 143 138 1 0.0238491875
FT 44 268541.387973588 138 135 1 0.0206386179
FT 45 268541.421310130 135 126 1 0.0144098134
SW 45 268541.421310130 0 221 0 0 0
FT 46 268541.454646630 135 134 1 0.0120940546
FT 47 268541.487983171 134 134 0 0.0114841404
FT 48 268541.521319588 134 134 1 0.00955634577
SW 48 268541.521319588 0 221 0 0 0
FT 49 268541.554656171 145 140 0 0.00920403742
FT 50 268541.587992630 140 137 1 0.0094965656
FT 51 268541.621329046 137 135 0 0.0101834708
SW 51 268541.621329046 1 167 251 28 0
FT 52 268541.654665588 141 140 0 0.00757801752
FT 53 268541.688002005 140 136 0 0.0104844058
FT 54 268541.721338588 136 135 0 0.00748360437
SW 54 268541.721338588 1 162 199 30 0
FT 55 268541.754675130 142 141 0 0.00945494558
FT 56 268541.788011588 141 135 0 0.0102610059
FT 57 268541.821348005 135 132 0 0.00725840784
SW 57 268541.821348005 1 153 195 27 0
FT 58 268541.854684505 138 137 0 0.00528383203
FT 59 268541.888021005 137 135 0 0.00296518302
FT 60 268541.921357463 135 131 0 0.00939611571
SW 60 268541.921357463 1 125 185 24 0
FT 61 268541.954693880 148 143 0 0.00833832078
FT 62 268541.988030463 143 137 0 0.00787276643
FT 63 268542.021366880 137 135 0 0.0101979039
SW 63 268542.021366880 1 154 164 8 0
FT 64 268542.054703338 138 137 0 0.0142351885
FT 65 268542.088039880 137 130 0 0.0150874813
FT 66 268542.121376296 130 124 0 0.0113851135
SW 66 268542.121376296 1 152 164 8 0
FT 67 268542.154712838 143 139 0 0.0102421665
FT 68 268542.188049338 139 137 0 0.00997237572
FT 69 268542.221385796 137 134 0 0.0107725657
SW 69 268542.221385796 1 162 175 7 0
FT 70 268542.254722171 153 144 0 0.00650935171
FT 71 268542.288058671 144 141 0 0.00801007706
FT 72 268542.321395046 141 134 0 0.0233072846
SW 72 268542.321395046 1 171 183 6 0
FT 73 268542.354731671 145 135 0 0.0228957203
FT 74 268542.388068088 135 125 0 0.0102535783
FT 75 268542.421404505 125 115 0 0.00692693964
SW 75 268542.421404505 1 165 182 6 0
FT 76 268542.454740921 134 129 0 0.00555206118
FT 77 268542.488077421 129 119 0 0.023641139
FT 78 268542.521413838 119 116 0 0.0201606856
SW 78 268542.521413838 1 159 181 9 0
FT 79 268542.554750380 138 127 0 0.00795488464
FT 80 268542.588086921 127 112 0 0.0126822925
FT 81 268542.621423296 112 110 0 0.00944949845
SW 81 268542.621423296 1 163 180 12 0
FT 82 268542.654759838 139 136 0 0.00801706393
FT 83 268542.688096338 136 127 0 0.0106239322
FT 84 268542.721432755 127 124 0 0.00701686675
SW 84 268542.721432755 1 169 197 14 0
FT 85 268542.754769130 149 145 0 0.00621799572
FT 86 268542.788105755 145 140 0 0.00757372862
FT 87 268542.821442088 140 137 0 0.00655637851
SW 87 268542.821442088 1 163 204 17 0
FT 88 268542.854778588 149 144 1 0.00377594803
FT 89 268542.888115046 144 138 0 0.00394822623
FT 90 268542.921451463 138 129 0 0.00984072759
SW 90 268542.921451463 1 161 187 17 0
FT 91 268542.954787921 140 122 0 0.0204301675
FT 92 268542.988124380 122 115 0 0.0234259713
FT 93 268543.021460921 115 110 0 0.00978979197
SW 93 268543.021460921 1 151 185 16 0
FT 94 268543.054797255 139 139 0 0.0128362593
FT 95 268543.088133713 139 135 1 0.0145505026
FT 96 268543.121470213 135 131 0 0.00961391526
SW 96 268543.121470213 1 172 194 14 0
FT 97 268543.154806713 146 142 0 0.00779223982
FT 98 268543.188143130 142 141 1 0.00629823858
FT 99 268543.221479630 141 139 1 0.00746238141
SW 99 268543.221479630 0 172 0 0 0
FT 100 268543.254816088 148 141 0 0.00852617779
FT 101 268543.288152505 141 135 0 0.0113703379
FT 102 268543.321489005 135 125 0 0.0148607873
SW 102 268543.321489005 1 168 204 13 0
FT 103 268543.354825505 143 137 0 0.0161719182
FT 104 268543.388161838 137 126 0 0.0109059755
FT 105 268543.421498255 126 119 0 0.00671925362
SW 105 268543.421498255 1 160 193 7 0
FT 106 268543.454834713 130 119 0 0.0143714363
FT 107 268543.488171171 119 113 0 0.0147092089
FT 108 268543.521507713 113 104 0 0.018057373
SW 108 268543.521507713 1 153 172 13 0
FT 109 268543.554844130 121 112 0 0.0223510437
FT 110 268543.588180546 112 110 0 0.00579980873
FT 111 268543.621517005 110 106 0 0.0227443852
SW 111 268543.621517005 1 156 178 17 0
FT 112 268543.654853505 123 112 0 0.0234819072
FT 113 268543.688189880 112 110 0 0.0145670151
FT 114 268543.721526421 110 108 0 0.0207540802
SW 114 268543.721526421 1 143 184 22 0
FT 115 268543.754862838 130 121 0 0.0210845865
FT 116 268543.788199338 121 117 0 0.0132910967
FT 117 268543.821535755 117 107 0 0.0245179292
SW 117 268543.821535755 1 138 180 24 0
FT 118 268543.854872213 123 112 0 0.0146686961
FT 119 268543.888208671 112 109 0 0.013505763
FT 120 268543.921545005 109 107 0 0.0133765023
SW 120 268543.921545005 1 128 171 23 0
FT 121 268543.954881588 124 119 0 0.01616723
FT 122 268543.988217880 119 113 0 0.0120991518
FT 123 268544.021554421 113 111 0 0.0175156861
SW 123 268544.021554421 1 131 164 23 0
FT 124 268544.054890921 128 115 0 0.0202585272
FT 125 268544.088227296 115 111 0 0.0104689117
FT 126 268544.121563755 111 107 0 0.0151522774
SW 126 268544.121563755 1 137 168 22 0
FT 127 268544.154900213 124 120 0 0.0119058475
FT 128 268544.188236671 120 117 0 0.0111984877
FT 129 268544.221573046 117 114 0 0.00788518995
SW 129 268544.221573046 1 137 173 20 0
FT 130 268544.254909505 129 122 0 0.00861998593
FT 131 268544.288246046 122 114 0 0.0175420597
FT 132 268544.321582421 114 112 0 0.0052961975
SW 132 268544.321582421 1 137 166 20 0
FT 133 268544.354918921 125 122 0 0.0111048602
FT 134 268544.388255213 122 118 0 0.0194964856
FT 135 268544.421591713 118 117 0 0.00561094216
SW 135 268544.421591713 1 143 168 16 0
FT 136 268544.454928213 131 127 0 0.00709128401
FT 137 268544.488264671 127 122 0 0.0035600837
FT 138 268544.521601088 122 122 0 0.00151456508
SW 138 268544.521601088 1 136 171 17 0
FT 139 268544.554937546 131 128 0 0.0101922679
FT 140 268544.588273921 128 120 0 0.0151014854
FT 141 268544.621610380 120 119 0 0.00651105888
SW 141 268544.621610380 1 132 158 19 0
FT 142 268544.654946880 132 124 0 0.0141476006
FT 143 268544.688283255 124 120 0 0.00925662178
FT 144 268544.721619671 120 117 0 0.00427645538
SW 144 268544.721619671 1 132 160 17 0
FT 145 268544.754956255 129 126 0 0.00950469719
FT 146 268544.788292588 126 125 0 0.0146798592
FT 147 268544.821629130 125 125 0 0.00773856395
SW 147 268544.821629130 1 138 159 15 0
FT 148 268544.854965421 129 123 0 0.00992310732
FT 149 268544.888301921 123 120 0 0.0194097608
FT 150 268544.921638338 120 117 0 0.00981194587
SW 150 268544.921638338 1 136 156 13 0
FT 151 268544.954974796 124 123 0 0.0115517377
FT 152 268544.988311296 123 117 0 0.0196062689
FT 153 268545.021647671 117 114 0 0.0167583261
SW 153 268545.021647671 1 131 154 15 0
FT 154 268545.054984088 125 123 0 0.0129231955
FT 155 268545.088320505 123 119 0 0.013584501
FT 156 268545.121656963 119 117 0 0.0150929747
SW 156 268545.121656963 1 128 154 15 0
FT 157 268545.154993421 130 129 0 0.0133302356
FT 158 268545.188329755 129 123 0 0.0180334042
FT 159 268545.221666213 123 114 0 0.0259217986
SW 159 268545.221666213 1 133 151 16 0
FT 160 268545.255002671 128 121 0 0.0303955113
FT 161 268545.288339088 121 115 0 0.0330474218
FT 162 268545.321675588 115 112 0 0.0337517399
SW 162 268545.321675588 1 132 160 17 0
FT 163 268545.355011921 130 118 0 0.0261630709
FT 164 268545.388348421 118 114 0 0.0222462623
FT 165 268545.421684838 114 109 0 0.0182682479
SW 165 268545.421684838 1 137 162 17 0
FT 166 268545.455021213 128 125 0 0.0120907162
FT 167 268545.488357671 125 120 0 0.0172372554
FT 168 268545.521694088 120 119 0 0.0194847912
SW 168 268545.521694088 1 146 170 19 0
FT 169 268545.555030505 134 130 0 0.0151311583
FT 170 268545.588366921 130 128 0 0.0128098652
FT 171 268545.621703380 128 125 0 0.0167228059
SW 171 268545.621703380 1 145 175 19 0
FT 172 268545.655039838 139 137 0 0.0113302802
FT 173 268545.688376255 137 134 0 0.00789669144
FT 174 268545.721712671 134 129 0 0.0158511463
SW 174 268545.721712671 1 147 174 14 0
FT 175 268545.755049005 140 136 0 0.0218293282
FT 176 268545.788385421 136 132 0 0.0249785172
FT 177 268545.821721963 132 129 1 0.0343602593
SW 177 268545.821721963 0 147 0 0 0
FT 178 268545.855058338 143 142 1 0.0351924356
FT 179 268545.888394755 142 137 0 0.0243413802
FT 180 268545.921731130 137 132 0 0.0204626179
SW 180 268545.921731130 1 147 182 13 0
FT 181 268545.955067546 145 131 0 0.0311831557
FT 182 268545.988403963 131 123 0 0.0369900584
FT 183 268546.021740463 123 119 0 0.0288522285
SW 183 268546.021740463 1 155 168 9 0
FT 184 268546.055076796 147 146 0 0.0140318916
FT 185 268546.088413296 146 144 0 0.0144213402
FT 186 268546.121749630 144 141 0 0.0174366162
SW 186 268546.121749630 1 167 186 13 0
FT 187 268546.155086130 150 147 0 0.0172176262
FT 188 268546.188422546 147 146 0 0.0182845319
FT 189 268546.221758921 146 144 0 0.0256516267
SW 189 268546.221758921 1 167 188 12 0
FT 190 268546.255095338 152 150 0 0.0227482691
FT 191 268546.288431796 150 144 0 0.0177983953
FT 192 268546.321768213 144 140 0 0.0249717618
SW 192 268546.321768213 1 166 185 10 0
FT 193 268546.355104546 152 146 0 0.0273628197
FT 194 268546.388441005 146 135 0 0.0165076859
FT 195 268546.421777380 135 129 0 0.0172441626
SW 195 268546.421777380 1 149 183 13 0
FT 196 268546.455113880 142 135 0 0.0375313575
FT 197 268546.488450171 135 132 0 0.0323422422
FT 198 268546.521786713 132 125 0 0.0191304579
SW 198 268546.521786713 1 158 171 13 0
FT 199 268546.555123130 146 135 0 0.0189792889
FT 200 268546.588459463 135 124 0 0.0206227709
FT 201 268546.621795963 124 120 0 0.011994534
SW 201 268546.621795963 1 159 181 17 0
FT 202 268546.655132380 143 138 0 0.0114704529
FT 203 268546.688468630 138 135 0 0.0109624958
FT 204 268546.721805088 135 130 0 0.00860043031
SW 204 268546.721805088 1 166 193 17 0
FT 205 268546.755141463 148 146 0 0.0131036663
FT 206 268546.788477921 146 134 0 0.0150895235
FT 207 268546.821814380 134 129 0 0.0165350025
SW 207 268546.821814380 1 162 194 14 0
FT 208 268546.855150755 146 145 0 0.0162189526
FT 209 268546.888487088 145 141 0 0.012266461
FT 210 268546.921823546 141 137 0 0.00991232356
SW 210 268546.921823546 1 159 189 17 0
FT 211 268546.955159921 146 145 0 0.0122441825
FT 212 268546.988496380 145 138 0 0.014879795
FT 213 268547.021832755 138 134 0 0.0207535128
SW 213 268547.021832755 1 147 182 20 0
FT 214 268547.055169213 146 140 0 0.0215421453
FT 215 268547.088505546 140 136 0 0.0232967644
FT 216 268547.121842088 136 131 0 0.024567253
SW 216 268547.121842088 1 153 177 17 0
FT 217 268547.155178338 143 138 0 0.0263328583
FT 218 268547.188514755 138 132 0 0.027768776
FT 219 268547.221851213 132 126 0 0.026303255
SW 219 268547.221851213 1 150 180 18 0
FT 220 268547.255187546 142 136 0 0.0239027865
FT 221 268547.288524046 136 131 0 0.0307155626
FT 222 268547.321860380 131 127 0 0.034069848
SW 222 268547.321860380 1 156 181 20 0
FT 223 268547.355196796 142 133 0 0.0346289306
FT 224 268547.388533130 133 125 0 0.0273412703
FT 225 268547.421869588 125 113 0 0.0284858293
SW 225 268547.421869588 1 152 182 21 0
FT 226 268547.455205880 135 124 0 0.0380033041
FT 227 268547.488542338 124 122 0 0.0349749386
FT 228 268547.521878838 122 113 0 0.0332956517
SW 228 268547.521878838 1 158 190 19 0
FT 229 268547.555215213 133 126 0 0.0411654713
FT 230 268547.588551588 126 118 0 0.0412832888
FT 231 268547.621887880 118 112 0 0.043535478
SW 231 268547.621887880 1 159 190 16 0
FT 232 268547.655224296 139 132 0 0.0438745686
FT 233 268547.688560796 132 117 0 0.0434680797
FT 234 268547.721897213 117 105 0 0.0384924422
SW 234 268547.721897213 1 164 190 14 0
FT 235 268547.755233671 147 136 0 0.0214032254
FT 236 268547.788569921 136 112 0 0.0209803013
FT 237 268547.821906380 112 96 0 0.0382686979
SW 237 268547.821906380 1 161 193 12 0
FT 238 268547.855242713 138 110 0 0.0360836816
FT 239 268547.888579171 110 99 0 0.0360770796
FT 240 268547.921915505 99 94 0 0.0241535358
SW 240 268547.921915505 1 170 196 9 0
FT 241 268547.955251921 137 131 0 0.0116319181
FT 242 268547.988588338 131 117 0 0.0133150837
FT 243 268548.021924755 117 106 0 0.0144951821
SW 243 268548.021924755 1 177 201 10 0
FT 244 268548.055261046 131 116 0 0.00874606984
FT 245 268548.088597505 116 99 0 0.0164499491
FT 246 268548.121933880 99 81 0 0.0326423693
SW 246 268548.121933880 1 156 192 14 0
FT 247 268548.155270296 115 83 0 0.0383489259
FT 248 268548.188606713 83 71 0 0.0327044752
FT 249 268548.221943046 71 55 0 0.0397157722
SW 249 268548.221943046 1 136 179 19 0
FT 250 268548.255279421 87 62 0 0.0447103249
FT 251 268548.288615838 62 52 0 0.0364148257
FT 252 268548.321952296 52 47 0 0.029598432
SW 252 268548.321952296 1 120 170 25 0
FT 253 268548.355288588 82 71 0 0.0145584767
FT 254 268548.388625046 71 67 0 0.0147159536
FT 255 268548.425776346 67 63 0 0.0184741065
SW 255 268548.425776346 1 135 167 22 0
FT 256 268548.459082179 129 115 0 0.00656256254
FT 257 268548.492418221 115 100 0 0.0160025582
FT 258 268548.525754387 100 85 0 0.0148376129
SW 258 268548.525754387 1 138 195 27 0
FT 259 268548.559090596 114 111 0 0.0205434091
FT 260 268548.592426804 111 101 0 0.0127893201
FT 261 268548.625763012 101 97 0 0.0106268152
SW 261 268548.625763012 1 120 185 30 0
FT 262 268548.659099096 133 114 0 0.0311425814
FT 263 268548.692435221 114 101 0 0.0345443108
FT 264 268548.725771346 101 94 0 0.0330293525
SW 264 268548.725771346 1 111 167 33 0
FT 265 268548.759107637 130 121 0 0.0260927311
FT 266 268548.792443762 121 116 0 0.0162831671
FT 267 268548.825779804 116 112 0 0.00394233675
SW 267 268548.825779804 1 135 175 33 0
FT 268 268548.859115929 136 134 0 0.00669533617
FT 269 268548.892452179 134 129 0 0.00362928902
FT 270 268548.925788304 129 122 0 0.0178372607
SW 270 268548.925788304 1 147 190 28 0
FT 271 268548.959124346 150 136 0 0.025697415
FT 272 268548.992460637 136 126 0 0.017817891
FT 273 268549.025796804 126 120 0 0.0120974866
SW 273 268549.025796804 1 159 189 22 0
FT 274 268549.059132929 139 126 0 0.0229280125
FT 275 268549.092469054 126 114 0 0.0219299599
FT 276 268549.125805137 114 31 0 0.0755379203
SW 276 268549.125805137 1 137 184 27 0
FT 277 268549.159141387 105 72 0 0.0690634911
FT 278 268549.192477471 72 52 0 0.052986469
FT 279 268549.222298660 52 48 0 0.0267171786
SW 279 268549.222298660 1 143 189 33 0
FT 280 268549.255615577 130 113 0 0.0283277751
FT 281 268549.288592338 113 102 0 0.0195051777
FT 282 268549.321928671 102 101 0 0.018103349
SW 282 268549.321928671 1 181 224 31 0
FT 283 268549.355265005 136 132 0 0.0150101908
FT 284 268549.388601421 132 121 0 0.0111710661
FT 285 268549.421937796 121 118 0 0.0278168643
SW 285 268549.421937796 1 191 245 38 0
FT 286 268549.455274171 144 138 0 0.0186679004
FT 287 268549.488610546 138 133 0 0.0127789206
FT 288 268549.521946921 133 126 0 0.0153051302
SW 288 268549.521946921 1 121 249 36 0
FT 289 268549.555283380 150 147 0 0.0205158447
FT 290 268549.588619713 147 140 0 0.0189845893
FT 291 268549.621956088 140 135 0 0.0231882862
SW 291 268549.621956088 1 136 177 30 0
FT 292 268549.655292380 160 153 0 0.0241218686
FT 293 268549.688628880 153 146 0 0.0194406413
FT 294 268549.721965255 146 139 0 0.0120086381
SW 294 268549.721965255 1 151 184 29 0
FT 295 268549.755301505 156 154 0 0.0115053652
FT 296 268549.788637963 154 138 0 0.01936178
FT 297 268549.821974338 138 135 0 0.0184246264
SW 297 268549.821974338 1 166 191 20 0
FT 298 268549.855310630 168 162 0 0.0189001274
FT 299 268549.888647130 162 148 0 0.0188398223
FT 300 268549.921983421 148 142 0 0.0214516141
SW 300 268549.921983421 1 180 210 19 0
FT 301 268549.955319838 161 149 0 0.0273950332
FT 302 268549.988656255 149 133 0 0.0331567105
FT 303 268550.021992546 133 124 0 0.0234494547
SW 303 268550.021992546 1 175 209 23 0
FT 304 268550.055329005 157 143 0 0.0194645253
FT 305 268550.088665380 143 126 0 0.0324673872
FT 306 268550.122001713 126 112 0 0.0320278712
SW 306 268550.122001713 1 178 215 23 0
FT 307 268550.155338130 133 121 0 0.0246800607
FT 308 268550.188674421 121 110 0 0.0254967441
FT 309 268550.222010755 110 100 0 0.032630154
SW 309 268550.222010755 1 170 210 25 0
FT 310 268550.255347213 132 111 0 0.0300894096
FT 311 268550.288683588 111 99 0 0.0283712648
FT 312 268550.322019921 99 88 0 0.0320146008
SW 312 268550.322019921 1 162 204 25 0
FT 313 268550.355356380 121 107 0 0.0251750163
FT 314 268550.388692630 107 98 0 0.0166952219
FT 315 268550.422029088 98 89 0 0.0161125167
SW 315 268550.422029088 1 145 203 30 0
FT 316 268550.455365505 114 103 0 0.0136767811
FT 317 268550.488701796 103 93 0 0.00313579835
FT 318 268550.522038213 93 86 0 0.00757443273
SW 318 268550.522038213 1 127 188 32 0
FT 319 268550.555374630 117 99 0 0.0211589531
FT 320 268550.588710838 99 91 0 0.0176826979
FT 321 268550.622047338 91 81 0 0.0213159464
SW 321 268550.622047338 1 124 172 27 0
FT 322 268550.655383755 111 95 0 0.0145360723
FT 323 268550.688720005 95 88 0 0.0129454138
FT 324 268550.722056421 88 76 0 0.0276790986
SW 324 268550.722056421 1 118 162 23 0
FT 325 268550.755392713 102 85 0 0.0306287298
FT 326 268550.788729130 85 81 0 0.0191813103
FT 327 268550.822065505 81 77 0 0.0131382588
SW 327 268550.822065505 1 101 152 36 0
FT 328 268550.855401880 95 88 0 0.0212238554
FT 329 268550.888738296 88 78 0 0.0276509159
FT 330 268550.922074713 78 69 0 0.0383830503
SW 330 268550.922074713 1 95 145 34 0
FT 331 268550.955411005 97 93 0 0.0199667389
FT 332 268550.988747421 93 89 0 0.026435066
FT 333 268551.022083796 89 51 0 0.0563265982
SW 333 268551.022083796 1 71 132 43 0
FT 334 268551.055420171 89 62 0 0.0700072913
FT 335 268551.088756546 62 56 0 0.0230069046
FT 336 268551.122092921 56 56 0 0.0182145679
SW 336 268551.122092921 1 68 130 46 0
FT 337 268551.155429213 107 95 0 0.0187217872
FT 338 268551.188765546 95 89 0 0.0123205193
FT 339 268551.222101963 89 87 0 0.00502775769
SW 339 268551.222101963 1 95 151 46 0
FT 340 268551.255438296 118 115 0 0.00290980177
FT 341 268551.288774671 115 114 0 0.00470480381
FT 342 268551.322111005 114 112 0 0.0043863356
SW 342 268551.322111005 1 106 168 46 0
FT 343 268551.355447421 130 126 0 0.00225740549
FT 344 268551.388783755 126 118 0 0.00665129518
FT 345 268551.422120171 118 115 0 0.0048661029
SW 345 268551.422120171 1 100 166 45 0
FT 346 268551.455456421 128 123 0 0.0135881339
FT 347 268551.488792880 123 116 0 0.0155348421
FT 348 268551.522129213 116 115 0 0.00948211804
SW 348 268551.522129213 1 92 156 53 0
FT 349 268551.555465630 125 116 0 0.00427419511
FT 350 268551.588802005 116 108 0 0.0088701614
FT 351 268551.622138296 108 104 0 0.0103491303
SW 351 268551.622138296 1 115 151 30 0
FT 352 268551.655474630 121 110 0 0.0105623598
FT 353 268551.688810963 110 102 0 0.013314404
FT 354 268551.722147380 102 94 0 0.0115930809
SW 354 268551.722147380 1 131 157 24 0
FT 355 268551.755483755 116 102 0 0.00918052444
FT 356 268551.788820088 102 94 0 0.00663604521
FT 357 268551.822156463 94 83 0 0.00378979924
SW 357 268551.822156463 1 129 165 25 0
FT 358 268551.855492880 120 104 0 0.00558178856
FT 359 268551.888829088 104 91 0 0.00685749993
FT 360 268551.922165505 91 79 0 0.0128557261
SW 360 268551.922165505 1 133 170 26 0
FT 361 268551.955501838 120 106 0 0.00910098467
FT 362 268551.988838213 106 89 0 0.0107884585
FT 363 268552.022174588 89 81 0 0.00770717368
SW 363 268552.022174588 1 135 178 26 0
FT 364 268552.055510880 111 101 0 0.0127225286
FT 365 268552.088847255 101 93 0 0.0126835407
FT 366 268552.122183671 93 88 0 0.0132288964
SW 366 268552.122183671 1 127 176 27 0
FT 367 268552.155519963 110 101 0 0.0131337956
FT 368 268552.188856338 101 98 0 0.00697757983
FT 369 268552.222192796 98 92 0 0.00918243106
SW 369 268552.222192796 1 118 169 30 0
FT 370 268552.255529005 121 110 0 0.00580122469
FT 371 268552.288865380 110 100 0 0.00439302021
FT 372 268552.322201838 100 97 0 0.0104954937
SW 372 268552.322201838 1 119 165 26 0
FT 373 268552.355538088 112 107 0 0.0136429745
FT 374 268552.388874505 107 98 0 0.0115704208
FT 375 268552.422210838 98 94 0 0.00854343682
SW 375 268552.422210838 1 117 158 24 0
FT 376 268552.455547171 114 101 0 0.00935629961
FT 377 268552.488883421 101 90 0 0.00541851083
FT 378 268552.522219963 90 87 0 0.00268697581
SW 378 268552.522219963 1 125 154 21 0
FT 379 268552.555556255 109 105 0 0.0113793225
FT 380 268552.588892505 105 96 0 0.00758030385
FT 381 268552.622228963 96 88 0 0.0177586174
SW 381 268552.622228963 1 135 164 18 0
FT 382 268552.655565255 105 94 0 0.0161730917
FT 383 268552.688901671 94 80 0 0.0213727831
FT 384 268552.722238005 80 74 0 0.0192487921
SW 384 268552.722238005 1 128 160 20 0
FT 385 268552.755574338 107 88 0 0.0114566954
FT 386 268552.788910671 88 76 0 0.0103402324
FT 387 268552.822247088 76 68 0 0.0139237816
SW 387 268552.822247088 1 124 163 23 0
FT 388 268552.855583463 100 88 0 0.0117431309
FT 389 268552.888919755 88 78 0 0.0210590399
FT 390 268552.922256130 78 75 0 0.0171963791
SW 390 268552.922256130 1 123 165 22 0
FT 391 268552.955592505 110 93 0 0.0156041248
FT 392 268552.988928838 93 89 0 0.0237904526
FT 393 268553.022265088 89 84 0 0.02230115
SW 393 268553.022265088 1 125 164 22 0
FT 394 268553.055601463 107 97 0 0.00787067294
FT 395 268553.088937838 97 93 0 0.00672979872
FT 396 268553.122274171 93 87 0 0.0127479761
SW 396 268553.122274171 1 116 162 25 0
FT 397 268553.155610546 120 111 0 0.00811787804
FT 398 268553.188946880 111 108 0 0.00998018266
FT 399 268553.226098262 108 100 0 0.014109374
SW 399 268553.226098262 1 118 161 22 0
FT 400 268553.259403929 137 129 0 0.0139971385
FT 401 268553.292740137 129 123 0 0.0122566382
FT 402 268553.326076304 123 119 0 0.0141167129
SW 402 268553.326076304 1 137 169 21 0
FT 403 268553.359412346 136 130 0 0.018363091
FT 404 268553.392748387 130 117 0 0.0187536737
FT 405 268553.426084596 117 108 0 0.0124332369
SW 405 268553.426084596 1 142 170 18 0
FT 406 268553.459420596 148 139 0 0.0138117712
FT 407 268553.492756721 139 133 0 0.0103866609
FT 408 268553.526092929 133 127 0 0.00881714768
SW 408 268553.526092929 1 156 185 17 0
FT 409 268553.559428971 149 140 0 0.00855222505
FT 410 268553.592765054 140 119 0 0.00746170819
FT 411 268553.626101262 119 104 0 0.00883203984
SW 411 268553.626101262 1 155 180 18 0
FT 412 268553.659437346 118 109 0 0.00863393622
FT 413 268553.692773429 109 100 0 0.00702350859
FT 414 268553.726109471 100 97 0 0.00582502467
SW 414 268553.726109471 1 151 183 22 0
FT 415 268553.759445637 113 109 0 0.00662642369
FT 416 268553.792781762 109 102 0 0.01364436
FT 417 268553.826117887 102 92 0 0.0133141169
SW 417 268553.826117887 1 137 180 20 0
FT 418 268553.859453971 115 110 0 0.00398912909
FT 419 268553.892790012 110 102 0 0.00581873856
FT 420 268553.926126221 102 95 0 0.00879418062
SW 420 268553.926126221 1 146 173 21 0
FT 421 268553.959462304 105 96 0 0.00770153531
FT 422 268553.992798387 96 92 0 0.00593634115
FT 423 268554.026134554 92 86 0 0.0129439118
SW 423 268554.026134554 1 123 174 21 0
FT 424 268554.059470596 103 100 0 0.00631370028
FT 425 268554.092806721 100 96 0 0.00765652341
FT 426 268554.126142887 96 87 0 0.0151518128
SW 426 268554.126142887 1 122 158 19 0
FT 427 268554.159478971 109 96 0 0.0163502477
FT 428 268554.192815054 96 91 0 0.0123362198
FT 429 268554.226151221 91 87 0 0.0137444573
SW 429 268554.226151221 1 126 156 18 0
FT 430 268554.259487262 130 126 0 0.00975189983
FT 431 268554.292823346 126 121 0 0.0110654738
FT 432 268554.326159554 121 116 0 0.0073381493
SW 432 268554.326159554 1 149 180 18 0
FT 433 268554.359495637 151 147 0 0.00606391234
FT 434 268554.392831679 147 134 0 0.0106818828
FT 435 268554.426167804 134 122 0 0.0163286571
SW 435 268554.426167804 1 157 186 13 0
FT 436 268554.459503929 153 144 0 0.0223615327
FT 437 268554.492839971 144 134 0 0.0237674538
FT 438 268554.526176054 134 125 0 0.0270476762
SW 438 268554.526176054 1 162 191 16 0
FT 439 268554.559512096 151 146 0 0.0125840611
FT 440 268554.592848304 146 140 0 0.00905188908
FT 441 268554.626184512 140 134 0 0.0127153591
SW 441 268554.626184512 1 169 201 17 0
FT 442 268554.659520512 157 145 0 0.00815127518
FT 443 268554.692856596 145 131 0 0.0145888428
FT 444 268554.726192679 131 125 0 0.0139265152
SW 444 268554.726192679 1 179 200 14 0
FT 445 268554.759528887 153 143 0 0.00317427595
FT 446 268554.792864929 143 122 0 0.00922448567
FT 447 268554.826201012 122 111 0 0.00942723634
SW 447 268554.826201012 1 181 208 14 0
FT 448 268554.859537054 144 135 0 0.016429016
FT 449 268554.892873179 135 119 0 0.00717621925
FT 450 268554.926209221 119 114 0 0.0107167914
SW 450 268554.926209221 1 180 216 18 0
FT 451 268554.959545471 147 137 0 0.0118395424
FT 452 268554.992881554 137 129 0 0.0201841513
FT 453 268555.026217637 129 123 0 0.0154913711
SW 453 268555.026217637 1 192 222 16 0
FT 454 268555.059553637 154 150 0 0.00781572936
FT 455 268555.092889804 150 143 0 0.00875552101
FT 456 268555.126225971 143 136 0 0.00800881674
SW 456 268555.126225971 1 199 236 14 0
FT 457 268555.159562096 162 157 0 0.00834921483
FT 458 268555.192898137 157 149 0 0.0129609242
FT 459 268555.226234221 149 141 0 0.0123603273
SW 459 268555.226234221 1 193 234 12 0
FT 460 268555.259570304 162 150 0 0.00799144434
FT 461 268555.292906471 150 142 0 0.0054328035
FT 462 268555.326242471 142 135 0 0.00983733185
SW 462 268555.326242471 1 192 223 13 0
FT 463 268555.359578596 157 147 0 0.0105283705
FT 464 268555.392914721 147 139 0 0.0101979618
FT 465 268555.426250887 139 127 0 0.0106708154
SW 465 268555.426250887 1 194 219 10 0
FT 466 268555.459586804 149 139 0 0.00926156867
FT 467 268555.492922971 139 133 0 0.010353377
FT 468 268555.526259137 133 127 0 0.011934603
SW 468 268555.526259137 1 196 223 12 0
FT 469 268555.559595221 155 144 0 0.00982500055
FT 470 268555.592931304 144 138 0 0.00881487709
FT 471 268555.626267429 138 138 0 0.0080938447
SW 471 268555.626267429 1 200 230 14 0
FT 472 268555.659603512 167 164 0 0.00908845286
FT 473 268555.692939596 164 156 0 0.00956400523
FT 474 268555.726275637 156 148 0 0.0172547453
SW 474 268555.726275637 1 196 233 13 0
FT 475 268555.759611846 164 153 0 0.0195309087
FT 476 268555.792947846 153 142 0 0.0133898865
FT 477 268555.826283929 142 138 0 0.0187051293
SW 477 268555.826283929 1 185 221 14 0
FT 478 268555.859620096 167 158 0 0.0171076184
FT 479 268555.892956137 158 148 0 0.0120101945
FT 480 268555.926292346 148 140 0 0.011927183
SW 480 268555.926292346 1 189 220 12 0
FT 481 268555.959628304 165 159 0 0.0190446197
FT 482 268555.992964387 159 146 0 0.0164588094
FT 483 268556.026300471 146 136 0 0.0171246753
SW 483 268556.026300471 1 194 217 12 0
FT 484 268556.059636721 168 158 0 0.0213677187
FT 485 268556.092972637 158 144 0 0.02118962
FT 486 268556.126308804 144 133 0 0.0250830876
SW 486 268556.126308804 1 203 226 14 0
FT 487 268556.159644762 168 155 0 0.0288388138
FT 488 268556.192980971 155 144 0 0.016806913
FT 489 268556.226317054 144 141 0 0.0177096988
SW 489 268556.226317054 1 206 243 15 0
FT 490 268556.259653096 180 166 0 0.01237999
FT 491 268556.292989221 166 155 0 0.016608067
FT 492 268556.326325429 155 152 0 0.0158381626
SW 492 268556.326325429 1 208 243 16 0
FT 493 268556.359661471 173 172 0 0.024009434
FT 494 268556.392997471 172 164 0 0.0274957152
FT 495 268556.426333554 164 146 0 0.0253478159
SW 495 268556.426333554 1 200 237 16 0
FT 496 268556.459669846 173 137 0 0.0731953957
FT 497 268556.493005721 137 117 0 0.0437716902
FT 498 268556.526341846 117 113 0 0.0210034911
SW 498 268556.526341846 1 188 224 14 0
FT 499 268556.559677971 155 152 0 0.0200693099
FT 500 268556.593014012 152 140 0 0.0200558148
FT 501 268556.626350054 140 133 0 0.0211699777
SW 501 268556.626350054 1 198 231 15 0
FT 502 268556.659686137 170 159 0 0.0141908478
FT 503 268556.693022262 159 155 0 0.0143012618
FT 504 268556.726358304 155 142 0 0.0213657571
SW 504 268556.726358304 1 212 239 16 0
FT 505 268556.759694387 171 141 0 0.0320817178
FT 506 268556.793030512 141 118 0 0.0379482696
FT 507 268556.826366554 118 86 0 0.0122331641
SW 507 268556.826366554 1 205 238 14 0
FT 508 268556.859702679 152 143 0 0.0237275813
FT 509 268556.893038762 143 133 0 0.0342541821
FT 510 268556.926374887 133 125 0 0.0228391731
SW 510 268556.926374887 1 214 268 13 0
FT 511 268556.959710846 155 148 0 0.0144179962
FT 512 268556.993046929 148 141 0 0.0102300655
FT 513 268557.026383096 141 137 0 0.0173064395
SW 513 268557.026383096 1 231 250 10 0
FT 514 268557.059719179 158 156 0 0.014451937
FT 515 268557.093055387 156 145 0 0.0122755069
FT 516 268557.126391262 145 128 0 0.016625057
SW 516 268557.126391262 1 229 255 9 0
FT 517 268557.159727429 156 149 0 0.0106499454
FT 518 268557.193063512 149 144 0 0.0153762395
FT 519 268557.226399637 144 135 0 0.00928111129
SW 519 268557.226399637 1 183 258 9 0
FT 520 268557.259735762 157 149 0 0.010309472
FT 521 268557.293071762 149 141 0 0.0228727963
FT 522 268557.326407804 141 135 0 0.026383358
SW 522 268557.326407804 1 184 204 10 0
FT 523 268557.359743887 150 138 0 0.0364307775
FT 524 268557.393079971 138 108 0 0.051940111
FT 525 268557.426416179 108 97 0 0.0522042403
SW 525 268557.426416179 1 189 204 4 0
FT 526 268557.459752137 135 127 0 0.0266217017
FT 527 268557.493088346 127 124 0 0.0151519047
FT 528 268557.526424304 124 117 0 0.0257990062
SW 528 268557.526424304 1 194 222 5 0
FT 529 268557.559760387 143 135 0 0.026046088
FT 530 268557.593096429 135 130 0 0.0211119733
FT 531 268557.626432554 130 125 0 0.0284526253
SW 531 268557.626432554 1 202 220 5 0
FT 532 268557.659768554 152 146 0 0.0292954963
FT 533 268557.693104679 146 138 0 0.0190532865
FT 534 268557.726440762 138 132 0 0.0257484122
SW 534 268557.726440762 1 206 225 7 0
FT 535 268557.759776887 156 140 0 0.0411588915
FT 536 268557.793112887 140 128 0 0.0331064263
FT 537 268557.826449012 128 110 0 0.0291724703
SW 537 268557.826449012 1 168 226 10 0
FT 538 268557.859785137 154 135 0 0.0199541717
FT 539 268557.893121304 135 127 0 0.0201727361
FT 540 268557.926457262 127 124 0 0.025445961
SW 540 268557.926457262 1 186 206 11 0
FT 541 268557.959793262 164 157 0 0.0261020371
FT 542 268557.993129387 157 150 0 0.0293621766
FT 543 268558.026465679 150 145 0 0.0272294946
SW 543 268558.026465679 1 207 230 10 0
FT 544 268558.059801554 165 158 0 0.0201569491
FT 545 268558.093137596 158 152 0 0.0233720035
FT 546 268558.126473721 152 136 0 0.0374805918
SW 546 268558.126473721 1 213 233 9 0
FT 547 268558.159809929 159 143 0 0.0365164384
FT 548 268558.193145846 143 134 0 0.0325227316
FT 549 268558.226481971 134 111 0 0.0366925077
SW 549 268558.226481971 1 191 235 9 0
FT 550 268558.259817929 138 126 0 0.0406096938
FT 551 268558.293154054 126 106 0 0.0398920383
FT 552 268558.326490179 106 99 0 0.0303047834
SW 552 268558.326490179 1 193 216 9 0
FT 553 268558.359826221 149 137 0 0.0259305025
FT 554 268558.393162262 137 118 0 0.0368463508
FT 555 268558.426498387 118 112 0 0.0409424653
SW 555 268558.426498387 1 212 231 7 0
FT 556 268558.459834429 148 106 0 0.0227106602
FT 557 268558.493170512 106 83 0 0.0252484354
FT 558 268558.526506637 83 73 0 0.032081678
SW 558 268558.526506637 1 200 232 7 0
FT 559 268558.559842679 137 125 0 0.0369225911
FT 560 268558.593178637 125 102 0 0.0366919459
FT 561 268558.626514887 102 99 0 0.0309922858
SW 561 268558.626514887 1 200 248 10 0
FT 562 268558.659850762 149 140 0 0.0226423725
FT 563 268558.693186929 140 126 0 0.0283647793
FT 564 268558.726522887 126 119 0 0.0247066789
SW 564 268558.726522887 1 203 244 13 0
FT 565 268558.759859179 160 150 0 0.0182475532
FT 566 268558.793195137 150 144 0 0.0222591952
FT 567 268558.826531262 144 141 0 0.0183984076
SW 567 268558.826531262 1 224 250 10 0
FT 568 268558.859867221 159 158 0 0.0170471807
FT 569 268558.893203429 158 154 0 0.018047401
FT 570 268558.926539429 154 144 0 0.0156556064
SW 570 268558.926539429 1 185 246 9 0
FT 571 268558.959875471 165 157 0 0.0130577108
FT 572 268558.993211471 157 146 0 0.0231264091
FT 573 268559.026547637 146 137 0 0.0131132759
SW 573 268559.026547637 1 180 206 11 0
FT 574 268559.059883679 152 129 0 0.00782746895
FT 575 268559.093219804 129 118 0 0.0169772082
FT 576 268559.126555762 118 114 0 0.0145991666
SW 576 268559.126555762 1 173 198 11 0
FT 577 268559.159891887 143 131 0 0.00951080785
FT 578 268559.193227887 131 124 0 0.0157554244
FT 579 268559.226564012 124 119 0 0.0172161778
SW 579 268559.226564012 1 182 206 12 0
FT 580 268559.259900096 143 133 0 0.0117784636
FT 581 268559.293236179 133 125 1 0.013506192
FT 582 268559.326572387 125 123 0 0.0120048671
SW 582 268559.326572387 1 189 209 11 0
FT 583 268559.359908346 144 139 1 0.00667711379
FT 584 268559.393244304 139 135 1 0.010223538
FT 585 268559.426580346 135 134 1 0.00715055516
SW 585 268559.426580346 0 189 0 0 0
FT 586 268559.459916471 162 161 0 0.00419156193
FT 587 268559.493252596 161 149 0 0.0162868789
FT 588 268559.526588637 149 139 1 0.0225631113
SW 588 268559.526588637 0 189 0 0 0
FT 589 268559.559924554 155 151 0 0.0201279015
FT 590 268559.593260721 151 149 0 0.0093114309
FT 591 268559.626596846 149 146 1 0.0194760859
SW 591 268559.626596846 0 189 0 0 0
FT 592 268559.659932846 162 162 1 0.0103723256
FT 593 268559.693268887 162 159 0 0.0138937256
FT 594 268559.726605096 159 154 0 0.0145016168
SW 594 268559.726605096 1 171 258 40 0
FT 595 268559.759941054 166 162 1 0.0085397126
FT 596 268559.793277137 162 153 0 0.0117192953
FT 597 268559.823098202 153 138 0 0.0235357171
SW 597 268559.823098202 1 158 213 38 0
FT 598 268559.856074921 155 152 0 0.00644712283
FT 599 268559.889411296 152 150 0 0.0166108209
FT 600 268559.922747505 150 140 0 0.0129363262
SW 600 268559.922747505 1 152 206 43 0
FT 601 268559.956083838 157 147 0 0.0278106439
FT 602 268559.989420088 147 139 1 0.0241578611
FT 603 268560.022756380 139 138 1 0.00981149016
SW 603 268560.022756380 0 152 0 0 0
FT 604 268560.056092671 158 154 0 0.0126895633
FT 605 268560.089428963 154 151 1 0.0133407677
FT 606 268560.122765213 151 151 1 0.012180325
SW 606 268560.122765213 0 152 0 0 0
FT 607 268560.156101588 161 159 1 0.0122702831
FT 608 268560.189437838 159 157 1 0.013794076
FT 609 268560.222774171 157 152 1 0.0109571599
SW 609 268560.222774171 0 152 0 0 0
FT 610 268560.256110421 160 157 1 0.0124290639
FT 611 268560.289446671 157 157 1 0.00979671586
FT 612 268560.322783046 157 156 1 0.0125274294
SW 612 268560.322783046 0 152 0 0 0
FT 613 268560.356119296 164 164 1 0.0108932896
FT 614 268560.389455630 164 155 0 0.0151892106
FT 615 268560.422791963 155 84 0 0.0404049424
SW 615 268560.422791963 1 130 207 50 0
FT 616 268560.456128255 121 42 0 0.072199047
FT 617 268560.489464463 42 20 0 0.0833958947
FT 618 268560.522800838 20 16 0 0.0461189528
SW 618 268560.522800838 1 138 183 25 0
FT 619 268560.556136963 132 129 0 0.0115340519
FT 620 268560.589473338 129 121 0 0.0127775862
FT 621 268560.622809630 121 105 0 0.0347379379
SW 621 268560.622809630 1 227 253 18 0
FT 622 268560.656145921 142 127 0 0.0289401384
FT 623 268560.689482213 127 111 0 0.0265491529
FT 624 268560.722818546 111 94 0 0.0399891802
SW 624 268560.722818546 1 228 262 15 1
FT 625 268560.756154838 119 75 0 0.0515010327
FT 626 268560.789491130 75 47 0 0.0501532113
FT 627 268560.822827380 47 41 0 0.0491526621
SW 627 268560.822827380 1 182 254 15 6
FT 628 268560.856163713 76 63 0 0.044717564
FT 629 268560.889500005 63 57 0 0.0358959328
FT 630 268560.922836255 57 46 0 0.0337588447
SW 630 268560.922836255 1 139 224 15 1
FT 631 268560.956172588 129 113 0 0.0353650866
FT 632 268560.989508838 113 99 0 0.0352641441
FT 633 268561.022845130 99 85 0 0.025788041
SW 633 268561.022845130 1 185 205 19 0
FT 634 268561.056181338 132 101 0 0.0105288862
FT 635 268561.089517713 101 71 0 0.0275157182
FT 636 268561.122853963 71 58 0 0.031914025
SW 636 268561.122853963 1 166 218 24 0
FT 637 268561.156190213 98 85 0 0.00901164069
FT 638 268561.189526505 85 74 0 0.013701707
FT 639 268561.222862838 74 62 0 0.0330074319
SW 639 268561.222862838 1 123 213 26 1
FT 640 268561.256199130 93 76 0 0.0347180129
FT 641 268561.289535338 76 66 0 0.0285275023
FT 642 268561.322871630 66 47 0 0.0245102768
SW 642 268561.322871630 1 113 164 34 1
FT 643 268561.356207963 74 58 0 0.0337969793
FT 644 268561.389544255 58 48 0 0.0216971571
FT 645 268561.422880505 48 37 0 0.0271344545
SW 645 268561.422880505 1 114 160 33 1
FT 646 268561.456216838 85 71 0 0.0226015735
FT 647 268561.489553213 71 59 0 0.0103997331
FT 648 268561.522889421 59 55 0 0.0154565784
SW 648 268561.522889421 1 97 174 35 1
FT 649 268561.556225630 112 95 0 0.0258756803
FT 650 268561.589561963 95 78 0 0.0176401878
FT 651 268561.622898213 78 71 0 0.015777301
SW 651 268561.622898213 1 113 163 30 1
FT 652 268561.656234505 106 75 0 0.0222431784
FT 653 268561.689570713 75 60 0 0.0259665174
FT 654 268561.722907005 60 56 0 0.0185541662
SW 654 268561.722907005 1 98 158 31 0
FT 655 268561.756243296 102 87 0 0.0243312102
FT 656 268561.789579671 87 76 0 0.0223633019
FT 657 268561.822915921 76 72 0 0.0213772148
SW 657 268561.822915921 1 105 155 28 0
FT 658 268561.856252171 114 101 0 0.020683689
FT 659 268561.889588421 101 88 0 0.0230394061
FT 660 268561.922924796 88 80 0 0.0261994202
SW 660 268561.922924796 1 116 158 34 0
FT 661 268561.956261088 132 110 0 0.0291326999
FT 662 268561.989597338 110 97 0 0.0296177462
FT 663 268562.022933630 97 93 0 0.0279701828
SW 663 268562.022933630 1 140 184 30 0
FT 664 268562.056269880 125 117 0 0.0240648811
FT 665 268562.089606171 117 106 0 0.0209648048
FT 666 268562.122942380 106 98 0 0.0207850915
SW 666 268562.122942380 1 130 190 31 0
FT 667 268562.156278671 133 128 0 0.0129512315
FT 668 268562.189614921 128 123 0 0.0123458592
FT 669 268562.222951255 123 115 0 0.0184627213
SW 669 268562.222951255 1 149 189 30 0
FT 670 268562.256287463 138 123 0 0.0260400566
FT 671 268562.289623796 123 115 0 0.0271430432
FT 672 268562.322960130 115 111 0 0.0224390738
SW 672 268562.322960130 1 149 193 27 0
FT 673 268562.356296296 141 136 0 0.00973283273
FT 674 268562.389632630 136 132 0 0.0109733276
FT 675 268562.422968963 132 125 0 0.0141844272
SW 675 268562.422968963 1 152 199 26 0
FT 676 268562.456305213 137 131 0 0.0056303724
FT 677 268562.489641463 131 128 0 0.00798923881
FT 678 268562.522977755 128 121 0 0.0111826024
SW 678 268562.522977755 1 147 187 25 0
FT 679 268562.556314046 139 132 0 0.00732244865
FT 680 268562.589650338 132 127 0 0.0150753037
FT 681 268562.622986671 127 122 0 0.0143785556
SW 681 268562.622986671 1 157 187 19 0
FT 682 268562.656322838 141 133 0 0.0131932558
FT 683 268562.689659130 133 127 0 0.012195224
FT 684 268562.722995421 127 123 0 0.0076995595
SW 684 268562.722995421 1 153 189 18 0
FT 685 268562.756331630 138 130 0 0.0132512322
FT 686 268562.789667921 130 122 0 0.00677341282
FT 687 268562.823004171 122 119 0 0.0129370694
SW 687 268562.823004171 1 153 180 18 0
FT 688 268562.856340421 133 126 0 0.0150140411
FT 689 268562.889676838 126 114 0 0.0172294338
FT 690 268562.923013130 114 103 0 0.0305693076
SW 690 268562.923013130 1 150 180 17 0
FT 691 268562.956349338 125 114 0 0.0238863077
FT 692 268562.989685630 114 107 0 0.0171522628
FT 693 268563.023021838 107 105 0 0.0187382669
SW 693 268563.023021838 1 147 184 23 0
FT 694 268563.056358088 124 122 0 0.0183466871
FT 695 268563.089694463 122 121 0 0.0209162
FT 696 268563.123030671 121 118 0 0.0194272667
SW 696 268563.123030671 1 149 184 23 0
FT 697 268563.156366963 133 131 0 0.0213850366
FT 698 268563.189703255 131 119 0 0.0116692395
FT 699 268563.223039505 119 114 0 0.0192473515
SW 699 268563.223039505 1 142 180 25 0
FT 700 268563.256375755 139 133 0 0.0214591488
FT 701 268563.289712005 133 129 0 0.0204086567
FT 702 268563.323048255 129 120 0 0.018800139
SW 702 268563.323048255 1 130 183 28 0
FT 703 268563.356384505 147 132 0 0.0223070308
FT 704 268563.389720796 132 126 0 0.0279236139
FT 705 268563.423057088 126 119 0 0.0235906991
SW 705 268563.423057088 1 131 176 30 0
FT 706 268563.456393421 137 127 0 0.0250216597
FT 707 268563.489729671 127 121 0 0.0153122181
FT 708 268563.523065921 121 117 0 0.0215369704
SW 708 268563.523065921 1 135 172 36 0
FT 709 268563.556402171 146 143 0 0.0129861643
FT 710 268563.589738463 143 137 0 0.00758594013
FT 711 268563.623074713 137 135 0 0.0126256839
SW 711 268563.623074713 1 149 196 35 0
FT 712 268563.656411005 154 139 0 0.0299069403
FT 713 268563.689747255 139 137 0 0.0154859808
FT 714 268563.723083505 137 131 0 0.0240576159
SW 714 268563.723083505 1 150 196 36 0
FT 715 268563.756419796 144 135 0 0.0298553601
FT 716 268563.789756130 135 127 0 0.0342621925
FT 717 268563.823092380 127 122 0 0.019159514
SW 717 268563.823092380 1 147 196 30 0
FT 718 268563.856428630 140 132 0 0.0149062164
FT 719 268563.889764796 132 126 0 0.00410352786
FT 720 268563.923101213 126 122 0 0.00819845995
SW 720 268563.923101213 1 153 188 22 0
FT 721 268563.956437463 144 139 0 0.00900067389
FT 722 268563.989773713 139 134 0 0.0141067858
FT 723 268564.023109963 134 117 0 0.0267597719
SW 723 268564.023109963 1 159 192 26 0
FT 724 268564.056446255 144 135 0 0.0264692637
FT 725 268564.089782505 135 127 0 0.0138696353
FT 726 268564.123118838 127 112 0 0.0221598777
SW 726 268564.123118838 1 162 204 26 0
FT 727 268564.156455005 139 127 0 0.0223790995
FT 728 268564.189791296 127 117 0 0.0306629532
FT 729 268564.223127630 117 108 0 0.035850129
SW 729 268564.223127630 1 166 208 23 0
FT 730 268564.256463713 146 136 0 0.0392178201
FT 731 268564.289800171 136 130 0 0.0443121601
FT 732 268564.323136380 130 106 0 0.0555831134
SW 732 268564.323136380 1 168 209 29 1
FT 733 268564.356472755 133 110 0 0.0639354467
FT 734 268564.389809005 110 106 0 0.0355620123
FT 735 268564.423145255 106 101 0 0.0171080119
SW 735 268564.423145255 1 169 216 24 1
FT 736 268564.456481380 134 104 0 0.0620795104
FT 737 268564.489817713 104 79 0 0.0496717819
FT 738 268564.523154046 79 69 0 0.0378878148
SW 738 268564.523154046 1 155 209 29 1
FT 739 268564.556490213 125 109 0 0.0448714228
FT 740 268564.589826588 109 102 0 0.0649316595
FT 741 268564.623162838 102 86 0 0.0855457711
SW 741 268564.623162838 1 161 218 32 1
FT 742 268564.656499005 113 88 0 0.0748865755
FT 743 268564.689835255 88 66 0 0.0710582371
FT 744 268564.723171671 66 53 0 0.0740966334
SW 744 268564.723171671 1 142 200 33 1
FT 745 268564.756507838 116 99 0 0.0303820166
FT 746 268564.789844088 99 87 0 0.0343283066
FT 747 268564.823180421 87 73 0 0.0410456002
SW 747 268564.823180421 1 147 206 38 1
FT 748 268564.856516755 114 87 0 0.0396722546
FT 749 268564.889852880 87 76 0 0.0503801736
FT 750 268564.923189296 76 69 0 0.0507432441
SW 750 268564.923189296 1 111 198 39 1
FT 751 268564.956525421 107 92 0 0.0500323103
FT 752 268564.989861671 92 84 0 0.0472869288
FT 753 268565.023197963 84 80 0 0.0235094207
SW 753 268565.023197963 1 122 172 33 1
FT 754 268565.056534255 108 101 0 0.0226433205
FT 755 268565.089870505 101 92 0 0.0252190749
FT 756 268565.123206755 92 88 0 0.0306359661
SW 756 268565.123206755 1 100 173 34 0
FT 757 268565.156542921 111 102 0 0.0410004567
FT 758 268565.189879296 102 93 0 0.0476840989
FT 759 268565.223215463 93 82 0 0.0520790741
SW 759 268565.223215463 1 99 146 37 0
FT 760 268565.256551796 110 96 0 0.0518849668
FT 761 268565.289888088 96 92 0 0.0363542476
FT 762 268565.323224255 92 91 0 0.0295563077
SW 762 268565.323224255 1 108 157 32 0
FT 763 268565.356560588 120 110 1 0.0310314642
FT 764 268565.389896838 110 106 0 0.0277043084
FT 765 268565.423233171 106 101 0 0.0230075535
SW 765 268565.423233171 1 117 159 32 0
FT 766 268565.456569380 119 105 0 0.0249111614
FT 767 268565.489905713 105 101 0 0.0261444439
FT 768 268565.523241880 101 91 0 0.0258125727
SW 768 268565.523241880 1 130 157 18 0
FT 769 268565.556578171 114 99 0 0.0150027021
FT 770 268565.589914380 99 91 0 0.0122293967
FT 771 268565.623250755 91 81 0 0.0226248065
SW 771 268565.623250755 1 128 163 17 0
FT 772 268565.656586880 104 95 0 0.0148435082
FT 773 268565.689923171 95 85 0 0.0179868023
FT 774 268565.723259380 85 72 0 0.0356741777
SW 774 268565.723259380 1 126 158 20 0
FT 775 268565.756595755 97 88 0 0.0299310217
FT 776 268565.789931963 88 80 0 0.03196239
FT 777 268565.823268213 80 76 0 0.0279087932
SW 777 268565.823268213 1 126 163 28 0
FT 778 268565.856604463 97 81 0 0.0269919777
FT 779 268565.889940755 81 65 0 0.031206843
FT 780 268565.923276963 65 59 0 0.0207195179
SW 780 268565.923276963 1 112 160 30 0
FT 781 268565.956613296 101 92 0 0.0209312385
FT 782 268565.989949588 92 79 0 0.0342405028
FT 783 268566.023285838 79 64 0 0.0430280456
SW 783 268566.023285838 1 106 164 33 0
FT 784 268566.056622005 102 84 0 0.0305201471
FT 785 268566.089958255 84 71 0 0.0262657991
FT 786 268566.123294546 71 65 0 0.0261308585
SW 786 268566.123294546 1 109 162 31 0
FT 787 268566.156630713 97 83 0 0.0211424031
FT 788 268566.189967046 83 62 0 0.0238943692
FT 789 268566.223303338 62 42 0 0.0386682035
SW 789 268566.223303338 1 100 147 34 0
FT 790 268566.256639546 75 60 0 0.0325897525
FT 791 268566.289975796 60 54 0 0.0298059301
FT 792 268566.323312088 54 51 0 0.0344260857
SW 792 268566.323312088 1 94 155 38 0
FT 793 268566.360463346 86 73 0 0.0390176445
FT 794 268566.393769012 73 63 0 0.0417556462
FT 795 268566.427105012 63 52 0 0.0365881276
SW 795 268566.427105012 1 93 146 36 0
FT 796 268566.460441012 90 80 0 0.0361667996
FT 797 268566.493777054 80 70 0 0.0396680144
FT 798 268566.527113137 70 63 0 0.0422659331
SW 798 268566.527113137 1 104 150 24 0
FT 799 268566.560449096 90 81 0 0.0342387238
FT 800 268566.593785137 81 77 0 0.0214615376
FT 801 268566.627121304 77 74 0 0.0276226612
SW 801 268566.627121304 1 94 147 23 0
FT 802 268566.660457137 96 84 0 0.0328650175
FT 803 268566.693793137 84 76 0 0.03996616
FT 804 268566.727129262 76 68 0 0.0280846155
SW 804 268566.727129262 1 81 125 32 0
FT 805 268566.760465346 90 77 0 0.0297653191
FT 806 268566.793801221 77 68 0 0.0392685118
FT 807 268566.827137221 68 58 0 0.0357627088
SW 807 268566.827137221 1 72 121 36 0
FT 808 268566.860473304 75 60 0 0.0267519891
FT 809 268566.893809262 60 52 0 0.0152124514
FT 810 268566.927145387 52 46 0 0.011247451
SW 810 268566.927145387 1 66 114 38 0
FT 811 268566.960481387 77 51 0 0.013345514
FT 812 268566.993817387 51 36 0 0.0282194482
FT 813 268567.027153387 36 27 0 0.0336930965
SW 813 268567.027153387 1 70 112 34 0
FT 814 268567.060489387 74 51 0 0.0163995312
FT 815 268567.093825429 51 37 0 0.00517673176
FT 816 268567.127161387 37 36 0 0.021922055
SW 816 268567.127161387 1 81 122 27 0
FT 817 268567.160497429 86 68 0 0.0233383425
FT 818 268567.193833512 68 59 0 0.0195821677
FT 819 268567.227169471 59 56 0 0.0149274174
SW 819 268567.227169471 1 93 137 26 0
FT 820 268567.260505387 109 90 0 0.0316777813
FT 821 268567.293841554 90 83 0 0.0122486682
FT 822 268567.327177429 83 81 0 0.0057818261
SW 822 268567.327177429 1 91 145 36 0
FT 823 268567.360513429 127 115 0 0.00873787442
FT 824 268567.393849512 115 91 0 0.0180196656
FT 825 268567.427185596 91 77 0 0.0155410464
SW 825 268567.427185596 1 75 145 43 0
FT 826 268567.460521637 110 98 0 0.0136859278
FT 827 268567.493857512 98 86 0 0.0291266555
FT 828 268567.527193554 86 78 0 0.038911624
SW 828 268567.527193554 1 79 129 41 0
FT 829 268567.560529596 101 83 0 0.0297033096
FT 830 268567.593865596 83 62 0 0.0293385602
FT 831 268567.627201679 62 44 0 0.0488232853
SW 831 268567.627201679 1 76 123 38 0
FT 832 268567.660537554 122 77 0 0.0281511579
FT 833 268567.693873596 77 58 0 0.0242199261
FT 834 268567.727209637 58 54 0 0.0270534718
SW 834 268567.727209637 1 101 137 35 0
FT 835 268567.760545721 103 74 0 0.0242161575
FT 836 268567.793881637 74 56 0 0.0273352577
FT 837 268567.827217637 56 43 0 0.0261873804
SW 837 268567.827217637 1 93 144 29 0
FT 838 268567.860553721 103 64 0 0.0111690214
FT 839 268567.893889721 64 56 0 0.0163741227
FT 840 268567.927225762 56 51 0 0.0228558208
SW 840 268567.927225762 1 102 141 29 0
FT 841 268567.960561846 98 70 0 0.023234109
FT 842 268567.993897721 70 57 0 0.0214055227
FT 843 268568.027233804 57 51 0 0.0204298375
SW 843 268568.027233804 1 76 146 33 0
FT 844 268568.060569762 103 78 0 0.0287236982
FT 845 268568.093905762 78 65 0 0.0329441158
FT 846 268568.127241804 65 59 0 0.0293479113
SW 846 268568.127241804 1 83 128 32 0
FT 847 268568.160577887 94 72 0 0.0271380095
FT 848 268568.193913846 72 61 0 0.0299717464
FT 849 268568.227249887 61 51 0 0.0359038567
SW 849 268568.227249887 1 80 123 24 0
FT 850 268568.260585679 86 52 0 0.0442415326
FT 851 268568.293921762 52 38 0 0.0638374135
FT 852 268568.327257929 38 33 0 0.0644995012
SW 852 268568.327257929 1 74 108 23 0
FT 853 268568.360593887 62 38 0 0.0407390843
FT 854 268568.393929887 38 32 0 0.0318605448
FT 855 268568.427265971 32 31 0 0.0319437811
SW 855 268568.427265971 1 66 103 22 0
FT 856 268568.460601929 68 43 0 0.0251037661
FT 857 268568.493937887 43 33 0 0.029779714
FT 858 268568.527273929 33 25 0 0.00618437607
SW 858 268568.527273929 1 72 99 16 0
FT 859 268568.560609846 67 49 0 0.0343429714
FT 860 268568.593945804 49 41 0 0.0332824132
FT 861 268568.627281929 41 37 0 0.0160101273
SW 861 268568.627281929 1 76 106 14 0
FT 862 268568.660617887 82 60 0 0.0121096292
FT 863 268568.693953929 60 49 0 0.0192716281
FT 864 268568.727289887 49 45 0 0.0248853485
SW 864 268568.727289887 1 67 106 17 0
FT 865 268568.760625846 95 66 0 0.0426253671
FT 866 268568.793961846 66 30 0 0.0732784493
FT 867 268568.827297929 30 14 0 0.0478269996
SW 867 268568.827297929 1 61 85 16 0
FT 868 268568.860633887 52 30 0 0.0170769565
FT 869 268568.893969887 30 22 0 0.0253604278
FT 870 268568.927305929 22 12 0 0.00729180824
SW 870 268568.927305929 1 55 82 10 0
FT 871 268568.960641804 52 31 0 0.0142268691
FT 872 268568.993977846 31 25 0 0.00820456127
FT 873 268569.027313929 25 18 0 0.0133692126
SW 873 268569.027313929 1 60 77 11 0
FT 874 268569.060649929 54 34 0 0.0110385142
FT 875 268569.093985929 34 30 0 0.0150716849
FT 876 268569.127321887 30 30 0 0.0318128478
SW 876 268569.127321887 1 66 84 10 0
FT 877 268569.160657971 72 62 0 0.0360923702
FT 878 268569.193993929 62 59 0 0.0285583353
FT 879 268569.227329887 59 50 0 0.0221436135
SW 879 268569.227329887 1 61 100 7 0
FT 880 268569.260665929 97 72 0 0.0258008527
FT 881 268569.294001971 72 66 0 0.0286135939
FT 882 268569.327337846 66 47 0 0.0348249412
SW 882 268569.327337846 1 66 80 7 0
FT 883 268569.360673887 93 62 0 0.0291768565
FT 884 268569.394009887 62 53 0 0.014817779
FT 885 268569.427345971 53 44 0 0.0119160491
SW 885 268569.427345971 1 74 88 8 0
FT 886 268569.460681887 88 75 0 0.00291081073
FT 887 268569.494017846 75 47 0 0.0249357435
FT 888 268569.527353846 47 35 0 0.0462885272
SW 888 268569.527353846 1 81 95 13 0
FT 889 268569.560689971 76 47 0 0.045411867
FT 890 268569.594025804 47 35 0 0.0309436401
FT 891 268569.627361887 35 30 0 0.0136147986
SW 891 268569.627361887 1 91 106 11 0
FT 892 268569.660697929 104 83 0 0.0132124358
FT 893 268569.694033971 83 69 0 0.0160458651
FT 894 268569.727369929 69 65 0 0.0119258579
SW 894 268569.727369929 1 109 141 17 0
FT 895 268569.760706012 109 98 0 0.00711664458
FT 896 268569.794041929 98 88 0 0.001801408
FT 897 268569.827377887 88 72 0 0.0192744481
SW 897 268569.827377887 1 114 148 16 0
FT 898 268569.860713887 96 67 0 0.0348954252
FT 899 268569.894050054 67 55 0 0.0185312958
