FT 2 268539.987839463 153 152 1 0.0024973386
FT 3 268540.021175921 160 157 1 0.00337932692
FT 4 268540.054512546 163 161 1 0.00258262174
FT 5 268540.087849130 166 163 1 0.00303266997
FT 6 268540.121185546 163 163 1 0.00119431631
FT 7 268540.154522088 165 165 1 0.00225807563
FT 8 268540.187858713 167 164 1 0.00171379713
FT 9 268540.221195171 168 166 1 0.00164414626
FT 10 268540.254531755 170 168 0 0.0013238571
FT 11 268540.287868338 172 171 1 0.00174059001
FT 12 268540.321204755 173 172 1 0.00236892092
FT 13 268540.354541296 178 171 1 0.00777536119
FT 14 268540.387877880 174 167 0 0.0075401665
FT 15 268540.421214338 169 165 1 0.00911250908
FT 16 268540.454550921 169 168 1 0.00786762706
FT 17 268540.487887463 169 163 0 0.00652438763
FT 18 268540.521223963 168 166 0 0.0066855446
FT 19 268540.554560463 168 166 0 0.00542357876
FT 20 268540.587896921 173 167 0 0.00485185663
FT 21 268540.621233546 172 165 0 0.0085519641
FT 22 268540.654570130 170 167 0 0.00959792244
FT 23 268540.687906546 172 170 0 0.00312949379
FT 24 268540.721243088 172 156 0 0.0214805935
FT 25 268540.754579671 163 149 0 0.0317227185
FT 26 268540.787916130 166 163 0 0.0133783697
FT 27 268540.821252713 170 160 0 0.0131741522
FT 28 268540.854589296 167 164 0 0.00460492813
FT 29 268540.887925755 171 170 1 0.00826534041
FT 30 268540.921262338 175 169 0 0.0121419171
FT 31 268540.954598921 172 158 0 0.0160096555
FT 32 268540.987935338 163 153 0 0.00967554142
FT 33 268541.021271880 159 155 1 0.0114136076
FT 34 268541.054608421 159 155 0 0.00456350114
FT 35 268541.087944921 161 156 0 0.0042588221
FT 36 268541.121281421 158 154 0 0.00840030916
INIT 268539.954503005 268541.121281421 8 0.23388402 7.70700597 0.338763992 6.05455879 -0.00296563997 -0.00516389135 0.00551883597 0 0 0
FT 37 268541.154618005 159 153 1 0.0127452864
FT 38 268541.187954505 153 151 1 0.00519353963
FT 39 268541.221291005 151 146 1 0.00646405672
SW 39 268541.221291005 0 221 0 0 0
FT 40 268541.254627505 152 148 1 0.015621806
FT 41 268541.287964046 148 141 0 0.0146317173
FT 42 268541.321300588 141 130 1 0.0159074847
SW 42 268541.321300588 0 221 0 0 0
FT 43 268541.354637130 143 138 1 0.0239169152
FT 44 268541.387973588 138 135 1 0.0206914403
FT 45 268541.421310130 135 125 1 0.0144563211
SW 45 268541.421310130 0 221 0 0 0
FT 46 268541.454646630 134 133 1 0.0121772849
FT 47 268541.487983171 133 133 0 0.0115259303
FT 48 268541.521319588 133 133 1 0.00953669922
SW 48 268541.521319588 0 221 0 0 0
FT 49 268541.554656171 144 139 1 0.0092862178
FT 50 268541.587992630 139 136 1 0.00958464901
FT 51 268541.621329046 136 134 0 0.010268161
SW 51 268541.621329046 1 164 251 31 0
FT 52 268541.654665588 140 139 0 0.00748709023
FT 53 268541.688002005 139 135 0 0.0105477657
FT 54 268541.721338588 135 134 0 0.00757843917
SW 54 268541.721338588 1 162 199 30 0
FT 55 268541.754675130 142 141 0 0.00949061198
FT 56 268541.788011588 141 135 0 0.0103568248
FT 57 268541.821348005 135 132 0 0.00739440712
SW 57 268541.821348005 1 153 196 28 0
FT 58 268541.854684505 138 137 0 0.00538635642
FT 59 268541.888021005 137 135 0 0.0028683631
FT 60 268541.921357463 135 131 0 0.0095382076
SW 60 268541.921357463 1 121 186 28 0
FT 61 268541.954693880 148 143 0 0.00844325964
FT 62 268541.988030463 143 137 0 0.00787459019
FT 63 268542.021366880 137 135 0 0.0103098272
SW 63 268542.021366880 1 153 164 9 0
FT 64 268542.054703338 138 137 0 0.0143508277
FT 65 268542.088039880 137 129 0 0.0152075896
FT 66 268542.121376296 129 123 0 0.0114685513
SW 66 268542.121376296 1 150 164 10 0
FT 67 268542.154712838 142 138 0 0.0103348079
FT 68 268542.188049338 138 136 0 0.0100693548
FT 69 268542.221385796 136 133 0 0.0108654602
SW 69 268542.221385796 1 162 175 7 0
FT 70 268542.254722171 153 144 0 0.00659500713
FT 71 268542.288058671 144 141 0 0.00808836317
FT 72 268542.321395046 141 134 0 0.0233701391
SW 72 268542.321395046 1 170 184 8 0
FT 73 268542.354731671 145 135 0 0.0229332094
FT 74 268542.388068088 135 125 0 0.0102492416
FT 75 268542.421404505 125 115 0 0.00692874821
SW 75 268542.421404505 1 165 183 7 0
FT 76 268542.454740921 134 129 0 0.0055990528
FT 77 268542.488077421 129 119 0 0.0236757798
FT 78 268542.521413838 119 116 0 0.0201877919
SW 78 268542.521413838 1 158 182 10 0
FT 79 268542.554750380 138 127 0 0.00794614192
FT 80 268542.588086921 127 112 0 0.0126378928
FT 81 268542.621423296 112 110 0 0.00947899564
SW 81 268542.621423296 1 161 180 14 0
FT 82 268542.654759838 138 135 0 0.00801388627
FT 83 268542.688096338 135 126 0 0.0105857639
FT 84 268542.721432755 126 123 0 0.00700828006
SW 84 268542.721432755 1 166 196 16 0
FT 85 268542.754769130 149 145 0 0.00622204904
FT 86 268542.788105755 145 140 0 0.00755113366
FT 87 268542.821442088 140 137 0 0.00654023133
SW 87 268542.821442088 1 163 204 17 0
FT 88 268542.854778588 149 143 1 0.0037763435
FT 89 268542.888115046 143 137 1 0.00389790959
FT 90 268542.921451463 137 128 0 0.00977465864
SW 90 268542.921451463 1 158 187 20 0
FT 91 268542.954787921 140 123 0 0.0203634741
FT 92 268542.988124380 123 115 0 0.0233650221
FT 93 268543.021460921 115 110 0 0.00977796604
SW 93 268543.021460921 1 149 185 18 0
FT 94 268543.054797255 139 139 0 0.0128666911
FT 95 268543.088133713 139 135 1 0.0145474135
FT 96 268543.121470213 135 131 0 0.00963030719
SW 96 268543.121470213 1 170 194 16 0
FT 97 268543.154806713 146 142 1 0.00782247811
FT 98 268543.188143130 142 141 0 0.00632060407
FT 99 268543.221479630 141 139 0 0.00744573591
SW 99 268543.221479630 1 181 199 10 0
FT 100 268543.254816088 148 141 0 0.00848891853
FT 101 268543.288152505 141 135 0 0.0113366335
FT 102 268543.321489005 135 125 0 0.0148415636
SW 102 268543.321489005 1 174 199 9 0
FT 103 268543.354825505 143 137 0 0.0161240831
FT 104 268543.388161838 137 126 0 0.0108365952
FT 105 268543.421498255 126 119 0 0.00664096664
SW 105 268543.421498255 1 158 195 12 0
FT 106 268543.454834713 131 120 0 0.0143149339
FT 107 268543.488171171 120 114 0 0.014659542
FT 108 268543.521507713 114 105 0 0.0180941732
SW 108 268543.521507713 1 155 176 15 0
FT 109 268543.554844130 122 113 0 0.0223255742
FT 110 268543.588180546 113 110 0 0.00583207463
FT 111 268543.621517005 110 106 0 0.022800009
SW 111 268543.621517005 1 160 182 17 0
FT 112 268543.654853505 123 111 0 0.0234520924
FT 113 268543.688189880 111 108 0 0.0145170174
FT 114 268543.721526421 108 106 0 0.0207774247
SW 114 268543.721526421 1 144 188 22 0
FT 115 268543.754862838 130 120 0 0.0210829761
FT 116 268543.788199338 120 116 0 0.0132910467
FT 117 268543.821535755 116 107 0 0.0244971661
SW 117 268543.821535755 1 140 182 24 0
FT 118 268543.854872213 123 113 0 0.0145942484
FT 119 268543.888208671 113 110 0 0.0135273804
FT 120 268543.921545005 110 108 0 0.0133555985
SW 120 268543.921545005 1 130 173 23 0
FT 121 268543.954881588 124 119 0 0.0161188867
FT 122 268543.988217880 119 113 0 0.0120995236
FT 123 268544.021554421 113 111 0 0.0174694535
SW 123 268544.021554421 1 131 165 23 0
FT 124 268544.054890921 128 115 0 0.0201901786
FT 125 268544.088227296 115 111 0 0.0104618159
FT 126 268544.121563755 111 107 0 0.0151900811
SW 126 268544.121563755 1 136 168 21 0
FT 127 268544.154900213 124 120 0 0.0119389672
FT 128 268544.188236671 120 117 0 0.0112336697
FT 129 268544.221573046 117 114 0 0.00781681665
SW 129 268544.221573046 1 138 171 18 0
FT 130 268544.254909505 129 122 0 0.00868335829
FT 131 268544.288246046 122 114 0 0.0176126675
FT 132 268544.321582421 114 112 0 0.00529836931
SW 132 268544.321582421 1 140 165 17 0
FT 133 268544.354918921 125 122 0 0.0110950969
FT 134 268544.388255213 122 118 0 0.0195234997
FT 135 268544.421591713 118 117 0 0.0055652143
SW 135 268544.421591713 1 142 168 17 0
FT 136 268544.454928213 131 128 0 0.00705020543
FT 137 268544.488264671 128 123 0 0.00353767473
FT 138 268544.521601088 123 123 0 0.00146218208
SW 138 268544.521601088 1 135 171 18 0
FT 139 268544.554937546 131 127 0 0.0101466633
FT 140 268544.588273921 127 119 0 0.0150470266
FT 141 268544.621610380 119 119 0 0.006466786
SW 141 268544.621610380 1 134 157 16 0
FT 142 268544.654946880 132 124 0 0.0140932821
FT 143 268544.688283255 124 120 0 0.00920168077
FT 144 268544.721619671 120 117 0 0.00432761027
SW 144 268544.721619671 1 132 159 16 0
FT 145 268544.754956255 129 124 0 0.00946449155
FT 146 268544.788292588 124 123 0 0.014635552
FT 147 268544.821629130 123 123 0 0.00775767136
SW 147 268544.821629130 1 138 158 14 0
FT 148 268544.854965421 128 122 0 0.00993096059
FT 149 268544.888301921 122 120 0 0.0193681185
FT 150 268544.921638338 120 117 0 0.0097746849
SW 150 268544.921638338 1 136 156 14 0
FT 151 268544.954974796 124 123 0 0.0115413006
FT 152 268544.988311296 123 117 0 0.0195755624
FT 153 268545.021647671 117 114 0 0.0167481894
SW 153 268545.021647671 1 133 155 14 0
FT 154 268545.054984088 125 123 0 0.0129230315
FT 155 268545.088320505 123 119 0 0.0135420343
FT 156 268545.121656963 119 116 0 0.0150551182
SW 156 268545.121656963 1 130 155 14 0
FT 157 268545.154993421 129 129 0 0.0133105407
FT 158 268545.188329755 129 121 0 0.0180238398
FT 159 268545.221666213 121 114 0 0.0259107009
SW 159 268545.221666213 1 132 151 15 0
FT 160 268545.255002671 129 121 0 0.0303635721
FT 161 268545.288339088 121 115 0 0.0330058551
FT 162 268545.321675588 115 111 0 0.0337151084
SW 162 268545.321675588 1 134 159 15 0
FT 163 268545.355011921 130 118 0 0.0261381887
FT 164 268545.388348421 118 114 0 0.0222406238
FT 165 268545.421684838 114 108 0 0.0182462038
SW 165 268545.421684838 1 139 163 16 0
FT 166 268545.455021213 128 126 0 0.012051326
FT 167 268545.488357671 126 121 0 0.0171997138
FT 168 268545.521694088 121 120 0 0.0194608828
SW 168 268545.521694088 1 148 172 18 0
FT 169 268545.555030505 134 130 0 0.0151198448
FT 170 268545.588366921 130 127 0 0.0127701121
FT 171 268545.621703380 127 124 0 0.0166731293
SW 171 268545.621703380 1 147 176 20 0
FT 172 268545.655039838 139 136 0 0.0112799276
FT 173 268545.688376255 136 132 0 0.00784497711
FT 174 268545.721712671 132 127 0 0.015807675
SW 174 268545.721712671 1 146 177 16 0
FT 175 268545.755049005 139 135 0 0.0217958016
FT 176 268545.788385421 135 131 0 0.0249417701
FT 177 268545.821721963 131 128 0 0.0343209151
SW 177 268545.821721963 1 143 172 12 0
FT 178 268545.855058338 143 142 1 0.0351520117
FT 179 268545.888394755 142 137 0 0.0243084184
FT 180 268545.921731130 137 132 0 0.0204431096
SW 180 268545.921731130 1 153 169 11 0
FT 181 268545.955067546 145 130 0 0.0311761132
FT 182 268545.988403963 130 121 0 0.0369760946
FT 183 268546.021740463 121 118 0 0.0288321677
SW 183 268546.021740463 1 156 172 10 0
FT 184 268546.055076796 147 145 0 0.013993682
FT 185 268546.088413296 145 143 0 0.0143819785
FT 186 268546.121749630 143 140 0 0.0174038762
SW 186 268546.121749630 1 173 189 9 0
FT 187 268546.155086130 151 149 0 0.017184411
FT 188 268546.188422546 149 148 0 0.0182490608
FT 189 268546.221758921 148 146 0 0.0256143759
SW 189 268546.221758921 1 172 192 11 0
FT 190 268546.255095338 153 151 0 0.0227116321
FT 191 268546.288431796 151 145 0 0.017767996
FT 192 268546.321768213 145 141 0 0.0249357307
SW 192 268546.321768213 1 169 188 9 0
FT 193 268546.355104546 153 147 0 0.0273242827
FT 194 268546.388441005 147 136 0 0.016482958
FT 195 268546.421777380 136 131 0 0.0172156536
SW 195 268546.421777380 1 152 185 11 0
FT 196 268546.455113880 142 134 0 0.0374953472
FT 197 268546.488450171 134 130 0 0.0323050565
FT 198 268546.521786713 130 123 0 0.0190969056
SW 198 268546.521786713 1 157 171 13 0
FT 199 268546.555123130 146 135 0 0.0189462241
FT 200 268546.588459463 135 124 0 0.0205845662
FT 201 268546.621795963 124 119 0 0.0119703853
SW 201 268546.621795963 1 162 181 15 0
FT 202 268546.655132380 143 138 0 0.0114608792
FT 203 268546.688468630 138 134 0 0.0109447619
FT 204 268546.721805088 134 129 0 0.00857317155
SW 204 268546.721805088 1 167 194 17 0
FT 205 268546.755141463 147 145 0 0.0130652947
FT 206 268546.788477921 145 133 0 0.0150585329
FT 207 268546.821814380 133 128 0 0.0165170939
SW 207 268546.821814380 1 162 195 16 0
FT 208 268546.855150755 145 144 0 0.016197851
FT 209 268546.888487088 144 140 0 0.012251228
FT 210 268546.921823546 140 136 0 0.00988144602
SW 210 268546.921823546 1 159 191 16 0
FT 211 268546.955159921 145 144 0 0.0122167961
FT 212 268546.988496380 144 138 0 0.0148718209
FT 213 268547.021832755 138 133 0 0.0207461733
SW 213 268547.021832755 1 150 181 16 0
FT 214 268547.055169213 145 139 0 0.0215260606
FT 215 268547.088505546 139 135 0 0.0232698631
FT 216 268547.121842088 135 130 0 0.0245402189
SW 216 268547.121842088 1 149 176 20 0
FT 217 268547.155178338 143 138 0 0.0263100339
FT 218 268547.188514755 138 132 0 0.0277430298
FT 219 268547.221851213 132 125 0 0.0262714215
SW 219 268547.221851213 1 148 179 19 0
FT 220 268547.255187546 142 136 0 0.0238673804
FT 221 268547.288524046 136 130 0 0.0306809323
FT 222 268547.321860380 130 126 0 0.0340362739
SW 222 268547.321860380 1 155 180 20 0
FT 223 268547.355196796 141 132 0 0.0345936618
FT 224 268547.388533130 132 122 0 0.0273092097
FT 225 268547.421869588 122 111 0 0.0284683036
SW 225 268547.421869588 1 151 181 21 0
FT 226 268547.455205880 133 122 0 0.0379787149
FT 227 268547.488542338 122 120 0 0.0349517948
FT 228 268547.521878838 120 112 0 0.0332804327
SW 228 268547.521878838 1 157 189 19 0
FT 229 268547.555215213 131 126 0 0.041136534
FT 230 268547.588551588 126 117 0 0.0412577793
FT 231 268547.621887880 117 111 0 0.0435138579
SW 231 268547.621887880 1 157 188 16 0
FT 232 268547.655224296 138 132 0 0.0438537434
FT 233 268547.688560796 132 117 0 0.0434420899
FT 234 268547.721897213 117 105 0 0.0384585896
SW 234 268547.721897213 1 161 188 15 0
FT 235 268547.755233671 147 136 0 0.0213919423
FT 236 268547.788569921 136 112 0 0.0209673457
FT 237 268547.821906380 112 96 0 0.0382437136
SW 237 268547.821906380 1 159 191 11 0
FT 238 268547.855242713 138 110 0 0.0360757595
FT 239 268547.888579171 110 99 0 0.0360845618
FT 240 268547.921915505 99 94 0 0.0241394408
SW 240 268547.921915505 1 167 193 10 0
FT 241 268547.955251921 137 131 0 0.0116173133
FT 242 268547.988588338 131 117 0 0.0133507767
FT 243 268548.021924755 117 106 0 0.0145373148
SW 243 268548.021924755 1 176 199 10 0
FT 244 268548.055261046 131 116 0 0.0087840643
FT 245 268548.088597505 116 99 0 0.0164885553
FT 246 268548.121933880 99 81 0 0.0326826949
SW 246 268548.121933880 1 157 191 13 0
FT 247 268548.155270296 115 83 0 0.038382656
FT 248 268548.188606713 83 71 0 0.0327377766
FT 249 268548.221943046 71 55 0 0.0397500351
SW 249 268548.221943046 1 143 179 12 0
FT 250 268548.255279421 87 62 0 0.0447373061
FT 251 268548.288615838 62 52 0 0.0364253671
FT 252 268548.321952296 52 47 0 0.0295995244
SW 252 268548.321952296 1 130 170 15 0
FT 253 268548.355288588 82 71 0 0.0145844481
FT 254 268548.388625046 71 67 0 0.0147312567
FT 255 268548.425776346 67 63 0 0.0184557798
SW 255 268548.425776346 1 139 168 19 0
FT 256 268548.459082179 129 115 0 0.00655909317
FT 257 268548.492418221 115 100 0 0.0160226391
FT 258 268548.525754387 100 85 0 0.0148495078
SW 258 268548.525754387 1 147 196 19 0
FT 259 268548.559090596 114 111 0 0.020539591
FT 260 268548.592426804 111 101 0 0.0127861453
FT 261 268548.625763012 101 97 0 0.0106158192
SW 261 268548.625763012 1 125 186 26 0
FT 262 268548.659099096 133 114 0 0.0311260457
FT 263 268548.692435221 114 101 0 0.0345192846
FT 264 268548.725771346 101 94 0 0.0330018099
SW 264 268548.725771346 1 116 168 29 0
FT 265 268548.759107637 130 121 0 0.0260707397
FT 266 268548.792443762 121 116 0 0.0162737975
FT 267 268548.825779804 116 112 0 0.003929216
SW 267 268548.825779804 1 113 168 48 0
FT 268 268548.859115929 136 134 0 0.00668291147
FT 269 268548.892452179 134 129 0 0.00360130576
FT 270 268548.925788304 129 122 0 0.0178145096
SW 270 268548.925788304 1 114 190 60 0
FT 271 268548.959124346 150 136 0 0.0256740642
FT 272 268548.992460637 136 126 0 0.0177949431
FT 273 268549.025796804 126 120 0 0.0120708104
SW 273 268549.025796804 1 123 188 57 0
FT 274 268549.059132929 139 126 0 0.0229193033
FT 275 268549.092469054 126 114 0 0.0219170079
FT 276 268549.125805137 114 31 0 0.0755067785
SW 276 268549.125805137 1 109 183 54 0
FT 277 268549.159141387 105 72 0 0.0690327014
FT 278 268549.192477471 72 52 0 0.0529555227
FT 279 268549.222298660 52 48 0 0.026689572
SW 279 268549.222298660 1 106 190 66 5
FT 280 268549.255615577 130 113 0 0.0283005575
FT 281 268549.288592338 113 102 0 0.0194762221
FT 282 268549.321928671 102 101 0 0.0181053517
SW 282 268549.321928671 1 140 234 77 6
FT 283 268549.355265005 136 132 0 0.0150345278
FT 284 268549.388601421 132 121 0 0.0111585723
FT 285 268549.421937796 121 118 0 0.0277916441
SW 285 268549.421937796 1 142 246 82 6
FT 286 268549.455274171 144 138 0 0.0186414611
FT 287 268549.488610546 138 133 0 0.0127503065
FT 288 268549.521946921 133 126 0 0.0152847417
SW 288 268549.521946921 1 78 249 73 6
FT 289 268549.555283380 150 147 0 0.0205050523
FT 290 268549.588619713 147 140 0 0.018976513
FT 291 268549.621956088 140 135 0 0.02318697
SW 291 268549.621956088 1 89 177 71 6
FT 292 268549.655292380 160 153 0 0.0241158349
FT 293 268549.688628880 153 146 0 0.0194231955
FT 294 268549.721965255 146 139 0 0.0119956967
SW 294 268549.721965255 1 123 184 57 0
FT 295 268549.755301505 156 154 0 0.0114936199
FT 296 268549.788637963 154 138 0 0.0193606955
FT 297 268549.821974338 138 135 0 0.0184315913
SW 297 268549.821974338 1 140 191 46 0
FT 298 268549.855310630 168 162 0 0.0189087889
FT 299 268549.888647130 162 148 0 0.0188431996
FT 300 268549.921983421 148 142 0 0.0214478627
SW 300 268549.921983421 1 164 210 35 0
FT 301 268549.955319838 161 149 0 0.0273916919
FT 302 268549.988656255 149 133 0 0.0331584422
FT 303 268550.021992546 133 124 0 0.0234571887
SW 303 268550.021992546 1 165 209 33 0
FT 304 268550.055329005 157 143 0 0.0194679966
FT 305 268550.088665380 143 126 0 0.0324698019
FT 306 268550.122001713 126 112 0 0.0320382953
SW 306 268550.122001713 1 172 215 29 0
FT 307 268550.155338130 133 121 0 0.0246946827
FT 308 268550.188674421 121 110 0 0.025506982
FT 309 268550.222010755 110 100 0 0.0326371076
SW 309 268550.222010755 1 168 210 27 0
FT 310 268550.255347213 132 111 0 0.0300985336
FT 311 268550.288683588 111 99 0 0.028375977
FT 312 268550.322019921 99 88 0 0.0320113593
SW 312 268550.322019921 1 162 204 25 0
FT 313 268550.355356380 121 107 0 0.0251682943
FT 314 268550.388692630 107 98 0 0.0166864068
FT 315 268550.422029088 98 89 0 0.0161036756
SW 315 268550.422029088 1 151 203 24 0
FT 316 268550.455365505 114 103 0 0.0136643272
FT 317 268550.488701796 103 93 0 0.00312230322
FT 318 268550.522038213 93 86 0 0.00755450955
SW 318 268550.522038213 1 129 188 30 0
FT 319 268550.555374630 117 99 0 0.0211441798
FT 320 268550.588710838 99 91 0 0.0176692918
FT 321 268550.622047338 91 81 0 0.0212990401
SW 321 268550.622047338 1 126 172 25 0
FT 322 268550.655383755 111 95 0 0.0145260389
FT 323 268550.688720005 95 88 0 0.0129311979
FT 324 268550.722056421 88 76 0 0.0276590871
SW 324 268550.722056421 1 120 162 21 0
FT 325 268550.755392713 102 85 0 0.0306100984
FT 326 268550.788729130 85 81 0 0.0191743925
FT 327 268550.822065505 81 77 0 0.0131296046
SW 327 268550.822065505 1 112 152 25 0
FT 328 268550.855401880 95 88 0 0.0212236965
FT 329 268550.888738296 88 78 0 0.0276502934
FT 330 268550.922074713 78 69 0 0.0383813282
SW 330 268550.922074713 1 104 145 25 0
FT 331 268550.955411005 97 93 0 0.0199682049
FT 332 268550.988747421 93 89 0 0.0264324968
FT 333 268551.022083796 89 50 0 0.0563333696
SW 333 268551.022083796 1 92 132 22 0
FT 334 268551.055420171 88 62 0 0.0700185888
FT 335 268551.088756546 62 56 0 0.0230115323
FT 336 268551.122092921 56 56 0 0.018217002
SW 336 268551.122092921 1 94 130 20 0
FT 337 268551.155429213 107 95 0 0.0187355611
FT 338 268551.188765546 95 89 0 0.0123285614
FT 339 268551.222101963 89 87 0 0.00500531061
SW 339 268551.222101963 1 120 151 21 0
FT 340 268551.255438296 118 115 0 0.00288195758
FT 341 268551.288774671 115 114 0 0.00470406179
FT 342 268551.322111005 114 112 0 0.00436311977
SW 342 268551.322111005 1 131 168 21 0
FT 343 268551.355447421 130 126 0 0.00224382348
FT 344 268551.388783755 126 118 0 0.0066646673
FT 345 268551.422120171 118 115 0 0.00484665734
SW 345 268551.422120171 1 121 166 23 0
FT 346 268551.455456421 128 123 0 0.0135763921
FT 347 268551.488792880 123 116 0 0.0155156528
FT 348 268551.522129213 116 115 0 0.00947511602
SW 348 268551.522129213 1 118 155 27 0
FT 349 268551.555465630 125 116 0 0.00427461965
FT 350 268551.588802005 116 108 0 0.00886787774
FT 351 268551.622138296 108 104 0 0.0103441126
SW 351 268551.622138296 1 125 151 20 0
FT 352 268551.655474630 121 110 0 0.0105676523
FT 353 268551.688810963 110 102 0 0.0133197648
FT 354 268551.722147380 102 94 0 0.0115963016
SW 354 268551.722147380 1 133 157 22 0
FT 355 268551.755483755 116 102 0 0.00917029311
FT 356 268551.788820088 102 94 0 0.00661780249
FT 357 268551.822156463 94 83 0 0.00379273579
SW 357 268551.822156463 1 131 165 23 0
FT 358 268551.855492880 120 104 0 0.00557721584
FT 359 268551.888829088 104 91 0 0.00685349331
FT 360 268551.922165505 91 79 0 0.0128703288
SW 360 268551.922165505 1 135 170 24 0
FT 361 268551.955501838 120 106 0 0.00911776368
FT 362 268551.988838213 106 89 0 0.010800681
FT 363 268552.022174588 89 81 0 0.00772421233
SW 363 268552.022174588 1 137 178 24 0
FT 364 268552.055510880 111 101 0 0.0127361993
FT 365 268552.088847255 101 93 0 0.0126961633
FT 366 268552.122183671 93 88 0 0.013245875
SW 366 268552.122183671 1 131 176 23 0
FT 367 268552.155519963 110 101 0 0.0131491011
FT 368 268552.188856338 101 98 0 0.00699365921
FT 369 268552.222192796 98 92 0 0.00919441735
SW 369 268552.222192796 1 122 169 26 0
FT 370 268552.255529005 121 110 0 0.00581872046
FT 371 268552.288865380 110 100 0 0.00440845049
FT 372 268552.322201838 100 97 0 0.0105037063
SW 372 268552.322201838 1 121 165 24 0
FT 373 268552.355538088 112 107 0 0.0136489632
FT 374 268552.388874505 107 98 0 0.0115816472
FT 375 268552.422210838 98 94 0 0.00855883217
SW 375 268552.422210838 1 117 158 24 0
FT 376 268552.455547171 114 101 0 0.00936400633
FT 377 268552.488883421 101 90 0 0.00542544721
FT 378 268552.522219963 90 87 0 0.00267059823
SW 378 268552.522219963 1 125 154 21 0
FT 379 268552.555556255 109 105 0 0.0113647367
FT 380 268552.588892505 105 96 0 0.00756202625
FT 381 268552.622228963 96 88 0 0.0177403655
SW 381 268552.622228963 1 138 164 15 0
FT 382 268552.655565255 105 94 0 0.0161563583
FT 383 268552.688901671 94 80 0 0.0213659655
FT 384 268552.722238005 80 74 0 0.0192417505
SW 384 268552.722238005 1 129 160 19 0
FT 385 268552.755574338 107 88 0 0.011451281
FT 386 268552.788910671 88 76 0 0.0103247236
FT 387 268552.822247088 76 68 0 0.013907323
SW 387 268552.822247088 1 123 163 24 0
FT 388 268552.855583463 100 88 0 0.0117355007
FT 389 268552.888919755 88 78 0 0.0210472686
FT 390 268552.922256130 78 75 0 0.0171828586
SW 390 268552.922256130 1 120 165 25 0
FT 391 268552.955592505 110 93 0 0.0155961381
FT 392 268552.988928838 93 89 0 0.0237836313
FT 393 268553.022265088 89 84 0 0.0222919576
SW 393 268553.022265088 1 124 164 23 0
FT 394 268553.055601463 107 97 0 0.00786368937
FT 395 268553.088937838 97 93 0 0.00671919793
FT 396 268553.122274171 93 87 0 0.0127360481
SW 396 268553.122274171 1 117 162 24 0
FT 397 268553.155610546 120 111 0 0.0081042373
FT 398 268553.188946880 111 108 0 0.00997231726
FT 399 268553.226098262 108 100 0 0.0140931701
SW 399 268553.226098262 1 118 161 22 0
FT 400 268553.259403929 137 129 0 0.013978557
FT 401 268553.292740137 129 123 0 0.0122383797
FT 402 268553.326076304 123 119 0 0.0140968398
SW 402 268553.326076304 1 137 169 21 0
FT 403 268553.359412346 136 130 0 0.0183430253
FT 404 268553.392748387 130 117 0 0.018734157
FT 405 268553.426084596 117 108 0 0.0124134001
SW 405 268553.426084596 1 140 170 20 0
FT 406 268553.459420596 148 139 0 0.0138000663
FT 407 268553.492756721 139 133 0 0.0103705989
FT 408 268553.526092929 133 127 0 0.00879957475
SW 408 268553.526092929 1 154 185 19 0
FT 409 268553.559428971 149 140 0 0.00854457246
FT 410 268553.592765054 140 119 0 0.00746075997
FT 411 268553.626101262 119 104 0 0.00883492372
SW 411 268553.626101262 1 153 180 20 0
FT 412 268553.659437346 118 109 0 0.0086366736
FT 413 268553.692773429 109 100 0 0.00702978129
FT 414 268553.726109471 100 97 0 0.00583423858
SW 414 268553.726109471 1 150 183 23 0
FT 415 268553.759445637 113 109 0 0.00662193032
FT 416 268553.792781762 109 102 0 0.0136359981
FT 417 268553.826117887 102 92 0 0.0133118778
SW 417 268553.826117887 1 135 180 22 0
FT 418 268553.859453971 115 111 0 0.00399836037
FT 419 268553.892790012 111 102 0 0.00583548158
FT 420 268553.926126221 102 95 0 0.00880773311
SW 420 268553.926126221 1 146 173 21 0
FT 421 268553.959462304 105 96 0 0.00770803941
FT 422 268553.992798387 96 92 0 0.00595382537
FT 423 268554.026134554 92 86 0 0.0129617763
SW 423 268554.026134554 1 122 174 22 0
FT 424 268554.059470596 103 100 0 0.00633282211
FT 425 268554.092806721 100 96 0 0.00767122103
FT 426 268554.126142887 96 87 0 0.0151668048
SW 426 268554.126142887 1 120 158 21 0
FT 427 268554.159478971 109 96 0 0.0163653076
FT 428 268554.192815054 96 91 0 0.0123466012
FT 429 268554.226151221 91 87 0 0.0137508437
SW 429 268554.226151221 1 126 156 18 0
FT 430 268554.259487262 130 126 0 0.00975561106
FT 431 268554.292823346 126 121 0 0.0110682309
FT 432 268554.326159554 121 116 0 0.00734830647
SW 432 268554.326159554 1 149 180 18 0
FT 433 268554.359495637 151 147 0 0.0060794688
FT 434 268554.392831679 147 134 0 0.0106902867
FT 435 268554.426167804 134 122 0 0.0163412894
SW 435 268554.426167804 1 154 186 15 1
FT 436 268554.459503929 153 144 0 0.0223728317
FT 437 268554.492839971 144 134 0 0.0237769763
FT 438 268554.526176054 134 125 0 0.0270585876
SW 438 268554.526176054 1 159 191 18 1
FT 439 268554.559512096 151 146 0 0.012597705
FT 440 268554.592848304 146 140 0 0.00906638223
FT 441 268554.626184512 140 134 0 0.0127294105
SW 441 268554.626184512 1 168 201 17 1
FT 442 268554.659520512 157 145 0 0.00815755369
FT 443 268554.692856596 145 131 0 0.0145870147
FT 444 268554.726192679 131 125 0 0.0139263558
SW 444 268554.726192679 1 172 200 20 1
FT 445 268554.759528887 153 143 0 0.00317467263
FT 446 268554.792864929 143 122 0 0.00922507072
FT 447 268554.826201012 122 111 0 0.00942796282
SW 447 268554.826201012 1 173 208 21 1
FT 448 268554.859537054 144 135 0 0.0164278139
FT 449 268554.892873179 135 119 0 0.00718212319
FT 450 268554.926209221 119 114 0 0.0107287821
SW 450 268554.926209221 1 176 216 22 0
FT 451 268554.959545471 147 137 0 0.0118468173
FT 452 268554.992881554 137 129 0 0.0201867656
FT 453 268555.026217637 129 123 0 0.0154969133
SW 453 268555.026217637 1 186 222 22 0
FT 454 268555.059553637 154 150 0 0.00782130656
FT 455 268555.092889804 150 144 0 0.00876843755
FT 456 268555.126225971 144 136 0 0.00802206297
SW 456 268555.126225971 1 192 236 21 0
FT 457 268555.159562096 162 157 0 0.00836078072
FT 458 268555.192898137 157 149 0 0.0129700235
FT 459 268555.226234221 149 141 0 0.0123713384
SW 459 268555.226234221 1 190 234 15 0
FT 460 268555.259570304 162 150 0 0.00800687261
FT 461 268555.292906471 150 142 0 0.00544937389
FT 462 268555.326242471 142 135 0 0.00985380981
SW 462 268555.326242471 1 191 223 14 0
FT 463 268555.359578596 157 147 0 0.0105437734
FT 464 268555.392914721 147 139 0 0.0102118425
FT 465 268555.426250887 139 127 0 0.0106776748
SW 465 268555.426250887 1 194 219 10 0
FT 466 268555.459586804 149 139 0 0.00927542358
FT 467 268555.492922971 139 133 0 0.0103686908
FT 468 268555.526259137 133 127 0 0.0119447498
SW 468 268555.526259137 1 196 223 12 0
FT 469 268555.559595221 155 144 0 0.00983828077
FT 470 268555.592931304 144 138 0 0.00882697108
FT 471 268555.626267429 138 138 0 0.00810682365
SW 471 268555.626267429 1 200 230 14 0
FT 472 268555.659603512 167 164 0 0.00910021597
FT 473 268555.692939596 164 156 0 0.009573161
FT 474 268555.726275637 156 148 0 0.0172642673
SW 474 268555.726275637 1 196 233 13 0
FT 475 268555.759611846 164 153 0 0.0195399749
FT 476 268555.792947846 153 142 0 0.0134021096
FT 477 268555.826283929 142 138 0 0.0187162376
SW 477 268555.826283929 1 186 221 13 0
FT 478 268555.859620096 167 158 0 0.0171214885
FT 479 268555.892956137 158 148 0 0.0120247036
FT 480 268555.926292346 148 140 0 0.011940499
SW 480 268555.926292346 1 189 220 12 0
FT 481 268555.959628304 165 159 0 0.0190558493
FT 482 268555.992964387 159 146 0 0.0164704261
FT 483 268556.026300471 146 136 0 0.017136959
SW 483 268556.026300471 1 193 217 13 0
FT 484 268556.059636721 168 158 0 0.0213789288
FT 485 268556.092972637 158 143 0 0.0212009802
FT 486 268556.126308804 143 132 0 0.0250919003
SW 486 268556.126308804 1 200 225 16 0
FT 487 268556.159644762 167 155 0 0.0288457571
FT 488 268556.192980971 155 144 0 0.016807027
FT 489 268556.226317054 144 141 0 0.0177079603
SW 489 268556.226317054 1 197 240 18 3
FT 490 268556.259653096 180 166 0 0.0123873083
FT 491 268556.292989221 166 155 0 0.0166135749
FT 492 268556.326325429 155 152 0 0.0158459557
SW 492 268556.326325429 1 200 242 20 3
FT 493 268556.359661471 173 172 0 0.024009181
FT 494 268556.392997471 172 164 0 0.0274943905
FT 495 268556.426333554 164 146 0 0.0253491989
SW 495 268556.426333554 1 181 236 31 3
FT 496 268556.459669846 173 137 0 0.0731946151
FT 497 268556.493005721 137 117 0 0.0437693613
FT 498 268556.526341846 117 113 0 0.0210006332
SW 498 268556.526341846 1 160 223 37 3
FT 499 268556.559677971 155 152 0 0.02006463
FT 500 268556.593014012 152 140 0 0.0200497841
FT 501 268556.626350054 140 133 0 0.0211637553
SW 501 268556.626350054 1 175 229 35 3
FT 502 268556.659686137 170 159 0 0.0141778428
FT 503 268556.693022262 159 155 0 0.014290189
FT 504 268556.726358304 155 142 0 0.0213559914
SW 504 268556.726358304 1 191 239 37 0
FT 505 268556.759694387 171 141 0 0.0320765086
FT 506 268556.793030512 141 118 0 0.0379473916
FT 507 268556.826366554 118 86 0 0.0122334487
SW 507 268556.826366554 1 180 238 39 0
FT 508 268556.859702679 152 143 0 0.0237185379
FT 509 268556.893038762 143 133 0 0.0342430561
FT 510 268556.926374887 133 125 0 0.0228299228
SW 510 268556.926374887 1 187 268 40 0
FT 511 268556.959710846 155 148 0 0.0144189218
FT 512 268556.993046929 148 141 0 0.0102274255
FT 513 268557.026383096 141 137 0 0.0173036012
SW 513 268557.026383096 1 218 250 23 0
FT 514 268557.059719179 158 156 0 0.0144585981
FT 515 268557.093055387 156 145 0 0.0122905855
FT 516 268557.126391262 145 128 0 0.0166335242
SW 516 268557.126391262 1 225 255 13 0
FT 517 268557.159727429 156 149 0 0.0106601478
FT 518 268557.193063512 149 144 0 0.0153894516
FT 519 268557.226399637 144 135 0 0.00929080115
SW 519 268557.226399637 1 181 258 11 0
FT 520 268557.259735762 157 149 0 0.0103082904
FT 521 268557.293071762 149 141 0 0.0228692996
FT 522 268557.326407804 141 135 0 0.0263773133
SW 522 268557.326407804 1 182 204 12 0
FT 523 268557.359743887 150 138 0 0.0364259885
FT 524 268557.393079971 138 108 0 0.0519326288
FT 525 268557.426416179 108 97 0 0.0521957353
SW 525 268557.426416179 1 186 204 7 0
FT 526 268557.459752137 135 127 0 0.0266135651
FT 527 268557.493088346 127 124 0 0.0151406056
FT 528 268557.526424304 124 117 0 0.0257928861
SW 528 268557.526424304 1 192 222 7 0
FT 529 268557.559760387 143 135 0 0.0260362712
FT 530 268557.593096429 135 130 0 0.0211015016
FT 531 268557.626432554 130 125 0 0.0284429542
SW 531 268557.626432554 1 199 220 8 0
FT 532 268557.659768554 152 146 0 0.0292846942
FT 533 268557.693104679 146 138 0 0.0190446662
FT 534 268557.726440762 138 132 0 0.0257408434
SW 534 268557.726440762 1 206 225 7 0
FT 535 268557.759776887 156 140 0 0.0411492656
FT 536 268557.793112887 140 128 0 0.033096815
FT 537 268557.826449012 128 109 0 0.0291699597
SW 537 268557.826449012 1 161 226 17 0
FT 538 268557.859785137 153 135 0 0.019959343
FT 539 268557.893121304 135 127 0 0.0201694505
FT 540 268557.926457262 127 124 0 0.0254416267
SW 540 268557.926457262 1 183 206 14 0
FT 541 268557.959793262 164 157 0 0.0260977092
FT 542 268557.993129387 157 150 0 0.0293548546
FT 543 268558.026465679 150 145 0 0.0272206957
SW 543 268558.026465679 1 197 230 20 0
FT 544 268558.059801554 165 158 0 0.020155899
FT 545 268558.093137596 158 152 0 0.0233660336
FT 546 268558.126473721 152 135 0 0.0374727331
SW 546 268558.126473721 1 202 233 20 0
FT 547 268558.159809929 158 142 0 0.0365079229
FT 548 268558.193145846 142 133 0 0.032511174
FT 549 268558.226481971 133 111 0 0.0366813985
SW 549 268558.226481971 1 175 235 24 0
FT 550 268558.259817929 138 126 0 0.0405983099
FT 551 268558.293154054 126 106 0 0.0398788039
FT 552 268558.326490179 106 99 0 0.0302912852
SW 552 268558.326490179 1 180 215 22 0
FT 553 268558.359826221 149 137 0 0.0259177116
FT 554 268558.393162262 137 118 0 0.0368342879
FT 555 268558.426498387 118 112 0 0.0409328179
SW 555 268558.426498387 1 204 231 15 0
FT 556 268558.459834429 148 106 0 0.022700933
FT 557 268558.493170512 106 83 0 0.0252388531
FT 558 268558.526506637 83 73 0 0.0320735427
SW 558 268558.526506637 1 190 232 16 0
FT 559 268558.559842679 137 125 0 0.0369143158
FT 560 268558.593178637 125 101 0 0.0366843474
FT 561 268558.626514887 101 99 0 0.0309851957
SW 561 268558.626514887 1 193 247 17 0
FT 562 268558.659850762 149 140 0 0.0226372525
FT 563 268558.693186929 140 126 0 0.028359948
FT 564 268558.726522887 126 119 0 0.0247015496
SW 564 268558.726522887 1 196 244 20 0
FT 565 268558.759859179 160 151 0 0.0182446722
FT 566 268558.793195137 151 144 0 0.0222553149
FT 567 268558.826531262 144 141 0 0.0183950732
SW 567 268558.826531262 1 218 250 16 0
FT 568 268558.859867221 159 158 0 0.017045827
FT 569 268558.893203429 158 154 0 0.0180454185
FT 570 268558.926539429 154 144 0 0.0156515573
SW 570 268558.926539429 1 181 246 13 0
FT 571 268558.959875471 165 157 0 0.0130537213
FT 572 268558.993211471 157 146 0 0.0231213088
FT 573 268559.026547637 146 137 0 0.0131041348
SW 573 268559.026547637 1 176 206 15 0
FT 574 268559.059883679 152 129 0 0.00782789915
FT 575 268559.093219804 129 118 0 0.0169834863
FT 576 268559.126555762 118 114 0 0.0146010886
SW 576 268559.126555762 1 170 198 14 0
FT 577 268559.159891887 143 131 0 0.00950291863
FT 578 268559.193227887 131 124 0 0.0157466772
FT 579 268559.226564012 124 119 0 0.0172075761
SW 579 268559.226564012 1 180 206 14 0
FT 580 268559.259900096 143 133 0 0.0117712015
FT 581 268559.293236179 133 125 1 0.0134985948
FT 582 268559.326572387 125 123 0 0.0119984891
SW 582 268559.326572387 1 187 209 13 0
FT 583 268559.359908346 144 139 1 0.00667007717
FT 584 268559.393244304 139 135 1 0.0102174206
FT 585 268559.426580346 135 134 1 0.00714678555
SW 585 268559.426580346 0 187 0 0 0
FT 586 268559.459916471 162 161 0 0.00418839436
FT 587 268559.493252596 161 149 0 0.0162813403
FT 588 268559.526588637 149 139 1 0.022557068
SW 588 268559.526588637 0 187 0 0 0
FT 589 268559.559924554 155 151 0 0.0201228295
FT 590 268559.593260721 151 149 0 0.00931442664
FT 591 268559.626596846 149 146 1 0.0194809498
SW 591 268559.626596846 0 187 0 0 0
FT 592 268559.659932846 162 162 1 0.010375302
FT 593 268559.693268887 162 159 0 0.013888322
FT 594 268559.726605096 159 154 0 0.0144972006
SW 594 268559.726605096 1 170 257 40 0
FT 595 268559.759941054 166 162 1 0.00854316045
FT 596 268559.793277137 162 153 0 0.011724223
FT 597 268559.823098202 153 138 0 0.0235398104
SW 597 268559.823098202 1 159 212 36 0
FT 598 268559.856074921 155 152 0 0.00644748379
FT 599 268559.889411296 152 150 0 0.0166091242
FT 600 268559.922747505 150 140 0 0.0129328274
SW 600 268559.922747505 1 153 205 41 0
FT 601 268559.956083838 157 147 0 0.0278096749
FT 602 268559.989420088 147 139 1 0.0241575734
FT 603 268560.022756380 139 138 1 0.00981465443
SW 603 268560.022756380 0 153 0 0 0
FT 604 268560.056092671 158 154 0 0.0126912864
FT 605 268560.089428963 154 151 1 0.0133385401
FT 606 268560.122765213 151 151 1 0.0121811374
SW 606 268560.122765213 0 153 0 0 0
FT 607 268560.156101588 161 159 1 0.0122710505
FT 608 268560.189437838 159 157 1 0.0137948378
FT 609 268560.222774171 157 152 1 0.0109560759
SW 609 268560.222774171 0 153 0 0 0
FT 610 268560.256110421 160 157 1 0.0124275669
FT 611 268560.289446671 157 157 1 0.00979658796
FT 612 268560.322783046 157 156 1 0.0125294197
SW 612 268560.322783046 0 153 0 0 0
FT 613 268560.356119296 165 165 1 0.0108957601
FT 614 268560.389455630 165 155 0 0.0151917277
FT 615 268560.422791963 155 84 0 0.0404064343
SW 615 268560.422791963 1 129 206 50 0
FT 616 268560.456128255 121 42 0 0.0722019825
FT 617 268560.489464463 42 20 0 0.0833973905
FT 618 268560.522800838 20 16 0 0.0461197259
SW 618 268560.522800838 1 132 182 31 0
FT 619 268560.556136963 132 129 0 0.0115352024
FT 620 268560.589473338 129 121 0 0.0127788333
FT 621 268560.622809630 121 105 0 0.0347395918
SW 621 268560.622809630 1 221 253 24 0
FT 622 268560.656145921 142 127 0 0.0289431383
FT 623 268560.689482213 127 112 0 0.026550671
FT 624 268560.722818546 112 94 0 0.0399891234
SW 624 268560.722818546 1 231 262 13 0
FT 625 268560.756154838 119 75 0 0.051500822
FT 626 268560.789491130 75 47 0 0.0501527611
FT 627 268560.822827380 47 41 0 0.049152857
SW 627 268560.822827380 1 185 254 9 9
FT 628 268560.856163713 76 63 0 0.0447216319
FT 629 268560.889500005 63 57 0 0.0359007122
FT 630 268560.922836255 57 46 0 0.0337634853
SW 630 268560.922836255 1 141 224 13 0
FT 631 268560.956172588 129 113 0 0.0353691696
FT 632 268560.989508838 113 99 0 0.0352683267
FT 633 268561.022845130 99 85 0 0.0257928562
SW 633 268561.022845130 1 186 205 18 0
FT 634 268561.056181338 132 101 0 0.010535879
FT 635 268561.089517713 101 70 0 0.0275186245
FT 636 268561.122853963 70 57 0 0.0319165915
SW 636 268561.122853963 1 170 218 20 0
FT 637 268561.156190213 98 85 0 0.009014869
FT 638 268561.189526505 85 73 0 0.0136958429
FT 639 268561.222862838 73 60 0 0.033005058
SW 639 268561.222862838 1 123 212 25 1
FT 640 268561.256199130 93 76 0 0.0347161545
FT 641 268561.289535338 76 66 0 0.0285239336
FT 642 268561.322871630 66 49 0 0.0245077491
SW 642 268561.322871630 1 122 165 26 1
FT 643 268561.356207963 76 58 0 0.0337980521
FT 644 268561.389544255 58 48 0 0.0216992652
FT 645 268561.422880505 48 37 0 0.0271378746
SW 645 268561.422880505 1 129 161 19 1
FT 646 268561.456216838 85 71 0 0.0226066848
FT 647 268561.489553213 71 59 0 0.0104051446
FT 648 268561.522889421 59 55 0 0.0154594522
SW 648 268561.522889421 1 109 175 23 1
FT 649 268561.556225630 112 95 0 0.0258774278
FT 650 268561.589561963 95 78 0 0.0176427519
FT 651 268561.622898213 78 71 0 0.0157826296
SW 651 268561.622898213 1 121 163 22 1
FT 652 268561.656234505 106 75 0 0.0222454766
FT 653 268561.689570713 75 60 0 0.0259665258
FT 654 268561.722907005 60 56 0 0.0185611614
SW 654 268561.722907005 1 104 158 27 0
FT 655 268561.756243296 102 87 0 0.0243389504
FT 656 268561.789579671 87 76 0 0.0223705653
FT 657 268561.822915921 76 72 0 0.0213838831
SW 657 268561.822915921 1 108 157 25 0
FT 658 268561.856252171 114 100 0 0.0206919977
FT 659 268561.889588421 100 87 0 0.0230472949
FT 660 268561.922924796 87 79 0 0.0262053242
SW 660 268561.922924796 1 119 157 30 0
FT 661 268561.956261088 132 110 0 0.02913951
FT 662 268561.989597338 110 97 0 0.0296245459
FT 663 268562.022933630 97 94 0 0.0279765007
SW 663 268562.022933630 1 143 184 27 0
FT 664 268562.056269880 125 117 0 0.0240715442
FT 665 268562.089606171 117 106 0 0.0209719541
FT 666 268562.122942380 106 98 0 0.0207902558
SW 666 268562.122942380 1 129 190 32 0
FT 667 268562.156278671 133 128 0 0.0129588004
FT 668 268562.189614921 128 123 0 0.0123543669
FT 669 268562.222951255 123 115 0 0.0184680267
SW 669 268562.222951255 1 149 189 30 0
FT 670 268562.256287463 138 123 0 0.026041559
FT 671 268562.289623796 123 115 0 0.0271427698
FT 672 268562.322960130 115 111 0 0.022441298
SW 672 268562.322960130 1 150 193 26 0
FT 673 268562.356296296 141 136 0 0.00973976464
FT 674 268562.389632630 136 132 0 0.0109797694
FT 675 268562.422968963 132 125 0 0.0141904698
SW 675 268562.422968963 1 155 199 24 0
FT 676 268562.456305213 137 131 0 0.00563443972
FT 677 268562.489641463 131 128 0 0.00799211575
FT 678 268562.522977755 128 121 0 0.0111879613
SW 678 268562.522977755 1 153 188 19 0
FT 679 268562.556314046 139 132 0 0.00732872778
FT 680 268562.589650338 132 127 0 0.0150844766
FT 681 268562.622986671 127 122 0 0.0143880801
SW 681 268562.622986671 1 166 187 10 0
FT 682 268562.656322838 141 133 0 0.0131970116
FT 683 268562.689659130 133 127 0 0.0122035385
FT 684 268562.722995421 127 123 0 0.00770254676
SW 684 268562.722995421 1 161 189 10 0
FT 685 268562.756331630 138 130 0 0.0132429114
FT 686 268562.789667921 130 122 0 0.00676564283
FT 687 268562.823004171 122 119 0 0.0129448895
SW 687 268562.823004171 1 163 180 8 0
FT 688 268562.856340421 133 126 0 0.01501927
FT 689 268562.889676838 126 114 0 0.017231422
FT 690 268562.923013130 114 103 0 0.0305744569
SW 690 268562.923013130 1 158 180 9 0
FT 691 268562.956349338 125 114 0 0.0238886014
FT 692 268562.989685630 114 106 0 0.0171617174
FT 693 268563.023021838 106 104 0 0.0187507958
SW 693 268563.023021838 1 158 184 12 0
FT 694 268563.056358088 124 122 0 0.0183589835
FT 695 268563.089694463 122 121 0 0.0209279211
FT 696 268563.123030671 121 118 0 0.0194399124
SW 696 268563.123030671 1 158 185 15 0
FT 697 268563.156366963 133 131 0 0.0213950427
FT 698 268563.189703255 131 120 0 0.0116764944
FT 699 268563.223039505 120 115 0 0.0192549097
SW 699 268563.223039505 1 150 182 19 0
FT 700 268563.256375755 139 132 0 0.0214678489
FT 701 268563.289712005 132 129 0 0.0204180212
FT 702 268563.323048255 129 119 0 0.0188076064
SW 702 268563.323048255 1 138 184 21 0
FT 703 268563.356384505 146 131 0 0.0223090878
FT 704 268563.389720796 131 125 0 0.0279279014
FT 705 268563.423057088 125 119 0 0.0235936508
SW 705 268563.423057088 1 136 177 25 0
FT 706 268563.456393421 137 125 0 0.0250272421
FT 707 268563.489729671 125 120 0 0.0153181646
FT 708 268563.523065921 120 116 0 0.0215431681
SW 708 268563.523065921 1 143 172 28 0
FT 709 268563.556402171 146 143 0 0.0129898957
FT 710 268563.589738463 143 137 0 0.00757846279
FT 711 268563.623074713 137 135 0 0.0126326755
SW 711 268563.623074713 1 154 196 30 0
FT 712 268563.656411005 154 139 0 0.0299106497
FT 713 268563.689747255 139 137 0 0.0154921399
FT 714 268563.723083505 137 131 0 0.0240594581
SW 714 268563.723083505 1 155 196 30 0
FT 715 268563.756419796 144 135 0 0.0298565603
FT 716 268563.789756130 135 127 0 0.0342637864
FT 717 268563.823092380 127 122 0 0.0191628148
SW 717 268563.823092380 1 151 195 26 0
FT 718 268563.856428630 140 132 0 0.0149042386
FT 719 268563.889764796 132 126 0 0.00411163826
FT 720 268563.923101213 126 122 0 0.00820023522
SW 720 268563.923101213 1 154 188 20 0
FT 721 268563.956437463 144 139 0 0.00899749371
FT 722 268563.989773713 139 133 0 0.0141047782
FT 723 268564.023109963 133 116 0 0.0267517084
SW 723 268564.023109963 1 163 190 21 0
FT 724 268564.056446255 143 134 0 0.0264560621
FT 725 268564.089782505 134 127 0 0.0138569572
FT 726 268564.123118838 127 112 0 0.0221562227
SW 726 268564.123118838 1 163 203 24 0
FT 727 268564.156455005 139 128 0 0.0223642146
FT 728 268564.189791296 128 118 0 0.0306492381
FT 729 268564.223127630 118 109 0 0.035834212
SW 729 268564.223127630 1 170 207 18 0
FT 730 268564.256463713 146 136 0 0.0392039703
FT 731 268564.289800171 136 130 0 0.0443046839
FT 732 268564.323136380 130 106 0 0.0555761834
SW 732 268564.323136380 1 181 209 17 0
FT 733 268564.356472755 133 110 0 0.0639216158
FT 734 268564.389809005 110 106 0 0.0355555277
FT 735 268564.423145255 106 101 0 0.0171039133
SW 735 268564.423145255 1 177 214 15 0
FT 736 268564.456481380 134 104 0 0.0620646693
FT 737 268564.489817713 104 79 0 0.0496552468
FT 738 268564.523154046 79 69 0 0.0378758058
SW 738 268564.523154046 1 170 207 14 0
FT 739 268564.556490213 124 108 0 0.0448531925
FT 740 268564.589826588 108 101 0 0.0649119882
FT 741 268564.623162838 101 85 0 0.0855284756
SW 741 268564.623162838 1 179 215 13 0
FT 742 268564.656499005 113 88 0 0.0748762392
FT 743 268564.689835255 88 66 0 0.0710471384
FT 744 268564.723171671 66 53 0 0.0740813994
SW 744 268564.723171671 1 160 199 15 0
FT 745 268564.756507838 116 99 0 0.0303611115
FT 746 268564.789844088 99 87 0 0.0343266022
FT 747 268564.823180421 87 73 0 0.0410350336
SW 747 268564.823180421 1 167 205 17 0
FT 748 268564.856516755 114 87 0 0.0396530888
FT 749 268564.889852880 87 76 0 0.0503685179
FT 750 268564.923189296 76 69 0 0.0507321844
SW 750 268564.923189296 1 134 197 16 0
FT 751 268564.956525421 108 92 0 0.0500164704
FT 752 268564.989861671 92 83 0 0.0472679706
FT 753 268565.023197963 83 80 0 0.0234954367
SW 753 268565.023197963 1 130 172 25 1
FT 754 268565.056534255 109 103 0 0.0226375568
FT 755 268565.089870505 103 95 0 0.0252074736
FT 756 268565.123206755 95 91 0 0.0306182378
SW 756 268565.123206755 1 105 174 31 0
FT 757 268565.156542921 113 104 0 0.0409806788
FT 758 268565.189879296 104 94 0 0.0476660286
FT 759 268565.223215463 94 83 0 0.0520649158
SW 759 268565.223215463 1 109 146 27 0
FT 760 268565.256551796 112 98 0 0.0518740993
FT 761 268565.289888088 98 94 0 0.0363385232
FT 762 268565.323224255 94 93 0 0.0295380047
SW 762 268565.323224255 1 115 158 26 0
FT 763 268565.356560588 120 110 1 0.0310208875
FT 764 268565.389896838 110 106 1 0.0277015526
FT 765 268565.423233171 106 101 0 0.0230004411
SW 765 268565.423233171 1 123 158 24 0
FT 766 268565.456569380 120 105 0 0.0248950985
FT 767 268565.489905713 105 101 0 0.0261286062
FT 768 268565.523241880 101 92 0 0.0258019066
SW 768 268565.523241880 1 132 156 17 0
FT 769 268565.556578171 114 99 0 0.0149871741
FT 770 268565.589914380 99 92 0 0.0122136723
FT 771 268565.623250755 92 83 0 0.0226059408
SW 771 268565.623250755 1 127 162 17 0
FT 772 268565.656586880 105 95 0 0.0148245748
FT 773 268565.689923171 95 87 0 0.0179708365
FT 774 268565.723259380 87 74 0 0.0356600185
SW 774 268565.723259380 1 128 156 16 0
FT 775 268565.756595755 98 86 0 0.0299128521
FT 776 268565.789931963 86 78 0 0.0319433328
FT 777 268565.823268213 78 74 0 0.0278873731
SW 777 268565.823268213 1 131 159 19 0
FT 778 268565.856604463 96 81 0 0.0269795076
FT 779 268565.889940755 81 65 0 0.0311972488
FT 780 268565.923276963 65 60 0 0.0206948974
SW 780 268565.923276963 1 116 157 23 0
FT 781 268565.956613296 103 93 0 0.020911419
FT 782 268565.989949588 93 78 0 0.034218531
FT 783 268566.023285838 78 63 0 0.0430073447
SW 783 268566.023285838 1 119 161 20 0
FT 784 268566.056622005 102 83 0 0.0305004811
FT 785 268566.089958255 83 69 0 0.0262447582
FT 786 268566.123294546 69 64 0 0.0261166964
SW 786 268566.123294546 1 118 162 23 0
FT 787 268566.156630713 97 83 0 0.0211309124
FT 788 268566.189967046 83 61 0 0.0238767741
FT 789 268566.223303338 61 42 0 0.0386497947
SW 789 268566.223303338 1 108 148 25 0
FT 790 268566.256639546 75 60 0 0.0325695651
FT 791 268566.289975796 60 54 0 0.0297824868
FT 792 268566.323312088 54 51 0 0.0344062518
SW 792 268566.323312088 1 109 154 24 0
FT 793 268566.360463346 86 73 0 0.0389947665
FT 794 268566.393769012 73 62 0 0.0417319012
FT 795 268566.427105012 62 52 0 0.0365660492
SW 795 268566.427105012 1 104 147 24 0
FT 796 268566.460441012 90 80 0 0.0361496942
FT 797 268566.493777054 80 70 0 0.0396559321
FT 798 268566.527113137 70 63 0 0.0422583521
SW 798 268566.527113137 1 105 149 22 0
FT 799 268566.560449096 90 81 0 0.0342356508
FT 800 268566.593785137 81 77 0 0.0214425532
FT 801 268566.627121304 77 74 0 0.0275992364
SW 801 268566.627121304 1 83 146 34 0
FT 802 268566.660457137 96 84 0 0.0328472187
FT 803 268566.693793137 84 76 0 0.0399474775
FT 804 268566.727129262 76 68 0 0.0280666967
SW 804 268566.727129262 1 73 125 40 0
FT 805 268566.760465346 90 78 0 0.029748761
FT 806 268566.793801221 78 69 0 0.0392503101
FT 807 268566.827137221 69 58 0 0.0357460959
SW 807 268566.827137221 1 66 121 42 0
FT 808 268566.860473304 75 60 0 0.0267374713
FT 809 268566.893809262 60 52 0 0.0151962805
FT 810 268566.927145387 52 46 0 0.0112237514
SW 810 268566.927145387 1 61 114 43 0
FT 811 268566.960481387 77 51 0 0.0133336412
FT 812 268566.993817387 51 36 0 0.0282263193
FT 813 268567.027153387 36 27 0 0.0337058106
SW 813 268567.027153387 1 57 112 47 0
FT 814 268567.060489387 74 51 0 0.0164117165
FT 815 268567.093825429 51 37 0 0.00518393095
FT 816 268567.127161387 37 36 0 0.0219025268
SW 816 268567.127161387 1 73 122 35 0
FT 817 268567.160497429 86 68 0 0.0233245183
FT 818 268567.193833512 68 59 0 0.0195956277
FT 819 268567.227169471 59 56 0 0.0149041878
SW 819 268567.227169471 1 79 137 40 0
FT 820 268567.260505387 109 90 0 0.0316550909
FT 821 268567.293841554 90 83 0 0.0122307582
FT 822 268567.327177429 83 81 0 0.00579603219
SW 822 268567.327177429 1 65 145 62 0
FT 823 268567.360513429 127 115 0 0.00874515277
FT 824 268567.393849512 115 91 0 0.0180031895
FT 825 268567.427185596 91 77 0 0.0155209656
SW 825 268567.427185596 1 54 145 64 0
FT 826 268567.460521637 110 99 0 0.013709116
FT 827 268567.493857512 99 86 0 0.0291473038
FT 828 268567.527193554 86 78 0 0.038929448
SW 828 268567.527193554 1 56 128 63 0
FT 829 268567.560529596 100 80 0 0.0297164415
FT 830 268567.593865596 80 60 0 0.0293615744
FT 831 268567.627201679 60 44 0 0.0488456466
SW 831 268567.627201679 1 58 122 55 0
FT 832 268567.660537554 122 77 0 0.0281673675
FT 833 268567.693873596 77 58 0 0.0242394326
FT 834 268567.727209637 58 54 0 0.0270751136
SW 834 268567.727209637 1 90 136 45 0
FT 835 268567.760545721 103 75 0 0.0242352297
FT 836 268567.793881637 75 56 0 0.0273526982
FT 837 268567.827217637 56 43 0 0.0262018108
SW 837 268567.827217637 1 74 142 46 0
FT 838 268567.860553721 103 64 0 0.0111865939
FT 839 268567.893889721 64 55 0 0.0163944121
FT 840 268567.927225762 55 50 0 0.0228732818
SW 840 268567.927225762 1 85 139 45 0
FT 841 268567.960561846 98 69 0 0.0232541102
FT 842 268567.993897721 69 58 0 0.0214258762
FT 843 268568.027233804 58 52 0 0.0204496472
SW 843 268568.027233804 1 70 146 39 0
FT 844 268568.060569762 101 76 0 0.028742973
FT 845 268568.093905762 76 67 0 0.0329636156
FT 846 268568.127241804 67 60 0 0.0293683879
SW 846 268568.127241804 1 78 129 38 0
FT 847 268568.160577887 94 72 0 0.0271588724
FT 848 268568.193913846 72 60 0 0.0299905652
FT 849 268568.227249887 60 50 0 0.0359197777
SW 849 268568.227249887 1 71 122 33 0
FT 850 268568.260585679 87 52 0 0.0442557244
FT 851 268568.293921762 52 38 0 0.0638475121
FT 852 268568.327257929 38 33 0 0.0645104788
SW 852 268568.327257929 1 67 108 29 0
FT 853 268568.360593887 62 38 0 0.0407519731
FT 854 268568.393929887 38 32 0 0.0318783473
FT 855 268568.427265971 32 31 0 0.0319633448
SW 855 268568.427265971 1 63 102 25 0
FT 856 268568.460601929 68 43 0 0.0251226621
FT 857 268568.493937887 43 33 0 0.029784027
FT 858 268568.527273929 33 25 0 0.00619241238
SW 858 268568.527273929 1 63 99 24 0
FT 859 268568.560609846 67 49 0 0.0343550473
FT 860 268568.593945804 49 41 0 0.0332960297
FT 861 268568.627281929 41 37 0 0.0160228112
SW 861 268568.627281929 1 65 105 24 0
FT 862 268568.660617887 82 60 0 0.0121069639
FT 863 268568.693953929 60 49 0 0.0192683788
FT 864 268568.727289887 49 45 0 0.0248800211
SW 864 268568.727289887 1 57 105 27 0
FT 865 268568.760625846 95 65 0 0.0426179653
FT 866 268568.793961846 65 30 0 0.0732793843
FT 867 268568.827297929 30 14 0 0.0478322223
SW 867 268568.827297929 1 53 85 24 0
FT 868 268568.860633887 52 30 0 0.0170987316
FT 869 268568.893969887 30 22 0 0.0253827585
FT 870 268568.927305929 22 12 0 0.00731128693
SW 870 268568.927305929 1 51 82 14 0
FT 871 268568.960641804 52 31 0 0.014211165
FT 872 268568.993977846 31 25 0 0.0081933181
FT 873 268569.027313929 25 18 0 0.0133869868
SW 873 268569.027313929 1 57 77 14 0
FT 874 268569.060649929 54 34 0 0.0110536021
FT 875 268569.093985929 34 30 0 0.0150568469
FT 876 268569.127321887 30 30 0 0.0317981188
SW 876 268569.127321887 1 63 84 13 0
FT 877 268569.160657971 72 62 0 0.0360761353
FT 878 268569.193993929 62 59 0 0.0285414817
FT 879 268569.227329887 59 50 0 0.0221459111
SW 879 268569.227329887 1 55 100 13 0
FT 880 268569.260665929 97 72 0 0.0258053931
FT 881 268569.294001971 72 66 0 0.0286032759
FT 882 268569.327337846 66 47 0 0.0348075904
SW 882 268569.327337846 1 50 80 23 0
FT 883 268569.360673887 93 62 0 0.0291564004
FT 884 268569.394009887 62 53 0 0.0148001144
FT 885 268569.427345971 53 44 0 0.0119230089
SW 885 268569.427345971 1 58 88 24 0
FT 886 268569.460681887 88 75 0 0.00290838004
FT 887 268569.494017846 75 47 0 0.0249210288
FT 888 268569.527353846 47 35 0 0.0462748496
SW 888 268569.527353846 1 59 95 35 0
FT 889 268569.560689971 76 47 0 0.0454019439
FT 890 268569.594025804 47 35 0 0.0309367856
FT 891 268569.627361887 35 30 0 0.0136092518
SW 891 268569.627361887 1 65 106 37 0
FT 892 268569.660697929 104 83 0 0.0132108191
FT 893 268569.694033971 83 70 0 0.0160384577
FT 894 268569.727369929 70 66 0 0.0119242444
SW 894 268569.727369929 1 80 141 46 0
FT 895 268569.760706012 110 98 0 0.0071159857
FT 896 268569.794041929 98 88 0 0.00179121865
FT 897 268569.827377887 88 72 0 0.0192923178
SW 897 268569.827377887 1 77 148 53 0
FT 898 268569.860713887 96 67 0 0.0349139056
FT 899 268569.894050054 67 55 0 0.0185506615
