[DawnKernelHarness] limits: invocations/wg=512 wgSizeX=512 storageBufs=10 maxBuffer=1073741824 maxStorageBinding=1073741824 (adapter: 1024 1024 10 4294967295 4294967295)
[pwofficial_gpu_match_dawn] backend=blocked(fma4x4+direct+w64+nopb+f16+keyscan3+ptr+kp,V8) adapter="Apple M3 Pro" subgroups=1 sgmatrix=1 f32_8x8x8=1 f16_f32=1 mixed=0 subgroup=[4,64] packed_dot=1 timestamp=1 limits[storage=32768 invocations=1024 sizeX=1024]
WARNING: Logging before InitGoogleLogging() is written to STDERR
I20260925 13:40:09.537034 0x1fecf6080 database_cache.cc:72] Loading rigs...
I20260925 13:40:09.537059 0x1fecf6080 database_cache.cc:82]  0 in 0.000s
I20260925 13:40:09.537067 0x1fecf6080 database_cache.cc:90] Loading cameras...
I20260925 13:40:09.537079 0x1fecf6080 database_cache.cc:108]  2 in 0.000s
I20260925 13:40:09.537085 0x1fecf6080 database_cache.cc:116] Loading frames...
I20260925 13:40:09.537093 0x1fecf6080 database_cache.cc:126]  0 in 0.000s
I20260925 13:40:09.537099 0x1fecf6080 database_cache.cc:134] Loading matches...
I20260925 13:40:09.537108 0x1fecf6080 database_cache.cc:139]  1 in 0.000s
I20260925 13:40:09.537113 0x1fecf6080 database_cache.cc:147] Loading images...
I20260925 13:40:09.537211 0x1fecf6080 database_cache.cc:236]  2 in 0.000s (loaded all 2)
I20260925 13:40:09.537217 0x1fecf6080 database_cache.cc:255] Loading pose priors...
I20260925 13:40:09.537225 0x1fecf6080 database_cache.cc:263]  0 in 0.000s
I20260925 13:40:09.537230 0x1fecf6080 database_cache.cc:271] Building correspondence graph...
I20260925 13:40:09.537278 0x1fecf6080 database_cache.cc:300]  in 0.000s (ignored 0)
I20260925 13:40:09.629910 0x1fecf6080 official_bundle_adjustment_ceres.cc:1648] [AETHER gravity] injected 3/3 roll/pitch anchors, sigma_rad=0.00872665
[AETHER BA-ORDERING] blocks=457 pts(g0)=448 cams(g1)=3 g1_all_pose=1 proven=1
I20260925 13:40:09.638144 0x1fecf6080 official_bundle_adjustment_ceres.cc:1137] [AETHER] solver_used=DENSE_SCHUR sparse_backend=EIGEN_SPARSE dense_backend=EIGEN mixed=0 threads=1
I20260925 13:40:09.638873 0x1fecf6080 official_bundle_adjustment_ceres.cc:1648] [AETHER gravity] injected 3/3 roll/pitch anchors, sigma_rad=0.00872665
[AETHER BA-ORDERING] blocks=456 pts(g0)=447 cams(g1)=3 g1_all_pose=1 proven=1
I20260925 13:40:09.641410 0x1fecf6080 official_bundle_adjustment_ceres.cc:1137] [AETHER] solver_used=DENSE_SCHUR sparse_backend=EIGEN_SPARSE dense_backend=EIGEN mixed=0 threads=1
I20260925 13:40:09.713713 0x1fecf6080 official_bundle_adjustment_ceres.cc:1648] [AETHER gravity] injected 4/4 roll/pitch anchors, sigma_rad=0.00872665
[AETHER BA-ORDERING] blocks=773 pts(g0)=762 cams(g1)=4 g1_all_pose=1 proven=1
I20260925 13:40:09.723318 0x1fecf6080 official_bundle_adjustment_ceres.cc:1137] [AETHER] solver_used=DENSE_SCHUR sparse_backend=EIGEN_SPARSE dense_backend=EIGEN mixed=0 threads=1
I20260925 13:40:09.724102 0x1fecf6080 official_bundle_adjustment_ceres.cc:1648] [AETHER gravity] injected 4/4 roll/pitch anchors, sigma_rad=0.00872665
I20260925 13:40:09.726805 0x1fecf6080 official_bundle_adjustment_ceres.cc:1137] [AETHER] solver_used=DENSE_SCHUR sparse_backend=EIGEN_SPARSE dense_backend=EIGEN mixed=0 threads=1
I20260925 13:40:09.777633 0x1fecf6080 official_bundle_adjustment_ceres.cc:1648] [AETHER gravity] injected 5/5 roll/pitch anchors, sigma_rad=0.00872665
I20260925 13:40:09.796975 0x1fecf6080 official_bundle_adjustment_ceres.cc:1137] [AETHER] solver_used=DENSE_SCHUR sparse_backend=EIGEN_SPARSE dense_backend=EIGEN mixed=0 threads=1
I20260925 13:40:09.798303 0x1fecf6080 official_bundle_adjustment_ceres.cc:1648] [AETHER gravity] injected 5/5 roll/pitch anchors, sigma_rad=0.00872665
I20260925 13:40:09.803580 0x1fecf6080 official_bundle_adjustment_ceres.cc:1137] [AETHER] solver_used=DENSE_SCHUR sparse_backend=EIGEN_SPARSE dense_backend=EIGEN mixed=0 threads=1
I20260925 13:40:09.847793 0x1fecf6080 official_bundle_adjustment_ceres.cc:1648] [AETHER gravity] injected 6/6 roll/pitch anchors, sigma_rad=0.00872665
I20260925 13:40:09.875193 0x1fecf6080 official_bundle_adjustment_ceres.cc:1137] [AETHER] solver_used=DENSE_SCHUR sparse_backend=EIGEN_SPARSE dense_backend=EIGEN mixed=0 threads=6
I20260925 13:40:09.876721 0x1fecf6080 official_bundle_adjustment_ceres.cc:1648] [AETHER gravity] injected 6/6 roll/pitch anchors, sigma_rad=0.00872665
I20260925 13:40:09.880397 0x1fecf6080 official_bundle_adjustment_ceres.cc:1137] [AETHER] solver_used=DENSE_SCHUR sparse_backend=EIGEN_SPARSE dense_backend=EIGEN mixed=0 threads=1
I20260925 13:40:09.936229 0x1fecf6080 official_bundle_adjustment_ceres.cc:1648] [AETHER gravity] injected 6/6 roll/pitch anchors, sigma_rad=0.00872665
I20260925 13:40:09.952597 0x1fecf6080 official_bundle_adjustment_ceres.cc:1137] [AETHER] solver_used=DENSE_SCHUR sparse_backend=EIGEN_SPARSE dense_backend=EIGEN mixed=0 threads=1
I20260925 13:40:09.953846 0x1fecf6080 official_bundle_adjustment_ceres.cc:1648] [AETHER gravity] injected 6/6 roll/pitch anchors, sigma_rad=0.00872665
I20260925 13:40:09.955969 0x1fecf6080 official_bundle_adjustment_ceres.cc:1137] [AETHER] solver_used=DENSE_SCHUR sparse_backend=EIGEN_SPARSE dense_backend=EIGEN mixed=0 threads=1
I20260925 13:40:10.010964 0x1fecf6080 official_bundle_adjustment_ceres.cc:1648] [AETHER gravity] injected 6/6 roll/pitch anchors, sigma_rad=0.00872665
I20260925 13:40:10.029492 0x1fecf6080 official_bundle_adjustment_ceres.cc:1137] [AETHER] solver_used=DENSE_SCHUR sparse_backend=EIGEN_SPARSE dense_backend=EIGEN mixed=0 threads=1
I20260925 13:40:10.031081 0x1fecf6080 official_bundle_adjustment_ceres.cc:1648] [AETHER gravity] injected 6/6 roll/pitch anchors, sigma_rad=0.00872665
I20260925 13:40:10.034193 0x1fecf6080 official_bundle_adjustment_ceres.cc:1137] [AETHER] solver_used=DENSE_SCHUR sparse_backend=EIGEN_SPARSE dense_backend=EIGEN mixed=0 threads=1
I20260925 13:40:10.099118 0x1fecf6080 official_bundle_adjustment_ceres.cc:1648] [AETHER gravity] injected 6/6 roll/pitch anchors, sigma_rad=0.00872665
I20260925 13:40:10.118479 0x1fecf6080 official_bundle_adjustment_ceres.cc:1137] [AETHER] solver_used=DENSE_SCHUR sparse_backend=EIGEN_SPARSE dense_backend=EIGEN mixed=0 threads=6
I20260925 13:40:10.120289 0x1fecf6080 official_bundle_adjustment_ceres.cc:1648] [AETHER gravity] injected 6/6 roll/pitch anchors, sigma_rad=0.00872665
I20260925 13:40:10.123491 0x1fecf6080 official_bundle_adjustment_ceres.cc:1137] [AETHER] solver_used=DENSE_SCHUR sparse_backend=EIGEN_SPARSE dense_backend=EIGEN mixed=0 threads=6
I20260925 13:40:10.177437 0x1fecf6080 official_bundle_adjustment_ceres.cc:1648] [AETHER gravity] injected 5/5 roll/pitch anchors, sigma_rad=0.00872665
I20260925 13:40:10.190951 0x1fecf6080 official_bundle_adjustment_ceres.cc:1137] [AETHER] solver_used=DENSE_SCHUR sparse_backend=EIGEN_SPARSE dense_backend=EIGEN mixed=0 threads=1
I20260925 13:40:10.192340 0x1fecf6080 official_bundle_adjustment_ceres.cc:1648] [AETHER gravity] injected 6/6 roll/pitch anchors, sigma_rad=0.00872665
I20260925 13:40:10.195269 0x1fecf6080 official_bundle_adjustment_ceres.cc:1137] [AETHER] solver_used=DENSE_SCHUR sparse_backend=EIGEN_SPARSE dense_backend=EIGEN mixed=0 threads=6
I20260925 13:40:10.254051 0x1fecf6080 official_bundle_adjustment_ceres.cc:1648] [AETHER gravity] injected 3/3 roll/pitch anchors, sigma_rad=0.00872665
I20260925 13:40:10.257490 0x1fecf6080 official_bundle_adjustment_ceres.cc:1137] [AETHER] solver_used=DENSE_SCHUR sparse_backend=EIGEN_SPARSE dense_backend=EIGEN mixed=0 threads=1
I20260925 13:40:10.258115 0x1fecf6080 official_bundle_adjustment_ceres.cc:1648] [AETHER gravity] injected 3/3 roll/pitch anchors, sigma_rad=0.00872665
I20260925 13:40:10.259482 0x1fecf6080 official_bundle_adjustment_ceres.cc:1137] [AETHER] solver_used=DENSE_SCHUR sparse_backend=EIGEN_SPARSE dense_backend=EIGEN mixed=0 threads=1
I20260925 13:40:10.409859 0x1fecf6080 official_bundle_adjustment_ceres.cc:1648] [AETHER gravity] injected 4/4 roll/pitch anchors, sigma_rad=0.00872665
I20260925 13:40:10.416681 0x1fecf6080 official_bundle_adjustment_ceres.cc:1137] [AETHER] solver_used=DENSE_SCHUR sparse_backend=EIGEN_SPARSE dense_backend=EIGEN mixed=0 threads=1
I20260925 13:40:10.417586 0x1fecf6080 official_bundle_adjustment_ceres.cc:1648] [AETHER gravity] injected 4/4 roll/pitch anchors, sigma_rad=0.00872665
I20260925 13:40:10.419600 0x1fecf6080 official_bundle_adjustment_ceres.cc:1137] [AETHER] solver_used=DENSE_SCHUR sparse_backend=EIGEN_SPARSE dense_backend=EIGEN mixed=0 threads=1
I20260925 13:40:10.499710 0x1fecf6080 official_bundle_adjustment_ceres.cc:1648] [AETHER gravity] injected 3/3 roll/pitch anchors, sigma_rad=0.00872665
I20260925 13:40:10.503913 0x1fecf6080 official_bundle_adjustment_ceres.cc:1137] [AETHER] solver_used=DENSE_SCHUR sparse_backend=EIGEN_SPARSE dense_backend=EIGEN mixed=0 threads=1
I20260925 13:40:10.504513 0x1fecf6080 official_bundle_adjustment_ceres.cc:1648] [AETHER gravity] injected 3/3 roll/pitch anchors, sigma_rad=0.00872665
I20260925 13:40:10.505954 0x1fecf6080 official_bundle_adjustment_ceres.cc:1137] [AETHER] solver_used=DENSE_SCHUR sparse_backend=EIGEN_SPARSE dense_backend=EIGEN mixed=0 threads=1
I20260925 13:40:10.571878 0x1fecf6080 official_bundle_adjustment_ceres.cc:1648] [AETHER gravity] injected 6/6 roll/pitch anchors, sigma_rad=0.00872665
I20260925 13:40:10.587186 0x1fecf6080 official_bundle_adjustment_ceres.cc:1137] [AETHER] solver_used=DENSE_SCHUR sparse_backend=EIGEN_SPARSE dense_backend=EIGEN mixed=0 threads=1
I20260925 13:40:10.588773 0x1fecf6080 official_bundle_adjustment_ceres.cc:1648] [AETHER gravity] injected 6/6 roll/pitch anchors, sigma_rad=0.00872665
I20260925 13:40:10.592560 0x1fecf6080 official_bundle_adjustment_ceres.cc:1137] [AETHER] solver_used=DENSE_SCHUR sparse_backend=EIGEN_SPARSE dense_backend=EIGEN mixed=0 threads=1
I20260925 13:40:10.621887 0x1fecf6080 official_bundle_adjustment_ceres.cc:1648] [AETHER gravity] injected 2/2 roll/pitch anchors, sigma_rad=0.00872665
I20260925 13:40:10.622542 0x1fecf6080 official_bundle_adjustment_ceres.cc:1137] [AETHER] solver_used=DENSE_SCHUR sparse_backend=EIGEN_SPARSE dense_backend=EIGEN mixed=0 threads=1
I20260925 13:40:10.694860 0x1fecf6080 official_bundle_adjustment_ceres.cc:1648] [AETHER gravity] injected 6/6 roll/pitch anchors, sigma_rad=0.00872665
I20260925 13:40:10.717053 0x1fecf6080 official_bundle_adjustment_ceres.cc:1137] [AETHER] solver_used=DENSE_SCHUR sparse_backend=EIGEN_SPARSE dense_backend=EIGEN mixed=0 threads=6
I20260925 13:40:10.719491 0x1fecf6080 official_bundle_adjustment_ceres.cc:1648] [AETHER gravity] injected 6/6 roll/pitch anchors, sigma_rad=0.00872665
I20260925 13:40:10.723989 0x1fecf6080 official_bundle_adjustment_ceres.cc:1137] [AETHER] solver_used=DENSE_SCHUR sparse_backend=EIGEN_SPARSE dense_backend=EIGEN mixed=0 threads=6
I20260925 13:40:10.790772 0x1fecf6080 official_bundle_adjustment_ceres.cc:1648] [AETHER gravity] injected 6/6 roll/pitch anchors, sigma_rad=0.00872665
I20260925 13:40:10.811192 0x1fecf6080 official_bundle_adjustment_ceres.cc:1137] [AETHER] solver_used=DENSE_SCHUR sparse_backend=EIGEN_SPARSE dense_backend=EIGEN mixed=0 threads=6
I20260925 13:40:10.813093 0x1fecf6080 official_bundle_adjustment_ceres.cc:1648] [AETHER gravity] injected 6/6 roll/pitch anchors, sigma_rad=0.00872665
I20260925 13:40:10.817005 0x1fecf6080 official_bundle_adjustment_ceres.cc:1137] [AETHER] solver_used=DENSE_SCHUR sparse_backend=EIGEN_SPARSE dense_backend=EIGEN mixed=0 threads=6
I20260925 13:40:10.892233 0x1fecf6080 official_bundle_adjustment_ceres.cc:1648] [AETHER gravity] injected 6/6 roll/pitch anchors, sigma_rad=0.00872665
I20260925 13:40:10.916778 0x1fecf6080 official_bundle_adjustment_ceres.cc:1137] [AETHER] solver_used=DENSE_SCHUR sparse_backend=EIGEN_SPARSE dense_backend=EIGEN mixed=0 threads=6
I20260925 13:40:10.918663 0x1fecf6080 official_bundle_adjustment_ceres.cc:1648] [AETHER gravity] injected 6/6 roll/pitch anchors, sigma_rad=0.00872665
I20260925 13:40:10.921651 0x1fecf6080 official_bundle_adjustment_ceres.cc:1137] [AETHER] solver_used=DENSE_SCHUR sparse_backend=EIGEN_SPARSE dense_backend=EIGEN mixed=0 threads=6
I20260925 13:40:10.923509 0x16fc87000 database_cache.cc:72] Loading rigs...
I20260925 13:40:10.923518 0x16fc87000 database_cache.cc:82]  0 in 0.000s
I20260925 13:40:10.923523 0x16fc87000 database_cache.cc:90] Loading cameras...
I20260925 13:40:10.923541 0x16fc87000 database_cache.cc:108]  20 in 0.000s
I20260925 13:40:10.923546 0x16fc87000 database_cache.cc:116] Loading frames...
I20260925 13:40:10.923553 0x16fc87000 database_cache.cc:126]  0 in 0.000s
I20260925 13:40:10.923556 0x16fc87000 database_cache.cc:134] Loading matches...
I20260925 13:40:10.923614 0x16fc87000 database_cache.cc:139]  76 in 0.000s
I20260925 13:40:10.923618 0x16fc87000 database_cache.cc:147] Loading images...
I20260925 13:40:10.924411 0x16fc87000 database_cache.cc:236]  20 in 0.001s (loaded all 20)
I20260925 13:40:10.924416 0x16fc87000 database_cache.cc:255] Loading pose priors...
I20260925 13:40:10.924426 0x16fc87000 database_cache.cc:263]  0 in 0.000s
I20260925 13:40:10.924430 0x16fc87000 database_cache.cc:271] Building correspondence graph...
I20260925 13:40:10.925057 0x16fc87000 database_cache.cc:300]  in 0.001s (ignored 0)
I20260925 13:40:10.929229 0x16fc87000 official_bundle_adjustment_ceres.cc:1648] [AETHER gravity] injected 17/18 roll/pitch anchors, sigma_rad=0.00872665
I20260925 13:40:10.990044 0x16fc87000 official_bundle_adjustment_ceres.cc:1137] [AETHER] solver_used=DENSE_SCHUR sparse_backend=EIGEN_SPARSE dense_backend=EIGEN mixed=0 threads=6
I20260925 13:40:10.994239 0x16fc87000 official_bundle_adjustment_ceres.cc:1648] [AETHER gravity] injected 17/18 roll/pitch anchors, sigma_rad=0.00872665
I20260925 13:40:11.043180 0x16fc87000 official_bundle_adjustment_ceres.cc:1137] [AETHER] solver_used=DENSE_SCHUR sparse_backend=EIGEN_SPARSE dense_backend=EIGEN mixed=0 threads=6
I20260925 13:40:11.047148 0x16fc87000 official_bundle_adjustment_ceres.cc:1648] [AETHER gravity] injected 17/18 roll/pitch anchors, sigma_rad=0.00872665
I20260925 13:40:11.107796 0x16fc87000 official_bundle_adjustment_ceres.cc:1137] [AETHER] solver_used=DENSE_SCHUR sparse_backend=EIGEN_SPARSE dense_backend=EIGEN mixed=0 threads=6
I20260925 13:40:11.116222 0x16fc87000 official_bundle_adjustment_ceres.cc:1648] [AETHER gravity] injected 17/18 roll/pitch anchors, sigma_rad=0.00872665
W20260925 13:40:11.132184 0x16fd13000 official_aether_sfm_c.cc:6907] [aether_sfm] finalize re-match: starved_frames=7 candidates=88 attempted=88 written=0 inliers=0 failed=0 gpu_fail_capture=0 probe_debt_repaid=0 probe_debt_left=0
I20260925 13:40:11.133920 0x16fc87000 official_bundle_adjustment_ceres.cc:1137] [AETHER] solver_used=DENSE_SCHUR sparse_backend=EIGEN_SPARSE dense_backend=EIGEN mixed=0 threads=6
W20260925 13:40:11.189694 0x16fd13000 official_aether_sfm_c.cc:7348] [aether_sfm] official quadratic overlap: overlap=10 candidates=37 written=0 in 57.4407 ms
I20260925 13:40:11.194503 0x16fc87000 official_incremental_pipeline.cc:323] Loading database
I20260925 13:40:11.194534 0x16fc87000 database_cache.cc:72] Loading rigs...
I20260925 13:40:11.194543 0x16fc87000 database_cache.cc:82]  0 in 0.000s
I20260925 13:40:11.194548 0x16fc87000 database_cache.cc:90] Loading cameras...
I20260925 13:40:11.194563 0x16fc87000 database_cache.cc:108]  20 in 0.000s
I20260925 13:40:11.194567 0x16fc87000 database_cache.cc:116] Loading frames...
I20260925 13:40:11.194573 0x16fc87000 database_cache.cc:126]  0 in 0.000s
I20260925 13:40:11.194578 0x16fc87000 database_cache.cc:134] Loading matches...
I20260925 13:40:11.194648 0x16fc87000 database_cache.cc:139]  76 in 0.000s
I20260925 13:40:11.194653 0x16fc87000 database_cache.cc:147] Loading images...
I20260925 13:40:11.195461 0x16fc87000 database_cache.cc:236]  20 in 0.001s (loaded all 20)
I20260925 13:40:11.195467 0x16fc87000 database_cache.cc:255] Loading pose priors...
I20260925 13:40:11.195475 0x16fc87000 database_cache.cc:263]  0 in 0.000s
I20260925 13:40:11.195479 0x16fc87000 database_cache.cc:271] Building correspondence graph...
I20260925 13:40:11.196139 0x16fc87000 database_cache.cc:300]  in 0.001s (ignored 0)
I20260925 13:40:11.196144 0x16fc87000 timer.cc:90] Elapsed time: 0.000 [minutes]
I20260925 13:40:11.199850 0x16fc87000 official_bundle_adjustment_ceres.cc:1648] [AETHER gravity] injected 17/18 roll/pitch anchors, sigma_rad=0.00872665
I20260925 13:40:11.221117 0x16fc87000 official_bundle_adjustment_ceres.cc:1137] [AETHER] solver_used=DENSE_SCHUR sparse_backend=EIGEN_SPARSE dense_backend=EIGEN mixed=0 threads=6
W20260925 13:40:11.223151 0x16fc87000 official_aether_sfm_c.cc:9530] [frame-loss] before=20 after=18 lost_zero_obs=2 lost_with_obs=0 | frame_000011.jpg(obs=0) frame_000016.jpg(obs=0)
W20260925 13:40:11.223302 0x16fc87000 official_aether_sfm_c.cc:9614] [aether_sfm] finalize worker: cache_pre=1ms enrich=267ms stage1=210ms (ok, rounds=4) stage2=30ms (rounds<=1) temporal=0ms upgrade=0ms total=299ms
W20260925 13:40:11.223484 0x16fc87000 official_aether_sfm_c.cc:9643] [aether_sfm] delivered-point provenance: live-created=2870 official-retriangulated=154 live-dropped-by-official-filtering=487 (live model had 3357; capture-time official TriangulateImage added 0 obs)
W20260925 13:40:11.223582 0x16fc87000 official_aether_sfm_c.cc:8066] [device-align-v1] status=aligned pairs=18 inliers=18 max_error_m=0.111819 scale=1.00646 centre_err_median_m=0.0129849 centre_err_max_m=0.0258262 outliers=0
W20260925 13:40:11.257259 0x1fecf6080 official_aether_sfm_c.cc:13097] [aether_sfm] deliver-filter(get_points_tracked): kept 2888/3024 (min_tri_angle=3deg, mirror_ghost=0, isolated_floater=5, killed_union=5)
[pwofficial_gpu_match_dawn] device lost #1 reason=2 rc=8: Device was destroyed.
        1.89 real         1.18 user         0.75 sys
           123174912  maximum resident set size
                   0  average shared memory size
                   0  average unshared data size
                   0  average unshared stack size
               35525  page reclaims
                  14  page faults
                   0  swaps
                   0  block input operations
                   0  block output operations
                   0  messages sent
                   0  messages received
                   0  signals received
                  27  voluntary context switches
              122739  involuntary context switches
         17232755852  instructions retired
          6691723346  cycles elapsed
           319308448  peak memory footprint
