rc=0 13f5_e0_F16 r1 RESULT finalize=REFINED fed=20 rejected=0 n_reg=18/18 cloud_points=2880 n_obs=6952 stream_ms=2017.6 finalize_ms=312.4 total_ms=2329.9
rc=0 13f5_e0_X16 r1 RESULT finalize=REFINED fed=20 rejected=0 n_reg=18/18 cloud_points=2876 n_obs=6903 stream_ms=1695.2 finalize_ms=305.8 total_ms=2000.9
rc=0 13f5_e0_F21 r1 RESULT finalize=REFINED fed=20 rejected=0 n_reg=19/19 cloud_points=2855 n_obs=6874 stream_ms=1755.0 finalize_ms=314.1 total_ms=2069.0
rc=0 13f5_e0_X21 r1 RESULT finalize=REFINED fed=20 rejected=0 n_reg=18/18 cloud_points=2776 n_obs=6724 stream_ms=1820.6 finalize_ms=414.9 total_ms=2235.5
rc=0 13f5_p0_F16 r1 RESULT finalize=REFINED fed=20 rejected=0 n_reg=18/18 cloud_points=2712 n_obs=6365 stream_ms=1747.4 finalize_ms=309.4 total_ms=2056.8
rc=0 13f5_p0_B16 r1 RESULT finalize=REFINED fed=20 rejected=0 n_reg=18/18 cloud_points=2644 n_obs=6243 stream_ms=1897.0 finalize_ms=416.1 total_ms=2313.1
rc=0 13f5_p0_F21 r1 RESULT finalize=REFINED fed=20 rejected=0 n_reg=18/18 cloud_points=2687 n_obs=6280 stream_ms=1769.9 finalize_ms=419.1 total_ms=2189.0
rc=0 13f5_p0_B21 r1 RESULT finalize=REFINED fed=20 rejected=0 n_reg=18/18 cloud_points=2572 n_obs=6097 stream_ms=1747.5 finalize_ms=408.7 total_ms=2156.2
rc=0 13f5_e1_F16 r1 RESULT finalize=REFINED fed=20 rejected=0 n_reg=20/20 cloud_points=2440 n_obs=5761 stream_ms=2131.9 finalize_ms=312.3 total_ms=2444.2
rc=0 13f5_e1_X16 r1 RESULT finalize=REFINED fed=20 rejected=0 n_reg=20/20 cloud_points=2501 n_obs=5864 stream_ms=2048.6 finalize_ms=308.7 total_ms=2357.3
rc=0 13f5_e1_F21 r1 RESULT finalize=REFINED fed=20 rejected=0 n_reg=20/20 cloud_points=2483 n_obs=5843 stream_ms=1784.9 finalize_ms=311.7 total_ms=2096.6
rc=0 13f5_e1_X21 r1 RESULT finalize=REFINED fed=20 rejected=0 n_reg=20/20 cloud_points=2468 n_obs=5796 stream_ms=1594.6 finalize_ms=310.3 total_ms=1905.0
rc=0 13f5_p1_F16 r1 RESULT finalize=REFINED fed=20 rejected=0 n_reg=19/19 cloud_points=2363 n_obs=5536 stream_ms=1677.4 finalize_ms=410.9 total_ms=2088.3
rc=0 13f5_p1_B16 r1 RESULT finalize=REFINED fed=20 rejected=0 n_reg=19/19 cloud_points=2353 n_obs=5538 stream_ms=1742.0 finalize_ms=417.2 total_ms=2159.2
rc=0 13f5_p1_F21 r1 RESULT finalize=REFINED fed=20 rejected=0 n_reg=19/19 cloud_points=2361 n_obs=5545 stream_ms=1620.4 finalize_ms=416.6 total_ms=2037.1
rc=0 13f5_p1_B21 r1 RESULT finalize=REFINED fed=20 rejected=0 n_reg=19/19 cloud_points=2327 n_obs=5511 stream_ms=1546.9 finalize_ms=420.2 total_ms=1967.1
rc=0 13f5_e2_F16 r1 RESULT finalize=REFINED fed=20 rejected=0 n_reg=17/17 cloud_points=2284 n_obs=5342 stream_ms=1834.4 finalize_ms=416.6 total_ms=2251.0
rc=0 13f5_e2_X16 r1 RESULT finalize=REFINED fed=20 rejected=0 n_reg=17/17 cloud_points=2339 n_obs=5466 stream_ms=1816.1 finalize_ms=416.3 total_ms=2232.4
rc=0 13f5_e2_F21 r1 RESULT finalize=REFINED fed=20 rejected=0 n_reg=17/17 cloud_points=2321 n_obs=5417 stream_ms=1690.3 finalize_ms=420.1 total_ms=2110.4
rc=0 13f5_e2_X21 r1 RESULT finalize=REFINED fed=20 rejected=0 n_reg=17/17 cloud_points=2336 n_obs=5460 stream_ms=1716.1 finalize_ms=415.2 total_ms=2131.2
rc=0 13f5_p2_F16 r1 RESULT finalize=REFINED fed=19 rejected=0 n_reg=19/19 cloud_points=2120 n_obs=4994 stream_ms=1563.6 finalize_ms=307.8 total_ms=1871.4
rc=0 13f5_p2_B16 r1 RESULT finalize=REFINED fed=19 rejected=0 n_reg=19/19 cloud_points=2142 n_obs=5012 stream_ms=1744.1 finalize_ms=313.5 total_ms=2057.6
rc=0 13f5_p2_F21 r1 RESULT finalize=REFINED fed=19 rejected=0 n_reg=19/19 cloud_points=2077 n_obs=4914 stream_ms=1441.5 finalize_ms=310.4 total_ms=1751.9
rc=0 13f5_p2_B21 r1 RESULT finalize=REFINED fed=19 rejected=0 n_reg=19/19 cloud_points=2131 n_obs=4985 stream_ms=1550.0 finalize_ms=308.9 total_ms=1858.9
rc=0 6d18_e0_F16 r1 RESULT finalize=REFINED fed=20 rejected=0 n_reg=20/20 cloud_points=11713 n_obs=28391 stream_ms=3679.8 finalize_ms=1032.4 total_ms=4712.2
rc=0 6d18_e0_X16 r1 RESULT finalize=REFINED fed=20 rejected=0 n_reg=20/20 cloud_points=11749 n_obs=28379 stream_ms=3877.6 finalize_ms=1036.4 total_ms=4914.0
rc=0 6d18_e0_F21 r1 RESULT finalize=REFINED fed=20 rejected=0 n_reg=20/20 cloud_points=11717 n_obs=28354 stream_ms=3665.8 finalize_ms=1042.9 total_ms=4708.7
rc=0 6d18_e0_X21 r1 RESULT finalize=REFINED fed=20 rejected=0 n_reg=20/20 cloud_points=11740 n_obs=28348 stream_ms=3947.5 finalize_ms=1132.9 total_ms=5080.4
rc=0 6d18_p0_F16 r1 RESULT finalize=REFINED fed=20 rejected=0 n_reg=20/20 cloud_points=12077 n_obs=29705 stream_ms=4083.1 finalize_ms=1039.1 total_ms=5122.2
rc=0 6d18_p0_B16 r1 RESULT finalize=REFINED fed=20 rejected=0 n_reg=20/20 cloud_points=12080 n_obs=29605 stream_ms=3804.2 finalize_ms=819.3 total_ms=4623.5
rc=0 6d18_p0_F21 r1 RESULT finalize=REFINED fed=20 rejected=0 n_reg=20/20 cloud_points=12076 n_obs=29617 stream_ms=3944.7 finalize_ms=937.7 total_ms=4882.4
rc=0 6d18_p0_B21 r1 RESULT finalize=REFINED fed=20 rejected=0 n_reg=20/20 cloud_points=12074 n_obs=29642 stream_ms=4226.8 finalize_ms=1236.6 total_ms=5463.5
rc=0 6d18_e1_F16 r1 RESULT finalize=REFINED fed=20 rejected=0 n_reg=20/20 cloud_points=11802 n_obs=27463 stream_ms=3468.5 finalize_ms=914.3 total_ms=4382.7
rc=0 6d18_e1_X16 r1 RESULT finalize=REFINED fed=20 rejected=0 n_reg=20/20 cloud_points=11835 n_obs=27446 stream_ms=3326.6 finalize_ms=925.2 total_ms=4251.7
rc=0 6d18_e1_F21 r1 RESULT finalize=REFINED fed=20 rejected=0 n_reg=20/20 cloud_points=11802 n_obs=27445 stream_ms=3448.3 finalize_ms=931.7 total_ms=4380.1
rc=0 6d18_e1_X21 r1 RESULT finalize=REFINED fed=20 rejected=0 n_reg=20/20 cloud_points=11844 n_obs=27574 stream_ms=3390.9 finalize_ms=1035.5 total_ms=4426.4
rc=0 6d18_p1_F16 r1 RESULT finalize=REFINED fed=20 rejected=0 n_reg=20/20 cloud_points=13076 n_obs=31957 stream_ms=3825.6 finalize_ms=937.6 total_ms=4763.2
rc=0 6d18_p1_B16 r1 RESULT finalize=REFINED fed=20 rejected=0 n_reg=20/20 cloud_points=13113 n_obs=32048 stream_ms=3643.7 finalize_ms=943.3 total_ms=4587.0
rc=0 6d18_p1_F21 r1 RESULT finalize=REFINED fed=20 rejected=0 n_reg=20/20 cloud_points=13039 n_obs=31871 stream_ms=3819.8 finalize_ms=930.1 total_ms=4749.9
rc=0 6d18_p1_B21 r1 RESULT finalize=REFINED fed=20 rejected=0 n_reg=20/20 cloud_points=13140 n_obs=32107 stream_ms=3706.7 finalize_ms=1028.5 total_ms=4735.2
rc=0 6d18_e2_F16 r1 RESULT finalize=REFINED fed=20 rejected=0 n_reg=20/20 cloud_points=10822 n_obs=24836 stream_ms=3098.2 finalize_ms=1239.7 total_ms=4337.9
rc=0 6d18_e2_X16 r1 RESULT finalize=REFINED fed=20 rejected=0 n_reg=20/20 cloud_points=10707 n_obs=24681 stream_ms=3239.4 finalize_ms=1033.6 total_ms=4273.0
rc=0 6d18_e2_F21 r1 RESULT finalize=REFINED fed=20 rejected=0 n_reg=20/20 cloud_points=10853 n_obs=24906 stream_ms=3262.7 finalize_ms=1349.4 total_ms=4612.1
rc=0 6d18_e2_X21 r1 RESULT finalize=REFINED fed=20 rejected=0 n_reg=20/20 cloud_points=10805 n_obs=24855 stream_ms=3526.1 finalize_ms=1035.6 total_ms=4561.7
rc=0 6d18_p2_F16 r1 RESULT finalize=REFINED fed=19 rejected=0 n_reg=19/19 cloud_points=11084 n_obs=26204 stream_ms=3754.4 finalize_ms=1042.3 total_ms=4796.6
rc=0 6d18_p2_B16 r1 RESULT finalize=REFINED fed=19 rejected=0 n_reg=19/19 cloud_points=11055 n_obs=26252 stream_ms=3718.3 finalize_ms=936.4 total_ms=4654.7
rc=0 6d18_p2_F21 r1 RESULT finalize=REFINED fed=19 rejected=0 n_reg=19/19 cloud_points=11251 n_obs=26578 stream_ms=3470.5 finalize_ms=1044.0 total_ms=4514.5
rc=0 6d18_p2_B21 r1 RESULT finalize=REFINED fed=19 rejected=0 n_reg=19/19 cloud_points=11249 n_obs=26644 stream_ms=3644.7 finalize_ms=1140.9 total_ms=4785.6
rc=0 7353_e0_F16 r1 RESULT finalize=REFINED fed=20 rejected=0 n_reg=18/18 cloud_points=1731 n_obs=3882 stream_ms=1438.8 finalize_ms=301.7 total_ms=1740.5
rc=0 7353_e0_X16 r1 RESULT finalize=REFINED fed=20 rejected=0 n_reg=18/18 cloud_points=1714 n_obs=3861 stream_ms=1398.3 finalize_ms=414.9 total_ms=1813.2
rc=0 7353_e0_F21 r1 RESULT finalize=REFINED fed=20 rejected=0 n_reg=18/18 cloud_points=1689 n_obs=3780 stream_ms=1421.0 finalize_ms=414.2 total_ms=1835.2
rc=0 7353_e0_X21 r1 RESULT finalize=REFINED fed=20 rejected=0 n_reg=19/19 cloud_points=1764 n_obs=3958 stream_ms=1682.9 finalize_ms=421.8 total_ms=2104.7
rc=0 7353_p0_F16 r1 RESULT finalize=REFINED fed=20 rejected=0 n_reg=20/20 cloud_points=2030 n_obs=4525 stream_ms=1995.6 finalize_ms=519.8 total_ms=2515.4
rc=0 7353_p0_B16 r1 RESULT finalize=REFINED fed=20 rejected=0 n_reg=20/20 cloud_points=1956 n_obs=4343 stream_ms=1989.9 finalize_ms=413.5 total_ms=2403.4
rc=0 7353_p0_F21 r1 RESULT finalize=REFINED fed=20 rejected=0 n_reg=20/20 cloud_points=2030 n_obs=4516 stream_ms=1675.1 finalize_ms=411.4 total_ms=2086.5
rc=0 7353_p0_B21 r1 RESULT finalize=REFINED fed=20 rejected=0 n_reg=20/20 cloud_points=2069 n_obs=4589 stream_ms=1872.5 finalize_ms=530.7 total_ms=2403.2
rc=0 7353_e1_F16 r1 RESULT finalize=REFINED fed=20 rejected=0 n_reg=20/20 cloud_points=1640 n_obs=3646 stream_ms=1639.9 finalize_ms=416.9 total_ms=2056.8
rc=0 7353_e1_X16 r1 RESULT finalize=REFINED fed=20 rejected=0 n_reg=20/20 cloud_points=1657 n_obs=3645 stream_ms=1712.2 finalize_ms=419.4 total_ms=2131.7
rc=0 7353_e1_F21 r1 RESULT finalize=REFINED fed=20 rejected=0 n_reg=20/20 cloud_points=1621 n_obs=3602 stream_ms=1414.5 finalize_ms=310.4 total_ms=1725.0
rc=0 7353_e1_X21 r1 RESULT finalize=REFINED fed=20 rejected=0 n_reg=20/20 cloud_points=1639 n_obs=3600 stream_ms=1412.0 finalize_ms=412.6 total_ms=1824.6
rc=0 7353_p1_F16 r1 RESULT finalize=REFINED fed=20 rejected=0 n_reg=20/20 cloud_points=1229 n_obs=2684 stream_ms=1354.8 finalize_ms=417.9 total_ms=1772.8
rc=0 7353_p1_B16 r1 RESULT finalize=REFINED fed=20 rejected=0 n_reg=20/20 cloud_points=1261 n_obs=2734 stream_ms=1428.1 finalize_ms=416.2 total_ms=1844.3
rc=0 7353_p1_F21 r1 RESULT finalize=REFINED fed=20 rejected=0 n_reg=20/20 cloud_points=1228 n_obs=2677 stream_ms=1372.2 finalize_ms=418.8 total_ms=1791.0
rc=0 7353_p1_B21 r1 RESULT finalize=REFINED fed=20 rejected=0 n_reg=20/20 cloud_points=1254 n_obs=2742 stream_ms=1378.0 finalize_ms=311.7 total_ms=1689.7
rc=0 7353_e2_F16 r1 RESULT finalize=REFINED fed=20 rejected=0 n_reg=20/20 cloud_points=1941 n_obs=4162 stream_ms=1356.6 finalize_ms=310.6 total_ms=1667.1
rc=0 7353_e2_X16 r1 RESULT finalize=REFINED fed=20 rejected=0 n_reg=20/20 cloud_points=1808 n_obs=3869 stream_ms=1433.2 finalize_ms=311.0 total_ms=1744.3
rc=0 7353_e2_F21 r1 RESULT finalize=REFINED fed=20 rejected=0 n_reg=20/20 cloud_points=1906 n_obs=4049 stream_ms=1348.5 finalize_ms=412.0 total_ms=1760.4
rc=0 7353_e2_X21 r1 RESULT finalize=REFINED fed=20 rejected=0 n_reg=20/20 cloud_points=1951 n_obs=4162 stream_ms=1472.0 finalize_ms=416.3 total_ms=1888.3
rc=0 7353_p2_F16 r1 RESULT finalize=REFINED fed=20 rejected=0 n_reg=19/19 cloud_points=1585 n_obs=3411 stream_ms=1455.1 finalize_ms=308.1 total_ms=1763.2
rc=0 7353_p2_B16 r1 RESULT finalize=REFINED fed=20 rejected=0 n_reg=19/19 cloud_points=1559 n_obs=3356 stream_ms=1406.7 finalize_ms=313.7 total_ms=1720.4
rc=0 7353_p2_F21 r1 RESULT finalize=REFINED fed=20 rejected=0 n_reg=19/19 cloud_points=1570 n_obs=3385 stream_ms=1353.3 finalize_ms=307.0 total_ms=1660.3
rc=0 7353_p2_B21 r1 RESULT finalize=REFINED fed=20 rejected=0 n_reg=19/19 cloud_points=1579 n_obs=3396 stream_ms=1376.2 finalize_ms=315.1 total_ms=1691.3
rc=0 13f5_e0_F16 r2 RESULT finalize=REFINED fed=20 rejected=0 n_reg=18/18 cloud_points=2851 n_obs=6905 stream_ms=1742.6 finalize_ms=314.0 total_ms=2056.7
rc=0 13f5_e0_X16 r2 RESULT finalize=REFINED fed=20 rejected=0 n_reg=18/18 cloud_points=2856 n_obs=6899 stream_ms=1796.3 finalize_ms=303.2 total_ms=2099.5
rc=0 13f5_e0_F21 r2 RESULT finalize=REFINED fed=20 rejected=0 n_reg=18/18 cloud_points=2854 n_obs=6866 stream_ms=1752.9 finalize_ms=312.0 total_ms=2064.9
rc=0 13f5_e0_X21 r2 RESULT finalize=REFINED fed=20 rejected=0 n_reg=18/18 cloud_points=2834 n_obs=6840 stream_ms=1677.6 finalize_ms=308.5 total_ms=1986.1
rc=0 13f5_p0_F16 r2 RESULT finalize=REFINED fed=20 rejected=0 n_reg=18/18 cloud_points=2694 n_obs=6341 stream_ms=1599.1 finalize_ms=414.2 total_ms=2013.3
rc=0 13f5_p0_B16 r2 RESULT finalize=REFINED fed=20 rejected=0 n_reg=18/18 cloud_points=2690 n_obs=6315 stream_ms=1706.0 finalize_ms=412.8 total_ms=2118.8
rc=0 13f5_p0_F21 r2 RESULT finalize=REFINED fed=20 rejected=0 n_reg=18/18 cloud_points=2671 n_obs=6269 stream_ms=1751.5 finalize_ms=310.1 total_ms=2061.6
rc=0 13f5_p0_B21 r2 RESULT finalize=REFINED fed=20 rejected=0 n_reg=18/18 cloud_points=2600 n_obs=6135 stream_ms=1712.0 finalize_ms=315.2 total_ms=2027.1
rc=0 13f5_e1_F16 r2 RESULT finalize=REFINED fed=20 rejected=0 n_reg=20/20 cloud_points=2467 n_obs=5803 stream_ms=1812.7 finalize_ms=307.0 total_ms=2119.7
rc=0 13f5_e1_X16 r2 RESULT finalize=REFINED fed=20 rejected=0 n_reg=20/20 cloud_points=2503 n_obs=5875 stream_ms=1794.2 finalize_ms=415.4 total_ms=2209.7
rc=0 13f5_e1_F21 r2 RESULT finalize=REFINED fed=20 rejected=0 n_reg=20/20 cloud_points=2500 n_obs=5875 stream_ms=1780.5 finalize_ms=313.4 total_ms=2093.9
rc=0 13f5_e1_X21 r2 RESULT finalize=REFINED fed=20 rejected=0 n_reg=20/20 cloud_points=2461 n_obs=5808 stream_ms=2077.9 finalize_ms=413.2 total_ms=2491.0
rc=0 13f5_p1_F16 r2 RESULT finalize=REFINED fed=20 rejected=0 n_reg=19/19 cloud_points=2364 n_obs=5536 stream_ms=1933.2 finalize_ms=412.7 total_ms=2345.9
rc=0 13f5_p1_B16 r2 RESULT finalize=REFINED fed=20 rejected=0 n_reg=19/19 cloud_points=2335 n_obs=5497 stream_ms=1925.4 finalize_ms=413.8 total_ms=2339.3
rc=0 13f5_p1_F21 r2 RESULT finalize=REFINED fed=20 rejected=0 n_reg=19/19 cloud_points=2352 n_obs=5524 stream_ms=1938.1 finalize_ms=418.9 total_ms=2357.0
rc=0 13f5_p1_B21 r2 RESULT finalize=REFINED fed=20 rejected=0 n_reg=19/19 cloud_points=2304 n_obs=5448 stream_ms=1786.3 finalize_ms=423.6 total_ms=2209.9
rc=0 13f5_e2_F16 r2 RESULT finalize=REFINED fed=20 rejected=0 n_reg=17/17 cloud_points=2344 n_obs=5413 stream_ms=1976.8 finalize_ms=421.7 total_ms=2398.5
rc=0 13f5_e2_X16 r2 RESULT finalize=REFINED fed=20 rejected=0 n_reg=17/17 cloud_points=2343 n_obs=5474 stream_ms=1759.9 finalize_ms=310.2 total_ms=2070.0
rc=0 13f5_e2_F21 r2 RESULT finalize=REFINED fed=20 rejected=0 n_reg=17/17 cloud_points=2316 n_obs=5406 stream_ms=1624.9 finalize_ms=411.9 total_ms=2036.8
rc=0 13f5_e2_X21 r2 RESULT finalize=REFINED fed=20 rejected=0 n_reg=17/17 cloud_points=2260 n_obs=5299 stream_ms=1645.2 finalize_ms=414.7 total_ms=2059.9
rc=0 13f5_p2_F16 r2 RESULT finalize=REFINED fed=19 rejected=0 n_reg=19/19 cloud_points=2122 n_obs=4973 stream_ms=1413.4 finalize_ms=310.3 total_ms=1723.7
rc=0 13f5_p2_B16 r2 RESULT finalize=REFINED fed=19 rejected=0 n_reg=19/19 cloud_points=2123 n_obs=5000 stream_ms=1546.7 finalize_ms=313.8 total_ms=1860.5
rc=0 13f5_p2_F21 r2 RESULT finalize=REFINED fed=19 rejected=0 n_reg=19/19 cloud_points=2085 n_obs=4926 stream_ms=1451.4 finalize_ms=310.8 total_ms=1762.1
rc=0 13f5_p2_B21 r2 RESULT finalize=REFINED fed=19 rejected=0 n_reg=19/19 cloud_points=2091 n_obs=4927 stream_ms=1456.7 finalize_ms=413.9 total_ms=1870.6
rc=0 6d18_e0_F16 r2 RESULT finalize=REFINED fed=20 rejected=0 n_reg=20/20 cloud_points=11739 n_obs=28421 stream_ms=3954.2 finalize_ms=1048.7 total_ms=5002.9
rc=0 6d18_e0_X16 r2 RESULT finalize=REFINED fed=20 rejected=0 n_reg=20/20 cloud_points=11751 n_obs=28371 stream_ms=4024.2 finalize_ms=1038.9 total_ms=5063.1
rc=0 6d18_e0_F21 r2 RESULT finalize=REFINED fed=20 rejected=0 n_reg=20/20 cloud_points=11722 n_obs=28353 stream_ms=4025.3 finalize_ms=1241.1 total_ms=5266.5
rc=0 6d18_e0_X21 r2 RESULT finalize=REFINED fed=20 rejected=0 n_reg=20/20 cloud_points=11734 n_obs=28342 stream_ms=4367.8 finalize_ms=1238.8 total_ms=5606.6
rc=0 6d18_p0_F16 r2 RESULT finalize=REFINED fed=20 rejected=0 n_reg=20/20 cloud_points=12040 n_obs=29618 stream_ms=4401.8 finalize_ms=1138.3 total_ms=5540.1
rc=0 6d18_p0_B16 r2 RESULT finalize=REFINED fed=20 rejected=0 n_reg=20/20 cloud_points=12111 n_obs=29657 stream_ms=4015.3 finalize_ms=935.0 total_ms=4950.3
rc=0 6d18_p0_F21 r2 RESULT finalize=REFINED fed=20 rejected=0 n_reg=20/20 cloud_points=12065 n_obs=29549 stream_ms=3955.5 finalize_ms=924.6 total_ms=4880.1
rc=0 6d18_p0_B21 r2 RESULT finalize=REFINED fed=20 rejected=0 n_reg=20/20 cloud_points=12068 n_obs=29626 stream_ms=4057.7 finalize_ms=1137.3 total_ms=5195.0
rc=0 6d18_e1_F16 r2 RESULT finalize=REFINED fed=20 rejected=0 n_reg=20/20 cloud_points=11803 n_obs=27478 stream_ms=3566.4 finalize_ms=1043.2 total_ms=4609.6
rc=0 6d18_e1_X16 r2 RESULT finalize=REFINED fed=20 rejected=0 n_reg=20/20 cloud_points=11826 n_obs=27444 stream_ms=3504.3 finalize_ms=1240.1 total_ms=4744.3
rc=0 6d18_e1_F21 r2 RESULT finalize=REFINED fed=20 rejected=0 n_reg=20/20 cloud_points=11821 n_obs=27475 stream_ms=4597.7 finalize_ms=1471.9 total_ms=6069.5
rc=0 6d18_e1_X21 r2 RESULT finalize=REFINED fed=20 rejected=0 n_reg=20/20 cloud_points=11852 n_obs=27594 stream_ms=4009.7 finalize_ms=1355.8 total_ms=5365.6
rc=0 6d18_p1_F16 r2 RESULT finalize=REFINED fed=20 rejected=0 n_reg=20/20 cloud_points=13081 n_obs=31972 stream_ms=4510.5 finalize_ms=1136.0 total_ms=5646.5
rc=0 6d18_p1_B16 r2 RESULT finalize=REFINED fed=20 rejected=0 n_reg=20/20 cloud_points=13128 n_obs=32078 stream_ms=3963.8 finalize_ms=938.7 total_ms=4902.5
rc=0 6d18_p1_F21 r2 RESULT finalize=REFINED fed=20 rejected=0 n_reg=20/20 cloud_points=13087 n_obs=31974 stream_ms=3922.3 finalize_ms=1040.5 total_ms=4962.8
rc=0 6d18_p1_B21 r2 RESULT finalize=REFINED fed=20 rejected=0 n_reg=20/20 cloud_points=13109 n_obs=32038 stream_ms=3881.7 finalize_ms=1350.0 total_ms=5231.7
rc=0 6d18_e2_F16 r2 RESULT finalize=REFINED fed=20 rejected=0 n_reg=20/20 cloud_points=10826 n_obs=24798 stream_ms=3331.6 finalize_ms=1137.8 total_ms=4469.4
rc=0 6d18_e2_X16 r2 RESULT finalize=REFINED fed=20 rejected=0 n_reg=20/20 cloud_points=10749 n_obs=24722 stream_ms=3257.1 finalize_ms=1036.4 total_ms=4293.5
rc=0 6d18_e2_F21 r2 RESULT finalize=REFINED fed=20 rejected=0 n_reg=20/20 cloud_points=10851 n_obs=24907 stream_ms=3260.5 finalize_ms=924.7 total_ms=4185.1
rc=0 6d18_e2_X21 r2 RESULT finalize=REFINED fed=20 rejected=0 n_reg=20/20 cloud_points=10813 n_obs=24844 stream_ms=3315.4 finalize_ms=1147.2 total_ms=4462.6
rc=0 6d18_p2_F16 r2 RESULT finalize=REFINED fed=19 rejected=0 n_reg=19/19 cloud_points=10809 n_obs=25541 stream_ms=3626.7 finalize_ms=1139.2 total_ms=4765.9
rc=0 6d18_p2_B16 r2 RESULT finalize=REFINED fed=19 rejected=0 n_reg=19/19 cloud_points=11090 n_obs=26335 stream_ms=3606.5 finalize_ms=1137.0 total_ms=4743.4
rc=0 6d18_p2_F21 r2 RESULT finalize=REFINED fed=19 rejected=0 n_reg=19/19 cloud_points=11259 n_obs=26559 stream_ms=3526.7 finalize_ms=935.3 total_ms=4461.9
rc=0 6d18_p2_B21 r2 RESULT finalize=REFINED fed=19 rejected=0 n_reg=19/19 cloud_points=11239 n_obs=26619 stream_ms=3814.2 finalize_ms=1043.8 total_ms=4858.1
rc=0 7353_e0_F16 r2 RESULT finalize=REFINED fed=20 rejected=0 n_reg=18/18 cloud_points=1699 n_obs=3801 stream_ms=1437.0 finalize_ms=312.6 total_ms=1749.6
rc=0 7353_e0_X16 r2 RESULT finalize=REFINED fed=20 rejected=0 n_reg=18/18 cloud_points=1703 n_obs=3841 stream_ms=1422.5 finalize_ms=416.9 total_ms=1839.4
rc=0 7353_e0_F21 r2 RESULT finalize=REFINED fed=20 rejected=0 n_reg=18/18 cloud_points=1707 n_obs=3828 stream_ms=1422.2 finalize_ms=415.6 total_ms=1837.8
rc=0 7353_e0_X21 r2 RESULT finalize=REFINED fed=20 rejected=0 n_reg=18/18 cloud_points=1574 n_obs=3555 stream_ms=1426.1 finalize_ms=415.8 total_ms=1841.9
rc=0 7353_p0_F16 r2 RESULT finalize=REFINED fed=20 rejected=0 n_reg=20/20 cloud_points=2017 n_obs=4498 stream_ms=1541.1 finalize_ms=313.6 total_ms=1854.8
rc=0 7353_p0_B16 r2 RESULT finalize=REFINED fed=20 rejected=0 n_reg=20/20 cloud_points=1937 n_obs=4327 stream_ms=1507.9 finalize_ms=312.0 total_ms=1820.0
rc=0 7353_p0_F21 r2 RESULT finalize=REFINED fed=20 rejected=0 n_reg=20/20 cloud_points=2098 n_obs=4651 stream_ms=1489.2 finalize_ms=418.4 total_ms=1907.6
rc=0 7353_p0_B21 r2 RESULT finalize=REFINED fed=20 rejected=0 n_reg=20/20 cloud_points=2077 n_obs=4587 stream_ms=1557.6 finalize_ms=414.1 total_ms=1971.7
rc=0 7353_e1_F16 r2 RESULT finalize=REFINED fed=20 rejected=0 n_reg=20/20 cloud_points=1618 n_obs=3604 stream_ms=1812.3 finalize_ms=415.9 total_ms=2228.2
rc=0 7353_e1_X16 r2 RESULT finalize=REFINED fed=20 rejected=0 n_reg=20/20 cloud_points=1625 n_obs=3592 stream_ms=1779.1 finalize_ms=424.2 total_ms=2203.3
rc=0 7353_e1_F21 r2 RESULT finalize=REFINED fed=20 rejected=0 n_reg=20/20 cloud_points=1610 n_obs=3568 stream_ms=1609.5 finalize_ms=514.0 total_ms=2123.5
rc=0 7353_e1_X21 r2 RESULT finalize=REFINED fed=20 rejected=0 n_reg=20/20 cloud_points=1625 n_obs=3565 stream_ms=2083.1 finalize_ms=414.5 total_ms=2497.6
rc=0 7353_p1_F16 r2 RESULT finalize=REFINED fed=20 rejected=0 n_reg=20/20 cloud_points=1271 n_obs=2772 stream_ms=1348.5 finalize_ms=412.3 total_ms=1760.8
rc=0 7353_p1_B16 r2 RESULT finalize=REFINED fed=20 rejected=0 n_reg=20/20 cloud_points=1252 n_obs=2735 stream_ms=1423.6 finalize_ms=418.6 total_ms=1842.2
rc=0 7353_p1_F21 r2 RESULT finalize=REFINED fed=20 rejected=0 n_reg=20/20 cloud_points=1228 n_obs=2668 stream_ms=1477.0 finalize_ms=415.9 total_ms=1892.9
rc=0 7353_p1_B21 r2 RESULT finalize=REFINED fed=20 rejected=0 n_reg=20/20 cloud_points=1246 n_obs=2723 stream_ms=1575.2 finalize_ms=416.2 total_ms=1991.3
rc=0 7353_e2_F16 r2 RESULT finalize=REFINED fed=20 rejected=0 n_reg=20/20 cloud_points=1957 n_obs=4198 stream_ms=1436.0 finalize_ms=419.6 total_ms=1855.6
rc=0 7353_e2_X16 r2 RESULT finalize=REFINED fed=20 rejected=0 n_reg=20/20 cloud_points=1766 n_obs=3795 stream_ms=1535.5 finalize_ms=417.4 total_ms=1952.9
rc=0 7353_e2_F21 r2 RESULT finalize=REFINED fed=20 rejected=0 n_reg=20/20 cloud_points=1900 n_obs=4048 stream_ms=1409.5 finalize_ms=415.2 total_ms=1824.7
rc=0 7353_e2_X21 r2 RESULT finalize=REFINED fed=20 rejected=0 n_reg=20/20 cloud_points=1984 n_obs=4256 stream_ms=1521.3 finalize_ms=415.2 total_ms=1936.5
rc=0 7353_p2_F16 r2 RESULT finalize=REFINED fed=20 rejected=0 n_reg=19/19 cloud_points=1585 n_obs=3396 stream_ms=1385.1 finalize_ms=310.2 total_ms=1695.3
rc=0 7353_p2_B16 r2 RESULT finalize=REFINED fed=20 rejected=0 n_reg=18/18 cloud_points=1577 n_obs=3398 stream_ms=1302.5 finalize_ms=313.6 total_ms=1616.1
rc=0 7353_p2_F21 r2 RESULT finalize=REFINED fed=20 rejected=0 n_reg=19/19 cloud_points=1575 n_obs=3398 stream_ms=1327.2 finalize_ms=309.3 total_ms=1636.5
rc=0 7353_p2_B21 r2 RESULT finalize=REFINED fed=20 rejected=0 n_reg=18/18 cloud_points=1561 n_obs=3374 stream_ms=1385.4 finalize_ms=312.5 total_ms=1697.9
rc=0 13f5_e0_F16 r3 RESULT finalize=REFINED fed=20 rejected=0 n_reg=18/18 cloud_points=2882 n_obs=6958 stream_ms=1715.0 finalize_ms=311.0 total_ms=2026.0
rc=0 13f5_e0_X16 r3 RESULT finalize=REFINED fed=20 rejected=0 n_reg=18/18 cloud_points=2855 n_obs=6925 stream_ms=1700.3 finalize_ms=309.0 total_ms=2009.3
rc=0 13f5_e0_F21 r3 RESULT finalize=REFINED fed=20 rejected=0 n_reg=18/18 cloud_points=2843 n_obs=6843 stream_ms=1658.2 finalize_ms=310.3 total_ms=1968.5
rc=0 13f5_e0_X21 r3 RESULT finalize=REFINED fed=20 rejected=0 n_reg=18/18 cloud_points=2818 n_obs=6834 stream_ms=1756.4 finalize_ms=311.9 total_ms=2068.3
rc=0 13f5_p0_F16 r3 RESULT finalize=REFINED fed=20 rejected=0 n_reg=18/18 cloud_points=2685 n_obs=6322 stream_ms=1627.3 finalize_ms=416.6 total_ms=2043.9
rc=0 13f5_p0_B16 r3 RESULT finalize=REFINED fed=20 rejected=0 n_reg=18/18 cloud_points=2657 n_obs=6291 stream_ms=1605.9 finalize_ms=315.2 total_ms=1921.0
rc=0 13f5_p0_F21 r3 RESULT finalize=REFINED fed=20 rejected=0 n_reg=18/18 cloud_points=2682 n_obs=6294 stream_ms=1599.2 finalize_ms=310.2 total_ms=1909.4
rc=0 13f5_p0_B21 r3 RESULT finalize=REFINED fed=20 rejected=0 n_reg=18/18 cloud_points=2588 n_obs=6129 stream_ms=1554.5 finalize_ms=313.5 total_ms=1868.0
rc=0 13f5_e1_F16 r3 RESULT finalize=REFINED fed=20 rejected=0 n_reg=20/20 cloud_points=2487 n_obs=5849 stream_ms=1723.4 finalize_ms=304.4 total_ms=2027.8
rc=0 13f5_e1_X16 r3 RESULT finalize=REFINED fed=20 rejected=0 n_reg=20/20 cloud_points=2490 n_obs=5864 stream_ms=1661.6 finalize_ms=311.7 total_ms=1973.4
rc=0 13f5_e1_F21 r3 RESULT finalize=REFINED fed=20 rejected=0 n_reg=20/20 cloud_points=2467 n_obs=5790 stream_ms=1691.3 finalize_ms=416.3 total_ms=2107.7
rc=0 13f5_e1_X21 r3 RESULT finalize=REFINED fed=20 rejected=0 n_reg=20/20 cloud_points=2454 n_obs=5784 stream_ms=1762.7 finalize_ms=310.9 total_ms=2073.5
rc=0 13f5_p1_F16 r3 RESULT finalize=REFINED fed=20 rejected=0 n_reg=19/19 cloud_points=2347 n_obs=5536 stream_ms=1827.3 finalize_ms=420.2 total_ms=2247.5
rc=0 13f5_p1_B16 r3 RESULT finalize=REFINED fed=20 rejected=0 n_reg=19/19 cloud_points=2367 n_obs=5592 stream_ms=1828.7 finalize_ms=420.3 total_ms=2249.0
rc=0 13f5_p1_F21 r3 RESULT finalize=REFINED fed=20 rejected=0 n_reg=19/19 cloud_points=2352 n_obs=5541 stream_ms=1781.0 finalize_ms=409.1 total_ms=2190.1
rc=0 13f5_p1_B21 r3 RESULT finalize=REFINED fed=20 rejected=0 n_reg=19/19 cloud_points=2282 n_obs=5399 stream_ms=1689.0 finalize_ms=413.9 total_ms=2102.8
rc=0 13f5_e2_F16 r3 RESULT finalize=REFINED fed=20 rejected=0 n_reg=17/17 cloud_points=2321 n_obs=5410 stream_ms=1770.1 finalize_ms=415.5 total_ms=2185.6
rc=0 13f5_e2_X16 r3 RESULT finalize=REFINED fed=20 rejected=0 n_reg=17/17 cloud_points=2350 n_obs=5495 stream_ms=1560.4 finalize_ms=312.4 total_ms=1872.8
rc=0 13f5_e2_F21 r3 RESULT finalize=REFINED fed=20 rejected=0 n_reg=17/17 cloud_points=2288 n_obs=5345 stream_ms=1587.8 finalize_ms=314.4 total_ms=1902.2
rc=0 13f5_e2_X21 r3 RESULT finalize=REFINED fed=20 rejected=0 n_reg=17/17 cloud_points=2293 n_obs=5379 stream_ms=1644.3 finalize_ms=419.3 total_ms=2063.6
rc=0 13f5_p2_F16 r3 RESULT finalize=REFINED fed=19 rejected=0 n_reg=19/19 cloud_points=2069 n_obs=4905 stream_ms=1498.7 finalize_ms=311.8 total_ms=1810.6
rc=0 13f5_p2_B16 r3 RESULT finalize=REFINED fed=19 rejected=0 n_reg=19/19 cloud_points=2150 n_obs=5031 stream_ms=1520.9 finalize_ms=313.3 total_ms=1834.2
rc=0 13f5_p2_F21 r3 RESULT finalize=REFINED fed=19 rejected=0 n_reg=19/19 cloud_points=2089 n_obs=4921 stream_ms=1433.3 finalize_ms=310.3 total_ms=1743.5
rc=0 13f5_p2_B21 r3 RESULT finalize=REFINED fed=19 rejected=0 n_reg=19/19 cloud_points=2153 n_obs=5028 stream_ms=1451.0 finalize_ms=314.3 total_ms=1765.3
rc=0 6d18_e0_F16 r3 RESULT finalize=REFINED fed=20 rejected=0 n_reg=20/20 cloud_points=11706 n_obs=28369 stream_ms=3899.7 finalize_ms=1035.7 total_ms=4935.4
rc=0 6d18_e0_X16 r3 RESULT finalize=REFINED fed=20 rejected=0 n_reg=20/20 cloud_points=11739 n_obs=28357 stream_ms=4932.7 finalize_ms=1356.6 total_ms=6289.2
rc=0 6d18_e0_F21 r3 RESULT finalize=REFINED fed=20 rejected=0 n_reg=20/20 cloud_points=11724 n_obs=28340 stream_ms=4209.4 finalize_ms=1459.1 total_ms=5668.5
rc=0 6d18_e0_X21 r3 RESULT finalize=REFINED fed=20 rejected=0 n_reg=20/20 cloud_points=11729 n_obs=28323 stream_ms=4591.3 finalize_ms=1349.0 total_ms=5940.3
rc=0 6d18_p0_F16 r3 RESULT finalize=REFINED fed=20 rejected=0 n_reg=20/20 cloud_points=12080 n_obs=29667 stream_ms=4066.1 finalize_ms=1140.2 total_ms=5206.4
rc=0 6d18_p0_B16 r3 RESULT finalize=REFINED fed=20 rejected=0 n_reg=20/20 cloud_points=12066 n_obs=29649 stream_ms=4063.5 finalize_ms=931.0 total_ms=4994.5
rc=0 6d18_p0_F21 r3 RESULT finalize=REFINED fed=20 rejected=0 n_reg=20/20 cloud_points=12049 n_obs=29512 stream_ms=3876.4 finalize_ms=1150.6 total_ms=5027.0
rc=0 6d18_p0_B21 r3 RESULT finalize=REFINED fed=20 rejected=0 n_reg=20/20 cloud_points=12101 n_obs=29687 stream_ms=4151.6 finalize_ms=1136.5 total_ms=5288.1
rc=0 6d18_e1_F16 r3 RESULT finalize=REFINED fed=20 rejected=0 n_reg=20/20 cloud_points=11803 n_obs=27510 stream_ms=3569.2 finalize_ms=1132.2 total_ms=4701.4
rc=0 6d18_e1_X16 r3 RESULT finalize=REFINED fed=20 rejected=0 n_reg=20/20 cloud_points=11827 n_obs=27428 stream_ms=3541.2 finalize_ms=1146.3 total_ms=4687.6
rc=0 6d18_e1_F21 r3 RESULT finalize=REFINED fed=20 rejected=0 n_reg=20/20 cloud_points=11799 n_obs=27438 stream_ms=3522.0 finalize_ms=1040.4 total_ms=4562.4
rc=0 6d18_e1_X21 r3 RESULT finalize=REFINED fed=20 rejected=0 n_reg=20/20 cloud_points=11851 n_obs=27596 stream_ms=3540.2 finalize_ms=1448.7 total_ms=4988.8
rc=0 6d18_p1_F16 r3 RESULT finalize=REFINED fed=20 rejected=0 n_reg=20/20 cloud_points=13084 n_obs=31975 stream_ms=3988.9 finalize_ms=1156.8 total_ms=5145.7
rc=0 6d18_p1_B16 r3 RESULT finalize=REFINED fed=20 rejected=0 n_reg=20/20 cloud_points=13131 n_obs=32082 stream_ms=3803.3 finalize_ms=1276.7 total_ms=5080.0
rc=0 6d18_p1_F21 r3 RESULT finalize=REFINED fed=20 rejected=0 n_reg=20/20 cloud_points=13071 n_obs=31916 stream_ms=4478.7 finalize_ms=1196.5 total_ms=5675.3
rc=0 6d18_p1_B21 r3 RESULT finalize=REFINED fed=20 rejected=0 n_reg=20/20 cloud_points=13094 n_obs=32010 stream_ms=4129.5 finalize_ms=1283.5 total_ms=5413.0
rc=0 6d18_e2_F16 r3 RESULT finalize=REFINED fed=20 rejected=0 n_reg=20/20 cloud_points=10841 n_obs=24859 stream_ms=3579.8 finalize_ms=1071.6 total_ms=4651.3
rc=0 6d18_e2_X16 r3 RESULT finalize=REFINED fed=20 rejected=0 n_reg=20/20 cloud_points=10730 n_obs=24750 stream_ms=3333.8 finalize_ms=1165.3 total_ms=4499.1
rc=0 6d18_e2_F21 r3 RESULT finalize=REFINED fed=20 rejected=0 n_reg=20/20 cloud_points=10880 n_obs=24945 stream_ms=3360.1 finalize_ms=1167.9 total_ms=4527.9
rc=0 6d18_e2_X21 r3 RESULT finalize=REFINED fed=20 rejected=0 n_reg=20/20 cloud_points=10783 n_obs=24794 stream_ms=3260.8 finalize_ms=1295.6 total_ms=4556.4
rc=0 6d18_p2_F16 r3 RESULT finalize=REFINED fed=19 rejected=0 n_reg=19/19 cloud_points=11095 n_obs=26219 stream_ms=3550.8 finalize_ms=1074.8 total_ms=4625.6
rc=0 6d18_p2_B16 r3 RESULT finalize=REFINED fed=19 rejected=0 n_reg=19/19 cloud_points=10927 n_obs=26001 stream_ms=3796.0 finalize_ms=966.5 total_ms=4762.5
rc=0 6d18_p2_F21 r3 RESULT finalize=REFINED fed=19 rejected=0 n_reg=19/19 cloud_points=11257 n_obs=26573 stream_ms=3823.3 finalize_ms=1176.4 total_ms=4999.7
rc=0 6d18_p2_B21 r3 RESULT finalize=REFINED fed=19 rejected=0 n_reg=19/19 cloud_points=11262 n_obs=26645 stream_ms=3854.7 finalize_ms=953.9 total_ms=4808.6
rc=0 7353_e0_F16 r3 RESULT finalize=REFINED fed=20 rejected=0 n_reg=18/18 cloud_points=1733 n_obs=3880 stream_ms=1565.0 finalize_ms=422.5 total_ms=1987.4
rc=0 7353_e0_X16 r3 RESULT finalize=REFINED fed=20 rejected=0 n_reg=18/18 cloud_points=1710 n_obs=3852 stream_ms=1488.8 finalize_ms=429.5 total_ms=1918.2
rc=0 7353_e0_F21 r3 RESULT finalize=REFINED fed=20 rejected=0 n_reg=18/18 cloud_points=1714 n_obs=3839 stream_ms=1483.7 finalize_ms=329.2 total_ms=1812.9
rc=0 7353_e0_X21 r3 RESULT finalize=REFINED fed=20 rejected=0 n_reg=18/18 cloud_points=1740 n_obs=3912 stream_ms=1440.2 finalize_ms=411.9 total_ms=1852.1
rc=0 7353_p0_F16 r3 RESULT finalize=REFINED fed=20 rejected=0 n_reg=20/20 cloud_points=2042 n_obs=4552 stream_ms=1544.4 finalize_ms=320.9 total_ms=1865.3
rc=0 7353_p0_B16 r3 RESULT finalize=REFINED fed=20 rejected=0 n_reg=20/20 cloud_points=1977 n_obs=4421 stream_ms=1532.5 finalize_ms=427.1 total_ms=1959.7
rc=0 7353_p0_F21 r3 RESULT finalize=REFINED fed=20 rejected=0 n_reg=20/20 cloud_points=1953 n_obs=4355 stream_ms=1522.6 finalize_ms=330.3 total_ms=1852.9
rc=0 7353_p0_B21 r3 RESULT finalize=REFINED fed=20 rejected=0 n_reg=20/20 cloud_points=2086 n_obs=4624 stream_ms=1524.6 finalize_ms=430.7 total_ms=1955.3
rc=0 7353_e1_F16 r3 RESULT finalize=REFINED fed=20 rejected=0 n_reg=20/20 cloud_points=1642 n_obs=3632 stream_ms=1513.5 finalize_ms=319.6 total_ms=1833.1
rc=0 7353_e1_X16 r3 RESULT finalize=REFINED fed=20 rejected=0 n_reg=20/20 cloud_points=1636 n_obs=3617 stream_ms=1477.9 finalize_ms=330.1 total_ms=1808.1
rc=0 7353_e1_F21 r3 RESULT finalize=REFINED fed=20 rejected=0 n_reg=20/20 cloud_points=1643 n_obs=3616 stream_ms=1600.1 finalize_ms=417.2 total_ms=2017.3
rc=0 7353_e1_X21 r3 RESULT finalize=REFINED fed=20 rejected=0 n_reg=20/20 cloud_points=1663 n_obs=3667 stream_ms=1765.2 finalize_ms=535.5 total_ms=2300.7
rc=0 7353_p1_F16 r3 RESULT finalize=REFINED fed=20 rejected=0 n_reg=20/20 cloud_points=1250 n_obs=2746 stream_ms=1718.2 finalize_ms=519.9 total_ms=2238.1
rc=0 7353_p1_B16 r3 RESULT finalize=REFINED fed=20 rejected=0 n_reg=20/20 cloud_points=1261 n_obs=2742 stream_ms=1640.9 finalize_ms=421.6 total_ms=2062.6
rc=0 7353_p1_F21 r3 RESULT finalize=REFINED fed=20 rejected=0 n_reg=20/20 cloud_points=1255 n_obs=2740 stream_ms=1457.1 finalize_ms=428.8 total_ms=1885.9
rc=0 7353_p1_B21 r3 RESULT finalize=REFINED fed=20 rejected=0 n_reg=20/20 cloud_points=1259 n_obs=2739 stream_ms=1723.5 finalize_ms=540.2 total_ms=2263.7
rc=0 7353_e2_F16 r3 RESULT finalize=REFINED fed=20 rejected=0 n_reg=20/20 cloud_points=1913 n_obs=4105 stream_ms=1590.9 finalize_ms=412.8 total_ms=2003.7
rc=0 7353_e2_X16 r3 RESULT finalize=REFINED fed=20 rejected=0 n_reg=20/20 cloud_points=1798 n_obs=3863 stream_ms=1659.1 finalize_ms=429.7 total_ms=2088.8
rc=0 7353_e2_F21 r3 RESULT finalize=REFINED fed=20 rejected=0 n_reg=20/20 cloud_points=1982 n_obs=4232 stream_ms=1441.6 finalize_ms=433.0 total_ms=1874.6
rc=0 7353_e2_X21 r3 RESULT finalize=REFINED fed=20 rejected=0 n_reg=20/20 cloud_points=2008 n_obs=4290 stream_ms=1570.4 finalize_ms=320.9 total_ms=1891.3
rc=0 7353_p2_F16 r3 RESULT finalize=REFINED fed=20 rejected=0 n_reg=19/19 cloud_points=1598 n_obs=3404 stream_ms=1409.0 finalize_ms=325.3 total_ms=1734.3
rc=0 7353_p2_B16 r3 RESULT finalize=REFINED fed=20 rejected=0 n_reg=19/19 cloud_points=1565 n_obs=3364 stream_ms=1401.9 finalize_ms=323.7 total_ms=1725.5
rc=0 7353_p2_F21 r3 RESULT finalize=REFINED fed=20 rejected=0 n_reg=19/19 cloud_points=1566 n_obs=3367 stream_ms=1384.7 finalize_ms=309.9 total_ms=1694.6
rc=0 7353_p2_B21 r3 RESULT finalize=REFINED fed=20 rejected=0 n_reg=18/18 cloud_points=1544 n_obs=3329 stream_ms=1640.2 finalize_ms=321.3 total_ms=1961.5
rc=0 13f5_e0_F16 r4 RESULT finalize=REFINED fed=20 rejected=0 n_reg=18/18 cloud_points=2863 n_obs=6912 stream_ms=1846.1 finalize_ms=320.5 total_ms=2166.6
rc=0 13f5_e0_X16 r4 RESULT finalize=REFINED fed=20 rejected=0 n_reg=18/18 cloud_points=2867 n_obs=6911 stream_ms=1733.1 finalize_ms=322.7 total_ms=2055.8
rc=0 13f5_e0_F21 r4 RESULT finalize=REFINED fed=20 rejected=0 n_reg=19/19 cloud_points=2846 n_obs=6863 stream_ms=1737.4 finalize_ms=313.3 total_ms=2050.7
rc=0 13f5_e0_X21 r4 RESULT finalize=REFINED fed=20 rejected=0 n_reg=18/18 cloud_points=2817 n_obs=6800 stream_ms=1694.0 finalize_ms=424.8 total_ms=2118.7
rc=0 13f5_p0_F16 r4 RESULT finalize=REFINED fed=20 rejected=0 n_reg=18/18 cloud_points=2704 n_obs=6345 stream_ms=1700.5 finalize_ms=323.8 total_ms=2024.3
rc=0 13f5_p0_B16 r4 RESULT finalize=REFINED fed=20 rejected=0 n_reg=18/18 cloud_points=2651 n_obs=6270 stream_ms=2159.7 finalize_ms=307.0 total_ms=2466.7
rc=0 13f5_p0_F21 r4 RESULT finalize=REFINED fed=20 rejected=0 n_reg=18/18 cloud_points=2699 n_obs=6303 stream_ms=1912.8 finalize_ms=429.9 total_ms=2342.7
rc=0 13f5_p0_B21 r4 RESULT finalize=REFINED fed=20 rejected=0 n_reg=18/18 cloud_points=2593 n_obs=6099 stream_ms=1704.9 finalize_ms=428.6 total_ms=2133.5
rc=0 13f5_e1_F16 r4 RESULT finalize=REFINED fed=20 rejected=0 n_reg=20/20 cloud_points=2449 n_obs=5795 stream_ms=1695.1 finalize_ms=304.5 total_ms=1999.6
rc=0 13f5_e1_X16 r4 RESULT finalize=REFINED fed=20 rejected=0 n_reg=20/20 cloud_points=2484 n_obs=5857 stream_ms=1686.4 finalize_ms=325.5 total_ms=2011.9
rc=0 13f5_e1_F21 r4 RESULT finalize=REFINED fed=20 rejected=0 n_reg=20/20 cloud_points=2481 n_obs=5821 stream_ms=1711.6 finalize_ms=318.3 total_ms=2029.9
rc=0 13f5_e1_X21 r4 RESULT finalize=REFINED fed=20 rejected=0 n_reg=20/20 cloud_points=2474 n_obs=5815 stream_ms=1747.7 finalize_ms=426.8 total_ms=2174.6
rc=0 13f5_p1_F16 r4 RESULT finalize=REFINED fed=20 rejected=0 n_reg=19/19 cloud_points=2334 n_obs=5488 stream_ms=1932.0 finalize_ms=422.0 total_ms=2354.0
rc=0 13f5_p1_B16 r4 RESULT finalize=REFINED fed=20 rejected=0 n_reg=19/19 cloud_points=2353 n_obs=5536 stream_ms=1931.3 finalize_ms=423.8 total_ms=2355.0
rc=0 13f5_p1_F21 r4 RESULT finalize=REFINED fed=20 rejected=0 n_reg=19/19 cloud_points=2366 n_obs=5539 stream_ms=1824.7 finalize_ms=420.3 total_ms=2245.1
rc=0 13f5_p1_B21 r4 RESULT finalize=REFINED fed=20 rejected=0 n_reg=19/19 cloud_points=2326 n_obs=5479 stream_ms=2055.5 finalize_ms=420.8 total_ms=2476.3
rc=0 13f5_e2_F16 r4 RESULT finalize=REFINED fed=20 rejected=0 n_reg=17/17 cloud_points=2295 n_obs=5370 stream_ms=1707.0 finalize_ms=430.4 total_ms=2137.5
rc=0 13f5_e2_X16 r4 RESULT finalize=REFINED fed=20 rejected=0 n_reg=17/17 cloud_points=2331 n_obs=5455 stream_ms=1713.7 finalize_ms=435.0 total_ms=2148.7
rc=0 13f5_e2_F21 r4 RESULT finalize=REFINED fed=20 rejected=0 n_reg=17/17 cloud_points=2332 n_obs=5443 stream_ms=1655.8 finalize_ms=322.3 total_ms=1978.1
rc=0 13f5_e2_X21 r4 RESULT finalize=REFINED fed=20 rejected=0 n_reg=17/17 cloud_points=2289 n_obs=5363 stream_ms=1548.7 finalize_ms=310.2 total_ms=1858.9
rc=0 13f5_p2_F16 r4 RESULT finalize=REFINED fed=19 rejected=0 n_reg=19/19 cloud_points=2109 n_obs=4970 stream_ms=1375.4 finalize_ms=322.8 total_ms=1698.1
rc=0 13f5_p2_B16 r4 RESULT finalize=REFINED fed=19 rejected=0 n_reg=19/19 cloud_points=2133 n_obs=4994 stream_ms=1364.2 finalize_ms=317.0 total_ms=1681.2
rc=0 13f5_p2_F21 r4 RESULT finalize=REFINED fed=19 rejected=0 n_reg=19/19 cloud_points=2089 n_obs=4910 stream_ms=1360.0 finalize_ms=418.2 total_ms=1778.3
rc=0 13f5_p2_B21 r4 RESULT finalize=REFINED fed=19 rejected=0 n_reg=19/19 cloud_points=2135 n_obs=4997 stream_ms=1416.1 finalize_ms=323.0 total_ms=1739.1
rc=0 6d18_e0_F16 r4 RESULT finalize=REFINED fed=20 rejected=0 n_reg=20/20 cloud_points=11717 n_obs=28322 stream_ms=3954.6 finalize_ms=1142.7 total_ms=5097.3
rc=0 6d18_e0_X16 r4 RESULT finalize=REFINED fed=20 rejected=0 n_reg=20/20 cloud_points=11741 n_obs=28358 stream_ms=4091.6 finalize_ms=1138.7 total_ms=5230.3
rc=0 6d18_e0_F21 r4 RESULT finalize=REFINED fed=20 rejected=0 n_reg=20/20 cloud_points=11714 n_obs=28330 stream_ms=3806.6 finalize_ms=1043.4 total_ms=4850.0
rc=0 6d18_e0_X21 r4 RESULT finalize=REFINED fed=20 rejected=0 n_reg=20/20 cloud_points=11692 n_obs=28253 stream_ms=4172.8 finalize_ms=1336.3 total_ms=5509.1
rc=0 6d18_p0_F16 r4 RESULT finalize=REFINED fed=20 rejected=0 n_reg=20/20 cloud_points=12041 n_obs=29615 stream_ms=4020.1 finalize_ms=1037.0 total_ms=5057.1
rc=0 6d18_p0_B16 r4 RESULT finalize=REFINED fed=20 rejected=0 n_reg=20/20 cloud_points=12118 n_obs=29683 stream_ms=3826.8 finalize_ms=1046.7 total_ms=4873.5
rc=0 6d18_p0_F21 r4 RESULT finalize=REFINED fed=20 rejected=0 n_reg=20/20 cloud_points=12077 n_obs=29592 stream_ms=3735.3 finalize_ms=1039.3 total_ms=4774.6
rc=0 6d18_p0_B21 r4 RESULT finalize=REFINED fed=20 rejected=0 n_reg=20/20 cloud_points=12058 n_obs=29608 stream_ms=3880.3 finalize_ms=940.4 total_ms=4820.7
rc=0 6d18_e1_F16 r4 RESULT finalize=REFINED fed=20 rejected=0 n_reg=20/20 cloud_points=11804 n_obs=27466 stream_ms=3467.8 finalize_ms=934.9 total_ms=4402.6
rc=0 6d18_e1_X16 r4 RESULT finalize=REFINED fed=20 rejected=0 n_reg=20/20 cloud_points=11804 n_obs=27392 stream_ms=3385.8 finalize_ms=1032.4 total_ms=4418.2
rc=0 6d18_e1_F21 r4 RESULT finalize=REFINED fed=20 rejected=0 n_reg=20/20 cloud_points=11805 n_obs=27474 stream_ms=3458.9 finalize_ms=939.1 total_ms=4398.0
rc=0 6d18_e1_X21 r4 RESULT finalize=REFINED fed=20 rejected=0 n_reg=20/20 cloud_points=11835 n_obs=27566 stream_ms=3319.4 finalize_ms=1035.1 total_ms=4354.5
rc=0 6d18_p1_F16 r4 RESULT finalize=REFINED fed=20 rejected=0 n_reg=20/20 cloud_points=13107 n_obs=32018 stream_ms=3672.2 finalize_ms=939.9 total_ms=4612.1
rc=0 6d18_p1_B16 r4 RESULT finalize=REFINED fed=20 rejected=0 n_reg=20/20 cloud_points=13123 n_obs=32056 stream_ms=3607.3 finalize_ms=933.7 total_ms=4541.0
rc=0 6d18_p1_F21 r4 RESULT finalize=REFINED fed=20 rejected=0 n_reg=20/20 cloud_points=13097 n_obs=31958 stream_ms=3736.3 finalize_ms=1042.4 total_ms=4778.7
rc=0 6d18_p1_B21 r4 RESULT finalize=REFINED fed=20 rejected=0 n_reg=20/20 cloud_points=13123 n_obs=32072 stream_ms=3641.3 finalize_ms=1031.5 total_ms=4672.7
rc=0 6d18_e2_F16 r4 RESULT finalize=REFINED fed=20 rejected=0 n_reg=20/20 cloud_points=10870 n_obs=24896 stream_ms=3140.9 finalize_ms=1043.0 total_ms=4183.9
rc=0 6d18_e2_X16 r4 RESULT finalize=REFINED fed=20 rejected=0 n_reg=20/20 cloud_points=10749 n_obs=24730 stream_ms=3188.9 finalize_ms=1034.5 total_ms=4223.4
rc=0 6d18_e2_F21 r4 RESULT finalize=REFINED fed=20 rejected=0 n_reg=20/20 cloud_points=10860 n_obs=24929 stream_ms=3158.0 finalize_ms=1034.1 total_ms=4192.1
rc=0 6d18_e2_X21 r4 RESULT finalize=REFINED fed=20 rejected=0 n_reg=20/20 cloud_points=10801 n_obs=24851 stream_ms=3213.7 finalize_ms=934.4 total_ms=4148.1
rc=0 6d18_p2_F16 r4 RESULT finalize=REFINED fed=19 rejected=0 n_reg=19/19 cloud_points=10845 n_obs=25723 stream_ms=3396.9 finalize_ms=839.0 total_ms=4235.9
rc=0 6d18_p2_B16 r4 RESULT finalize=REFINED fed=19 rejected=0 n_reg=19/19 cloud_points=10861 n_obs=25861 stream_ms=3556.2 finalize_ms=1034.0 total_ms=4590.3
rc=0 6d18_p2_F21 r4 RESULT finalize=REFINED fed=19 rejected=0 n_reg=19/19 cloud_points=11206 n_obs=26480 stream_ms=3339.8 finalize_ms=1141.1 total_ms=4480.9
rc=0 6d18_p2_B21 r4 RESULT finalize=REFINED fed=19 rejected=0 n_reg=19/19 cloud_points=11228 n_obs=26588 stream_ms=3424.3 finalize_ms=1031.7 total_ms=4456.0
rc=0 7353_e0_F16 r4 RESULT finalize=REFINED fed=20 rejected=0 n_reg=18/18 cloud_points=1690 n_obs=3779 stream_ms=1289.0 finalize_ms=411.3 total_ms=1700.4
rc=0 7353_e0_X16 r4 RESULT finalize=REFINED fed=20 rejected=0 n_reg=18/18 cloud_points=1630 n_obs=3700 stream_ms=1298.4 finalize_ms=420.1 total_ms=1718.5
rc=0 7353_e0_F21 r4 RESULT finalize=REFINED fed=20 rejected=0 n_reg=18/18 cloud_points=1713 n_obs=3843 stream_ms=1311.1 finalize_ms=420.1 total_ms=1731.2
rc=0 7353_e0_X21 r4 RESULT finalize=REFINED fed=20 rejected=0 n_reg=19/19 cloud_points=1753 n_obs=3936 stream_ms=1367.4 finalize_ms=416.3 total_ms=1783.7
rc=0 7353_p0_F16 r4 RESULT finalize=REFINED fed=20 rejected=0 n_reg=20/20 cloud_points=2031 n_obs=4533 stream_ms=1495.1 finalize_ms=420.1 total_ms=1915.2
rc=0 7353_p0_B16 r4 RESULT finalize=REFINED fed=20 rejected=0 n_reg=20/20 cloud_points=2063 n_obs=4591 stream_ms=1521.1 finalize_ms=419.1 total_ms=1940.2
rc=0 7353_p0_F21 r4 RESULT finalize=REFINED fed=20 rejected=0 n_reg=20/20 cloud_points=2085 n_obs=4633 stream_ms=1517.4 finalize_ms=420.1 total_ms=1937.5
rc=0 7353_p0_B21 r4 RESULT finalize=REFINED fed=20 rejected=0 n_reg=20/20 cloud_points=2072 n_obs=4623 stream_ms=1483.2 finalize_ms=411.7 total_ms=1894.9
rc=0 7353_e1_F16 r4 RESULT finalize=REFINED fed=20 rejected=0 n_reg=20/20 cloud_points=1640 n_obs=3640 stream_ms=1459.4 finalize_ms=417.3 total_ms=1876.7
rc=0 7353_e1_X16 r4 RESULT finalize=REFINED fed=20 rejected=0 n_reg=20/20 cloud_points=1637 n_obs=3631 stream_ms=1367.7 finalize_ms=314.9 total_ms=1682.6
rc=0 7353_e1_F21 r4 RESULT finalize=REFINED fed=20 rejected=0 n_reg=20/20 cloud_points=1605 n_obs=3541 stream_ms=1339.3 finalize_ms=419.3 total_ms=1758.5
rc=0 7353_e1_X21 r4 RESULT finalize=REFINED fed=20 rejected=0 n_reg=20/20 cloud_points=1636 n_obs=3621 stream_ms=2712.9 finalize_ms=420.1 total_ms=3133.1
rc=0 7353_p1_F16 r4 RESULT finalize=REFINED fed=20 rejected=0 n_reg=20/20 cloud_points=1266 n_obs=2769 stream_ms=1228.4 finalize_ms=412.0 total_ms=1640.4
rc=0 7353_p1_B16 r4 RESULT finalize=REFINED fed=20 rejected=0 n_reg=20/20 cloud_points=1247 n_obs=2714 stream_ms=1318.1 finalize_ms=416.4 total_ms=1734.5
rc=0 7353_p1_F21 r4 RESULT finalize=REFINED fed=20 rejected=0 n_reg=20/20 cloud_points=1253 n_obs=2731 stream_ms=1229.8 finalize_ms=413.4 total_ms=1643.2
rc=0 7353_p1_B21 r4 RESULT finalize=REFINED fed=20 rejected=0 n_reg=20/20 cloud_points=1271 n_obs=2747 stream_ms=1174.0 finalize_ms=420.1 total_ms=1594.1
rc=0 7353_e2_F16 r4 RESULT finalize=REFINED fed=20 rejected=0 n_reg=20/20 cloud_points=1935 n_obs=4147 stream_ms=1374.3 finalize_ms=419.4 total_ms=1793.7
rc=0 7353_e2_X16 r4 RESULT finalize=REFINED fed=20 rejected=0 n_reg=20/20 cloud_points=1792 n_obs=3855 stream_ms=1201.8 finalize_ms=420.2 total_ms=1622.0
rc=0 7353_e2_F21 r4 RESULT finalize=REFINED fed=20 rejected=0 n_reg=20/20 cloud_points=1932 n_obs=4121 stream_ms=1255.2 finalize_ms=416.6 total_ms=1671.8
rc=0 7353_e2_X21 r4 RESULT finalize=REFINED fed=20 rejected=0 n_reg=20/20 cloud_points=1951 n_obs=4187 stream_ms=1236.0 finalize_ms=413.6 total_ms=1649.6
rc=0 7353_p2_F16 r4 RESULT finalize=REFINED fed=20 rejected=0 n_reg=19/19 cloud_points=1574 n_obs=3380 stream_ms=1226.8 finalize_ms=308.4 total_ms=1535.2
rc=0 7353_p2_B16 r4 RESULT finalize=REFINED fed=20 rejected=0 n_reg=19/19 cloud_points=1523 n_obs=3291 stream_ms=1171.3 finalize_ms=308.0 total_ms=1479.3
rc=0 7353_p2_F21 r4 RESULT finalize=REFINED fed=20 rejected=0 n_reg=19/19 cloud_points=1508 n_obs=3256 stream_ms=1130.2 finalize_ms=419.4 total_ms=1549.6
rc=0 7353_p2_B21 r4 RESULT finalize=REFINED fed=20 rejected=0 n_reg=18/18 cloud_points=1579 n_obs=3405 stream_ms=1233.4 finalize_ms=312.6 total_ms=1546.0
rc=0 13f5_e0_F16 r5 RESULT finalize=REFINED fed=20 rejected=0 n_reg=18/18 cloud_points=2868 n_obs=6949 stream_ms=1547.5 finalize_ms=311.3 total_ms=1858.8
rc=0 13f5_e0_X16 r5 RESULT finalize=REFINED fed=20 rejected=0 n_reg=18/18 cloud_points=2854 n_obs=6906 stream_ms=1675.1 finalize_ms=307.5 total_ms=1982.6
rc=0 13f5_e0_F21 r5 RESULT finalize=REFINED fed=20 rejected=0 n_reg=18/18 cloud_points=2828 n_obs=6853 stream_ms=1528.5 finalize_ms=314.7 total_ms=1843.1
rc=0 13f5_e0_X21 r5 RESULT finalize=REFINED fed=20 rejected=0 n_reg=18/18 cloud_points=2829 n_obs=6831 stream_ms=1481.6 finalize_ms=305.9 total_ms=1787.5
rc=0 13f5_p0_F16 r5 RESULT finalize=REFINED fed=20 rejected=0 n_reg=18/18 cloud_points=2669 n_obs=6280 stream_ms=1501.8 finalize_ms=310.9 total_ms=1812.7
rc=0 13f5_p0_B16 r5 RESULT finalize=REFINED fed=20 rejected=0 n_reg=18/18 cloud_points=2709 n_obs=6360 stream_ms=1593.2 finalize_ms=315.2 total_ms=1908.4
rc=0 13f5_p0_F21 r5 RESULT finalize=REFINED fed=20 rejected=0 n_reg=18/18 cloud_points=2676 n_obs=6268 stream_ms=1477.7 finalize_ms=311.3 total_ms=1789.0
rc=0 13f5_p0_B21 r5 RESULT finalize=REFINED fed=20 rejected=0 n_reg=18/18 cloud_points=2623 n_obs=6194 stream_ms=1447.4 finalize_ms=419.9 total_ms=1867.3
rc=0 13f5_e1_F16 r5 RESULT finalize=REFINED fed=20 rejected=0 n_reg=20/20 cloud_points=2488 n_obs=5828 stream_ms=1585.0 finalize_ms=306.0 total_ms=1891.0
rc=0 13f5_e1_X16 r5 RESULT finalize=REFINED fed=20 rejected=0 n_reg=20/20 cloud_points=2504 n_obs=5862 stream_ms=1514.5 finalize_ms=314.6 total_ms=1829.1
rc=0 13f5_e1_F21 r5 RESULT finalize=REFINED fed=20 rejected=0 n_reg=20/20 cloud_points=2505 n_obs=5874 stream_ms=1617.4 finalize_ms=315.1 total_ms=1932.6
rc=0 13f5_e1_X21 r5 RESULT finalize=REFINED fed=20 rejected=0 n_reg=20/20 cloud_points=2450 n_obs=5769 stream_ms=1519.1 finalize_ms=315.1 total_ms=1834.3
rc=0 13f5_p1_F16 r5 RESULT finalize=REFINED fed=20 rejected=0 n_reg=19/19 cloud_points=2358 n_obs=5550 stream_ms=1482.7 finalize_ms=417.9 total_ms=1900.6
rc=0 13f5_p1_B16 r5 RESULT finalize=REFINED fed=20 rejected=0 n_reg=19/19 cloud_points=2347 n_obs=5541 stream_ms=1497.5 finalize_ms=420.0 total_ms=1917.5
rc=0 13f5_p1_F21 r5 RESULT finalize=REFINED fed=20 rejected=0 n_reg=19/19 cloud_points=2365 n_obs=5542 stream_ms=1584.5 finalize_ms=413.0 total_ms=1997.5
rc=0 13f5_p1_B21 r5 RESULT finalize=REFINED fed=20 rejected=0 n_reg=19/19 cloud_points=2321 n_obs=5484 stream_ms=1661.6 finalize_ms=420.1 total_ms=2081.7
rc=0 13f5_e2_F16 r5 RESULT finalize=REFINED fed=20 rejected=0 n_reg=17/17 cloud_points=2334 n_obs=5395 stream_ms=1629.9 finalize_ms=413.5 total_ms=2043.4
rc=0 13f5_e2_X16 r5 RESULT finalize=REFINED fed=20 rejected=0 n_reg=17/17 cloud_points=2337 n_obs=5463 stream_ms=1535.8 finalize_ms=413.4 total_ms=1949.1
rc=0 13f5_e2_F21 r5 RESULT finalize=REFINED fed=20 rejected=0 n_reg=17/17 cloud_points=2326 n_obs=5436 stream_ms=1481.7 finalize_ms=418.2 total_ms=1899.9
rc=0 13f5_e2_X21 r5 RESULT finalize=REFINED fed=20 rejected=0 n_reg=17/17 cloud_points=2294 n_obs=5365 stream_ms=1461.0 finalize_ms=408.5 total_ms=1869.4
rc=0 13f5_p2_F16 r5 RESULT finalize=REFINED fed=19 rejected=0 n_reg=19/19 cloud_points=2094 n_obs=4928 stream_ms=1315.7 finalize_ms=310.8 total_ms=1626.5
rc=0 13f5_p2_B16 r5 RESULT finalize=REFINED fed=19 rejected=0 n_reg=19/19 cloud_points=2145 n_obs=5006 stream_ms=1325.2 finalize_ms=307.8 total_ms=1632.9
rc=0 13f5_p2_F21 r5 RESULT finalize=REFINED fed=19 rejected=0 n_reg=19/19 cloud_points=2102 n_obs=4957 stream_ms=1298.7 finalize_ms=409.7 total_ms=1708.4
rc=0 13f5_p2_B21 r5 RESULT finalize=REFINED fed=19 rejected=0 n_reg=19/19 cloud_points=2144 n_obs=5012 stream_ms=1380.5 finalize_ms=311.0 total_ms=1691.5
rc=0 6d18_e0_F16 r5 RESULT finalize=REFINED fed=20 rejected=0 n_reg=20/20 cloud_points=11731 n_obs=28403 stream_ms=3789.5 finalize_ms=940.6 total_ms=4730.1
rc=0 6d18_e0_X16 r5 RESULT finalize=REFINED fed=20 rejected=0 n_reg=20/20 cloud_points=11736 n_obs=28358 stream_ms=3886.0 finalize_ms=1039.3 total_ms=4925.3
rc=0 6d18_e0_F21 r5 RESULT finalize=REFINED fed=20 rejected=0 n_reg=20/20 cloud_points=11723 n_obs=28400 stream_ms=3766.4 finalize_ms=1146.1 total_ms=4912.5
rc=0 6d18_e0_X21 r5 RESULT finalize=REFINED fed=20 rejected=0 n_reg=20/20 cloud_points=11727 n_obs=28317 stream_ms=4425.7 finalize_ms=1040.5 total_ms=5466.2
rc=0 6d18_p0_F16 r5 RESULT finalize=REFINED fed=20 rejected=0 n_reg=20/20 cloud_points=12055 n_obs=29639 stream_ms=4089.0 finalize_ms=939.1 total_ms=5028.2
rc=0 6d18_p0_B16 r5 RESULT finalize=REFINED fed=20 rejected=0 n_reg=20/20 cloud_points=12108 n_obs=29659 stream_ms=3866.1 finalize_ms=1045.8 total_ms=4911.9
rc=0 6d18_p0_F21 r5 RESULT finalize=REFINED fed=20 rejected=0 n_reg=20/20 cloud_points=12066 n_obs=29590 stream_ms=3777.5 finalize_ms=1038.1 total_ms=4815.6
rc=0 6d18_p0_B21 r5 RESULT finalize=REFINED fed=20 rejected=0 n_reg=20/20 cloud_points=12051 n_obs=29655 stream_ms=3891.9 finalize_ms=1040.1 total_ms=4931.9
rc=0 6d18_e1_F16 r5 RESULT finalize=REFINED fed=20 rejected=0 n_reg=20/20 cloud_points=11806 n_obs=27477 stream_ms=3444.1 finalize_ms=1048.5 total_ms=4492.7
rc=0 6d18_e1_X16 r5 RESULT finalize=REFINED fed=20 rejected=0 n_reg=20/20 cloud_points=11816 n_obs=27422 stream_ms=3408.3 finalize_ms=1138.4 total_ms=4546.7
rc=0 6d18_e1_F21 r5 RESULT finalize=REFINED fed=20 rejected=0 n_reg=20/20 cloud_points=11791 n_obs=27417 stream_ms=3383.8 finalize_ms=935.2 total_ms=4319.0
rc=0 6d18_e1_X21 r5 RESULT finalize=REFINED fed=20 rejected=0 n_reg=20/20 cloud_points=11839 n_obs=27586 stream_ms=3449.9 finalize_ms=938.9 total_ms=4388.7
rc=0 6d18_p1_F16 r5 RESULT finalize=REFINED fed=20 rejected=0 n_reg=20/20 cloud_points=13085 n_obs=31986 stream_ms=3724.3 finalize_ms=1039.4 total_ms=4763.7
rc=0 6d18_p1_B16 r5 RESULT finalize=REFINED fed=20 rejected=0 n_reg=20/20 cloud_points=13129 n_obs=32081 stream_ms=3726.1 finalize_ms=1039.9 total_ms=4766.0
rc=0 6d18_p1_F21 r5 RESULT finalize=REFINED fed=20 rejected=0 n_reg=20/20 cloud_points=13062 n_obs=31928 stream_ms=3776.7 finalize_ms=941.5 total_ms=4718.2
rc=0 6d18_p1_B21 r5 RESULT finalize=REFINED fed=20 rejected=0 n_reg=20/20 cloud_points=13122 n_obs=32068 stream_ms=3779.7 finalize_ms=1037.1 total_ms=4816.7
rc=0 6d18_e2_F16 r5 RESULT finalize=REFINED fed=20 rejected=0 n_reg=20/20 cloud_points=10858 n_obs=24872 stream_ms=3310.3 finalize_ms=1042.7 total_ms=4353.0
rc=0 6d18_e2_X16 r5 RESULT finalize=REFINED fed=20 rejected=0 n_reg=20/20 cloud_points=10752 n_obs=24756 stream_ms=3473.2 finalize_ms=1042.5 total_ms=4515.7
rc=0 6d18_e2_F21 r5 RESULT finalize=REFINED fed=20 rejected=0 n_reg=20/20 cloud_points=10804 n_obs=24828 stream_ms=3268.4 finalize_ms=1145.5 total_ms=4413.9
rc=0 6d18_e2_X21 r5 RESULT finalize=REFINED fed=20 rejected=0 n_reg=20/20 cloud_points=10809 n_obs=24864 stream_ms=3243.7 finalize_ms=1888.2 total_ms=5131.9
rc=0 6d18_p2_F16 r5 RESULT finalize=REFINED fed=19 rejected=0 n_reg=19/19 cloud_points=11108 n_obs=26144 stream_ms=3634.8 finalize_ms=1038.0 total_ms=4672.8
rc=0 6d18_p2_B16 r5 RESULT finalize=REFINED fed=19 rejected=0 n_reg=19/19 cloud_points=10855 n_obs=25826 stream_ms=3634.1 finalize_ms=1030.1 total_ms=4664.2
rc=0 6d18_p2_F21 r5 RESULT finalize=REFINED fed=19 rejected=0 n_reg=19/19 cloud_points=11251 n_obs=26580 stream_ms=3556.5 finalize_ms=1134.7 total_ms=4691.2
rc=0 6d18_p2_B21 r5 RESULT finalize=REFINED fed=19 rejected=0 n_reg=19/19 cloud_points=11232 n_obs=26594 stream_ms=3552.2 finalize_ms=1038.7 total_ms=4590.9
rc=0 7353_e0_F16 r5 RESULT finalize=REFINED fed=20 rejected=0 n_reg=18/18 cloud_points=1666 n_obs=3737 stream_ms=1640.7 finalize_ms=413.1 total_ms=2053.8
rc=0 7353_e0_X16 r5 RESULT finalize=REFINED fed=20 rejected=0 n_reg=17/17 cloud_points=1711 n_obs=3865 stream_ms=1555.8 finalize_ms=419.0 total_ms=1974.9
rc=0 7353_e0_F21 r5 RESULT finalize=REFINED fed=20 rejected=0 n_reg=18/18 cloud_points=1737 n_obs=3887 stream_ms=1545.5 finalize_ms=414.9 total_ms=1960.5
rc=0 7353_e0_X21 r5 RESULT finalize=REFINED fed=20 rejected=0 n_reg=18/18 cloud_points=1738 n_obs=3908 stream_ms=1538.6 finalize_ms=407.4 total_ms=1946.0
rc=0 7353_p0_F16 r5 RESULT finalize=REFINED fed=20 rejected=0 n_reg=20/20 cloud_points=1882 n_obs=4228 stream_ms=1617.5 finalize_ms=410.5 total_ms=2028.1
rc=0 7353_p0_B16 r5 RESULT finalize=REFINED fed=20 rejected=0 n_reg=20/20 cloud_points=1979 n_obs=4432 stream_ms=1624.2 finalize_ms=416.5 total_ms=2040.7
rc=0 7353_p0_F21 r5 RESULT finalize=REFINED fed=20 rejected=0 n_reg=20/20 cloud_points=2038 n_obs=4553 stream_ms=1627.2 finalize_ms=420.1 total_ms=2047.3
rc=0 7353_p0_B21 r5 RESULT finalize=REFINED fed=20 rejected=0 n_reg=20/20 cloud_points=2060 n_obs=4564 stream_ms=2206.1 finalize_ms=517.9 total_ms=2724.0
rc=0 7353_e1_F16 r5 RESULT finalize=REFINED fed=20 rejected=0 n_reg=20/20 cloud_points=1651 n_obs=3661 stream_ms=1632.2 finalize_ms=315.1 total_ms=1947.3
rc=0 7353_e1_X16 r5 RESULT finalize=REFINED fed=20 rejected=0 n_reg=20/20 cloud_points=1634 n_obs=3612 stream_ms=1542.1 finalize_ms=417.8 total_ms=1959.9
rc=0 7353_e1_F21 r5 RESULT finalize=REFINED fed=20 rejected=0 n_reg=20/20 cloud_points=1628 n_obs=3572 stream_ms=1636.3 finalize_ms=420.2 total_ms=2056.4
rc=0 7353_e1_X21 r5 RESULT finalize=REFINED fed=20 rejected=0 n_reg=20/20 cloud_points=1660 n_obs=3647 stream_ms=1601.3 finalize_ms=418.6 total_ms=2019.9
rc=0 7353_p1_F16 r5 RESULT finalize=REFINED fed=20 rejected=0 n_reg=20/20 cloud_points=1251 n_obs=2734 stream_ms=1392.2 finalize_ms=409.6 total_ms=1801.8
rc=0 7353_p1_B16 r5 RESULT finalize=REFINED fed=20 rejected=0 n_reg=20/20 cloud_points=1262 n_obs=2743 stream_ms=1320.3 finalize_ms=417.1 total_ms=1737.4
rc=0 7353_p1_F21 r5 RESULT finalize=REFINED fed=20 rejected=0 n_reg=20/20 cloud_points=1204 n_obs=2621 stream_ms=1528.0 finalize_ms=415.9 total_ms=1943.9
rc=0 7353_p1_B21 r5 RESULT finalize=REFINED fed=20 rejected=0 n_reg=20/20 cloud_points=1269 n_obs=2755 stream_ms=1501.1 finalize_ms=420.2 total_ms=1921.3
rc=0 7353_e2_F16 r5 RESULT finalize=REFINED fed=20 rejected=0 n_reg=20/20 cloud_points=1921 n_obs=4122 stream_ms=1501.5 finalize_ms=415.9 total_ms=1917.4
rc=0 7353_e2_X16 r5 RESULT finalize=REFINED fed=20 rejected=0 n_reg=20/20 cloud_points=1823 n_obs=3910 stream_ms=1414.6 finalize_ms=416.1 total_ms=1830.8
rc=0 7353_e2_F21 r5 RESULT finalize=REFINED fed=20 rejected=0 n_reg=20/20 cloud_points=1950 n_obs=4141 stream_ms=1354.5 finalize_ms=406.9 total_ms=1761.5
rc=0 7353_e2_X21 r5 RESULT finalize=REFINED fed=20 rejected=0 n_reg=20/20 cloud_points=1959 n_obs=4186 stream_ms=1626.0 finalize_ms=627.8 total_ms=2253.7
rc=0 7353_p2_F16 r5 RESULT finalize=REFINED fed=20 rejected=0 n_reg=19/19 cloud_points=1602 n_obs=3437 stream_ms=1515.3 finalize_ms=315.1 total_ms=1830.4
rc=0 7353_p2_B16 r5 RESULT finalize=REFINED fed=20 rejected=0 n_reg=19/19 cloud_points=1511 n_obs=3279 stream_ms=1447.5 finalize_ms=415.4 total_ms=1862.9
rc=0 7353_p2_F21 r5 RESULT finalize=REFINED fed=20 rejected=0 n_reg=19/19 cloud_points=1558 n_obs=3357 stream_ms=1355.7 finalize_ms=414.8 total_ms=1770.5
rc=0 7353_p2_B21 r5 RESULT finalize=REFINED fed=20 rejected=0 n_reg=19/19 cloud_points=1571 n_obs=3382 stream_ms=1457.9 finalize_ms=310.1 total_ms=1768.0
加计前移批完成 18:09:27
