[expAE 13:14:13] center 1: 2D span 45.7° short 20.7° | collinear span 46.2° short 10.4° (line 40°)
[expAE 13:14:13] center 2: 2D span 44.2° short 22.0° | collinear span 42.7° short 3.2° (line 100°)
[expAE 13:14:13] center 3: 2D span 43.8° short 21.7° | collinear span 45.9° short 7.6° (line 0°)
[expAE 13:14:14] center 4: 2D span 45.8° short 23.3° | collinear span 46.8° short 8.0° (line 85°)
[expAE 13:14:14] center 5: 2D span 45.8° short 20.5° | collinear span 46.9° short 8.0° (line 70°)
[expAE 13:14:14] 5 feasible paired centers; waiting for GPU …
[expAE 14:35:16] expAC done — proceeding
[93m[WARN ] Dependency `gsplat` is required for rendering 3DGS. Install via: pip install git+https://github.com/nerfstudio-project/gsplat.git@0b4dddf04cb687367602c01196913cde6a743d70[0m
[97m[INFO ] using MLP layer as FFN[0m
Loading weights from local directory
[expAE 14:35:23] model ready
[97m[INFO ] Processed Images Done taking 0.5396950244903564 seconds. Shape:  torch.Size([18, 3, 504, 896])[0m
[97m[INFO ] Using camera conditions provided by the user[0m
oracle_mps_chunked_sdpa query_shape=(18, 12, 2305, 64) key_tokens=2305 estimated_score_buffer_gib=4.28 query_chunk=256
oracle_mps_chunked_sdpa query_shape=(1, 12, 41490, 64) key_tokens=41490 estimated_score_buffer_gib=76.95 query_chunk=256
[97m[INFO ] Model Forward Pass Done. Time: 45.793160915374756 seconds[0m
[97m[INFO ] Conversion to Prediction Done. Time: 0.13519906997680664 seconds[0m
[97m[INFO ] Processed Images Done taking 6.583190679550171 seconds. Shape:  torch.Size([18, 3, 504, 896])[0m
[97m[INFO ] Using camera conditions provided by the user[0m
[97m[INFO ] Model Forward Pass Done. Time: 327.2070207595825 seconds[0m
[97m[INFO ] Conversion to Prediction Done. Time: 1.059685230255127 seconds[0m
[expAE 14:41:46] center0: 2D conf 10.77 (span 45.7, short 20.7) | collinear conf 8.35 (span 46.2, short 10.4) | Δ(2D−col) +2.43  [383s]
