WARNING: Logging before InitGoogleLogging() is written to STDERR
I20260807 16:33:21.928132 0x20b9da080 database_cache.cc:72] Loading rigs...
I20260807 16:33:21.928546 0x20b9da080 database_cache.cc:82]  0 in 0.001s
I20260807 16:33:21.928554 0x20b9da080 database_cache.cc:90] Loading cameras...
I20260807 16:33:21.928615 0x20b9da080 database_cache.cc:108]  201 in 0.000s
I20260807 16:33:21.928622 0x20b9da080 database_cache.cc:116] Loading frames...
I20260807 16:33:21.928629 0x20b9da080 database_cache.cc:126]  0 in 0.000s
I20260807 16:33:21.928634 0x20b9da080 database_cache.cc:134] Loading matches...
I20260807 16:33:21.946051 0x20b9da080 database_cache.cc:139]  2233 in 0.017s
I20260807 16:33:21.946105 0x20b9da080 database_cache.cc:147] Loading images...
I20260807 16:33:21.967968 0x20b9da080 database_cache.cc:236]  201 in 0.022s (loaded all 201)
I20260807 16:33:21.968011 0x20b9da080 database_cache.cc:255] Loading pose priors...
I20260807 16:33:21.968030 0x20b9da080 database_cache.cc:263]  0 in 0.000s
I20260807 16:33:21.968036 0x20b9da080 database_cache.cc:271] Building correspondence graph...
I20260807 16:33:22.049218 0x20b9da080 database_cache.cc:300]  in 0.081s (ignored 0)
I20260807 16:33:23.154867 0x16ba83000 database_cache.cc:72] Loading rigs...
I20260807 16:33:23.154903 0x16ba83000 database_cache.cc:82]  0 in 0.000s
I20260807 16:33:23.154910 0x16ba83000 database_cache.cc:90] Loading cameras...
I20260807 16:33:23.154971 0x16ba83000 database_cache.cc:108]  201 in 0.000s
I20260807 16:33:23.154978 0x16ba83000 database_cache.cc:116] Loading frames...
I20260807 16:33:23.154985 0x16ba83000 database_cache.cc:126]  0 in 0.000s
I20260807 16:33:23.154990 0x16ba83000 database_cache.cc:134] Loading matches...
I20260807 16:33:23.159025 0x16ba83000 database_cache.cc:139]  2233 in 0.004s
I20260807 16:33:23.159044 0x16ba83000 database_cache.cc:147] Loading images...
I20260807 16:33:23.175594 0x16ba83000 database_cache.cc:236]  201 in 0.017s (loaded all 201)
I20260807 16:33:23.175646 0x16ba83000 database_cache.cc:255] Loading pose priors...
I20260807 16:33:23.175666 0x16ba83000 database_cache.cc:263]  0 in 0.000s
I20260807 16:33:23.175672 0x16ba83000 database_cache.cc:271] Building correspondence graph...
I20260807 16:33:23.251691 0x16ba83000 database_cache.cc:300]  in 0.076s (ignored 0)
W20260807 16:33:23.532067 0x16bb0f000 official_aether_sfm_c.cc:5072] [aether_sfm] finalize re-match: starved_frames=2 candidates=21 attempted=21 written=4 inliers=503 failed=0 gpu_fail_capture=0
I20260807 16:33:23.752702 0x16ba83000 official_bundle_adjustment_ceres.cc:1434] [AETHER gravity] injected 200/201 roll/pitch anchors, sigma_rad=0.00872665
I20260807 16:33:29.898121 0x16ba83000 official_bundle_adjustment_ceres.cc:923] [AETHER] solver_used=DENSE_SCHUR sparse_backend=EIGEN_SPARSE dense_backend=LAPACK mixed=0 threads=6
I20260807 16:33:30.179816 0x16ba83000 official_incremental_pipeline.cc:320] Loading database
I20260807 16:33:30.179861 0x16ba83000 database_cache.cc:72] Loading rigs...
I20260807 16:33:30.179872 0x16ba83000 database_cache.cc:82]  0 in 0.000s
I20260807 16:33:30.179878 0x16ba83000 database_cache.cc:90] Loading cameras...
I20260807 16:33:30.179948 0x16ba83000 database_cache.cc:108]  201 in 0.000s
I20260807 16:33:30.179955 0x16ba83000 database_cache.cc:116] Loading frames...
I20260807 16:33:30.179962 0x16ba83000 database_cache.cc:126]  0 in 0.000s
I20260807 16:33:30.179967 0x16ba83000 database_cache.cc:134] Loading matches...
I20260807 16:33:30.184698 0x16ba83000 database_cache.cc:139]  2237 in 0.005s
I20260807 16:33:30.184726 0x16ba83000 database_cache.cc:147] Loading images...
I20260807 16:33:30.198460 0x16ba83000 database_cache.cc:236]  201 in 0.014s (loaded all 201)
I20260807 16:33:30.198495 0x16ba83000 database_cache.cc:255] Loading pose priors...
I20260807 16:33:30.198511 0x16ba83000 database_cache.cc:263]  0 in 0.000s
I20260807 16:33:30.198517 0x16ba83000 database_cache.cc:271] Building correspondence graph...
I20260807 16:33:30.273253 0x16ba83000 database_cache.cc:300]  in 0.075s (ignored 0)
I20260807 16:33:30.273310 0x16ba83000 timer.cc:90] Elapsed time: 0.002 [minutes]
I20260807 16:33:30.758588 0x16ba83000 official_bundle_adjustment_ceres.cc:1434] [AETHER gravity] injected 200/201 roll/pitch anchors, sigma_rad=0.00872665
I20260807 16:33:35.968619 0x16ba83000 official_bundle_adjustment_ceres.cc:923] [AETHER] solver_used=DENSE_SCHUR sparse_backend=EIGEN_SPARSE dense_backend=LAPACK mixed=0 threads=6
I20260807 16:33:36.432417 0x16ba83000 official_bundle_adjustment_ceres.cc:1434] [AETHER gravity] injected 200/201 roll/pitch anchors, sigma_rad=0.00872665
I20260807 16:33:41.485998 0x16ba83000 official_bundle_adjustment_ceres.cc:923] [AETHER] solver_used=DENSE_SCHUR sparse_backend=EIGEN_SPARSE dense_backend=LAPACK mixed=0 threads=6
I20260807 16:33:41.949293 0x16ba83000 official_bundle_adjustment_ceres.cc:1434] [AETHER gravity] injected 200/201 roll/pitch anchors, sigma_rad=0.00872665
I20260807 16:33:46.990291 0x16ba83000 official_bundle_adjustment_ceres.cc:923] [AETHER] solver_used=DENSE_SCHUR sparse_backend=EIGEN_SPARSE dense_backend=LAPACK mixed=0 threads=6
I20260807 16:33:47.468470 0x16ba83000 official_bundle_adjustment_ceres.cc:1434] [AETHER gravity] injected 200/201 roll/pitch anchors, sigma_rad=0.00872665
I20260807 16:33:51.015696 0x16ba83000 official_bundle_adjustment_ceres.cc:923] [AETHER] solver_used=DENSE_SCHUR sparse_backend=EIGEN_SPARSE dense_backend=LAPACK mixed=0 threads=6
W20260807 16:33:51.229185 0x16ba83000 official_aether_sfm_c.cc:6703] [aether_sfm] finalize worker: cache_pre=96ms enrich=282ms stage1=6925ms (ok, rounds=1) stage2=21050ms (rounds<=4) temporal=0ms upgrade=0ms total=28076ms
W20260807 16:33:51.231508 0x16ba83000 official_aether_sfm_c.cc:6732] [aether_sfm] delivered-point provenance: live-created=122667 official-retriangulated=12712 live-dropped-by-official-filtering=53081 (live model had 175748; capture-time official TriangulateImage added 0 obs)
W20260807 16:33:51.286663 0x20b9da080 official_aether_sfm_c.cc:8749] [aether_sfm] deliver-filter(get_points): kept 126304/135379 (min_tri_angle=3deg, mirror_ghost=0)
phase1: {"solve_ms":1758.6,"n_models":1,"n_registered":201,"n_points3d":175748,"reproj_px":8.5454,"track_len":3.197,"phase1":"live_reuse"}
RESUME_FINALIZE_RESULT n_points_delivered=126304 finalize_s=28.1
