[DawnKernelHarness] limits: invocations/wg=512 wgSizeX=512 storageBufs=10 maxBuffer=1073741824 maxStorageBinding=1073741824 (adapter: 1024 1024 10 4294967295 4294967295)
[pwofficial_gpu_match_dawn] backend=blocked(fma4x4+direct+w64+nopb+f16+keyscan3+ptr+kp,V8) adapter="Apple M3 Pro" subgroups=1 sgmatrix=1 f32_8x8x8=1 f16_f32=1 mixed=0 subgroup=[4,64] packed_dot=1 timestamp=1 limits[storage=32768 invocations=1024 sizeX=1024]
WARNING: Logging before InitGoogleLogging() is written to STDERR
I20260925 14:49:45.557466 0x1fecf6080 database_cache.cc:72] Loading rigs...
I20260925 14:49:45.557490 0x1fecf6080 database_cache.cc:82]  0 in 0.000s
I20260925 14:49:45.557496 0x1fecf6080 database_cache.cc:90] Loading cameras...
I20260925 14:49:45.557509 0x1fecf6080 database_cache.cc:108]  2 in 0.000s
I20260925 14:49:45.557514 0x1fecf6080 database_cache.cc:116] Loading frames...
I20260925 14:49:45.557522 0x1fecf6080 database_cache.cc:126]  0 in 0.000s
I20260925 14:49:45.557527 0x1fecf6080 database_cache.cc:134] Loading matches...
I20260925 14:49:45.557535 0x1fecf6080 database_cache.cc:139]  1 in 0.000s
I20260925 14:49:45.557540 0x1fecf6080 database_cache.cc:147] Loading images...
I20260925 14:49:45.557646 0x1fecf6080 database_cache.cc:236]  2 in 0.000s (loaded all 2)
I20260925 14:49:45.557651 0x1fecf6080 database_cache.cc:255] Loading pose priors...
I20260925 14:49:45.557658 0x1fecf6080 database_cache.cc:263]  0 in 0.000s
I20260925 14:49:45.557663 0x1fecf6080 database_cache.cc:271] Building correspondence graph...
I20260925 14:49:45.557706 0x1fecf6080 database_cache.cc:300]  in 0.000s (ignored 0)
I20260925 14:49:45.650116 0x1fecf6080 official_bundle_adjustment_ceres.cc:1648] [AETHER gravity] injected 3/3 roll/pitch anchors, sigma_rad=0.00872665
[AETHER BA-ORDERING] blocks=494 pts(g0)=485 cams(g1)=3 g1_all_pose=1 proven=1
I20260925 14:49:45.660870 0x1fecf6080 official_bundle_adjustment_ceres.cc:1137] [AETHER] solver_used=DENSE_SCHUR sparse_backend=EIGEN_SPARSE dense_backend=EIGEN mixed=0 threads=1
I20260925 14:49:45.661616 0x1fecf6080 official_bundle_adjustment_ceres.cc:1648] [AETHER gravity] injected 3/3 roll/pitch anchors, sigma_rad=0.00872665
[AETHER BA-ORDERING] blocks=489 pts(g0)=480 cams(g1)=3 g1_all_pose=1 proven=1
I20260925 14:49:45.663251 0x1fecf6080 official_bundle_adjustment_ceres.cc:1137] [AETHER] solver_used=DENSE_SCHUR sparse_backend=EIGEN_SPARSE dense_backend=EIGEN mixed=0 threads=1
I20260925 14:49:45.736547 0x1fecf6080 official_bundle_adjustment_ceres.cc:1648] [AETHER gravity] injected 3/3 roll/pitch anchors, sigma_rad=0.00872665
[AETHER BA-ORDERING] blocks=810 pts(g0)=533 cams(g1)=3 g1_all_pose=1 proven=1
I20260925 14:49:45.745680 0x1fecf6080 official_bundle_adjustment_ceres.cc:1137] [AETHER] solver_used=DENSE_SCHUR sparse_backend=EIGEN_SPARSE dense_backend=EIGEN mixed=0 threads=1
I20260925 14:49:45.746495 0x1fecf6080 official_bundle_adjustment_ceres.cc:1648] [AETHER gravity] injected 3/3 roll/pitch anchors, sigma_rad=0.00872665
I20260925 14:49:45.749023 0x1fecf6080 official_bundle_adjustment_ceres.cc:1137] [AETHER] solver_used=DENSE_SCHUR sparse_backend=EIGEN_SPARSE dense_backend=EIGEN mixed=0 threads=1
I20260925 14:49:45.795914 0x1fecf6080 official_bundle_adjustment_ceres.cc:1648] [AETHER gravity] injected 5/5 roll/pitch anchors, sigma_rad=0.00872665
I20260925 14:49:45.812304 0x1fecf6080 official_bundle_adjustment_ceres.cc:1137] [AETHER] solver_used=DENSE_SCHUR sparse_backend=EIGEN_SPARSE dense_backend=EIGEN mixed=0 threads=1
I20260925 14:49:45.813439 0x1fecf6080 official_bundle_adjustment_ceres.cc:1648] [AETHER gravity] injected 5/5 roll/pitch anchors, sigma_rad=0.00872665
I20260925 14:49:45.818545 0x1fecf6080 official_bundle_adjustment_ceres.cc:1137] [AETHER] solver_used=DENSE_SCHUR sparse_backend=EIGEN_SPARSE dense_backend=EIGEN mixed=0 threads=1
I20260925 14:49:45.865028 0x1fecf6080 official_bundle_adjustment_ceres.cc:1648] [AETHER gravity] injected 6/6 roll/pitch anchors, sigma_rad=0.00872665
I20260925 14:49:45.883390 0x1fecf6080 official_bundle_adjustment_ceres.cc:1137] [AETHER] solver_used=DENSE_SCHUR sparse_backend=EIGEN_SPARSE dense_backend=EIGEN mixed=0 threads=1
I20260925 14:49:45.884671 0x1fecf6080 official_bundle_adjustment_ceres.cc:1648] [AETHER gravity] injected 6/6 roll/pitch anchors, sigma_rad=0.00872665
I20260925 14:49:45.890369 0x1fecf6080 official_bundle_adjustment_ceres.cc:1137] [AETHER] solver_used=DENSE_SCHUR sparse_backend=EIGEN_SPARSE dense_backend=EIGEN mixed=0 threads=1
I20260925 14:49:45.951130 0x1fecf6080 official_bundle_adjustment_ceres.cc:1648] [AETHER gravity] injected 6/6 roll/pitch anchors, sigma_rad=0.00872665
I20260925 14:49:45.966289 0x1fecf6080 official_bundle_adjustment_ceres.cc:1137] [AETHER] solver_used=DENSE_SCHUR sparse_backend=EIGEN_SPARSE dense_backend=EIGEN mixed=0 threads=1
I20260925 14:49:45.967463 0x1fecf6080 official_bundle_adjustment_ceres.cc:1648] [AETHER gravity] injected 6/6 roll/pitch anchors, sigma_rad=0.00872665
I20260925 14:49:45.969518 0x1fecf6080 official_bundle_adjustment_ceres.cc:1137] [AETHER] solver_used=DENSE_SCHUR sparse_backend=EIGEN_SPARSE dense_backend=EIGEN mixed=0 threads=1
I20260925 14:49:46.025441 0x1fecf6080 official_bundle_adjustment_ceres.cc:1648] [AETHER gravity] injected 6/6 roll/pitch anchors, sigma_rad=0.00872665
I20260925 14:49:46.043416 0x1fecf6080 official_bundle_adjustment_ceres.cc:1137] [AETHER] solver_used=DENSE_SCHUR sparse_backend=EIGEN_SPARSE dense_backend=EIGEN mixed=0 threads=1
I20260925 14:49:46.044991 0x1fecf6080 official_bundle_adjustment_ceres.cc:1648] [AETHER gravity] injected 6/6 roll/pitch anchors, sigma_rad=0.00872665
I20260925 14:49:46.048891 0x1fecf6080 official_bundle_adjustment_ceres.cc:1137] [AETHER] solver_used=DENSE_SCHUR sparse_backend=EIGEN_SPARSE dense_backend=EIGEN mixed=0 threads=1
I20260925 14:49:46.101830 0x1fecf6080 official_bundle_adjustment_ceres.cc:1648] [AETHER gravity] injected 6/6 roll/pitch anchors, sigma_rad=0.00872665
I20260925 14:49:46.119605 0x1fecf6080 official_bundle_adjustment_ceres.cc:1137] [AETHER] solver_used=DENSE_SCHUR sparse_backend=EIGEN_SPARSE dense_backend=EIGEN mixed=0 threads=1
I20260925 14:49:46.120942 0x1fecf6080 official_bundle_adjustment_ceres.cc:1648] [AETHER gravity] injected 6/6 roll/pitch anchors, sigma_rad=0.00872665
I20260925 14:49:46.123318 0x1fecf6080 official_bundle_adjustment_ceres.cc:1137] [AETHER] solver_used=DENSE_SCHUR sparse_backend=EIGEN_SPARSE dense_backend=EIGEN mixed=0 threads=1
I20260925 14:49:46.165947 0x1fecf6080 official_bundle_adjustment_ceres.cc:1648] [AETHER gravity] injected 5/5 roll/pitch anchors, sigma_rad=0.00872665
I20260925 14:49:46.175263 0x1fecf6080 official_bundle_adjustment_ceres.cc:1137] [AETHER] solver_used=DENSE_SCHUR sparse_backend=EIGEN_SPARSE dense_backend=EIGEN mixed=0 threads=1
I20260925 14:49:46.176207 0x1fecf6080 official_bundle_adjustment_ceres.cc:1648] [AETHER gravity] injected 5/5 roll/pitch anchors, sigma_rad=0.00872665
I20260925 14:49:46.178220 0x1fecf6080 official_bundle_adjustment_ceres.cc:1137] [AETHER] solver_used=DENSE_SCHUR sparse_backend=EIGEN_SPARSE dense_backend=EIGEN mixed=0 threads=1
I20260925 14:49:46.312219 0x1fecf6080 official_bundle_adjustment_ceres.cc:1648] [AETHER gravity] injected 2/2 roll/pitch anchors, sigma_rad=0.00872665
I20260925 14:49:46.312427 0x1fecf6080 official_bundle_adjustment_ceres.cc:1137] [AETHER] solver_used=DENSE_SCHUR sparse_backend=EIGEN_SPARSE dense_backend=EIGEN mixed=0 threads=1
I20260925 14:49:46.312589 0x1fecf6080 official_bundle_adjustment_ceres.cc:1648] [AETHER gravity] injected 2/2 roll/pitch anchors, sigma_rad=0.00872665
I20260925 14:49:46.312646 0x1fecf6080 official_bundle_adjustment_ceres.cc:1137] [AETHER] solver_used=DENSE_SCHUR sparse_backend=EIGEN_SPARSE dense_backend=EIGEN mixed=0 threads=1
I20260925 14:49:46.427322 0x1fecf6080 official_bundle_adjustment_ceres.cc:1648] [AETHER gravity] injected 4/4 roll/pitch anchors, sigma_rad=0.00872665
I20260925 14:49:46.434211 0x1fecf6080 official_bundle_adjustment_ceres.cc:1137] [AETHER] solver_used=DENSE_SCHUR sparse_backend=EIGEN_SPARSE dense_backend=EIGEN mixed=0 threads=1
I20260925 14:49:46.435200 0x1fecf6080 official_bundle_adjustment_ceres.cc:1648] [AETHER gravity] injected 4/4 roll/pitch anchors, sigma_rad=0.00872665
I20260925 14:49:46.436635 0x1fecf6080 official_bundle_adjustment_ceres.cc:1137] [AETHER] solver_used=DENSE_SCHUR sparse_backend=EIGEN_SPARSE dense_backend=EIGEN mixed=0 threads=1
I20260925 14:49:46.562344 0x1fecf6080 official_bundle_adjustment_ceres.cc:1648] [AETHER gravity] injected 4/4 roll/pitch anchors, sigma_rad=0.00872665
I20260925 14:49:46.568320 0x1fecf6080 official_bundle_adjustment_ceres.cc:1137] [AETHER] solver_used=DENSE_SCHUR sparse_backend=EIGEN_SPARSE dense_backend=EIGEN mixed=0 threads=1
I20260925 14:49:46.569060 0x1fecf6080 official_bundle_adjustment_ceres.cc:1648] [AETHER gravity] injected 4/4 roll/pitch anchors, sigma_rad=0.00872665
I20260925 14:49:46.570325 0x1fecf6080 official_bundle_adjustment_ceres.cc:1137] [AETHER] solver_used=DENSE_SCHUR sparse_backend=EIGEN_SPARSE dense_backend=EIGEN mixed=0 threads=1
I20260925 14:49:46.646156 0x1fecf6080 official_bundle_adjustment_ceres.cc:1648] [AETHER gravity] injected 6/6 roll/pitch anchors, sigma_rad=0.00872665
I20260925 14:49:46.657726 0x1fecf6080 official_bundle_adjustment_ceres.cc:1137] [AETHER] solver_used=DENSE_SCHUR sparse_backend=EIGEN_SPARSE dense_backend=EIGEN mixed=0 threads=1
I20260925 14:49:46.659196 0x1fecf6080 official_bundle_adjustment_ceres.cc:1648] [AETHER gravity] injected 6/6 roll/pitch anchors, sigma_rad=0.00872665
I20260925 14:49:46.663527 0x1fecf6080 official_bundle_adjustment_ceres.cc:1137] [AETHER] solver_used=DENSE_SCHUR sparse_backend=EIGEN_SPARSE dense_backend=EIGEN mixed=0 threads=1
I20260925 14:49:46.693914 0x1fecf6080 official_bundle_adjustment_ceres.cc:1648] [AETHER gravity] injected 3/3 roll/pitch anchors, sigma_rad=0.00872665
I20260925 14:49:46.695640 0x1fecf6080 official_bundle_adjustment_ceres.cc:1137] [AETHER] solver_used=DENSE_SCHUR sparse_backend=EIGEN_SPARSE dense_backend=EIGEN mixed=0 threads=1
I20260925 14:49:46.696253 0x1fecf6080 official_bundle_adjustment_ceres.cc:1648] [AETHER gravity] injected 3/3 roll/pitch anchors, sigma_rad=0.00872665
I20260925 14:49:46.697027 0x1fecf6080 official_bundle_adjustment_ceres.cc:1137] [AETHER] solver_used=DENSE_SCHUR sparse_backend=EIGEN_SPARSE dense_backend=EIGEN mixed=0 threads=1
I20260925 14:49:46.730004 0x1fecf6080 official_bundle_adjustment_ceres.cc:1648] [AETHER gravity] injected 4/4 roll/pitch anchors, sigma_rad=0.00872665
I20260925 14:49:46.736982 0x1fecf6080 official_bundle_adjustment_ceres.cc:1137] [AETHER] solver_used=DENSE_SCHUR sparse_backend=EIGEN_SPARSE dense_backend=EIGEN mixed=0 threads=1
I20260925 14:49:46.737970 0x1fecf6080 official_bundle_adjustment_ceres.cc:1648] [AETHER gravity] injected 4/4 roll/pitch anchors, sigma_rad=0.00872665
I20260925 14:49:46.739736 0x1fecf6080 official_bundle_adjustment_ceres.cc:1137] [AETHER] solver_used=DENSE_SCHUR sparse_backend=EIGEN_SPARSE dense_backend=EIGEN mixed=0 threads=1
I20260925 14:49:46.798011 0x1fecf6080 official_bundle_adjustment_ceres.cc:1648] [AETHER gravity] injected 6/6 roll/pitch anchors, sigma_rad=0.00872665
I20260925 14:49:46.812278 0x1fecf6080 official_bundle_adjustment_ceres.cc:1137] [AETHER] solver_used=DENSE_SCHUR sparse_backend=EIGEN_SPARSE dense_backend=EIGEN mixed=0 threads=1
I20260925 14:49:46.814236 0x1fecf6080 official_bundle_adjustment_ceres.cc:1648] [AETHER gravity] injected 6/6 roll/pitch anchors, sigma_rad=0.00872665
I20260925 14:49:46.817878 0x1fecf6080 official_bundle_adjustment_ceres.cc:1137] [AETHER] solver_used=DENSE_SCHUR sparse_backend=EIGEN_SPARSE dense_backend=EIGEN mixed=0 threads=1
I20260925 14:49:46.875470 0x1fecf6080 official_bundle_adjustment_ceres.cc:1648] [AETHER gravity] injected 4/4 roll/pitch anchors, sigma_rad=0.00872665
I20260925 14:49:46.883729 0x1fecf6080 official_bundle_adjustment_ceres.cc:1137] [AETHER] solver_used=DENSE_SCHUR sparse_backend=EIGEN_SPARSE dense_backend=EIGEN mixed=0 threads=1
I20260925 14:49:46.885227 0x1fecf6080 official_bundle_adjustment_ceres.cc:1648] [AETHER gravity] injected 6/6 roll/pitch anchors, sigma_rad=0.00872665
I20260925 14:49:46.888570 0x1fecf6080 official_bundle_adjustment_ceres.cc:1137] [AETHER] solver_used=DENSE_SCHUR sparse_backend=EIGEN_SPARSE dense_backend=EIGEN mixed=0 threads=1
I20260925 14:49:46.941558 0x1fecf6080 official_bundle_adjustment_ceres.cc:1648] [AETHER gravity] injected 3/3 roll/pitch anchors, sigma_rad=0.00872665
I20260925 14:49:46.945870 0x1fecf6080 official_bundle_adjustment_ceres.cc:1137] [AETHER] solver_used=DENSE_SCHUR sparse_backend=EIGEN_SPARSE dense_backend=EIGEN mixed=0 threads=1
I20260925 14:49:46.946522 0x1fecf6080 official_bundle_adjustment_ceres.cc:1648] [AETHER gravity] injected 3/3 roll/pitch anchors, sigma_rad=0.00872665
I20260925 14:49:46.947227 0x1fecf6080 official_bundle_adjustment_ceres.cc:1137] [AETHER] solver_used=DENSE_SCHUR sparse_backend=EIGEN_SPARSE dense_backend=EIGEN mixed=0 threads=1
I20260925 14:49:46.948180 0x16b82f000 database_cache.cc:72] Loading rigs...
I20260925 14:49:46.948195 0x16b82f000 database_cache.cc:82]  0 in 0.000s
I20260925 14:49:46.948201 0x16b82f000 database_cache.cc:90] Loading cameras...
I20260925 14:49:46.948219 0x16b82f000 database_cache.cc:108]  20 in 0.000s
I20260925 14:49:46.948224 0x16b82f000 database_cache.cc:116] Loading frames...
I20260925 14:49:46.948233 0x16b82f000 database_cache.cc:126]  0 in 0.000s
I20260925 14:49:46.948237 0x16b82f000 database_cache.cc:134] Loading matches...
I20260925 14:49:46.948301 0x16b82f000 database_cache.cc:139]  73 in 0.000s
I20260925 14:49:46.948305 0x16b82f000 database_cache.cc:147] Loading images...
I20260925 14:49:46.949376 0x16b82f000 database_cache.cc:236]  20 in 0.001s (loaded all 20)
I20260925 14:49:46.949382 0x16b82f000 database_cache.cc:255] Loading pose priors...
I20260925 14:49:46.949391 0x16b82f000 database_cache.cc:263]  0 in 0.000s
I20260925 14:49:46.949395 0x16b82f000 database_cache.cc:271] Building correspondence graph...
I20260925 14:49:46.950082 0x16b82f000 database_cache.cc:300]  in 0.001s (ignored 0)
I20260925 14:49:46.954427 0x16b82f000 official_bundle_adjustment_ceres.cc:1648] [AETHER gravity] injected 19/20 roll/pitch anchors, sigma_rad=0.00872665
W20260925 14:49:46.997419 0x16b82f000 levenberg_marquardt_strategy.cc:123] Linear solver failure. Failed to compute a step: Eigen failure. Unable to perform dense Cholesky factorization.
W20260925 14:49:47.002580 0x16b82f000 levenberg_marquardt_strategy.cc:123] Linear solver failure. Failed to compute a step: Eigen failure. Unable to perform dense Cholesky factorization.
W20260925 14:49:47.010704 0x16b82f000 levenberg_marquardt_strategy.cc:123] Linear solver failure. Failed to compute a step: Eigen failure. Unable to perform dense Cholesky factorization.
W20260925 14:49:47.015948 0x16b82f000 levenberg_marquardt_strategy.cc:123] Linear solver failure. Failed to compute a step: Eigen failure. Unable to perform dense Cholesky factorization.
W20260925 14:49:47.016852 0x16b82f000 levenberg_marquardt_strategy.cc:123] Linear solver failure. Failed to compute a step: Eigen failure. Unable to perform dense Cholesky factorization.
W20260925 14:49:47.023477 0x16b82f000 levenberg_marquardt_strategy.cc:123] Linear solver failure. Failed to compute a step: Eigen failure. Unable to perform dense Cholesky factorization.
I20260925 14:49:47.026549 0x16b82f000 official_bundle_adjustment_ceres.cc:1137] [AETHER] solver_used=DENSE_SCHUR sparse_backend=EIGEN_SPARSE dense_backend=EIGEN mixed=0 threads=6
I20260925 14:49:47.030180 0x16b82f000 official_bundle_adjustment_ceres.cc:1648] [AETHER gravity] injected 19/20 roll/pitch anchors, sigma_rad=0.00872665
W20260925 14:49:47.097754 0x16b8bb000 official_aether_sfm_c.cc:6907] [aether_sfm] finalize re-match: starved_frames=6 candidates=73 attempted=73 written=0 inliers=0 failed=0 gpu_fail_capture=0 probe_debt_repaid=0 probe_debt_left=0
I20260925 14:49:47.103401 0x16b82f000 official_bundle_adjustment_ceres.cc:1137] [AETHER] solver_used=DENSE_SCHUR sparse_backend=EIGEN_SPARSE dense_backend=EIGEN mixed=0 threads=6
I20260925 14:49:47.106962 0x16b82f000 official_bundle_adjustment_ceres.cc:1648] [AETHER gravity] injected 19/20 roll/pitch anchors, sigma_rad=0.00872665
I20260925 14:49:47.150896 0x16b82f000 official_bundle_adjustment_ceres.cc:1137] [AETHER] solver_used=DENSE_SCHUR sparse_backend=EIGEN_SPARSE dense_backend=EIGEN mixed=0 threads=6
I20260925 14:49:47.154280 0x16b82f000 official_bundle_adjustment_ceres.cc:1648] [AETHER gravity] injected 19/20 roll/pitch anchors, sigma_rad=0.00872665
W20260925 14:49:47.171132 0x16b8bb000 official_aether_sfm_c.cc:7348] [aether_sfm] official quadratic overlap: overlap=10 candidates=36 written=0 in 73.2532 ms
I20260925 14:49:47.174697 0x16b82f000 official_bundle_adjustment_ceres.cc:1137] [AETHER] solver_used=DENSE_SCHUR sparse_backend=EIGEN_SPARSE dense_backend=EIGEN mixed=0 threads=6
I20260925 14:49:47.177593 0x16b82f000 official_incremental_pipeline.cc:323] Loading database
I20260925 14:49:47.177621 0x16b82f000 database_cache.cc:72] Loading rigs...
I20260925 14:49:47.177629 0x16b82f000 database_cache.cc:82]  0 in 0.000s
I20260925 14:49:47.177633 0x16b82f000 database_cache.cc:90] Loading cameras...
I20260925 14:49:47.177646 0x16b82f000 database_cache.cc:108]  20 in 0.000s
I20260925 14:49:47.177650 0x16b82f000 database_cache.cc:116] Loading frames...
I20260925 14:49:47.177656 0x16b82f000 database_cache.cc:126]  0 in 0.000s
I20260925 14:49:47.177660 0x16b82f000 database_cache.cc:134] Loading matches...
I20260925 14:49:47.177722 0x16b82f000 database_cache.cc:139]  73 in 0.000s
I20260925 14:49:47.177727 0x16b82f000 database_cache.cc:147] Loading images...
I20260925 14:49:47.178882 0x16b82f000 database_cache.cc:236]  20 in 0.001s (loaded all 20)
I20260925 14:49:47.178889 0x16b82f000 database_cache.cc:255] Loading pose priors...
I20260925 14:49:47.178918 0x16b82f000 database_cache.cc:263]  0 in 0.000s
I20260925 14:49:47.178922 0x16b82f000 database_cache.cc:271] Building correspondence graph...
I20260925 14:49:47.179480 0x16b82f000 database_cache.cc:300]  in 0.001s (ignored 0)
I20260925 14:49:47.179485 0x16b82f000 timer.cc:90] Elapsed time: 0.000 [minutes]
I20260925 14:49:47.182870 0x16b82f000 official_bundle_adjustment_ceres.cc:1648] [AETHER gravity] injected 19/20 roll/pitch anchors, sigma_rad=0.00872665
I20260925 14:49:47.221750 0x16b82f000 official_bundle_adjustment_ceres.cc:1137] [AETHER] solver_used=DENSE_SCHUR sparse_backend=EIGEN_SPARSE dense_backend=EIGEN mixed=0 threads=6
W20260925 14:49:47.223660 0x16b82f000 official_aether_sfm_c.cc:9530] [frame-loss] before=20 after=20 lost_zero_obs=0 lost_with_obs=0 |
W20260925 14:49:47.223939 0x16b82f000 official_aether_sfm_c.cc:9614] [aether_sfm] finalize worker: cache_pre=1ms enrich=224ms stage1=226ms (ok, rounds=4) stage2=47ms (rounds<=1) temporal=0ms upgrade=0ms total=275ms
W20260925 14:49:47.224144 0x16b82f000 official_aether_sfm_c.cc:9643] [aether_sfm] delivered-point provenance: live-created=2454 official-retriangulated=161 live-dropped-by-official-filtering=333 (live model had 2787; capture-time official TriangulateImage added 0 obs)
W20260925 14:49:47.224249 0x16b82f000 official_aether_sfm_c.cc:8066] [device-align-v1] status=aligned pairs=20 inliers=20 max_error_m=0.111819 scale=1.05046 centre_err_median_m=0.016047 centre_err_max_m=0.0232484 outliers=0
W20260925 14:49:47.272294 0x1fecf6080 official_aether_sfm_c.cc:13097] [aether_sfm] deliver-filter(get_points_tracked): kept 2501/2615 (min_tri_angle=3deg, mirror_ghost=0, isolated_floater=1, killed_union=1)
[pwofficial_gpu_match_dawn] device lost #1 reason=2 rc=8: Device was destroyed.
        1.88 real         1.12 user         0.59 sys
           129400832  maximum resident set size
                   0  average shared memory size
                   0  average unshared data size
                   0  average unshared stack size
               36281  page reclaims
                  14  page faults
                   0  swaps
                   0  block input operations
                   0  block output operations
                   0  messages sent
                   0  messages received
                   0  signals received
                  26  voluntary context switches
               85907  involuntary context switches
         16427031711  instructions retired
          5919297142  cycles elapsed
           331547296  peak memory footprint
