[dkm] frames=115 candidate_pairs=406 selected=8 slice=72:80 available=6.59GB
/opt/homebrew/lib/python3.11/site-packages/torchvision/models/_utils.py:208: UserWarning: The parameter 'pretrained' is deprecated since 0.13 and may be removed in the future, please use 'weights' instead.
  warnings.warn(
/opt/homebrew/lib/python3.11/site-packages/torchvision/models/_utils.py:223: UserWarning: Arguments other than a weight enum or `None` for 'weights' are deprecated since 0.13 and may be removed in the future. The current behavior is equivalent to passing `weights=None`.
  warnings.warn(msg)
[dkm] model loaded on mps in 0.61s
/opt/homebrew/lib/python3.11/site-packages/torch/functional.py:505: UserWarning: torch.meshgrid: in an upcoming release, it will be required to pass the indexing argument. (Triggered internally at /Users/runner/work/pytorch/pytorch/aten/src/ATen/native/TensorShape.cpp:4384.)
  return _VF.meshgrid(tensors, **kwargs)  # type: ignore[attr-defined]
[dkm] 1/8 018_021 grid=2297 arkit_inlier=0.980 magsac_inlier=0.991 median=0.702px time=0.64s
[dkm] 2/8 018_020 grid=2505 arkit_inlier=0.756 magsac_inlier=0.993 median=1.376px time=0.53s
[dkm] 3/8 018_022 grid=1837 arkit_inlier=0.961 magsac_inlier=0.966 median=0.809px time=0.54s
[dkm] 4/8 018_023 grid=1316 arkit_inlier=0.945 magsac_inlier=0.978 median=1.813px time=0.48s
[dkm] 5/8 019_021 grid=2014 arkit_inlier=0.991 magsac_inlier=1.000 median=0.716px time=0.48s
[dkm] 6/8 019_022 grid=1578 arkit_inlier=0.994 magsac_inlier=0.995 median=0.947px time=0.48s
[dkm] 7/8 019_020 grid=2057 arkit_inlier=0.894 magsac_inlier=0.994 median=1.204px time=0.43s
[dkm] 8/8 019_023 grid=1292 arkit_inlier=0.894 magsac_inlier=0.981 median=1.830px time=0.47s
[dkm] matches_sha256=f88463c1b79a0a720dc631fd7841179f32c92a979fe3ecfbb71b17aaab21179c
[dkm] metrics_sha256=7ff75c50aafa903baf83c295971d51227f7d50af2ae92eff594ed591aed4829d
DKM_CAP50_DONE
        6.70 real         2.75 user         1.33 sys
           953843712  maximum resident set size
                   0  average shared memory size
                   0  average unshared data size
                   0  average unshared stack size
              150945  page reclaims
                 166  page faults
                   0  swaps
                   0  block input operations
                   0  block output operations
                   0  messages sent
                   0  messages received
                   0  signals received
                 152  voluntary context switches
               22903  involuntary context switches
         37024981657  instructions retired
         14267596461  cycles elapsed
          3457648512  peak memory footprint
