[DawnKernelHarness] limits: invocations/wg=512 wgSizeX=512 storageBufs=10 maxBuffer=1073741824 maxStorageBinding=1073741824 (adapter: 1024 1024 10 4294967295 4294967295)
[pwofficial_gpu_match_dawn] backend=blocked(fma4x4+direct+w64+nopb+f16+keyscan3+ptr+kp,V8) adapter="Apple M3 Pro" subgroups=1 sgmatrix=1 f32_8x8x8=1 f16_f32=1 mixed=0 subgroup=[4,64] packed_dot=1 timestamp=1 limits[storage=32768 invocations=1024 sizeX=1024]
WARNING: Logging before InitGoogleLogging() is written to STDERR
I20260925 15:15:19.659071 0x1fecf6080 database_cache.cc:72] Loading rigs...
I20260925 15:15:19.659101 0x1fecf6080 database_cache.cc:82]  0 in 0.000s
I20260925 15:15:19.659108 0x1fecf6080 database_cache.cc:90] Loading cameras...
I20260925 15:15:19.659120 0x1fecf6080 database_cache.cc:108]  2 in 0.000s
I20260925 15:15:19.659127 0x1fecf6080 database_cache.cc:116] Loading frames...
I20260925 15:15:19.659137 0x1fecf6080 database_cache.cc:126]  0 in 0.000s
I20260925 15:15:19.659142 0x1fecf6080 database_cache.cc:134] Loading matches...
I20260925 15:15:19.659150 0x1fecf6080 database_cache.cc:139]  1 in 0.000s
I20260925 15:15:19.659155 0x1fecf6080 database_cache.cc:147] Loading images...
I20260925 15:15:19.659265 0x1fecf6080 database_cache.cc:236]  2 in 0.000s (loaded all 2)
I20260925 15:15:19.659271 0x1fecf6080 database_cache.cc:255] Loading pose priors...
I20260925 15:15:19.659277 0x1fecf6080 database_cache.cc:263]  0 in 0.000s
I20260925 15:15:19.659281 0x1fecf6080 database_cache.cc:271] Building correspondence graph...
I20260925 15:15:19.659323 0x1fecf6080 database_cache.cc:300]  in 0.000s (ignored 0)
I20260925 15:15:19.724771 0x1fecf6080 official_bundle_adjustment_ceres.cc:1648] [AETHER gravity] injected 3/3 roll/pitch anchors, sigma_rad=0.00872665
[AETHER BA-ORDERING] blocks=636 pts(g0)=627 cams(g1)=3 g1_all_pose=1 proven=1
I20260925 15:15:19.734039 0x1fecf6080 official_bundle_adjustment_ceres.cc:1137] [AETHER] solver_used=DENSE_SCHUR sparse_backend=EIGEN_SPARSE dense_backend=EIGEN mixed=0 threads=1
I20260925 15:15:19.734822 0x1fecf6080 official_bundle_adjustment_ceres.cc:1648] [AETHER gravity] injected 3/3 roll/pitch anchors, sigma_rad=0.00872665
[AETHER BA-ORDERING] blocks=632 pts(g0)=623 cams(g1)=3 g1_all_pose=1 proven=1
I20260925 15:15:19.736899 0x1fecf6080 official_bundle_adjustment_ceres.cc:1137] [AETHER] solver_used=DENSE_SCHUR sparse_backend=EIGEN_SPARSE dense_backend=EIGEN mixed=0 threads=1
I20260925 15:15:19.818702 0x1fecf6080 official_bundle_adjustment_ceres.cc:1648] [AETHER gravity] injected 3/3 roll/pitch anchors, sigma_rad=0.00872665
[AETHER BA-ORDERING] blocks=1043 pts(g0)=736 cams(g1)=3 g1_all_pose=1 proven=1
I20260925 15:15:19.831622 0x1fecf6080 official_bundle_adjustment_ceres.cc:1137] [AETHER] solver_used=DENSE_SCHUR sparse_backend=EIGEN_SPARSE dense_backend=EIGEN mixed=0 threads=1
I20260925 15:15:19.832628 0x1fecf6080 official_bundle_adjustment_ceres.cc:1648] [AETHER gravity] injected 3/3 roll/pitch anchors, sigma_rad=0.00872665
I20260925 15:15:19.834751 0x1fecf6080 official_bundle_adjustment_ceres.cc:1137] [AETHER] solver_used=DENSE_SCHUR sparse_backend=EIGEN_SPARSE dense_backend=EIGEN mixed=0 threads=1
I20260925 15:15:19.888946 0x1fecf6080 official_bundle_adjustment_ceres.cc:1648] [AETHER gravity] injected 5/5 roll/pitch anchors, sigma_rad=0.00872665
I20260925 15:15:19.906951 0x1fecf6080 official_bundle_adjustment_ceres.cc:1137] [AETHER] solver_used=DENSE_SCHUR sparse_backend=EIGEN_SPARSE dense_backend=EIGEN mixed=0 threads=1
I20260925 15:15:19.908194 0x1fecf6080 official_bundle_adjustment_ceres.cc:1648] [AETHER gravity] injected 5/5 roll/pitch anchors, sigma_rad=0.00872665
I20260925 15:15:19.911885 0x1fecf6080 official_bundle_adjustment_ceres.cc:1137] [AETHER] solver_used=DENSE_SCHUR sparse_backend=EIGEN_SPARSE dense_backend=EIGEN mixed=0 threads=1
I20260925 15:15:19.963742 0x1fecf6080 official_bundle_adjustment_ceres.cc:1648] [AETHER gravity] injected 6/6 roll/pitch anchors, sigma_rad=0.00872665
I20260925 15:15:19.983240 0x1fecf6080 official_bundle_adjustment_ceres.cc:1137] [AETHER] solver_used=DENSE_SCHUR sparse_backend=EIGEN_SPARSE dense_backend=EIGEN mixed=0 threads=1
I20260925 15:15:19.984540 0x1fecf6080 official_bundle_adjustment_ceres.cc:1648] [AETHER gravity] injected 6/6 roll/pitch anchors, sigma_rad=0.00872665
I20260925 15:15:19.987769 0x1fecf6080 official_bundle_adjustment_ceres.cc:1137] [AETHER] solver_used=DENSE_SCHUR sparse_backend=EIGEN_SPARSE dense_backend=EIGEN mixed=0 threads=1
I20260925 15:15:20.049457 0x1fecf6080 official_bundle_adjustment_ceres.cc:1648] [AETHER gravity] injected 6/6 roll/pitch anchors, sigma_rad=0.00872665
I20260925 15:15:20.073090 0x1fecf6080 official_bundle_adjustment_ceres.cc:1137] [AETHER] solver_used=DENSE_SCHUR sparse_backend=EIGEN_SPARSE dense_backend=EIGEN mixed=0 threads=6
I20260925 15:15:20.074642 0x1fecf6080 official_bundle_adjustment_ceres.cc:1648] [AETHER gravity] injected 6/6 roll/pitch anchors, sigma_rad=0.00872665
I20260925 15:15:20.079441 0x1fecf6080 official_bundle_adjustment_ceres.cc:1137] [AETHER] solver_used=DENSE_SCHUR sparse_backend=EIGEN_SPARSE dense_backend=EIGEN mixed=0 threads=6
I20260925 15:15:20.133197 0x1fecf6080 official_bundle_adjustment_ceres.cc:1648] [AETHER gravity] injected 6/6 roll/pitch anchors, sigma_rad=0.00872665
I20260925 15:15:20.152131 0x1fecf6080 official_bundle_adjustment_ceres.cc:1137] [AETHER] solver_used=DENSE_SCHUR sparse_backend=EIGEN_SPARSE dense_backend=EIGEN mixed=0 threads=1
I20260925 15:15:20.153634 0x1fecf6080 official_bundle_adjustment_ceres.cc:1648] [AETHER gravity] injected 6/6 roll/pitch anchors, sigma_rad=0.00872665
I20260925 15:15:20.156870 0x1fecf6080 official_bundle_adjustment_ceres.cc:1137] [AETHER] solver_used=DENSE_SCHUR sparse_backend=EIGEN_SPARSE dense_backend=EIGEN mixed=0 threads=1
I20260925 15:15:20.199829 0x1fecf6080 official_bundle_adjustment_ceres.cc:1648] [AETHER gravity] injected 6/6 roll/pitch anchors, sigma_rad=0.00872665
I20260925 15:15:20.220161 0x1fecf6080 official_bundle_adjustment_ceres.cc:1137] [AETHER] solver_used=DENSE_SCHUR sparse_backend=EIGEN_SPARSE dense_backend=EIGEN mixed=0 threads=1
I20260925 15:15:20.221579 0x1fecf6080 official_bundle_adjustment_ceres.cc:1648] [AETHER gravity] injected 6/6 roll/pitch anchors, sigma_rad=0.00872665
I20260925 15:15:20.225839 0x1fecf6080 official_bundle_adjustment_ceres.cc:1137] [AETHER] solver_used=DENSE_SCHUR sparse_backend=EIGEN_SPARSE dense_backend=EIGEN mixed=0 threads=1
I20260925 15:15:20.272244 0x1fecf6080 official_bundle_adjustment_ceres.cc:1648] [AETHER gravity] injected 2/2 roll/pitch anchors, sigma_rad=0.00872665
I20260925 15:15:20.273301 0x1fecf6080 official_bundle_adjustment_ceres.cc:1137] [AETHER] solver_used=DENSE_SCHUR sparse_backend=EIGEN_SPARSE dense_backend=EIGEN mixed=0 threads=1
I20260925 15:15:20.273772 0x1fecf6080 official_bundle_adjustment_ceres.cc:1648] [AETHER gravity] injected 2/2 roll/pitch anchors, sigma_rad=0.00872665
I20260925 15:15:20.274378 0x1fecf6080 official_bundle_adjustment_ceres.cc:1137] [AETHER] solver_used=DENSE_SCHUR sparse_backend=EIGEN_SPARSE dense_backend=EIGEN mixed=0 threads=1
I20260925 15:15:20.491786 0x1fecf6080 official_bundle_adjustment_ceres.cc:1648] [AETHER gravity] injected 3/3 roll/pitch anchors, sigma_rad=0.00872665
I20260925 15:15:20.495762 0x1fecf6080 official_bundle_adjustment_ceres.cc:1137] [AETHER] solver_used=DENSE_SCHUR sparse_backend=EIGEN_SPARSE dense_backend=EIGEN mixed=0 threads=1
I20260925 15:15:20.496552 0x1fecf6080 official_bundle_adjustment_ceres.cc:1648] [AETHER gravity] injected 3/3 roll/pitch anchors, sigma_rad=0.00872665
I20260925 15:15:20.498141 0x1fecf6080 official_bundle_adjustment_ceres.cc:1137] [AETHER] solver_used=DENSE_SCHUR sparse_backend=EIGEN_SPARSE dense_backend=EIGEN mixed=0 threads=1
I20260925 15:15:20.595434 0x1fecf6080 official_bundle_adjustment_ceres.cc:1648] [AETHER gravity] injected 4/4 roll/pitch anchors, sigma_rad=0.00872665
I20260925 15:15:20.601142 0x1fecf6080 official_bundle_adjustment_ceres.cc:1137] [AETHER] solver_used=DENSE_SCHUR sparse_backend=EIGEN_SPARSE dense_backend=EIGEN mixed=0 threads=1
I20260925 15:15:20.601922 0x1fecf6080 official_bundle_adjustment_ceres.cc:1648] [AETHER gravity] injected 4/4 roll/pitch anchors, sigma_rad=0.00872665
I20260925 15:15:20.603558 0x1fecf6080 official_bundle_adjustment_ceres.cc:1137] [AETHER] solver_used=DENSE_SCHUR sparse_backend=EIGEN_SPARSE dense_backend=EIGEN mixed=0 threads=1
I20260925 15:15:20.640255 0x1fecf6080 official_bundle_adjustment_ceres.cc:1648] [AETHER gravity] injected 6/6 roll/pitch anchors, sigma_rad=0.00872665
I20260925 15:15:20.656566 0x1fecf6080 official_bundle_adjustment_ceres.cc:1137] [AETHER] solver_used=DENSE_SCHUR sparse_backend=EIGEN_SPARSE dense_backend=EIGEN mixed=0 threads=6
I20260925 15:15:20.658322 0x1fecf6080 official_bundle_adjustment_ceres.cc:1648] [AETHER gravity] injected 6/6 roll/pitch anchors, sigma_rad=0.00872665
I20260925 15:15:20.663334 0x1fecf6080 official_bundle_adjustment_ceres.cc:1137] [AETHER] solver_used=DENSE_SCHUR sparse_backend=EIGEN_SPARSE dense_backend=EIGEN mixed=0 threads=6
I20260925 15:15:20.699414 0x1fecf6080 official_bundle_adjustment_ceres.cc:1648] [AETHER gravity] injected 5/5 roll/pitch anchors, sigma_rad=0.00872665
I20260925 15:15:20.712638 0x1fecf6080 official_bundle_adjustment_ceres.cc:1137] [AETHER] solver_used=DENSE_SCHUR sparse_backend=EIGEN_SPARSE dense_backend=EIGEN mixed=0 threads=1
I20260925 15:15:20.713694 0x1fecf6080 official_bundle_adjustment_ceres.cc:1648] [AETHER gravity] injected 5/5 roll/pitch anchors, sigma_rad=0.00872665
I20260925 15:15:20.716984 0x1fecf6080 official_bundle_adjustment_ceres.cc:1137] [AETHER] solver_used=DENSE_SCHUR sparse_backend=EIGEN_SPARSE dense_backend=EIGEN mixed=0 threads=1
I20260925 15:15:20.761423 0x1fecf6080 official_bundle_adjustment_ceres.cc:1648] [AETHER gravity] injected 6/6 roll/pitch anchors, sigma_rad=0.00872665
I20260925 15:15:20.784219 0x1fecf6080 official_bundle_adjustment_ceres.cc:1137] [AETHER] solver_used=DENSE_SCHUR sparse_backend=EIGEN_SPARSE dense_backend=EIGEN mixed=0 threads=6
I20260925 15:15:20.785866 0x1fecf6080 official_bundle_adjustment_ceres.cc:1648] [AETHER gravity] injected 6/6 roll/pitch anchors, sigma_rad=0.00872665
I20260925 15:15:20.790503 0x1fecf6080 official_bundle_adjustment_ceres.cc:1137] [AETHER] solver_used=DENSE_SCHUR sparse_backend=EIGEN_SPARSE dense_backend=EIGEN mixed=0 threads=6
I20260925 15:15:20.854758 0x1fecf6080 official_bundle_adjustment_ceres.cc:1648] [AETHER gravity] injected 6/6 roll/pitch anchors, sigma_rad=0.00872665
I20260925 15:15:20.867602 0x1fecf6080 official_bundle_adjustment_ceres.cc:1137] [AETHER] solver_used=DENSE_SCHUR sparse_backend=EIGEN_SPARSE dense_backend=EIGEN mixed=0 threads=1
I20260925 15:15:20.868798 0x1fecf6080 official_bundle_adjustment_ceres.cc:1648] [AETHER gravity] injected 6/6 roll/pitch anchors, sigma_rad=0.00872665
I20260925 15:15:20.870943 0x1fecf6080 official_bundle_adjustment_ceres.cc:1137] [AETHER] solver_used=DENSE_SCHUR sparse_backend=EIGEN_SPARSE dense_backend=EIGEN mixed=0 threads=1
I20260925 15:15:20.954970 0x1fecf6080 official_bundle_adjustment_ceres.cc:1648] [AETHER gravity] injected 6/6 roll/pitch anchors, sigma_rad=0.00872665
I20260925 15:15:20.969400 0x1fecf6080 official_bundle_adjustment_ceres.cc:1137] [AETHER] solver_used=DENSE_SCHUR sparse_backend=EIGEN_SPARSE dense_backend=EIGEN mixed=0 threads=1
I20260925 15:15:20.970849 0x1fecf6080 official_bundle_adjustment_ceres.cc:1648] [AETHER gravity] injected 6/6 roll/pitch anchors, sigma_rad=0.00872665
I20260925 15:15:20.973267 0x1fecf6080 official_bundle_adjustment_ceres.cc:1137] [AETHER] solver_used=DENSE_SCHUR sparse_backend=EIGEN_SPARSE dense_backend=EIGEN mixed=0 threads=1
I20260925 15:15:21.020611 0x16be4b000 database_cache.cc:72] Loading rigs...
I20260925 15:15:21.020626 0x16be4b000 database_cache.cc:82]  0 in 0.000s
I20260925 15:15:21.020632 0x16be4b000 database_cache.cc:90] Loading cameras...
I20260925 15:15:21.020648 0x16be4b000 database_cache.cc:108]  20 in 0.000s
I20260925 15:15:21.020653 0x16be4b000 database_cache.cc:116] Loading frames...
I20260925 15:15:21.020661 0x16be4b000 database_cache.cc:126]  0 in 0.000s
I20260925 15:15:21.020665 0x16be4b000 database_cache.cc:134] Loading matches...
I20260925 15:15:21.020709 0x16be4b000 database_cache.cc:139]  61 in 0.000s
I20260925 15:15:21.020722 0x16be4b000 database_cache.cc:147] Loading images...
I20260925 15:15:21.021479 0x16be4b000 database_cache.cc:236]  20 in 0.001s (loaded all 20)
I20260925 15:15:21.021485 0x16be4b000 database_cache.cc:255] Loading pose priors...
I20260925 15:15:21.021494 0x16be4b000 database_cache.cc:263]  0 in 0.000s
I20260925 15:15:21.021498 0x16be4b000 database_cache.cc:271] Building correspondence graph...
I20260925 15:15:21.022043 0x16be4b000 database_cache.cc:300]  in 0.001s (ignored 0)
I20260925 15:15:21.025494 0x16be4b000 official_bundle_adjustment_ceres.cc:1648] [AETHER gravity] injected 16/17 roll/pitch anchors, sigma_rad=0.00872665
I20260925 15:15:21.072132 0x16be4b000 official_bundle_adjustment_ceres.cc:1137] [AETHER] solver_used=DENSE_SCHUR sparse_backend=EIGEN_SPARSE dense_backend=EIGEN mixed=0 threads=6
I20260925 15:15:21.075716 0x16be4b000 official_bundle_adjustment_ceres.cc:1648] [AETHER gravity] injected 16/17 roll/pitch anchors, sigma_rad=0.00872665
W20260925 15:15:21.118709 0x16be4b000 levenberg_marquardt_strategy.cc:123] Linear solver failure. Failed to compute a step: Eigen failure. Unable to perform dense Cholesky factorization.
I20260925 15:15:21.125563 0x16be4b000 official_bundle_adjustment_ceres.cc:1137] [AETHER] solver_used=DENSE_SCHUR sparse_backend=EIGEN_SPARSE dense_backend=EIGEN mixed=0 threads=6
I20260925 15:15:21.128723 0x16be4b000 official_bundle_adjustment_ceres.cc:1648] [AETHER gravity] injected 16/17 roll/pitch anchors, sigma_rad=0.00872665
I20260925 15:15:21.165218 0x16be4b000 official_bundle_adjustment_ceres.cc:1137] [AETHER] solver_used=DENSE_SCHUR sparse_backend=EIGEN_SPARSE dense_backend=EIGEN mixed=0 threads=6
I20260925 15:15:21.168380 0x16be4b000 official_bundle_adjustment_ceres.cc:1648] [AETHER gravity] injected 16/17 roll/pitch anchors, sigma_rad=0.00872665
I20260925 15:15:21.204576 0x16be4b000 official_bundle_adjustment_ceres.cc:1137] [AETHER] solver_used=DENSE_SCHUR sparse_backend=EIGEN_SPARSE dense_backend=EIGEN mixed=0 threads=6
I20260925 15:15:21.207695 0x16be4b000 official_bundle_adjustment_ceres.cc:1648] [AETHER gravity] injected 16/17 roll/pitch anchors, sigma_rad=0.00872665
I20260925 15:15:21.222034 0x16be4b000 official_bundle_adjustment_ceres.cc:1137] [AETHER] solver_used=DENSE_SCHUR sparse_backend=EIGEN_SPARSE dense_backend=EIGEN mixed=0 threads=6
W20260925 15:15:21.267537 0x16bed7000 official_aether_sfm_c.cc:6907] [aether_sfm] finalize re-match: starved_frames=8 candidates=100 attempted=100 written=0 inliers=0 failed=0 gpu_fail_capture=0 probe_debt_repaid=0 probe_debt_left=0
W20260925 15:15:21.334259 0x16bed7000 official_aether_sfm_c.cc:7348] [aether_sfm] official quadratic overlap: overlap=10 candidates=42 written=0 in 66.6272 ms
I20260925 15:15:21.342624 0x16be4b000 official_incremental_pipeline.cc:323] Loading database
I20260925 15:15:21.342662 0x16be4b000 database_cache.cc:72] Loading rigs...
I20260925 15:15:21.342674 0x16be4b000 database_cache.cc:82]  0 in 0.000s
I20260925 15:15:21.342681 0x16be4b000 database_cache.cc:90] Loading cameras...
I20260925 15:15:21.342699 0x16be4b000 database_cache.cc:108]  20 in 0.000s
I20260925 15:15:21.342705 0x16be4b000 database_cache.cc:116] Loading frames...
I20260925 15:15:21.342713 0x16be4b000 database_cache.cc:126]  0 in 0.000s
I20260925 15:15:21.342718 0x16be4b000 database_cache.cc:134] Loading matches...
I20260925 15:15:21.342782 0x16be4b000 database_cache.cc:139]  61 in 0.000s
I20260925 15:15:21.342787 0x16be4b000 database_cache.cc:147] Loading images...
I20260925 15:15:21.343694 0x16be4b000 database_cache.cc:236]  20 in 0.001s (loaded all 20)
I20260925 15:15:21.343702 0x16be4b000 database_cache.cc:255] Loading pose priors...
I20260925 15:15:21.343713 0x16be4b000 database_cache.cc:263]  0 in 0.000s
I20260925 15:15:21.343719 0x16be4b000 database_cache.cc:271] Building correspondence graph...
I20260925 15:15:21.344350 0x16be4b000 database_cache.cc:300]  in 0.001s (ignored 0)
I20260925 15:15:21.344364 0x16be4b000 timer.cc:90] Elapsed time: 0.000 [minutes]
I20260925 15:15:21.348082 0x16be4b000 official_bundle_adjustment_ceres.cc:1648] [AETHER gravity] injected 16/17 roll/pitch anchors, sigma_rad=0.00872665
I20260925 15:15:21.364115 0x16be4b000 official_bundle_adjustment_ceres.cc:1137] [AETHER] solver_used=DENSE_SCHUR sparse_backend=EIGEN_SPARSE dense_backend=EIGEN mixed=0 threads=6
W20260925 15:15:21.365786 0x16be4b000 official_aether_sfm_c.cc:9530] [frame-loss] before=20 after=17 lost_zero_obs=3 lost_with_obs=0 | frame_000010.jpg(obs=0) frame_000011.jpg(obs=0) frame_000019.jpg(obs=0)
W20260925 15:15:21.365991 0x16be4b000 official_aether_sfm_c.cc:9614] [aether_sfm] finalize worker: cache_pre=1ms enrich=316ms stage1=201ms (ok, rounds=5) stage2=26ms (rounds<=1) temporal=0ms upgrade=0ms total=345ms
W20260925 15:15:21.366185 0x16be4b000 official_aether_sfm_c.cc:9643] [aether_sfm] delivered-point provenance: live-created=2362 official-retriangulated=108 live-dropped-by-official-filtering=343 (live model had 2705; capture-time official TriangulateImage added 0 obs)
W20260925 15:15:21.366285 0x16be4b000 official_aether_sfm_c.cc:8066] [device-align-v1] status=aligned pairs=17 inliers=17 max_error_m=0.111819 scale=0.983477 centre_err_median_m=0.00553413 centre_err_max_m=0.0259589 outliers=0
W20260925 15:15:21.445483 0x1fecf6080 official_aether_sfm_c.cc:13097] [aether_sfm] deliver-filter(get_points_tracked): kept 2402/2470 (min_tri_angle=3deg, mirror_ghost=0, isolated_floater=1, killed_union=1)
[pwofficial_gpu_match_dawn] device lost #1 reason=2 rc=8: Device was destroyed.
        1.95 real         1.08 user         0.70 sys
           122978304  maximum resident set size
                   0  average shared memory size
                   0  average unshared data size
                   0  average unshared stack size
               34564  page reclaims
                  14  page faults
                   0  swaps
                   0  block input operations
                   0  block output operations
                   0  messages sent
                   0  messages received
                   0  signals received
                  61  voluntary context switches
              108965  involuntary context switches
         16427323482  instructions retired
          6133916190  cycles elapsed
           326058656  peak memory footprint
