{"acceptance_rate": 0.1, "accepted": 15, "coverage_cells_5cm": 15, "elapsed_s": 0.7813836249988526, "grid_candidates": 150, "kind": "wall", "parallax_median_deg": 10.694102726633723, "peak_loaded_image_bytes": 199065600, "plane_offset_m": 0.05, "rejected": {"few_geometry_views": 21, "few_texture_views": 33, "few_zncc_views": 79, "low_parallax": 2}, "surface_id": "wall_0", "tiles": 3, "views_median": 4.0, "zncc_median": 0.8258077806444712, "zncc_p10": 0.7807605782513869}
{
  "config": {
    "grid_m": 0.2,
    "image_margin_px": 2.0,
    "max_graze_deg": 72.0,
    "max_views": 8,
    "min_parallax_deg": 5.0,
    "min_std": 6.0,
    "min_views": 3,
    "ncc_min": 0.7,
    "patch_n": 7,
    "patch_radius_m": 0.015,
    "tile_points": 64
  },
  "forbidden_matcher_outputs_consumed": false,
  "inputs": {
    "frame_meta": {
      "path": "data/pocketworld_captures/cap50/private_manifests/subset_meta_cap50full.json",
      "sha256": "bd082ce5f8557f09fc98c12c43b44994d1531c801f6f0c7de37674f2a222c324"
    },
    "ledger": {
      "path": "data/pocketworld_captures/cap50/private_manifests/sfm_fed_frames.jsonl",
      "sha256": "d3970be1d4f152b605525b75e4495d2c14c2b17138617ed94fca19711cc1603b"
    },
    "photo_count": 115,
    "planes": {
      "path": "experiments/floor_plane_sweep_densifier_2026-07-13/runs/cap50_pure_a_wall_ceiling_20260714/structural_planes_v2.json",
      "sha256": "ca8fab327538e95d1a95ae4de84f730b2ebc86db0a1d782f81890f3160ba908e"
    }
  },
  "is_wrong_acceptance_probe": true,
  "method": "known_or_sparse_fitted_plane_tiled_multiview_zncc",
  "output": {
    "ply": "experiments/floor_plane_sweep_densifier_2026-07-13/runs/cap50_pure_a_wall_ceiling_20260714/probe_wall0_/wall_ceiling_planesweep_offset_+0.050m.ply",
    "sha256": "c5744a4e48a112f9cdeed15280acc42016a229d228ea45811094101a8c93e009"
  },
  "plane_offset_m": 0.05,
  "schema": "aether_pure_a_wall_ceiling_planesweep_v1",
  "surfaces": [
    {
      "acceptance_rate": 0.1,
      "accepted": 15,
      "coverage_cells_5cm": 15,
      "elapsed_s": 0.7813836249988526,
      "grid_candidates": 150,
      "kind": "wall",
      "parallax_median_deg": 10.694102726633723,
      "peak_loaded_image_bytes": 199065600,
      "plane_offset_m": 0.05,
      "rejected": {
        "few_geometry_views": 21,
        "few_texture_views": 33,
        "few_zncc_views": 79,
        "low_parallax": 2
      },
      "surface_id": "wall_0",
      "tiles": 3,
      "views_median": 4.0,
      "zncc_median": 0.8258077806444712,
      "zncc_p10": 0.7807605782513869
    }
  ],
  "totals": {
    "accepted": 15,
    "coverage_cells_5cm_sum": 15,
    "elapsed_s": 0.7827252919960301,
    "grid_candidates": 150,
    "max_tile_loaded_image_bytes": 199065600,
    "peak_rss_bytes": 337985536
  }
}
        1.02 real         0.81 user         0.09 sys
           338051072  maximum resident set size
                   0  average shared memory size
                   0  average unshared data size
                   0  average unshared stack size
               21278  page reclaims
                 817  page faults
                   0  swaps
                   0  block input operations
                   0  block output operations
                   0  messages sent
                   0  messages received
                   0  signals received
                 420  voluntary context switches
                 668  involuntary context switches
         10032751835  instructions retired
          3289081296  cycles elapsed
           325403272  peak memory footprint
