[DawnKernelHarness] limits: invocations/wg=512 wgSizeX=512 storageBufs=10 maxBuffer=1073741824 maxStorageBinding=1073741824 (adapter: 1024 1024 10 4294967295 4294967295)
[pwofficial_gpu_match_dawn] backend=blocked(fma4x4+direct+w64+nopb+f16+keyscan3+ptr+kp,V8) adapter="Apple M3 Pro" subgroups=1 sgmatrix=1 f32_8x8x8=1 f16_f32=1 mixed=0 subgroup=[4,64] packed_dot=1 timestamp=1 limits[storage=32768 invocations=1024 sizeX=1024]
WARNING: Logging before InitGoogleLogging() is written to STDERR
I20260925 14:46:34.445732 0x1fecf6080 database_cache.cc:72] Loading rigs...
I20260925 14:46:34.445764 0x1fecf6080 database_cache.cc:82]  0 in 0.000s
I20260925 14:46:34.445772 0x1fecf6080 database_cache.cc:90] Loading cameras...
I20260925 14:46:34.445785 0x1fecf6080 database_cache.cc:108]  2 in 0.000s
I20260925 14:46:34.445790 0x1fecf6080 database_cache.cc:116] Loading frames...
I20260925 14:46:34.445798 0x1fecf6080 database_cache.cc:126]  0 in 0.000s
I20260925 14:46:34.445803 0x1fecf6080 database_cache.cc:134] Loading matches...
I20260925 14:46:34.445816 0x1fecf6080 database_cache.cc:139]  1 in 0.000s
I20260925 14:46:34.445820 0x1fecf6080 database_cache.cc:147] Loading images...
I20260925 14:46:34.445978 0x1fecf6080 database_cache.cc:236]  2 in 0.000s (loaded all 2)
I20260925 14:46:34.445984 0x1fecf6080 database_cache.cc:255] Loading pose priors...
I20260925 14:46:34.445990 0x1fecf6080 database_cache.cc:263]  0 in 0.000s
I20260925 14:46:34.445994 0x1fecf6080 database_cache.cc:271] Building correspondence graph...
I20260925 14:46:34.446106 0x1fecf6080 database_cache.cc:300]  in 0.000s (ignored 0)
I20260925 14:46:34.536699 0x1fecf6080 official_bundle_adjustment_ceres.cc:1648] [AETHER gravity] injected 3/3 roll/pitch anchors, sigma_rad=0.00872665
[AETHER BA-ORDERING] blocks=1296 pts(g0)=1287 cams(g1)=3 g1_all_pose=1 proven=1
I20260925 14:46:34.554844 0x1fecf6080 official_bundle_adjustment_ceres.cc:1137] [AETHER] solver_used=DENSE_SCHUR sparse_backend=EIGEN_SPARSE dense_backend=EIGEN mixed=0 threads=1
I20260925 14:46:34.556210 0x1fecf6080 official_bundle_adjustment_ceres.cc:1648] [AETHER gravity] injected 3/3 roll/pitch anchors, sigma_rad=0.00872665
[AETHER BA-ORDERING] blocks=1292 pts(g0)=1283 cams(g1)=3 g1_all_pose=1 proven=1
I20260925 14:46:34.559423 0x1fecf6080 official_bundle_adjustment_ceres.cc:1137] [AETHER] solver_used=DENSE_SCHUR sparse_backend=EIGEN_SPARSE dense_backend=EIGEN mixed=0 threads=1
I20260925 14:46:34.652735 0x1fecf6080 official_bundle_adjustment_ceres.cc:1648] [AETHER gravity] injected 4/4 roll/pitch anchors, sigma_rad=0.00872665
[AETHER BA-ORDERING] blocks=2669 pts(g0)=2658 cams(g1)=4 g1_all_pose=1 proven=1
I20260925 14:46:34.704403 0x1fecf6080 official_bundle_adjustment_ceres.cc:1137] [AETHER] solver_used=DENSE_SCHUR sparse_backend=EIGEN_SPARSE dense_backend=EIGEN mixed=0 threads=6
I20260925 14:46:34.707383 0x1fecf6080 official_bundle_adjustment_ceres.cc:1648] [AETHER gravity] injected 4/4 roll/pitch anchors, sigma_rad=0.00872665
I20260925 14:46:34.717213 0x1fecf6080 official_bundle_adjustment_ceres.cc:1137] [AETHER] solver_used=DENSE_SCHUR sparse_backend=EIGEN_SPARSE dense_backend=EIGEN mixed=0 threads=6
I20260925 14:46:34.835108 0x1fecf6080 official_bundle_adjustment_ceres.cc:1648] [AETHER gravity] injected 5/5 roll/pitch anchors, sigma_rad=0.00872665
I20260925 14:46:34.890787 0x1fecf6080 official_bundle_adjustment_ceres.cc:1137] [AETHER] solver_used=DENSE_SCHUR sparse_backend=EIGEN_SPARSE dense_backend=EIGEN mixed=0 threads=6
I20260925 14:46:34.894091 0x1fecf6080 official_bundle_adjustment_ceres.cc:1648] [AETHER gravity] injected 5/5 roll/pitch anchors, sigma_rad=0.00872665
I20260925 14:46:34.907503 0x1fecf6080 official_bundle_adjustment_ceres.cc:1137] [AETHER] solver_used=DENSE_SCHUR sparse_backend=EIGEN_SPARSE dense_backend=EIGEN mixed=0 threads=6
I20260925 14:46:34.998800 0x1fecf6080 official_bundle_adjustment_ceres.cc:1648] [AETHER gravity] injected 6/6 roll/pitch anchors, sigma_rad=0.00872665
I20260925 14:46:35.057335 0x1fecf6080 official_bundle_adjustment_ceres.cc:1137] [AETHER] solver_used=DENSE_SCHUR sparse_backend=EIGEN_SPARSE dense_backend=EIGEN mixed=0 threads=6
I20260925 14:46:35.060696 0x1fecf6080 official_bundle_adjustment_ceres.cc:1648] [AETHER gravity] injected 6/6 roll/pitch anchors, sigma_rad=0.00872665
I20260925 14:46:35.070608 0x1fecf6080 official_bundle_adjustment_ceres.cc:1137] [AETHER] solver_used=DENSE_SCHUR sparse_backend=EIGEN_SPARSE dense_backend=EIGEN mixed=0 threads=6
I20260925 14:46:35.193420 0x1fecf6080 official_bundle_adjustment_ceres.cc:1648] [AETHER gravity] injected 6/6 roll/pitch anchors, sigma_rad=0.00872665
I20260925 14:46:35.249377 0x1fecf6080 official_bundle_adjustment_ceres.cc:1137] [AETHER] solver_used=DENSE_SCHUR sparse_backend=EIGEN_SPARSE dense_backend=EIGEN mixed=0 threads=6
I20260925 14:46:35.253615 0x1fecf6080 official_bundle_adjustment_ceres.cc:1648] [AETHER gravity] injected 6/6 roll/pitch anchors, sigma_rad=0.00872665
I20260925 14:46:35.260616 0x1fecf6080 official_bundle_adjustment_ceres.cc:1137] [AETHER] solver_used=DENSE_SCHUR sparse_backend=EIGEN_SPARSE dense_backend=EIGEN mixed=0 threads=6
I20260925 14:46:35.352513 0x1fecf6080 official_bundle_adjustment_ceres.cc:1648] [AETHER gravity] injected 6/6 roll/pitch anchors, sigma_rad=0.00872665
I20260925 14:46:35.396162 0x1fecf6080 official_bundle_adjustment_ceres.cc:1137] [AETHER] solver_used=DENSE_SCHUR sparse_backend=EIGEN_SPARSE dense_backend=EIGEN mixed=0 threads=6
I20260925 14:46:35.399436 0x1fecf6080 official_bundle_adjustment_ceres.cc:1648] [AETHER gravity] injected 6/6 roll/pitch anchors, sigma_rad=0.00872665
I20260925 14:46:35.406333 0x1fecf6080 official_bundle_adjustment_ceres.cc:1137] [AETHER] solver_used=DENSE_SCHUR sparse_backend=EIGEN_SPARSE dense_backend=EIGEN mixed=0 threads=6
I20260925 14:46:35.550607 0x1fecf6080 official_bundle_adjustment_ceres.cc:1648] [AETHER gravity] injected 6/6 roll/pitch anchors, sigma_rad=0.00872665
I20260925 14:46:35.604480 0x1fecf6080 official_bundle_adjustment_ceres.cc:1137] [AETHER] solver_used=DENSE_SCHUR sparse_backend=EIGEN_SPARSE dense_backend=EIGEN mixed=0 threads=6
I20260925 14:46:35.608502 0x1fecf6080 official_bundle_adjustment_ceres.cc:1648] [AETHER gravity] injected 6/6 roll/pitch anchors, sigma_rad=0.00872665
I20260925 14:46:35.618000 0x1fecf6080 official_bundle_adjustment_ceres.cc:1137] [AETHER] solver_used=DENSE_SCHUR sparse_backend=EIGEN_SPARSE dense_backend=EIGEN mixed=0 threads=6
I20260925 14:46:35.758080 0x1fecf6080 official_bundle_adjustment_ceres.cc:1648] [AETHER gravity] injected 6/6 roll/pitch anchors, sigma_rad=0.00872665
I20260925 14:46:35.833754 0x1fecf6080 official_bundle_adjustment_ceres.cc:1137] [AETHER] solver_used=DENSE_SCHUR sparse_backend=EIGEN_SPARSE dense_backend=EIGEN mixed=0 threads=6
I20260925 14:46:35.838845 0x1fecf6080 official_bundle_adjustment_ceres.cc:1648] [AETHER gravity] injected 6/6 roll/pitch anchors, sigma_rad=0.00872665
I20260925 14:46:35.850355 0x1fecf6080 official_bundle_adjustment_ceres.cc:1137] [AETHER] solver_used=DENSE_SCHUR sparse_backend=EIGEN_SPARSE dense_backend=EIGEN mixed=0 threads=6
I20260925 14:46:35.962178 0x1fecf6080 official_bundle_adjustment_ceres.cc:1648] [AETHER gravity] injected 6/6 roll/pitch anchors, sigma_rad=0.00872665
I20260925 14:46:36.033588 0x1fecf6080 official_bundle_adjustment_ceres.cc:1137] [AETHER] solver_used=DENSE_SCHUR sparse_backend=EIGEN_SPARSE dense_backend=EIGEN mixed=0 threads=6
I20260925 14:46:36.037969 0x1fecf6080 official_bundle_adjustment_ceres.cc:1648] [AETHER gravity] injected 6/6 roll/pitch anchors, sigma_rad=0.00872665
I20260925 14:46:36.049241 0x1fecf6080 official_bundle_adjustment_ceres.cc:1137] [AETHER] solver_used=DENSE_SCHUR sparse_backend=EIGEN_SPARSE dense_backend=EIGEN mixed=0 threads=6
I20260925 14:46:36.171236 0x1fecf6080 official_bundle_adjustment_ceres.cc:1648] [AETHER gravity] injected 6/6 roll/pitch anchors, sigma_rad=0.00872665
I20260925 14:46:36.219158 0x1fecf6080 official_bundle_adjustment_ceres.cc:1137] [AETHER] solver_used=DENSE_SCHUR sparse_backend=EIGEN_SPARSE dense_backend=EIGEN mixed=0 threads=6
I20260925 14:46:36.224106 0x1fecf6080 official_bundle_adjustment_ceres.cc:1648] [AETHER gravity] injected 6/6 roll/pitch anchors, sigma_rad=0.00872665
I20260925 14:46:36.232350 0x1fecf6080 official_bundle_adjustment_ceres.cc:1137] [AETHER] solver_used=DENSE_SCHUR sparse_backend=EIGEN_SPARSE dense_backend=EIGEN mixed=0 threads=6
I20260925 14:46:36.383900 0x1fecf6080 official_bundle_adjustment_ceres.cc:1648] [AETHER gravity] injected 6/6 roll/pitch anchors, sigma_rad=0.00872665
I20260925 14:46:36.428753 0x1fecf6080 official_bundle_adjustment_ceres.cc:1137] [AETHER] solver_used=DENSE_SCHUR sparse_backend=EIGEN_SPARSE dense_backend=EIGEN mixed=0 threads=6
I20260925 14:46:36.433283 0x1fecf6080 official_bundle_adjustment_ceres.cc:1648] [AETHER gravity] injected 6/6 roll/pitch anchors, sigma_rad=0.00872665
I20260925 14:46:36.438989 0x1fecf6080 official_bundle_adjustment_ceres.cc:1137] [AETHER] solver_used=DENSE_SCHUR sparse_backend=EIGEN_SPARSE dense_backend=EIGEN mixed=0 threads=6
I20260925 14:46:36.590817 0x1fecf6080 official_bundle_adjustment_ceres.cc:1648] [AETHER gravity] injected 6/6 roll/pitch anchors, sigma_rad=0.00872665
I20260925 14:46:36.620657 0x1fecf6080 official_bundle_adjustment_ceres.cc:1137] [AETHER] solver_used=DENSE_SCHUR sparse_backend=EIGEN_SPARSE dense_backend=EIGEN mixed=0 threads=6
I20260925 14:46:36.624444 0x1fecf6080 official_bundle_adjustment_ceres.cc:1648] [AETHER gravity] injected 6/6 roll/pitch anchors, sigma_rad=0.00872665
I20260925 14:46:36.630506 0x1fecf6080 official_bundle_adjustment_ceres.cc:1137] [AETHER] solver_used=DENSE_SCHUR sparse_backend=EIGEN_SPARSE dense_backend=EIGEN mixed=0 threads=6
I20260925 14:46:36.751008 0x1fecf6080 official_bundle_adjustment_ceres.cc:1648] [AETHER gravity] injected 4/4 roll/pitch anchors, sigma_rad=0.00872665
I20260925 14:46:36.786585 0x1fecf6080 official_bundle_adjustment_ceres.cc:1137] [AETHER] solver_used=DENSE_SCHUR sparse_backend=EIGEN_SPARSE dense_backend=EIGEN mixed=0 threads=6
I20260925 14:46:36.789345 0x1fecf6080 official_bundle_adjustment_ceres.cc:1648] [AETHER gravity] injected 4/4 roll/pitch anchors, sigma_rad=0.00872665
I20260925 14:46:36.795249 0x1fecf6080 official_bundle_adjustment_ceres.cc:1137] [AETHER] solver_used=DENSE_SCHUR sparse_backend=EIGEN_SPARSE dense_backend=EIGEN mixed=0 threads=6
I20260925 14:46:36.842273 0x1fecf6080 official_bundle_adjustment_ceres.cc:1648] [AETHER gravity] injected 3/3 roll/pitch anchors, sigma_rad=0.00872665
I20260925 14:46:36.865756 0x1fecf6080 official_bundle_adjustment_ceres.cc:1137] [AETHER] solver_used=DENSE_SCHUR sparse_backend=EIGEN_SPARSE dense_backend=EIGEN mixed=0 threads=6
I20260925 14:46:36.867917 0x1fecf6080 official_bundle_adjustment_ceres.cc:1648] [AETHER gravity] injected 3/3 roll/pitch anchors, sigma_rad=0.00872665
I20260925 14:46:36.873612 0x1fecf6080 official_bundle_adjustment_ceres.cc:1137] [AETHER] solver_used=DENSE_SCHUR sparse_backend=EIGEN_SPARSE dense_backend=EIGEN mixed=0 threads=6
I20260925 14:46:36.938534 0x1fecf6080 official_bundle_adjustment_ceres.cc:1648] [AETHER gravity] injected 4/4 roll/pitch anchors, sigma_rad=0.00872665
I20260925 14:46:36.958952 0x1fecf6080 official_bundle_adjustment_ceres.cc:1137] [AETHER] solver_used=DENSE_SCHUR sparse_backend=EIGEN_SPARSE dense_backend=EIGEN mixed=0 threads=6
I20260925 14:46:36.962451 0x1fecf6080 official_bundle_adjustment_ceres.cc:1648] [AETHER gravity] injected 4/4 roll/pitch anchors, sigma_rad=0.00872665
I20260925 14:46:36.967444 0x1fecf6080 official_bundle_adjustment_ceres.cc:1137] [AETHER] solver_used=DENSE_SCHUR sparse_backend=EIGEN_SPARSE dense_backend=EIGEN mixed=0 threads=6
I20260925 14:46:37.084035 0x1fecf6080 official_bundle_adjustment_ceres.cc:1648] [AETHER gravity] injected 6/6 roll/pitch anchors, sigma_rad=0.00872665
I20260925 14:46:37.113307 0x1fecf6080 official_bundle_adjustment_ceres.cc:1137] [AETHER] solver_used=DENSE_SCHUR sparse_backend=EIGEN_SPARSE dense_backend=EIGEN mixed=0 threads=6
I20260925 14:46:37.120062 0x1fecf6080 official_bundle_adjustment_ceres.cc:1648] [AETHER gravity] injected 6/6 roll/pitch anchors, sigma_rad=0.00872665
I20260925 14:46:37.129135 0x1fecf6080 official_bundle_adjustment_ceres.cc:1137] [AETHER] solver_used=DENSE_SCHUR sparse_backend=EIGEN_SPARSE dense_backend=EIGEN mixed=0 threads=6
I20260925 14:46:37.228823 0x1fecf6080 official_bundle_adjustment_ceres.cc:1648] [AETHER gravity] injected 6/6 roll/pitch anchors, sigma_rad=0.00872665
I20260925 14:46:37.266692 0x1fecf6080 official_bundle_adjustment_ceres.cc:1137] [AETHER] solver_used=DENSE_SCHUR sparse_backend=EIGEN_SPARSE dense_backend=EIGEN mixed=0 threads=6
I20260925 14:46:37.272594 0x1fecf6080 official_bundle_adjustment_ceres.cc:1648] [AETHER gravity] injected 6/6 roll/pitch anchors, sigma_rad=0.00872665
I20260925 14:46:37.279341 0x1fecf6080 official_bundle_adjustment_ceres.cc:1137] [AETHER] solver_used=DENSE_SCHUR sparse_backend=EIGEN_SPARSE dense_backend=EIGEN mixed=0 threads=6
I20260925 14:46:37.284170 0x16b2bf000 database_cache.cc:72] Loading rigs...
I20260925 14:46:37.284182 0x16b2bf000 database_cache.cc:82]  0 in 0.000s
I20260925 14:46:37.284187 0x16b2bf000 database_cache.cc:90] Loading cameras...
I20260925 14:46:37.284215 0x16b2bf000 database_cache.cc:108]  19 in 0.000s
I20260925 14:46:37.284220 0x16b2bf000 database_cache.cc:116] Loading frames...
I20260925 14:46:37.284227 0x16b2bf000 database_cache.cc:126]  0 in 0.000s
I20260925 14:46:37.284231 0x16b2bf000 database_cache.cc:134] Loading matches...
I20260925 14:46:37.284394 0x16b2bf000 database_cache.cc:139]  71 in 0.000s
I20260925 14:46:37.284399 0x16b2bf000 database_cache.cc:147] Loading images...
I20260925 14:46:37.285797 0x16b2bf000 database_cache.cc:236]  19 in 0.001s (loaded all 19)
I20260925 14:46:37.285806 0x16b2bf000 database_cache.cc:255] Loading pose priors...
I20260925 14:46:37.285813 0x16b2bf000 database_cache.cc:263]  0 in 0.000s
I20260925 14:46:37.285817 0x16b2bf000 database_cache.cc:271] Building correspondence graph...
I20260925 14:46:37.287764 0x16b2bf000 database_cache.cc:300]  in 0.002s (ignored 0)
I20260925 14:46:37.300445 0x16b2bf000 official_bundle_adjustment_ceres.cc:1648] [AETHER gravity] injected 18/19 roll/pitch anchors, sigma_rad=0.00872665
W20260925 14:46:37.524875 0x16b34b000 official_aether_sfm_c.cc:6907] [aether_sfm] finalize re-match: starved_frames=4 candidates=54 attempted=54 written=0 inliers=0 failed=0 gpu_fail_capture=0 probe_debt_repaid=0 probe_debt_left=0
I20260925 14:46:37.535945 0x16b2bf000 official_bundle_adjustment_ceres.cc:1137] [AETHER] solver_used=DENSE_SCHUR sparse_backend=EIGEN_SPARSE dense_backend=EIGEN mixed=0 threads=6
I20260925 14:46:37.550638 0x16b2bf000 official_bundle_adjustment_ceres.cc:1648] [AETHER gravity] injected 18/19 roll/pitch anchors, sigma_rad=0.00872665
W20260925 14:46:37.711754 0x16b34b000 official_aether_sfm_c.cc:7348] [aether_sfm] official quadratic overlap: overlap=10 candidates=34 written=0 in 186.766 ms
I20260925 14:46:37.800027 0x16b2bf000 official_bundle_adjustment_ceres.cc:1137] [AETHER] solver_used=DENSE_SCHUR sparse_backend=EIGEN_SPARSE dense_backend=EIGEN mixed=0 threads=6
I20260925 14:46:37.807559 0x16b2bf000 official_incremental_pipeline.cc:323] Loading database
I20260925 14:46:37.807593 0x16b2bf000 database_cache.cc:72] Loading rigs...
I20260925 14:46:37.807603 0x16b2bf000 database_cache.cc:82]  0 in 0.000s
I20260925 14:46:37.807608 0x16b2bf000 database_cache.cc:90] Loading cameras...
I20260925 14:46:37.807621 0x16b2bf000 database_cache.cc:108]  19 in 0.000s
I20260925 14:46:37.807625 0x16b2bf000 database_cache.cc:116] Loading frames...
I20260925 14:46:37.807631 0x16b2bf000 database_cache.cc:126]  0 in 0.000s
I20260925 14:46:37.807635 0x16b2bf000 database_cache.cc:134] Loading matches...
I20260925 14:46:37.807766 0x16b2bf000 database_cache.cc:139]  71 in 0.000s
I20260925 14:46:37.807771 0x16b2bf000 database_cache.cc:147] Loading images...
I20260925 14:46:37.809327 0x16b2bf000 database_cache.cc:236]  19 in 0.002s (loaded all 19)
I20260925 14:46:37.809334 0x16b2bf000 database_cache.cc:255] Loading pose priors...
I20260925 14:46:37.809341 0x16b2bf000 database_cache.cc:263]  0 in 0.000s
I20260925 14:46:37.809345 0x16b2bf000 database_cache.cc:271] Building correspondence graph...
I20260925 14:46:37.810982 0x16b2bf000 database_cache.cc:300]  in 0.002s (ignored 0)
I20260925 14:46:37.810994 0x16b2bf000 timer.cc:90] Elapsed time: 0.000 [minutes]
I20260925 14:46:37.822059 0x16b2bf000 official_bundle_adjustment_ceres.cc:1648] [AETHER gravity] injected 18/19 roll/pitch anchors, sigma_rad=0.00872665
I20260925 14:46:38.009465 0x16b2bf000 official_bundle_adjustment_ceres.cc:1137] [AETHER] solver_used=DENSE_SCHUR sparse_backend=EIGEN_SPARSE dense_backend=EIGEN mixed=0 threads=6
I20260925 14:46:38.022510 0x16b2bf000 official_bundle_adjustment_ceres.cc:1648] [AETHER gravity] injected 18/19 roll/pitch anchors, sigma_rad=0.00872665
I20260925 14:46:38.137345 0x16b2bf000 official_bundle_adjustment_ceres.cc:1137] [AETHER] solver_used=DENSE_SCHUR sparse_backend=EIGEN_SPARSE dense_backend=EIGEN mixed=0 threads=6
I20260925 14:46:38.149998 0x16b2bf000 official_bundle_adjustment_ceres.cc:1648] [AETHER gravity] injected 18/19 roll/pitch anchors, sigma_rad=0.00872665
I20260925 14:46:38.204213 0x16b2bf000 official_bundle_adjustment_ceres.cc:1137] [AETHER] solver_used=DENSE_SCHUR sparse_backend=EIGEN_SPARSE dense_backend=EIGEN mixed=0 threads=6
W20260925 14:46:38.210423 0x16b2bf000 official_aether_sfm_c.cc:9530] [frame-loss] before=19 after=19 lost_zero_obs=0 lost_with_obs=0 |
W20260925 14:46:38.211036 0x16b2bf000 official_aether_sfm_c.cc:9614] [aether_sfm] finalize worker: cache_pre=3ms enrich=430ms stage1=518ms (ok, rounds=2) stage2=403ms (rounds<=3) temporal=0ms upgrade=0ms total=927ms
W20260925 14:46:38.211275 0x16b2bf000 official_aether_sfm_c.cc:9643] [aether_sfm] delivered-point provenance: live-created=10488 official-retriangulated=352 live-dropped-by-official-filtering=1145 (live model had 11633; capture-time official TriangulateImage added 0 obs)
W20260925 14:46:38.211416 0x16b2bf000 official_aether_sfm_c.cc:8066] [device-align-v1] status=aligned pairs=19 inliers=19 max_error_m=0.111819 scale=1.03118 centre_err_median_m=0.00978198 centre_err_max_m=0.0315288 outliers=0
W20260925 14:46:38.246174 0x1fecf6080 official_aether_sfm_c.cc:13097] [aether_sfm] deliver-filter(get_points_tracked): kept 10728/10840 (min_tri_angle=3deg, mirror_ghost=0, isolated_floater=31, killed_union=31)
[pwofficial_gpu_match_dawn] device lost #1 reason=2 rc=8: Device was destroyed.
        4.07 real         4.30 user         3.54 sys
           148291584  maximum resident set size
                   0  average shared memory size
                   0  average unshared data size
                   0  average unshared stack size
               43335  page reclaims
                 712  page faults
                   0  swaps
                   0  block input operations
                   0  block output operations
                   0  messages sent
                   0  messages received
                   0  signals received
                  41  voluntary context switches
              693259  involuntary context switches
         60760577074  instructions retired
         27211041169  cycles elapsed
           375587512  peak memory footprint
