{
  "config": {
    "capture": "cap56",
    "consistency_absolute_m": 0.08,
    "consistency_relative": 0.05,
    "consistency_views": 4,
    "depth_max_m": 4.3,
    "depth_min_m": 0.8,
    "depth_ncc_margin": 0.03,
    "depth_samples": 96,
    "floor_ownership_slab_m": 0.0,
    "height": 144,
    "inverse_depth_uniform": true,
    "min_parallax_deg": 8.0,
    "min_views": 4,
    "ncc_min": 0.75,
    "patch_n": 7,
    "quadratic_inverse_depth_refinement_mode": "safe",
    "quadratic_safe_gate": {
      "controls_point_birth": false,
      "max_abs_offset_samples_exclusive": 0.3,
      "max_discrete_depth_m_exclusive": 1.5,
      "max_ncc_exclusive": 0.925,
      "min_abs_offset_samples_inclusive": 0.2
    },
    "second_peak_exclusion_radius_samples": 2,
    "width": 256
  },
  "inputs": {
    "frame_meta": null,
    "ledger": {
      "path": "data/pocketworld_captures/cap56/fresh_device_pull_2026-07-15T1002+0800/sfm_fed_frames.jsonl",
      "sha256": "b083fed4e7af35876c08982ea90547882da5369b0ca7c81ab9dd890440517d37"
    },
    "photo_bundle": {
      "frame_count": 20,
      "ordered_jpeg_sidecar_sha256": "040233c2e1e0b37ae42cbd785713cf0f419cb74a47877eea2e2e55618daf98af",
      "path": "data/pocketworld_captures/cap56/raw/photos_highres"
    },
    "reference": {
      "file": "cell_98_slot_2_tap-59.jpg",
      "frame_id": 10,
      "index": 10
    },
    "sources": [
      {
        "file": "cell_85_slot_1_tap-20.jpg",
        "frame_id": 3,
        "index": 3
      },
      {
        "file": "cell_99_slot_0_tap-25.jpg",
        "frame_id": 4,
        "index": 4
      },
      {
        "file": "cell_99_slot_1_tap-31.jpg",
        "frame_id": 5,
        "index": 5
      },
      {
        "file": "cell_99_slot_2_tap-38.jpg",
        "frame_id": 6,
        "index": 6
      },
      {
        "file": "cell_99_slot_4_tap-69.jpg",
        "frame_id": 12,
        "index": 12
      },
      {
        "file": "cell_99_slot_5_tap-74.jpg",
        "frame_id": 13,
        "index": 13
      },
      {
        "file": "cell_85_slot_2_tap-78.jpg",
        "frame_id": 14,
        "index": 14
      }
    ],
    "sparse_eval_only": {
      "path": "data/pocketworld_captures/cap56/fresh_device_pull_2026-07-15T1002+0800/sfm_sparse.ply",
      "sha256": "3c926b0283cf407b6abd5349eb1c067e54d498dd25d108fb53a6677b79e6a782"
    },
    "structural_planes": null
  },
  "license": {
    "learned_model": null,
    "production_algorithm_dependencies": [
      "numpy",
      "opencv_for_host_probe_only"
    ],
    "third_party_matcher_output_consumed": false,
    "training_data": null
  },
  "metrics": {
    "accepted_fraction": 0.024848090277777776,
    "accepted_pixels": 916,
    "below_floor_minus15mm_emitted": 0,
    "best_ncc_quantiles_accepted": {
      "0": 0.7501215934753418,
      "10": 0.7697733044624329,
      "100": 0.9899955987930298,
      "25": 0.8055711388587952,
      "50": 0.8552634716033936,
      "75": 0.893943727016449,
      "90": 0.9244663119316101,
      "95": 0.9423221945762634,
      "99": 0.9723544716835022
    },
    "consistency_count_preaccepted": {
      "0": 0.0,
      "10": 0.0,
      "100": 6.0,
      "25": 1.0,
      "50": 3.0,
      "75": 4.0,
      "90": 5.0,
      "95": 5.0,
      "99": 6.0
    },
    "consistency_rejected_pixels": 1223,
    "elapsed_seconds": 7.815953790995991,
    "floor_distance_m_accepted": null,
    "floor_distance_m_post_consistency": null,
    "floor_ghost_band_minus50_to_minus15mm_emitted": 0,
    "floor_ghost_band_minus50_to_minus15mm_post_consistency": 0,
    "floor_ownership_rejected_pixels": 0,
    "max_consistent_parallax_deg_accepted": {
      "0": 13.405522814933425,
      "10": 16.223129099065865,
      "100": 23.854515394223487,
      "25": 18.921701898399863,
      "50": 21.413052659150146,
      "75": 22.68379166034993,
      "90": 23.340568572032264,
      "95": 23.55345251061136,
      "99": 23.721451345232435
    },
    "ncc_margin_quantiles_accepted": {
      "0": 0.030191004276275635,
      "10": 0.06218463182449341,
      "100": 1.0114250183105469,
      "25": 0.0916740745306015,
      "50": 0.13767772912979126,
      "75": 0.2027447670698166,
      "90": 0.28354135155677795,
      "95": 0.3391540050506592,
      "99": 0.44253742694854736
    },
    "peak_rss_bytes": 217464832,
    "pixels": 36864,
    "post_consistency_accepted_pixels": 916,
    "pre_consistency_accepted_pixels": 2139,
    "quadratic_candidate_pixels": 14525,
    "quadratic_depth_adjustment_m": {
      "0": 0.0,
      "10": 0.0,
      "100": 0.0033758297937038773,
      "25": 0.0,
      "50": 0.0,
      "75": 0.0,
      "90": 0.0018922677632046692,
      "95": 0.002150788306886392,
      "99": 0.002708737622912156
    },
    "quadratic_refined_pixels": 1663,
    "reciprocal_depth_error_m": {
      "0": 7.947691155196779e-07,
      "10": 0.006537446464848562,
      "100": 4.079056856996427,
      "25": 0.016403913960239824,
      "50": 0.06040152903932716,
      "75": 1.9175078057381723,
      "90": 3.54374476995484,
      "95": 3.75017895876251,
      "99": 3.8948353218701364
    },
    "sparse_absolute_depth_error_m": {
      "0": 0.0002903464851254922,
      "10": 0.008826213627660395,
      "100": 0.24263226335978205,
      "25": 0.01850425090305091,
      "50": 0.033785208513148146,
      "75": 0.06889415466051588,
      "90": 0.09420159540619216,
      "95": 0.1258240712767548,
      "99": 0.23031539716646154
    },
    "sparse_accuracy": {
      "absolute_error_m": {
        "0": 0.0002903464851254922,
        "10": 0.008826213627660395,
        "100": 0.24263226335978205,
        "25": 0.01850425090305091,
        "50": 0.033785208513148146,
        "75": 0.06889415466051588,
        "90": 0.09420159540619216,
        "95": 0.1258240712767548,
        "99": 0.23031539716646154
      },
      "count": 386,
      "within_0_05_m": 0.6321243523316062,
      "within_0_10_m": 0.9119170984455959,
      "within_0_20_m": 0.9818652849740933,
      "within_0_50_m": 1.0
    },
    "sparse_comparable_pixels": 386,
    "sparse_error_by_true_depth": {
      "0_8_to_1_5_m": {
        "absolute_error_m": {
          "0": 0.0002903464851254922,
          "10": 0.004481622083550008,
          "100": 0.24263226335978205,
          "25": 0.011013304348200803,
          "50": 0.022927025055889727,
          "75": 0.03925553191282671,
          "90": 0.07657359384408309,
          "95": 0.16855738690699376,
          "99": 0.23971824634942626
        },
        "count": 199,
        "within_0_05_m": 0.8241206030150754,
        "within_0_10_m": 0.9346733668341709,
        "within_0_20_m": 0.964824120603015,
        "within_0_50_m": 1.0
      },
      "1_5_to_2_5_m": null,
      "2_5_to_3_5_m": null,
      "3_5_to_4_3_m": null
    },
    "sparse_projected_samples": 8853,
    "sparse_relative_depth_error": {
      "0": 0.0003628014337555035,
      "10": 0.009787719030732396,
      "100": 0.2666653260730293,
      "25": 0.022107278912319797,
      "50": 0.04217765047938481,
      "75": 0.08256829296710197,
      "90": 0.12411339578387001,
      "95": 0.16803039246272536,
      "99": 0.22164101021383573
    },
    "sparse_zbuffer_pixels": 4484
  },
  "route": "self_developed_model_free_detector_free_known_pose_mvs",
  "schema": "pocketworld_model_free_known_pose_depth_sweep_v1"
}
