[DawnKernelHarness] limits: invocations/wg=512 wgSizeX=512 storageBufs=10 maxBuffer=1073741824 maxStorageBinding=1073741824 (adapter: 1024 1024 10 4294967295 4294967295)
[pwofficial_gpu_match_dawn] backend=blocked(fma4x4+direct+w64+nopb+f16+keyscan3+ptr+kp,V8) adapter="Apple M3 Pro" subgroups=1 sgmatrix=1 f32_8x8x8=1 f16_f32=1 mixed=0 subgroup=[4,64] packed_dot=1 timestamp=1 limits[storage=32768 invocations=1024 sizeX=1024]
WARNING: Logging before InitGoogleLogging() is written to STDERR
I20260925 18:02:20.087907 0x1fecf6080 database_cache.cc:72] Loading rigs...
I20260925 18:02:20.087938 0x1fecf6080 database_cache.cc:82]  0 in 0.000s
I20260925 18:02:20.087946 0x1fecf6080 database_cache.cc:90] Loading cameras...
I20260925 18:02:20.087959 0x1fecf6080 database_cache.cc:108]  2 in 0.000s
I20260925 18:02:20.087965 0x1fecf6080 database_cache.cc:116] Loading frames...
I20260925 18:02:20.087973 0x1fecf6080 database_cache.cc:126]  0 in 0.000s
I20260925 18:02:20.087978 0x1fecf6080 database_cache.cc:134] Loading matches...
I20260925 18:02:20.087987 0x1fecf6080 database_cache.cc:139]  1 in 0.000s
I20260925 18:02:20.087992 0x1fecf6080 database_cache.cc:147] Loading images...
I20260925 18:02:20.088086 0x1fecf6080 database_cache.cc:236]  2 in 0.000s (loaded all 2)
I20260925 18:02:20.088091 0x1fecf6080 database_cache.cc:255] Loading pose priors...
I20260925 18:02:20.088098 0x1fecf6080 database_cache.cc:263]  0 in 0.000s
I20260925 18:02:20.088102 0x1fecf6080 database_cache.cc:271] Building correspondence graph...
I20260925 18:02:20.088128 0x1fecf6080 database_cache.cc:300]  in 0.000s (ignored 0)
I20260925 18:02:20.158272 0x1fecf6080 official_bundle_adjustment_ceres.cc:1648] [AETHER gravity] injected 3/3 roll/pitch anchors, sigma_rad=0.00872665
[AETHER BA-ORDERING] blocks=199 pts(g0)=190 cams(g1)=3 g1_all_pose=1 proven=1
I20260925 18:02:20.161638 0x1fecf6080 official_bundle_adjustment_ceres.cc:1137] [AETHER] solver_used=DENSE_SCHUR sparse_backend=EIGEN_SPARSE dense_backend=EIGEN mixed=0 threads=1
I20260925 18:02:20.161896 0x1fecf6080 official_bundle_adjustment_ceres.cc:1648] [AETHER gravity] injected 3/3 roll/pitch anchors, sigma_rad=0.00872665
[AETHER BA-ORDERING] blocks=194 pts(g0)=185 cams(g1)=3 g1_all_pose=1 proven=1
I20260925 18:02:20.162336 0x1fecf6080 official_bundle_adjustment_ceres.cc:1137] [AETHER] solver_used=DENSE_SCHUR sparse_backend=EIGEN_SPARSE dense_backend=EIGEN mixed=0 threads=1
I20260925 18:02:20.241800 0x1fecf6080 official_bundle_adjustment_ceres.cc:1648] [AETHER gravity] injected 4/4 roll/pitch anchors, sigma_rad=0.00872665
[AETHER BA-ORDERING] blocks=275 pts(g0)=264 cams(g1)=4 g1_all_pose=1 proven=1
I20260925 18:02:20.245610 0x1fecf6080 official_bundle_adjustment_ceres.cc:1137] [AETHER] solver_used=DENSE_SCHUR sparse_backend=EIGEN_SPARSE dense_backend=EIGEN mixed=0 threads=1
I20260925 18:02:20.245931 0x1fecf6080 official_bundle_adjustment_ceres.cc:1648] [AETHER gravity] injected 3/3 roll/pitch anchors, sigma_rad=0.00872665
I20260925 18:02:20.246489 0x1fecf6080 official_bundle_adjustment_ceres.cc:1137] [AETHER] solver_used=DENSE_SCHUR sparse_backend=EIGEN_SPARSE dense_backend=EIGEN mixed=0 threads=1
I20260925 18:02:20.306359 0x1fecf6080 official_bundle_adjustment_ceres.cc:1648] [AETHER gravity] injected 4/4 roll/pitch anchors, sigma_rad=0.00872665
I20260925 18:02:20.311453 0x1fecf6080 official_bundle_adjustment_ceres.cc:1137] [AETHER] solver_used=DENSE_SCHUR sparse_backend=EIGEN_SPARSE dense_backend=EIGEN mixed=0 threads=1
I20260925 18:02:20.311986 0x1fecf6080 official_bundle_adjustment_ceres.cc:1648] [AETHER gravity] injected 4/4 roll/pitch anchors, sigma_rad=0.00872665
I20260925 18:02:20.312763 0x1fecf6080 official_bundle_adjustment_ceres.cc:1137] [AETHER] solver_used=DENSE_SCHUR sparse_backend=EIGEN_SPARSE dense_backend=EIGEN mixed=0 threads=1
I20260925 18:02:20.389426 0x1fecf6080 official_bundle_adjustment_ceres.cc:1648] [AETHER gravity] injected 3/3 roll/pitch anchors, sigma_rad=0.00872665
I20260925 18:02:20.392398 0x1fecf6080 official_bundle_adjustment_ceres.cc:1137] [AETHER] solver_used=DENSE_SCHUR sparse_backend=EIGEN_SPARSE dense_backend=EIGEN mixed=0 threads=1
I20260925 18:02:20.392810 0x1fecf6080 official_bundle_adjustment_ceres.cc:1648] [AETHER gravity] injected 3/3 roll/pitch anchors, sigma_rad=0.00872665
I20260925 18:02:20.393565 0x1fecf6080 official_bundle_adjustment_ceres.cc:1137] [AETHER] solver_used=DENSE_SCHUR sparse_backend=EIGEN_SPARSE dense_backend=EIGEN mixed=0 threads=1
I20260925 18:02:20.459330 0x1fecf6080 official_bundle_adjustment_ceres.cc:1648] [AETHER gravity] injected 3/3 roll/pitch anchors, sigma_rad=0.00872665
I20260925 18:02:20.463076 0x1fecf6080 official_bundle_adjustment_ceres.cc:1137] [AETHER] solver_used=DENSE_SCHUR sparse_backend=EIGEN_SPARSE dense_backend=EIGEN mixed=0 threads=1
I20260925 18:02:20.464180 0x1fecf6080 official_bundle_adjustment_ceres.cc:1648] [AETHER gravity] injected 5/5 roll/pitch anchors, sigma_rad=0.00872665
I20260925 18:02:20.466685 0x1fecf6080 official_bundle_adjustment_ceres.cc:1137] [AETHER] solver_used=DENSE_SCHUR sparse_backend=EIGEN_SPARSE dense_backend=EIGEN mixed=0 threads=1
I20260925 18:02:20.539369 0x1fecf6080 official_bundle_adjustment_ceres.cc:1648] [AETHER gravity] injected 2/2 roll/pitch anchors, sigma_rad=0.00872665
I20260925 18:02:20.540315 0x1fecf6080 official_bundle_adjustment_ceres.cc:1137] [AETHER] solver_used=DENSE_SCHUR sparse_backend=EIGEN_SPARSE dense_backend=EIGEN mixed=0 threads=1
I20260925 18:02:20.540883 0x1fecf6080 official_bundle_adjustment_ceres.cc:1648] [AETHER gravity] injected 3/3 roll/pitch anchors, sigma_rad=0.00872665
I20260925 18:02:20.542039 0x1fecf6080 official_bundle_adjustment_ceres.cc:1137] [AETHER] solver_used=DENSE_SCHUR sparse_backend=EIGEN_SPARSE dense_backend=EIGEN mixed=0 threads=1
I20260925 18:02:20.617273 0x1fecf6080 official_bundle_adjustment_ceres.cc:1648] [AETHER gravity] injected 2/2 roll/pitch anchors, sigma_rad=0.00872665
I20260925 18:02:20.617653 0x1fecf6080 official_bundle_adjustment_ceres.cc:1137] [AETHER] solver_used=DENSE_SCHUR sparse_backend=EIGEN_SPARSE dense_backend=EIGEN mixed=0 threads=1
I20260925 18:02:20.617782 0x1fecf6080 official_bundle_adjustment_ceres.cc:1648] [AETHER gravity] injected 2/2 roll/pitch anchors, sigma_rad=0.00872665
I20260925 18:02:20.617882 0x1fecf6080 official_bundle_adjustment_ceres.cc:1137] [AETHER] solver_used=DENSE_SCHUR sparse_backend=EIGEN_SPARSE dense_backend=EIGEN mixed=0 threads=1
I20260925 18:02:20.688133 0x1fecf6080 official_bundle_adjustment_ceres.cc:1648] [AETHER gravity] injected 2/2 roll/pitch anchors, sigma_rad=0.00872665
I20260925 18:02:20.688557 0x1fecf6080 official_bundle_adjustment_ceres.cc:1137] [AETHER] solver_used=DENSE_SCHUR sparse_backend=EIGEN_SPARSE dense_backend=EIGEN mixed=0 threads=1
I20260925 18:02:20.688673 0x1fecf6080 official_bundle_adjustment_ceres.cc:1648] [AETHER gravity] injected 2/2 roll/pitch anchors, sigma_rad=0.00872665
I20260925 18:02:20.688759 0x1fecf6080 official_bundle_adjustment_ceres.cc:1137] [AETHER] solver_used=DENSE_SCHUR sparse_backend=EIGEN_SPARSE dense_backend=EIGEN mixed=0 threads=1
I20260925 18:02:20.802020 0x1fecf6080 official_bundle_adjustment_ceres.cc:1648] [AETHER gravity] injected 3/3 roll/pitch anchors, sigma_rad=0.00872665
I20260925 18:02:20.803677 0x1fecf6080 official_bundle_adjustment_ceres.cc:1137] [AETHER] solver_used=DENSE_SCHUR sparse_backend=EIGEN_SPARSE dense_backend=EIGEN mixed=0 threads=1
I20260925 18:02:20.803919 0x1fecf6080 official_bundle_adjustment_ceres.cc:1648] [AETHER gravity] injected 3/3 roll/pitch anchors, sigma_rad=0.00872665
I20260925 18:02:20.804126 0x1fecf6080 official_bundle_adjustment_ceres.cc:1137] [AETHER] solver_used=DENSE_SCHUR sparse_backend=EIGEN_SPARSE dense_backend=EIGEN mixed=0 threads=1
I20260925 18:02:20.873322 0x1fecf6080 official_bundle_adjustment_ceres.cc:1648] [AETHER gravity] injected 2/2 roll/pitch anchors, sigma_rad=0.00872665
I20260925 18:02:20.873524 0x1fecf6080 official_bundle_adjustment_ceres.cc:1137] [AETHER] solver_used=DENSE_SCHUR sparse_backend=EIGEN_SPARSE dense_backend=EIGEN mixed=0 threads=1
I20260925 18:02:20.873868 0x1fecf6080 official_bundle_adjustment_ceres.cc:1648] [AETHER gravity] injected 3/3 roll/pitch anchors, sigma_rad=0.00872665
I20260925 18:02:20.874276 0x1fecf6080 official_bundle_adjustment_ceres.cc:1137] [AETHER] solver_used=DENSE_SCHUR sparse_backend=EIGEN_SPARSE dense_backend=EIGEN mixed=0 threads=1
I20260925 18:02:20.975914 0x1fecf6080 official_bundle_adjustment_ceres.cc:1648] [AETHER gravity] injected 2/2 roll/pitch anchors, sigma_rad=0.00872665
I20260925 18:02:20.976088 0x1fecf6080 official_bundle_adjustment_ceres.cc:1137] [AETHER] solver_used=DENSE_SCHUR sparse_backend=EIGEN_SPARSE dense_backend=EIGEN mixed=0 threads=1
I20260925 18:02:20.976542 0x1fecf6080 official_bundle_adjustment_ceres.cc:1648] [AETHER gravity] injected 2/2 roll/pitch anchors, sigma_rad=0.00872665
I20260925 18:02:20.976618 0x1fecf6080 official_bundle_adjustment_ceres.cc:1137] [AETHER] solver_used=DENSE_SCHUR sparse_backend=EIGEN_SPARSE dense_backend=EIGEN mixed=0 threads=1
I20260925 18:02:21.024291 0x1fecf6080 official_bundle_adjustment_ceres.cc:1648] [AETHER gravity] injected 2/2 roll/pitch anchors, sigma_rad=0.00872665
I20260925 18:02:21.024649 0x1fecf6080 official_bundle_adjustment_ceres.cc:1137] [AETHER] solver_used=DENSE_SCHUR sparse_backend=EIGEN_SPARSE dense_backend=EIGEN mixed=0 threads=1
I20260925 18:02:21.024775 0x1fecf6080 official_bundle_adjustment_ceres.cc:1648] [AETHER gravity] injected 2/2 roll/pitch anchors, sigma_rad=0.00872665
I20260925 18:02:21.024848 0x1fecf6080 official_bundle_adjustment_ceres.cc:1137] [AETHER] solver_used=DENSE_SCHUR sparse_backend=EIGEN_SPARSE dense_backend=EIGEN mixed=0 threads=1
I20260925 18:02:21.087861 0x1fecf6080 official_bundle_adjustment_ceres.cc:1648] [AETHER gravity] injected 4/4 roll/pitch anchors, sigma_rad=0.00872665
I20260925 18:02:21.090621 0x1fecf6080 official_bundle_adjustment_ceres.cc:1137] [AETHER] solver_used=DENSE_SCHUR sparse_backend=EIGEN_SPARSE dense_backend=EIGEN mixed=0 threads=1
I20260925 18:02:21.091557 0x1fecf6080 official_bundle_adjustment_ceres.cc:1648] [AETHER gravity] injected 6/6 roll/pitch anchors, sigma_rad=0.00872665
I20260925 18:02:21.094197 0x1fecf6080 official_bundle_adjustment_ceres.cc:1137] [AETHER] solver_used=DENSE_SCHUR sparse_backend=EIGEN_SPARSE dense_backend=EIGEN mixed=0 threads=1
I20260925 18:02:21.149893 0x1fecf6080 official_bundle_adjustment_ceres.cc:1648] [AETHER gravity] injected 2/2 roll/pitch anchors, sigma_rad=0.00872665
I20260925 18:02:21.151562 0x1fecf6080 official_bundle_adjustment_ceres.cc:1137] [AETHER] solver_used=DENSE_SCHUR sparse_backend=EIGEN_SPARSE dense_backend=EIGEN mixed=0 threads=1
I20260925 18:02:21.151851 0x1fecf6080 official_bundle_adjustment_ceres.cc:1648] [AETHER gravity] injected 2/2 roll/pitch anchors, sigma_rad=0.00872665
I20260925 18:02:21.152175 0x1fecf6080 official_bundle_adjustment_ceres.cc:1137] [AETHER] solver_used=DENSE_SCHUR sparse_backend=EIGEN_SPARSE dense_backend=EIGEN mixed=0 threads=1
I20260925 18:02:21.215876 0x1fecf6080 official_bundle_adjustment_ceres.cc:1648] [AETHER gravity] injected 2/2 roll/pitch anchors, sigma_rad=0.00872665
I20260925 18:02:21.216151 0x1fecf6080 official_bundle_adjustment_ceres.cc:1137] [AETHER] solver_used=DENSE_SCHUR sparse_backend=EIGEN_SPARSE dense_backend=EIGEN mixed=0 threads=1
I20260925 18:02:21.216338 0x1fecf6080 official_bundle_adjustment_ceres.cc:1648] [AETHER gravity] injected 2/2 roll/pitch anchors, sigma_rad=0.00872665
I20260925 18:02:21.216403 0x1fecf6080 official_bundle_adjustment_ceres.cc:1137] [AETHER] solver_used=DENSE_SCHUR sparse_backend=EIGEN_SPARSE dense_backend=EIGEN mixed=0 threads=1
I20260925 18:02:21.252433 0x1fecf6080 official_bundle_adjustment_ceres.cc:1648] [AETHER gravity] injected 2/2 roll/pitch anchors, sigma_rad=0.00872665
I20260925 18:02:21.252720 0x1fecf6080 official_bundle_adjustment_ceres.cc:1137] [AETHER] solver_used=DENSE_SCHUR sparse_backend=EIGEN_SPARSE dense_backend=EIGEN mixed=0 threads=1
I20260925 18:02:21.253062 0x1fecf6080 official_bundle_adjustment_ceres.cc:1648] [AETHER gravity] injected 2/2 roll/pitch anchors, sigma_rad=0.00872665
I20260925 18:02:21.253176 0x1fecf6080 official_bundle_adjustment_ceres.cc:1137] [AETHER] solver_used=DENSE_SCHUR sparse_backend=EIGEN_SPARSE dense_backend=EIGEN mixed=0 threads=1
I20260925 18:02:21.292605 0x1fecf6080 official_bundle_adjustment_ceres.cc:1648] [AETHER gravity] injected 6/6 roll/pitch anchors, sigma_rad=0.00872665
I20260925 18:02:21.296331 0x1fecf6080 official_bundle_adjustment_ceres.cc:1137] [AETHER] solver_used=DENSE_SCHUR sparse_backend=EIGEN_SPARSE dense_backend=EIGEN mixed=0 threads=1
I20260925 18:02:21.297122 0x1fecf6080 official_bundle_adjustment_ceres.cc:1648] [AETHER gravity] injected 6/6 roll/pitch anchors, sigma_rad=0.00872665
I20260925 18:02:21.298893 0x1fecf6080 official_bundle_adjustment_ceres.cc:1137] [AETHER] solver_used=DENSE_SCHUR sparse_backend=EIGEN_SPARSE dense_backend=EIGEN mixed=0 threads=1
I20260925 18:02:21.330302 0x16f977000 database_cache.cc:72] Loading rigs...
I20260925 18:02:21.330324 0x16f977000 database_cache.cc:82]  0 in 0.000s
I20260925 18:02:21.330331 0x16f977000 database_cache.cc:90] Loading cameras...
I20260925 18:02:21.330351 0x16f977000 database_cache.cc:108]  20 in 0.000s
I20260925 18:02:21.330356 0x16f977000 database_cache.cc:116] Loading frames...
I20260925 18:02:21.330365 0x16f977000 database_cache.cc:126]  0 in 0.000s
I20260925 18:02:21.330374 0x16f977000 database_cache.cc:134] Loading matches...
I20260925 18:02:21.330431 0x16f977000 database_cache.cc:139]  45 in 0.000s
I20260925 18:02:21.330440 0x16f977000 database_cache.cc:147] Loading images...
I20260925 18:02:21.331337 0x16f977000 database_cache.cc:236]  20 in 0.001s (loaded all 20)
I20260925 18:02:21.331373 0x16f977000 database_cache.cc:255] Loading pose priors...
I20260925 18:02:21.331392 0x16f977000 database_cache.cc:263]  0 in 0.000s
I20260925 18:02:21.331401 0x16f977000 database_cache.cc:271] Building correspondence graph...
I20260925 18:02:21.331896 0x16f977000 database_cache.cc:300]  in 0.000s (ignored 0)
I20260925 18:02:21.334836 0x16f977000 official_bundle_adjustment_ceres.cc:1648] [AETHER gravity] injected 18/19 roll/pitch anchors, sigma_rad=0.00872665
W20260925 18:02:21.365983 0x16f977000 levenberg_marquardt_strategy.cc:123] Linear solver failure. Failed to compute a step: Eigen failure. Unable to perform dense Cholesky factorization.
W20260925 18:02:21.369698 0x16f977000 levenberg_marquardt_strategy.cc:123] Linear solver failure. Failed to compute a step: Eigen failure. Unable to perform dense Cholesky factorization.
W20260925 18:02:21.378843 0x16f977000 levenberg_marquardt_strategy.cc:123] Linear solver failure. Failed to compute a step: Eigen failure. Unable to perform dense Cholesky factorization.
I20260925 18:02:21.387060 0x16f977000 official_bundle_adjustment_ceres.cc:1137] [AETHER] solver_used=DENSE_SCHUR sparse_backend=EIGEN_SPARSE dense_backend=EIGEN mixed=0 threads=6
I20260925 18:02:21.389324 0x16f977000 official_bundle_adjustment_ceres.cc:1648] [AETHER gravity] injected 18/19 roll/pitch anchors, sigma_rad=0.00872665
I20260925 18:02:21.414222 0x16f977000 official_bundle_adjustment_ceres.cc:1137] [AETHER] solver_used=DENSE_SCHUR sparse_backend=EIGEN_SPARSE dense_backend=EIGEN mixed=0 threads=6
I20260925 18:02:21.416624 0x16f977000 official_bundle_adjustment_ceres.cc:1648] [AETHER gravity] injected 18/19 roll/pitch anchors, sigma_rad=0.00872665
I20260925 18:02:21.432695 0x16f977000 official_bundle_adjustment_ceres.cc:1137] [AETHER] solver_used=DENSE_SCHUR sparse_backend=EIGEN_SPARSE dense_backend=EIGEN mixed=0 threads=6
I20260925 18:02:21.434738 0x16f977000 official_bundle_adjustment_ceres.cc:1648] [AETHER gravity] injected 18/19 roll/pitch anchors, sigma_rad=0.00872665
I20260925 18:02:21.454839 0x16f977000 official_bundle_adjustment_ceres.cc:1137] [AETHER] solver_used=DENSE_SCHUR sparse_backend=EIGEN_SPARSE dense_backend=EIGEN mixed=0 threads=6
W20260925 18:02:21.497114 0x16fa03000 official_aether_sfm_c.cc:6907] [aether_sfm] finalize re-match: starved_frames=11 candidates=112 attempted=112 written=0 inliers=0 failed=0 gpu_fail_capture=0 probe_debt_repaid=0 probe_debt_left=0
W20260925 18:02:21.563458 0x16fa03000 official_aether_sfm_c.cc:7348] [aether_sfm] official quadratic overlap: overlap=10 candidates=42 written=0 in 66.2502 ms
I20260925 18:02:21.571940 0x16f977000 official_incremental_pipeline.cc:323] Loading database
I20260925 18:02:21.571977 0x16f977000 database_cache.cc:72] Loading rigs...
I20260925 18:02:21.571986 0x16f977000 database_cache.cc:82]  0 in 0.000s
I20260925 18:02:21.571992 0x16f977000 database_cache.cc:90] Loading cameras...
I20260925 18:02:21.572007 0x16f977000 database_cache.cc:108]  20 in 0.000s
I20260925 18:02:21.572011 0x16f977000 database_cache.cc:116] Loading frames...
I20260925 18:02:21.572017 0x16f977000 database_cache.cc:126]  0 in 0.000s
I20260925 18:02:21.572021 0x16f977000 database_cache.cc:134] Loading matches...
I20260925 18:02:21.572060 0x16f977000 database_cache.cc:139]  45 in 0.000s
I20260925 18:02:21.572064 0x16f977000 database_cache.cc:147] Loading images...
I20260925 18:02:21.572812 0x16f977000 database_cache.cc:236]  20 in 0.001s (loaded all 20)
I20260925 18:02:21.572818 0x16f977000 database_cache.cc:255] Loading pose priors...
I20260925 18:02:21.572827 0x16f977000 database_cache.cc:263]  0 in 0.000s
I20260925 18:02:21.572831 0x16f977000 database_cache.cc:271] Building correspondence graph...
I20260925 18:02:21.573176 0x16f977000 database_cache.cc:300]  in 0.000s (ignored 0)
I20260925 18:02:21.573181 0x16f977000 timer.cc:90] Elapsed time: 0.000 [minutes]
I20260925 18:02:21.575193 0x16f977000 official_bundle_adjustment_ceres.cc:1648] [AETHER gravity] injected 18/19 roll/pitch anchors, sigma_rad=0.00872665
I20260925 18:02:21.590649 0x16f977000 official_bundle_adjustment_ceres.cc:1137] [AETHER] solver_used=DENSE_SCHUR sparse_backend=EIGEN_SPARSE dense_backend=EIGEN mixed=0 threads=6
W20260925 18:02:21.591780 0x16f977000 official_aether_sfm_c.cc:9530] [frame-loss] before=20 after=19 lost_zero_obs=1 lost_with_obs=0 | frame_000019.jpg(obs=0)
W20260925 18:02:21.592048 0x16f977000 official_aether_sfm_c.cc:9614] [aether_sfm] finalize worker: cache_pre=1ms enrich=238ms stage1=123ms (ok, rounds=4) stage2=21ms (rounds<=1) temporal=0ms upgrade=0ms total=261ms
W20260925 18:02:21.592248 0x16f977000 official_aether_sfm_c.cc:9643] [aether_sfm] delivered-point provenance: live-created=1392 official-retriangulated=243 live-dropped-by-official-filtering=90 (live model had 1482; capture-time official TriangulateImage added 0 obs)
W20260925 18:02:21.592347 0x16f977000 official_aether_sfm_c.cc:8066] [device-align-v1] status=aligned pairs=19 inliers=19 max_error_m=0.111819 scale=1.03296 centre_err_median_m=0.0234985 centre_err_max_m=0.0429271 outliers=0
W20260925 18:02:21.658150 0x1fecf6080 official_aether_sfm_c.cc:13097] [aether_sfm] deliver-filter(get_points_tracked): kept 1598/1635 (min_tri_angle=3deg, mirror_ghost=0, isolated_floater=14, killed_union=14)
[pwofficial_gpu_match_dawn] device lost #1 reason=2 rc=8: Device was destroyed.
        1.75 real         0.56 user         0.39 sys
           118751232  maximum resident set size
                   0  average shared memory size
                   0  average unshared data size
                   0  average unshared stack size
               34276  page reclaims
                 508  page faults
                   0  swaps
                   0  block input operations
                   0  block output operations
                   0  messages sent
                   0  messages received
                   0  signals received
                  47  voluntary context switches
               40376  involuntary context switches
          7954932028  instructions retired
          3283934035  cycles elapsed
           302006968  peak memory footprint
