[DawnKernelHarness] limits: invocations/wg=512 wgSizeX=512 storageBufs=10 maxBuffer=1073741824 maxStorageBinding=1073741824 (adapter: 1024 1024 10 4294967295 4294967295)
[pwofficial_gpu_match_dawn] backend=blocked(fma4x4+direct+w64+nopb+f16+keyscan3+ptr+kp,V8) adapter="Apple M3 Pro" subgroups=1 sgmatrix=1 f32_8x8x8=1 f16_f32=1 mixed=0 subgroup=[4,64] packed_dot=1 timestamp=1 limits[storage=32768 invocations=1024 sizeX=1024]
WARNING: Logging before InitGoogleLogging() is written to STDERR
I20260925 14:45:31.911332 0x1fecf6080 database_cache.cc:72] Loading rigs...
I20260925 14:45:31.911362 0x1fecf6080 database_cache.cc:82]  0 in 0.000s
I20260925 14:45:31.911370 0x1fecf6080 database_cache.cc:90] Loading cameras...
I20260925 14:45:31.911384 0x1fecf6080 database_cache.cc:108]  2 in 0.000s
I20260925 14:45:31.911390 0x1fecf6080 database_cache.cc:116] Loading frames...
I20260925 14:45:31.911399 0x1fecf6080 database_cache.cc:126]  0 in 0.000s
I20260925 14:45:31.911404 0x1fecf6080 database_cache.cc:134] Loading matches...
I20260925 14:45:31.911415 0x1fecf6080 database_cache.cc:139]  1 in 0.000s
I20260925 14:45:31.911420 0x1fecf6080 database_cache.cc:147] Loading images...
I20260925 14:45:31.911552 0x1fecf6080 database_cache.cc:236]  2 in 0.000s (loaded all 2)
I20260925 14:45:31.911560 0x1fecf6080 database_cache.cc:255] Loading pose priors...
I20260925 14:45:31.911568 0x1fecf6080 database_cache.cc:263]  0 in 0.000s
I20260925 14:45:31.911573 0x1fecf6080 database_cache.cc:271] Building correspondence graph...
I20260925 14:45:31.911630 0x1fecf6080 database_cache.cc:300]  in 0.000s (ignored 0)
I20260925 14:45:31.997589 0x1fecf6080 official_bundle_adjustment_ceres.cc:1648] [AETHER gravity] injected 3/3 roll/pitch anchors, sigma_rad=0.00872665
[AETHER BA-ORDERING] blocks=494 pts(g0)=485 cams(g1)=3 g1_all_pose=1 proven=1
I20260925 14:45:32.005497 0x1fecf6080 official_bundle_adjustment_ceres.cc:1137] [AETHER] solver_used=DENSE_SCHUR sparse_backend=EIGEN_SPARSE dense_backend=EIGEN mixed=0 threads=1
I20260925 14:45:32.006285 0x1fecf6080 official_bundle_adjustment_ceres.cc:1648] [AETHER gravity] injected 3/3 roll/pitch anchors, sigma_rad=0.00872665
[AETHER BA-ORDERING] blocks=489 pts(g0)=480 cams(g1)=3 g1_all_pose=1 proven=1
I20260925 14:45:32.007968 0x1fecf6080 official_bundle_adjustment_ceres.cc:1137] [AETHER] solver_used=DENSE_SCHUR sparse_backend=EIGEN_SPARSE dense_backend=EIGEN mixed=0 threads=1
I20260925 14:45:32.080339 0x1fecf6080 official_bundle_adjustment_ceres.cc:1648] [AETHER gravity] injected 3/3 roll/pitch anchors, sigma_rad=0.00872665
[AETHER BA-ORDERING] blocks=811 pts(g0)=533 cams(g1)=3 g1_all_pose=1 proven=1
I20260925 14:45:32.089695 0x1fecf6080 official_bundle_adjustment_ceres.cc:1137] [AETHER] solver_used=DENSE_SCHUR sparse_backend=EIGEN_SPARSE dense_backend=EIGEN mixed=0 threads=1
I20260925 14:45:32.090516 0x1fecf6080 official_bundle_adjustment_ceres.cc:1648] [AETHER gravity] injected 3/3 roll/pitch anchors, sigma_rad=0.00872665
I20260925 14:45:32.092120 0x1fecf6080 official_bundle_adjustment_ceres.cc:1137] [AETHER] solver_used=DENSE_SCHUR sparse_backend=EIGEN_SPARSE dense_backend=EIGEN mixed=0 threads=1
I20260925 14:45:32.140400 0x1fecf6080 official_bundle_adjustment_ceres.cc:1648] [AETHER gravity] injected 5/5 roll/pitch anchors, sigma_rad=0.00872665
I20260925 14:45:32.156659 0x1fecf6080 official_bundle_adjustment_ceres.cc:1137] [AETHER] solver_used=DENSE_SCHUR sparse_backend=EIGEN_SPARSE dense_backend=EIGEN mixed=0 threads=1
I20260925 14:45:32.157789 0x1fecf6080 official_bundle_adjustment_ceres.cc:1648] [AETHER gravity] injected 5/5 roll/pitch anchors, sigma_rad=0.00872665
I20260925 14:45:32.162328 0x1fecf6080 official_bundle_adjustment_ceres.cc:1137] [AETHER] solver_used=DENSE_SCHUR sparse_backend=EIGEN_SPARSE dense_backend=EIGEN mixed=0 threads=1
I20260925 14:45:32.207728 0x1fecf6080 official_bundle_adjustment_ceres.cc:1648] [AETHER gravity] injected 6/6 roll/pitch anchors, sigma_rad=0.00872665
I20260925 14:45:32.225765 0x1fecf6080 official_bundle_adjustment_ceres.cc:1137] [AETHER] solver_used=DENSE_SCHUR sparse_backend=EIGEN_SPARSE dense_backend=EIGEN mixed=0 threads=1
I20260925 14:45:32.226916 0x1fecf6080 official_bundle_adjustment_ceres.cc:1648] [AETHER gravity] injected 6/6 roll/pitch anchors, sigma_rad=0.00872665
I20260925 14:45:32.231939 0x1fecf6080 official_bundle_adjustment_ceres.cc:1137] [AETHER] solver_used=DENSE_SCHUR sparse_backend=EIGEN_SPARSE dense_backend=EIGEN mixed=0 threads=1
I20260925 14:45:32.284284 0x1fecf6080 official_bundle_adjustment_ceres.cc:1648] [AETHER gravity] injected 6/6 roll/pitch anchors, sigma_rad=0.00872665
I20260925 14:45:32.298875 0x1fecf6080 official_bundle_adjustment_ceres.cc:1137] [AETHER] solver_used=DENSE_SCHUR sparse_backend=EIGEN_SPARSE dense_backend=EIGEN mixed=0 threads=1
I20260925 14:45:32.299972 0x1fecf6080 official_bundle_adjustment_ceres.cc:1648] [AETHER gravity] injected 6/6 roll/pitch anchors, sigma_rad=0.00872665
I20260925 14:45:32.301947 0x1fecf6080 official_bundle_adjustment_ceres.cc:1137] [AETHER] solver_used=DENSE_SCHUR sparse_backend=EIGEN_SPARSE dense_backend=EIGEN mixed=0 threads=1
I20260925 14:45:32.360840 0x1fecf6080 official_bundle_adjustment_ceres.cc:1648] [AETHER gravity] injected 6/6 roll/pitch anchors, sigma_rad=0.00872665
I20260925 14:45:32.375506 0x1fecf6080 official_bundle_adjustment_ceres.cc:1137] [AETHER] solver_used=DENSE_SCHUR sparse_backend=EIGEN_SPARSE dense_backend=EIGEN mixed=0 threads=1
I20260925 14:45:32.377026 0x1fecf6080 official_bundle_adjustment_ceres.cc:1648] [AETHER gravity] injected 6/6 roll/pitch anchors, sigma_rad=0.00872665
I20260925 14:45:32.380409 0x1fecf6080 official_bundle_adjustment_ceres.cc:1137] [AETHER] solver_used=DENSE_SCHUR sparse_backend=EIGEN_SPARSE dense_backend=EIGEN mixed=0 threads=1
I20260925 14:45:32.436105 0x1fecf6080 official_bundle_adjustment_ceres.cc:1648] [AETHER gravity] injected 6/6 roll/pitch anchors, sigma_rad=0.00872665
I20260925 14:45:32.453907 0x1fecf6080 official_bundle_adjustment_ceres.cc:1137] [AETHER] solver_used=DENSE_SCHUR sparse_backend=EIGEN_SPARSE dense_backend=EIGEN mixed=0 threads=1
I20260925 14:45:32.455282 0x1fecf6080 official_bundle_adjustment_ceres.cc:1648] [AETHER gravity] injected 6/6 roll/pitch anchors, sigma_rad=0.00872665
I20260925 14:45:32.458314 0x1fecf6080 official_bundle_adjustment_ceres.cc:1137] [AETHER] solver_used=DENSE_SCHUR sparse_backend=EIGEN_SPARSE dense_backend=EIGEN mixed=0 threads=1
I20260925 14:45:32.519085 0x1fecf6080 official_bundle_adjustment_ceres.cc:1648] [AETHER gravity] injected 5/5 roll/pitch anchors, sigma_rad=0.00872665
I20260925 14:45:32.529906 0x1fecf6080 official_bundle_adjustment_ceres.cc:1137] [AETHER] solver_used=DENSE_SCHUR sparse_backend=EIGEN_SPARSE dense_backend=EIGEN mixed=0 threads=1
I20260925 14:45:32.530954 0x1fecf6080 official_bundle_adjustment_ceres.cc:1648] [AETHER gravity] injected 5/5 roll/pitch anchors, sigma_rad=0.00872665
I20260925 14:45:32.532983 0x1fecf6080 official_bundle_adjustment_ceres.cc:1137] [AETHER] solver_used=DENSE_SCHUR sparse_backend=EIGEN_SPARSE dense_backend=EIGEN mixed=0 threads=1
I20260925 14:45:32.715840 0x1fecf6080 official_bundle_adjustment_ceres.cc:1648] [AETHER gravity] injected 2/2 roll/pitch anchors, sigma_rad=0.00872665
I20260925 14:45:32.716151 0x1fecf6080 official_bundle_adjustment_ceres.cc:1137] [AETHER] solver_used=DENSE_SCHUR sparse_backend=EIGEN_SPARSE dense_backend=EIGEN mixed=0 threads=1
I20260925 14:45:32.716398 0x1fecf6080 official_bundle_adjustment_ceres.cc:1648] [AETHER gravity] injected 2/2 roll/pitch anchors, sigma_rad=0.00872665
I20260925 14:45:32.716484 0x1fecf6080 official_bundle_adjustment_ceres.cc:1137] [AETHER] solver_used=DENSE_SCHUR sparse_backend=EIGEN_SPARSE dense_backend=EIGEN mixed=0 threads=1
I20260925 14:45:32.848658 0x1fecf6080 official_bundle_adjustment_ceres.cc:1648] [AETHER gravity] injected 4/4 roll/pitch anchors, sigma_rad=0.00872665
I20260925 14:45:32.857713 0x1fecf6080 official_bundle_adjustment_ceres.cc:1137] [AETHER] solver_used=DENSE_SCHUR sparse_backend=EIGEN_SPARSE dense_backend=EIGEN mixed=0 threads=1
I20260925 14:45:32.859019 0x1fecf6080 official_bundle_adjustment_ceres.cc:1648] [AETHER gravity] injected 4/4 roll/pitch anchors, sigma_rad=0.00872665
I20260925 14:45:32.860905 0x1fecf6080 official_bundle_adjustment_ceres.cc:1137] [AETHER] solver_used=DENSE_SCHUR sparse_backend=EIGEN_SPARSE dense_backend=EIGEN mixed=0 threads=1
I20260925 14:45:32.977834 0x1fecf6080 official_bundle_adjustment_ceres.cc:1648] [AETHER gravity] injected 4/4 roll/pitch anchors, sigma_rad=0.00872665
I20260925 14:45:32.983768 0x1fecf6080 official_bundle_adjustment_ceres.cc:1137] [AETHER] solver_used=DENSE_SCHUR sparse_backend=EIGEN_SPARSE dense_backend=EIGEN mixed=0 threads=1
I20260925 14:45:32.984527 0x1fecf6080 official_bundle_adjustment_ceres.cc:1648] [AETHER gravity] injected 4/4 roll/pitch anchors, sigma_rad=0.00872665
I20260925 14:45:32.985821 0x1fecf6080 official_bundle_adjustment_ceres.cc:1137] [AETHER] solver_used=DENSE_SCHUR sparse_backend=EIGEN_SPARSE dense_backend=EIGEN mixed=0 threads=1
I20260925 14:45:33.067382 0x1fecf6080 official_bundle_adjustment_ceres.cc:1648] [AETHER gravity] injected 6/6 roll/pitch anchors, sigma_rad=0.00872665
I20260925 14:45:33.087238 0x1fecf6080 official_bundle_adjustment_ceres.cc:1137] [AETHER] solver_used=DENSE_SCHUR sparse_backend=EIGEN_SPARSE dense_backend=EIGEN mixed=0 threads=1
I20260925 14:45:33.089305 0x1fecf6080 official_bundle_adjustment_ceres.cc:1648] [AETHER gravity] injected 6/6 roll/pitch anchors, sigma_rad=0.00872665
I20260925 14:45:33.093510 0x1fecf6080 official_bundle_adjustment_ceres.cc:1137] [AETHER] solver_used=DENSE_SCHUR sparse_backend=EIGEN_SPARSE dense_backend=EIGEN mixed=0 threads=1
I20260925 14:45:33.127331 0x1fecf6080 official_bundle_adjustment_ceres.cc:1648] [AETHER gravity] injected 3/3 roll/pitch anchors, sigma_rad=0.00872665
I20260925 14:45:33.129636 0x1fecf6080 official_bundle_adjustment_ceres.cc:1137] [AETHER] solver_used=DENSE_SCHUR sparse_backend=EIGEN_SPARSE dense_backend=EIGEN mixed=0 threads=1
I20260925 14:45:33.130430 0x1fecf6080 official_bundle_adjustment_ceres.cc:1648] [AETHER gravity] injected 3/3 roll/pitch anchors, sigma_rad=0.00872665
I20260925 14:45:33.131441 0x1fecf6080 official_bundle_adjustment_ceres.cc:1137] [AETHER] solver_used=DENSE_SCHUR sparse_backend=EIGEN_SPARSE dense_backend=EIGEN mixed=0 threads=1
I20260925 14:45:33.169205 0x1fecf6080 official_bundle_adjustment_ceres.cc:1648] [AETHER gravity] injected 4/4 roll/pitch anchors, sigma_rad=0.00872665
I20260925 14:45:33.177102 0x1fecf6080 official_bundle_adjustment_ceres.cc:1137] [AETHER] solver_used=DENSE_SCHUR sparse_backend=EIGEN_SPARSE dense_backend=EIGEN mixed=0 threads=1
I20260925 14:45:33.178290 0x1fecf6080 official_bundle_adjustment_ceres.cc:1648] [AETHER gravity] injected 4/4 roll/pitch anchors, sigma_rad=0.00872665
I20260925 14:45:33.180387 0x1fecf6080 official_bundle_adjustment_ceres.cc:1137] [AETHER] solver_used=DENSE_SCHUR sparse_backend=EIGEN_SPARSE dense_backend=EIGEN mixed=0 threads=1
I20260925 14:45:33.244257 0x1fecf6080 official_bundle_adjustment_ceres.cc:1648] [AETHER gravity] injected 6/6 roll/pitch anchors, sigma_rad=0.00872665
I20260925 14:45:33.256852 0x1fecf6080 official_bundle_adjustment_ceres.cc:1137] [AETHER] solver_used=DENSE_SCHUR sparse_backend=EIGEN_SPARSE dense_backend=EIGEN mixed=0 threads=1
I20260925 14:45:33.258802 0x1fecf6080 official_bundle_adjustment_ceres.cc:1648] [AETHER gravity] injected 6/6 roll/pitch anchors, sigma_rad=0.00872665
I20260925 14:45:33.261772 0x1fecf6080 official_bundle_adjustment_ceres.cc:1137] [AETHER] solver_used=DENSE_SCHUR sparse_backend=EIGEN_SPARSE dense_backend=EIGEN mixed=0 threads=1
I20260925 14:45:33.321214 0x1fecf6080 official_bundle_adjustment_ceres.cc:1648] [AETHER gravity] injected 3/3 roll/pitch anchors, sigma_rad=0.00872665
I20260925 14:45:33.325039 0x1fecf6080 official_bundle_adjustment_ceres.cc:1137] [AETHER] solver_used=DENSE_SCHUR sparse_backend=EIGEN_SPARSE dense_backend=EIGEN mixed=0 threads=1
I20260925 14:45:33.326257 0x1fecf6080 official_bundle_adjustment_ceres.cc:1648] [AETHER gravity] injected 6/6 roll/pitch anchors, sigma_rad=0.00872665
I20260925 14:45:33.329402 0x1fecf6080 official_bundle_adjustment_ceres.cc:1137] [AETHER] solver_used=DENSE_SCHUR sparse_backend=EIGEN_SPARSE dense_backend=EIGEN mixed=0 threads=1
I20260925 14:45:33.386992 0x1fecf6080 official_bundle_adjustment_ceres.cc:1648] [AETHER gravity] injected 3/3 roll/pitch anchors, sigma_rad=0.00872665
I20260925 14:45:33.391129 0x1fecf6080 official_bundle_adjustment_ceres.cc:1137] [AETHER] solver_used=DENSE_SCHUR sparse_backend=EIGEN_SPARSE dense_backend=EIGEN mixed=0 threads=1
I20260925 14:45:33.391761 0x1fecf6080 official_bundle_adjustment_ceres.cc:1648] [AETHER gravity] injected 3/3 roll/pitch anchors, sigma_rad=0.00872665
I20260925 14:45:33.392435 0x1fecf6080 official_bundle_adjustment_ceres.cc:1137] [AETHER] solver_used=DENSE_SCHUR sparse_backend=EIGEN_SPARSE dense_backend=EIGEN mixed=0 threads=1
I20260925 14:45:33.393478 0x16d2b3000 database_cache.cc:72] Loading rigs...
I20260925 14:45:33.393494 0x16d2b3000 database_cache.cc:82]  0 in 0.000s
I20260925 14:45:33.393501 0x16d2b3000 database_cache.cc:90] Loading cameras...
I20260925 14:45:33.393518 0x16d2b3000 database_cache.cc:108]  20 in 0.000s
I20260925 14:45:33.393523 0x16d2b3000 database_cache.cc:116] Loading frames...
I20260925 14:45:33.393531 0x16d2b3000 database_cache.cc:126]  0 in 0.000s
I20260925 14:45:33.393536 0x16d2b3000 database_cache.cc:134] Loading matches...
I20260925 14:45:33.393588 0x16d2b3000 database_cache.cc:139]  73 in 0.000s
I20260925 14:45:33.393593 0x16d2b3000 database_cache.cc:147] Loading images...
I20260925 14:45:33.394540 0x16d2b3000 database_cache.cc:236]  20 in 0.001s (loaded all 20)
I20260925 14:45:33.394546 0x16d2b3000 database_cache.cc:255] Loading pose priors...
I20260925 14:45:33.394554 0x16d2b3000 database_cache.cc:263]  0 in 0.000s
I20260925 14:45:33.394558 0x16d2b3000 database_cache.cc:271] Building correspondence graph...
I20260925 14:45:33.395225 0x16d2b3000 database_cache.cc:300]  in 0.001s (ignored 0)
I20260925 14:45:33.399472 0x16d2b3000 official_bundle_adjustment_ceres.cc:1648] [AETHER gravity] injected 19/20 roll/pitch anchors, sigma_rad=0.00872665
W20260925 14:45:33.442276 0x16d2b3000 levenberg_marquardt_strategy.cc:123] Linear solver failure. Failed to compute a step: Eigen failure. Unable to perform dense Cholesky factorization.
W20260925 14:45:33.450692 0x16d2b3000 levenberg_marquardt_strategy.cc:123] Linear solver failure. Failed to compute a step: Eigen failure. Unable to perform dense Cholesky factorization.
W20260925 14:45:33.462122 0x16d2b3000 levenberg_marquardt_strategy.cc:123] Linear solver failure. Failed to compute a step: Eigen failure. Unable to perform dense Cholesky factorization.
W20260925 14:45:33.473255 0x16d2b3000 levenberg_marquardt_strategy.cc:123] Linear solver failure. Failed to compute a step: Eigen failure. Unable to perform dense Cholesky factorization.
I20260925 14:45:33.474982 0x16d2b3000 official_bundle_adjustment_ceres.cc:1137] [AETHER] solver_used=DENSE_SCHUR sparse_backend=EIGEN_SPARSE dense_backend=EIGEN mixed=0 threads=6
I20260925 14:45:33.478654 0x16d2b3000 official_bundle_adjustment_ceres.cc:1648] [AETHER gravity] injected 19/20 roll/pitch anchors, sigma_rad=0.00872665
I20260925 14:45:33.528074 0x16d2b3000 official_bundle_adjustment_ceres.cc:1137] [AETHER] solver_used=DENSE_SCHUR sparse_backend=EIGEN_SPARSE dense_backend=EIGEN mixed=0 threads=6
I20260925 14:45:33.531562 0x16d2b3000 official_bundle_adjustment_ceres.cc:1648] [AETHER gravity] injected 19/20 roll/pitch anchors, sigma_rad=0.00872665
W20260925 14:45:33.553865 0x16d33f000 official_aether_sfm_c.cc:6907] [aether_sfm] finalize re-match: starved_frames=6 candidates=73 attempted=73 written=0 inliers=0 failed=0 gpu_fail_capture=0 probe_debt_repaid=0 probe_debt_left=0
I20260925 14:45:33.589446 0x16d2b3000 official_bundle_adjustment_ceres.cc:1137] [AETHER] solver_used=DENSE_SCHUR sparse_backend=EIGEN_SPARSE dense_backend=EIGEN mixed=0 threads=6
I20260925 14:45:33.592828 0x16d2b3000 official_bundle_adjustment_ceres.cc:1648] [AETHER gravity] injected 19/20 roll/pitch anchors, sigma_rad=0.00872665
I20260925 14:45:33.609291 0x16d2b3000 official_bundle_adjustment_ceres.cc:1137] [AETHER] solver_used=DENSE_SCHUR sparse_backend=EIGEN_SPARSE dense_backend=EIGEN mixed=0 threads=6
I20260925 14:45:33.612679 0x16d2b3000 official_bundle_adjustment_ceres.cc:1648] [AETHER gravity] injected 19/20 roll/pitch anchors, sigma_rad=0.00872665
W20260925 14:45:33.624432 0x16d33f000 official_aether_sfm_c.cc:7348] [aether_sfm] official quadratic overlap: overlap=10 candidates=36 written=0 in 70.3783 ms
I20260925 14:45:33.639834 0x16d2b3000 official_bundle_adjustment_ceres.cc:1137] [AETHER] solver_used=DENSE_SCHUR sparse_backend=EIGEN_SPARSE dense_backend=EIGEN mixed=0 threads=6
I20260925 14:45:33.642597 0x16d2b3000 official_incremental_pipeline.cc:323] Loading database
I20260925 14:45:33.642626 0x16d2b3000 database_cache.cc:72] Loading rigs...
I20260925 14:45:33.642635 0x16d2b3000 database_cache.cc:82]  0 in 0.000s
I20260925 14:45:33.642639 0x16d2b3000 database_cache.cc:90] Loading cameras...
I20260925 14:45:33.642652 0x16d2b3000 database_cache.cc:108]  20 in 0.000s
I20260925 14:45:33.642656 0x16d2b3000 database_cache.cc:116] Loading frames...
I20260925 14:45:33.642662 0x16d2b3000 database_cache.cc:126]  0 in 0.000s
I20260925 14:45:33.642666 0x16d2b3000 database_cache.cc:134] Loading matches...
I20260925 14:45:33.642725 0x16d2b3000 database_cache.cc:139]  73 in 0.000s
I20260925 14:45:33.642729 0x16d2b3000 database_cache.cc:147] Loading images...
I20260925 14:45:33.643580 0x16d2b3000 database_cache.cc:236]  20 in 0.001s (loaded all 20)
I20260925 14:45:33.643585 0x16d2b3000 database_cache.cc:255] Loading pose priors...
I20260925 14:45:33.643591 0x16d2b3000 database_cache.cc:263]  0 in 0.000s
I20260925 14:45:33.643595 0x16d2b3000 database_cache.cc:271] Building correspondence graph...
I20260925 14:45:33.644117 0x16d2b3000 database_cache.cc:300]  in 0.001s (ignored 0)
I20260925 14:45:33.644121 0x16d2b3000 timer.cc:90] Elapsed time: 0.000 [minutes]
I20260925 14:45:33.647187 0x16d2b3000 official_bundle_adjustment_ceres.cc:1648] [AETHER gravity] injected 19/20 roll/pitch anchors, sigma_rad=0.00872665
I20260925 14:45:33.659585 0x16d2b3000 official_bundle_adjustment_ceres.cc:1137] [AETHER] solver_used=DENSE_SCHUR sparse_backend=EIGEN_SPARSE dense_backend=EIGEN mixed=0 threads=6
W20260925 14:45:33.661107 0x16d2b3000 official_aether_sfm_c.cc:9530] [frame-loss] before=20 after=20 lost_zero_obs=0 lost_with_obs=0 |
W20260925 14:45:33.661350 0x16d2b3000 official_aether_sfm_c.cc:9614] [aether_sfm] finalize worker: cache_pre=1ms enrich=233ms stage1=246ms (ok, rounds=5) stage2=19ms (rounds<=1) temporal=0ms upgrade=0ms total=267ms
W20260925 14:45:33.661568 0x16d2b3000 official_aether_sfm_c.cc:9643] [aether_sfm] delivered-point provenance: live-created=2436 official-retriangulated=169 live-dropped-by-official-filtering=372 (live model had 2808; capture-time official TriangulateImage added 0 obs)
W20260925 14:45:33.661683 0x16d2b3000 official_aether_sfm_c.cc:8066] [device-align-v1] status=aligned pairs=20 inliers=20 max_error_m=0.111819 scale=1.05597 centre_err_median_m=0.0156595 centre_err_max_m=0.0300399 outliers=0
W20260925 14:45:33.718805 0x1fecf6080 official_aether_sfm_c.cc:13097] [aether_sfm] deliver-filter(get_points_tracked): kept 2495/2605 (min_tri_angle=3deg, mirror_ghost=0, isolated_floater=1, killed_union=1)
[pwofficial_gpu_match_dawn] device lost #1 reason=2 rc=8: Device was destroyed.
        2.01 real         1.14 user         0.60 sys
           131842048  maximum resident set size
                   0  average shared memory size
                   0  average unshared data size
                   0  average unshared stack size
               36144  page reclaims
                  14  page faults
                   0  swaps
                   0  block input operations
                   0  block output operations
                   0  messages sent
                   0  messages received
                   0  signals received
                  23  voluntary context switches
               90492  involuntary context switches
         15993457054  instructions retired
          5809569891  cycles elapsed
           331039416  peak memory footprint
