[expF 21:08:48] migrated win25 from expE cache
[expF 21:08:50] migrated win26 from expE cache
[expF 21:08:51] migrated win28 from expE cache
[93m[WARN ] Dependency `gsplat` is required for rendering 3DGS. Install via: pip install git+https://github.com/nerfstudio-project/gsplat.git@0b4dddf04cb687367602c01196913cde6a743d70[0m
[expF 21:08:54] loading DA3-BASE for 42 windows …
[97m[INFO ] using MLP layer as FFN[0m
Loading weights from local directory
[97m[INFO ] Processed Images Done taking 0.5126688480377197 seconds. Shape:  torch.Size([18, 3, 504, 896])[0m
[97m[INFO ] Using camera conditions provided by the user[0m
oracle_mps_chunked_sdpa query_shape=(18, 12, 2305, 64) key_tokens=2305 estimated_score_buffer_gib=4.28 query_chunk=256
oracle_mps_chunked_sdpa query_shape=(1, 12, 41490, 64) key_tokens=41490 estimated_score_buffer_gib=76.95 query_chunk=256
[97m[INFO ] Model Forward Pass Done. Time: 61.49739122390747 seconds[0m
[97m[INFO ] Conversion to Prediction Done. Time: 0.7703850269317627 seconds[0m
[expF 21:10:01] win00 inferred (1/42) in 65s, umeyama=0.5801, conf_med=10.10
[97m[INFO ] Processed Images Done taking 3.729254961013794 seconds. Shape:  torch.Size([18, 3, 504, 896])[0m
[97m[INFO ] Using camera conditions provided by the user[0m
[97m[INFO ] Model Forward Pass Done. Time: 281.19169783592224 seconds[0m
[97m[INFO ] Conversion to Prediction Done. Time: 0.8027410507202148 seconds[0m
[expF 21:14:49] win01 inferred (2/42) in 289s, umeyama=0.5662, conf_med=4.75
[97m[INFO ] Processed Images Done taking 2.297912120819092 seconds. Shape:  torch.Size([18, 3, 504, 896])[0m
[97m[INFO ] Using camera conditions provided by the user[0m
[97m[INFO ] Model Forward Pass Done. Time: 311.1597728729248 seconds[0m
[97m[INFO ] Conversion to Prediction Done. Time: 0.8090560436248779 seconds[0m
[expF 21:20:06] win02 inferred (3/42) in 317s, umeyama=0.6524, conf_med=3.79
[97m[INFO ] Processed Images Done taking 1.8558132648468018 seconds. Shape:  torch.Size([18, 3, 504, 896])[0m
[97m[INFO ] Using camera conditions provided by the user[0m
[97m[INFO ] Model Forward Pass Done. Time: 293.7364721298218 seconds[0m
[97m[INFO ] Conversion to Prediction Done. Time: 0.9365310668945312 seconds[0m
[expF 21:25:06] win03 inferred (4/42) in 300s, umeyama=0.8484, conf_med=2.95
[97m[INFO ] Processed Images Done taking 2.3772690296173096 seconds. Shape:  torch.Size([18, 3, 504, 896])[0m
[97m[INFO ] Using camera conditions provided by the user[0m
[97m[INFO ] Model Forward Pass Done. Time: 299.0672709941864 seconds[0m
[97m[INFO ] Conversion to Prediction Done. Time: 0.798875093460083 seconds[0m
[expF 21:30:11] win04 inferred (5/42) in 305s, umeyama=0.9081, conf_med=3.21
[97m[INFO ] Processed Images Done taking 2.4640109539031982 seconds. Shape:  torch.Size([18, 3, 504, 896])[0m
[97m[INFO ] Using camera conditions provided by the user[0m
[97m[INFO ] Model Forward Pass Done. Time: 313.0504148006439 seconds[0m
[97m[INFO ] Conversion to Prediction Done. Time: 0.7770001888275146 seconds[0m
[expF 21:35:29] win05 inferred (6/42) in 319s, umeyama=0.9213, conf_med=2.66
[97m[INFO ] Processed Images Done taking 1.851365089416504 seconds. Shape:  torch.Size([18, 3, 504, 896])[0m
[97m[INFO ] Using camera conditions provided by the user[0m
[97m[INFO ] Model Forward Pass Done. Time: 322.09376406669617 seconds[0m
[97m[INFO ] Conversion to Prediction Done. Time: 0.9257330894470215 seconds[0m
[expF 21:40:57] win06 inferred (7/42) in 328s, umeyama=0.9432, conf_med=1.75
*** Aborted at 1781271866 (unix time) try "date -d @1781271866" if you are using GNU date ***
PC: @                0x0 (unknown)
*** SIGTERM (@0x18db0a4f8) received by PID 1994 (TID 0x1fa516080) stack trace: ***
    @        0x18da644e4 (unknown)
    @        0x11fcc13f8 (unknown)
    @        0x18db53744 (unknown)
    @        0x18db4a0dc (unknown)
    @        0x199e6023c (unknown)
    @        0x12a17b070 (unknown)
    @        0x12a17b6cc (unknown)
    @        0x12a17bc64 (unknown)
    @        0x18d9a6ac4 (unknown)
    @        0x18d99c940 (unknown)
    @        0x12a17b564 (unknown)
    @        0x12a17b7bc (unknown)
    @        0x12a1c2af0 (unknown)
    @        0x12a26ed14 (unknown)
    @        0x1265a3bd4 (unknown)
    @        0x125c94aa0 (unknown)
    @        0x1263c5aec (unknown)
    @        0x127636be0 (unknown)
    @        0x114ecdc04 (unknown)
    @        0x114e260b4 (unknown)
    @        0x1051377ec (unknown)
    @        0x105197e74 (unknown)
    @        0x105196618 (unknown)
    @        0x105110c98 (unknown)
    @        0x105155518 (unknown)
    @        0x10518c7b4 (unknown)
    @        0x10512a620 (unknown)
    @        0x1052056f8 (unknown)
    @        0x10520c68c (unknown)
    @        0x10512db5c (unknown)
    @        0x105202c3c (unknown)
    @        0x10520c68c (unknown)
/opt/homebrew/Cellar/python@3.11/3.11.15/Frameworks/Python.framework/Versions/3.11/lib/python3.11/multiprocessing/resource_tracker.py:254: UserWarning: resource_tracker: There appear to be 1 leaked semaphore objects to clean up at shutdown
  warnings.warn('resource_tracker: There appear to be %d '
