[DawnKernelHarness] limits: invocations/wg=512 wgSizeX=512 storageBufs=10 maxBuffer=1073741824 maxStorageBinding=1073741824 (adapter: 1024 1024 10 4294967295 4294967295)
[pwofficial_gpu_match_dawn] backend=blocked(fma4x4+direct+w64+nopb+f16+keyscan3+ptr+kp,V8) adapter="Apple M3 Pro" subgroups=1 sgmatrix=1 f32_8x8x8=1 f16_f32=1 mixed=0 subgroup=[4,64] packed_dot=1 timestamp=1 limits[storage=32768 invocations=1024 sizeX=1024]
WARNING: Logging before InitGoogleLogging() is written to STDERR
I20260925 13:46:14.656494 0x1fecf6080 database_cache.cc:72] Loading rigs...
I20260925 13:46:14.656518 0x1fecf6080 database_cache.cc:82]  0 in 0.000s
I20260925 13:46:14.656526 0x1fecf6080 database_cache.cc:90] Loading cameras...
I20260925 13:46:14.656542 0x1fecf6080 database_cache.cc:108]  2 in 0.000s
I20260925 13:46:14.656548 0x1fecf6080 database_cache.cc:116] Loading frames...
I20260925 13:46:14.656557 0x1fecf6080 database_cache.cc:126]  0 in 0.000s
I20260925 13:46:14.656563 0x1fecf6080 database_cache.cc:134] Loading matches...
I20260925 13:46:14.656572 0x1fecf6080 database_cache.cc:139]  1 in 0.000s
I20260925 13:46:14.656577 0x1fecf6080 database_cache.cc:147] Loading images...
I20260925 13:46:14.656668 0x1fecf6080 database_cache.cc:236]  2 in 0.000s (loaded all 2)
I20260925 13:46:14.656675 0x1fecf6080 database_cache.cc:255] Loading pose priors...
I20260925 13:46:14.656683 0x1fecf6080 database_cache.cc:263]  0 in 0.000s
I20260925 13:46:14.656688 0x1fecf6080 database_cache.cc:271] Building correspondence graph...
I20260925 13:46:14.656716 0x1fecf6080 database_cache.cc:300]  in 0.000s (ignored 0)
I20260925 13:46:14.709988 0x1fecf6080 official_bundle_adjustment_ceres.cc:1648] [AETHER gravity] injected 3/3 roll/pitch anchors, sigma_rad=0.00872665
[AETHER BA-ORDERING] blocks=166 pts(g0)=157 cams(g1)=3 g1_all_pose=1 proven=1
I20260925 13:46:14.712476 0x1fecf6080 official_bundle_adjustment_ceres.cc:1137] [AETHER] solver_used=DENSE_SCHUR sparse_backend=EIGEN_SPARSE dense_backend=EIGEN mixed=0 threads=1
I20260925 13:46:14.712749 0x1fecf6080 official_bundle_adjustment_ceres.cc:1648] [AETHER gravity] injected 3/3 roll/pitch anchors, sigma_rad=0.00872665
[AETHER BA-ORDERING] blocks=162 pts(g0)=153 cams(g1)=3 g1_all_pose=1 proven=1
I20260925 13:46:14.713169 0x1fecf6080 official_bundle_adjustment_ceres.cc:1137] [AETHER] solver_used=DENSE_SCHUR sparse_backend=EIGEN_SPARSE dense_backend=EIGEN mixed=0 threads=1
I20260925 13:46:14.785444 0x1fecf6080 official_bundle_adjustment_ceres.cc:1648] [AETHER gravity] injected 4/4 roll/pitch anchors, sigma_rad=0.00872665
[AETHER BA-ORDERING] blocks=220 pts(g0)=209 cams(g1)=4 g1_all_pose=1 proven=1
I20260925 13:46:14.789568 0x1fecf6080 official_bundle_adjustment_ceres.cc:1137] [AETHER] solver_used=DENSE_SCHUR sparse_backend=EIGEN_SPARSE dense_backend=EIGEN mixed=0 threads=1
I20260925 13:46:14.789987 0x1fecf6080 official_bundle_adjustment_ceres.cc:1648] [AETHER gravity] injected 4/4 roll/pitch anchors, sigma_rad=0.00872665
I20260925 13:46:14.791017 0x1fecf6080 official_bundle_adjustment_ceres.cc:1137] [AETHER] solver_used=DENSE_SCHUR sparse_backend=EIGEN_SPARSE dense_backend=EIGEN mixed=0 threads=1
I20260925 13:46:14.846144 0x1fecf6080 official_bundle_adjustment_ceres.cc:1648] [AETHER gravity] injected 4/4 roll/pitch anchors, sigma_rad=0.00872665
I20260925 13:46:14.847544 0x1fecf6080 official_bundle_adjustment_ceres.cc:1137] [AETHER] solver_used=DENSE_SCHUR sparse_backend=EIGEN_SPARSE dense_backend=EIGEN mixed=0 threads=1
I20260925 13:46:14.848095 0x1fecf6080 official_bundle_adjustment_ceres.cc:1648] [AETHER gravity] injected 4/4 roll/pitch anchors, sigma_rad=0.00872665
I20260925 13:46:14.849018 0x1fecf6080 official_bundle_adjustment_ceres.cc:1137] [AETHER] solver_used=DENSE_SCHUR sparse_backend=EIGEN_SPARSE dense_backend=EIGEN mixed=0 threads=1
I20260925 13:46:14.900672 0x1fecf6080 official_bundle_adjustment_ceres.cc:1648] [AETHER gravity] injected 3/3 roll/pitch anchors, sigma_rad=0.00872665
I20260925 13:46:14.902084 0x1fecf6080 official_bundle_adjustment_ceres.cc:1137] [AETHER] solver_used=DENSE_SCHUR sparse_backend=EIGEN_SPARSE dense_backend=EIGEN mixed=0 threads=1
I20260925 13:46:14.902491 0x1fecf6080 official_bundle_adjustment_ceres.cc:1648] [AETHER gravity] injected 3/3 roll/pitch anchors, sigma_rad=0.00872665
I20260925 13:46:14.903319 0x1fecf6080 official_bundle_adjustment_ceres.cc:1137] [AETHER] solver_used=DENSE_SCHUR sparse_backend=EIGEN_SPARSE dense_backend=EIGEN mixed=0 threads=1
I20260925 13:46:14.939073 0x1fecf6080 official_bundle_adjustment_ceres.cc:1648] [AETHER gravity] injected 3/3 roll/pitch anchors, sigma_rad=0.00872665
I20260925 13:46:14.939950 0x1fecf6080 official_bundle_adjustment_ceres.cc:1137] [AETHER] solver_used=DENSE_SCHUR sparse_backend=EIGEN_SPARSE dense_backend=EIGEN mixed=0 threads=1
I20260925 13:46:14.940509 0x1fecf6080 official_bundle_adjustment_ceres.cc:1648] [AETHER gravity] injected 4/4 roll/pitch anchors, sigma_rad=0.00872665
I20260925 13:46:14.941685 0x1fecf6080 official_bundle_adjustment_ceres.cc:1137] [AETHER] solver_used=DENSE_SCHUR sparse_backend=EIGEN_SPARSE dense_backend=EIGEN mixed=0 threads=1
I20260925 13:46:15.006799 0x1fecf6080 official_bundle_adjustment_ceres.cc:1648] [AETHER gravity] injected 2/2 roll/pitch anchors, sigma_rad=0.00872665
I20260925 13:46:15.006914 0x1fecf6080 official_bundle_adjustment_ceres.cc:1137] [AETHER] solver_used=DENSE_SCHUR sparse_backend=EIGEN_SPARSE dense_backend=EIGEN mixed=0 threads=1
I20260925 13:46:15.044918 0x1fecf6080 official_bundle_adjustment_ceres.cc:1648] [AETHER gravity] injected 2/2 roll/pitch anchors, sigma_rad=0.00872665
I20260925 13:46:15.045557 0x1fecf6080 official_bundle_adjustment_ceres.cc:1137] [AETHER] solver_used=DENSE_SCHUR sparse_backend=EIGEN_SPARSE dense_backend=EIGEN mixed=0 threads=1
I20260925 13:46:15.045699 0x1fecf6080 official_bundle_adjustment_ceres.cc:1648] [AETHER gravity] injected 2/2 roll/pitch anchors, sigma_rad=0.00872665
I20260925 13:46:15.045906 0x1fecf6080 official_bundle_adjustment_ceres.cc:1137] [AETHER] solver_used=DENSE_SCHUR sparse_backend=EIGEN_SPARSE dense_backend=EIGEN mixed=0 threads=1
I20260925 13:46:15.115577 0x1fecf6080 official_bundle_adjustment_ceres.cc:1648] [AETHER gravity] injected 4/4 roll/pitch anchors, sigma_rad=0.00872665
I20260925 13:46:15.119547 0x1fecf6080 official_bundle_adjustment_ceres.cc:1137] [AETHER] solver_used=DENSE_SCHUR sparse_backend=EIGEN_SPARSE dense_backend=EIGEN mixed=0 threads=1
I20260925 13:46:15.120023 0x1fecf6080 official_bundle_adjustment_ceres.cc:1648] [AETHER gravity] injected 4/4 roll/pitch anchors, sigma_rad=0.00872665
I20260925 13:46:15.121096 0x1fecf6080 official_bundle_adjustment_ceres.cc:1137] [AETHER] solver_used=DENSE_SCHUR sparse_backend=EIGEN_SPARSE dense_backend=EIGEN mixed=0 threads=1
I20260925 13:46:15.198290 0x1fecf6080 official_bundle_adjustment_ceres.cc:1648] [AETHER gravity] injected 3/3 roll/pitch anchors, sigma_rad=0.00872665
I20260925 13:46:15.199074 0x1fecf6080 official_bundle_adjustment_ceres.cc:1137] [AETHER] solver_used=DENSE_SCHUR sparse_backend=EIGEN_SPARSE dense_backend=EIGEN mixed=0 threads=1
I20260925 13:46:15.199430 0x1fecf6080 official_bundle_adjustment_ceres.cc:1648] [AETHER gravity] injected 3/3 roll/pitch anchors, sigma_rad=0.00872665
I20260925 13:46:15.199784 0x1fecf6080 official_bundle_adjustment_ceres.cc:1137] [AETHER] solver_used=DENSE_SCHUR sparse_backend=EIGEN_SPARSE dense_backend=EIGEN mixed=0 threads=1
I20260925 13:46:15.281736 0x1fecf6080 official_bundle_adjustment_ceres.cc:1648] [AETHER gravity] injected 2/2 roll/pitch anchors, sigma_rad=0.00872665
I20260925 13:46:15.286513 0x1fecf6080 official_bundle_adjustment_ceres.cc:1137] [AETHER] solver_used=DENSE_SCHUR sparse_backend=EIGEN_SPARSE dense_backend=EIGEN mixed=0 threads=1
I20260925 13:46:15.286953 0x1fecf6080 official_bundle_adjustment_ceres.cc:1648] [AETHER gravity] injected 2/2 roll/pitch anchors, sigma_rad=0.00872665
I20260925 13:46:15.288265 0x1fecf6080 official_bundle_adjustment_ceres.cc:1137] [AETHER] solver_used=DENSE_SCHUR sparse_backend=EIGEN_SPARSE dense_backend=EIGEN mixed=0 threads=1
I20260925 13:46:15.337872 0x1fecf6080 official_bundle_adjustment_ceres.cc:1648] [AETHER gravity] injected 2/2 roll/pitch anchors, sigma_rad=0.00872665
I20260925 13:46:15.339329 0x1fecf6080 official_bundle_adjustment_ceres.cc:1137] [AETHER] solver_used=DENSE_SCHUR sparse_backend=EIGEN_SPARSE dense_backend=EIGEN mixed=0 threads=1
I20260925 13:46:15.339734 0x1fecf6080 official_bundle_adjustment_ceres.cc:1648] [AETHER gravity] injected 2/2 roll/pitch anchors, sigma_rad=0.00872665
I20260925 13:46:15.340294 0x1fecf6080 official_bundle_adjustment_ceres.cc:1137] [AETHER] solver_used=DENSE_SCHUR sparse_backend=EIGEN_SPARSE dense_backend=EIGEN mixed=0 threads=1
I20260925 13:46:15.426205 0x1fecf6080 official_bundle_adjustment_ceres.cc:1648] [AETHER gravity] injected 5/5 roll/pitch anchors, sigma_rad=0.00872665
I20260925 13:46:15.439234 0x1fecf6080 official_bundle_adjustment_ceres.cc:1137] [AETHER] solver_used=DENSE_SCHUR sparse_backend=EIGEN_SPARSE dense_backend=EIGEN mixed=0 threads=1
I20260925 13:46:15.441251 0x1fecf6080 official_bundle_adjustment_ceres.cc:1648] [AETHER gravity] injected 6/6 roll/pitch anchors, sigma_rad=0.00872665
I20260925 13:46:15.444297 0x1fecf6080 official_bundle_adjustment_ceres.cc:1137] [AETHER] solver_used=DENSE_SCHUR sparse_backend=EIGEN_SPARSE dense_backend=EIGEN mixed=0 threads=1
I20260925 13:46:15.534111 0x1fecf6080 official_bundle_adjustment_ceres.cc:1648] [AETHER gravity] injected 2/2 roll/pitch anchors, sigma_rad=0.00872665
I20260925 13:46:15.534686 0x1fecf6080 official_bundle_adjustment_ceres.cc:1137] [AETHER] solver_used=DENSE_SCHUR sparse_backend=EIGEN_SPARSE dense_backend=EIGEN mixed=0 threads=1
I20260925 13:46:15.535232 0x1fecf6080 official_bundle_adjustment_ceres.cc:1648] [AETHER gravity] injected 4/4 roll/pitch anchors, sigma_rad=0.00872665
I20260925 13:46:15.536290 0x1fecf6080 official_bundle_adjustment_ceres.cc:1137] [AETHER] solver_used=DENSE_SCHUR sparse_backend=EIGEN_SPARSE dense_backend=EIGEN mixed=0 threads=1
I20260925 13:46:15.595662 0x1fecf6080 official_bundle_adjustment_ceres.cc:1648] [AETHER gravity] injected 2/2 roll/pitch anchors, sigma_rad=0.00872665
I20260925 13:46:15.596188 0x1fecf6080 official_bundle_adjustment_ceres.cc:1137] [AETHER] solver_used=DENSE_SCHUR sparse_backend=EIGEN_SPARSE dense_backend=EIGEN mixed=0 threads=1
I20260925 13:46:15.596414 0x1fecf6080 official_bundle_adjustment_ceres.cc:1648] [AETHER gravity] injected 2/2 roll/pitch anchors, sigma_rad=0.00872665
I20260925 13:46:15.596540 0x1fecf6080 official_bundle_adjustment_ceres.cc:1137] [AETHER] solver_used=DENSE_SCHUR sparse_backend=EIGEN_SPARSE dense_backend=EIGEN mixed=0 threads=1
I20260925 13:46:15.627628 0x1fecf6080 official_bundle_adjustment_ceres.cc:1648] [AETHER gravity] injected 3/3 roll/pitch anchors, sigma_rad=0.00872665
I20260925 13:46:15.629253 0x1fecf6080 official_bundle_adjustment_ceres.cc:1137] [AETHER] solver_used=DENSE_SCHUR sparse_backend=EIGEN_SPARSE dense_backend=EIGEN mixed=0 threads=1
I20260925 13:46:15.629675 0x1fecf6080 official_bundle_adjustment_ceres.cc:1648] [AETHER gravity] injected 3/3 roll/pitch anchors, sigma_rad=0.00872665
I20260925 13:46:15.630370 0x1fecf6080 official_bundle_adjustment_ceres.cc:1137] [AETHER] solver_used=DENSE_SCHUR sparse_backend=EIGEN_SPARSE dense_backend=EIGEN mixed=0 threads=1
I20260925 13:46:15.662881 0x1fecf6080 official_bundle_adjustment_ceres.cc:1648] [AETHER gravity] injected 4/4 roll/pitch anchors, sigma_rad=0.00872665
I20260925 13:46:15.664409 0x1fecf6080 official_bundle_adjustment_ceres.cc:1137] [AETHER] solver_used=DENSE_SCHUR sparse_backend=EIGEN_SPARSE dense_backend=EIGEN mixed=0 threads=1
I20260925 13:46:15.664930 0x1fecf6080 official_bundle_adjustment_ceres.cc:1648] [AETHER gravity] injected 4/4 roll/pitch anchors, sigma_rad=0.00872665
I20260925 13:46:15.665793 0x1fecf6080 official_bundle_adjustment_ceres.cc:1137] [AETHER] solver_used=DENSE_SCHUR sparse_backend=EIGEN_SPARSE dense_backend=EIGEN mixed=0 threads=1
I20260925 13:46:15.666519 0x16f433000 database_cache.cc:72] Loading rigs...
I20260925 13:46:15.666528 0x16f433000 database_cache.cc:82]  0 in 0.000s
I20260925 13:46:15.666532 0x16f433000 database_cache.cc:90] Loading cameras...
I20260925 13:46:15.666548 0x16f433000 database_cache.cc:108]  19 in 0.000s
I20260925 13:46:15.666552 0x16f433000 database_cache.cc:116] Loading frames...
I20260925 13:46:15.666559 0x16f433000 database_cache.cc:126]  0 in 0.000s
I20260925 13:46:15.666562 0x16f433000 database_cache.cc:134] Loading matches...
I20260925 13:46:15.666589 0x16f433000 database_cache.cc:139]  44 in 0.000s
I20260925 13:46:15.666593 0x16f433000 database_cache.cc:147] Loading images...
I20260925 13:46:15.667339 0x16f433000 database_cache.cc:236]  19 in 0.001s (loaded all 19)
I20260925 13:46:15.667344 0x16f433000 database_cache.cc:255] Loading pose priors...
I20260925 13:46:15.667351 0x16f433000 database_cache.cc:263]  0 in 0.000s
I20260925 13:46:15.667355 0x16f433000 database_cache.cc:271] Building correspondence graph...
I20260925 13:46:15.667716 0x16f433000 database_cache.cc:300]  in 0.000s (ignored 0)
I20260925 13:46:15.670344 0x16f433000 official_bundle_adjustment_ceres.cc:1648] [AETHER gravity] injected 18/19 roll/pitch anchors, sigma_rad=0.00872665
W20260925 13:46:15.693975 0x16f433000 levenberg_marquardt_strategy.cc:123] Linear solver failure. Failed to compute a step: Eigen failure. Unable to perform dense Cholesky factorization.
I20260925 13:46:15.716831 0x16f433000 official_bundle_adjustment_ceres.cc:1137] [AETHER] solver_used=DENSE_SCHUR sparse_backend=EIGEN_SPARSE dense_backend=EIGEN mixed=0 threads=6
I20260925 13:46:15.719158 0x16f433000 official_bundle_adjustment_ceres.cc:1648] [AETHER gravity] injected 18/19 roll/pitch anchors, sigma_rad=0.00872665
I20260925 13:46:15.758622 0x16f433000 official_bundle_adjustment_ceres.cc:1137] [AETHER] solver_used=DENSE_SCHUR sparse_backend=EIGEN_SPARSE dense_backend=EIGEN mixed=0 threads=6
I20260925 13:46:15.760609 0x16f433000 official_bundle_adjustment_ceres.cc:1648] [AETHER gravity] injected 18/19 roll/pitch anchors, sigma_rad=0.00872665
I20260925 13:46:15.790295 0x16f433000 official_bundle_adjustment_ceres.cc:1137] [AETHER] solver_used=DENSE_SCHUR sparse_backend=EIGEN_SPARSE dense_backend=EIGEN mixed=0 threads=6
I20260925 13:46:15.792432 0x16f433000 official_bundle_adjustment_ceres.cc:1648] [AETHER gravity] injected 18/19 roll/pitch anchors, sigma_rad=0.00872665
I20260925 13:46:15.811545 0x16f433000 official_bundle_adjustment_ceres.cc:1137] [AETHER] solver_used=DENSE_SCHUR sparse_backend=EIGEN_SPARSE dense_backend=EIGEN mixed=0 threads=6
I20260925 13:46:15.813628 0x16f433000 official_bundle_adjustment_ceres.cc:1648] [AETHER gravity] injected 18/19 roll/pitch anchors, sigma_rad=0.00872665
I20260925 13:46:15.829300 0x16f433000 official_bundle_adjustment_ceres.cc:1137] [AETHER] solver_used=DENSE_SCHUR sparse_backend=EIGEN_SPARSE dense_backend=EIGEN mixed=0 threads=6
W20260925 13:46:15.883020 0x16f4bf000 official_aether_sfm_c.cc:6907] [aether_sfm] finalize re-match: starved_frames=10 candidates=101 attempted=101 written=0 inliers=0 failed=0 gpu_fail_capture=0 probe_debt_repaid=0 probe_debt_left=0
W20260925 13:46:15.951429 0x16f4bf000 official_aether_sfm_c.cc:7348] [aether_sfm] official quadratic overlap: overlap=10 candidates=38 written=0 in 68.3216 ms
I20260925 13:46:15.957472 0x16f433000 official_incremental_pipeline.cc:323] Loading database
I20260925 13:46:15.957509 0x16f433000 database_cache.cc:72] Loading rigs...
I20260925 13:46:15.957524 0x16f433000 database_cache.cc:82]  0 in 0.000s
I20260925 13:46:15.957531 0x16f433000 database_cache.cc:90] Loading cameras...
I20260925 13:46:15.957549 0x16f433000 database_cache.cc:108]  19 in 0.000s
I20260925 13:46:15.957554 0x16f433000 database_cache.cc:116] Loading frames...
I20260925 13:46:15.957563 0x16f433000 database_cache.cc:126]  0 in 0.000s
I20260925 13:46:15.957569 0x16f433000 database_cache.cc:134] Loading matches...
I20260925 13:46:15.957636 0x16f433000 database_cache.cc:139]  44 in 0.000s
I20260925 13:46:15.957641 0x16f433000 database_cache.cc:147] Loading images...
I20260925 13:46:15.958801 0x16f433000 database_cache.cc:236]  19 in 0.001s (loaded all 19)
I20260925 13:46:15.958807 0x16f433000 database_cache.cc:255] Loading pose priors...
I20260925 13:46:15.958831 0x16f433000 database_cache.cc:263]  0 in 0.000s
I20260925 13:46:15.958836 0x16f433000 database_cache.cc:271] Building correspondence graph...
I20260925 13:46:15.959280 0x16f433000 database_cache.cc:300]  in 0.000s (ignored 0)
I20260925 13:46:15.959286 0x16f433000 timer.cc:90] Elapsed time: 0.000 [minutes]
I20260925 13:46:15.962098 0x16f433000 official_bundle_adjustment_ceres.cc:1648] [AETHER gravity] injected 18/19 roll/pitch anchors, sigma_rad=0.00872665
I20260925 13:46:15.997122 0x16f433000 official_bundle_adjustment_ceres.cc:1137] [AETHER] solver_used=DENSE_SCHUR sparse_backend=EIGEN_SPARSE dense_backend=EIGEN mixed=0 threads=6
W20260925 13:46:15.998083 0x16f433000 official_aether_sfm_c.cc:9530] [frame-loss] before=19 after=19 lost_zero_obs=0 lost_with_obs=0 |
W20260925 13:46:15.998213 0x16f433000 official_aether_sfm_c.cc:9614] [aether_sfm] finalize worker: cache_pre=1ms enrich=285ms stage1=162ms (ok, rounds=5) stage2=44ms (rounds<=1) temporal=0ms upgrade=0ms total=331ms
W20260925 13:46:15.998400 0x16f433000 official_aether_sfm_c.cc:9643] [aether_sfm] delivered-point provenance: live-created=1425 official-retriangulated=291 live-dropped-by-official-filtering=92 (live model had 1517; capture-time official TriangulateImage added 0 obs)
W20260925 13:46:15.998500 0x16f433000 official_aether_sfm_c.cc:8066] [device-align-v1] status=aligned pairs=19 inliers=19 max_error_m=0.111819 scale=1.01224 centre_err_median_m=0.0360554 centre_err_max_m=0.0566137 outliers=0
W20260925 13:46:16.090563 0x1fecf6080 official_aether_sfm_c.cc:13097] [aether_sfm] deliver-filter(get_points_tracked): kept 1665/1716 (min_tri_angle=3deg, mirror_ghost=0, isolated_floater=0, killed_union=0)
[pwofficial_gpu_match_dawn] device lost #1 reason=2 rc=8: Device was destroyed.
        1.62 real         0.73 user         0.46 sys
           121815040  maximum resident set size
                   0  average shared memory size
                   0  average unshared data size
                   0  average unshared stack size
               33991  page reclaims
                  14  page faults
                   0  swaps
                   0  block input operations
                   0  block output operations
                   0  messages sent
                   0  messages received
                   0  signals received
                  22  voluntary context switches
               68458  involuntary context switches
         10284336580  instructions retired
          3885118944  cycles elapsed
           307954336  peak memory footprint
