检测到 12 个平面 (n=37022006, n_min=370220)

#    法向 (单位向量)                    偏移 d(m)    inliers   
1    [ 0.838  0.110  0.534]          -3.575    12704754
2    [-0.443  0.680  0.584]          -4.315     1135479
3    [-0.103  0.683  0.723]          -3.888     1157805
4    [-0.452  0.688  0.568]          -4.747      870690
5    [-0.118  0.688  0.716]          -3.854      691350
6    [-0.045  0.645  0.763]          -3.945      681846
7    [-0.066  0.684  0.727]          -3.820      582660
8    [-0.075  0.659  0.749]          -3.923      460493
9    [ 0.837  0.114  0.535]          -3.602      612751
10   [ 0.409  0.475  0.779]          -2.943      416789
11   [-0.462  0.680  0.570]          -4.743      761457
12   [ 0.046  0.696  0.717]          -3.644      381737

=== 平行面对 (法向夹角 < 5 度) ===
  平面01 与 平面09  夹角 0.28 度  【面间距 0.027 m】  inliers 12704754 / 612751
  平面02 与 平面04  夹角 1.13 度  【面间距 0.432 m】  inliers 1135479 / 870690
  平面02 与 平面11  夹角 1.38 度  【面间距 0.428 m】  inliers 1135479 / 761457
  平面03 与 平面05  夹角 0.98 度  【面间距 0.035 m】  inliers 1157805 / 691350
  平面03 与 平面06  夹角 4.59 度  【面间距 0.057 m】  inliers 1157805 / 681846
  平面03 与 平面07  夹角 2.15 度  【面间距 0.068 m】  inliers 1157805 / 582660
  平面03 与 平面08  夹角 2.57 度  【面间距 0.035 m】  inliers 1157805 / 460493
  平面04 与 平面11  夹角 0.78 度  【面间距 0.004 m】  inliers 870690 / 761457
  平面05 与 平面07  夹角 3.05 度  【面间距 0.033 m】  inliers 691350 / 582660
  平面05 与 平面08  夹角 3.51 度  【面间距 0.070 m】  inliers 691350 / 460493
  平面06 与 平面07  夹角 3.26 度  【面间距 0.125 m】  inliers 681846 / 582660
  平面06 与 平面08  夹角 2.08 度  【面间距 0.022 m】  inliers 681846 / 460493
  平面07 与 平面08  夹角 1.98 度  【面间距 0.103 m】  inliers 582660 / 460493
平行面对数: 13

判据: d_max = 0.01 m。面间距 >> 0.01 m 的平行面对 = 同一物理平面的多层被拆成了独立平面。
