Using Python 3.11.16 environment at: /root/ig_venv
Resolved 60 packages in 2.29s
   Building infinigen @ file:///root/infinigen_probe
Downloading numba (3.6MiB)
Downloading networkx (2.0MiB)
Downloading pywavelets (4.3MiB)
Downloading llvmlite (57.1MiB)
Downloading pyglet (1.1MiB)
Downloading shapely (2.4MiB)
Downloading bpy (495.3MiB)
Downloading coacd (2.5MiB)
Downloading scikit-learn (10.4MiB)
 Downloaded pyglet
      Built infinigen @ file:///root/infinigen_probe
 Downloaded networkx
 Downloaded shapely
 Downloaded coacd
 Downloaded numba
 Downloaded pywavelets
 Downloaded scikit-learn
   Building scikit-image==0.19.3
 Downloaded llvmlite
 Downloaded bpy
      Built scikit-image==0.19.3
Prepared 20 packages in 3m 47s
Uninstalled 2 packages in 70ms
Installed 20 packages in 93ms
 ~ bpy==4.2.0
 + cloudpickle==3.1.2
 + coacd==1.0.14
 + einops==0.8.2
 + geomdl==5.4.0
 + gin-config==0.5.0
 ~ infinigen==2.0.0a2 (from file:///root/infinigen_probe)
 + joblib==1.6.0
 + llvmlite==0.49.0
 + networkx==3.6.1
 + numba==0.67.0
 + psutil==7.2.2
 + pyglet==1.5.31
 + pywavelets==1.9.0
 + scikit-image==0.19.3
 + scikit-learn==1.3.2
 + shapely==2.0.5
 + submitit==1.5.4
 + threadpoolctl==3.6.0
 + tifffile==2026.3.3
