xFormers not available
xFormers not available
argv: ['--dataset=general_eval_vit', '--batch_size=1', '--testpath=/root/mono_data', '--testlist=lists/ours/test.txt', '--loadckpt', 'checkpoints/indoor_v3/finalmodel_0.ckpt', '--outdir', '/root/MonoMVSNet/outputs/ep0', '--thres_view', '2', '--ndepths', '8,8,4,4', '--depth_inter_r', '0.5,0.5,0.5,0.5', '--conf', '0.6', '--group_cor', '--attn_temp', '2', '--inverse_depth', '--num_view', '21', '--num_worker', '2']
################################  args  ################################
model     	mvsnet                        	<class 'str'>       
dataset   	general_eval_vit              	<class 'str'>       
testpath  	/root/mono_data               	<class 'str'>       
testlist  	lists/ours/test.txt           	<class 'str'>       
batch_size	1                             	<class 'int'>       
loadckpt  	checkpoints/indoor_v3/finalmodel_0.ckpt	<class 'str'>       
outdir    	/root/MonoMVSNet/outputs/ep0  	<class 'str'>       
share_cr  	False                         	<class 'bool'>      
ndepths   	8,8,4,4                       	<class 'str'>       
depth_inter_r	0.5,0.5,0.5,0.5               	<class 'str'>       
interval_scale	1.06                          	<class 'float'>     
num_view  	21                            	<class 'int'>       
max_h     	864                           	<class 'int'>       
max_w     	1152                          	<class 'int'>       
fix_res   	False                         	<class 'bool'>      
num_worker	2                             	<class 'int'>       
save_freq 	20                            	<class 'int'>       
conf      	0.6                           	<class 'float'>     
thres_view	2                             	<class 'int'>       
fpn_base_channel	8                             	<class 'int'>       
reg_channel	8                             	<class 'int'>       
reg_mode  	reg2d                         	<class 'str'>       
dlossw    	1,1,1,1                       	<class 'str'>       
resume    	False                         	<class 'bool'>      
group_cor 	True                          	<class 'bool'>      
group_cor_dim	8,8,4,4                       	<class 'str'>       
inverse_depth	True                          	<class 'bool'>      
agg_type  	ConvBnReLU3D                  	<class 'str'>       
dcn       	False                         	<class 'bool'>      
arch_mode 	fpn                           	<class 'str'>       
rt        	False                         	<class 'bool'>      
use_raw_train	False                         	<class 'bool'>      
split     	intermediate                  	<class 'str'>       
attn_temp 	2.0                           	<class 'float'>     
mono_sampling	True                          	<class 'bool'>      
edge_guide	True                          	<class 'bool'>      
attention 	True                          	<class 'bool'>      
########################################################################
***********Interval_Scale**********
 1.06
10< num_views:21
10< num_views:21
10< num_views:21
10< num_views:21
10< num_views:21
10< num_views:21
10< num_views:21
10< num_views:21
10< num_views:21
10< num_views:21
10< num_views:21
10< num_views:21
10< num_views:21
10< num_views:21
10< num_views:21
10< num_views:21
10< num_views:21
10< num_views:21
10< num_views:21
10< num_views:21
10< num_views:21
10< num_views:21
10< num_views:21
10< num_views:21
10< num_views:21
10< num_views:21
10< num_views:21
10< num_views:21
10< num_views:21
10< num_views:21
10< num_views:21
10< num_views:21
10< num_views:21
10< num_views:21
10< num_views:21
10< num_views:21
10< num_views:21
10< num_views:21
10< num_views:21
10< num_views:21
10< num_views:21
10< num_views:21
10< num_views:21
10< num_views:21
10< num_views:21
10< num_views:21
10< num_views:21
10< num_views:21
10< num_views:21
10< num_views:21
10< num_views:21
10< num_views:21
10< num_views:21
10< num_views:21
10< num_views:21
10< num_views:21
10< num_views:21
10< num_views:21
10< num_views:21
10< num_views:21
10< num_views:21
10< num_views:21
10< num_views:21
10< num_views:21
10< num_views:21
10< num_views:21
10< num_views:21
10< num_views:21
10< num_views:21
10< num_views:21
10< num_views:21
10< num_views:21
10< num_views:21
10< num_views:21
10< num_views:21
10< num_views:21
10< num_views:21
10< num_views:21
10< num_views:21
10< num_views:21
10< num_views:21
10< num_views:21
10< num_views:21
10< num_views:21
10< num_views:21
10< num_views:21
10< num_views:21
10< num_views:21
10< num_views:21
10< num_views:21
10< num_views:21
10< num_views:21
10< num_views:21
10< num_views:21
10< num_views:21
10< num_views:21
10< num_views:21
10< num_views:21
10< num_views:21
10< num_views:21
10< num_views:21
10< num_views:21
10< num_views:21
10< num_views:21
10< num_views:21
10< num_views:21
10< num_views:21
10< num_views:21
10< num_views:21
10< num_views:21
10< num_views:21
10< num_views:21
10< num_views:21
10< num_views:21
10< num_views:21
10< num_views:21
10< num_views:21
10< num_views:21
10< num_views:21
10< num_views:21
10< num_views:21
10< num_views:21
10< num_views:21
10< num_views:21
10< num_views:21
10< num_views:21
10< num_views:21
10< num_views:21
10< num_views:21
10< num_views:21
10< num_views:21
10< num_views:21
dataset test metas: 132 interval_scale:{'scene0': 1.06}
loading model checkpoints/indoor_v3/finalmodel_0.ckpt
/venv/main/lib/python3.12/site-packages/torch/functional.py:505: UserWarning: torch.meshgrid: in an upcoming release, it will be required to pass the indexing argument. (Triggered internally at /pytorch/aten/src/ATen/native/TensorShape.cpp:4381.)
  return _VF.meshgrid(tensors, **kwargs)  # type: ignore[attr-defined]
Iter 0/132, Time:27.66478204727173 Res:torch.Size([1, 3, 832, 1152])
save ply, fx:809.9822387695312, fy:781.711181640625, cx:577.6176147460938, cy:416.31817626953125
Iter 1/132, Time:0.2771792411804199 Res:torch.Size([1, 3, 832, 1152])
Iter 2/132, Time:0.28118324279785156 Res:torch.Size([1, 3, 832, 1152])
Iter 3/132, Time:0.2830061912536621 Res:torch.Size([1, 3, 832, 1152])
Iter 4/132, Time:0.2969553470611572 Res:torch.Size([1, 3, 832, 1152])
Iter 5/132, Time:0.2839851379394531 Res:torch.Size([1, 3, 832, 1152])
Iter 6/132, Time:0.2854294776916504 Res:torch.Size([1, 3, 832, 1152])
Iter 7/132, Time:0.28623342514038086 Res:torch.Size([1, 3, 832, 1152])
Iter 8/132, Time:0.2861673831939697 Res:torch.Size([1, 3, 832, 1152])
Iter 9/132, Time:0.2838261127471924 Res:torch.Size([1, 3, 832, 1152])
Iter 10/132, Time:0.2834599018096924 Res:torch.Size([1, 3, 832, 1152])
Iter 11/132, Time:0.28444361686706543 Res:torch.Size([1, 3, 832, 1152])
Iter 12/132, Time:0.28632426261901855 Res:torch.Size([1, 3, 832, 1152])
Iter 13/132, Time:0.28789496421813965 Res:torch.Size([1, 3, 832, 1152])
Iter 14/132, Time:0.2841610908508301 Res:torch.Size([1, 3, 832, 1152])
Iter 15/132, Time:0.28617095947265625 Res:torch.Size([1, 3, 832, 1152])
Iter 16/132, Time:0.2841770648956299 Res:torch.Size([1, 3, 832, 1152])
Iter 17/132, Time:0.28533196449279785 Res:torch.Size([1, 3, 832, 1152])
Iter 18/132, Time:0.28450465202331543 Res:torch.Size([1, 3, 832, 1152])
Iter 19/132, Time:0.2843320369720459 Res:torch.Size([1, 3, 832, 1152])
Iter 20/132, Time:0.2857213020324707 Res:torch.Size([1, 3, 832, 1152])
save ply, fx:816.022705078125, fy:785.141845703125, cx:577.7799682617188, cy:415.6318664550781
Iter 21/132, Time:0.2813243865966797 Res:torch.Size([1, 3, 832, 1152])
Iter 22/132, Time:0.2820448875427246 Res:torch.Size([1, 3, 832, 1152])
Iter 23/132, Time:0.28240370750427246 Res:torch.Size([1, 3, 832, 1152])
Iter 24/132, Time:0.28638124465942383 Res:torch.Size([1, 3, 832, 1152])
Iter 25/132, Time:0.2847416400909424 Res:torch.Size([1, 3, 832, 1152])
Iter 26/132, Time:0.2857170104980469 Res:torch.Size([1, 3, 832, 1152])
Iter 27/132, Time:0.2855520248413086 Res:torch.Size([1, 3, 832, 1152])
Iter 28/132, Time:0.2850656509399414 Res:torch.Size([1, 3, 832, 1152])
Iter 29/132, Time:0.2854926586151123 Res:torch.Size([1, 3, 832, 1152])
Iter 30/132, Time:0.2861299514770508 Res:torch.Size([1, 3, 832, 1152])
Iter 31/132, Time:0.29200077056884766 Res:torch.Size([1, 3, 832, 1152])
Iter 32/132, Time:0.28522157669067383 Res:torch.Size([1, 3, 832, 1152])
Iter 33/132, Time:0.2863774299621582 Res:torch.Size([1, 3, 832, 1152])
Iter 34/132, Time:0.28579068183898926 Res:torch.Size([1, 3, 832, 1152])
Iter 35/132, Time:0.2882068157196045 Res:torch.Size([1, 3, 832, 1152])
Iter 36/132, Time:0.28482866287231445 Res:torch.Size([1, 3, 832, 1152])
Iter 37/132, Time:0.28481221199035645 Res:torch.Size([1, 3, 832, 1152])
Iter 38/132, Time:0.28546667098999023 Res:torch.Size([1, 3, 832, 1152])
Iter 39/132, Time:0.2851130962371826 Res:torch.Size([1, 3, 832, 1152])
Iter 40/132, Time:0.2950749397277832 Res:torch.Size([1, 3, 832, 1152])
save ply, fx:819.2076416015625, fy:787.884521484375, cx:578.0535278320312, cy:416.5364990234375
Iter 41/132, Time:0.2819254398345947 Res:torch.Size([1, 3, 832, 1152])
Iter 42/132, Time:0.28246378898620605 Res:torch.Size([1, 3, 832, 1152])
Iter 43/132, Time:0.282137393951416 Res:torch.Size([1, 3, 832, 1152])
Iter 44/132, Time:0.28505706787109375 Res:torch.Size([1, 3, 832, 1152])
Iter 45/132, Time:0.28578901290893555 Res:torch.Size([1, 3, 832, 1152])
Iter 46/132, Time:0.2839212417602539 Res:torch.Size([1, 3, 832, 1152])
Iter 47/132, Time:0.28671932220458984 Res:torch.Size([1, 3, 832, 1152])
Iter 48/132, Time:0.29027295112609863 Res:torch.Size([1, 3, 832, 1152])
Iter 49/132, Time:0.28705382347106934 Res:torch.Size([1, 3, 832, 1152])
Iter 50/132, Time:0.28575897216796875 Res:torch.Size([1, 3, 832, 1152])
Iter 51/132, Time:0.28562307357788086 Res:torch.Size([1, 3, 832, 1152])
Iter 52/132, Time:0.2865588665008545 Res:torch.Size([1, 3, 832, 1152])
Iter 53/132, Time:0.28551244735717773 Res:torch.Size([1, 3, 832, 1152])
Iter 54/132, Time:0.28513503074645996 Res:torch.Size([1, 3, 832, 1152])
Iter 55/132, Time:0.28440141677856445 Res:torch.Size([1, 3, 832, 1152])
Iter 56/132, Time:0.2862691879272461 Res:torch.Size([1, 3, 832, 1152])
Iter 57/132, Time:0.2859177589416504 Res:torch.Size([1, 3, 832, 1152])
Iter 58/132, Time:0.284299373626709 Res:torch.Size([1, 3, 832, 1152])
Iter 59/132, Time:0.2855825424194336 Res:torch.Size([1, 3, 832, 1152])
Iter 60/132, Time:0.28479623794555664 Res:torch.Size([1, 3, 832, 1152])
save ply, fx:817.7168579101562, fy:786.6415405273438, cx:577.8517456054688, cy:416.5731506347656
Iter 61/132, Time:0.2821052074432373 Res:torch.Size([1, 3, 832, 1152])
Iter 62/132, Time:0.2817258834838867 Res:torch.Size([1, 3, 832, 1152])
Iter 63/132, Time:0.28838491439819336 Res:torch.Size([1, 3, 832, 1152])
Iter 64/132, Time:0.2864103317260742 Res:torch.Size([1, 3, 832, 1152])
Iter 65/132, Time:0.2871716022491455 Res:torch.Size([1, 3, 832, 1152])
Iter 66/132, Time:0.2855668067932129 Res:torch.Size([1, 3, 832, 1152])
Iter 67/132, Time:0.2847554683685303 Res:torch.Size([1, 3, 832, 1152])
Iter 68/132, Time:0.28528594970703125 Res:torch.Size([1, 3, 832, 1152])
Iter 69/132, Time:0.29202866554260254 Res:torch.Size([1, 3, 832, 1152])
Iter 70/132, Time:0.2856462001800537 Res:torch.Size([1, 3, 832, 1152])
Iter 71/132, Time:0.2851402759552002 Res:torch.Size([1, 3, 832, 1152])
Iter 72/132, Time:0.28642725944519043 Res:torch.Size([1, 3, 832, 1152])
Iter 73/132, Time:0.2866971492767334 Res:torch.Size([1, 3, 832, 1152])
Iter 74/132, Time:0.28536462783813477 Res:torch.Size([1, 3, 832, 1152])
Iter 75/132, Time:0.2858562469482422 Res:torch.Size([1, 3, 832, 1152])
Iter 76/132, Time:0.28858327865600586 Res:torch.Size([1, 3, 832, 1152])
Iter 77/132, Time:0.2867085933685303 Res:torch.Size([1, 3, 832, 1152])
Iter 78/132, Time:0.28667712211608887 Res:torch.Size([1, 3, 832, 1152])
Iter 79/132, Time:0.2881639003753662 Res:torch.Size([1, 3, 832, 1152])
Iter 80/132, Time:0.2863736152648926 Res:torch.Size([1, 3, 832, 1152])
save ply, fx:822.7406616210938, fy:789.2870483398438, cx:578.163818359375, cy:415.9672546386719
Iter 81/132, Time:0.2818887233734131 Res:torch.Size([1, 3, 832, 1152])
Iter 82/132, Time:0.28615450859069824 Res:torch.Size([1, 3, 832, 1152])
Iter 83/132, Time:0.2842223644256592 Res:torch.Size([1, 3, 832, 1152])
Iter 84/132, Time:0.2881460189819336 Res:torch.Size([1, 3, 832, 1152])
Iter 85/132, Time:0.28504395484924316 Res:torch.Size([1, 3, 832, 1152])
Iter 86/132, Time:0.2855410575866699 Res:torch.Size([1, 3, 832, 1152])
Iter 87/132, Time:0.28589391708374023 Res:torch.Size([1, 3, 832, 1152])
Iter 88/132, Time:0.2868356704711914 Res:torch.Size([1, 3, 832, 1152])
Iter 89/132, Time:0.2864255905151367 Res:torch.Size([1, 3, 832, 1152])
Iter 90/132, Time:0.2852809429168701 Res:torch.Size([1, 3, 832, 1152])
Iter 91/132, Time:0.2847576141357422 Res:torch.Size([1, 3, 832, 1152])
Iter 92/132, Time:0.2870595455169678 Res:torch.Size([1, 3, 832, 1152])
Iter 93/132, Time:0.28444957733154297 Res:torch.Size([1, 3, 832, 1152])
Iter 94/132, Time:0.2848842144012451 Res:torch.Size([1, 3, 832, 1152])
Iter 95/132, Time:0.28491830825805664 Res:torch.Size([1, 3, 832, 1152])
Iter 96/132, Time:0.28650546073913574 Res:torch.Size([1, 3, 832, 1152])
Iter 97/132, Time:0.28801441192626953 Res:torch.Size([1, 3, 832, 1152])
Iter 98/132, Time:0.2856154441833496 Res:torch.Size([1, 3, 832, 1152])
Iter 99/132, Time:0.2852158546447754 Res:torch.Size([1, 3, 832, 1152])
Iter 100/132, Time:0.28476405143737793 Res:torch.Size([1, 3, 832, 1152])
save ply, fx:811.7693481445312, fy:783.4251708984375, cx:578.1091918945312, cy:415.96923828125
Iter 101/132, Time:0.28246355056762695 Res:torch.Size([1, 3, 832, 1152])
Iter 102/132, Time:0.2815439701080322 Res:torch.Size([1, 3, 832, 1152])
Iter 103/132, Time:0.282961368560791 Res:torch.Size([1, 3, 832, 1152])
Iter 104/132, Time:0.2845454216003418 Res:torch.Size([1, 3, 832, 1152])
Iter 105/132, Time:0.28708767890930176 Res:torch.Size([1, 3, 832, 1152])
Iter 106/132, Time:0.28464698791503906 Res:torch.Size([1, 3, 832, 1152])
Iter 107/132, Time:0.2847418785095215 Res:torch.Size([1, 3, 832, 1152])
Iter 108/132, Time:0.2847323417663574 Res:torch.Size([1, 3, 832, 1152])
Iter 109/132, Time:0.2839348316192627 Res:torch.Size([1, 3, 832, 1152])
Iter 110/132, Time:0.2916269302368164 Res:torch.Size([1, 3, 832, 1152])
Iter 111/132, Time:0.2850985527038574 Res:torch.Size([1, 3, 832, 1152])
Iter 112/132, Time:0.2855231761932373 Res:torch.Size([1, 3, 832, 1152])
Iter 113/132, Time:0.2871232032775879 Res:torch.Size([1, 3, 832, 1152])
Iter 114/132, Time:0.2876605987548828 Res:torch.Size([1, 3, 832, 1152])
Iter 115/132, Time:0.28569602966308594 Res:torch.Size([1, 3, 832, 1152])
Iter 116/132, Time:0.28528428077697754 Res:torch.Size([1, 3, 832, 1152])
Iter 117/132, Time:0.28498411178588867 Res:torch.Size([1, 3, 832, 1152])
Iter 118/132, Time:0.28371572494506836 Res:torch.Size([1, 3, 832, 1152])
Iter 119/132, Time:0.2835986614227295 Res:torch.Size([1, 3, 832, 1152])
Iter 120/132, Time:0.28322386741638184 Res:torch.Size([1, 3, 832, 1152])
save ply, fx:811.1177978515625, fy:785.1173095703125, cx:578.5828247070312, cy:415.6655578613281
Iter 121/132, Time:0.28290605545043945 Res:torch.Size([1, 3, 832, 1152])
Iter 122/132, Time:0.2818021774291992 Res:torch.Size([1, 3, 832, 1152])
Iter 123/132, Time:0.28273510932922363 Res:torch.Size([1, 3, 832, 1152])
Iter 124/132, Time:0.28415632247924805 Res:torch.Size([1, 3, 832, 1152])
Iter 125/132, Time:0.28459811210632324 Res:torch.Size([1, 3, 832, 1152])
Iter 126/132, Time:0.2830643653869629 Res:torch.Size([1, 3, 832, 1152])
Iter 127/132, Time:0.27875566482543945 Res:torch.Size([1, 3, 832, 1152])
Iter 128/132, Time:0.27766871452331543 Res:torch.Size([1, 3, 832, 1152])
Iter 129/132, Time:0.2775688171386719 Res:torch.Size([1, 3, 832, 1152])
Iter 130/132, Time:0.2772023677825928 Res:torch.Size([1, 3, 832, 1152])
Iter 131/132, Time:0.27567219734191895 Res:torch.Size([1, 3, 832, 1152])
avg time: 0.49250927115931653
max gpu: 18.88864231109619
multiprocessing.pool.RemoteTraceback: 
"""
Traceback (most recent call last):
  File "/venv/main/lib/python3.12/multiprocessing/pool.py", line 125, in worker
    result = (True, func(*args, **kwds))
                    ^^^^^^^^^^^^^^^^^^^
  File "/venv/main/lib/python3.12/multiprocessing/pool.py", line 48, in mapstar
    return list(map(*args))
           ^^^^^^^^^^^^^^^^
  File "/root/MonoMVSNet/test_dtu_pcd.py", line 421, in pcd_filter_worker
    scan_id = int(scan[4:])
              ^^^^^^^^^^^^^
ValueError: invalid literal for int() with base 10: 'e0'
"""

The above exception was the direct cause of the following exception:

Traceback (most recent call last):
  File "/root/MonoMVSNet/test_dtu_pcd.py", line 455, in <module>
    pcd_filter(testlist, args.num_worker)
  File "/root/MonoMVSNet/test_dtu_pcd.py", line 437, in pcd_filter
    p.map(partial_func, testlist)
  File "/venv/main/lib/python3.12/multiprocessing/pool.py", line 367, in map
    return self._map_async(func, iterable, mapstar, chunksize).get()
           ^^^^^^^^^^^^^^^^^^^^^^^^^^^^^^^^^^^^^^^^^^^^^^^^^^^^^^^^^
  File "/venv/main/lib/python3.12/multiprocessing/pool.py", line 774, in get
    raise self._value
ValueError: invalid literal for int() with base 10: 'e0'
