argv: ['--dataset=general', '--batch_size=1', '--num_view=10', '--method=casdiffmvs', '--save_depth', '--testpath=/root/mvs_P16k', '--outdir=/root/off1536', '--loadckpt=/root/hs/ckpt_src/casdiffmvs_blendmvg.ckpt', '--numdepth_initial=48', '--numdepth=384', '--max_h=1152', '--max_w=1536', '--scale', '0.0', '0.125', '0.025', '--sampling_timesteps', '0', '1', '1', '--ddim_eta', '0', '1', '1', '--stage_iters', '1', '3', '3', '--cost_dim_stage', '4', '4', '4', '--CostNum', '0', '4', '4', '--hidden_dim', '0', '32', '20', '--context_dim', '32', '32', '16', '--unet_dim', '0', '16', '8', '--min_radius', '0.125', '--max_radius', '8', '--photo_thres', '0.3', '0.5', '0.5', '--geo_mask_thres', '3', '--geo_pixel_thres', '1.0', '--geo_depth_thres', '0.01']
################################  args  ################################
method    	casdiffmvs                    	<class 'str'>       
batch_size	1                             	<class 'int'>       
loadckpt  	/root/hs/ckpt_src/casdiffmvs_blendmvg.ckpt	<class 'str'>       
outdir    	/root/off1536                 	<class 'str'>       
seed      	123                           	<class 'int'>       
save_depth	True                          	<class 'bool'>      
dataset   	general                       	<class 'str'>       
testpath  	/root/mvs_P16k                	<class 'str'>       
testlist  	None                          	<class 'NoneType'>  
num_view  	10                            	<class 'int'>       
max_h     	1152                          	<class 'int'>       
max_w     	1536                          	<class 'int'>       
numdepth_initial	48                            	<class 'int'>       
numdepth  	384                           	<class 'int'>       
ddim_eta  	[0.0, 1.0, 1.0]               	<class 'list'>      
scale     	[0.0, 0.125, 0.025]           	<class 'list'>      
timesteps 	[1000, 1000, 1000]            	<class 'list'>      
sampling_timesteps	[0, 1, 1]                     	<class 'list'>      
hidden_dim	[0, 32, 20]                   	<class 'list'>      
context_dim	[32, 32, 16]                  	<class 'list'>      
stage_iters	[1, 3, 3]                     	<class 'list'>      
cost_dim_stage	[4, 4, 4]                     	<class 'list'>      
CostNum   	[0, 4, 4]                     	<class 'list'>      
unet_dim  	[0, 16, 8]                    	<class 'list'>      
min_radius	0.125                         	<class 'float'>     
max_radius	8.0                           	<class 'float'>     
geo_mask_thres	3                             	<class 'int'>       
geo_pixel_thres	1.0                           	<class 'float'>     
geo_depth_thres	0.01                          	<class 'float'>     
photo_thres	[0.3, 0.5, 0.5]               	<class 'list'>      
########################################################################
dataset general scans ['']
loading model /root/hs/ckpt_src/casdiffmvs_blendmvg.ckpt
/venv/main/lib/python3.12/site-packages/torch/functional.py:505: UserWarning: torch.meshgrid: in an upcoming release, it will be required to pass the indexing argument. (Triggered internally at /pytorch/aten/src/ATen/native/TensorShape.cpp:4381.)
  return _VF.meshgrid(tensors, **kwargs)  # type: ignore[attr-defined]
Iter 0/132, Time:20.830113172531128 Res:(3, 1152, 1536)
(3, 1152, 1536)
Iter 1/132, Time:0.16229796409606934 Res:(3, 1152, 1536)
(3, 1152, 1536)
Iter 2/132, Time:0.13611841201782227 Res:(3, 1152, 1536)
(3, 1152, 1536)
Iter 3/132, Time:0.3019881248474121 Res:(3, 1152, 1536)
(3, 1152, 1536)
Iter 4/132, Time:0.22922062873840332 Res:(3, 1152, 1536)
(3, 1152, 1536)
Iter 5/132, Time:0.23235416412353516 Res:(3, 1152, 1536)
(3, 1152, 1536)
Iter 6/132, Time:0.12587761878967285 Res:(3, 1152, 1536)
(3, 1152, 1536)
Iter 7/132, Time:0.12623071670532227 Res:(3, 1152, 1536)
(3, 1152, 1536)
Iter 8/132, Time:0.1274709701538086 Res:(3, 1152, 1536)
(3, 1152, 1536)
Iter 9/132, Time:0.13500046730041504 Res:(3, 1152, 1536)
(3, 1152, 1536)
Iter 10/132, Time:0.1333024501800537 Res:(3, 1152, 1536)
(3, 1152, 1536)
Iter 11/132, Time:0.13756632804870605 Res:(3, 1152, 1536)
(3, 1152, 1536)
Iter 12/132, Time:0.1476755142211914 Res:(3, 1152, 1536)
(3, 1152, 1536)
Iter 13/132, Time:0.194990873336792 Res:(3, 1152, 1536)
(3, 1152, 1536)
Iter 14/132, Time:0.12684965133666992 Res:(3, 1152, 1536)
(3, 1152, 1536)
Iter 15/132, Time:0.12542152404785156 Res:(3, 1152, 1536)
(3, 1152, 1536)
Iter 16/132, Time:0.12583303451538086 Res:(3, 1152, 1536)
(3, 1152, 1536)
Iter 17/132, Time:0.13494634628295898 Res:(3, 1152, 1536)
(3, 1152, 1536)
Iter 18/132, Time:0.12876105308532715 Res:(3, 1152, 1536)
(3, 1152, 1536)
Iter 19/132, Time:0.13692378997802734 Res:(3, 1152, 1536)
(3, 1152, 1536)
Iter 20/132, Time:0.12535500526428223 Res:(3, 1152, 1536)
(3, 1152, 1536)
Iter 21/132, Time:0.1311633586883545 Res:(3, 1152, 1536)
(3, 1152, 1536)
Iter 22/132, Time:0.12560367584228516 Res:(3, 1152, 1536)
(3, 1152, 1536)
Iter 23/132, Time:0.12621712684631348 Res:(3, 1152, 1536)
(3, 1152, 1536)
Iter 24/132, Time:0.12612175941467285 Res:(3, 1152, 1536)
(3, 1152, 1536)
Iter 25/132, Time:0.12728261947631836 Res:(3, 1152, 1536)
(3, 1152, 1536)
Iter 26/132, Time:0.14458203315734863 Res:(3, 1152, 1536)
(3, 1152, 1536)
Iter 27/132, Time:0.12581443786621094 Res:(3, 1152, 1536)
(3, 1152, 1536)
Iter 28/132, Time:0.12594342231750488 Res:(3, 1152, 1536)
(3, 1152, 1536)
Iter 29/132, Time:0.12557601928710938 Res:(3, 1152, 1536)
(3, 1152, 1536)
Iter 30/132, Time:0.12537884712219238 Res:(3, 1152, 1536)
(3, 1152, 1536)
Iter 31/132, Time:0.1305701732635498 Res:(3, 1152, 1536)
(3, 1152, 1536)
Iter 32/132, Time:0.1258702278137207 Res:(3, 1152, 1536)
(3, 1152, 1536)
Iter 33/132, Time:0.17188501358032227 Res:(3, 1152, 1536)
(3, 1152, 1536)
Iter 34/132, Time:0.12887287139892578 Res:(3, 1152, 1536)
(3, 1152, 1536)
Iter 35/132, Time:0.1267256736755371 Res:(3, 1152, 1536)
(3, 1152, 1536)
Iter 36/132, Time:0.6052424907684326 Res:(3, 1152, 1536)
(3, 1152, 1536)
Iter 37/132, Time:0.1407790184020996 Res:(3, 1152, 1536)
(3, 1152, 1536)
Iter 38/132, Time:0.12697815895080566 Res:(3, 1152, 1536)
(3, 1152, 1536)
Iter 39/132, Time:0.5804388523101807 Res:(3, 1152, 1536)
(3, 1152, 1536)
Iter 40/132, Time:0.4183638095855713 Res:(3, 1152, 1536)
(3, 1152, 1536)
Iter 41/132, Time:0.12689566612243652 Res:(3, 1152, 1536)
(3, 1152, 1536)
Iter 42/132, Time:0.12633752822875977 Res:(3, 1152, 1536)
(3, 1152, 1536)
Iter 43/132, Time:0.48540186882019043 Res:(3, 1152, 1536)
(3, 1152, 1536)
Iter 44/132, Time:0.342487096786499 Res:(3, 1152, 1536)
(3, 1152, 1536)
Iter 45/132, Time:0.12908101081848145 Res:(3, 1152, 1536)
(3, 1152, 1536)
Iter 46/132, Time:0.12689924240112305 Res:(3, 1152, 1536)
(3, 1152, 1536)
Iter 47/132, Time:0.4687652587890625 Res:(3, 1152, 1536)
(3, 1152, 1536)
Iter 48/132, Time:0.29235100746154785 Res:(3, 1152, 1536)
(3, 1152, 1536)
Iter 49/132, Time:0.1332547664642334 Res:(3, 1152, 1536)
(3, 1152, 1536)
Iter 50/132, Time:0.12656950950622559 Res:(3, 1152, 1536)
(3, 1152, 1536)
Iter 51/132, Time:0.42906951904296875 Res:(3, 1152, 1536)
(3, 1152, 1536)
Iter 52/132, Time:0.44287562370300293 Res:(3, 1152, 1536)
(3, 1152, 1536)
Iter 53/132, Time:0.12836217880249023 Res:(3, 1152, 1536)
(3, 1152, 1536)
Iter 54/132, Time:0.12557721138000488 Res:(3, 1152, 1536)
(3, 1152, 1536)
Iter 55/132, Time:0.5852494239807129 Res:(3, 1152, 1536)
(3, 1152, 1536)
Iter 56/132, Time:0.4080696105957031 Res:(3, 1152, 1536)
(3, 1152, 1536)
Iter 57/132, Time:0.13156414031982422 Res:(3, 1152, 1536)
(3, 1152, 1536)
Iter 58/132, Time:0.127424955368042 Res:(3, 1152, 1536)
(3, 1152, 1536)
Iter 59/132, Time:0.5992977619171143 Res:(3, 1152, 1536)
(3, 1152, 1536)
Iter 60/132, Time:0.46001458168029785 Res:(3, 1152, 1536)
(3, 1152, 1536)
Iter 61/132, Time:0.12661266326904297 Res:(3, 1152, 1536)
(3, 1152, 1536)
Iter 62/132, Time:0.1275482177734375 Res:(3, 1152, 1536)
(3, 1152, 1536)
Iter 63/132, Time:0.5700783729553223 Res:(3, 1152, 1536)
(3, 1152, 1536)
Iter 64/132, Time:0.4505791664123535 Res:(3, 1152, 1536)
(3, 1152, 1536)
Iter 65/132, Time:0.1507399082183838 Res:(3, 1152, 1536)
(3, 1152, 1536)
Iter 66/132, Time:0.13497138023376465 Res:(3, 1152, 1536)
(3, 1152, 1536)
Iter 67/132, Time:0.12954926490783691 Res:(3, 1152, 1536)
(3, 1152, 1536)
Iter 68/132, Time:0.530754804611206 Res:(3, 1152, 1536)
(3, 1152, 1536)
Iter 69/132, Time:0.3333597183227539 Res:(3, 1152, 1536)
(3, 1152, 1536)
Iter 70/132, Time:0.1289358139038086 Res:(3, 1152, 1536)
(3, 1152, 1536)
Iter 71/132, Time:0.13051056861877441 Res:(3, 1152, 1536)
(3, 1152, 1536)
Iter 72/132, Time:0.5561943054199219 Res:(3, 1152, 1536)
(3, 1152, 1536)
Iter 73/132, Time:0.38254547119140625 Res:(3, 1152, 1536)
(3, 1152, 1536)
Iter 74/132, Time:0.12763166427612305 Res:(3, 1152, 1536)
(3, 1152, 1536)
Iter 75/132, Time:0.12572407722473145 Res:(3, 1152, 1536)
(3, 1152, 1536)
Iter 76/132, Time:0.5966975688934326 Res:(3, 1152, 1536)
(3, 1152, 1536)
Iter 77/132, Time:0.4601893424987793 Res:(3, 1152, 1536)
(3, 1152, 1536)
Iter 78/132, Time:0.1290900707244873 Res:(3, 1152, 1536)
(3, 1152, 1536)
Iter 79/132, Time:0.1259756088256836 Res:(3, 1152, 1536)
(3, 1152, 1536)
Iter 80/132, Time:0.6128602027893066 Res:(3, 1152, 1536)
(3, 1152, 1536)
Iter 81/132, Time:0.4524953365325928 Res:(3, 1152, 1536)
(3, 1152, 1536)
Iter 82/132, Time:0.12642931938171387 Res:(3, 1152, 1536)
(3, 1152, 1536)
Iter 83/132, Time:0.12525701522827148 Res:(3, 1152, 1536)
(3, 1152, 1536)
Iter 84/132, Time:0.38091540336608887 Res:(3, 1152, 1536)
(3, 1152, 1536)
Iter 85/132, Time:0.44873929023742676 Res:(3, 1152, 1536)
(3, 1152, 1536)
Iter 86/132, Time:0.2638833522796631 Res:(3, 1152, 1536)
(3, 1152, 1536)
Iter 87/132, Time:0.12794899940490723 Res:(3, 1152, 1536)
(3, 1152, 1536)
Iter 88/132, Time:0.13020682334899902 Res:(3, 1152, 1536)
(3, 1152, 1536)
Iter 89/132, Time:0.48999595642089844 Res:(3, 1152, 1536)
(3, 1152, 1536)
Iter 90/132, Time:0.3287785053253174 Res:(3, 1152, 1536)
(3, 1152, 1536)
Iter 91/132, Time:0.1289982795715332 Res:(3, 1152, 1536)
(3, 1152, 1536)
Iter 92/132, Time:0.1270768642425537 Res:(3, 1152, 1536)
(3, 1152, 1536)
Iter 93/132, Time:0.5291810035705566 Res:(3, 1152, 1536)
(3, 1152, 1536)
Iter 94/132, Time:0.36795735359191895 Res:(3, 1152, 1536)
(3, 1152, 1536)
Iter 95/132, Time:0.12959647178649902 Res:(3, 1152, 1536)
(3, 1152, 1536)
Iter 96/132, Time:0.1265864372253418 Res:(3, 1152, 1536)
(3, 1152, 1536)
Iter 97/132, Time:0.591132640838623 Res:(3, 1152, 1536)
(3, 1152, 1536)
Iter 98/132, Time:0.3997962474822998 Res:(3, 1152, 1536)
(3, 1152, 1536)
Iter 99/132, Time:0.12752509117126465 Res:(3, 1152, 1536)
(3, 1152, 1536)
Iter 100/132, Time:0.12500977516174316 Res:(3, 1152, 1536)
(3, 1152, 1536)
Iter 101/132, Time:0.6015145778656006 Res:(3, 1152, 1536)
(3, 1152, 1536)
Iter 102/132, Time:0.45291972160339355 Res:(3, 1152, 1536)
(3, 1152, 1536)
Iter 103/132, Time:0.12555646896362305 Res:(3, 1152, 1536)
(3, 1152, 1536)
Iter 104/132, Time:0.12587547302246094 Res:(3, 1152, 1536)
(3, 1152, 1536)
Iter 105/132, Time:0.4094080924987793 Res:(3, 1152, 1536)
(3, 1152, 1536)
Iter 106/132, Time:0.4618804454803467 Res:(3, 1152, 1536)
(3, 1152, 1536)
Iter 107/132, Time:0.3155193328857422 Res:(3, 1152, 1536)
(3, 1152, 1536)
Iter 108/132, Time:0.1318354606628418 Res:(3, 1152, 1536)
(3, 1152, 1536)
Iter 109/132, Time:0.12835907936096191 Res:(3, 1152, 1536)
(3, 1152, 1536)
Iter 110/132, Time:0.5208687782287598 Res:(3, 1152, 1536)
(3, 1152, 1536)
Iter 111/132, Time:0.3404364585876465 Res:(3, 1152, 1536)
(3, 1152, 1536)
Iter 112/132, Time:0.13940119743347168 Res:(3, 1152, 1536)
(3, 1152, 1536)
Iter 113/132, Time:0.12682175636291504 Res:(3, 1152, 1536)
(3, 1152, 1536)
Iter 114/132, Time:0.502399206161499 Res:(3, 1152, 1536)
(3, 1152, 1536)
Iter 115/132, Time:0.3394503593444824 Res:(3, 1152, 1536)
(3, 1152, 1536)
Iter 116/132, Time:0.12606263160705566 Res:(3, 1152, 1536)
(3, 1152, 1536)
Iter 117/132, Time:0.12386560440063477 Res:(3, 1152, 1536)
(3, 1152, 1536)
Iter 118/132, Time:0.5494723320007324 Res:(3, 1152, 1536)
(3, 1152, 1536)
Iter 119/132, Time:0.4004340171813965 Res:(3, 1152, 1536)
(3, 1152, 1536)
Iter 120/132, Time:0.125441312789917 Res:(3, 1152, 1536)
(3, 1152, 1536)
Iter 121/132, Time:0.12775039672851562 Res:(3, 1152, 1536)
(3, 1152, 1536)
Iter 122/132, Time:0.5931150913238525 Res:(3, 1152, 1536)
(3, 1152, 1536)
Iter 123/132, Time:0.4688260555267334 Res:(3, 1152, 1536)
(3, 1152, 1536)
Iter 124/132, Time:0.12643218040466309 Res:(3, 1152, 1536)
(3, 1152, 1536)
Iter 125/132, Time:0.12696170806884766 Res:(3, 1152, 1536)
(3, 1152, 1536)
Iter 126/132, Time:0.6209330558776855 Res:(3, 1152, 1536)
(3, 1152, 1536)
Iter 127/132, Time:0.43081068992614746 Res:(3, 1152, 1536)
(3, 1152, 1536)
Iter 128/132, Time:0.127366304397583 Res:(3, 1152, 1536)
(3, 1152, 1536)
Iter 129/132, Time:0.12594842910766602 Res:(3, 1152, 1536)
(3, 1152, 1536)
Iter 130/132, Time:0.1856520175933838 Res:(3, 1152, 1536)
(3, 1152, 1536)
Iter 131/132, Time:0.4375944137573242 Res:(3, 1152, 1536)
(3, 1152, 1536)
avg_time 0.41239565430265485
processing /root/off1536, ref-view00, photo/geo/final-mask:0.7746966326678241/0.5396428991247106/0.5256336353443287
valid_points 0.5256336353443287
processing /root/off1536, ref-view01, photo/geo/final-mask:0.7668615270543981/0.32962827329282407/0.32616396303530093
valid_points 0.32616396303530093
processing /root/off1536, ref-view02, photo/geo/final-mask:0.8848108362268519/0.7917118778935185/0.7832556830512153
valid_points 0.7832556830512153
processing /root/off1536, ref-view03, photo/geo/final-mask:0.8790870949074074/0.7470403600622106/0.7390006736472801
valid_points 0.7390006736472801
processing /root/off1536, ref-view04, photo/geo/final-mask:0.8499100296585648/0.7608772560402199/0.7443395543981481
valid_points 0.7443395543981481
processing /root/off1536, ref-view05, photo/geo/final-mask:0.8422987196180556/0.7304280598958334/0.7145713523582176
valid_points 0.7145713523582176
processing /root/off1536, ref-view06, photo/geo/final-mask:0.8353520146122685/0.7560311776620371/0.7396686695240162
valid_points 0.7396686695240162
processing /root/off1536, ref-view07, photo/geo/final-mask:0.7829363787615741/0.5492265489366319/0.5346741852936922
valid_points 0.5346741852936922
processing /root/off1536, ref-view08, photo/geo/final-mask:0.8172652633101852/0.7184476499204282/0.6966931378399884
valid_points 0.6966931378399884
processing /root/off1536, ref-view09, photo/geo/final-mask:0.8338826497395834/0.6846703423394097/0.6635177047164352
valid_points 0.6635177047164352
processing /root/off1536, ref-view10, photo/geo/final-mask:0.84521484375/0.7874371563946759/0.7635209825303819
valid_points 0.7635209825303819
processing /root/off1536, ref-view11, photo/geo/final-mask:0.8238887080439815/0.7731051974826388/0.7433940746166088
valid_points 0.7433940746166088
processing /root/off1536, ref-view12, photo/geo/final-mask:0.7992938006365741/0.6928049723307291/0.6781073676215278
valid_points 0.6781073676215278
processing /root/off1536, ref-view13, photo/geo/final-mask:0.79095458984375/0.6016597041377315/0.589822839807581
valid_points 0.589822839807581
processing /root/off1536, ref-view14, photo/geo/final-mask:0.7699087637442129/0.5962371826171875/0.5867558232060185
valid_points 0.5867558232060185
processing /root/off1536, ref-view15, photo/geo/final-mask:0.8378612377025463/0.6898894133391203/0.6760299117476852
valid_points 0.6760299117476852
processing /root/off1536, ref-view16, photo/geo/final-mask:0.8399319118923612/0.7914423059534144/0.7653107819733797
valid_points 0.7653107819733797
processing /root/off1536, ref-view17, photo/geo/final-mask:0.7823644567418981/0.6135316071686922/0.5951108579282407
valid_points 0.5951108579282407
processing /root/off1536, ref-view18, photo/geo/final-mask:0.8292552806712963/0.6138712565104166/0.6060559308087384
valid_points 0.6060559308087384
processing /root/off1536, ref-view19, photo/geo/final-mask:0.8284979926215278/0.6730725323712384/0.6527619538483797
valid_points 0.6527619538483797
processing /root/off1536, ref-view20, photo/geo/final-mask:0.8273360640914352/0.7384021900318287/0.7109030264395254
valid_points 0.7109030264395254
processing /root/off1536, ref-view21, photo/geo/final-mask:0.8483434606481481/0.756948400426794/0.7277323404947916
valid_points 0.7277323404947916
processing /root/off1536, ref-view22, photo/geo/final-mask:0.8199349862557871/0.6804114447699653/0.6586326316550926
valid_points 0.6586326316550926
processing /root/off1536, ref-view23, photo/geo/final-mask:0.8191415292245371/0.7350130434389468/0.7024117928964121
valid_points 0.7024117928964121
processing /root/off1536, ref-view24, photo/geo/final-mask:0.7883707682291666/0.733245849609375/0.7053849962022569
valid_points 0.7053849962022569
processing /root/off1536, ref-view25, photo/geo/final-mask:0.7794912832754629/0.5747833251953125/0.5636348017939815
valid_points 0.5636348017939815
processing /root/off1536, ref-view26, photo/geo/final-mask:0.7656136971932871/0.6530829535590278/0.6262297453703703
valid_points 0.6262297453703703
processing /root/off1536, ref-view27, photo/geo/final-mask:0.7955322265625/0.6773998119212963/0.6528241192853009
valid_points 0.6528241192853009
processing /root/off1536, ref-view28, photo/geo/final-mask:0.8089667426215278/0.6654787416811343/0.6379897506148727
valid_points 0.6379897506148727
processing /root/off1536, ref-view29, photo/geo/final-mask:0.7830991391782407/0.5501889829282407/0.5358909324363426
valid_points 0.5358909324363426
processing /root/off1536, ref-view30, photo/geo/final-mask:0.8061975549768519/0.7768537733289931/0.7410436559606481
valid_points 0.7410436559606481
processing /root/off1536, ref-view31, photo/geo/final-mask:0.8344794379340278/0.7706129286024306/0.7339754457826968
valid_points 0.7339754457826968
processing /root/off1536, ref-view32, photo/geo/final-mask:0.7996622721354166/0.7727593315972222/0.7317476625795718
valid_points 0.7317476625795718
processing /root/off1536, ref-view33, photo/geo/final-mask:0.7885832609953703/0.6453252721715856/0.6064990008318866
valid_points 0.6064990008318866
processing /root/off1536, ref-view34, photo/geo/final-mask:0.8030983253761574/0.5955680564597801/0.5709641068070023
valid_points 0.5709641068070023
processing /root/off1536, ref-view35, photo/geo/final-mask:0.7782615379050926/0.4327415183738426/0.4265034993489583
valid_points 0.4265034993489583
processing /root/off1536, ref-view36, photo/geo/final-mask:0.7887369791666666/0.7064163773148148/0.6769889548972801
valid_points 0.6769889548972801
processing /root/off1536, ref-view37, photo/geo/final-mask:0.7796065719039352/0.6943105061848959/0.6666389747902199
valid_points 0.6666389747902199
processing /root/off1536, ref-view38, photo/geo/final-mask:0.7583166051793981/0.7017562301070602/0.6656912344473379
valid_points 0.6656912344473379
processing /root/off1536, ref-view39, photo/geo/final-mask:0.7881605360243056/0.5383391203703703/0.5246553774233218
valid_points 0.5246553774233218
processing /root/off1536, ref-view40, photo/geo/final-mask:0.7759037724247685/0.5837323224103009/0.5666961669921875
valid_points 0.5666961669921875
processing /root/off1536, ref-view41, photo/geo/final-mask:0.7255339445891203/0.653665613245081/0.6238736753110532
valid_points 0.6238736753110532
processing /root/off1536, ref-view42, photo/geo/final-mask:0.7561622902199074/0.6733590585214121/0.6523657904730903
valid_points 0.6523657904730903
processing /root/off1536, ref-view43, photo/geo/final-mask:0.6795134367766203/0.3702076099537037/0.3481530083550347
valid_points 0.3481530083550347
processing /root/off1536, ref-view44, photo/geo/final-mask:0.7968049225983797/0.5654782895688657/0.5479380289713541
valid_points 0.5479380289713541
processing /root/off1536, ref-view45, photo/geo/final-mask:0.6767103407118056/0.4495103624131944/0.4330291748046875
valid_points 0.4330291748046875
processing /root/off1536, ref-view46, photo/geo/final-mask:0.7217181170428241/0.6210496690538194/0.5890480324074074
valid_points 0.5890480324074074
processing /root/off1536, ref-view47, photo/geo/final-mask:0.7425446686921297/0.5929548475477431/0.5711850766782407
valid_points 0.5711850766782407
processing /root/off1536, ref-view48, photo/geo/final-mask:0.7430985062210648/0.6481735794632523/0.6182590060763888
valid_points 0.6182590060763888
processing /root/off1536, ref-view49, photo/geo/final-mask:0.7066017433449074/0.6277454517505787/0.5987271909360532
valid_points 0.5987271909360532
processing /root/off1536, ref-view50, photo/geo/final-mask:0.7463039822048612/0.6105787489149306/0.5875848840784144
valid_points 0.5875848840784144
processing /root/off1536, ref-view51, photo/geo/final-mask:0.7437766746238426/0.6080486156322338/0.5610718903718172
valid_points 0.5610718903718172
processing /root/off1536, ref-view52, photo/geo/final-mask:0.7691311306423612/0.6248428909866898/0.5953900372540509
valid_points 0.5953900372540509
processing /root/off1536, ref-view53, photo/geo/final-mask:0.7826447663483797/0.6961279975043403/0.6546263518156828
valid_points 0.6546263518156828
processing /root/off1536, ref-view54, photo/geo/final-mask:0.6534740306712963/0.6023503056278935/0.549539636682581
valid_points 0.549539636682581
processing /root/off1536, ref-view55, photo/geo/final-mask:0.7702840169270834/0.5799973099320023/0.5423923068576388
valid_points 0.5423923068576388
processing /root/off1536, ref-view56, photo/geo/final-mask:0.8085033275462963/0.5733529550057871/0.5542924669053819
valid_points 0.5542924669053819
processing /root/off1536, ref-view57, photo/geo/final-mask:0.7683896665219907/0.5198567708333334/0.5002966986762153
valid_points 0.5002966986762153
processing /root/off1536, ref-view58, photo/geo/final-mask:0.7039071542245371/0.37156620732060186/0.3636338975694444
valid_points 0.3636338975694444
processing /root/off1536, ref-view59, photo/geo/final-mask:0.6334499782986112/0.6208106146918403/0.5541184036820023
valid_points 0.5541184036820023
processing /root/off1536, ref-view60, photo/geo/final-mask:0.6106160481770834/0.6156768798828125/0.5454039397063078
valid_points 0.5454039397063078
processing /root/off1536, ref-view61, photo/geo/final-mask:0.7423163519965278/0.4410213894314236/0.4142128273292824
valid_points 0.4142128273292824
processing /root/off1536, ref-view62, photo/geo/final-mask:0.7542882848668981/0.6279438160083912/0.5885365804036459
valid_points 0.5885365804036459
processing /root/off1536, ref-view63, photo/geo/final-mask:0.6101345486111112/0.38156919126157407/0.3550578929759838
valid_points 0.3550578929759838
processing /root/off1536, ref-view64, photo/geo/final-mask:0.6345802589699074/0.6089703595196759/0.5423267505787037
valid_points 0.5423267505787037
processing /root/off1536, ref-view65, photo/geo/final-mask:0.6305519386574074/0.526824951171875/0.4637095133463542
valid_points 0.4637095133463542
processing /root/off1536, ref-view66, photo/geo/final-mask:0.7714775933159722/0.5632974130135996/0.545064855504919
valid_points 0.545064855504919
processing /root/off1536, ref-view67, photo/geo/final-mask:0.5904111508969907/0.5349804913556134/0.48189403392650465
valid_points 0.48189403392650465
processing /root/off1536, ref-view68, photo/geo/final-mask:0.5194679542824074/0.4760657416449653/0.4203140823929398
valid_points 0.4203140823929398
processing /root/off1536, ref-view69, photo/geo/final-mask:0.6758355034722222/0.5684831407335069/0.5089145236545138
valid_points 0.5089145236545138
processing /root/off1536, ref-view70, photo/geo/final-mask:0.6006288881655093/0.32164284035011576/0.3142287642867477
valid_points 0.3142287642867477
processing /root/off1536, ref-view71, photo/geo/final-mask:0.73651123046875/0.4539540608723958/0.44133956344039355
valid_points 0.44133956344039355
processing /root/off1536, ref-view72, photo/geo/final-mask:0.6548597547743056/0.3944295247395833/0.38527707700376157
valid_points 0.38527707700376157
processing /root/off1536, ref-view73, photo/geo/final-mask:0.7339635778356481/0.46572084780092593/0.45142166702835645
valid_points 0.45142166702835645
processing /root/off1536, ref-view74, photo/geo/final-mask:0.7104786060474537/0.4620316116898148/0.4409614845558449
valid_points 0.4409614845558449
processing /root/off1536, ref-view75, photo/geo/final-mask:0.7659437391493056/0.41969694914641203/0.4017509177879051
valid_points 0.4017509177879051
processing /root/off1536, ref-view76, photo/geo/final-mask:0.5432829680266203/0.27503402144820605/0.26512428566261576
valid_points 0.26512428566261576
processing /root/off1536, ref-view77, photo/geo/final-mask:0.7274735062210648/0.6362186008029513/0.6078875506365741
valid_points 0.6078875506365741
processing /root/off1536, ref-view78, photo/geo/final-mask:0.6687237774884259/0.5903122513382523/0.5606361671730324
valid_points 0.5606361671730324
processing /root/off1536, ref-view79, photo/geo/final-mask:0.8132346824363426/0.6691922788266782/0.6510399712456597
valid_points 0.6510399712456597
processing /root/off1536, ref-view80, photo/geo/final-mask:0.7811279296875/0.7036827935112847/0.6762989185474537
valid_points 0.6762989185474537
processing /root/off1536, ref-view81, photo/geo/final-mask:0.7893202039930556/0.6457706027560763/0.6295883743851273
valid_points 0.6295883743851273
processing /root/off1536, ref-view82, photo/geo/final-mask:0.6770358615451388/0.43749208803530093/0.41986818666811343
valid_points 0.41986818666811343
processing /root/off1536, ref-view83, photo/geo/final-mask:0.7529703776041666/0.6235018129701968/0.5913029423466435
valid_points 0.5913029423466435
processing /root/off1536, ref-view84, photo/geo/final-mask:0.7253259729456019/0.6397597701461227/0.6061017071759259
valid_points 0.6061017071759259
processing /root/off1536, ref-view85, photo/geo/final-mask:0.7453025535300926/0.5963886402271412/0.5666588677300347
valid_points 0.5666588677300347
processing /root/off1536, ref-view86, photo/geo/final-mask:0.7531670464409722/0.6582087764033565/0.6285993787977431
valid_points 0.6285993787977431
processing /root/off1536, ref-view87, photo/geo/final-mask:0.7414143880208334/0.6558199282045718/0.6313725224247685
valid_points 0.6313725224247685
processing /root/off1536, ref-view88, photo/geo/final-mask:0.7615401656539352/0.6710821081090856/0.6528795030381944
valid_points 0.6528795030381944
processing /root/off1536, ref-view89, photo/geo/final-mask:0.7705756293402778/0.6680619981553819/0.6495496961805556
valid_points 0.6495496961805556
processing /root/off1536, ref-view90, photo/geo/final-mask:0.6268807870370371/0.4793266013816551/0.4545305040147569
valid_points 0.4545305040147569
processing /root/off1536, ref-view91, photo/geo/final-mask:0.7230586299189815/0.5848219129774306/0.5684356689453125
valid_points 0.5684356689453125
processing /root/off1536, ref-view92, photo/geo/final-mask:0.7201560691550926/0.5744284170645254/0.5489643238208912
valid_points 0.5489643238208912
processing /root/off1536, ref-view93, photo/geo/final-mask:0.7650078667534722/0.6209586814597801/0.601755212854456
valid_points 0.601755212854456
processing /root/off1536, ref-view94, photo/geo/final-mask:0.7008327907986112/0.5615200466579862/0.5333478009259259
valid_points 0.5333478009259259
processing /root/off1536, ref-view95, photo/geo/final-mask:0.6443345811631944/0.49871430573640047/0.4792548285590278
valid_points 0.4792548285590278
processing /root/off1536, ref-view96, photo/geo/final-mask:0.6866929796006944/0.5143155698423032/0.4971940782335069
valid_points 0.4971940782335069
processing /root/off1536, ref-view97, photo/geo/final-mask:0.63128662109375/0.5303316469545718/0.49084868254484953
valid_points 0.49084868254484953
processing /root/off1536, ref-view98, photo/geo/final-mask:0.7721693250868056/0.7045570656105324/0.6752138491030093
valid_points 0.6752138491030093
processing /root/off1536, ref-view99, photo/geo/final-mask:0.6625750506365741/0.3768451831958912/0.35099001283998843
valid_points 0.35099001283998843
processing /root/off1536, ref-view100, photo/geo/final-mask:0.5929791485821759/0.3371751573350694/0.3292891890914352
valid_points 0.3292891890914352
processing /root/off1536, ref-view101, photo/geo/final-mask:0.7008395724826388/0.6065628616898148/0.5747878463179977
valid_points 0.5747878463179977
processing /root/off1536, ref-view102, photo/geo/final-mask:0.77105712890625/0.6570055926287616/0.6316364429615162
valid_points 0.6316364429615162
processing /root/off1536, ref-view103, photo/geo/final-mask:0.62774658203125/0.37995119448061343/0.3694932725694444
valid_points 0.3694932725694444
processing /root/off1536, ref-view104, photo/geo/final-mask:0.6432630750868056/0.3520660400390625/0.34516002513744215
valid_points 0.34516002513744215
processing /root/off1536, ref-view105, photo/geo/final-mask:0.4423963758680556/0.37261002152054395/0.3391429759837963
valid_points 0.3391429759837963
processing /root/off1536, ref-view106, photo/geo/final-mask:0.7326818395543981/0.41200312861689814/0.3663991292317708
valid_points 0.3663991292317708
processing /root/off1536, ref-view107, photo/geo/final-mask:0.6300840024594907/0.47360794632523145/0.4543044478804977
valid_points 0.4543044478804977
processing /root/off1536, ref-view108, photo/geo/final-mask:0.5341706452546297/0.36318178530092593/0.34089095504195605
valid_points 0.34089095504195605
processing /root/off1536, ref-view109, photo/geo/final-mask:0.5996749312789352/0.37763185854311343/0.3654140896267361
valid_points 0.3654140896267361
processing /root/off1536, ref-view110, photo/geo/final-mask:0.5504195601851852/0.41597889087818285/0.3914845784505208
valid_points 0.3914845784505208
processing /root/off1536, ref-view111, photo/geo/final-mask:0.7364592375578703/0.5927265308521412/0.5620388454861112
valid_points 0.5620388454861112
processing /root/off1536, ref-view112, photo/geo/final-mask:0.6663999204282407/0.5137148256655093/0.4839500144675926
valid_points 0.4839500144675926
processing /root/off1536, ref-view113, photo/geo/final-mask:0.4855369285300926/0.24597563566984953/0.23852595576533564
valid_points 0.23852595576533564
processing /root/off1536, ref-view114, photo/geo/final-mask:0.5821397569444444/0.39000673647280093/0.3789757622612847
valid_points 0.3789757622612847
processing /root/off1536, ref-view115, photo/geo/final-mask:0.4751993815104167/0.39237693504050924/0.3678622775607639
valid_points 0.3678622775607639
processing /root/off1536, ref-view116, photo/geo/final-mask:0.4642017505787037/0.1874095775462963/0.18183842411747686
valid_points 0.18183842411747686
processing /root/off1536, ref-view117, photo/geo/final-mask:0.31247513382523145/0.15988950376157407/0.15664164225260416
valid_points 0.15664164225260416
processing /root/off1536, ref-view118, photo/geo/final-mask:0.6126076027199074/0.2254418267144097/0.20035581235532407
valid_points 0.20035581235532407
processing /root/off1536, ref-view119, photo/geo/final-mask:0.3984442816840278/0.25169768156828703/0.24334886338975695
valid_points 0.24334886338975695
processing /root/off1536, ref-view120, photo/geo/final-mask:0.4501975730613426/0.1721377902560764/0.16920527705439814
valid_points 0.16920527705439814
processing /root/off1536, ref-view121, photo/geo/final-mask:0.3999905056423611/0.31453507034866895/0.29993297435619215
valid_points 0.29993297435619215
processing /root/off1536, ref-view122, photo/geo/final-mask:0.28096064814814814/0.1740078396267361/0.1642586036964699
valid_points 0.1642586036964699
processing /root/off1536, ref-view123, photo/geo/final-mask:0.48399748625578703/0.2576152660228588/0.2371498390480324
valid_points 0.2371498390480324
processing /root/off1536, ref-view124, photo/geo/final-mask:0.5647085684317129/0.19450208875868055/0.1702236599392361
valid_points 0.1702236599392361
processing /root/off1536, ref-view125, photo/geo/final-mask:0.40764476634837965/0.25082114890769674/0.23741545500578703
valid_points 0.23741545500578703
processing /root/off1536, ref-view126, photo/geo/final-mask:0.5918262622974537/0.2520859329788773/0.24358565719039352
valid_points 0.24358565719039352
processing /root/off1536, ref-view127, photo/geo/final-mask:0.8103117766203703/0.23945052535445602/0.23662821451822916
valid_points 0.23662821451822916
processing /root/off1536, ref-view128, photo/geo/final-mask:0.7480016637731481/0.2573287398726852/0.25221874095775465
valid_points 0.25221874095775465
processing /root/off1536, ref-view129, photo/geo/final-mask:0.7606268988715278/0.2041015625/0.20030947084780093
valid_points 0.20030947084780093
processing /root/off1536, ref-view130, photo/geo/final-mask:0.2300708912037037/0.11138124819155093/0.10154272008825231
valid_points 0.10154272008825231
processing /root/off1536, ref-view131, photo/geo/final-mask:0.2705711082175926/0.16290283203125/0.1487556740089699
valid_points 0.1487556740089699
saving the final model to /root/off1536/pc.ply
DONE_1536 pc=119304132 点  (768 官方 = 36,845,259)
