=== [09-13 16:43] sp_stream 20..894 MINFREE=120G ===
--- [16:43] shards 20..39  free=399G ---
Warning: You are sending unauthenticated requests to the HF Hub. Please set a HF_TOKEN to enable higher rate limits and faster downloads.
got shard-000039.tar 1002752000
DONE
[done] 写出 1029 场景, 丢弃 2 个 (帧数!=8 或不在元组表)
   drop scene_10838 (帧数 3)
   drop scene_11765 (帧数 7)
[batch 20 done 16:45] 盘上场景 1964
--- [16:45] shards 40..59  free=403G ---
Warning: You are sending unauthenticated requests to the HF Hub. Please set a HF_TOKEN to enable higher rate limits and faster downloads.
got shard-000059.tar 1003407360
DONE
[21/21] shard-000059.tar  累计写出 1032 场景  carry []
[done] 写出 1032 场景, 丢弃 1 个 (帧数!=8 或不在元组表)
   drop scene_1265 (帧数 3)
[batch 40 done 16:52] 盘上场景 2947
--- [16:52] shards 60..79  free=390G ---
Warning: You are sending unauthenticated requests to the HF Hub. Please set a HF_TOKEN to enable higher rate limits and faster downloads.
got shard-000079.tar 1003581440
DONE
[done] 写出 1031 场景, 丢弃 2 个 (帧数!=8 或不在元组表)
   drop scene_12605 (帧数 7)
   drop scene_13534 (帧数 2)
[batch 60 done 16:58] 盘上场景 3930
--- [16:58] shards 80..99  free=376G ---
Warning: You are sending unauthenticated requests to the HF Hub. Please set a HF_TOKEN to enable higher rate limits and faster downloads.
got shard-000099.tar 1003079680
DONE
[21/21] shard-000099.tar  累计写出 1030 场景  carry []
[done] 写出 1030 场景, 丢弃 1 个 (帧数!=8 或不在元组表)
   drop scene_13490 (帧数 1)
[17:05] 孤儿转换结束, 重启 sp_stream 80..419
=== [09-13 17:05] sp_stream 80..419 MINFREE=120G ===
--- [17:05] shards 80..99  free=343G ---
Warning: You are sending unauthenticated requests to the HF Hub. Please set a HF_TOKEN to enable higher rate limits and faster downloads.
got shard-000099.tar 1003079680
DONE
[21/21] shard-000099.tar  累计写出 1030 场景  carry []
[done] 写出 1030 场景, 丢弃 1 个 (帧数!=8 或不在元组表)
   drop scene_13490 (帧数 1)
[batch 80 done 17:05] 盘上场景 4912
--- [17:05] shards 100..119  free=362G ---
Warning: You are sending unauthenticated requests to the HF Hub. Please set a HF_TOKEN to enable higher rate limits and faster downloads.
got shard-000119.tar 1002209280
DONE
[21/21] shard-000119.tar  累计写出 1031 场景  carry []
[done] 写出 1031 场景, 丢弃 1 个 (帧数!=8 或不在元组表)
   drop scene_15301 (帧数 3)
[batch 100 done 17:12] 盘上场景 5894
--- [17:12] shards 120..139  free=348G ---
Warning: You are sending unauthenticated requests to the HF Hub. Please set a HF_TOKEN to enable higher rate limits and faster downloads.
got shard-000139.tar 1003345920
DONE
[done] 写出 1028 场景, 丢弃 2 个 (帧数!=8 或不在元组表)
   drop scene_15258 (帧数 4)
   drop scene_16184 (帧数 3)
[batch 120 done 17:18] 盘上场景 6874
--- [17:18] shards 140..159  free=334G ---
Warning: You are sending unauthenticated requests to the HF Hub. Please set a HF_TOKEN to enable higher rate limits and faster downloads.
got shard-000159.tar 1003653120
DONE
[done] 写出 1032 场景, 丢弃 2 个 (帧数!=8 或不在元组表)
   drop scene_16139 (帧数 1)
   drop scene_17069 (帧数 1)
[batch 140 done 17:25] 盘上场景 7857
--- [17:25] shards 160..179  free=319G ---
Warning: You are sending unauthenticated requests to the HF Hub. Please set a HF_TOKEN to enable higher rate limits and faster downloads.
got shard-000179.tar 1002741760
DONE
[done] 写出 1029 场景, 丢弃 2 个 (帧数!=8 或不在元组表)
   drop scene_17024 (帧数 5)
   drop scene_17952 (帧数 5)
[batch 160 done 17:31] 盘上场景 8838
--- [17:31] shards 180..199  free=305G ---
Warning: You are sending unauthenticated requests to the HF Hub. Please set a HF_TOKEN to enable higher rate limits and faster downloads.
got shard-000199.tar 1003571200
DONE
[21/21] shard-000199.tar  累计写出 1028 场景  carry []
[done] 写出 1028 场景, 丢弃 1 个 (帧数!=8 或不在元组表)
   drop scene_17908 (帧数 6)
[batch 180 done 17:38] 盘上场景 9818
--- [17:38] shards 200..219  free=291G ---
Warning: You are sending unauthenticated requests to the HF Hub. Please set a HF_TOKEN to enable higher rate limits and faster downloads.
got shard-000219.tar 1002434560
DONE
[done] 写出 1030 场景, 丢弃 2 个 (帧数!=8 或不在元组表)
   drop scene_18790 (帧数 6)
   drop scene_19718 (帧数 5)
[batch 200 done 17:45] 盘上场景 10800
--- [17:45] shards 220..239  free=277G ---
Warning: You are sending unauthenticated requests to the HF Hub. Please set a HF_TOKEN to enable higher rate limits and faster downloads.
got shard-000239.tar 1002752000
DONE
[21/21] shard-000239.tar  累计写出 1032 场景  carry []
[done] 写出 1032 场景, 丢弃 1 个 (帧数!=8 或不在元组表)
   drop scene_20602 (帧数 7)
[batch 220 done 17:51] 盘上场景 11784
--- [17:51] shards 240..259  free=262G ---
Warning: You are sending unauthenticated requests to the HF Hub. Please set a HF_TOKEN to enable higher rate limits and faster downloads.
got shard-000259.tar 1003100160
DONE
[21/21] shard-000259.tar  累计写出 1034 场景  carry []
[done] 写出 1034 场景, 丢弃 1 个 (帧数!=8 或不在元组表)
   drop scene_2149 (帧数 1)
[batch 240 done 17:58] 盘上场景 12769
--- [17:58] shards 260..279  free=248G ---
Warning: You are sending unauthenticated requests to the HF Hub. Please set a HF_TOKEN to enable higher rate limits and faster downloads.
got shard-000279.tar 1004339200
DONE
[done] 写出 1032 场景, 丢弃 2 个 (帧数!=8 或不在元组表)
   drop scene_21444 (帧数 3)
   drop scene_22374 (帧数 2)
[batch 260 done 18:04] 盘上场景 13752
--- [18:04] shards 280..299  free=234G ---
Warning: You are sending unauthenticated requests to the HF Hub. Please set a HF_TOKEN to enable higher rate limits and faster downloads.
got shard-000299.tar 1002352640
DONE
[21/21] shard-000299.tar  累计写出 1034 场景  carry []
[done] 写出 1034 场景, 丢弃 1 个 (帧数!=8 或不在元组表)
   drop scene_23260 (帧数 2)
[batch 280 done 18:11] 盘上场景 14737
--- [18:11] shards 300..319  free=219G ---
Warning: You are sending unauthenticated requests to the HF Hub. Please set a HF_TOKEN to enable higher rate limits and faster downloads.
got shard-000319.tar 1003663360
DONE
[done] 写出 1036 场景, 丢弃 2 个 (帧数!=8 或不在元组表)
   drop scene_23215 (帧数 6)
   drop scene_24149 (帧数 7)
[batch 300 done 18:17] 盘上场景 15724
--- [18:17] shards 320..339  free=205G ---
Warning: You are sending unauthenticated requests to the HF Hub. Please set a HF_TOKEN to enable higher rate limits and faster downloads.
got shard-000339.tar 1003417600
DONE
[21/21] shard-000339.tar  累计写出 1036 场景  carry []
[done] 写出 1036 场景, 丢弃 1 个 (帧数!=8 或不在元组表)
   drop scene_24104 (帧数 2)
[batch 320 done 18:24] 盘上场景 16712
--- [18:24] shards 340..359  free=191G ---
Warning: You are sending unauthenticated requests to the HF Hub. Please set a HF_TOKEN to enable higher rate limits and faster downloads.
got shard-000359.tar 1003069440
DONE
[21/21] shard-000359.tar  累计写出 1033 场景  carry []
[done] 写出 1033 场景, 丢弃 1 个 (帧数!=8 或不在元组表)
   drop scene_25924 (帧数 5)
[batch 340 done 18:30] 盘上场景 17696
--- [18:30] shards 360..379  free=177G ---
Warning: You are sending unauthenticated requests to the HF Hub. Please set a HF_TOKEN to enable higher rate limits and faster downloads.
got shard-000379.tar 1002403840
DONE
[done] 写出 1034 场景, 丢弃 2 个 (帧数!=8 或不在元组表)
   drop scene_25880 (帧数 5)
   drop scene_26811 (帧数 1)
[batch 360 done 18:37] 盘上场景 18682
--- [18:37] shards 380..399  free=162G ---
Warning: You are sending unauthenticated requests to the HF Hub. Please set a HF_TOKEN to enable higher rate limits and faster downloads.
got shard-000399.tar 1004072960
DONE
[done] 写出 1035 场景, 丢弃 2 个 (帧数!=8 或不在元组表)
   drop scene_26767 (帧数 2)
   drop scene_277 (帧数 2)
[batch 380 done 18:44] 盘上场景 19668
--- [18:44] shards 400..419  free=148G ---
Warning: You are sending unauthenticated requests to the HF Hub. Please set a HF_TOKEN to enable higher rate limits and faster downloads.
got shard-000419.tar 1004134400
DONE
[done] 写出 1032 场景, 丢弃 2 个 (帧数!=8 或不在元组表)
   drop scene_27655 (帧数 5)
   drop scene_28585 (帧数 4)
[batch 400 done 18:51] 盘上场景 20652
[all done 18:51]
