REPLAY src_db=/Users/kaidongwang/.config/superpowers/worktrees/pocketworld_research_benchmarks/pocketworld-repro-contract-20260714/experiments/multiview_site_matcher_2026-07-15/cap56_multiview_lk3_raw_20260715.db pair_db=/Users/kaidongwang/.config/superpowers/worktrees/pocketworld_research_benchmarks/pocketworld-repro-contract-20260714/experiments/multiview_site_matcher_2026-07-15/cap56_multiview_lk3_raynorm_regeom_seed42_20260715.db poses=/tmp/pocketworld_cap56_reconcile_20260714/sfm_fed_frames.jsonl intrinsics=/Users/kaidongwang/.config/superpowers/worktrees/pocketworld_research_benchmarks/pocketworld-repro-contract-20260714/experiments/multiview_site_matcher_2026-07-15/cap56_intrinsics_fxfycxcy.tsv out=aether_cpp/third_party/glomap_vendor/bench_runs/cap56_current_source_replay_20260715/raynorm_seed42_lk3 k=19 max_frames=0 AETHER_INCREMENTAL_GLOBAL_BA=(unset)
SOURCE n_images=20 n_poses=20 n_intrinsics=20
STORED_PAIRS matches=190 nonempty_matches=190 two_view=188 nonempty_two_view=188 geometry_missing=2 geometry_only=0
W20260715 04:21:27.965625 0x1fb6b2080 aether_sfm_c.cc:4979] [aether_sfm] host replay reusing stored pairs from /Users/kaidongwang/.config/superpowers/worktrees/pocketworld_research_benchmarks/pocketworld-repro-contract-20260714/experiments/multiview_site_matcher_2026-07-15/cap56_multiview_lk3_raynorm_regeom_seed42_20260715.db (matches=190, verified=188)
I20260715 04:21:27.984651 0x1fb6b2080 bundle_adjustment_ceres.cc:842] [AETHER] solver_used=DENSE_SCHUR sparse_backend=EIGEN_SPARSE dense_backend=EIGEN mixed=0 threads=1
I20260715 04:21:28.022477 0x1fb6b2080 bundle_adjustment_ceres.cc:842] [AETHER] solver_used=DENSE_SCHUR sparse_backend=EIGEN_SPARSE dense_backend=EIGEN mixed=0 threads=1
I20260715 04:21:28.054682 0x1fb6b2080 bundle_adjustment_ceres.cc:842] [AETHER] solver_used=DENSE_SCHUR sparse_backend=EIGEN_SPARSE dense_backend=EIGEN mixed=0 threads=1
I20260715 04:21:28.088797 0x1fb6b2080 bundle_adjustment_ceres.cc:842] [AETHER] solver_used=DENSE_SCHUR sparse_backend=EIGEN_SPARSE dense_backend=EIGEN mixed=0 threads=1
I20260715 04:21:28.140393 0x1fb6b2080 bundle_adjustment_ceres.cc:842] [AETHER] solver_used=DENSE_SCHUR sparse_backend=EIGEN_SPARSE dense_backend=EIGEN mixed=0 threads=1
I20260715 04:21:28.188038 0x1fb6b2080 bundle_adjustment_ceres.cc:842] [AETHER] solver_used=DENSE_SCHUR sparse_backend=EIGEN_SPARSE dense_backend=EIGEN mixed=0 threads=1
I20260715 04:21:28.241922 0x1fb6b2080 bundle_adjustment_ceres.cc:842] [AETHER] solver_used=DENSE_SCHUR sparse_backend=EIGEN_SPARSE dense_backend=EIGEN mixed=0 threads=1
I20260715 04:21:28.311560 0x1fb6b2080 bundle_adjustment_ceres.cc:842] [AETHER] solver_used=DENSE_SCHUR sparse_backend=EIGEN_SPARSE dense_backend=EIGEN mixed=0 threads=1
I20260715 04:21:28.380960 0x1fb6b2080 bundle_adjustment_ceres.cc:842] [AETHER] solver_used=DENSE_SCHUR sparse_backend=EIGEN_SPARSE dense_backend=EIGEN mixed=0 threads=1
I20260715 04:21:28.460347 0x1fb6b2080 bundle_adjustment_ceres.cc:842] [AETHER] solver_used=DENSE_SCHUR sparse_backend=EIGEN_SPARSE dense_backend=EIGEN mixed=0 threads=1
I20260715 04:21:28.538854 0x1fb6b2080 bundle_adjustment_ceres.cc:842] [AETHER] solver_used=DENSE_SCHUR sparse_backend=EIGEN_SPARSE dense_backend=EIGEN mixed=0 threads=1
I20260715 04:21:28.610437 0x1fb6b2080 bundle_adjustment_ceres.cc:842] [AETHER] solver_used=DENSE_SCHUR sparse_backend=EIGEN_SPARSE dense_backend=EIGEN mixed=0 threads=1
I20260715 04:21:28.688249 0x1fb6b2080 bundle_adjustment_ceres.cc:842] [AETHER] solver_used=DENSE_SCHUR sparse_backend=EIGEN_SPARSE dense_backend=EIGEN mixed=0 threads=1
I20260715 04:21:28.763956 0x1fb6b2080 bundle_adjustment_ceres.cc:842] [AETHER] solver_used=DENSE_SCHUR sparse_backend=EIGEN_SPARSE dense_backend=EIGEN mixed=0 threads=1
I20260715 04:21:28.827497 0x1fb6b2080 bundle_adjustment_ceres.cc:842] [AETHER] solver_used=DENSE_SCHUR sparse_backend=EIGEN_SPARSE dense_backend=EIGEN mixed=0 threads=1
I20260715 04:21:28.889938 0x1fb6b2080 bundle_adjustment_ceres.cc:842] [AETHER] solver_used=DENSE_SCHUR sparse_backend=EIGEN_SPARSE dense_backend=EIGEN mixed=0 threads=1
I20260715 04:21:28.957717 0x1fb6b2080 bundle_adjustment_ceres.cc:842] [AETHER] solver_used=DENSE_SCHUR sparse_backend=EIGEN_SPARSE dense_backend=EIGEN mixed=0 threads=1
I20260715 04:21:29.023166 0x1fb6b2080 bundle_adjustment_ceres.cc:842] [AETHER] solver_used=DENSE_SCHUR sparse_backend=EIGEN_SPARSE dense_backend=EIGEN mixed=0 threads=1
STREAMED fed=20 missing_pose=0 stream_ms=1067.7
FINALIZE_ASYNC phase1={"solve_ms":0.6,"n_models":1,"n_registered":20,"n_points3d":15913,"reproj_px":0.8246,"track_len":2.097,"phase1":"live_reuse"}
I20260715 04:21:29.030848 0x16af37000 database_cache.cc:72] Loading rigs...
I20260715 04:21:29.030863 0x16af37000 database_cache.cc:82]  0 in 0.000s
I20260715 04:21:29.030869 0x16af37000 database_cache.cc:90] Loading cameras...
I20260715 04:21:29.030882 0x16af37000 database_cache.cc:108]  1 in 0.000s
I20260715 04:21:29.030887 0x16af37000 database_cache.cc:116] Loading frames...
I20260715 04:21:29.030895 0x16af37000 database_cache.cc:126]  0 in 0.000s
I20260715 04:21:29.030899 0x16af37000 database_cache.cc:134] Loading matches...
I20260715 04:21:29.031230 0x16af37000 database_cache.cc:139]  188 in 0.000s
I20260715 04:21:29.031238 0x16af37000 database_cache.cc:147] Loading images...
I20260715 04:21:29.032439 0x16af37000 database_cache.cc:236]  20 in 0.001s (loaded all 20)
I20260715 04:21:29.032701 0x16af37000 database_cache.cc:255] Loading pose priors...
I20260715 04:21:29.032711 0x16af37000 database_cache.cc:263]  0 in 0.000s
I20260715 04:21:29.032715 0x16af37000 database_cache.cc:271] Building correspondence graph...
I20260715 04:21:29.037601 0x16af37000 database_cache.cc:300]  in 0.005s (ignored 0)
I20260715 04:21:29.062782 0x16af37000 incremental_pipeline.cc:320] Loading database
I20260715 04:21:29.062813 0x16af37000 database_cache.cc:72] Loading rigs...
I20260715 04:21:29.062821 0x16af37000 database_cache.cc:82]  0 in 0.000s
I20260715 04:21:29.062827 0x16af37000 database_cache.cc:90] Loading cameras...
I20260715 04:21:29.062835 0x16af37000 database_cache.cc:108]  1 in 0.000s
I20260715 04:21:29.062839 0x16af37000 database_cache.cc:116] Loading frames...
I20260715 04:21:29.062845 0x16af37000 database_cache.cc:126]  0 in 0.000s
I20260715 04:21:29.062849 0x16af37000 database_cache.cc:134] Loading matches...
I20260715 04:21:29.063177 0x16af37000 database_cache.cc:139]  188 in 0.000s
I20260715 04:21:29.063182 0x16af37000 database_cache.cc:147] Loading images...
I20260715 04:21:29.064436 0x16af37000 database_cache.cc:236]  20 in 0.001s (loaded all 20)
I20260715 04:21:29.064457 0x16af37000 database_cache.cc:255] Loading pose priors...
I20260715 04:21:29.064465 0x16af37000 database_cache.cc:263]  0 in 0.000s
I20260715 04:21:29.064469 0x16af37000 database_cache.cc:271] Building correspondence graph...
I20260715 04:21:29.069380 0x16af37000 database_cache.cc:300]  in 0.005s (ignored 0)
I20260715 04:21:29.069388 0x16af37000 timer.cc:90] Elapsed time: 0.000 [minutes]
I20260715 04:21:29.760280 0x16af37000 bundle_adjustment_ceres.cc:842] [AETHER] solver_used=DENSE_SCHUR sparse_backend=EIGEN_SPARSE dense_backend=EIGEN mixed=0 threads=6
I20260715 04:21:30.445068 0x16af37000 bundle_adjustment_ceres.cc:842] [AETHER] solver_used=DENSE_SCHUR sparse_backend=EIGEN_SPARSE dense_backend=EIGEN mixed=0 threads=6
I20260715 04:21:31.102707 0x16af37000 bundle_adjustment_ceres.cc:842] [AETHER] solver_used=DENSE_SCHUR sparse_backend=EIGEN_SPARSE dense_backend=EIGEN mixed=0 threads=6
I20260715 04:21:31.760183 0x16af37000 bundle_adjustment_ceres.cc:842] [AETHER] solver_used=DENSE_SCHUR sparse_backend=EIGEN_SPARSE dense_backend=EIGEN mixed=0 threads=6
I20260715 04:21:32.209888 0x16af37000 bundle_adjustment_ceres.cc:842] [AETHER] solver_used=DENSE_SCHUR sparse_backend=EIGEN_SPARSE dense_backend=EIGEN mixed=0 threads=6
W20260715 04:21:32.231021 0x16af37000 aether_sfm_c.cc:4494] [aether_sfm] finalize worker: cache_pre=6ms enrich=15ms stage1=17ms (ok, rounds=0) stage2=3166ms (rounds<=5) temporal=9ms upgrade=0ms total=3200ms
REFINED finalize_ms=3349.4
RESULT incr=off n_reg=20 n_points=14799 track3plus=4194 n_obs=39607 mean_reproj_px=1.0698 stream_ms=1067.7 finalize_ms=3349.4 total_ms=4417.1
        4.47 real         9.83 user         3.99 sys
           109821952  maximum resident set size
                   0  average shared memory size
                   0  average unshared data size
                   0  average unshared stack size
                8311  page reclaims
                  28  page faults
                   0  swaps
                   0  block input operations
                   0  block output operations
                   0  messages sent
                   0  messages received
                   0  signals received
                 233  voluntary context switches
              869129  involuntary context switches
        119565994852  instructions retired
         47516264325  cycles elapsed
            99336672  peak memory footprint
