FT 2 254666.748548255 112 109 0 0.00826328389
FT 3 254666.781885005 128 122 1 0.00581937424
FT 4 254666.815221838 133 130 1 0.00302880391
FT 5 254666.848558671 137 134 1 0.00782174828
FT 6 254666.881895421 142 137 0 0.00901737681
FT 7 254666.915850583 146 145 1 0.00759500598
FT 8 254666.949156666 149 144 0 0.0137785986
FT 9 254666.982463041 151 144 0 0.00971931863
FT 10 254667.015769250 151 146 0 0.011574843
FT 11 254667.049075500 157 148 1 0.0153009543
FT 12 254667.082381791 156 149 1 0.00987069386
FT 13 254667.115688000 153 146 1 0.0111115166
FT 14 254667.148994250 154 150 0 0.00938320018
FT 15 254667.182300583 154 149 0 0.0118587497
FT 16 254667.215606791 156 151 1 0.0111818626
FT 17 254667.248943416 155 152 1 0.00446158659
FT 18 254667.282279875 155 149 1 0.00513094474
FT 19 254667.315616500 155 150 0 0.00630707071
FT 20 254667.348953041 158 153 1 0.00628048462
FT 21 254667.382289666 156 150 1 0.00305662517
FT 22 254667.415626125 156 150 1 0.0039716573
FT 23 254667.448962708 155 154 1 0.00414627685
FT 24 254667.482299416 158 158 0 0.00225258374
FT 25 254667.515635833 163 156 0 0.00278253175
FT 26 254667.548972375 160 159 1 0.00153744214
FT 27 254667.582308958 161 153 0 0.0113245362
FT 28 254667.615645666 156 148 1 0.0155242442
FT 29 254667.648982166 151 144 1 0.00974319147
FT 30 254667.815665041 153 140 0 0.0306258997
FT 31 254667.849001625 147 141 1 0.00671198304
FT 32 254667.882338208 144 143 0 0.00550333313
FT 33 254667.915674666 149 148 1 0.00595977169
FT 34 254667.949011208 152 152 1 0.00517399827
FT 35 254667.982347791 154 153 1 0.00345119606
FT 36 254668.015684458 157 154 0 0.00424625557
INIT 254666.715211421 254668.015684458 8 0.136010998 8.67581825 0.969847389 4.46765688 -0.00628557219 0.000106422322 0.00288945041 0 0 0
FT 37 254668.049020958 156 154 1 0.00511784337
FT 38 254668.082357500 154 149 1 0.00514945074
FT 39 254668.115694041 149 146 1 0.00147899522
SW 39 254668.115694041 0 205 0 0 0
FT 40 254668.149030541 153 153 0 0.00249057913
FT 41 254668.182367083 153 153 1 0.00178903393
FT 42 254668.215703541 153 149 0 0.00322617377
SW 42 254668.215703541 1 177 225 7 0
FT 43 254668.249040125 154 150 1 0.00413557939
FT 44 254668.282376708 150 145 0 0.00320458955
FT 45 254668.315713250 145 143 1 0.00218404263
SW 45 254668.315713250 0 177 0 0 0
FT 46 254668.349049666 151 149 1 0.00462088756
FT 47 254668.382386291 149 146 1 0.00610318254
FT 48 254668.415722791 146 140 1 0.00381843991
SW 48 254668.415722791 0 177 0 0 0
FT 49 254668.449059375 146 143 0 0.00466853971
FT 50 254668.482395833 143 140 1 0.00506875336
FT 51 254668.515732416 140 135 1 0.00518401619
SW 51 254668.515732416 0 177 0 0 0
FT 52 254668.549068916 143 140 1 0.00439649332
FT 53 254668.582405500 140 138 0 0.00608313216
FT 54 254668.615741875 138 137 1 0.0071131895
SW 54 254668.615741875 0 177 0 0 0
FT 55 254668.649078458 140 136 0 0.00947145376
FT 56 254668.682414916 136 135 1 0.00782715971
FT 57 254668.715751458 135 134 1 0.00197380399
SW 57 254668.715751458 0 177 0 0 0
FT 58 254668.749088000 151 151 0 0.00431991058
FT 59 254668.782424458 151 149 1 0.00385421872
FT 60 254668.815761083 149 145 0 0.00200278152
SW 60 254668.815761083 1 179 214 10 0
FT 61 254668.849097625 149 149 1 0.00351543094
FT 62 254668.882434083 149 149 1 0.00513588327
FT 63 254668.915770625 149 148 1 0.00373680388
SW 63 254668.915770625 0 179 0 0 0
FT 64 254668.949107041 152 151 1 0.00216864085
FT 65 254668.982443541 151 149 1 0.00226453459
FT 66 254669.015780041 149 148 0 0.00377118863
SW 66 254669.015780041 1 172 195 13 0
FT 67 254669.049116583 154 151 1 0.00503260639
FT 68 254669.082453041 151 150 1 0.00591758414
FT 69 254669.115789583 150 150 1 0.00293874108
SW 69 254669.115789583 0 172 0 0 0
FT 70 254669.149126208 153 153 1 0.00528951008
FT 71 254669.182462708 153 149 1 0.00915912938
FT 72 254669.215799166 149 149 0 0.00824432306
SW 72 254669.215799166 1 148 193 12 0
FT 73 254669.249135625 150 145 0 0.00740851032
FT 74 254669.282472083 145 143 0 0.00733904726
FT 75 254669.315808625 143 137 0 0.00838594392
SW 75 254669.315808625 1 157 159 2 0
FT 76 254669.349145041 142 142 0 0.0109309399
FT 77 254669.382481666 142 136 0 0.0113584109
FT 78 254669.415818083 136 134 0 0.00941415165
SW 78 254669.415818083 1 159 163 1 0
FT 79 254669.449154666 146 143 1 0.00739659762
FT 80 254669.482491041 143 136 0 0.0101065521
FT 81 254669.515827666 136 135 0 0.00870365081
SW 81 254669.515827666 1 166 170 1 0
FT 82 254669.549163958 144 142 0 0.00892897721
FT 83 254669.582500666 142 138 0 0.00860678549
FT 84 254669.615837125 138 135 0 0.00914821962
SW 84 254669.615837125 1 169 175 2 0
FT 85 254669.649173666 151 146 0 0.00692550951
FT 86 254669.682510000 146 144 0 0.00377427088
FT 87 254669.715846666 144 144 0 0.00526157017
SW 87 254669.715846666 1 171 185 2 0
FT 88 254669.749183041 152 152 0 0.00579287391
FT 89 254669.782519583 152 150 0 0.00516378229
FT 90 254669.815855958 150 147 0 0.00768753774
SW 90 254669.815855958 1 167 178 4 0
FT 91 254669.849192583 156 154 0 0.00826756036
FT 92 254669.882529083 154 152 0 0.00627655246
FT 93 254669.915865625 152 150 1 0.00469754271
SW 93 254669.915865625 0 167 0 0 0
FT 94 254669.949201958 155 152 1 0.00635447911
FT 95 254669.982538583 152 150 1 0.00634658884
FT 96 254670.015874916 150 150 0 0.00467532691
SW 96 254670.015874916 1 161 185 7 0
FT 97 254670.049211500 154 152 0 0.00635054034
FT 98 254670.082548083 152 151 0 0.00887364438
FT 99 254670.115884541 151 148 1 0.00784286522
SW 99 254670.115884541 0 161 0 0 0
FT 100 254670.149220916 154 151 0 0.0092554145
FT 101 254670.182557583 151 149 0 0.0101742429
FT 102 254670.215893916 149 146 0 0.0096662556
SW 102 254670.215893916 1 162 173 4 0
FT 103 254670.249230500 158 156 0 0.010458453
FT 104 254670.282567083 156 152 0 0.0115250417
FT 105 254670.315903375 152 149 0 0.0104695356
SW 105 254670.315903375 1 166 175 3 0
FT 106 254670.349240000 156 154 0 0.00931758836
FT 107 254670.382576458 154 152 0 0.00889340219
FT 108 254670.415913000 152 148 0 0.0081230541
SW 108 254670.415913000 1 165 174 4 0
FT 109 254670.449249416 153 151 0 0.0101534648
FT 110 254670.482585916 151 149 0 0.0110340913
FT 111 254670.515922416 149 146 0 0.0102395753
SW 111 254670.515922416 1 166 174 3 0
FT 112 254670.549258916 157 154 1 0.0107242704
FT 113 254670.582595416 154 151 0 0.0137816906
FT 114 254670.615931875 151 148 0 0.0101726292
SW 114 254670.615931875 1 170 178 4 0
FT 115 254670.649268375 159 155 1 0.00964598395
FT 116 254670.682604958 155 154 0 0.0125853374
FT 117 254670.715941458 154 152 0 0.0124670073
SW 117 254670.715941458 1 175 184 3 0
FT 118 254670.749277833 163 159 1 0.0145550516
FT 119 254670.782614375 159 152 0 0.0207277435
FT 120 254670.815950875 152 151 0 0.0197850929
SW 120 254670.815950875 1 177 186 3 0
FT 121 254670.849287416 163 158 0 0.0142944577
FT 122 254670.882623958 158 151 0 0.0154578662
FT 123 254670.915960333 151 147 0 0.0109253153
SW 123 254670.915960333 1 178 188 3 0
FT 124 254670.949296791 156 154 1 0.00378953641
FT 125 254670.982633291 154 152 0 0.0066771912
FT 126 254671.015969833 152 149 0 0.00969811599
SW 126 254671.015969833 1 178 189 4 0
FT 127 254671.049306250 159 157 0 0.00613452542
FT 128 254671.082642791 157 152 0 0.0102640874
FT 129 254671.115979208 152 151 0 0.00991961681
SW 129 254671.115979208 1 182 189 1 0
FT 130 254671.149315833 157 148 0 0.0134052617
FT 131 254671.182652166 148 147 0 0.00884190541
FT 132 254671.215988666 147 147 0 0.00667769004
SW 132 254671.215988666 1 178 188 1 0
FT 133 254671.249325208 154 152 0 0.0060338222
FT 134 254671.282661833 152 151 0 0.00570839924
FT 135 254671.315998208 151 150 0 0.00780081634
SW 135 254671.315998208 1 171 185 2 0
FT 136 254671.349334541 160 157 0 0.00982313454
FT 137 254671.382671041 157 153 0 0.00872404951
FT 138 254671.416007708 153 151 0 0.0105804496
SW 138 254671.416007708 1 174 182 2 0
FT 139 254671.449344083 163 158 0 0.0120479199
FT 140 254671.482680541 158 155 0 0.0097660288
FT 141 254671.516017125 155 154 0 0.0106434804
SW 141 254671.516017125 1 177 185 3 0
FT 142 254671.549353625 164 159 0 0.0116795962
FT 143 254671.582690083 159 156 0 0.00847606672
FT 144 254671.616026500 156 153 0 0.0104976764
SW 144 254671.616026500 1 179 190 2 0
FT 145 254671.649363041 162 161 0 0.00668000005
FT 146 254671.682699458 161 158 0 0.00538836161
FT 147 254671.716036000 158 156 0 0.00938437857
SW 147 254671.716036000 1 185 190 2 0
FT 148 254671.749372500 164 160 0 0.00525508226
FT 149 254671.782709041 160 158 0 0.00480384901
FT 150 254671.816045458 158 157 0 0.00484857469
SW 150 254671.816045458 1 180 191 3 0
FT 151 254671.849382000 163 161 0 0.00694033288
FT 152 254671.882718458 161 160 0 0.0105813587
FT 153 254671.916054875 160 148 0 0.0168029341
SW 153 254671.916054875 1 178 186 2 0
FT 154 254671.949391375 160 153 0 0.021752451
FT 155 254671.982727833 153 151 0 0.0107860227
FT 156 254672.016064208 151 149 0 0.0244951403
SW 156 254672.016064208 1 174 189 4 0
FT 157 254672.049400833 162 156 0 0.0251345977
FT 158 254672.082737375 156 152 0 0.00946040459
FT 159 254672.116073875 152 148 1 0.0111845416
SW 159 254672.116073875 0 174 0 0 0
FT 160 254672.149410291 161 159 0 0.00852298379
FT 161 254672.182746750 159 157 0 0.0117518109
FT 162 254672.216083250 157 154 1 0.0138275672
SW 162 254672.216083250 0 174 0 0 0
FT 163 254672.249419666 166 162 0 0.0121117019
FT 164 254672.282756208 162 159 0 0.0100589972
FT 165 254672.316092666 159 157 0 0.00973770018
SW 165 254672.316092666 1 187 202 6 0
FT 166 254672.349429208 163 162 0 0.0103631251
FT 167 254672.382765750 162 157 0 0.0093794224
FT 168 254672.416102083 157 154 0 0.0100986999
SW 168 254672.416102083 1 181 199 6 0
FT 169 254672.449438541 166 158 0 0.0092777837
FT 170 254672.482775083 158 153 0 0.00649026064
FT 171 254672.516111666 153 151 0 0.00913040264
SW 171 254672.516111666 1 181 196 7 0
FT 172 254672.549448041 165 157 0 0.0162674581
FT 173 254672.582784666 157 151 0 0.0112037998
FT 174 254672.616120958 151 149 0 0.00990108217
SW 174 254672.616120958 1 181 202 9 0
FT 175 254672.649457458 161 159 0 0.00791051906
FT 176 254672.682793916 159 150 0 0.0136391257
FT 177 254672.716130500 150 147 0 0.0129813716
SW 177 254672.716130500 1 191 199 4 0
FT 178 254672.749466875 158 156 0 0.0117742859
FT 179 254672.782803500 156 153 0 0.00695330554
FT 180 254672.816139833 153 148 0 0.00522692272
SW 180 254672.816139833 1 192 204 3 0
FT 181 254672.849476375 165 161 0 0.00387676059
FT 182 254672.882812750 161 156 0 0.00285575948
FT 183 254672.916149208 156 152 0 0.00988197207
SW 183 254672.916149208 1 192 208 4 0
FT 184 254672.949485791 167 165 1 0.00940546064
FT 185 254672.982822333 165 161 0 0.00748663491
FT 186 254673.016158708 161 158 0 0.00691315792
SW 186 254673.016158708 1 187 208 5 0
FT 187 254673.049495208 167 161 0 0.00662603876
FT 188 254673.082831583 161 152 0 0.00637537652
FT 189 254673.116168208 152 148 0 0.00825362329
SW 189 254673.116168208 1 182 197 4 0
FT 190 254673.149504583 161 155 0 0.00848025643
FT 191 254673.182841208 155 147 0 0.00947082179
FT 192 254673.216177541 147 139 0 0.0105139858
SW 192 254673.216177541 1 180 193 5 0
FT 193 254673.249514083 154 153 0 0.00700916928
FT 194 254673.282850500 153 147 0 0.00592374087
FT 195 254673.316187000 147 144 0 0.00544000525
SW 195 254673.316187000 1 182 196 5 0
FT 196 254673.349523541 152 151 0 0.0064310124
FT 197 254673.382859958 151 149 0 0.00693156061
FT 198 254673.416196375 149 146 0 0.00484790376
SW 198 254673.416196375 1 184 194 4 0
FT 199 254673.449532875 150 149 0 0.00551373411
FT 200 254673.482869291 149 146 0 0.00411990052
FT 201 254673.516205833 146 141 0 0.00753539067
SW 201 254673.516205833 1 173 191 3 0
FT 202 254673.549542333 148 140 0 0.010921022
FT 203 254673.582878875 140 135 0 0.00799888451
FT 204 254673.616215250 135 132 0 0.00239827891
SW 204 254673.616215250 1 162 181 3 0
FT 205 254673.649551791 147 144 0 0.00361162719
FT 206 254673.682888208 144 144 0 0.00780322808
FT 207 254673.716224708 144 142 0 0.0128459862
SW 207 254673.716224708 1 167 177 4 0
FT 208 254673.749561250 152 146 0 0.0154151063
FT 209 254673.782897708 146 142 0 0.0164188403
FT 210 254673.816234166 142 134 0 0.0153892756
SW 210 254673.816234166 1 172 180 3 0
FT 211 254673.849570583 148 142 0 0.0109108879
FT 212 254673.882907125 142 136 0 0.00831217779
FT 213 254673.916243583 136 133 0 0.00605797865
SW 213 254673.916243583 1 170 182 4 0
FT 214 254673.949580000 147 142 0 0.0115556998
FT 215 254673.982916541 142 137 0 0.0139627846
FT 216 254674.016252958 137 136 0 0.00943220815
SW 216 254674.016252958 1 167 185 4 0
FT 217 254674.049589458 151 148 0 0.00970093851
FT 218 254674.082925958 148 144 0 0.00582253334
FT 219 254674.116262458 144 142 0 0.00787320957
SW 219 254674.116262458 1 176 182 4 0
FT 220 254674.149598916 152 147 0 0.0135659793
FT 221 254674.182935291 147 140 0 0.0185346309
FT 222 254674.216271791 140 135 0 0.0219493282
SW 222 254674.216271791 1 166 187 4 0
FT 223 254674.249608291 142 136 0 0.0176303857
FT 224 254674.282944916 136 132 0 0.0136998752
FT 225 254674.316281208 132 127 0 0.0194811126
SW 225 254674.316281208 1 161 174 5 0
FT 226 254674.349617750 142 132 0 0.0242796992
FT 227 254674.382954125 132 125 0 0.0197104767
FT 228 254674.416290750 125 121 0 0.0133520684
SW 228 254674.416290750 1 161 173 4 0
FT 229 254674.449627166 138 132 0 0.020312911
FT 230 254674.482963625 132 127 0 0.018894086
FT 231 254674.516300083 127 120 0 0.01747393
SW 231 254674.516300083 1 160 171 6 0
FT 232 254674.549636541 130 120 0 0.0183490994
FT 233 254674.582973041 120 113 0 0.0192900877
FT 234 254674.616309500 113 93 0 0.0371282543
SW 234 254674.616309500 1 148 168 6 0
FT 235 254674.649646041 107 94 0 0.0373340936
FT 236 254674.682982625 94 90 0 0.0175497278
FT 237 254674.716318916 90 83 0 0.0158587406
SW 237 254674.716318916 1 141 160 7 0
FT 238 254674.749655291 102 96 0 0.00717603277
FT 239 254674.782991833 96 94 0 0.0111216895
FT 240 254674.816328333 94 94 0 0.00705485289
SW 240 254674.816328333 1 143 162 6 0
FT 241 254674.849664750 113 107 0 0.00715216211
FT 242 254674.883001250 107 101 0 0.0121482872
FT 243 254674.916337750 101 97 0 0.00865167066
SW 243 254674.916337750 1 147 160 6 0
FT 244 254674.949674125 115 110 0 0.0126000376
FT 245 254674.983010583 110 102 0 0.0163349209
FT 246 254675.016347000 102 88 0 0.0211161001
SW 246 254675.016347000 1 127 161 5 0
FT 247 254675.049683458 109 96 0 0.0174646782
FT 248 254675.083019958 96 94 0 0.00923158265
FT 249 254675.116356541 94 92 0 0.0087500392
SW 249 254675.116356541 1 128 147 3 0
FT 250 254675.149693041 113 104 0 0.0102933047
FT 251 254675.183029458 104 98 0 0.0102209484
FT 252 254675.216365833 98 93 0 0.0076662806
SW 252 254675.216365833 1 141 147 3 0
FT 253 254675.249702333 114 112 0 0.0113907458
FT 254 254675.283038875 112 108 0 0.0139404409
FT 255 254675.316375291 108 94 0 0.0238619441
SW 255 254675.316375291 1 144 157 5 0
FT 256 254675.349711750 105 97 0 0.0207870399
FT 257 254675.383048250 97 96 0 0.02283754
FT 258 254675.416384708 96 91 0 0.025130177
SW 258 254675.416384708 1 132 154 5 0
FT 259 254675.449721125 100 94 0 0.0300908706
FT 260 254675.483057625 94 92 0 0.0270210493
FT 261 254675.516394041 92 91 0 0.0241217438
SW 261 254675.516394041 1 125 143 7 0
FT 262 254675.549730583 102 99 0 0.020499146
FT 263 254675.583067125 99 94 0 0.0163665996
FT 264 254675.616403541 94 91 0 0.0145168593
SW 264 254675.616403541 1 117 140 8 0
FT 265 254675.649740041 103 96 0 0.0121177266
FT 266 254675.683076375 96 91 0 0.0132233551
FT 267 254675.716412875 91 87 0 0.0162509056
SW 267 254675.716412875 1 111 132 9 0
FT 268 254675.749749416 100 93 0 0.0197037325
FT 269 254675.783085916 93 91 0 0.0192247415
FT 270 254675.816422250 91 86 0 0.0164194071
SW 270 254675.816422250 1 113 130 9 0
FT 271 254675.849758791 98 88 0 0.0145617634
FT 272 254675.883095208 88 82 0 0.00925359855
FT 273 254675.916431666 82 81 0 0.00385025313
SW 273 254675.916431666 1 119 131 6 0
FT 274 254675.949768208 100 96 0 0.00620413604
FT 275 254675.983104666 96 94 0 0.00457945665
FT 276 254676.016441000 94 92 0 0.00665631247
SW 276 254676.016441000 1 129 143 6 0
FT 277 254676.049777541 106 104 0 0.00622081539
FT 278 254676.083114000 104 102 0 0.003448982
FT 279 254676.116450541 102 101 0 0.00299654213
SW 279 254676.116450541 1 130 148 7 0
FT 280 254676.149786916 108 103 0 0.00571979761
FT 281 254676.183123500 103 97 0 0.0101751943
FT 282 254676.216459791 97 96 0 0.00528803102
SW 282 254676.216459791 1 126 142 5 0
FT 283 254676.249796416 109 108 0 0.00828008254
FT 284 254676.283132833 108 106 0 0.00257627933
FT 285 254676.316469333 106 104 0 0.00282453587
SW 285 254676.316469333 1 120 142 8 0
FT 286 254676.349805666 112 111 0 0.00190386015
FT 287 254676.383142291 111 106 0 0.00525196242
FT 288 254676.416478583 106 103 0 0.00432860688
SW 288 254676.416478583 1 124 136 5 0
FT 289 254676.449815083 111 108 0 0.00435285045
FT 290 254676.483151500 108 107 0 0.00732367852
FT 291 254676.516488083 107 106 0 0.0079107643
SW 291 254676.516488083 1 129 136 3 0
FT 292 254676.549824541 118 116 0 0.00866792445
FT 293 254676.583160958 116 115 0 0.0136218193
FT 294 254676.616497333 115 114 0 0.00490310729
SW 294 254676.616497333 1 131 144 3 0
FT 295 254676.649833833 119 117 0 0.00437230538
FT 296 254676.683170375 117 115 0 0.01773847
FT 297 254676.716506833 115 112 0 0.0062566916
SW 297 254676.716506833 1 133 138 2 0
FT 298 254676.749843166 120 120 0 0.00334693837
FT 299 254676.783179708 120 117 0 0.0040227783
FT 300 254676.816516166 117 115 0 0.00763662981
SW 300 254676.816516166 1 130 142 3 0
FT 301 254676.849852666 123 121 0 0.0135106397
FT 302 254676.883189083 121 119 0 0.00724470551
FT 303 254676.916525583 119 117 0 0.0094539881
SW 303 254676.916525583 1 133 140 3 0
FT 304 254676.949861958 126 122 0 0.0134828165
FT 305 254676.983198500 122 120 0 0.00682976704
FT 306 254677.016534833 120 118 0 0.00540267947
SW 306 254677.016534833 1 137 144 3 0
FT 307 254677.049871375 132 129 0 0.00453608854
FT 308 254677.083207916 129 129 0 0.00258202678
FT 309 254677.116544208 129 126 0 0.00208053716
SW 309 254677.116544208 1 145 153 2 0
FT 310 254677.149880708 134 132 0 0.00269626247
FT 311 254677.183217166 132 130 0 0.00719407322
FT 312 254677.216553666 130 128 0 0.00737572371
SW 312 254677.216553666 1 148 154 2 0
FT 313 254677.249890125 135 131 0 0.010886622
FT 314 254677.283226583 131 123 0 0.0121536005
FT 315 254677.316563041 123 120 0 0.0136595517
SW 315 254677.316563041 1 149 154 0 0
FT 316 254677.349899541 134 128 0 0.0121384356
FT 317 254677.383236000 128 126 0 0.00880889537
FT 318 254677.416572375 126 121 0 0.0100233492
SW 318 254677.416572375 1 152 159 0 0
FT 319 254677.449908875 131 126 0 0.0104769197
FT 320 254677.483245208 126 123 0 0.00901169906
FT 321 254677.516581750 123 120 0 0.00972058628
SW 321 254677.516581750 1 155 160 0 0
FT 322 254677.549918166 130 128 0 0.016320976
FT 323 254677.583254625 128 123 0 0.00922605683
FT 324 254677.616591083 123 120 0 0.0126070034
SW 324 254677.616591083 1 158 164 1 0
FT 325 254677.649927666 132 131 0 0.0174592414
FT 326 254677.683264166 131 127 0 0.0163674646
FT 327 254677.716600500 127 125 0 0.0149120181
SW 327 254677.716600500 1 156 169 1 0
FT 328 254677.749937000 142 142 0 0.0106089347
FT 329 254677.783273416 142 139 0 0.0134051789
FT 330 254677.816609958 139 133 0 0.0100930249
SW 330 254677.816609958 1 158 168 1 0
FT 331 254677.849946458 147 143 0 0.017745653
FT 332 254677.883282791 143 138 0 0.0181977863
FT 333 254677.916619250 138 137 0 0.00828293368
SW 333 254677.916619250 1 161 171 1 0
FT 334 254677.949955833 144 144 0 0.00775155477
FT 335 254677.983292166 144 142 0 0.0122589296
FT 336 254678.016628708 142 138 0 0.00675359919
SW 336 254678.016628708 1 158 168 1 0
FT 337 254678.049965208 153 151 0 0.00980130121
FT 338 254678.083301625 151 150 0 0.00318993209
FT 339 254678.116638041 150 143 0 0.00914879088
SW 339 254678.116638041 1 164 170 1 0
FT 340 254678.149974541 148 137 0 0.0153230067
FT 341 254678.183310958 137 136 0 0.00528243622
FT 342 254678.216647500 136 134 0 0.00777008377
SW 342 254678.216647500 1 165 169 1 0
FT 343 254678.249983875 139 135 0 0.0112483245
FT 344 254678.283320333 135 128 0 0.0149197176
FT 345 254678.316656833 128 127 0 0.0142985423
SW 345 254678.316656833 1 160 169 1 0
FT 346 254678.349993166 132 130 0 0.0102587004
FT 347 254678.383329583 130 124 0 0.0118477245
FT 348 254678.416666125 124 121 0 0.0142291103
SW 348 254678.416666125 1 157 163 1 0
FT 349 254678.450002666 130 128 0 0.0139386075
FT 350 254678.483338958 128 126 0 0.0138605763
FT 351 254678.516675458 126 124 0 0.012986628
SW 351 254678.516675458 1 158 165 1 0
FT 352 254678.550012000 131 128 0 0.0203773184
FT 353 254678.583348416 128 125 0 0.0230894818
FT 354 254678.616684833 125 122 0 0.0173941522
SW 354 254678.616684833 1 149 163 1 0
FT 355 254678.650021375 131 128 0 0.0112417943
FT 356 254678.683357708 128 127 0 0.0111141991
FT 357 254678.716694208 127 126 0 0.0182963273
SW 357 254678.716694208 1 146 157 1 0
FT 358 254678.750030666 134 128 0 0.0203855083
FT 359 254678.783367083 128 124 0 0.0183410855
FT 360 254678.816703541 124 123 0 0.0109227193
SW 360 254678.816703541 1 144 154 2 0
FT 361 254678.850040083 130 129 0 0.0173595978
FT 362 254678.883376541 129 126 0 0.0210855769
FT 363 254678.916712958 126 125 0 0.0114390021
SW 363 254678.916712958 1 146 152 2 0
FT 364 254678.950049375 133 126 0 0.0162919527
FT 365 254678.983385875 126 123 0 0.0127468482
FT 366 254679.016722291 123 116 0 0.0111867773
SW 366 254679.016722291 1 147 154 1 0
FT 367 254679.050058750 127 122 0 0.0133618673
FT 368 254679.083395166 122 120 0 0.0119874843
FT 369 254679.116731583 120 116 0 0.0152625503
SW 369 254679.116731583 1 151 156 2 0
FT 370 254679.150068125 128 114 0 0.020927903
FT 371 254679.183404625 114 104 0 0.0200116168
FT 372 254679.216740916 104 93 0 0.0238229482
SW 372 254679.216740916 1 146 160 4 0
FT 373 254679.250077375 101 79 0 0.0299614906
FT 374 254679.283413958 79 74 0 0.0230188735
FT 375 254679.316750375 74 71 0 0.0171622637
SW 375 254679.316750375 1 145 155 6 0
FT 376 254679.350086791 93 89 0 0.0130772905
FT 377 254679.383423291 89 84 0 0.024408925
FT 378 254679.416759666 84 78 0 0.0354962688
SW 378 254679.416759666 1 145 166 6 0
FT 379 254679.450096083 98 92 0 0.0246491401
FT 380 254679.483432625 92 80 0 0.0180195722
FT 381 254679.516769041 80 51 0 0.0471949346
SW 381 254679.516769041 1 141 156 7 0
FT 382 254679.550105458 65 50 0 0.0466223473
FT 383 254679.583441958 50 46 0 0.0299180906
FT 384 254679.616778416 46 41 0 0.0331840934
SW 384 254679.616778416 1 120 154 3 0
FT 385 254679.650114875 61 58 0 0.0188876506
FT 386 254679.683451208 58 57 0 0.0291786311
FT 387 254679.716787708 57 54 0 0.0302363647
SW 387 254679.716787708 1 107 136 3 0
FT 388 254679.750124166 72 72 0 0.0299034947
FT 389 254679.783460791 72 69 0 0.0241307498
FT 390 254679.816797166 69 66 0 0.0262389194
SW 390 254679.816797166 1 112 124 4 0
FT 391 254679.850133625 75 70 0 0.0301869331
FT 392 254679.883469916 70 57 0 0.0449083702
FT 393 254679.916806500 57 49 0 0.0450405601
SW 393 254679.916806500 1 82 119 5 0
FT 394 254679.950142916 83 71 0 0.0179270946
FT 395 254679.983479250 71 63 0 0.0182195863
FT 396 254680.016815833 63 59 0 0.015927683
SW 396 254680.016815833 1 81 103 6 0
FT 397 254680.050152291 75 65 0 0.0128126958
FT 398 254680.083488583 65 57 0 0.0113152957
FT 399 254680.116825125 57 54 0 0.0083938105
SW 399 254680.116825125 1 94 97 3 0
FT 400 254680.150161583 71 69 0 0.0140292443
FT 401 254680.183498000 69 62 0 0.00581853861
FT 402 254680.216834458 62 53 0 0.00966698482
SW 402 254680.216834458 1 99 106 5 0
FT 403 254680.250171000 72 63 0 0.00636305796
FT 404 254680.283507291 63 52 0 0.0155042211
FT 405 254680.316843791 52 44 0 0.0156515119
SW 405 254680.316843791 1 87 112 5 0
FT 406 254680.350180250 74 64 0 0.0117263892
FT 407 254680.383516708 64 63 0 0.00901223359
FT 408 254680.416853166 63 55 0 0.0135681059
SW 408 254680.416853166 1 97 109 6 0
FT 409 254680.450189625 78 66 0 0.012289758
FT 410 254680.483526083 66 63 0 0.00496391594
FT 411 254680.516862416 63 62 0 0.0172635025
SW 411 254680.516862416 1 95 115 5 0
FT 412 254680.550198833 82 79 0 0.0126457798
FT 413 254680.583535291 79 65 0 0.0146514025
FT 414 254680.616871750 65 53 0 0.0218233035
SW 414 254680.616871750 1 89 106 7 0
FT 415 254680.650208250 82 67 0 0.0107211388
FT 416 254680.683544666 67 66 0 0.00993834004
FT 417 254680.716881125 66 60 0 0.0116902724
SW 417 254680.716881125 1 87 110 6 0
FT 418 254680.750217583 84 80 0 0.0152158519
FT 419 254680.783553958 80 76 0 0.0128440791
FT 420 254680.816890416 76 75 0 0.0125024218
SW 420 254680.816890416 1 101 114 7 0
FT 421 254680.850226958 90 90 0 0.0188770866
FT 422 254680.883563375 90 86 0 0.0176839814
FT 423 254680.916899875 86 81 0 0.0137263092
SW 423 254680.916899875 1 104 118 9 0
FT 424 254680.950236208 101 99 0 0.0136362989
FT 425 254680.983572625 99 94 0 0.0266293598
FT 426 254681.016909083 94 89 0 0.0208829782
SW 426 254681.016909083 1 98 126 13 0
FT 427 254681.050245583 101 93 0 0.00907298935
FT 428 254681.083582125 93 89 0 0.0213640472
FT 429 254681.116918458 89 78 0 0.0467198115
SW 429 254681.116918458 1 97 117 13 0
FT 430 254681.150254916 93 82 0 0.0455695269
FT 431 254681.183591375 82 79 0 0.0281369934
FT 432 254681.216927875 79 76 0 0.0179330672
SW 432 254681.216927875 1 99 118 13 0
FT 433 254681.250264125 89 87 0 0.0174114442
FT 434 254681.283600708 87 83 0 0.0181756633
FT 435 254681.316937041 83 78 0 0.0178916657
SW 435 254681.316937041 1 103 120 13 0
FT 436 254681.350273625 91 86 0 0.0125448436
FT 437 254681.383609875 86 82 0 0.0120264316
FT 438 254681.416946375 82 82 0 0.0100962954
SW 438 254681.416946375 1 109 126 12 0
FT 439 254681.450282875 95 95 0 0.00841312143
FT 440 254681.483619375 95 94 0 0.0122325237
FT 441 254681.516955708 94 90 0 0.0143646974
SW 441 254681.516955708 1 104 133 12 0
FT 442 254681.550292250 96 86 0 0.0221290548
FT 443 254681.583628666 86 83 0 0.0187886596
FT 444 254681.616965125 83 82 0 0.0142778434
SW 444 254681.616965125 1 99 120 11 0
FT 445 254681.650301541 98 95 0 0.0150022911
FT 446 254681.683638000 95 89 0 0.0160057092
FT 447 254681.716974458 89 75 0 0.0219322444
SW 447 254681.716974458 1 101 118 11 0
FT 448 254681.750310833 97 83 0 0.024367684
FT 449 254681.783647208 83 60 0 0.0457505553
FT 450 254681.816983750 60 50 0 0.0639382569
SW 450 254681.816983750 1 99 118 13 0
FT 451 254681.850320208 80 54 0 0.0458644483
FT 452 254681.883656583 54 37 0 0.0353445223
FT 453 254681.916993000 37 24 0 0.0390142105
SW 453 254681.916993000 1 99 118 15 0
FT 454 254681.950329500 88 50 0 0.0292538072
FT 455 254681.983665833 50 43 0 0.0232302526
FT 456 254682.017002291 43 42 0 0.0288900473
SW 456 254682.017002291 1 111 139 16 0
FT 457 254682.050338791 112 71 0 0.0318678139
FT 458 254682.083675250 71 53 0 0.0413292037
FT 459 254682.117011708 53 44 0 0.0409582483
SW 459 254682.117011708 1 115 146 16 0
FT 460 254682.150348125 123 112 0 0.0215202226
FT 461 254682.183684583 112 106 0 0.020610838
FT 462 254682.217021000 106 92 0 0.0306624988
SW 462 254682.217021000 1 140 188 17 0
FT 463 254682.250357375 146 115 0 0.0398149257
FT 464 254682.283693750 115 94 0 0.0431682003
FT 465 254682.317030250 94 83 0 0.03370362
SW 465 254682.317030250 1 135 182 15 0
FT 466 254682.350366750 136 117 0 0.02871626
FT 467 254682.383703250 117 105 0 0.0356214179
FT 468 254682.417039583 105 94 0 0.0377081358
SW 468 254682.417039583 1 162 184 15 0
FT 469 254682.450375958 158 113 0 0.0457814726
FT 470 254682.483712416 113 89 0 0.0574648147
FT 471 254682.517048875 89 85 0 0.0337424838
SW 471 254682.517048875 1 171 198 10 0
FT 472 254682.550385333 136 128 0 0.0198532661
FT 473 254682.583721791 128 126 0 0.00582820284
FT 474 254682.617058250 126 120 0 0.022469554
SW 474 254682.617058250 1 201 217 7 0
FT 475 254682.650394666 153 135 0 0.0286941979
FT 476 254682.683731083 135 118 0 0.0402444999
FT 477 254682.717067541 118 99 0 0.052715154
SW 477 254682.717067541 1 179 221 7 0
FT 478 254682.750404041 127 102 0 0.0517061536
FT 479 254682.783740541 102 98 0 0.0200674952
FT 480 254682.817076833 98 97 0 0.0155231536
SW 480 254682.817076833 1 168 200 8 1
FT 481 254682.850413333 144 131 0 0.0297628173
FT 482 254682.883749625 131 116 0 0.0290309076
FT 483 254682.917086250 116 112 0 0.0178134294
SW 483 254682.917086250 1 166 206 10 1
FT 484 254682.950422583 146 137 0 0.0176776481
FT 485 254682.983759000 137 125 0 0.0186053105
FT 486 254683.017095458 125 116 0 0.0216274394
SW 486 254683.017095458 1 169 196 19 1
FT 487 254683.050431958 155 133 0 0.0304091156
FT 488 254683.083768291 133 114 0 0.0269307106
FT 489 254683.117104750 114 110 0 0.0219611581
SW 489 254683.117104750 1 150 209 25 1
FT 490 254683.150441125 156 140 0 0.0213101991
FT 491 254683.183777666 140 132 0 0.0148562331
FT 492 254683.217114125 132 121 0 0.0102088249
SW 492 254683.217114125 1 161 203 31 0
FT 493 254683.250450541 154 142 0 0.00508750098
FT 494 254683.283786791 142 138 0 0.0058033299
FT 495 254683.317123458 138 130 0 0.000994546976
SW 495 254683.317123458 1 158 212 39 1
FT 496 254683.350459750 163 152 0 0.00217612952
FT 497 254683.383796208 152 144 0 0.0175398065
FT 498 254683.417132541 144 134 0 0.0229926456
SW 498 254683.417132541 1 164 217 38 0
FT 499 254683.450469000 162 141 0 0.0197664976
FT 500 254683.483805458 141 131 0 0.0136230536
FT 501 254683.517142000 131 120 0 0.00821081636
SW 501 254683.517142000 1 155 217 36 0
FT 502 254683.550478291 160 148 0 0.0152188966
FT 503 254683.583814791 148 130 0 0.0247513474
FT 504 254683.617151208 130 116 0 0.017742328
SW 504 254683.617151208 1 161 209 32 0
FT 505 254683.650487666 155 119 0 0.012031208
FT 506 254683.683824000 119 106 0 0.0121546416
FT 507 254683.717160458 106 94 0 0.00451698313
SW 507 254683.717160458 1 169 204 24 0
FT 508 254683.750496916 156 121 0 0.0125632041
FT 509 254683.783833375 121 108 0 0.0161999215
FT 510 254683.817169833 108 104 0 0.0183384216
SW 510 254683.817169833 1 186 220 19 0
FT 511 254683.850506333 152 130 0 0.0152253569
FT 512 254683.883842625 130 114 0 0.021282734
FT 513 254683.917179166 114 100 0 0.0189574954
SW 513 254683.917179166 1 182 227 16 0
FT 514 254683.950515500 150 136 0 0.0172551576
FT 515 254683.983851916 136 110 0 0.0122869116
FT 516 254684.017188375 110 95 0 0.016366221
SW 516 254684.017188375 1 182 219 15 0
FT 517 254684.050524833 157 129 0 0.0224995888
FT 518 254684.083861166 129 104 0 0.0117183711
FT 519 254684.117197666 104 84 0 0.0119863381
SW 519 254684.117197666 1 173 218 12 0
FT 520 254684.150534125 156 118 0 0.0165650786
FT 521 254684.183870500 118 95 0 0.0148583104
FT 522 254684.217206916 95 78 0 0.0108923796
SW 522 254684.217206916 1 184 213 12 0
FT 523 254684.250543458 148 93 0 0.00487613136
FT 524 254684.283879708 93 82 0 0.0133503743
FT 525 254684.317216208 82 73 0 0.01927668
SW 525 254684.317216208 1 187 222 9 0
FT 526 254684.350552666 151 104 0 0.0131186237
FT 527 254684.383889125 104 87 0 0.0138820734
FT 528 254684.417225458 87 79 0 0.016903853
SW 528 254684.417225458 1 192 225 7 0
FT 529 254684.450561916 143 122 0 0.0173602079
FT 530 254684.483898416 122 108 0 0.021109257
FT 531 254684.517234791 108 103 0 0.0220643246
SW 531 254684.517234791 1 195 235 8 0
FT 532 254684.550571208 143 132 0 0.024190346
FT 533 254684.583907666 132 119 0 0.0211442621
FT 534 254684.617244166 119 115 0 0.0188273965
SW 534 254684.617244166 1 187 231 10 0
FT 535 254684.650580500 141 131 0 0.0258083874
FT 536 254684.683916916 131 125 0 0.0233321284
FT 537 254684.717253375 125 120 0 0.0150034767
SW 537 254684.717253375 1 175 216 10 0
FT 538 254684.750589750 149 139 0 0.0141304723
FT 539 254684.783926166 139 127 0 0.0282913705
FT 540 254684.817262541 127 119 0 0.0237237704
SW 540 254684.817262541 1 168 202 11 0
FT 541 254684.850599041 146 133 0 0.0066862662
FT 542 254684.883935583 133 129 0 0.00750915833
FT 543 254684.917271791 129 125 0 0.016785725
SW 543 254684.917271791 1 175 197 10 0
FT 544 254684.950608333 143 137 0 0.0193952077
FT 545 254684.983944833 137 131 0 0.011620655
FT 546 254685.017281291 131 127 0 0.0106102156
SW 546 254685.017281291 1 177 201 8 0
FT 547 254685.050617666 153 146 0 0.0212048992
FT 548 254685.083954041 146 130 0 0.0330426744
FT 549 254685.117290416 130 119 0 0.0290922449
SW 549 254685.117290416 1 177 201 10 0
FT 550 254685.150626791 150 143 0 0.0161452056
FT 551 254685.183963333 143 133 0 0.00799850422
FT 552 254685.217299750 133 122 0 0.0161463717
SW 552 254685.217299750 1 182 209 9 0
FT 553 254685.250636125 154 149 0 0.0205085287
FT 554 254685.283972625 149 129 0 0.0118093847
FT 555 254685.317309000 129 120 0 0.00516761375
SW 555 254685.317309000 1 185 206 9 0
FT 556 254685.350645458 159 146 0 0.0108243228
FT 557 254685.383981958 146 142 0 0.0177220917
FT 558 254685.417318208 142 136 0 0.00966399735
SW 558 254685.417318208 1 201 223 8 0
FT 559 254685.450654625 158 144 0 0.00676337684
FT 560 254685.483991083 144 121 0 0.0155130415
FT 561 254685.517327583 121 99 0 0.0098981783
SW 561 254685.517327583 1 188 220 8 0
FT 562 254685.550663916 145 138 0 0.00352133136
FT 563 254685.584000416 138 114 0 0.00958993625
FT 564 254685.617336750 114 109 0 0.00525085829
SW 564 254685.617336750 1 198 226 9 0
FT 565 254685.650673250 148 145 0 0.00661845502
FT 566 254685.684009625 145 138 0 0.00384224383
FT 567 254685.717346083 138 126 0 0.0108099874
SW 567 254685.717346083 1 208 235 10 0
FT 568 254685.750682541 154 148 0 0.00751594343
FT 569 254685.784018875 148 137 0 0.00798702543
FT 570 254685.817355458 137 131 0 0.00677621107
SW 570 254685.817355458 1 219 242 10 0
FT 571 254685.850691666 156 152 0 0.0047732949
FT 572 254685.884028208 152 148 0 0.0105339788
FT 573 254685.917364625 148 148 0 0.00899185701
SW 573 254685.917364625 1 192 251 11 0
FT 574 254685.950701041 154 152 0 0.00555195214
FT 575 254685.984037500 152 149 0 0.00660202093
FT 576 254686.017373875 149 145 0 0.00347437318
SW 576 254686.017373875 1 178 208 10 0
FT 577 254686.050710250 156 153 0 0.00602192292
FT 578 254686.084046666 153 150 0 0.0131237359
FT 579 254686.117383125 150 149 0 0.0110840907
SW 579 254686.117383125 1 179 196 6 0
FT 580 254686.150719541 159 157 0 0.00619573675
FT 581 254686.184056125 157 153 0 0.00408319178
FT 582 254686.217392375 153 149 0 0.00544181663
SW 582 254686.217392375 1 170 194 5 0
FT 583 254686.250728833 162 158 0 0.00459708955
FT 584 254686.284065333 158 152 0 0.00709085859
FT 585 254686.317401708 152 145 0 0.00823664432
SW 585 254686.317401708 1 173 183 5 0
FT 586 254686.350738083 163 145 0 0.00362815256
FT 587 254686.384074541 145 130 0 0.0112314779
FT 588 254686.417410958 130 120 0 0.0085320973
SW 588 254686.417410958 1 177 188 3 0
FT 589 254686.450747458 153 133 0 0.00932986578
FT 590 254686.484083666 133 118 0 0.0109809112
FT 591 254686.517420166 118 107 0 0.0106845301
SW 591 254686.517420166 1 188 194 2 0
FT 592 254686.550756625 153 130 0 0.0155886059
FT 593 254686.584093208 130 108 0 0.0161303563
FT 594 254686.617429458 108 97 0 0.0086839393
SW 594 254686.617429458 1 193 204 2 0
FT 595 254686.650765916 153 137 0 0.00781549655
FT 596 254686.684102250 137 127 0 0.0120646323
FT 597 254686.717438833 127 120 0 0.0107531023
SW 597 254686.717438833 1 213 228 3 0
FT 598 254686.750775166 159 144 0 0.00905080298
FT 599 254686.784111583 144 135 0 0.00769223406
FT 600 254686.817448000 135 131 0 0.00758252926
SW 600 254686.817448000 1 204 243 4 0
FT 601 254686.850784500 164 154 0 0.0089332149
FT 602 254686.884120833 154 144 0 0.00774368109
FT 603 254686.917457250 144 136 0 0.00766927198
SW 603 254686.917457250 1 200 231 4 0
FT 604 254686.950793625 162 152 0 0.00689354196
FT 605 254686.984130125 152 141 0 0.00798313392
FT 606 254687.017466500 141 133 0 0.00926061233
SW 606 254687.017466500 1 191 218 3 0
FT 607 254687.050802916 165 152 0 0.0108657419
FT 608 254687.084139375 152 136 0 0.0102318648
FT 609 254687.117475708 136 131 0 0.00627648557
SW 609 254687.117475708 1 202 215 3 0
FT 610 254687.150812166 160 148 0 0.00504506766
FT 611 254687.184148541 148 140 0 0.00463809311
FT 612 254687.217484958 140 134 0 0.00801789363
SW 612 254687.217484958 1 203 224 5 0
FT 613 254687.250821416 162 139 0 0.0144202656
FT 614 254687.284157875 139 132 0 0.0138881566
FT 615 254687.317494208 132 132 0 0.0129618148
SW 615 254687.317494208 1 207 230 5 0
FT 616 254687.350830541 155 153 0 0.0109266373
FT 617 254687.384167000 153 146 0 0.00819467358
FT 618 254687.417503416 146 145 0 0.00599999715
SW 618 254687.417503416 1 208 230 5 0
FT 619 254687.450839958 158 153 0 0.00778125285
FT 620 254687.484176291 153 152 0 0.0113665163
FT 621 254687.517512708 152 146 0 0.0149680514
SW 621 254687.517512708 1 197 224 4 0
FT 622 254687.550849166 166 163 0 0.0140180657
FT 623 254687.584185541 163 162 0 0.0105357687
FT 624 254687.617522000 162 154 0 0.0101880145
SW 624 254687.617522000 1 198 216 2 0
FT 625 254687.650858416 179 167 0 0.00545269617
FT 626 254687.684194791 167 162 0 0.00642289111
FT 627 254687.717531250 162 155 0 0.0124484401
SW 627 254687.717531250 1 192 218 2 0
FT 628 254687.750867666 174 167 0 0.00667779124
FT 629 254687.784204125 167 161 0 0.00983335565
FT 630 254687.817540416 161 153 0 0.0168350186
SW 630 254687.817540416 1 202 209 2 0
FT 631 254687.850876833 169 165 0 0.0096857705
FT 632 254687.884213333 165 154 0 0.0148874326
FT 633 254687.917549791 154 147 0 0.0223553761
SW 633 254687.917549791 1 200 212 2 0
FT 634 254687.950886083 167 162 0 0.0175639757
FT 635 254687.984222541 162 146 0 0.011231318
FT 636 254688.017558916 146 136 0 0.00602810583
SW 636 254688.017558916 1 203 214 4 0
FT 637 254688.050895416 155 142 0 0.00504536664
FT 638 254688.084231791 142 132 0 0.0079871068
FT 639 254688.117568250 132 126 0 0.0224238592
SW 639 254688.117568250 1 195 216 4 0
FT 640 254688.150904666 148 144 0 0.020182584
FT 641 254688.184241041 144 142 0 0.0163659129
FT 642 254688.217577458 142 137 0 0.0164349912
SW 642 254688.217577458 1 195 218 6 0
FT 643 254688.250913958 155 146 0 0.019084682
FT 644 254688.284250416 146 138 0 0.0282242643
FT 645 254688.317586666 138 126 0 0.0217657032
SW 645 254688.317586666 1 190 213 9 0
FT 646 254688.350923166 147 138 0 0.0137968406
FT 647 254688.384259541 138 128 0 0.0222928009
FT 648 254688.417595916 128 114 0 0.00861126583
SW 648 254688.417595916 1 174 206 9 0
FT 649 254688.450932333 139 116 0 0.00861207687
FT 650 254688.484268750 116 102 0 0.00693790344
FT 651 254688.517605125 102 95 0 0.0146240895
SW 651 254688.517605125 1 165 193 9 0
FT 652 254688.550941625 154 136 0 0.00815919295
FT 653 254688.584277958 136 122 0 0.00529531637
FT 654 254688.617614375 122 108 0 0.0038626358
SW 654 254688.617614375 1 188 204 8 0
FT 655 254688.650950875 136 121 0 0.013166728
FT 656 254688.684287250 121 112 0 0.0184023158
FT 657 254688.717623666 112 105 0 0.0118347247
SW 657 254688.717623666 1 181 210 6 0
FT 658 254688.750960041 147 138 0 0.0117524651
FT 659 254688.784296416 138 127 0 0.0153376075
FT 660 254688.817632791 127 114 0 0.0236047146
SW 660 254688.817632791 1 177 201 5 0
FT 661 254688.850969291 151 135 0 0.0288570973
FT 662 254688.884305625 135 127 0 0.0171721384
FT 663 254688.917642083 127 122 0 0.00192378029
SW 663 254688.917642083 1 162 201 10 0
FT 664 254688.950978541 140 131 0 0.00729343759
FT 665 254688.984314916 131 127 0 0.0208848428
FT 666 254689.017651333 127 121 0 0.0171623728
SW 666 254689.017651333 1 156 184 11 0
FT 667 254689.050987791 150 125 0 0.0104499354
FT 668 254689.084324125 125 102 0 0.0187840933
FT 669 254689.117660541 102 89 0 0.0187163198
SW 669 254689.117660541 1 146 173 10 0
FT 670 254689.150996833 126 111 0 0.00612208442
FT 671 254689.184333416 111 100 0 0.015593443
FT 672 254689.217669708 100 84 0 0.0289597078
SW 672 254689.217669708 1 158 173 10 0
FT 673 254689.251006125 108 89 0 0.0223282288
FT 674 254689.284342583 89 80 0 0.0166568043
FT 675 254689.317679000 80 72 0 0.0210134473
SW 675 254689.317679000 1 154 180 15 0
FT 676 254689.351015458 112 93 0 0.0182849336
FT 677 254689.384351833 93 78 0 0.0190352825
FT 678 254689.417688166 78 66 0 0.0211546807
SW 678 254689.417688166 1 154 182 15 0
FT 679 254689.451024625 140 103 0 0.0157565486
FT 680 254689.484361083 103 83 0 0.0185514044
FT 681 254689.517697500 83 76 0 0.0152266423
SW 681 254689.517697500 1 139 192 15 0
FT 682 254689.551033791 109 86 0 0.0176593472
FT 683 254689.584370291 86 56 0 0.0265784263
FT 684 254689.617706583 56 44 0 0.0303615134
SW 684 254689.617706583 1 115 157 19 0
FT 685 254689.651043041 116 47 0 0.0373234661
FT 686 254689.684379416 47 33 0 0.0313464037
FT 687 254689.717715958 33 29 0 0.0225103869
SW 687 254689.717715958 1 100 139 16 0
FT 688 254689.751052291 76 47 0 0.0259779692
FT 689 254689.784388666 47 34 0 0.0215788586
FT 690 254689.817725083 34 31 0 0.00557724752
SW 690 254689.817725083 1 91 127 17 0
FT 691 254689.851061625 87 53 0 0.0185540362
FT 692 254689.884397916 53 47 0 0.00853899576
FT 693 254689.917734333 47 40 0 0.0177908423
SW 693 254689.917734333 1 91 122 18 0
FT 694 254689.951070708 90 46 0 0.0158400641
FT 695 254689.984407208 46 35 0 0.0296560883
FT 696 254690.017743500 35 32 0 0.0338424009
SW 696 254690.017743500 1 65 115 15 0
FT 697 254690.051079916 48 40 0 0.0215744866
FT 698 254690.084416333 40 30 0 0.0205663205
FT 699 254690.117752875 30 28 0 0.018852902
SW 699 254690.117752875 1 55 86 11 0
FT 700 254690.151089250 63 52 0 0.00522361206
FT 701 254690.184425666 52 43 0 0.0048345852
FT 702 254690.217761916 43 39 0 0.0059174219
SW 702 254690.217761916 1 61 82 12 0
FT 703 254690.251098375 63 54 0 0.0120859438
FT 704 254690.284434791 54 42 0 0.0136804455
FT 705 254690.317771208 42 36 0 0.0150185378
SW 705 254690.317771208 1 65 81 11 0
FT 706 254690.351107666 77 58 0 0.0211027255
FT 707 254690.384444000 58 45 0 0.0211590021
FT 708 254690.417780416 45 45 0 0.00939926365
SW 708 254690.417780416 1 70 96 12 0
FT 709 254690.451116875 97 79 0 0.0232884897
FT 710 254690.484453208 79 63 0 0.0221216422
FT 711 254690.517789625 63 60 0 0.0042989223
SW 711 254690.517789625 1 85 107 12 0
FT 712 254690.551126125 91 71 0 0.00984320136
FT 713 254690.584462458 71 64 0 0.0256371357
FT 714 254690.617798916 64 58 0 0.0275918923
SW 714 254690.617798916 1 95 109 9 0
FT 715 254690.651135333 103 70 0 0.0239493426
FT 716 254690.684471625 70 63 0 0.0239657248
FT 717 254690.717808083 63 58 0 0.0263201572
SW 717 254690.717808083 1 99 120 10 0
FT 718 254690.751144541 109 73 0 0.0311704799
FT 719 254690.784481000 73 58 0 0.0271796306
FT 720 254690.817817291 58 39 0 0.024791913
SW 720 254690.817817291 1 99 121 11 0
FT 721 254690.851153833 134 63 0 0.020086042
FT 722 254690.884490125 63 48 0 0.0181396432
FT 723 254690.917826500 48 40 0 0.0216672582
SW 723 254690.917826500 1 99 127 18 0
FT 724 254690.951163041 116 56 0 0.0203509936
FT 725 254690.984499416 56 43 0 0.0206811832
FT 726 254691.017835791 43 38 0 0.0210399827
SW 726 254691.017835791 1 83 127 30 0
FT 727 254691.051172291 63 42 0 0.0108999607
FT 728 254691.084508666 42 28 0 0.00962939897
FT 729 254691.117845083 28 25 0 0.0122986714
SW 729 254691.117845083 1 74 119 29 0
FT 730 254691.151181458 85 39 0 0.0103114086
FT 731 254691.184517833 39 27 0 0.0210885712
FT 732 254691.217854291 27 18 0 0.0219125157
SW 732 254691.217854291 1 48 107 28 0
FT 733 254691.251190708 48 15 0 0.012000026
FT 734 254691.284527125 15 5 0 0.0207940256
FT 735 254691.317863500 5 3 0 0.0235836333
SW 735 254691.317863500 1 34 76 26 0
FT 736 254691.351199750 43 23 0 0.00548589656
FT 737 254691.384536291 23 20 0 0.0081768301
FT 738 254691.417872791 20 18 0 0.00780631102
SW 738 254691.417872791 1 38 75 25 0
FT 739 254691.451209125 39 32 0 0.0120531819
FT 740 254691.484545500 32 30 0 0.0031053605
FT 741 254691.517881791 30 28 0 0.0163095772
SW 741 254691.517881791 1 34 75 22 0
FT 742 254691.551218375 51 46 0 0.0191719843
FT 743 254691.584554708 46 40 0 0.0106570012
FT 744 254691.617891083 40 39 0 0.007929154
SW 744 254691.617891083 1 45 72 16 0
FT 745 254691.651227458 45 43 0 0.00534428116
FT 746 254691.684564000 43 40 0 0.0151979042
FT 747 254691.717900291 40 38 0 0.0144143753
SW 747 254691.717900291 1 35 66 16 0
FT 748 254691.751236666 50 48 0 0.01304274
FT 749 254691.784573166 48 46 0 0.0118668552
FT 750 254691.817909625 46 46 0 0.0177630998
SW 750 254691.817909625 1 43 61 18 0
FT 751 254691.851245833 57 52 0 0.027475431
FT 752 254691.884582333 52 47 0 0.0299741039
FT 753 254691.917918708 47 46 0 0.0224015723
SW 753 254691.917918708 1 48 67 17 0
FT 754 254691.951255000 64 62 0 0.0119346898
FT 755 254691.984591375 62 59 0 0.0111670152
FT 756 254692.017927875 59 57 0 0.0111219633
SW 756 254692.017927875 1 61 80 14 0
FT 757 254692.051264333 69 67 0 0.0101713045
FT 758 254692.084600666 67 63 0 0.00947596616
FT 759 254692.117937166 63 59 0 0.00492598858
SW 759 254692.117937166 1 63 83 14 0
FT 760 254692.151273458 72 68 0 0.002331518
FT 761 254692.184609958 68 63 0 0.00816683005
FT 762 254692.217946291 63 60 0 0.0119827994
SW 762 254692.217946291 1 71 86 13 0
FT 763 254692.251282625 77 70 0 0.0133099338
FT 764 254692.284619083 70 67 0 0.0177124588
FT 765 254692.317955458 67 63 0 0.0138386286
SW 765 254692.317955458 1 75 95 14 0
FT 766 254692.351291875 93 80 0 0.0049209107
FT 767 254692.384628291 80 71 0 0.00593305179
FT 768 254692.417964583 71 65 0 0.00673383598
SW 768 254692.417964583 1 86 104 14 0
FT 769 254692.451301083 92 87 0 0.00726752978
FT 770 254692.484637416 87 76 0 0.00865779917
FT 771 254692.517973916 76 74 0 0.011959657
SW 771 254692.517973916 1 97 115 12 0
FT 772 254692.551310291 86 83 0 0.01182626
FT 773 254692.584646708 83 81 0 0.0110493898
FT 774 254692.617983083 81 79 0 0.0152141973
SW 774 254692.617983083 1 96 117 13 0
FT 775 254692.651319500 91 82 0 0.0172320852
FT 776 254692.684655875 82 78 0 0.0124349462
FT 777 254692.717992291 78 75 0 0.0122124231
SW 777 254692.717992291 1 94 112 10 0
FT 778 254692.751328708 95 93 0 0.0159937473
FT 779 254692.784665083 93 89 1 0.0130656241
FT 780 254692.818001333 89 88 1 0.00830279391
SW 780 254692.818001333 0 94 0 0 0
FT 781 254692.851337833 100 96 0 0.00996539163
FT 782 254692.884674208 96 93 0 0.0116876218
FT 783 254692.918010708 93 86 0 0.0149113388
SW 783 254692.918010708 1 94 121 8 0
FT 784 254692.951347166 96 88 1 0.0247134252
FT 785 254692.984683541 88 86 0 0.0253800091
FT 786 254693.018019750 86 85 0 0.0213568762
SW 786 254693.018019750 1 101 108 4 0
FT 787 254693.051356291 107 104 0 0.00906297266
FT 788 254693.084692625 104 103 0 0.00952889525
FT 789 254693.118029125 103 96 0 0.0179847125
SW 789 254693.118029125 1 112 121 2 0
FT 790 254693.151365416 114 111 0 0.0185259038
FT 791 254693.184701875 111 108 0 0.0138065941
FT 792 254693.218038125 108 102 0 0.0177078457
SW 792 254693.218038125 1 124 128 2 0
FT 793 254693.251374708 124 118 0 0.0156804506
FT 794 254693.284711000 118 111 0 0.0108015615
FT 795 254693.318047458 111 100 0 0.0287536845
SW 795 254693.318047458 1 130 137 3 0
FT 796 254693.351383708 116 109 0 0.0245195132
FT 797 254693.384720166 109 108 0 0.0114451484
FT 798 254693.418056500 108 95 0 0.0270636393
SW 798 254693.418056500 1 130 144 7 0
FT 799 254693.451392916 111 92 0 0.0242902453
FT 800 254693.484729166 92 87 0 0.0150211834
FT 801 254693.518065833 87 86 0 0.0162230771
SW 801 254693.518065833 1 130 143 8 0
FT 802 254693.551402125 109 105 0 0.0185481708
FT 803 254693.584738500 105 98 0 0.0222170211
FT 804 254693.618074833 98 87 0 0.0335646586
SW 804 254693.618074833 1 137 153 8 0
FT 805 254693.651411208 104 83 0 0.0351248755
FT 806 254693.684747666 83 78 0 0.025647498
FT 807 254693.718084041 78 58 0 0.0279479327
SW 807 254693.718084041 1 130 151 7 1
FT 808 254693.751420333 75 65 0 0.0194158597
FT 809 254693.784756833 65 61 0 0.0218343643
FT 810 254693.818093125 61 54 0 0.0421714104
SW 810 254693.818093125 1 117 146 12 1
FT 811 254693.851429500 109 92 0 0.0314558213
FT 812 254693.884765875 92 86 0 0.0106072009
FT 813 254693.918102375 86 66 0 0.0216176426
SW 813 254693.918102375 1 121 154 17 1
FT 814 254693.951438625 100 94 0 0.0144778139
FT 815 254693.984775083 94 86 0 0.0188616125
FT 816 254694.018111375 86 74 0 0.0152499317
SW 816 254694.018111375 1 121 158 20 1
FT 817 254694.051447833 100 86 0 0.0194053685
FT 818 254694.084784208 86 81 0 0.0287429478
FT 819 254694.118120625 81 64 0 0.0455386853
SW 819 254694.118120625 1 96 153 24 0
FT 820 254694.151457041 87 63 0 0.0470140276
FT 821 254694.184793333 63 57 0 0.0312155088
FT 822 254694.218129791 57 55 0 0.0320616002
SW 822 254694.218129791 1 95 126 19 0
FT 823 254694.251466250 93 86 0 0.0235423685
FT 824 254694.284802500 86 80 0 0.0223427788
FT 825 254694.318138916 80 77 0 0.0288114394
SW 825 254694.318138916 1 114 141 15 0
FT 826 254694.351475333 102 96 0 0.0222945278
FT 827 254694.384811833 96 95 0 0.013370157
FT 828 254694.418148083 95 92 0 0.00955546698
SW 828 254694.418148083 1 122 146 13 0
FT 829 254694.451484541 114 108 0 0.00674590658
FT 830 254694.484820791 108 105 0 0.00774457911
FT 831 254694.518157250 105 101 0 0.0115731393
SW 831 254694.518157250 1 113 149 15 0
FT 832 254694.551493625 122 118 0 0.0108598613
FT 833 254694.584829958 118 115 0 0.0120677241
FT 834 254694.618166416 115 112 0 0.00942733687
SW 834 254694.618166416 1 119 144 10 0
FT 835 254694.651502833 127 120 0 0.0116179917
FT 836 254694.684839208 120 115 0 0.011581286
FT 837 254694.718175583 115 113 0 0.0110174433
SW 837 254694.718175583 1 124 137 8 0
FT 838 254694.751511875 125 112 0 0.015640588
FT 839 254694.784848333 112 110 0 0.0152954512
FT 840 254694.818184708 110 103 0 0.0113124911
SW 840 254694.818184708 1 129 139 8 0
FT 841 254694.851521166 126 118 0 0.0106440281
FT 842 254694.884857583 118 115 0 0.00832548501
FT 843 254694.918193916 115 108 0 0.011511835
SW 843 254694.918193916 1 137 153 11 0
FT 844 254694.951530375 137 121 0 0.0109224061
FT 845 254694.984866708 121 117 0 0.01210708
FT 846 254695.018203166 117 103 0 0.0121748255
SW 846 254695.018203166 1 144 160 11 0
FT 847 254695.051539500 126 121 0 0.00799828491
FT 848 254695.084875958 121 116 0 0.00794180644
FT 849 254695.118212250 116 112 0 0.00887785405
SW 849 254695.118212250 1 151 167 9 0
FT 850 254695.151548625 140 137 0 0.00563569767
FT 851 254695.184885125 137 129 0 0.00763805626
FT 852 254695.218221541 129 125 0 0.00562028963
SW 852 254695.218221541 1 156 179 6 0
FT 853 254695.251557916 141 133 0 0.00429424454
FT 854 254695.284894166 133 125 0 0.00578351555
FT 855 254695.318230666 125 122 0 0.00399688405
SW 855 254695.318230666 1 158 172 3 0
FT 856 254695.351567000 139 136 0 0.00531587596
FT 857 254695.384903416 136 129 0 0.00741483662
FT 858 254695.418239708 129 124 0 0.011781121
SW 858 254695.418239708 1 152 170 1 0
FT 859 254695.451576250 148 135 0 0.0128167349
FT 860 254695.484912541 135 126 0 0.0080588208
FT 861 254695.518249041 126 119 0 0.0105656989
SW 861 254695.518249041 1 156 162 3 0
FT 862 254695.551585291 136 130 0 0.0147405837
FT 863 254695.584921708 130 120 0 0.0149298352
FT 864 254695.618258041 120 114 0 0.017258326
SW 864 254695.618258041 1 157 166 3 0
FT 865 254695.651594625 131 120 0 0.0148609918
FT 866 254695.684930958 120 113 0 0.014620242
FT 867 254695.718267333 113 111 0 0.0112039393
SW 867 254695.718267333 1 150 167 4 0
FT 868 254695.751603666 127 114 0 0.0151115247
FT 869 254695.784940041 114 101 0 0.0181692878
FT 870 254695.818276416 101 84 0 0.0158555586
SW 870 254695.818276416 1 151 161 3 0
FT 871 254695.851612833 105 82 0 0.014341209
FT 872 254695.884949166 82 79 0 0.0100301571
FT 873 254695.918285583 79 75 0 0.0129325221
SW 873 254695.918285583 1 140 161 7 0
FT 874 254695.951621958 100 84 0 0.0193113296
FT 875 254695.984958333 84 76 0 0.0197173168
FT 876 254696.018294750 76 72 0 0.0170765823
SW 876 254696.018294750 1 138 161 11 0
FT 877 254696.051631166 95 78 0 0.0138603867
FT 878 254696.084967416 78 71 0 0.0124790305
FT 879 254696.118303791 71 64 0 0.0135591497
SW 879 254696.118303791 1 136 156 10 0
FT 880 254696.151640250 86 79 0 0.0181422306
FT 881 254696.184976625 79 77 0 0.0202195506
FT 882 254696.218312958 77 72 0 0.0137161346
SW 882 254696.218312958 1 111 159 14 0
FT 883 254696.251649291 88 84 0 0.0122450784
FT 884 254696.284985666 84 80 0 0.0101589161
FT 885 254696.318322166 80 76 0 0.00683172431
SW 885 254696.318322166 1 106 136 14 0
FT 886 254696.351658500 102 95 0 0.00718398272
FT 887 254696.384994833 95 90 0 0.00402607996
FT 888 254696.418331166 90 88 0 0.00193365913
SW 888 254696.418331166 1 107 138 14 0
FT 889 254696.451667625 101 91 0 0.00521914441
FT 890 254696.485004000 91 85 0 0.00459436179
FT 891 254696.518340416 85 82 0 0.00283365577
SW 891 254696.518340416 1 105 130 10 0
FT 892 254696.551676750 91 77 0 0.00651744901
FT 893 254696.585013000 77 72 0 0.00681463397
FT 894 254696.618349375 72 70 0 0.00776159236
SW 894 254696.618349375 1 104 120 11 0
FT 895 254696.651685791 92 78 0 0.0107736635
