FT 2 254666.748548255 112 109 0 0.00826813023
FT 3 254666.781885005 128 122 1 0.00581832354
FT 4 254666.815221838 133 130 1 0.00302925466
FT 5 254666.848558671 137 134 1 0.00781913617
FT 6 254666.881895421 142 137 0 0.00902465584
FT 7 254666.915850583 146 145 1 0.00758145441
FT 8 254666.949156666 149 144 0 0.0137850262
FT 9 254666.982463041 151 144 0 0.00972970116
FT 10 254667.015769250 151 146 0 0.0115560036
FT 11 254667.049075500 157 148 1 0.015312157
FT 12 254667.082381791 156 149 1 0.00987464091
FT 13 254667.115688000 153 146 1 0.0111007833
FT 14 254667.148994250 154 150 0 0.00939199163
FT 15 254667.182300583 154 149 0 0.0118468496
FT 16 254667.215606791 156 151 1 0.0111918398
FT 17 254667.248943416 155 152 1 0.00446677316
FT 18 254667.282279875 155 149 1 0.00512195725
FT 19 254667.315616500 155 150 0 0.00630860132
FT 20 254667.348953041 158 153 1 0.00628408734
FT 21 254667.382289666 156 150 1 0.00306121851
FT 22 254667.415626125 156 150 1 0.00396348981
FT 23 254667.448962708 155 154 1 0.00415130959
FT 24 254667.482299416 158 158 0 0.0022507555
FT 25 254667.515635833 163 156 0 0.00278171548
FT 26 254667.548972375 160 159 1 0.00154064716
FT 27 254667.582308958 161 153 0 0.0113089632
FT 28 254667.615645666 156 148 1 0.0155370922
FT 29 254667.648982166 151 144 1 0.00974929594
FT 30 254667.815665041 153 140 0 0.0306220369
FT 31 254667.849001625 147 141 1 0.00671647385
FT 32 254667.882338208 144 143 0 0.00549757789
FT 33 254667.915674666 149 148 1 0.00596604654
FT 34 254667.949011208 152 152 1 0.00517952479
FT 35 254667.982347791 154 153 1 0.00344428293
FT 36 254668.015684458 157 154 0 0.00424681644
INIT 254666.715211421 254668.015684458 8 0.136586351 8.67537966 0.967953413 4.46891913 -0.00629034395 0.000105135427 0.00288461594 0 0 0
FT 37 254668.049020958 156 154 1 0.0051104337
FT 38 254668.082357500 154 149 1 0.00513472664
FT 39 254668.115694041 149 146 1 0.00144549654
SW 39 254668.115694041 0 205 0 0 0
FT 40 254668.149030541 153 153 0 0.00250102537
FT 41 254668.182367083 153 153 1 0.00171309258
FT 42 254668.215703541 153 149 0 0.00315081702
SW 42 254668.215703541 1 176 225 8 0
FT 43 254668.249040125 154 149 1 0.00407186394
FT 44 254668.282376708 149 145 1 0.00315954218
FT 45 254668.315713250 145 143 1 0.00218520646
SW 45 254668.315713250 0 176 0 0 0
FT 46 254668.349049666 151 149 1 0.00463021198
FT 47 254668.382386291 149 146 1 0.0061117087
FT 48 254668.415722791 146 140 1 0.00379937217
SW 48 254668.415722791 0 176 0 0 0
FT 49 254668.449059375 146 143 0 0.0046521725
FT 50 254668.482395833 143 141 1 0.0050290124
FT 51 254668.515732416 141 135 1 0.00514926437
SW 51 254668.515732416 0 176 0 0 0
FT 52 254668.549068916 143 140 1 0.00435026518
FT 53 254668.582405500 140 138 0 0.00602948073
FT 54 254668.615741875 138 137 1 0.00705556689
SW 54 254668.615741875 0 176 0 0 0
FT 55 254668.649078458 140 136 0 0.00940965694
FT 56 254668.682414916 136 135 1 0.00779505725
FT 57 254668.715751458 135 134 1 0.00199579509
SW 57 254668.715751458 0 176 0 0 0
FT 58 254668.749088000 151 151 0 0.00433337404
FT 59 254668.782424458 151 149 1 0.00384998185
FT 60 254668.815761083 149 145 0 0.00197545311
SW 60 254668.815761083 1 180 214 9 0
FT 61 254668.849097625 149 149 1 0.00351296522
FT 62 254668.882434083 149 149 1 0.00514729952
FT 63 254668.915770625 149 148 1 0.00374999506
SW 63 254668.915770625 0 180 0 0 0
FT 64 254668.949107041 152 151 1 0.00217090066
FT 65 254668.982443541 151 149 1 0.0022719234
FT 66 254669.015780041 149 148 0 0.00377204649
SW 66 254669.015780041 1 172 195 13 0
FT 67 254669.049116583 153 150 1 0.00503728375
FT 68 254669.082453041 150 150 1 0.00593262174
FT 69 254669.115789583 150 150 1 0.00295089632
SW 69 254669.115789583 0 172 0 0 0
FT 70 254669.149126208 153 153 1 0.00528789688
FT 71 254669.182462708 153 149 1 0.00917219276
FT 72 254669.215799166 149 149 0 0.00825209724
SW 72 254669.215799166 1 145 193 15 0
FT 73 254669.249135625 150 145 0 0.00741726659
FT 74 254669.282472083 145 143 0 0.00735120885
FT 75 254669.315808625 143 137 0 0.00839408789
SW 75 254669.315808625 1 157 159 2 0
FT 76 254669.349145041 142 142 0 0.0109398472
FT 77 254669.382481666 142 136 0 0.0113618182
FT 78 254669.415818083 136 134 0 0.00942523344
SW 78 254669.415818083 1 159 163 1 0
FT 79 254669.449154666 146 143 1 0.00739270129
FT 80 254669.482491041 143 136 0 0.0101112299
FT 81 254669.515827666 136 135 0 0.00871267184
SW 81 254669.515827666 1 166 170 1 0
FT 82 254669.549163958 144 142 0 0.00893567806
FT 83 254669.582500666 142 138 0 0.00861323765
FT 84 254669.615837125 138 135 0 0.00915812562
SW 84 254669.615837125 1 169 175 2 0
FT 85 254669.649173666 151 146 0 0.00693569947
FT 86 254669.682510000 146 144 0 0.00378585249
FT 87 254669.715846666 144 144 0 0.00526683502
SW 87 254669.715846666 1 170 185 3 0
FT 88 254669.749183041 152 152 0 0.00580256472
FT 89 254669.782519583 152 150 0 0.00517356666
FT 90 254669.815855958 150 147 0 0.00769042508
SW 90 254669.815855958 1 166 178 5 0
FT 91 254669.849192583 156 154 0 0.00827896973
FT 92 254669.882529083 154 152 0 0.00628901851
FT 93 254669.915865625 152 150 1 0.00470637254
SW 93 254669.915865625 0 166 0 0 0
FT 94 254669.949201958 155 152 1 0.00636016869
FT 95 254669.982538583 152 150 1 0.00635242852
FT 96 254670.015874916 150 150 0 0.00468090279
SW 96 254670.015874916 1 161 185 7 0
FT 97 254670.049211500 154 152 0 0.0063424854
FT 98 254670.082548083 152 151 0 0.00886998377
FT 99 254670.115884541 151 148 1 0.00783675286
SW 99 254670.115884541 0 161 0 0 0
FT 100 254670.149220916 154 151 0 0.00925149207
FT 101 254670.182557583 151 149 0 0.0101799901
FT 102 254670.215893916 149 146 0 0.00967493575
SW 102 254670.215893916 1 163 173 3 0
FT 103 254670.249230500 158 156 0 0.0104672521
FT 104 254670.282567083 156 152 0 0.0115349354
FT 105 254670.315903375 152 149 0 0.0104764846
SW 105 254670.315903375 1 166 175 3 0
FT 106 254670.349240000 156 154 0 0.00932040438
FT 107 254670.382576458 154 152 0 0.0088969545
FT 108 254670.415913000 152 148 0 0.00812584022
SW 108 254670.415913000 1 165 174 4 0
FT 109 254670.449249416 153 151 0 0.0101514323
FT 110 254670.482585916 151 149 0 0.0110393156
FT 111 254670.515922416 149 146 0 0.0102493067
SW 111 254670.515922416 1 166 174 3 0
FT 112 254670.549258916 157 154 1 0.010722215
FT 113 254670.582595416 154 151 0 0.0137809549
FT 114 254670.615931875 151 148 0 0.0101803554
SW 114 254670.615931875 1 170 178 4 0
FT 115 254670.649268375 159 155 1 0.00964062729
FT 116 254670.682604958 155 154 0 0.0125857556
FT 117 254670.715941458 154 152 0 0.0124686109
SW 117 254670.715941458 1 175 184 3 0
FT 118 254670.749277833 163 159 1 0.0145521681
FT 119 254670.782614375 159 152 0 0.020717611
FT 120 254670.815950875 152 151 0 0.0197902871
SW 120 254670.815950875 1 177 186 3 0
FT 121 254670.849287416 163 158 0 0.0142920374
FT 122 254670.882623958 158 151 0 0.015446213
FT 123 254670.915960333 151 147 0 0.0109301441
SW 123 254670.915960333 1 178 188 3 0
FT 124 254670.949296791 156 154 1 0.00379112109
FT 125 254670.982633291 154 152 0 0.00668748914
FT 126 254671.015969833 152 149 0 0.00970003122
SW 126 254671.015969833 1 178 189 4 0
FT 127 254671.049306250 159 157 0 0.00613138071
FT 128 254671.082642791 157 152 0 0.0102878271
FT 129 254671.115979208 152 151 0 0.00991450111
SW 129 254671.115979208 1 182 189 1 0
FT 130 254671.149315833 157 148 0 0.0134075819
FT 131 254671.182652166 148 147 0 0.00884947293
FT 132 254671.215988666 147 147 0 0.00668450145
SW 132 254671.215988666 1 178 188 1 0
FT 133 254671.249325208 154 152 0 0.00603227769
FT 134 254671.282661833 152 151 0 0.00571212623
FT 135 254671.315998208 151 150 0 0.00780100991
SW 135 254671.315998208 1 171 185 2 0
FT 136 254671.349334541 160 157 0 0.0098133776
FT 137 254671.382671041 157 153 0 0.0087342585
FT 138 254671.416007708 153 151 0 0.0105777747
SW 138 254671.416007708 1 174 182 2 0
FT 139 254671.449344083 163 158 0 0.0120486871
FT 140 254671.482680541 158 155 0 0.00977445576
FT 141 254671.516017125 155 154 0 0.0106471998
SW 141 254671.516017125 1 177 185 3 0
FT 142 254671.549353625 164 159 0 0.0116834984
FT 143 254671.582690083 159 156 0 0.00847664523
FT 144 254671.616026500 156 153 0 0.0104943477
SW 144 254671.616026500 1 179 190 2 0
FT 145 254671.649363041 162 161 0 0.00668725711
FT 146 254671.682699458 161 158 0 0.00538636022
FT 147 254671.716036000 158 156 0 0.00937744719
SW 147 254671.716036000 1 185 190 2 0
FT 148 254671.749372500 164 160 0 0.00527134917
FT 149 254671.782709041 160 158 0 0.00480614147
FT 150 254671.816045458 158 157 0 0.0048645177
SW 150 254671.816045458 1 180 191 3 0
FT 151 254671.849382000 163 161 0 0.00694489811
FT 152 254671.882718458 161 160 0 0.0105925411
FT 153 254671.916054875 160 148 0 0.0167958526
SW 153 254671.916054875 1 178 186 2 0
FT 154 254671.949391375 160 153 0 0.0217638276
FT 155 254671.982727833 153 151 0 0.0107849884
FT 156 254672.016064208 151 149 0 0.0244679588
SW 156 254672.016064208 1 174 189 4 0
FT 157 254672.049400833 162 156 0 0.0251503738
FT 158 254672.082737375 156 152 0 0.0094475962
FT 159 254672.116073875 152 148 1 0.0111935787
SW 159 254672.116073875 0 174 0 0 0
FT 160 254672.149410291 161 159 0 0.00852433666
FT 161 254672.182746750 159 157 0 0.011745674
FT 162 254672.216083250 157 154 1 0.0138248222
SW 162 254672.216083250 0 174 0 0 0
FT 163 254672.249419666 166 162 0 0.0121142651
FT 164 254672.282756208 162 159 0 0.0100579013
FT 165 254672.316092666 159 157 0 0.00972201445
SW 165 254672.316092666 1 188 202 5 0
FT 166 254672.349429208 163 162 0 0.0103709788
FT 167 254672.382765750 162 157 0 0.00937905089
FT 168 254672.416102083 157 154 0 0.0101010763
SW 168 254672.416102083 1 182 199 5 0
FT 169 254672.449438541 166 158 0 0.00927383105
FT 170 254672.482775083 158 153 0 0.0064888441
FT 171 254672.516111666 153 151 0 0.00912136204
SW 171 254672.516111666 1 182 196 6 0
FT 172 254672.549448041 165 157 0 0.016282627
FT 173 254672.582784666 157 151 0 0.0112156962
FT 174 254672.616120958 151 149 0 0.00991080724
SW 174 254672.616120958 1 181 202 9 0
FT 175 254672.649457458 161 159 0 0.00789320149
FT 176 254672.682793916 159 150 0 0.0136261165
FT 177 254672.716130500 150 147 0 0.0130078555
SW 177 254672.716130500 1 191 199 4 0
FT 178 254672.749466875 158 156 0 0.0117600886
FT 179 254672.782803500 156 153 0 0.0069465958
FT 180 254672.816139833 153 148 0 0.00522874835
SW 180 254672.816139833 1 192 204 3 0
FT 181 254672.849476375 165 161 0 0.00387107518
FT 182 254672.882812750 161 156 0 0.00285181819
FT 183 254672.916149208 156 152 0 0.00988017609
SW 183 254672.916149208 1 192 208 4 0
FT 184 254672.949485791 167 165 1 0.00941304271
FT 185 254672.982822333 165 161 0 0.00747818472
FT 186 254673.016158708 161 158 0 0.00690775432
SW 186 254673.016158708 1 187 208 5 0
FT 187 254673.049495208 167 161 0 0.00662700175
FT 188 254673.082831583 161 152 0 0.00637677532
FT 189 254673.116168208 152 148 0 0.00823734297
SW 189 254673.116168208 1 182 197 4 0
FT 190 254673.149504583 161 155 0 0.00848473359
FT 191 254673.182841208 155 147 0 0.00946285414
FT 192 254673.216177541 147 139 0 0.0105191037
SW 192 254673.216177541 1 180 193 5 0
FT 193 254673.249514083 154 153 0 0.00700680069
FT 194 254673.282850500 153 147 0 0.0059284157
FT 195 254673.316187000 147 144 0 0.00543647877
SW 195 254673.316187000 1 182 196 5 0
FT 196 254673.349523541 152 151 0 0.00643221458
FT 197 254673.382859958 151 149 0 0.00693209575
FT 198 254673.416196375 149 146 0 0.0048429643
SW 198 254673.416196375 1 184 194 4 0
FT 199 254673.449532875 150 149 0 0.00550895437
FT 200 254673.482869291 149 146 0 0.00411955744
FT 201 254673.516205833 146 141 0 0.00751942256
SW 201 254673.516205833 1 173 191 3 0
FT 202 254673.549542333 148 140 0 0.0109205736
FT 203 254673.582878875 140 135 0 0.00799694808
FT 204 254673.616215250 135 132 0 0.00239503215
SW 204 254673.616215250 1 162 181 3 0
FT 205 254673.649551791 147 144 0 0.00361220993
FT 206 254673.682888208 144 144 0 0.00780182547
FT 207 254673.716224708 144 142 0 0.0128467947
SW 207 254673.716224708 1 168 177 3 0
FT 208 254673.749561250 152 146 0 0.0154144986
FT 209 254673.782897708 146 142 0 0.0164247022
FT 210 254673.816234166 142 134 0 0.0153958611
SW 210 254673.816234166 1 172 180 3 0
FT 211 254673.849570583 148 142 0 0.0109099774
FT 212 254673.882907125 142 136 0 0.00831852635
FT 213 254673.916243583 136 133 0 0.00605644736
SW 213 254673.916243583 1 171 182 3 0
FT 214 254673.949580000 147 142 0 0.0115478771
FT 215 254673.982916541 142 137 0 0.0139801189
FT 216 254674.016252958 137 136 0 0.00943017178
SW 216 254674.016252958 1 167 185 4 0
FT 217 254674.049589458 151 148 0 0.00970523754
FT 218 254674.082925958 148 144 0 0.00583238045
FT 219 254674.116262458 144 142 0 0.00786661287
SW 219 254674.116262458 1 176 182 4 0
FT 220 254674.149598916 152 147 0 0.0135673325
FT 221 254674.182935291 147 140 0 0.0185427654
FT 222 254674.216271791 140 135 0 0.0219505697
SW 222 254674.216271791 1 166 187 4 0
FT 223 254674.249608291 142 136 0 0.0176328997
FT 224 254674.282944916 136 132 0 0.0137024245
FT 225 254674.316281208 132 127 0 0.0194783797
SW 225 254674.316281208 1 161 174 5 0
FT 226 254674.349617750 142 132 0 0.0242718421
FT 227 254674.382954125 132 125 0 0.0197265653
FT 228 254674.416290750 125 121 0 0.013346575
SW 228 254674.416290750 1 161 173 4 0
FT 229 254674.449627166 138 132 0 0.0203130382
FT 230 254674.482963625 132 127 0 0.0189024964
FT 231 254674.516300083 127 120 0 0.0174572092
SW 231 254674.516300083 1 160 171 6 0
FT 232 254674.549636541 130 120 0 0.0183707084
FT 233 254674.582973041 120 113 0 0.0192727213
FT 234 254674.616309500 113 93 0 0.0371076759
SW 234 254674.616309500 1 148 168 6 0
FT 235 254674.649646041 107 94 0 0.0373451533
FT 236 254674.682982625 94 90 0 0.0175539258
FT 237 254674.716318916 90 83 0 0.0158475974
SW 237 254674.716318916 1 141 160 7 0
FT 238 254674.749655291 102 96 0 0.00718289353
FT 239 254674.782991833 96 94 0 0.0111394739
FT 240 254674.816328333 94 94 0 0.00706485025
SW 240 254674.816328333 1 143 162 6 0
FT 241 254674.849664750 113 107 0 0.00714438634
FT 242 254674.883001250 107 101 0 0.0121589975
FT 243 254674.916337750 101 97 0 0.00865642841
SW 243 254674.916337750 1 146 160 7 0
FT 244 254674.949674125 115 110 0 0.0125961313
FT 245 254674.983010583 110 102 0 0.0163419937
FT 246 254675.016347000 102 88 0 0.0211097604
SW 246 254675.016347000 1 126 161 6 0
FT 247 254675.049683458 109 96 0 0.0174820723
FT 248 254675.083019958 96 94 0 0.00922590133
FT 249 254675.116356541 94 92 0 0.0087663264
SW 249 254675.116356541 1 127 147 4 0
FT 250 254675.149693041 113 104 0 0.0102806568
FT 251 254675.183029458 104 98 0 0.0102233872
FT 252 254675.216365833 98 93 0 0.00766567298
SW 252 254675.216365833 1 141 147 3 0
FT 253 254675.249702333 114 112 0 0.0113974272
FT 254 254675.283038875 112 108 0 0.0139371319
FT 255 254675.316375291 108 94 0 0.0238512196
SW 255 254675.316375291 1 144 157 5 0
FT 256 254675.349711750 105 97 0 0.0208082668
FT 257 254675.383048250 97 96 0 0.0228381923
FT 258 254675.416384708 96 91 0 0.0251269975
SW 258 254675.416384708 1 133 154 4 0
FT 259 254675.449721125 100 94 0 0.0300856228
FT 260 254675.483057625 94 92 0 0.0270317808
FT 261 254675.516394041 92 91 0 0.0241173949
SW 261 254675.516394041 1 128 143 4 0
FT 262 254675.549730583 102 99 0 0.0205051747
FT 263 254675.583067125 99 94 0 0.0163622436
FT 264 254675.616403541 94 91 0 0.0145230182
SW 264 254675.616403541 1 117 140 8 0
FT 265 254675.649740041 103 95 0 0.0121236179
FT 266 254675.683076375 95 91 0 0.013229268
FT 267 254675.716412875 91 87 0 0.0162529115
SW 267 254675.716412875 1 111 132 9 0
FT 268 254675.749749416 100 93 0 0.0197088042
FT 269 254675.783085916 93 91 0 0.0192300813
FT 270 254675.816422250 91 86 0 0.0164197827
SW 270 254675.816422250 1 113 130 9 0
FT 271 254675.849758791 98 88 0 0.0145733281
FT 272 254675.883095208 88 82 0 0.00927037161
FT 273 254675.916431666 82 81 0 0.003853468
SW 273 254675.916431666 1 119 131 6 0
FT 274 254675.949768208 100 95 0 0.00620758306
FT 275 254675.983104666 95 94 0 0.0045873456
FT 276 254676.016441000 94 92 0 0.00666237341
SW 276 254676.016441000 1 128 143 7 0
FT 277 254676.049777541 106 104 0 0.00622577143
FT 278 254676.083114000 104 102 0 0.00345329266
FT 279 254676.116450541 102 101 0 0.00298511514
SW 279 254676.116450541 1 130 148 7 0
FT 280 254676.149786916 108 103 0 0.00572394723
FT 281 254676.183123500 103 97 0 0.0101718968
FT 282 254676.216459791 97 96 0 0.0052631505
SW 282 254676.216459791 1 126 142 5 0
FT 283 254676.249796416 109 108 0 0.00830259416
FT 284 254676.283132833 108 106 0 0.00258117259
FT 285 254676.316469333 106 104 0 0.00281970889
SW 285 254676.316469333 1 120 142 8 0
FT 286 254676.349805666 112 111 0 0.00190896592
FT 287 254676.383142291 111 106 0 0.00523826584
FT 288 254676.416478583 106 103 0 0.00434174226
SW 288 254676.416478583 1 124 136 5 0
FT 289 254676.449815083 111 108 0 0.00435106002
FT 290 254676.483151500 108 107 0 0.00731478007
FT 291 254676.516488083 107 106 0 0.00791604157
SW 291 254676.516488083 1 129 136 3 0
FT 292 254676.549824541 118 116 0 0.00867211307
FT 293 254676.583160958 116 115 0 0.0136084012
FT 294 254676.616497333 115 114 0 0.00493048969
SW 294 254676.616497333 1 132 144 2 0
FT 295 254676.649833833 119 117 0 0.00434614366
FT 296 254676.683170375 117 115 0 0.017753753
FT 297 254676.716506833 115 112 0 0.00627291847
SW 297 254676.716506833 1 133 138 2 0
FT 298 254676.749843166 120 120 0 0.0033292
FT 299 254676.783179708 120 117 0 0.00403010234
FT 300 254676.816516166 117 115 0 0.007643173
SW 300 254676.816516166 1 130 142 3 0
FT 301 254676.849852666 123 121 0 0.0134980905
FT 302 254676.883189083 121 119 0 0.00726597243
FT 303 254676.916525583 119 117 0 0.00943901928
SW 303 254676.916525583 1 133 140 3 0
FT 304 254676.949861958 126 122 0 0.0135041416
FT 305 254676.983198500 122 120 0 0.00680961616
FT 306 254677.016534833 120 118 0 0.00541899485
SW 306 254677.016534833 1 137 144 3 0
FT 307 254677.049871375 132 129 0 0.00453264807
FT 308 254677.083207916 129 129 0 0.00258710375
FT 309 254677.116544208 129 126 0 0.00207994782
SW 309 254677.116544208 1 145 153 2 0
FT 310 254677.149880708 134 132 0 0.00269736055
FT 311 254677.183217166 132 130 0 0.00719706176
FT 312 254677.216553666 130 128 0 0.00737787871
SW 312 254677.216553666 1 148 154 2 0
FT 313 254677.249890125 135 131 0 0.0108810643
FT 314 254677.283226583 131 123 0 0.0121700599
FT 315 254677.316563041 123 120 0 0.0136490027
SW 315 254677.316563041 1 149 154 0 0
FT 316 254677.349899541 134 128 0 0.0121627367
FT 317 254677.383236000 128 126 0 0.00879140563
FT 318 254677.416572375 126 121 0 0.0100105535
SW 318 254677.416572375 1 152 159 0 0
FT 319 254677.449908875 131 125 0 0.0104930789
FT 320 254677.483245208 125 122 0 0.00902334267
FT 321 254677.516581750 122 119 0 0.00971135731
SW 321 254677.516581750 1 155 160 0 0
FT 322 254677.549918166 130 128 0 0.0163161694
FT 323 254677.583254625 128 123 0 0.00923682889
FT 324 254677.616591083 123 120 0 0.0125902769
SW 324 254677.616591083 1 159 165 1 0
FT 325 254677.649927666 132 131 0 0.0174667085
FT 326 254677.683264166 131 129 0 0.0163568388
FT 327 254677.716600500 129 126 0 0.0149134351
SW 327 254677.716600500 1 157 170 1 0
FT 328 254677.749937000 142 141 0 0.010607782
FT 329 254677.783273416 141 138 0 0.013397847
FT 330 254677.816609958 138 133 0 0.010112336
SW 330 254677.816609958 1 159 169 1 0
FT 331 254677.849946458 147 143 0 0.0176950948
FT 332 254677.883282791 143 138 0 0.0182216451
FT 333 254677.916619250 138 137 0 0.00827922735
SW 333 254677.916619250 1 161 172 1 0
FT 334 254677.949955833 144 144 0 0.00773135177
FT 335 254677.983292166 144 142 0 0.0122709541
FT 336 254678.016628708 142 138 0 0.00674635568
SW 336 254678.016628708 1 158 168 1 0
FT 337 254678.049965208 153 151 0 0.00978716173
FT 338 254678.083301625 151 150 0 0.00319941832
FT 339 254678.116638041 150 142 0 0.0091221647
SW 339 254678.116638041 1 165 170 1 0
FT 340 254678.149974541 147 137 0 0.0153381646
FT 341 254678.183310958 137 136 0 0.00528116462
FT 342 254678.216647500 136 134 0 0.00775325077
SW 342 254678.216647500 1 165 170 1 0
FT 343 254678.249983875 139 135 0 0.0112616177
FT 344 254678.283320333 135 128 0 0.0148997869
FT 345 254678.316656833 128 127 0 0.0143010435
SW 345 254678.316656833 1 160 169 1 0
FT 346 254678.349993166 132 130 0 0.0102712701
FT 347 254678.383329583 130 124 0 0.011836005
FT 348 254678.416666125 124 121 0 0.014226655
SW 348 254678.416666125 1 157 163 1 0
FT 349 254678.450002666 130 128 0 0.0139359939
FT 350 254678.483338958 128 126 0 0.0138655503
FT 351 254678.516675458 126 124 0 0.0129844002
SW 351 254678.516675458 1 157 165 1 0
FT 352 254678.550012000 131 128 0 0.0203708028
FT 353 254678.583348416 128 125 0 0.0230900691
FT 354 254678.616684833 125 122 0 0.0173986489
SW 354 254678.616684833 1 149 162 1 0
FT 355 254678.650021375 131 128 0 0.0112371911
FT 356 254678.683357708 128 127 0 0.0111055971
FT 357 254678.716694208 127 126 0 0.0183731974
SW 357 254678.716694208 1 146 157 1 0
FT 358 254678.750030666 134 128 0 0.0203186431
FT 359 254678.783367083 128 124 0 0.0183567615
FT 360 254678.816703541 124 123 0 0.0109147621
SW 360 254678.816703541 1 144 154 2 0
FT 361 254678.850040083 130 129 0 0.0173452694
FT 362 254678.883376541 129 126 0 0.0210947947
FT 363 254678.916712958 126 125 0 0.011423732
SW 363 254678.916712958 1 146 152 2 0
FT 364 254678.950049375 133 126 0 0.0162970492
FT 365 254678.983385875 126 123 0 0.0127602803
FT 366 254679.016722291 123 116 0 0.0111666212
SW 366 254679.016722291 1 147 154 1 0
FT 367 254679.050058750 127 122 0 0.013376872
FT 368 254679.083395166 122 120 0 0.0119837863
FT 369 254679.116731583 120 116 0 0.015287283
SW 369 254679.116731583 1 151 156 2 0
FT 370 254679.150068125 128 115 0 0.0209091593
FT 371 254679.183404625 115 104 0 0.0200237797
FT 372 254679.216740916 104 93 0 0.0238080757
SW 372 254679.216740916 1 145 160 5 0
FT 373 254679.250077375 101 79 0 0.0299731278
FT 374 254679.283413958 79 74 0 0.0230181559
FT 375 254679.316750375 74 71 0 0.0171670978
SW 375 254679.316750375 1 146 155 5 0
FT 376 254679.350086791 93 89 0 0.0130730657
FT 377 254679.383423291 89 84 0 0.0244051792
FT 378 254679.416759666 84 78 0 0.035491138
SW 378 254679.416759666 1 146 166 5 0
FT 379 254679.450096083 98 92 0 0.0246441621
FT 380 254679.483432625 92 80 0 0.0180210766
FT 381 254679.516769041 80 51 0 0.0472069582
SW 381 254679.516769041 1 144 156 4 0
FT 382 254679.550105458 65 50 0 0.0466151678
FT 383 254679.583441958 50 46 0 0.0299460106
FT 384 254679.616778416 46 41 0 0.0331674195
SW 384 254679.616778416 1 120 154 3 0
FT 385 254679.650114875 61 58 0 0.018882466
FT 386 254679.683451208 58 57 0 0.0291989614
FT 387 254679.716787708 57 54 0 0.0302201097
SW 387 254679.716787708 1 108 136 2 0
FT 388 254679.750124166 72 72 0 0.0299018318
FT 389 254679.783460791 72 69 0 0.0241264138
FT 390 254679.816797166 69 66 0 0.0262256102
SW 390 254679.816797166 1 113 124 3 0
FT 391 254679.850133625 75 70 0 0.0301992876
FT 392 254679.883469916 70 57 0 0.0448478498
FT 393 254679.916806500 57 49 0 0.0450871799
SW 393 254679.916806500 1 84 119 3 0
FT 394 254679.950142916 83 71 0 0.0179111458
FT 395 254679.983479250 71 63 0 0.0182694301
FT 396 254680.016815833 63 59 0 0.0159480235
SW 396 254680.016815833 1 82 103 5 0
FT 397 254680.050152291 75 65 0 0.0128151069
FT 398 254680.083488583 65 57 0 0.0113174851
FT 399 254680.116825125 57 54 0 0.00835450593
SW 399 254680.116825125 1 94 97 3 0
FT 400 254680.150161583 71 69 0 0.0140276471
FT 401 254680.183498000 69 62 0 0.00579050029
FT 402 254680.216834458 62 53 0 0.00968772739
SW 402 254680.216834458 1 100 106 4 0
FT 403 254680.250171000 72 63 0 0.00634878735
FT 404 254680.283507291 63 52 0 0.015516377
FT 405 254680.316843791 52 44 0 0.0156504495
SW 405 254680.316843791 1 88 112 4 0
FT 406 254680.350180250 74 64 0 0.0117360482
FT 407 254680.383516708 64 63 0 0.00901521112
FT 408 254680.416853166 63 55 0 0.0135621643
SW 408 254680.416853166 1 98 109 5 0
FT 409 254680.450189625 78 66 0 0.0122985757
FT 410 254680.483526083 66 63 0 0.00494768754
FT 411 254680.516862416 63 62 0 0.0172525302
SW 411 254680.516862416 1 96 115 4 0
FT 412 254680.550198833 82 79 0 0.0126627648
FT 413 254680.583535291 79 65 0 0.0146330997
FT 414 254680.616871750 65 53 0 0.0218381337
SW 414 254680.616871750 1 90 106 6 0
FT 415 254680.650208250 82 67 0 0.0107304114
FT 416 254680.683544666 67 66 0 0.00994597911
FT 417 254680.716881125 66 60 0 0.0116944928
SW 417 254680.716881125 1 87 110 6 0
FT 418 254680.750217583 84 80 0 0.0152075124
FT 419 254680.783553958 80 76 0 0.0128576778
FT 420 254680.816890416 76 75 0 0.01249658
SW 420 254680.816890416 1 101 114 7 0
FT 421 254680.850226958 90 90 0 0.0188767612
FT 422 254680.883563375 90 86 0 0.017688045
FT 423 254680.916899875 86 81 0 0.0137359175
SW 423 254680.916899875 1 105 118 8 0
FT 424 254680.950236208 101 99 0 0.0136308818
FT 425 254680.983572625 99 94 0 0.0266211367
FT 426 254681.016909083 94 89 0 0.0209028035
SW 426 254681.016909083 1 101 126 10 0
FT 427 254681.050245583 101 93 0 0.00906888229
FT 428 254681.083582125 93 89 0 0.0213412587
FT 429 254681.116918458 89 78 0 0.0467020403
SW 429 254681.116918458 1 97 117 13 0
FT 430 254681.150254916 93 82 0 0.045588021
FT 431 254681.183591375 82 79 0 0.0281430822
FT 432 254681.216927875 79 76 0 0.0179319608
SW 432 254681.216927875 1 98 118 14 0
FT 433 254681.250264125 89 87 0 0.0174058392
FT 434 254681.283600708 87 83 0 0.018179795
FT 435 254681.316937041 83 78 0 0.0178907013
SW 435 254681.316937041 1 101 120 15 0
FT 436 254681.350273625 91 86 0 0.0125390786
FT 437 254681.383609875 86 82 0 0.0120199872
FT 438 254681.416946375 82 82 0 0.0100937484
SW 438 254681.416946375 1 109 126 12 0
FT 439 254681.450282875 95 95 0 0.00841194744
FT 440 254681.483619375 95 94 0 0.0122292728
FT 441 254681.516955708 94 90 0 0.0143500816
SW 441 254681.516955708 1 104 133 12 0
FT 442 254681.550292250 96 86 0 0.0221280445
FT 443 254681.583628666 86 83 0 0.0187946451
FT 444 254681.616965125 83 82 0 0.0142614989
SW 444 254681.616965125 1 99 120 11 0
FT 445 254681.650301541 98 95 0 0.0150019264
FT 446 254681.683638000 95 89 0 0.0160055357
FT 447 254681.716974458 89 75 0 0.0219342707
SW 447 254681.716974458 1 103 118 9 0
FT 448 254681.750310833 97 83 0 0.0243688452
FT 449 254681.783647208 83 60 0 0.0457247749
FT 450 254681.816983750 60 50 0 0.0639260925
SW 450 254681.816983750 1 101 118 11 0
FT 451 254681.850320208 80 54 0 0.0458788405
FT 452 254681.883656583 54 37 0 0.035336577
FT 453 254681.916993000 37 24 0 0.0390125398
SW 453 254681.916993000 1 99 118 15 0
FT 454 254681.950329500 88 50 0 0.0292604448
FT 455 254681.983665833 50 43 0 0.0232259694
FT 456 254682.017002291 43 42 0 0.0288746483
SW 456 254682.017002291 1 112 139 15 0
FT 457 254682.050338791 112 71 0 0.0318737292
FT 458 254682.083675250 71 53 0 0.0413012266
FT 459 254682.117011708 53 44 0 0.0409858112
SW 459 254682.117011708 1 115 146 16 0
FT 460 254682.150348125 123 112 0 0.021538622
FT 461 254682.183684583 112 106 0 0.0205878143
FT 462 254682.217021000 106 92 0 0.0307093184
SW 462 254682.217021000 1 141 188 16 0
FT 463 254682.250357375 146 115 0 0.039808745
FT 464 254682.283693750 115 94 0 0.0431642474
FT 465 254682.317030250 94 83 0 0.0337279149
SW 465 254682.317030250 1 137 183 14 0
FT 466 254682.350366750 136 117 0 0.0287147904
FT 467 254682.383703250 117 105 0 0.0355832449
FT 468 254682.417039583 105 94 0 0.0377627096
SW 468 254682.417039583 1 168 186 11 0
FT 469 254682.450375958 158 113 0 0.0457503945
FT 470 254682.483712416 113 89 0 0.057497934
FT 471 254682.517048875 89 85 0 0.0337419936
SW 471 254682.517048875 1 176 199 6 0
FT 472 254682.550385333 136 128 0 0.0198655159
FT 473 254682.583721791 128 126 0 0.00578181794
FT 474 254682.617058250 126 120 0 0.0224670323
SW 474 254682.617058250 1 211 223 3 0
FT 475 254682.650394666 153 135 0 0.0287026428
FT 476 254682.683731083 135 118 0 0.0402409161
FT 477 254682.717067541 118 99 0 0.0527076879
SW 477 254682.717067541 1 184 223 3 1
FT 478 254682.750404041 127 102 0 0.0516856187
FT 479 254682.783740541 102 98 0 0.0200946837
FT 480 254682.817076833 98 97 0 0.0155242367
SW 480 254682.817076833 1 171 201 5 1
FT 481 254682.850413333 144 131 0 0.0297584845
FT 482 254682.883749625 131 116 0 0.0290213998
FT 483 254682.917086250 116 112 0 0.0178225895
SW 483 254682.917086250 1 171 206 4 2
FT 484 254682.950422583 146 137 0 0.0176706558
FT 485 254682.983759000 137 125 0 0.0186142505
FT 486 254683.017095458 125 116 0 0.0216109263
SW 486 254683.017095458 1 182 196 5 2
FT 487 254683.050431958 155 133 0 0.0303931765
FT 488 254683.083768291 133 114 0 0.0269396805
FT 489 254683.117104750 114 110 0 0.0219542143
SW 489 254683.117104750 1 164 209 11 1
FT 490 254683.150441125 156 140 0 0.021295979
FT 491 254683.183777666 140 132 0 0.0148625523
FT 492 254683.217114125 132 121 0 0.0102095248
SW 492 254683.217114125 1 180 203 12 0
FT 493 254683.250450541 154 142 0 0.00509481698
FT 494 254683.283786791 142 138 0 0.00578702498
FT 495 254683.317123458 138 130 0 0.000999000277
SW 495 254683.317123458 1 178 212 20 0
FT 496 254683.350459750 163 152 0 0.00216346486
FT 497 254683.383796208 152 144 0 0.0175225736
FT 498 254683.417132541 144 134 0 0.0229899641
SW 498 254683.417132541 1 184 217 18 0
FT 499 254683.450469000 162 141 0 0.0197550269
FT 500 254683.483805458 141 131 0 0.0136383043
FT 501 254683.517142000 131 120 0 0.00821199046
SW 501 254683.517142000 1 175 217 16 0
FT 502 254683.550478291 160 148 0 0.0152203086
FT 503 254683.583814791 148 130 0 0.0247192973
FT 504 254683.617151208 130 116 0 0.0177631947
SW 504 254683.617151208 1 180 209 13 0
FT 505 254683.650487666 155 119 0 0.0120257575
FT 506 254683.683824000 119 106 0 0.0121559421
FT 507 254683.717160458 106 94 0 0.0045211563
SW 507 254683.717160458 1 185 204 8 0
FT 508 254683.750496916 156 121 0 0.0125619195
FT 509 254683.783833375 121 108 0 0.0162014916
FT 510 254683.817169833 108 104 0 0.0183484677
SW 510 254683.817169833 1 199 220 6 0
FT 511 254683.850506333 152 130 0 0.0152082337
FT 512 254683.883842625 130 114 0 0.0212815683
FT 513 254683.917179166 114 100 0 0.0189593195
SW 513 254683.917179166 1 193 227 5 0
FT 514 254683.950515500 150 136 0 0.0172447012
FT 515 254683.983851916 136 110 0 0.0122913654
FT 516 254684.017188375 110 95 0 0.0163454533
SW 516 254684.017188375 1 192 219 5 0
FT 517 254684.050524833 157 129 0 0.0225092333
FT 518 254684.083861166 129 104 0 0.0117243003
FT 519 254684.117197666 104 84 0 0.0119780837
SW 519 254684.117197666 1 180 218 5 0
FT 520 254684.150534125 156 118 0 0.0165729777
FT 521 254684.183870500 118 95 0 0.0148566746
FT 522 254684.217206916 95 78 0 0.0108980185
SW 522 254684.217206916 1 190 213 6 0
FT 523 254684.250543458 148 93 0 0.00488251276
FT 524 254684.283879708 93 82 0 0.0133414129
FT 525 254684.317216208 82 73 0 0.0192856269
SW 525 254684.317216208 1 191 222 5 0
FT 526 254684.350552666 151 104 0 0.0131270021
FT 527 254684.383889125 104 87 0 0.0138791205
FT 528 254684.417225458 87 79 0 0.0169113048
SW 528 254684.417225458 1 195 225 4 0
FT 529 254684.450561916 143 122 0 0.0173599997
FT 530 254684.483898416 122 108 0 0.0211099214
FT 531 254684.517234791 108 103 0 0.0220679704
SW 531 254684.517234791 1 198 235 5 0
FT 532 254684.550571208 143 132 0 0.0241851321
FT 533 254684.583907666 132 119 0 0.0211560166
FT 534 254684.617244166 119 115 0 0.0188266025
SW 534 254684.617244166 1 190 231 7 0
FT 535 254684.650580500 141 131 0 0.0258020773
FT 536 254684.683916916 131 125 0 0.0233425884
FT 537 254684.717253375 125 120 0 0.0150086712
SW 537 254684.717253375 1 178 216 7 0
FT 538 254684.750589750 149 139 0 0.0141255022
FT 539 254684.783926166 139 127 0 0.028274823
FT 540 254684.817262541 127 119 0 0.0237406221
SW 540 254684.817262541 1 171 202 8 0
FT 541 254684.850599041 146 133 0 0.00667675812
FT 542 254684.883935583 133 129 0 0.00750049892
FT 543 254684.917271791 129 125 0 0.0167771473
SW 543 254684.917271791 1 178 197 7 0
FT 544 254684.950608333 143 137 0 0.0193949897
FT 545 254684.983944833 137 131 0 0.0116188548
FT 546 254685.017281291 131 127 0 0.0106066693
SW 546 254685.017281291 1 180 201 5 0
FT 547 254685.050617666 153 146 0 0.0211864609
FT 548 254685.083954041 146 130 0 0.0330321208
FT 549 254685.117290416 130 119 0 0.02908556
SW 549 254685.117290416 1 182 201 5 0
FT 550 254685.150626791 150 143 0 0.016152759
FT 551 254685.183963333 143 133 0 0.00799611665
FT 552 254685.217299750 133 122 0 0.0161275699
SW 552 254685.217299750 1 185 209 6 0
FT 553 254685.250636125 154 149 0 0.0205100955
FT 554 254685.283972625 149 129 0 0.0118164762
FT 555 254685.317309000 129 120 0 0.00517967177
SW 555 254685.317309000 1 187 206 7 0
FT 556 254685.350645458 159 146 0 0.0108085033
FT 557 254685.383981958 146 142 0 0.0177164544
FT 558 254685.417318208 142 136 0 0.00966580923
SW 558 254685.417318208 1 201 223 8 0
FT 559 254685.450654625 158 144 0 0.00676191881
FT 560 254685.483991083 144 121 0 0.0155124152
FT 561 254685.517327583 121 99 0 0.00991686449
SW 561 254685.517327583 1 189 220 7 0
FT 562 254685.550663916 145 138 0 0.00352348184
FT 563 254685.584000416 138 114 0 0.00957823189
FT 564 254685.617336750 114 109 0 0.00526197471
SW 564 254685.617336750 1 200 226 7 0
FT 565 254685.650673250 148 145 0 0.00662198943
FT 566 254685.684009625 145 138 0 0.00385646706
FT 567 254685.717346083 138 126 0 0.0108175349
SW 567 254685.717346083 1 211 235 7 0
FT 568 254685.750682541 154 148 0 0.00753198009
FT 569 254685.784018875 148 137 0 0.0079875368
FT 570 254685.817355458 137 131 0 0.00678453761
SW 570 254685.817355458 1 221 242 8 0
FT 571 254685.850691666 156 152 0 0.00477387707
FT 572 254685.884028208 152 148 0 0.0105258218
FT 573 254685.917364625 148 148 0 0.00900519494
SW 573 254685.917364625 1 195 251 8 0
FT 574 254685.950701041 154 152 0 0.0055558533
FT 575 254685.984037500 152 149 0 0.00659872723
FT 576 254686.017373875 149 145 0 0.00348138468
SW 576 254686.017373875 1 180 208 8 0
FT 577 254686.050710250 156 153 0 0.00601398207
FT 578 254686.084046666 153 150 0 0.0131157106
FT 579 254686.117383125 150 149 0 0.0110934624
SW 579 254686.117383125 1 180 196 5 0
FT 580 254686.150719541 159 157 0 0.00619473157
FT 581 254686.184056125 157 153 0 0.00407874869
FT 582 254686.217392375 153 149 0 0.0054458324
SW 582 254686.217392375 1 171 194 4 0
FT 583 254686.250728833 162 158 0 0.00459666158
FT 584 254686.284065333 158 152 0 0.00706920234
FT 585 254686.317401708 152 145 0 0.00824638806
SW 585 254686.317401708 1 175 183 3 0
FT 586 254686.350738083 163 145 0 0.00361418099
FT 587 254686.384074541 145 130 0 0.0112440299
FT 588 254686.417410958 130 120 0 0.00853711951
SW 588 254686.417410958 1 177 188 3 0
FT 589 254686.450747458 153 133 0 0.00932347956
FT 590 254686.484083666 133 118 0 0.0109791497
FT 591 254686.517420166 118 107 0 0.010686218
SW 591 254686.517420166 1 188 194 2 0
FT 592 254686.550756625 153 130 0 0.0155741563
FT 593 254686.584093208 130 108 0 0.0161448849
FT 594 254686.617429458 108 97 0 0.00869873677
SW 594 254686.617429458 1 193 204 2 0
FT 595 254686.650765916 153 137 0 0.00781228368
FT 596 254686.684102250 137 127 0 0.0120656234
FT 597 254686.717438833 127 120 0 0.010759008
SW 597 254686.717438833 1 213 228 3 0
FT 598 254686.750775166 159 144 0 0.00904575006
FT 599 254686.784111583 144 135 0 0.0077042444
FT 600 254686.817448000 135 130 0 0.00758475199
SW 600 254686.817448000 1 204 243 4 0
FT 601 254686.850784500 163 154 0 0.00893049497
FT 602 254686.884120833 154 144 0 0.00775262953
FT 603 254686.917457250 144 136 0 0.00766753435
SW 603 254686.917457250 1 200 231 4 0
FT 604 254686.950793625 162 152 0 0.00690351947
FT 605 254686.984130125 152 141 0 0.00798357693
FT 606 254687.017466500 141 133 0 0.0092727066
SW 606 254687.017466500 1 191 218 3 0
FT 607 254687.050802916 165 152 0 0.0108540188
FT 608 254687.084139375 152 136 0 0.0102465153
FT 609 254687.117475708 136 131 0 0.00627814465
SW 609 254687.117475708 1 202 215 3 0
FT 610 254687.150812166 160 148 0 0.0050507496
FT 611 254687.184148541 148 140 0 0.00463899972
FT 612 254687.217484958 140 134 0 0.0080180679
SW 612 254687.217484958 1 202 224 5 0
FT 613 254687.250821416 162 139 0 0.0144134653
FT 614 254687.284157875 139 132 0 0.0138921268
FT 615 254687.317494208 132 132 0 0.0129600161
SW 615 254687.317494208 1 207 229 5 0
FT 616 254687.350830541 155 153 0 0.0109257276
FT 617 254687.384167000 153 146 0 0.00819022519
FT 618 254687.417503416 146 145 0 0.00600163033
SW 618 254687.417503416 1 208 230 5 0
FT 619 254687.450839958 158 153 0 0.00778166485
FT 620 254687.484176291 153 152 0 0.011362204
FT 621 254687.517512708 152 146 0 0.0149623595
SW 621 254687.517512708 1 198 224 3 0
FT 622 254687.550849166 166 163 0 0.0140203031
FT 623 254687.584185541 163 162 0 0.0105311868
FT 624 254687.617522000 162 154 0 0.0101809406
SW 624 254687.617522000 1 198 216 2 0
FT 625 254687.650858416 179 167 0 0.00546904054
FT 626 254687.684194791 167 162 0 0.00641394288
FT 627 254687.717531250 162 155 0 0.012451297
SW 627 254687.717531250 1 192 218 2 0
FT 628 254687.750867666 174 167 0 0.00669334025
FT 629 254687.784204125 167 161 0 0.00981695582
FT 630 254687.817540416 161 153 0 0.0168446183
SW 630 254687.817540416 1 202 209 2 0
FT 631 254687.850876833 169 165 0 0.00969646381
FT 632 254687.884213333 165 154 0 0.0148779981
FT 633 254687.917549791 154 147 0 0.022358353
SW 633 254687.917549791 1 199 212 3 0
FT 634 254687.950886083 167 162 0 0.0175701207
FT 635 254687.984222541 162 146 0 0.0112263586
FT 636 254688.017558916 146 136 0 0.00604833686
SW 636 254688.017558916 1 203 214 4 0
FT 637 254688.050895416 155 142 0 0.00504763936
FT 638 254688.084231791 142 132 0 0.00798412894
FT 639 254688.117568250 132 126 0 0.0224208293
SW 639 254688.117568250 1 195 216 4 0
FT 640 254688.150904666 148 144 0 0.0202014655
FT 641 254688.184241041 144 142 0 0.0163525737
FT 642 254688.217577458 142 137 0 0.0164663747
SW 642 254688.217577458 1 195 218 6 0
FT 643 254688.250913958 155 146 0 0.0190731108
FT 644 254688.284250416 146 138 0 0.0282116838
FT 645 254688.317586666 138 126 0 0.0217991029
SW 645 254688.317586666 1 190 213 9 0
FT 646 254688.350923166 147 138 0 0.0137874562
FT 647 254688.384259541 138 128 0 0.0222722424
FT 648 254688.417595916 128 113 0 0.00864661224
SW 648 254688.417595916 1 174 206 9 0
FT 649 254688.450932333 138 116 0 0.00862212023
FT 650 254688.484268750 116 102 0 0.00691111885
FT 651 254688.517605125 102 95 0 0.0146544381
SW 651 254688.517605125 1 165 193 9 0
FT 652 254688.550941625 154 136 0 0.00815400168
FT 653 254688.584277958 136 121 0 0.00530201894
FT 654 254688.617614375 121 107 0 0.00385751304
SW 654 254688.617614375 1 187 203 8 0
FT 655 254688.650950875 135 121 0 0.0131645971
FT 656 254688.684287250 121 112 0 0.0184052969
FT 657 254688.717623666 112 106 0 0.0118424367
SW 657 254688.717623666 1 180 209 6 0
FT 658 254688.750960041 147 138 0 0.0117516171
FT 659 254688.784296416 138 127 0 0.0153422092
FT 660 254688.817632791 127 114 0 0.0236146577
SW 660 254688.817632791 1 174 199 5 0
FT 661 254688.850969291 151 134 0 0.028852051
FT 662 254688.884305625 134 126 0 0.017201041
FT 663 254688.917642083 126 121 0 0.00191449513
SW 663 254688.917642083 1 160 198 10 0
FT 664 254688.950978541 140 131 0 0.00728419706
FT 665 254688.984314916 131 127 0 0.020869789
FT 666 254689.017651333 127 121 0 0.0171832216
SW 666 254689.017651333 1 156 183 10 0
FT 667 254689.050987791 150 125 0 0.0104412648
FT 668 254689.084324125 125 102 0 0.0187561587
FT 669 254689.117660541 102 89 0 0.0187384703
SW 669 254689.117660541 1 148 172 9 0
FT 670 254689.150996833 126 111 0 0.00611946088
FT 671 254689.184333416 111 100 0 0.0155642756
FT 672 254689.217669708 100 84 0 0.0289602526
SW 672 254689.217669708 1 160 174 9 0
FT 673 254689.251006125 108 89 0 0.0223322575
FT 674 254689.284342583 89 80 0 0.0166404423
FT 675 254689.317679000 80 72 0 0.0210322058
SW 675 254689.317679000 1 155 181 14 0
FT 676 254689.351015458 112 93 0 0.0182830154
FT 677 254689.384351833 93 78 0 0.0190280728
FT 678 254689.417688166 78 66 0 0.0211570011
SW 678 254689.417688166 1 157 182 12 0
FT 679 254689.451024625 140 103 0 0.0157474866
FT 680 254689.484361083 103 83 0 0.0185412269
FT 681 254689.517697500 83 76 0 0.0152201337
SW 681 254689.517697500 1 139 192 15 0
FT 682 254689.551033791 109 86 0 0.0176617906
FT 683 254689.584370291 86 56 0 0.0265708919
FT 684 254689.617706583 56 43 0 0.030365587
SW 684 254689.617706583 1 116 157 18 0
FT 685 254689.651043041 116 47 0 0.0372766232
FT 686 254689.684379416 47 33 0 0.0313843843
FT 687 254689.717715958 33 29 0 0.0224983357
SW 687 254689.717715958 1 100 139 16 0
FT 688 254689.751052291 76 47 0 0.0259761513
FT 689 254689.784388666 47 34 0 0.0215887968
FT 690 254689.817725083 34 31 0 0.00559140714
SW 690 254689.817725083 1 91 127 17 0
FT 691 254689.851061625 87 53 0 0.0185570969
FT 692 254689.884397916 53 47 0 0.00849155107
FT 693 254689.917734333 47 40 0 0.0178176797
SW 693 254689.917734333 1 91 122 18 0
FT 694 254689.951070708 90 46 0 0.0158412694
FT 695 254689.984407208 46 35 0 0.0296588471
FT 696 254690.017743500 35 32 0 0.0338389651
SW 696 254690.017743500 1 65 115 14 0
FT 697 254690.051079916 48 40 0 0.0216074158
FT 698 254690.084416333 40 30 0 0.0205528416
FT 699 254690.117752875 30 28 0 0.0188589584
SW 699 254690.117752875 1 54 85 12 0
FT 700 254690.151089250 63 52 0 0.00522653351
FT 701 254690.184425666 52 43 0 0.00484958214
FT 702 254690.217761916 43 39 0 0.00592077017
SW 702 254690.217761916 1 62 82 11 0
FT 703 254690.251098375 63 54 0 0.0120613515
FT 704 254690.284434791 54 42 0 0.0136491988
FT 705 254690.317771208 42 36 0 0.0150270622
SW 705 254690.317771208 1 67 81 9 0
FT 706 254690.351107666 77 58 0 0.021088909
FT 707 254690.384444000 58 45 0 0.0211600711
FT 708 254690.417780416 45 45 0 0.00940570349
SW 708 254690.417780416 1 74 96 8 0
FT 709 254690.451116875 97 79 0 0.0232784869
FT 710 254690.484453208 79 63 0 0.0221515192
FT 711 254690.517789625 63 60 0 0.0043084867
SW 711 254690.517789625 1 90 107 7 0
FT 712 254690.551126125 91 71 0 0.00982365661
FT 713 254690.584462458 71 64 0 0.0256476624
FT 714 254690.617798916 64 58 0 0.0275961924
SW 714 254690.617798916 1 99 109 5 0
FT 715 254690.651135333 103 70 0 0.0239493936
FT 716 254690.684471625 70 62 0 0.0239629952
FT 717 254690.717808083 62 57 0 0.02631382
SW 717 254690.717808083 1 104 119 4 0
FT 718 254690.751144541 109 73 0 0.0311744109
FT 719 254690.784481000 73 58 0 0.0271890676
FT 720 254690.817817291 58 39 0 0.024777649
SW 720 254690.817817291 1 101 120 8 0
FT 721 254690.851153833 134 63 0 0.0200974156
FT 722 254690.884490125 63 48 0 0.0181335566
FT 723 254690.917826500 48 40 0 0.0216623444
SW 723 254690.917826500 1 104 126 12 0
FT 724 254690.951163041 116 56 0 0.0203697811
FT 725 254690.984499416 56 43 0 0.0206700583
FT 726 254691.017835791 43 38 0 0.0210444518
SW 726 254691.017835791 1 92 126 20 0
FT 727 254691.051172291 63 42 0 0.0109128819
FT 728 254691.084508666 42 28 0 0.00962096048
FT 729 254691.117845083 28 25 0 0.0123102256
SW 729 254691.117845083 1 82 118 20 0
FT 730 254691.151181458 85 39 0 0.0103068465
FT 731 254691.184517833 39 27 0 0.0210762757
FT 732 254691.217854291 27 18 0 0.0219225577
SW 732 254691.217854291 1 58 106 18 0
FT 733 254691.251190708 48 15 0 0.0119887099
FT 734 254691.284527125 15 5 0 0.0207771093
FT 735 254691.317863500 5 3 0 0.0235887657
SW 735 254691.317863500 1 43 76 17 0
FT 736 254691.351199750 43 23 0 0.00548293186
FT 737 254691.384536291 23 20 0 0.008174284
FT 738 254691.417872791 20 18 0 0.0077945849
SW 738 254691.417872791 1 47 75 16 0
FT 739 254691.451209125 39 32 0 0.0120566952
FT 740 254691.484545500 32 30 0 0.00311484272
FT 741 254691.517881791 30 28 0 0.0163120614
SW 741 254691.517881791 1 41 75 15 0
FT 742 254691.551218375 51 46 0 0.019183269
FT 743 254691.584554708 46 40 0 0.0106688009
FT 744 254691.617891083 40 39 0 0.00791622479
SW 744 254691.617891083 1 49 72 12 0
FT 745 254691.651227458 45 43 0 0.00533959706
FT 746 254691.684564000 43 40 0 0.0151901309
FT 747 254691.717900291 40 38 0 0.0144233759
SW 747 254691.717900291 1 38 66 13 0
FT 748 254691.751236666 50 48 0 0.0130486565
FT 749 254691.784573166 48 46 0 0.0118708638
FT 750 254691.817909625 46 46 0 0.0177573041
SW 750 254691.817909625 1 45 61 16 0
FT 751 254691.851245833 57 52 0 0.0274682101
FT 752 254691.884582333 52 46 0 0.0299799613
FT 753 254691.917918708 46 45 0 0.022403454
SW 753 254691.917918708 1 51 67 14 0
FT 754 254691.951255000 63 61 0 0.0119362541
FT 755 254691.984591375 61 58 0 0.0111549235
FT 756 254692.017927875 58 56 0 0.0111435657
SW 756 254692.017927875 1 61 80 14 0
FT 757 254692.051264333 68 66 0 0.0101654171
FT 758 254692.084600666 66 62 0 0.00948390813
FT 759 254692.117937166 62 58 0 0.00492740311
SW 759 254692.117937166 1 67 83 10 0
FT 760 254692.151273458 71 67 0 0.00232653312
FT 761 254692.184609958 67 62 0 0.00816834453
FT 762 254692.217946291 62 59 0 0.01199019
SW 762 254692.217946291 1 71 86 13 0
FT 763 254692.251282625 77 69 0 0.0133053534
FT 764 254692.284619083 69 67 0 0.017714764
FT 765 254692.317955458 67 64 0 0.0138517877
SW 765 254692.317955458 1 77 96 12 0
FT 766 254692.351291875 93 80 0 0.00492657426
FT 767 254692.384628291 80 70 0 0.00593197968
FT 768 254692.417964583 70 64 0 0.00673724937
SW 768 254692.417964583 1 87 103 12 0
FT 769 254692.451301083 89 84 0 0.00726580453
FT 770 254692.484637416 84 76 0 0.00865693529
FT 771 254692.517973916 76 74 0 0.0119635666
SW 771 254692.517973916 1 95 113 12 0
FT 772 254692.551310291 86 83 0 0.0118349577
FT 773 254692.584646708 83 81 0 0.0110508256
FT 774 254692.617983083 81 79 0 0.0152112096
SW 774 254692.617983083 1 95 115 12 0
FT 775 254692.651319500 91 82 0 0.0172356793
FT 776 254692.684655875 82 78 0 0.0124460842
FT 777 254692.717992291 78 75 0 0.0122040248
SW 777 254692.717992291 1 92 110 11 0
FT 778 254692.751328708 95 93 0 0.0159955479
FT 779 254692.784665083 93 89 1 0.0130717577
FT 780 254692.818001333 89 88 1 0.00830585068
SW 780 254692.818001333 0 92 0 0 0
FT 781 254692.851337833 100 96 0 0.00996368381
FT 782 254692.884674208 96 93 0 0.0116991098
FT 783 254692.918010708 93 86 0 0.014902033
SW 783 254692.918010708 1 95 120 7 0
FT 784 254692.951347166 96 88 1 0.0247226194
FT 785 254692.984683541 88 86 1 0.0253795536
FT 786 254693.018019750 86 85 0 0.0213559122
SW 786 254693.018019750 1 100 108 5 0
FT 787 254693.051356291 107 104 0 0.00908530878
FT 788 254693.084692625 104 103 0 0.00952036286
FT 789 254693.118029125 103 96 0 0.0179824938
SW 789 254693.118029125 1 112 121 2 0
FT 790 254693.151365416 113 110 0 0.0185380511
FT 791 254693.184701875 110 107 0 0.0138032717
FT 792 254693.218038125 107 101 0 0.0177007473
SW 792 254693.218038125 1 123 127 2 0
FT 793 254693.251374708 123 117 0 0.0156893124
FT 794 254693.284711000 117 110 0 0.0108028381
FT 795 254693.318047458 110 99 0 0.0287229718
SW 795 254693.318047458 1 128 136 4 0
FT 796 254693.351383708 114 107 0 0.0245678532
FT 797 254693.384720166 107 106 0 0.0114150299
FT 798 254693.418056500 106 94 0 0.0270484016
SW 798 254693.418056500 1 127 142 8 0
FT 799 254693.451392916 112 96 0 0.0243018217
FT 800 254693.484729166 96 90 0 0.0150442459
FT 801 254693.518065833 90 89 0 0.0162233698
SW 801 254693.518065833 1 130 142 7 0
FT 802 254693.551402125 111 106 0 0.0185567847
FT 803 254693.584738500 106 99 0 0.022209154
FT 804 254693.618074833 99 88 0 0.0335584172
SW 804 254693.618074833 1 137 153 7 1
FT 805 254693.651411208 105 84 0 0.0351369123
FT 806 254693.684747666 84 78 0 0.0256500554
FT 807 254693.718084041 78 58 0 0.0279225645
SW 807 254693.718084041 1 129 151 7 2
FT 808 254693.751420333 75 65 0 0.0194340768
FT 809 254693.784756833 65 61 0 0.0217940407
FT 810 254693.818093125 61 54 0 0.0421871186
SW 810 254693.818093125 1 121 146 8 2
FT 811 254693.851429500 110 93 0 0.0314405112
FT 812 254693.884765875 93 87 0 0.0106190443
FT 813 254693.918102375 87 67 0 0.0216047465
SW 813 254693.918102375 1 129 156 13 2
FT 814 254693.951438625 100 94 0 0.0144993039
FT 815 254693.984775083 94 86 0 0.0188587205
FT 816 254694.018111375 86 74 0 0.0152588587
SW 816 254694.018111375 1 126 162 16 2
FT 817 254694.051447833 100 86 0 0.0194056542
FT 818 254694.084784208 86 81 0 0.0287351333
FT 819 254694.118120625 81 64 0 0.0455173435
SW 819 254694.118120625 1 98 155 22 1
FT 820 254694.151457041 87 62 0 0.0470441536
FT 821 254694.184793333 62 56 0 0.0312068039
FT 822 254694.218129791 56 54 0 0.0320664292
SW 822 254694.218129791 1 97 126 17 0
FT 823 254694.251466250 92 85 0 0.0235493993
FT 824 254694.284802500 85 79 0 0.0223398597
FT 825 254694.318138916 79 76 0 0.0287993056
SW 825 254694.318138916 1 116 141 13 0
FT 826 254694.351475333 101 95 0 0.0223114914
FT 827 254694.384811833 95 94 0 0.0133646723
FT 828 254694.418148083 94 91 0 0.00955502351
SW 828 254694.418148083 1 126 146 9 0
FT 829 254694.451484541 113 107 0 0.0067524289
FT 830 254694.484820791 107 104 0 0.00773857001
FT 831 254694.518157250 104 100 0 0.0115762498
SW 831 254694.518157250 1 119 149 9 0
FT 832 254694.551493625 121 117 0 0.0108601258
FT 833 254694.584829958 117 114 0 0.012065035
FT 834 254694.618166416 114 111 0 0.00942760574
SW 834 254694.618166416 1 119 144 9 0
FT 835 254694.651502833 126 119 0 0.0116151669
FT 836 254694.684839208 119 114 0 0.0115836009
FT 837 254694.718175583 114 112 0 0.0110173709
SW 837 254694.718175583 1 123 136 8 0
FT 838 254694.751511875 124 113 0 0.0156358054
FT 839 254694.784848333 113 112 0 0.01530433
FT 840 254694.818184708 112 104 0 0.0113131251
SW 840 254694.818184708 1 129 138 7 0
FT 841 254694.851521166 127 119 0 0.0106534931
FT 842 254694.884857583 119 115 0 0.00832576351
FT 843 254694.918193916 115 108 0 0.0115139261
SW 843 254694.918193916 1 137 152 10 0
FT 844 254694.951530375 137 121 0 0.0109234753
FT 845 254694.984866708 121 117 0 0.0121106521
FT 846 254695.018203166 117 103 0 0.0121773515
SW 846 254695.018203166 1 145 159 9 0
FT 847 254695.051539500 127 122 0 0.00800456831
FT 848 254695.084875958 122 118 0 0.00793774602
FT 849 254695.118212250 118 113 0 0.00887574244
SW 849 254695.118212250 1 151 167 9 0
FT 850 254695.151548625 140 137 0 0.00564213998
FT 851 254695.184885125 137 129 0 0.0076382874
FT 852 254695.218221541 129 125 0 0.00562271456
SW 852 254695.218221541 1 158 178 5 0
FT 853 254695.251557916 141 133 0 0.00428661503
FT 854 254695.284894166 133 125 0 0.00579951133
FT 855 254695.318230666 125 122 0 0.0039951402
SW 855 254695.318230666 1 158 173 3 0
FT 856 254695.351567000 140 137 0 0.00531344351
FT 857 254695.384903416 137 130 0 0.00742748611
FT 858 254695.418239708 130 125 0 0.0117725532
SW 858 254695.418239708 1 152 171 2 0
FT 859 254695.451576250 148 135 0 0.012820339
FT 860 254695.484912541 135 127 0 0.00806647708
FT 861 254695.518249041 127 120 0 0.0105569948
SW 861 254695.518249041 1 156 162 3 0
FT 862 254695.551585291 137 131 0 0.0147464172
FT 863 254695.584921708 131 121 0 0.014933996
FT 864 254695.618258041 121 115 0 0.0172574397
SW 864 254695.618258041 1 156 166 4 0
FT 865 254695.651594625 133 121 0 0.0148562818
FT 866 254695.684930958 121 114 0 0.0146326084
FT 867 254695.718267333 114 112 0 0.0111980302
SW 867 254695.718267333 1 151 168 4 0
FT 868 254695.751603666 127 114 0 0.015100229
FT 869 254695.784940041 114 102 0 0.0181958526
FT 870 254695.818276416 102 84 0 0.0158489376
SW 870 254695.818276416 1 150 161 4 0
FT 871 254695.851612833 105 82 0 0.0143484005
FT 872 254695.884949166 82 79 0 0.0100337906
FT 873 254695.918285583 79 75 0 0.0129303543
SW 873 254695.918285583 1 141 161 7 0
FT 874 254695.951621958 98 82 0 0.0193015652
FT 875 254695.984958333 82 74 0 0.0197298868
FT 876 254696.018294750 74 70 0 0.0170698169
SW 876 254696.018294750 1 137 160 11 0
FT 877 254696.051631166 93 76 0 0.0138736653
FT 878 254696.084967416 76 69 0 0.012481713
FT 879 254696.118303791 69 61 0 0.0135597396
SW 879 254696.118303791 1 134 155 10 0
FT 880 254696.151640250 83 76 0 0.0181395544
FT 881 254696.184976625 76 75 0 0.0202194378
FT 882 254696.218312958 75 70 0 0.0137207781
SW 882 254696.218312958 1 113 157 10 0
FT 883 254696.251649291 86 82 0 0.0122285897
FT 884 254696.284985666 82 78 0 0.0101716148
FT 885 254696.318322166 78 74 0 0.00682389909
SW 885 254696.318322166 1 105 133 12 0
FT 886 254696.351658500 101 94 0 0.0071847626
FT 887 254696.384994833 94 88 0 0.00402842041
FT 888 254696.418331166 88 86 0 0.00194069594
SW 888 254696.418331166 1 107 135 11 0
FT 889 254696.451667625 101 91 0 0.00521833603
FT 890 254696.485004000 91 85 0 0.00460091677
FT 891 254696.518340416 85 81 0 0.0028262246
SW 891 254696.518340416 1 105 128 7 0
FT 892 254696.551676750 90 76 0 0.00651870396
FT 893 254696.585013000 76 71 0 0.0068165034
FT 894 254696.618349375 71 68 0 0.00775562951
SW 894 254696.618349375 1 104 117 9 0
FT 895 254696.651685791 91 77 0 0.0107619469
