FT 2 268462.172393170 117 116 0 0.00848279363
FT 3 268462.205729837 126 121 0 0.00921753331
FT 4 268462.239066462 131 130 0 0.00687904152
FT 5 268462.272403045 138 136 0 0.00572140741
FT 6 268462.305739712 141 139 0 0.00748202132
FT 7 268462.339076295 142 138 0 0.00893370563
FT 8 268462.372413004 143 141 0 0.00790072553
FT 9 268462.405749545 145 143 0 0.0124641691
FT 10 268462.439086212 146 141 0 0.00512144215
FT 11 268462.472422879 145 136 0 0.00811734263
FT 12 268462.505759462 142 141 0 0.00576182411
FT 13 268462.539096129 147 146 0 0.00368049482
FT 14 268462.572432670 147 145 0 0.000635984771
FT 15 268462.605769254 149 149 0 0.00197106992
FT 16 268462.639105962 151 149 1 0.00544965589
FT 17 268462.672442504 152 150 0 0.0106100674
FT 18 268462.705779170 155 150 0 0.0119492267
FT 19 268462.739115837 158 154 1 0.00226970342
FT 20 268462.772452337 158 157 0 0.0116458339
FT 21 268462.805789004 162 162 0 0.00438062954
FT 22 268462.839125629 162 159 0 0.00380483386
FT 23 268462.872462212 162 162 1 0.00109480151
FT 24 268462.905798879 166 164 1 0.001504065
FT 25 268462.939135504 165 163 0 0.005019616
FT 26 268462.972472087 165 162 0 0.00626532538
FT 27 268463.005808712 163 161 0 0.00664767526
FT 28 268463.039145379 165 162 1 0.0100977443
FT 29 268463.072481920 164 159 0 0.0129365717
FT 30 268463.189160045 160 137 0 0.0438822496
FT 31 268463.222496754 153 142 0 0.0153505857
FT 32 268463.255833295 158 155 1 0.012553987
FT 33 268463.289169879 160 152 0 0.0165906618
FT 34 268463.322506504 160 157 0 0.0171427978
FT 35 268463.355843087 161 160 0 0.00878504412
FT 36 268463.389179712 166 157 0 0.0160289614
INIT 268462.139056670 268463.389179712 8 0.28827138 8.92835956 0.485993484 4.02723108 -0.0062158599 0.00159004013 0.0018155949 0 0 0
FT 37 268463.422516212 164 150 0 0.0185442748
FT 38 268463.455852837 150 144 0 0.0166296665
FT 39 268463.489189379 144 142 0 0.00974419391
SW 39 268463.489189379 1 182 217 14 0
FT 40 268463.522526045 161 161 0 0.00811399285
FT 41 268463.555862629 161 159 0 0.00638901824
FT 42 268463.589199212 159 157 0 0.00698822991
SW 42 268463.589199212 1 205 215 5 0
FT 43 268463.622535754 162 155 0 0.0192018438
FT 44 268463.655872462 155 149 0 0.0137203985
FT 45 268463.689209045 149 144 0 0.011550106
SW 45 268463.689209045 1 176 214 6 0
FT 46 268463.722545545 170 162 0 0.015928342
FT 47 268463.755882129 162 161 0 0.0134827016
FT 48 268463.789218754 161 159 0 0.0138865221
SW 48 268463.789218754 1 188 201 4 0
FT 49 268463.822555212 173 171 0 0.0124594793
FT 50 268463.855891795 171 169 0 0.00901059739
FT 51 268463.889228379 169 165 0 0.00570053236
SW 51 268463.889228379 1 193 204 3 0
FT 52 268463.922564920 170 168 0 0.0102782009
FT 53 268463.955901504 168 160 0 0.0146695062
FT 54 268463.989238087 160 156 0 0.00753019416
SW 54 268463.989238087 1 195 201 2 0
FT 55 268464.022574670 169 163 0 0.0153547648
FT 56 268464.055911170 163 155 0 0.0179101558
FT 57 268464.089247712 155 154 0 0.0156942221
SW 57 268464.089247712 1 185 204 2 0
FT 58 268464.122584295 169 168 0 0.0102679546
FT 59 268464.155920795 168 165 0 0.00708324378
FT 60 268464.189257337 165 161 0 0.0105925307
SW 60 268464.189257337 1 194 199 1 0
FT 61 268464.222593837 174 169 0 0.0135867343
FT 62 268464.255930462 169 165 0 0.00890666344
FT 63 268464.289267045 165 162 0 0.00984890042
SW 63 268464.289267045 1 198 205 1 0
FT 64 268464.322603420 172 172 0 0.00789482607
FT 65 268464.355940004 172 171 0 0.00634524191
FT 66 268464.389276545 171 160 0 0.0131875149
SW 66 268464.389276545 1 191 206 1 0
FT 67 268464.422613129 164 160 0 0.0150125491
FT 68 268464.455949629 160 157 0 0.0102152552
FT 69 268464.489286212 157 153 0 0.0123105655
SW 69 268464.489286212 1 184 195 2 0
FT 70 268464.522622795 164 161 0 0.00992555975
FT 71 268464.555959295 161 158 0 0.00573928954
FT 72 268464.589295920 158 157 0 0.00943378415
SW 72 268464.589295920 1 188 195 2 0
FT 73 268464.622632295 164 162 0 0.00787432756
FT 74 268464.655968879 162 160 0 0.00249525899
FT 75 268464.689305462 160 159 0 0.00763647927
SW 75 268464.689305462 1 184 195 2 0
FT 76 268464.722642004 169 166 0 0.00974718484
FT 77 268464.755978462 166 163 0 0.00698734154
FT 78 268464.789315045 163 160 0 0.0148080457
SW 78 268464.789315045 1 181 192 2 0
FT 79 268464.822651587 168 162 0 0.0194505424
FT 80 268464.855988129 162 156 0 0.0157221372
FT 81 268464.889324629 156 155 0 0.00811717556
SW 81 268464.889324629 1 175 188 3 0
FT 82 268464.922661129 162 159 0 0.0106183585
FT 83 268464.955997670 159 153 0 0.0174714434
FT 84 268464.989334212 153 149 0 0.0133925904
SW 84 268464.989334212 1 176 183 2 0
FT 85 268465.022670754 155 152 0 0.0119096026
FT 86 268465.056007212 152 150 0 0.0182645033
FT 87 268465.089343837 150 141 0 0.0230134991
SW 87 268465.089343837 1 176 182 3 0
FT 88 268465.122911296 151 145 0 0.0169179658
FT 89 268465.156247921 145 144 0 0.00972577985
FT 90 268465.189584380 144 140 0 0.0115600561
SW 90 268465.189584380 1 178 186 3 0
FT 91 268465.222921046 154 150 0 0.0159468695
FT 92 268465.256257463 150 145 0 0.0109198422
FT 93 268465.289594005 145 142 0 0.0108515563
SW 93 268465.289594005 1 180 192 2 0
FT 94 268465.322930630 150 143 0 0.0120071331
FT 95 268465.356267046 143 139 0 0.0092495728
FT 96 268465.389603588 139 138 0 0.0120252242
SW 96 268465.389603588 1 175 189 3 0
FT 97 268465.422940171 152 149 0 0.0119621012
FT 98 268465.456276671 149 141 0 0.00936018208
FT 99 268465.489613171 141 134 0 0.00755116315
SW 99 268465.489613171 1 173 187 2 0
FT 100 268465.522949755 156 152 0 0.00604454415
FT 101 268465.556286255 152 144 0 0.00453945334
FT 102 268465.589622838 144 142 0 0.0041809279
SW 102 268465.589622838 1 180 190 2 0
FT 103 268465.622959421 159 156 0 0.0038572118
FT 104 268465.656295921 156 143 0 0.00874343326
FT 105 268465.689632421 143 140 0 0.010186651
SW 105 268465.689632421 1 185 195 1 0
FT 106 268465.722968838 157 153 0 0.00340496287
FT 107 268465.756305463 153 148 0 0.00609826029
FT 108 268465.789642046 148 145 0 0.00751949291
SW 108 268465.789642046 1 185 198 2 0
FT 109 268465.822978546 167 166 0 0.0071414558
FT 110 268465.856315088 166 163 0 0.00753529874
FT 111 268465.889651630 163 161 0 0.0072898854
SW 111 268465.889651630 1 191 207 3 0
FT 112 268465.922988046 166 162 0 0.00942484815
FT 113 268465.956324671 162 157 0 0.0150833863
FT 114 268465.989661255 157 152 0 0.0170810748
SW 114 268465.989661255 1 189 198 2 0
FT 115 268466.022997713 161 153 0 0.0167839569
FT 116 268466.056334338 153 150 0 0.0189249414
FT 117 268466.089670880 150 148 0 0.0163029753
SW 117 268466.089670880 1 180 199 4 0
FT 118 268466.123007213 163 158 0 0.0181971778
FT 119 268466.156343880 158 150 0 0.0191528238
FT 120 268466.189680421 150 142 0 0.0160000303
SW 120 268466.189680421 1 182 194 5 0
FT 121 268466.223016963 158 154 0 0.0101794761
FT 122 268466.256353505 154 150 0 0.00468523413
FT 123 268466.289690130 150 143 0 0.0075719017
SW 123 268466.289690130 1 191 200 5 0
FT 124 268466.323026546 163 157 0 0.00693385747
FT 125 268466.356363046 157 151 0 0.0115110838
FT 126 268466.389699546 151 147 0 0.0143883249
SW 126 268466.389699546 1 194 213 6 0
FT 127 268466.423036005 168 161 0 0.0175967685
FT 128 268466.456372546 161 157 0 0.0161417631
FT 129 268466.489709213 157 152 0 0.0104251496
SW 129 268466.489709213 1 197 215 6 0
FT 130 268466.523045671 170 168 0 0.0114445552
FT 131 268466.556382171 168 160 0 0.00865009315
FT 132 268466.589718755 160 154 0 0.00900625237
SW 132 268466.589718755 1 195 216 5 0
FT 133 268466.623055213 167 164 0 0.0116488085
FT 134 268466.656391671 164 154 0 0.0175854207
FT 135 268466.689728338 154 149 0 0.0176521396
SW 135 268466.689728338 1 192 209 5 0
FT 136 268466.723064713 165 164 0 0.0188225077
FT 137 268466.756401296 164 159 0 0.0169595003
FT 138 268466.789737796 159 156 0 0.0124159606
SW 138 268466.789737796 1 191 210 6 0
FT 139 268466.823074255 167 166 0 0.0125965624
FT 140 268466.856410755 166 165 0 0.00941168375
FT 141 268466.889747338 165 162 0 0.00713962875
SW 141 268466.889747338 1 193 208 5 0
FT 142 268466.923083796 169 163 0 0.00660943664
FT 143 268466.956420255 163 162 0 0.00771602734
FT 144 268466.989756755 162 161 0 0.012293968
SW 144 268466.989756755 1 190 205 4 0
FT 145 268467.023093296 172 167 0 0.011559175
FT 146 268467.056429755 167 157 0 0.00835749745
FT 147 268467.089766338 157 151 0 0.00597785669
SW 147 268467.089766338 1 181 201 6 0
FT 148 268467.123102713 162 161 0 0.00827814113
FT 149 268467.156439296 161 155 0 0.00252197788
FT 150 268467.189775796 155 150 0 0.00932599781
SW 150 268467.189775796 1 184 196 6 0
FT 151 268467.223112338 163 157 0 0.0089553067
FT 152 268467.256448755 157 145 0 0.0103441904
FT 153 268467.289785255 145 137 0 0.0175679635
SW 153 268467.289785255 1 189 200 6 0
FT 154 268467.323121713 154 144 0 0.00935078516
FT 155 268467.356458213 144 140 0 0.00688376716
FT 156 268467.389794713 140 136 0 0.00907685852
SW 156 268467.389794713 1 192 206 6 0
FT 157 268467.423131213 155 149 0 0.00801823627
FT 158 268467.456467713 149 145 0 0.00999650578
FT 159 268467.489804046 145 140 0 0.0110633511
SW 159 268467.489804046 1 191 215 7 0
FT 160 268467.523140588 149 145 0 0.00919319425
FT 161 268467.556477046 145 142 0 0.0118597459
FT 162 268467.589813588 142 137 0 0.0087846452
SW 162 268467.589813588 1 189 206 7 0
FT 163 268467.623150046 146 139 0 0.0165707346
FT 164 268467.656486463 139 136 0 0.0185331936
FT 165 268467.689823046 136 132 0 0.028613099
SW 165 268467.689823046 1 174 202 5 0
FT 166 268467.723159505 145 141 0 0.0203562425
FT 167 268467.756496046 141 137 0 0.00854225913
FT 168 268467.789832546 137 134 0 0.0042181458
SW 168 268467.789832546 1 173 188 3 0
FT 169 268467.823168838 147 137 0 0.0108055304
FT 170 268467.856505505 137 131 0 0.0162229249
FT 171 268467.889841963 131 124 0 0.0220356411
SW 171 268467.889841963 1 168 183 2 0
FT 172 268467.923178421 148 143 0 0.0196863735
FT 173 268467.956514921 143 138 0 0.00903304242
FT 174 268467.989851380 138 134 0 0.00908849519
SW 174 268467.989851380 1 178 191 2 0
FT 175 268468.023187838 153 143 0 0.00896127119
FT 176 268468.056524380 143 134 0 0.0151379478
FT 177 268468.089860838 134 131 0 0.00582121471
SW 177 268468.089860838 1 181 194 2 0
FT 178 268468.123197338 149 142 0 0.00705937859
FT 179 268468.156533796 142 136 0 0.00863678057
FT 180 268468.189870213 136 131 0 0.011165168
SW 180 268468.189870213 1 187 197 2 0
FT 181 268468.223206755 151 148 0 0.00655434007
FT 182 268468.256543171 148 138 0 0.0146472314
FT 183 268468.289879713 138 135 0 0.00991145905
SW 183 268468.289879713 1 186 204 2 0
FT 184 268468.323216088 158 153 0 0.00346349681
FT 185 268468.356552630 153 146 0 0.0045088816
FT 186 268468.389889213 146 142 0 0.00514698516
SW 186 268468.389889213 1 193 205 1 0
FT 187 268468.423225546 156 152 0 0.00868921247
FT 188 268468.456562046 152 148 0 0.0094568774
FT 189 268468.489898630 148 147 0 0.0023790155
SW 189 268468.489898630 1 189 207 0 0
FT 190 268468.523235005 155 149 0 0.00587154906
FT 191 268468.556571546 149 144 0 0.00841023709
FT 192 268468.589908046 144 141 0 0.0107328083
SW 192 268468.589908046 1 181 194 0 0
FT 193 268468.623244421 158 156 0 0.00362050371
FT 194 268468.656580880 156 153 0 0.00694772
FT 195 268468.689917463 153 151 0 0.00797706776
SW 195 268468.689917463 1 186 197 0 0
FT 196 268468.723253880 161 159 1 0.0027513039
FT 197 268468.756590338 159 158 0 0.00599327343
FT 198 268468.789926838 158 157 1 0.0107949166
SW 198 268468.789926838 0 186 0 0 0
FT 199 268468.823263421 162 158 0 0.00623875157
FT 200 268468.856599838 158 152 0 0.00930950021
FT 201 268468.889936255 152 147 0 0.0123966305
SW 201 268468.889936255 1 179 198 1 0
FT 202 268468.923272796 156 153 0 0.00791573954
FT 203 268468.956609171 153 148 0 0.00764099885
FT 204 268468.989945713 148 137 0 0.00789652523
SW 204 268468.989945713 1 169 185 5 0
FT 205 268469.023282130 148 142 0 0.00864085775
FT 206 268469.056618671 142 137 0 0.00986163602
FT 207 268469.089955088 137 133 0 0.0125819241
SW 207 268469.089955088 1 166 181 9 0
FT 208 268469.123291713 161 149 0 0.0134432754
FT 209 268469.156628046 149 142 0 0.0144529335
FT 210 268469.189964546 142 137 0 0.0143929438
SW 210 268469.189964546 1 179 195 12 0
FT 211 268469.223301046 151 148 0 0.0170582466
FT 212 268469.256637463 148 139 0 0.018884553
FT 213 268469.289973963 139 137 0 0.0158701889
SW 213 268469.289973963 1 175 203 16 0
FT 214 268469.323310380 156 150 0 0.0149452202
FT 215 268469.356646963 150 141 0 0.0123262135
FT 216 268469.389983380 141 130 0 0.0110451724
SW 216 268469.389983380 1 176 205 14 0
FT 217 268469.423319921 154 146 0 0.0122386329
FT 218 268469.456656380 146 142 0 0.0119003346
FT 219 268469.489992838 142 137 0 0.0132754098
SW 219 268469.489992838 1 185 209 13 0
FT 220 268469.523329338 159 150 0 0.015573092
FT 221 268469.556665713 150 136 0 0.0249239358
FT 222 268469.590002255 136 131 0 0.0303492281
SW 222 268469.590002255 1 189 216 11 0
FT 223 268469.623338671 168 162 0 0.0299605027
FT 224 268469.656675171 162 154 0 0.0195992439
FT 225 268469.690011713 154 147 0 0.011341681
SW 225 268469.690011713 1 208 228 8 0
FT 226 268469.723348046 164 157 0 0.0170078447
FT 227 268469.756684546 157 150 0 0.018904259
FT 228 268469.790021005 150 144 0 0.00966071166
SW 228 268469.790021005 1 200 229 8 0
FT 229 268469.823357546 164 157 0 0.00969423253
FT 230 268469.856694046 157 150 0 0.0169174524
FT 231 268469.890030421 150 146 0 0.0149304194
SW 231 268469.890030421 1 201 221 8 0
FT 232 268469.923366880 163 155 0 0.0084868359
FT 233 268469.956703380 155 145 0 0.013369941
FT 234 268469.990039921 145 141 0 0.0141553213
SW 234 268469.990039921 1 192 222 6 0
FT 235 268470.023376296 157 150 0 0.0140074672
FT 236 268470.056712796 150 142 0 0.0134684993
FT 237 268470.090049296 142 141 0 0.0224068326
SW 237 268470.090049296 1 190 208 6 0
FT 238 268470.123385796 161 154 0 0.0236468811
FT 239 268470.156722255 154 151 0 0.0145689722
FT 240 268470.190058713 151 146 0 0.0122977438
SW 240 268470.190058713 1 191 212 5 0
FT 241 268470.223395088 160 155 0 0.0225616415
FT 242 268470.256731588 155 151 0 0.0251825554
FT 243 268470.290068046 151 145 0 0.0163213535
SW 243 268470.290068046 1 197 209 1 0
FT 244 268470.323404546 169 166 0 0.012641805
FT 245 268470.356740963 166 160 0 0.0114902522
FT 246 268470.390077505 160 151 0 0.00990473285
SW 246 268470.390077505 1 194 213 1 0
FT 247 268470.423413963 165 161 0 0.0123136742
FT 248 268470.456750463 161 155 0 0.0124585372
FT 249 268470.490086880 155 151 0 0.0132392514
SW 249 268470.490086880 1 195 205 0 0
FT 250 268470.523423421 166 161 0 0.015767345
FT 251 268470.556759755 161 155 0 0.0190525951
FT 252 268470.590096255 155 151 0 0.0164659037
SW 252 268470.590096255 1 197 209 1 0
FT 253 268470.623432713 164 159 0 0.0170439043
FT 254 268470.656769255 159 149 0 0.0252880567
FT 255 268470.690105671 149 147 0 0.0281297231
SW 255 268470.690105671 1 192 209 3 0
FT 256 268470.723442213 165 161 0 0.0231923138
FT 257 268470.756778588 161 154 0 0.0208220408
FT 258 268470.790115130 154 147 0 0.0232762387
SW 258 268470.790115130 1 196 208 3 0
FT 259 268470.823451546 172 167 0 0.0204331705
FT 260 268470.856788005 167 162 0 0.0225103775
FT 261 268470.890124421 162 155 0 0.0278162262
SW 261 268470.890124421 1 201 216 5 0
FT 262 268470.923460963 173 164 0 0.0236468824
FT 263 268470.956797380 164 155 0 0.0191264963
FT 264 268470.990133921 155 152 0 0.0184901184
SW 264 268470.990133921 1 199 217 4 0
FT 265 268471.023470338 165 155 0 0.0224135063
FT 266 268471.056806796 155 151 0 0.0223146796
FT 267 268471.090143213 151 145 0 0.0209361874
SW 267 268471.090143213 1 192 211 4 0
FT 268 268471.123479713 157 148 0 0.0181487858
FT 269 268471.156816213 148 142 0 0.0140761606
FT 270 268471.190152713 142 138 0 0.00929066307
SW 270 268471.190152713 1 186 203 4 0
FT 271 268471.223489088 160 155 0 0.0049741498
FT 272 268471.256825546 155 149 0 0.00631218092
FT 273 268471.290162088 149 141 0 0.0137087075
SW 273 268471.290162088 1 194 207 4 0
FT 274 268471.323498421 158 156 0 0.0142474329
FT 275 268471.356834963 156 147 0 0.011479977
FT 276 268471.390171421 147 146 0 0.0083298252
SW 276 268471.390171421 1 194 211 3 0
FT 277 268471.423507796 161 153 0 0.0156562708
FT 278 268471.456844296 153 145 0 0.0121057709
FT 279 268471.490180671 145 142 0 0.00302726784
SW 279 268471.490180671 1 192 209 2 0
FT 280 268471.523517130 158 155 0 0.00708576795
FT 281 268471.556853671 155 147 0 0.0114616014
FT 282 268471.590190171 147 141 0 0.00681108552
SW 282 268471.590190171 1 190 206 2 0
FT 283 268471.623526588 153 145 0 0.0172194836
FT 284 268471.656863088 145 136 0 0.0183932269
FT 285 268471.690199546 136 134 0 0.0034297007
SW 285 268471.690199546 1 185 200 1 0
FT 286 268471.723536005 159 153 0 0.0230823184
FT 287 268471.756872421 153 143 0 0.0352493533
FT 288 268471.790208921 143 134 0 0.0206275613
SW 288 268471.790208921 1 195 205 2 0
FT 289 268471.823545421 162 157 0 0.0113558655
FT 290 268471.856881880 157 151 0 0.0224281395
FT 291 268471.890218338 151 147 0 0.00928726362
SW 291 268471.890218338 1 194 214 4 0
FT 292 268471.923554671 160 156 0 0.0176575802
FT 293 268471.956891171 156 154 0 0.0136704953
FT 294 268471.990227671 154 148 0 0.019781582
SW 294 268471.990227671 1 195 210 2 0
FT 295 268472.023564088 159 151 0 0.0171152129
FT 296 268472.056900630 151 147 0 0.0154955373
FT 297 268472.090237088 147 147 0 0.00676088389
SW 297 268472.090237088 1 189 207 3 0
FT 298 268472.123573421 163 155 0 0.015368145
FT 299 268472.156909963 155 152 0 0.0186117675
FT 300 268472.190246421 152 150 0 0.0149798849
SW 300 268472.190246421 1 179 202 4 0
FT 301 268472.223582921 161 154 0 0.010594806
FT 302 268472.256919338 154 151 0 0.0155261884
FT 303 268472.290255796 151 148 0 0.0158656184
SW 303 268472.290255796 1 187 193 2 0
FT 304 268472.323592213 156 145 0 0.0205977321
FT 305 268472.356928671 145 136 0 0.0140369611
FT 306 268472.390265255 136 131 1 0.0121732145
SW 306 268472.390265255 0 187 0 0 0
FT 307 268472.423601671 151 143 0 0.0257428274
FT 308 268472.456938171 143 129 1 0.0314353036
FT 309 268472.490274588 129 119 0 0.030929665
SW 309 268472.490274588 1 180 204 2 0
FT 310 268472.523611046 135 123 0 0.0319924262
FT 311 268472.556947380 123 119 1 0.0168409863
FT 312 268472.590283880 119 119 0 0.0100186957
SW 312 268472.590283880 1 182 190 1 0
FT 313 268472.623620380 138 131 0 0.0301344057
FT 314 268472.656956755 131 125 0 0.0298421223
FT 315 268472.690293338 125 121 0 0.0109480562
SW 315 268472.690293338 1 182 195 1 0
FT 316 268472.723629796 155 149 0 0.0166713574
FT 317 268472.756966213 149 138 0 0.0273620006
FT 318 268472.790302671 138 134 0 0.016560105
SW 318 268472.790302671 1 178 202 2 0
FT 319 268472.823639130 159 153 0 0.0174100965
FT 320 268472.856975546 153 149 0 0.0158042503
FT 321 268472.890311963 149 146 0 0.00868622077
SW 321 268472.890311963 1 175 200 3 0
FT 322 268472.923648505 164 155 0 0.013550501
FT 323 268472.956985005 155 149 0 0.0159102953
FT 324 268472.990321380 149 148 0 0.0106758459
SW 324 268472.990321380 1 179 190 3 0
FT 325 268473.023657838 160 157 0 0.0114891201
FT 326 268473.056994213 157 152 0 0.0172696763
FT 327 268473.090330796 152 149 0 0.0125109485
SW 327 268473.090330796 1 176 189 3 0
FT 328 268473.123667130 160 151 0 0.0220662485
FT 329 268473.157003630 151 146 0 0.0180311981
FT 330 268473.190340088 146 145 0 0.0104581899
SW 330 268473.190340088 1 177 186 3 0
FT 331 268473.223676630 165 159 0 0.019998084
FT 332 268473.257012963 159 149 0 0.0257656948
FT 333 268473.290349421 149 145 0 0.0214389742
SW 333 268473.290349421 1 181 192 3 0
FT 334 268473.323685963 157 151 0 0.023815577
FT 335 268473.357022463 151 148 0 0.0258755056
FT 336 268473.390358796 148 144 0 0.022019015
SW 336 268473.390358796 1 179 192 3 0
FT 337 268473.423695296 159 152 0 0.0306080825
FT 338 268473.457031713 152 144 0 0.0320501356
FT 339 268473.490368171 144 143 0 0.0222250619
SW 339 268473.490368171 1 181 194 7 0
FT 340 268473.523704671 159 152 0 0.0271869162
FT 341 268473.557041046 152 142 0 0.0283522597
FT 342 268473.590377505 142 136 0 0.0187358028
SW 342 268473.590377505 1 181 202 9 1
FT 343 268473.623713963 151 145 0 0.0135006268
FT 344 268473.657050463 145 139 0 0.0164559999
FT 345 268473.690386838 139 138 0 0.014615655
SW 345 268473.690386838 1 181 202 8 1
FT 346 268473.723723296 165 158 0 0.0135052712
FT 347 268473.757059796 158 153 0 0.00984894814
FT 348 268473.790396213 153 149 0 0.0105340341
SW 348 268473.790396213 1 192 210 9 1
FT 349 268473.823732546 164 158 0 0.00687187447
FT 350 268473.857069171 158 152 0 0.018647151
FT 351 268473.890405546 152 146 0 0.0263309188
SW 351 268473.890405546 1 192 214 9 0
FT 352 268473.923742005 164 153 0 0.0260278958
FT 353 268473.957078505 153 148 0 0.0239727228
FT 354 268473.990414963 148 143 0 0.0138712859
SW 354 268473.990414963 1 180 212 11 0
FT 355 268474.023751296 162 155 0 0.0171444212
FT 356 268474.057087796 155 145 0 0.00269492636
FT 357 268474.090424213 145 142 0 0.00834055067
SW 357 268474.090424213 1 185 205 11 0
FT 358 268474.123760671 162 158 0 0.0116732002
FT 359 268474.157097213 158 155 0 0.0115771168
FT 360 268474.190433671 155 151 0 0.00550605017
SW 360 268474.190433671 1 190 212 13 0
FT 361 268474.223770005 166 158 0 0.00685406419
FT 362 268474.257106380 158 154 0 0.0125691996
FT 363 268474.290442880 154 147 0 0.0157445937
SW 363 268474.290442880 1 185 215 14 0
FT 364 268474.323779338 162 155 0 0.00925771391
FT 365 268474.357115838 155 147 0 0.00735878129
FT 366 268474.390452255 147 142 0 0.0108673951
SW 366 268474.390452255 1 182 209 13 0
FT 367 268474.423788755 160 156 0 0.00718536848
FT 368 268474.457125213 156 145 0 0.0119115379
FT 369 268474.490461588 145 136 0 0.0203555656
SW 369 268474.490461588 1 182 209 12 0
FT 370 268474.523798088 155 146 0 0.0194579267
FT 371 268474.557134505 146 137 0 0.02046356
FT 372 268474.590470963 137 130 0 0.0214067544
SW 372 268474.590470963 1 191 209 11 0
FT 373 268474.623807421 136 126 0 0.0220425305
FT 374 268474.657143796 126 121 0 0.0184301847
FT 375 268474.690480338 121 114 0 0.0200342716
SW 375 268474.690480338 1 177 204 11 0
FT 376 268474.723816671 136 123 0 0.0190455431
FT 377 268474.757153213 123 118 0 0.0167911614
FT 378 268474.790489630 118 113 0 0.0180140656
SW 378 268474.790489630 1 177 201 9 0
FT 379 268474.823826088 125 120 0 0.0206759119
FT 380 268474.857162463 120 110 0 0.0153880958
FT 381 268474.890499046 110 109 0 0.00893762306
SW 381 268474.890499046 1 165 192 7 0
FT 382 268474.923835296 118 117 0 0.00196025863
FT 383 268474.957171838 117 114 0 0.00842550912
FT 384 268474.990508255 114 114 0 0.00463007602
SW 384 268474.990508255 1 152 180 7 0
FT 385 268475.023844713 125 120 0 0.0124926248
FT 386 268475.057181213 120 114 0 0.0188255392
FT 387 268475.090517588 114 112 0 0.0100718015
SW 387 268475.090517588 1 142 167 7 0
FT 388 268475.123854088 126 121 0 0.0139338587
FT 389 268475.157190546 121 112 0 0.0189005859
FT 390 268475.190527005 112 107 0 0.014879456
SW 390 268475.190527005 1 134 155 7 0
FT 391 268475.223863380 128 126 0 0.0125854952
FT 392 268475.257199838 126 121 0 0.0199545681
FT 393 268475.290536255 121 111 0 0.0292476581
SW 393 268475.290536255 1 139 154 5 0
FT 394 268475.323872755 118 107 0 0.0311002288
FT 395 268475.357209255 107 101 0 0.0213856542
FT 396 268475.390545671 101 96 0 0.0383318881
SW 396 268475.390545671 1 144 151 4 0
FT 397 268475.423881963 113 99 0 0.0289142293
FT 398 268475.457218463 99 99 0 0.0219992695
FT 399 268475.490554963 99 98 0 0.019350004
SW 399 268475.490554963 1 148 161 3 0
FT 400 268475.523891338 118 108 0 0.0193531782
FT 401 268475.557227796 108 105 0 0.0175858133
FT 402 268475.590564338 105 102 0 0.0225466689
SW 402 268475.590564338 1 150 164 3 0
FT 403 268475.623900588 120 113 0 0.0309963736
FT 404 268475.657237213 113 111 0 0.0173176867
FT 405 268475.690573588 111 110 0 0.0149654444
SW 405 268475.690573588 1 153 167 5 0
FT 406 268475.723910046 130 126 0 0.0126691899
FT 407 268475.757246463 126 121 0 0.0229778894
FT 408 268475.790582921 121 117 0 0.0101856796
SW 408 268475.790582921 1 148 175 5 0
FT 409 268475.823919380 129 127 0 0.00946732737
FT 410 268475.857255838 127 127 0 0.0142412242
FT 411 268475.890592213 127 123 0 0.014415238
SW 411 268475.890592213 1 148 164 5 0
FT 412 268475.923928671 135 130 0 0.00814998926
FT 413 268475.957265171 130 128 0 0.0074677245
FT 414 268475.990601546 128 126 0 0.00610944268
SW 414 268475.990601546 1 149 163 5 0
FT 415 268476.023938046 134 132 0 0.00627179855
FT 416 268476.057274505 132 126 0 0.00835022534
FT 417 268476.090610838 126 125 0 0.00590828079
SW 417 268476.090610838 1 147 158 5 0
FT 418 268476.123947380 140 135 0 0.0112267678
FT 419 268476.157283796 135 132 1 0.0148272645
FT 420 268476.190620130 132 126 0 0.0192912782
SW 420 268476.190620130 1 142 158 6 0
FT 421 268476.223956671 131 129 1 0.0182989971
FT 422 268476.257293088 129 128 1 0.009200785
FT 423 268476.290629505 128 124 1 0.0154642725
SW 423 268476.290629505 0 142 0 0 0
FT 424 268476.323965963 133 129 0 0.0200979525
FT 425 268476.357302421 129 126 0 0.0121467001
FT 426 268476.390638838 126 126 1 0.0169625386
SW 426 268476.390638838 0 142 0 0 0
FT 427 268476.423975338 145 134 0 0.0202735819
FT 428 268476.457311713 134 127 1 0.0222869372
FT 429 268476.490648213 127 127 1 0.0150629269
SW 429 268476.490648213 0 142 0 0 0
FT 430 268476.523984546 138 138 0 0.0179688269
FT 431 268476.557320963 138 131 0 0.0217084904
FT 432 268476.590657463 131 124 0 0.019804532
SW 432 268476.590657463 1 150 168 6 0
FT 433 268476.623993796 140 135 0 0.0109808259
FT 434 268476.657330338 135 133 0 0.0141479983
FT 435 268476.690666796 133 127 0 0.0167398519
SW 435 268476.690666796 1 147 166 14 0
FT 436 268476.724003255 139 132 0 0.0168818502
FT 437 268476.757339588 132 122 0 0.0157628321
FT 438 268476.790676171 122 121 0 0.0107248087
SW 438 268476.790676171 1 150 169 14 0
FT 439 268476.824012463 132 127 0 0.00587183224
FT 440 268476.857349005 127 119 0 0.0220720392
FT 441 268476.890685463 119 109 0 0.0175138712
SW 441 268476.890685463 1 139 169 16 0
FT 442 268476.924021796 120 96 0 0.0350317224
FT 443 268476.957358255 96 92 0 0.0292015451
FT 444 268476.990694713 92 90 0 0.01504466
SW 444 268476.990694713 1 141 157 8 0
FT 445 268477.024031130 127 109 0 0.0485128942
FT 446 268477.057367671 109 101 0 0.0378352421
FT 447 268477.090704088 101 100 0 0.0184943128
SW 447 268477.090704088 1 155 169 7 0
FT 448 268477.124040505 124 114 0 0.0323978667
FT 449 268477.157376838 114 106 0 0.022772525
FT 450 268477.190713338 106 102 0 0.0249020166
SW 450 268477.190713338 1 156 176 6 0
FT 451 268477.224049755 130 127 0 0.0157898801
FT 452 268477.257386213 127 126 0 0.010718631
FT 453 268477.290722713 126 126 0 0.0120598197
SW 453 268477.290722713 1 164 187 6 0
FT 454 268477.324059046 132 126 0 0.0156675303
FT 455 268477.357395505 126 120 0 0.0166633923
FT 456 268477.390732005 120 118 0 0.0192463047
SW 456 268477.390732005 1 149 175 5 0
FT 457 268477.424068338 138 138 0 0.00755598428
FT 458 268477.457404880 138 117 0 0.0289271004
FT 459 268477.490741296 117 104 0 0.0264874569
SW 459 268477.490741296 1 147 161 4 0
FT 460 268477.524077755 143 143 0 0.019423947
FT 461 268477.557414088 143 140 0 0.018547977
FT 462 268477.590750546 140 119 0 0.0344687412
SW 462 268477.590750546 1 155 172 5 0
FT 463 268477.624087046 140 128 0 0.0253501433
FT 464 268477.657423380 128 125 0 0.0168558499
FT 465 268477.690759796 125 119 0 0.0209649953
SW 465 268477.690759796 1 169 175 5 0
FT 466 268477.724096296 146 135 0 0.0262975243
FT 467 268477.757432755 135 131 0 0.0144466284
FT 468 268477.790769213 131 130 0 0.0177568786
SW 468 268477.790769213 1 174 192 5 0
FT 469 268477.824105630 164 156 0 0.0211723169
FT 470 268477.857441963 156 147 0 0.0200594624
FT 471 268477.890778463 147 127 0 0.0207201814
SW 471 268477.890778463 1 172 198 5 0
FT 472 268477.924114880 162 142 0 0.0292857752
FT 473 268477.957451380 142 121 0 0.0202480979
FT 474 268477.990787880 121 92 0 0.0348671087
SW 474 268477.990787880 1 175 185 4 0
FT 475 268478.024124171 151 101 0 0.0476106785
FT 476 268478.057460671 101 75 0 0.0273687263
FT 477 268478.090797088 75 71 0 0.0205874727
SW 477 268478.090797088 1 172 191 4 0
FT 478 268478.124133505 134 118 0 0.0182488381
FT 479 268478.157469880 118 107 0 0.0213980493
FT 480 268478.190806421 107 98 0 0.0229085311
SW 480 268478.190806421 1 199 212 6 0
FT 481 268478.224142671 147 132 0 0.0190859966
FT 482 268478.257479213 132 116 0 0.0178889422
FT 483 268478.290815630 116 111 0 0.0194018384
SW 483 268478.290815630 1 207 237 8 0
FT 484 268478.324152130 140 130 0 0.018190465
FT 485 268478.357488421 130 120 0 0.00804547168
FT 486 268478.390825005 120 111 0 0.00816101162
SW 486 268478.390825005 1 181 230 6 0
FT 487 268478.424161421 139 134 0 0.00246153288
FT 488 268478.457497796 134 128 0 0.00828154464
FT 489 268478.490834296 128 123 0 0.00868486436
SW 489 268478.490834296 1 171 210 6 0
FT 490 268478.524170671 142 131 0 0.0068328683
FT 491 268478.557507171 131 120 0 0.0112661589
FT 492 268478.590843630 120 114 0 0.00886164471
SW 492 268478.590843630 1 175 189 5 0
FT 493 268478.624180046 138 133 0 0.00651723823
FT 494 268478.657516421 133 125 0 0.0142625804
FT 495 268478.690852880 125 118 0 0.0115564048
SW 495 268478.690852880 1 171 195 5 0
FT 496 268478.724189213 141 120 0 0.0186536646
FT 497 268478.757525755 120 105 0 0.0245793683
FT 498 268478.790862046 105 100 0 0.0246265606
SW 498 268478.790862046 1 168 187 4 0
FT 499 268478.824198546 130 108 0 0.0284009193
FT 500 268478.857535005 108 104 0 0.0121399067
FT 501 268478.890871463 104 100 0 0.00235797303
SW 501 268478.890871463 1 178 193 4 0
FT 502 268478.924207796 129 117 0 0.0032554078
FT 503 268478.957544255 117 112 0 0.00519558904
FT 504 268478.990880671 112 104 0 0.0170501167
SW 504 268478.990880671 1 174 203 8 0
FT 505 268479.024217171 132 128 0 0.0209788489
FT 506 268479.057553588 128 117 0 0.0276919253
FT 507 268479.090889921 117 110 0 0.0274603835
SW 507 268479.090889921 1 182 200 7 0
FT 508 268479.124226380 131 126 0 0.0162607459
FT 509 268479.157562838 126 123 0 0.0134510044
FT 510 268479.190899296 123 120 0 0.0171783586
SW 510 268479.190899296 1 167 207 11 0
FT 511 268479.224235671 134 133 0 0.0130868853
FT 512 268479.257572171 133 129 0 0.011671027
FT 513 268479.290908546 129 125 0 0.00510357194
SW 513 268479.290908546 1 156 189 12 0
FT 514 268479.324245005 139 135 0 0.00371561021
FT 515 268479.357581421 135 130 0 0.00919652643
FT 516 268479.390917838 130 126 0 0.00387839666
SW 516 268479.390917838 1 151 177 9 0
FT 517 268479.424254171 144 143 0 0.00258865287
FT 518 268479.457590713 143 139 0 0.0120688952
FT 519 268479.490927088 139 130 0 0.0179008784
SW 519 268479.490927088 1 157 175 6 0
FT 520 268479.524263463 141 136 0 0.0172291301
FT 521 268479.557599921 136 132 0 0.0109745383
FT 522 268479.590936380 132 126 0 0.00966281799
SW 522 268479.590936380 1 155 169 6 0
FT 523 268479.624272755 146 138 0 0.00547228599
FT 524 268479.657609171 138 133 0 0.0137143592
FT 525 268479.690945713 133 128 0 0.0150122078
SW 525 268479.690945713 1 167 178 5 0
FT 526 268479.724282046 152 135 0 0.0241105547
FT 527 268479.757618588 135 129 0 0.0211492561
FT 528 268479.790955005 129 122 0 0.0181645853
SW 528 268479.790955005 1 175 189 6 0
FT 529 268479.824291338 153 141 0 0.0195549642
FT 530 268479.857627796 141 129 0 0.0146614431
FT 531 268479.890964171 129 127 0 0.00219858339
SW 531 268479.890964171 1 187 203 5 0
FT 532 268479.924300588 158 144 0 0.025461014
FT 533 268479.957637046 144 141 0 0.0106551241
FT 534 268479.990973421 141 138 0 0.0130099677
SW 534 268479.990973421 1 192 206 4 0
FT 535 268480.024309880 156 154 0 0.0131173176
FT 536 268480.057646338 154 153 0 0.0172123492
FT 537 268480.090982796 153 148 0 0.0223668846
SW 537 268480.090982796 1 188 209 6 0
FT 538 268480.124319213 160 133 0 0.0347519151
FT 539 268480.157655588 133 108 0 0.0527585058
FT 540 268480.190992005 108 90 0 0.0602325111
SW 540 268480.190992005 1 167 197 7 0
FT 541 268480.224328463 132 97 0 0.0557687612
FT 542 268480.257664838 97 87 0 0.0597306998
FT 543 268480.291001380 87 79 0 0.056806992
SW 543 268480.291001380 1 165 189 7 0
FT 544 268480.324337671 129 125 0 0.0352054421
FT 545 268480.357674171 125 117 0 0.0141082966
FT 546 268480.391010546 117 114 0 0.0180143356
SW 546 268480.391010546 1 201 210 6 0
FT 547 268480.424346963 123 119 0 0.0113489649
FT 548 268480.457683421 119 115 0 0.0147133418
FT 549 268480.491019796 115 111 0 0.018828952
SW 549 268480.491019796 1 206 214 5 0
FT 550 268480.524356213 132 124 0 0.0196737442
FT 551 268480.557692671 124 111 0 0.0234829389
FT 552 268480.591029130 111 108 0 0.00938127664
SW 552 268480.591029130 1 158 222 3 0
FT 553 268480.624365505 133 116 0 0.0253444323
FT 554 268480.657701921 116 102 0 0.0313026736
FT 555 268480.691038338 102 98 0 0.0248358158
SW 555 268480.691038338 1 148 177 3 0
FT 556 268480.724374796 119 114 0 0.0247833354
FT 557 268480.757711171 114 103 0 0.0220675714
FT 558 268480.791047588 103 98 0 0.0192859657
SW 558 268480.791047588 1 160 166 3 0
FT 559 268480.824384046 130 125 0 0.0151782299
FT 560 268480.857720463 125 114 0 0.0327501852
FT 561 268480.891056921 114 105 0 0.0163128715
SW 561 268480.891056921 1 169 183 4 0
FT 562 268480.924393380 132 127 0 0.0216576303
FT 563 268480.957729796 127 117 0 0.0330219859
FT 564 268480.991066171 117 105 0 0.0509987249
SW 564 268480.991066171 1 168 186 4 0
FT 565 268481.024402630 131 120 0 0.0395314899
FT 566 268481.057739046 120 116 0 0.0286571673
FT 567 268481.091075463 116 109 0 0.0291877286
SW 567 268481.091075463 1 163 192 3 0
FT 568 268481.124411880 129 112 0 0.0324351389
FT 569 268481.157748338 112 103 0 0.0214998094
FT 570 268481.191084755 103 97 0 0.01600379
SW 570 268481.191084755 1 156 176 5 0
FT 571 268481.224421171 123 116 0 0.0200070521
FT 572 268481.257757505 116 107 0 0.0175705101
FT 573 268481.291094005 107 105 0 0.0169478476
SW 573 268481.291094005 1 160 178 5 0
FT 574 268481.324430380 147 140 0 0.0207877296
FT 575 268481.357766838 140 133 0 0.0241755617
FT 576 268481.391103296 133 127 0 0.0248199965
SW 576 268481.391103296 1 179 198 6 0
FT 577 268481.424439630 154 139 0 0.0255779431
FT 578 268481.457776130 139 130 0 0.0185343981
FT 579 268481.491112588 130 125 0 0.0187101092
SW 579 268481.491112588 1 186 204 2 0
FT 580 268481.524448921 145 133 0 0.0193659387
FT 581 268481.557785421 133 122 0 0.0158679621
FT 582 268481.591121880 122 120 0 0.0184000278
SW 582 268481.591121880 1 175 202 5 0
FT 583 268481.624458296 145 139 0 0.0178060165
FT 584 268481.657794713 139 129 0 0.0150024725
FT 585 268481.691131005 129 119 0 0.0171435803
SW 585 268481.691131005 1 188 200 3 0
FT 586 268481.724467546 156 140 0 0.014660232
FT 587 268481.757804046 140 132 0 0.00625870817
FT 588 268481.791140338 132 127 0 0.00442225605
SW 588 268481.791140338 1 200 214 3 0
FT 589 268481.824476838 158 150 0 0.00855914739
FT 590 268481.857813296 150 146 0 0.01009878
FT 591 268481.891149755 146 142 0 0.0123915918
SW 591 268481.891149755 1 204 229 4 0
FT 592 268481.924486255 158 154 0 0.0133333159
FT 593 268481.957822671 154 148 0 0.0141229931
FT 594 268481.991159046 148 140 0 0.0104584236
SW 594 268481.991159046 1 195 219 5 0
FT 595 268482.024495630 161 150 0 0.0101643085
FT 596 268482.057831963 150 138 0 0.0108533628
FT 597 268482.091168380 138 131 0 0.0112696005
SW 597 268482.091168380 1 190 216 5 0
FT 598 268482.124504755 157 154 0 0.0103332405
FT 599 268482.157841255 154 144 0 0.0294051324
FT 600 268482.191177755 144 138 0 0.0354984992
SW 600 268482.191177755 1 195 214 4 0
FT 601 268482.224514088 157 147 0 0.026456149
FT 602 268482.257850588 147 138 0 0.0162176382
FT 603 268482.291186963 138 132 0 0.0130581216
SW 603 268482.291186963 1 199 212 2 0
FT 604 268482.324523380 153 146 0 0.00481654499
FT 605 268482.357859880 146 137 0 0.00380759046
FT 606 268482.391196255 137 135 0 0.00461922797
SW 606 268482.391196255 1 204 218 1 0
FT 607 268482.424532713 156 151 0 0.00470793035
FT 608 268482.457869171 151 149 0 0.00995184744
FT 609 268482.491205546 149 142 0 0.0146708343
SW 609 268482.491205546 1 195 221 1 0
FT 610 268482.524541880 158 152 0 0.0151107969
FT 611 268482.557878296 152 138 0 0.0133093129
FT 612 268482.591214838 138 126 0 0.0116240796
SW 612 268482.591214838 1 189 204 3 0
FT 613 268482.624551213 154 146 0 0.00950846385
FT 614 268482.657887755 146 137 0 0.0219887292
FT 615 268482.691224005 137 126 0 0.0349599115
SW 615 268482.691224005 1 187 208 2 0
FT 616 268482.724560546 158 145 0 0.0314743123
FT 617 268482.757896838 145 137 0 0.0201286334
FT 618 268482.791233213 137 128 0 0.019857059
SW 618 268482.791233213 1 191 208 3 0
FT 619 268482.824569713 158 153 0 0.0198251857
FT 620 268482.857906005 153 142 0 0.0185443408
FT 621 268482.891242505 142 133 0 0.0171410015
SW 621 268482.891242505 1 203 216 4 0
FT 622 268482.924578796 164 159 0 0.0236777914
FT 623 268482.957915130 159 143 0 0.0338639359
FT 624 268482.991251671 143 136 0 0.0267471635
SW 624 268482.991251671 1 199 227 4 0
FT 625 268483.024588046 160 149 0 0.0319797649
FT 626 268483.057924380 149 135 0 0.0287285658
FT 627 268483.091260880 135 128 0 0.0291590667
SW 627 268483.091260880 1 199 220 5 0
FT 628 268483.124597213 162 145 0 0.0331686522
FT 629 268483.157933630 145 128 0 0.0364632934
FT 630 268483.191270005 128 120 0 0.0354993901
SW 630 268483.191270005 1 201 226 8 0
FT 631 268483.224606463 151 143 0 0.0347822222
FT 632 268483.257942713 143 128 0 0.0341607041
FT 633 268483.291279255 128 120 0 0.0265815027
SW 633 268483.291279255 1 208 232 7 0
FT 634 268483.324615463 149 146 0 0.0151151931
FT 635 268483.357951880 146 130 0 0.0105199693
FT 636 268483.391288296 130 122 0 0.0118235797
SW 636 268483.391288296 1 213 238 8 0
FT 637 268483.424624713 162 157 0 0.0147251866
FT 638 268483.457961171 157 145 0 0.0185625101
FT 639 268483.491297546 145 133 0 0.0190249865
SW 639 268483.491297546 1 214 248 9 0
FT 640 268483.524633921 156 145 0 0.0112170337
FT 641 268483.557970255 145 138 0 0.00737429089
FT 642 268483.591306588 138 133 0 0.0102970117
SW 642 268483.591306588 1 206 241 5 0
FT 643 268483.624643005 159 149 0 0.0126697825
FT 644 268483.657979463 149 138 0 0.0161551211
FT 645 268483.691315755 138 131 0 0.00791141335
SW 645 268483.691315755 1 204 233 6 0
FT 646 268483.724652213 164 162 0 0.00418758945
FT 647 268483.757988505 162 151 0 0.00652960398
FT 648 268483.791324921 151 147 0 0.00437538995
SW 648 268483.791324921 1 209 237 7 0
FT 649 268483.824661296 158 156 0 0.00640478618
FT 650 268483.857997630 156 152 0 0.00887213934
FT 651 268483.891334130 152 145 0 0.0103883481
SW 651 268483.891334130 1 206 227 5 0
FT 652 268483.924670505 163 155 0 0.0103720608
FT 653 268483.958006838 155 147 0 0.00935174346
FT 654 268483.991343255 147 143 0 0.00506199546
SW 654 268483.991343255 1 204 225 3 0
FT 655 268484.024679588 164 154 0 0.0138420465
FT 656 268484.058016046 154 140 0 0.0214128588
FT 657 268484.091352380 140 119 0 0.0252481804
SW 657 268484.091352380 1 190 216 2 0
FT 658 268484.124688713 159 137 0 0.0277473345
FT 659 268484.158025088 137 122 0 0.0236343598
FT 660 268484.191361588 122 110 0 0.0163318504
SW 660 268484.191361588 1 201 213 1 0
FT 661 268484.224697880 157 143 0 0.016687148
FT 662 268484.258034213 143 135 0 0.0115684435
FT 663 268484.291370713 135 128 0 0.0074643594
SW 663 268484.291370713 1 227 240 0 0
FT 664 268484.324707088 160 139 0 0.0264479059
FT 665 268484.358043546 139 124 0 0.024985148
FT 666 268484.391379713 124 114 0 0.0118968244
SW 666 268484.391379713 1 232 248 0 0
FT 667 268484.424716130 164 151 0 0.00679990504
FT 668 268484.458052463 151 141 0 0.0172021319
FT 669 268484.491388838 141 129 0 0.0127866261
SW 669 268484.491388838 1 226 262 3 0
FT 670 268484.524725296 162 144 0 0.0154293513
FT 671 268484.558061671 144 131 0 0.0154336039
FT 672 268484.591398005 131 105 0 0.0230538838
SW 672 268484.591398005 1 216 248 2 0
FT 673 268484.624734421 167 126 0 0.0285951523
FT 674 268484.658070755 126 101 0 0.0192186945
FT 675 268484.691407213 101 85 0 0.0172466734
SW 675 268484.691407213 1 220 242 2 0
FT 676 268484.724743546 160 118 0 0.0169966235
FT 677 268484.758080005 118 102 0 0.0209509735
FT 678 268484.791416380 102 95 0 0.0263863961
SW 678 268484.791416380 1 225 261 1 0
FT 679 268484.824752755 157 139 0 0.0166922242
FT 680 268484.858089046 139 120 0 0.0111708748
FT 681 268484.891425421 120 112 0 0.00777484803
SW 681 268484.891425421 1 248 265 2 0
FT 682 268484.924761838 150 130 0 0.0116613992
FT 683 268484.958098171 130 115 0 0.0222479676
FT 684 268484.991434588 115 101 0 0.0246241479
SW 684 268484.991434588 1 223 267 1 0
FT 685 268485.024770880 147 131 0 0.019051719
FT 686 268485.058107296 131 115 0 0.0252013916
FT 687 268485.091443713 115 95 0 0.0246977813
SW 687 268485.091443713 1 202 248 2 0
FT 688 268485.124780088 137 106 0 0.0230221733
FT 689 268485.158116380 106 84 0 0.0236853085
FT 690 268485.191452921 84 70 0 0.0225810304
SW 690 268485.191452921 1 186 217 2 0
FT 691 268485.224789296 127 87 0 0.0237047743
FT 692 268485.258125505 87 74 0 0.0247275779
FT 693 268485.291461880 74 63 0 0.0174859974
SW 693 268485.291461880 1 180 205 3 0
FT 694 268485.324798255 112 75 0 0.0154648547
FT 695 268485.358134713 75 57 0 0.0259262178
FT 696 268485.391471088 57 34 0 0.0171407656
SW 696 268485.391471088 1 153 185 4 0
FT 697 268485.424807421 81 52 0 0.0178861964
FT 698 268485.458143755 52 39 0 0.0289474084
FT 699 268485.491480171 39 31 0 0.0272786277
SW 699 268485.491480171 1 133 167 4 0
FT 700 268485.524816546 56 41 0 0.0263897537
FT 701 268485.558152921 41 27 0 0.0193172186
FT 702 268485.591489255 27 21 0 0.0176430352
SW 702 268485.591489255 1 103 143 2 0
FT 703 268485.624825755 33 21 0 0.0270754061
FT 704 268485.658161963 21 17 0 0.03020726
FT 705 268485.691498338 17 16 0 0.0227204528
SW 705 268485.691498338 1 82 108 2 0
FT 706 268485.724834796 24 22 0 0.0205502202
FT 707 268485.758171255 22 20 0 0.021675043
FT 708 268485.791507546 20 17 0 0.0241745131
SW 708 268485.791507546 1 57 89 1 0
FT 709 268485.824844005 28 22 0 0.0210224376
FT 710 268485.858180338 22 21 0 0.0123871628
FT 711 268485.891516671 21 20 0 0.0136471068
SW 711 268485.891516671 1 49 63 1 0
FT 712 268485.924853130 33 31 0 0.0233676637
FT 713 268485.958189380 31 30 0 0.0252565363
FT 714 268485.991525880 30 29 0 0.022829975
SW 714 268485.991525880 1 42 59 1 0
FT 715 268486.024862213 52 52 0 0.0177909536
FT 716 268486.058198505 52 51 0 0.0137421751
FT 717 268486.091534838 51 50 0 0.0214220243
SW 717 268486.091534838 1 53 64 3 0
FT 718 268486.124871255 63 52 0 0.0240184879
FT 719 268486.158207588 52 49 0 0.0197005916
FT 720 268486.191543963 49 45 0 0.0227558455
SW 720 268486.191543963 1 53 62 5 0
FT 721 268486.224880421 63 51 0 0.0325770303
FT 722 268486.258216755 51 41 0 0.0368588088
FT 723 268486.291553130 41 38 0 0.0255135471
SW 723 268486.291553130 1 61 69 6 0
FT 724 268486.324889505 75 71 0 0.0183343373
FT 725 268486.358225880 71 67 0 0.0174263698
FT 726 268486.391562296 67 65 0 0.0142027126
SW 726 268486.391562296 1 89 95 6 0
FT 727 268486.424898630 79 77 0 0.0189988651
FT 728 268486.458235005 77 76 0 0.0237304542
FT 729 268486.491571380 76 73 0 0.0223957576
SW 729 268486.491571380 1 97 106 9 0
FT 730 268486.524907713 86 81 0 0.0233785617
FT 731 268486.558244088 81 77 0 0.0257838638
FT 732 268486.591580338 77 70 0 0.0177415183
SW 732 268486.591580338 1 94 114 9 0
FT 733 268486.624916838 90 85 0 0.00699684537
FT 734 268486.658253213 85 84 0 0.00308185737
FT 735 268486.691589505 84 80 0 0.0113385893
SW 735 268486.691589505 1 89 116 9 0
FT 736 268486.724925838 103 95 0 0.0125326797
FT 737 268486.758262255 95 81 0 0.0108092308
FT 738 268486.791598588 81 65 0 0.024158323
SW 738 268486.791598588 1 99 109 9 0
FT 739 268486.824934963 87 72 0 0.020353495
FT 740 268486.858271380 72 54 0 0.0143750162
FT 741 268486.891607671 54 42 0 0.0290243279
SW 741 268486.891607671 1 101 112 8 0
FT 742 268486.924944046 97 57 0 0.0280216696
FT 743 268486.958280463 57 35 0 0.0230027924
FT 744 268486.991616838 35 30 0 0.0268423483
SW 744 268486.991616838 1 97 119 11 0
FT 745 268487.024953213 59 54 0 0.0300275266
FT 746 268487.058289630 54 51 0 0.0177894801
FT 747 268487.091625963 51 46 0 0.0163384597
SW 747 268487.091625963 1 114 128 11 0
FT 748 268487.124962213 75 69 0 0.0145738648
FT 749 268487.158298630 69 66 0 0.0190254935
FT 750 268487.191635005 66 63 0 0.0180211479
SW 750 268487.191635005 1 107 146 13 0
FT 751 268487.224971380 71 70 0 0.0131282339
FT 752 268487.258307755 70 64 0 0.0201670764
FT 753 268487.291644130 64 57 0 0.0155401657
SW 753 268487.291644130 1 87 126 12 0
FT 754 268487.324980463 70 60 0 0.0258068093
FT 755 268487.358316880 60 53 0 0.0310090401
FT 756 268487.391653255 53 50 0 0.0324923044
SW 756 268487.391653255 1 72 104 10 0
FT 757 268487.424989588 81 63 0 0.0247055104
FT 758 268487.458325921 63 38 0 0.0262651079
FT 759 268487.491662255 38 26 0 0.018468229
SW 759 268487.491662255 1 78 90 8 0
FT 760 268487.524998671 105 54 0 0.0203212166
FT 761 268487.558335046 54 21 0 0.0145657068
FT 762 268487.591671380 21 9 0 0.0227689366
SW 762 268487.591671380 1 80 91 7 0
FT 763 268487.625007713 119 37 0 0.037215987
FT 764 268487.658344171 37 22 0 0.00929638246
FT 765 268487.691680421 22 15 0 0.0492587942
SW 765 268487.691680421 1 83 101 6 0
FT 766 268487.725016755 124 74 0 0.0572445669
FT 767 268487.758353171 74 56 0 0.0313910971
FT 768 268487.791689505 56 41 0 0.0300278905
SW 768 268487.791689505 1 104 122 6 0
FT 769 268487.825025880 132 104 0 0.0359205513
FT 770 268487.858362171 104 75 0 0.0181570146
FT 771 268487.891698630 75 64 0 0.0130127858
SW 771 268487.891698630 1 112 148 4 0
FT 772 268487.925034963 153 100 0 0.0125474732
FT 773 268487.958371421 100 81 0 0.0223608013
FT 774 268487.991707713 81 73 0 0.0240356662
SW 774 268487.991707713 1 125 151 4 0
FT 775 268488.025044130 139 123 0 0.023740182
FT 776 268488.058380380 123 107 0 0.0247350095
FT 777 268488.091716796 107 96 0 0.0205308813
SW 777 268488.091716796 1 158 171 5 0
FT 778 268488.125053171 144 133 0 0.0238493924
FT 779 268488.158389588 133 112 0 0.0386365596
FT 780 268488.191725838 112 98 0 0.0555315965
SW 780 268488.191725838 1 182 194 5 0
FT 781 268488.225062380 148 126 0 0.0513913576
FT 782 268488.258398671 126 111 0 0.0421185423
FT 783 268488.291735005 111 104 0 0.0255269238
SW 783 268488.291735005 1 196 214 3 0
FT 784 268488.325071338 146 118 0 0.0255267831
FT 785 268488.358407713 118 107 0 0.0279482014
FT 786 268488.391744130 107 104 0 0.0171208221
SW 786 268488.391744130 1 188 217 3 0
FT 787 268488.425080421 147 136 0 0.0171100987
FT 788 268488.458416796 136 133 0 0.0192581911
FT 789 268488.491753213 133 125 0 0.0237424686
SW 789 268488.491753213 1 198 220 3 0
FT 790 268488.525089546 154 148 0 0.0250536113
FT 791 268488.558425838 148 134 0 0.0320379985
FT 792 268488.591762255 134 134 0 0.0242751578
SW 792 268488.591762255 1 188 219 2 0
FT 793 268488.625098588 157 147 0 0.0301902427
FT 794 268488.658434963 147 137 0 0.0282508725
FT 795 268488.691771338 137 126 0 0.0258321093
SW 795 268488.691771338 1 181 205 3 0
FT 796 268488.725107713 156 154 0 0.0209690324
FT 797 268488.758444046 154 143 0 0.0184532149
FT 798 268488.791780463 143 134 0 0.0207743695
SW 798 268488.791780463 1 182 204 4 0
FT 799 268488.825116755 159 150 0 0.0176696771
FT 800 268488.858453046 150 138 0 0.0154102469
FT 801 268488.891789546 138 127 0 0.0208552335
SW 801 268488.891789546 1 190 203 5 0
FT 802 268488.925125755 152 145 0 0.0216824475
FT 803 268488.958462255 145 133 0 0.0261874325
FT 804 268488.991798546 133 129 0 0.023568193
SW 804 268488.991798546 1 197 211 5 0
FT 805 268489.025134880 150 143 0 0.0213537949
FT 806 268489.058471255 143 128 0 0.0229731978
FT 807 268489.091807546 128 123 0 0.0190174727
SW 807 268489.091807546 1 189 216 4 0
FT 808 268489.125144005 151 140 0 0.0145677592
FT 809 268489.158480255 140 128 0 0.00684597549
FT 810 268489.191816671 128 114 0 0.012877336
SW 810 268489.191816671 1 196 211 3 0
FT 811 268489.225153046 150 144 0 0.0106483359
FT 812 268489.258489463 144 129 0 0.0170711936
FT 813 268489.291825796 129 124 0 0.0145592789
SW 813 268489.291825796 1 200 226 2 0
FT 814 268489.325162088 148 136 0 0.0108175534
FT 815 268489.358498463 136 130 0 0.0165964616
FT 816 268489.391834838 130 120 0 0.0289892789
SW 816 268489.391834838 1 202 218 2 0
FT 817 268489.425171213 146 130 0 0.0340084445
FT 818 268489.458507463 130 121 0 0.0348106654
FT 819 268489.491843963 121 114 0 0.0118730557
SW 819 268489.491843963 1 197 220 3 0
FT 820 268489.525180296 137 115 0 0.0175786379
FT 821 268489.558516588 115 98 0 0.0083720817
FT 822 268489.591853046 98 90 0 0.00919521369
SW 822 268489.591853046 1 179 209 3 0
FT 823 268489.625189296 126 117 0 0.00853206306
FT 824 268489.658525671 117 109 0 0.00781209197
FT 825 268489.691862088 109 103 0 0.00794688658
SW 825 268489.691862088 1 181 204 6 0
FT 826 268489.725198338 133 120 0 0.0108237818
FT 827 268489.758534838 120 112 0 0.0122366316
FT 828 268489.791871130 112 107 0 0.0136168275
SW 828 268489.791871130 1 178 206 8 0
FT 829 268489.825207505 121 113 0 0.0160088731
FT 830 268489.858543880 113 110 0 0.0220143002
FT 831 268489.891880171 110 104 0 0.0264887134
SW 831 268489.891880171 1 165 195 8 0
FT 832 268489.925216588 124 116 0 0.0325092663
FT 833 268489.958552880 116 110 0 0.0271159628
FT 834 268489.991889296 110 108 0 0.020312194
SW 834 268489.991889296 1 148 189 8 0
FT 835 268490.025225671 130 126 0 0.0160578706
FT 836 268490.058561921 126 116 0 0.0115070098
FT 837 268490.091898296 116 109 0 0.0123233701
SW 837 268490.091898296 1 150 168 9 0
FT 838 268490.125234713 130 118 0 0.011260209
FT 839 268490.158571005 118 110 0 0.00909132755
FT 840 268490.191907421 110 102 0 0.0100166113
SW 840 268490.191907421 1 154 176 7 0
FT 841 268490.225243671 122 110 0 0.0130414452
FT 842 268490.258580046 110 101 0 0.0150830598
FT 843 268490.291916421 101 93 0 0.0226398885
SW 843 268490.291916421 1 159 176 5 0
FT 844 268490.325252796 117 106 0 0.0339598964
FT 845 268490.358589088 106 103 0 0.0345647437
FT 846 268490.391925505 103 94 0 0.0327033647
SW 846 268490.391925505 1 162 179 5 0
FT 847 268490.425261880 122 94 0 0.0265275841
FT 848 268490.458598296 94 77 0 0.038563039
FT 849 268490.491934588 77 65 0 0.0181017479
SW 849 268490.491934588 1 155 173 7 0
FT 850 268490.525270963 109 86 0 0.0261118689
FT 851 268490.558607380 86 72 0 0.0197464945
FT 852 268490.591943630 72 72 0 0.0121908196
SW 852 268490.591943630 1 149 181 8 0
FT 853 268490.625279963 116 112 0 0.0147694725
FT 854 268490.658616380 112 100 0 0.0300454997
FT 855 268490.691952755 100 92 0 0.0349951665
SW 855 268490.691952755 1 155 183 4 0
FT 856 268490.725289088 120 118 0 0.00977692441
FT 857 268490.758625421 118 91 0 0.0272654069
FT 858 268490.791961713 91 77 0 0.0234738628
SW 858 268490.791961713 1 151 169 4 0
FT 859 268490.825298046 120 117 0 0.0136375918
FT 860 268490.858634421 117 109 0 0.019778026
FT 861 268490.891970838 109 105 0 0.0259055541
SW 861 268490.891970838 1 152 190 3 0
FT 862 268490.925307130 117 115 0 0.0139757481
FT 863 268490.958643505 115 105 0 0.0292675415
FT 864 268490.991979838 105 87 0 0.0407737489
SW 864 268490.991979838 1 143 159 4 0
FT 865 268491.025316255 114 113 0 0.00704412686
FT 866 268491.058652505 113 109 0 0.0187981616
FT 867 268491.091988921 109 109 0 0.0100420596
SW 867 268491.091988921 1 159 169 4 0
FT 868 268491.125325255 122 116 0 0.0121537387
FT 869 268491.158661630 116 115 0 0.0120677003
FT 870 268491.191997921 115 113 1 0.00386199409
SW 870 268491.191997921 0 159 0 0 0
FT 871 268491.225334296 126 125 0 0.00687111915
FT 872 268491.258670588 125 123 0 0.00639128006
FT 873 268491.292007005 123 119 0 0.0174776753
SW 873 268491.292007005 1 143 179 4 0
FT 874 268491.325343296 129 123 0 0.0215206212
FT 875 268491.358679671 123 121 0 0.0144371669
FT 876 268491.392016046 121 115 0 0.0142820219
SW 876 268491.392016046 1 127 153 4 0
FT 877 268491.425352380 126 117 0 0.0171053683
FT 878 268491.458688796 117 112 0 0.013201617
FT 879 268491.492025130 112 108 0 0.0101871272
SW 879 268491.492025130 1 133 137 4 0
FT 880 268491.525361505 121 119 0 0.0125069587
FT 881 268491.558697713 119 115 0 0.0129079989
FT 882 268491.592034088 115 110 0 0.0160165421
SW 882 268491.592034088 1 139 147 3 0
FT 883 268491.625370463 125 123 0 0.00952375844
FT 884 268491.658706880 123 118 0 0.00848727708
FT 885 268491.692043213 118 114 0 0.00774512064
SW 885 268491.692043213 1 149 154 3 0
FT 886 268491.725379630 126 116 0 0.0173092283
FT 887 268491.758715838 116 103 0 0.0231355708
FT 888 268491.792052296 103 69 0 0.0414549608
SW 888 268491.792052296 1 143 157 5 0
FT 889 268491.825388546 91 57 0 0.0559375525
FT 890 268491.858724921 57 39 0 0.0549824189
FT 891 268491.892061255 39 23 0 0.0637986207
SW 891 268491.892061255 1 132 151 6 0
FT 892 268491.925397588 82 48 0 0.0750652969
FT 893 268491.958733963 48 36 0 0.0723274979
FT 894 268491.992070338 36 29 0 0.049941845
SW 894 268491.992070338 1 145 158 5 0
FT 895 268492.025406713 91 81 0 0.0159576804
FT 896 268492.058743046 81 79 0 0.00592412047
