REPLAY src_db=/Users/kaidongwang/.config/superpowers/worktrees/pocketworld_research_benchmarks/pocketworld-repro-contract-20260714/experiments/multiview_site_matcher_2026-07-15/cap56_site_aware_nonempty_20260715_v2.db poses=/tmp/pocketworld_cap56_reconcile_20260714/sfm_fed_frames.jsonl out=aether_cpp/third_party/glomap_vendor/bench_runs/cap56_upstream_ghost_20260715/siteaware_off_final5 k=12 max_frames=0 AETHER_INCREMENTAL_GLOBAL_BA=(unset)
SOURCE n_images=20 n_poses=20
STORED_PAIRS matches=190 nonempty_matches=190 two_view=188 nonempty_two_view=188 geometry_missing=2 geometry_only=0
W20260715 02:21:27.941050 0x1fb6b2080 aether_sfm_c.cc:4969] [aether_sfm] host replay reusing stored pairs from /Users/kaidongwang/.config/superpowers/worktrees/pocketworld_research_benchmarks/pocketworld-repro-contract-20260714/experiments/multiview_site_matcher_2026-07-15/cap56_site_aware_nonempty_20260715_v2.db (matches=190, verified=188)
I20260715 02:21:27.961579 0x1fb6b2080 bundle_adjustment_ceres.cc:842] [AETHER] solver_used=DENSE_SCHUR sparse_backend=EIGEN_SPARSE dense_backend=EIGEN mixed=0 threads=1
I20260715 02:21:28.000361 0x1fb6b2080 bundle_adjustment_ceres.cc:842] [AETHER] solver_used=DENSE_SCHUR sparse_backend=EIGEN_SPARSE dense_backend=EIGEN mixed=0 threads=1
I20260715 02:21:28.032152 0x1fb6b2080 bundle_adjustment_ceres.cc:842] [AETHER] solver_used=DENSE_SCHUR sparse_backend=EIGEN_SPARSE dense_backend=EIGEN mixed=0 threads=1
I20260715 02:21:28.066432 0x1fb6b2080 bundle_adjustment_ceres.cc:842] [AETHER] solver_used=DENSE_SCHUR sparse_backend=EIGEN_SPARSE dense_backend=EIGEN mixed=0 threads=1
I20260715 02:21:28.118917 0x1fb6b2080 bundle_adjustment_ceres.cc:842] [AETHER] solver_used=DENSE_SCHUR sparse_backend=EIGEN_SPARSE dense_backend=EIGEN mixed=0 threads=1
I20260715 02:21:28.168319 0x1fb6b2080 bundle_adjustment_ceres.cc:842] [AETHER] solver_used=DENSE_SCHUR sparse_backend=EIGEN_SPARSE dense_backend=EIGEN mixed=0 threads=1
I20260715 02:21:28.222945 0x1fb6b2080 bundle_adjustment_ceres.cc:842] [AETHER] solver_used=DENSE_SCHUR sparse_backend=EIGEN_SPARSE dense_backend=EIGEN mixed=0 threads=1
I20260715 02:21:28.293461 0x1fb6b2080 bundle_adjustment_ceres.cc:842] [AETHER] solver_used=DENSE_SCHUR sparse_backend=EIGEN_SPARSE dense_backend=EIGEN mixed=0 threads=1
I20260715 02:21:28.363293 0x1fb6b2080 bundle_adjustment_ceres.cc:842] [AETHER] solver_used=DENSE_SCHUR sparse_backend=EIGEN_SPARSE dense_backend=EIGEN mixed=0 threads=1
I20260715 02:21:28.442258 0x1fb6b2080 bundle_adjustment_ceres.cc:842] [AETHER] solver_used=DENSE_SCHUR sparse_backend=EIGEN_SPARSE dense_backend=EIGEN mixed=0 threads=1
I20260715 02:21:28.519940 0x1fb6b2080 bundle_adjustment_ceres.cc:842] [AETHER] solver_used=DENSE_SCHUR sparse_backend=EIGEN_SPARSE dense_backend=EIGEN mixed=0 threads=1
I20260715 02:21:28.582280 0x1fb6b2080 bundle_adjustment_ceres.cc:842] [AETHER] solver_used=DENSE_SCHUR sparse_backend=EIGEN_SPARSE dense_backend=EIGEN mixed=0 threads=1
I20260715 02:21:28.648891 0x1fb6b2080 bundle_adjustment_ceres.cc:842] [AETHER] solver_used=DENSE_SCHUR sparse_backend=EIGEN_SPARSE dense_backend=EIGEN mixed=0 threads=1
I20260715 02:21:28.733478 0x1fb6b2080 bundle_adjustment_ceres.cc:842] [AETHER] solver_used=DENSE_SCHUR sparse_backend=EIGEN_SPARSE dense_backend=EIGEN mixed=0 threads=1
I20260715 02:21:28.800403 0x1fb6b2080 bundle_adjustment_ceres.cc:842] [AETHER] solver_used=DENSE_SCHUR sparse_backend=EIGEN_SPARSE dense_backend=EIGEN mixed=0 threads=1
I20260715 02:21:28.857798 0x1fb6b2080 bundle_adjustment_ceres.cc:842] [AETHER] solver_used=DENSE_SCHUR sparse_backend=EIGEN_SPARSE dense_backend=EIGEN mixed=0 threads=1
I20260715 02:21:28.920157 0x1fb6b2080 bundle_adjustment_ceres.cc:842] [AETHER] solver_used=DENSE_SCHUR sparse_backend=EIGEN_SPARSE dense_backend=EIGEN mixed=0 threads=1
I20260715 02:21:28.975793 0x1fb6b2080 bundle_adjustment_ceres.cc:842] [AETHER] solver_used=DENSE_SCHUR sparse_backend=EIGEN_SPARSE dense_backend=EIGEN mixed=0 threads=1
STREAMED fed=20 missing_pose=0 stream_ms=1041.2
FINALIZE_ASYNC phase1={"solve_ms":0.7,"n_models":1,"n_registered":20,"n_points3d":14122,"reproj_px":0.7792,"track_len":2.093,"phase1":"live_reuse"}
I20260715 02:21:28.979565 0x16f727000 database_cache.cc:72] Loading rigs...
I20260715 02:21:28.979579 0x16f727000 database_cache.cc:82]  0 in 0.000s
I20260715 02:21:28.979583 0x16f727000 database_cache.cc:90] Loading cameras...
I20260715 02:21:28.979594 0x16f727000 database_cache.cc:108]  1 in 0.000s
I20260715 02:21:28.979596 0x16f727000 database_cache.cc:116] Loading frames...
I20260715 02:21:28.979603 0x16f727000 database_cache.cc:126]  0 in 0.000s
I20260715 02:21:28.979605 0x16f727000 database_cache.cc:134] Loading matches...
I20260715 02:21:28.979914 0x16f727000 database_cache.cc:139]  162 in 0.000s
I20260715 02:21:28.979918 0x16f727000 database_cache.cc:147] Loading images...
I20260715 02:21:28.981171 0x16f727000 database_cache.cc:236]  20 in 0.001s (loaded all 20)
I20260715 02:21:28.981175 0x16f727000 database_cache.cc:255] Loading pose priors...
I20260715 02:21:28.981182 0x16f727000 database_cache.cc:263]  0 in 0.000s
I20260715 02:21:28.981185 0x16f727000 database_cache.cc:271] Building correspondence graph...
I20260715 02:21:28.985303 0x16f727000 database_cache.cc:300]  in 0.004s (ignored 1)
I20260715 02:21:29.000243 0x16f727000 incremental_pipeline.cc:320] Loading database
I20260715 02:21:29.000281 0x16f727000 database_cache.cc:72] Loading rigs...
I20260715 02:21:29.000288 0x16f727000 database_cache.cc:82]  0 in 0.000s
I20260715 02:21:29.000293 0x16f727000 database_cache.cc:90] Loading cameras...
I20260715 02:21:29.000307 0x16f727000 database_cache.cc:108]  1 in 0.000s
I20260715 02:21:29.000310 0x16f727000 database_cache.cc:116] Loading frames...
I20260715 02:21:29.000314 0x16f727000 database_cache.cc:126]  0 in 0.000s
I20260715 02:21:29.000316 0x16f727000 database_cache.cc:134] Loading matches...
I20260715 02:21:29.000601 0x16f727000 database_cache.cc:139]  162 in 0.000s
I20260715 02:21:29.000604 0x16f727000 database_cache.cc:147] Loading images...
I20260715 02:21:29.001955 0x16f727000 database_cache.cc:236]  20 in 0.001s (loaded all 20)
I20260715 02:21:29.001962 0x16f727000 database_cache.cc:255] Loading pose priors...
I20260715 02:21:29.001968 0x16f727000 database_cache.cc:263]  0 in 0.000s
I20260715 02:21:29.001971 0x16f727000 database_cache.cc:271] Building correspondence graph...
I20260715 02:21:29.005936 0x16f727000 database_cache.cc:300]  in 0.004s (ignored 1)
I20260715 02:21:29.005944 0x16f727000 timer.cc:90] Elapsed time: 0.000 [minutes]
I20260715 02:21:29.612230 0x16f727000 bundle_adjustment_ceres.cc:842] [AETHER] solver_used=DENSE_SCHUR sparse_backend=EIGEN_SPARSE dense_backend=EIGEN mixed=0 threads=6
I20260715 02:21:30.188928 0x16f727000 bundle_adjustment_ceres.cc:842] [AETHER] solver_used=DENSE_SCHUR sparse_backend=EIGEN_SPARSE dense_backend=EIGEN mixed=0 threads=6
I20260715 02:21:30.699745 0x16f727000 bundle_adjustment_ceres.cc:842] [AETHER] solver_used=DENSE_SCHUR sparse_backend=EIGEN_SPARSE dense_backend=EIGEN mixed=0 threads=6
I20260715 02:21:31.198291 0x16f727000 bundle_adjustment_ceres.cc:842] [AETHER] solver_used=DENSE_SCHUR sparse_backend=EIGEN_SPARSE dense_backend=EIGEN mixed=0 threads=6
I20260715 02:21:31.464305 0x16f727000 bundle_adjustment_ceres.cc:842] [AETHER] solver_used=DENSE_SCHUR sparse_backend=EIGEN_SPARSE dense_backend=EIGEN mixed=0 threads=6
W20260715 02:21:31.481212 0x16f727000 aether_sfm_c.cc:4484] [aether_sfm] finalize worker: cache_pre=5ms enrich=6ms stage1=13ms (ok, rounds=0) stage2=2476ms (rounds<=5) temporal=6ms upgrade=0ms total=2501ms
REFINED finalize_ms=2640.5
RESULT incr=off n_reg=20 n_points=12526 track3plus=3575 n_obs=33193 mean_reproj_px=0.9992 stream_ms=1041.2 finalize_ms=2640.5 total_ms=3681.7
real 3.73
user 7.74
sys 3.13
           102006784  maximum resident set size
                   0  average shared memory size
                   0  average unshared data size
                   0  average unshared stack size
                7666  page reclaims
                  32  page faults
                   0  swaps
                   0  block input operations
                   0  block output operations
                   0  messages sent
                   0  messages received
                   0  signals received
                 211  voluntary context switches
              647240  involuntary context switches
         95710908734  instructions retired
         37468306483  cycles elapsed
            91570656  peak memory footprint
