[DawnKernelHarness] limits: invocations/wg=512 wgSizeX=512 storageBufs=10 maxBuffer=1073741824 maxStorageBinding=1073741824 (adapter: 1024 1024 10 4294967295 4294967295)
[pwofficial_gpu_match_dawn] backend=blocked(fma4x4+direct+w64+nopb+f16+keyscan3+ptr+kp,V8) adapter="Apple M3 Pro" subgroups=1 sgmatrix=1 f32_8x8x8=1 f16_f32=1 mixed=0 subgroup=[4,64] packed_dot=1 timestamp=1 limits[storage=32768 invocations=1024 sizeX=1024]
WARNING: Logging before InitGoogleLogging() is written to STDERR
I20260925 12:45:36.072637 0x1fecf6080 database_cache.cc:72] Loading rigs...
I20260925 12:45:36.072663 0x1fecf6080 database_cache.cc:82]  0 in 0.000s
I20260925 12:45:36.072670 0x1fecf6080 database_cache.cc:90] Loading cameras...
I20260925 12:45:36.072682 0x1fecf6080 database_cache.cc:108]  2 in 0.000s
I20260925 12:45:36.072688 0x1fecf6080 database_cache.cc:116] Loading frames...
I20260925 12:45:36.072695 0x1fecf6080 database_cache.cc:126]  0 in 0.000s
I20260925 12:45:36.072700 0x1fecf6080 database_cache.cc:134] Loading matches...
I20260925 12:45:36.072708 0x1fecf6080 database_cache.cc:139]  1 in 0.000s
I20260925 12:45:36.072713 0x1fecf6080 database_cache.cc:147] Loading images...
I20260925 12:45:36.072821 0x1fecf6080 database_cache.cc:236]  2 in 0.000s (loaded all 2)
I20260925 12:45:36.072827 0x1fecf6080 database_cache.cc:255] Loading pose priors...
I20260925 12:45:36.072833 0x1fecf6080 database_cache.cc:263]  0 in 0.000s
I20260925 12:45:36.072837 0x1fecf6080 database_cache.cc:271] Building correspondence graph...
I20260925 12:45:36.072878 0x1fecf6080 database_cache.cc:300]  in 0.000s (ignored 0)
I20260925 12:45:36.120987 0x1fecf6080 official_bundle_adjustment_ceres.cc:1648] [AETHER gravity] injected 3/3 roll/pitch anchors, sigma_rad=0.00872665
[AETHER BA-ORDERING] blocks=355 pts(g0)=346 cams(g1)=3 g1_all_pose=1 proven=1
I20260925 12:45:36.126403 0x1fecf6080 official_bundle_adjustment_ceres.cc:1137] [AETHER] solver_used=DENSE_SCHUR sparse_backend=EIGEN_SPARSE dense_backend=EIGEN mixed=0 threads=1
I20260925 12:45:36.126830 0x1fecf6080 official_bundle_adjustment_ceres.cc:1648] [AETHER gravity] injected 3/3 roll/pitch anchors, sigma_rad=0.00872665
[AETHER BA-ORDERING] blocks=349 pts(g0)=340 cams(g1)=3 g1_all_pose=1 proven=1
I20260925 12:45:36.127597 0x1fecf6080 official_bundle_adjustment_ceres.cc:1137] [AETHER] solver_used=DENSE_SCHUR sparse_backend=EIGEN_SPARSE dense_backend=EIGEN mixed=0 threads=1
I20260925 12:45:36.175371 0x1fecf6080 official_bundle_adjustment_ceres.cc:1648] [AETHER gravity] injected 4/4 roll/pitch anchors, sigma_rad=0.00872665
[AETHER BA-ORDERING] blocks=524 pts(g0)=513 cams(g1)=4 g1_all_pose=1 proven=1
I20260925 12:45:36.184437 0x1fecf6080 official_bundle_adjustment_ceres.cc:1137] [AETHER] solver_used=DENSE_SCHUR sparse_backend=EIGEN_SPARSE dense_backend=EIGEN mixed=0 threads=1
I20260925 12:45:36.185085 0x1fecf6080 official_bundle_adjustment_ceres.cc:1648] [AETHER gravity] injected 4/4 roll/pitch anchors, sigma_rad=0.00872665
I20260925 12:45:36.186209 0x1fecf6080 official_bundle_adjustment_ceres.cc:1137] [AETHER] solver_used=DENSE_SCHUR sparse_backend=EIGEN_SPARSE dense_backend=EIGEN mixed=0 threads=1
I20260925 12:45:36.241729 0x1fecf6080 official_bundle_adjustment_ceres.cc:1648] [AETHER gravity] injected 5/5 roll/pitch anchors, sigma_rad=0.00872665
I20260925 12:45:36.252939 0x1fecf6080 official_bundle_adjustment_ceres.cc:1137] [AETHER] solver_used=DENSE_SCHUR sparse_backend=EIGEN_SPARSE dense_backend=EIGEN mixed=0 threads=1
I20260925 12:45:36.253727 0x1fecf6080 official_bundle_adjustment_ceres.cc:1648] [AETHER gravity] injected 5/5 roll/pitch anchors, sigma_rad=0.00872665
I20260925 12:45:36.255226 0x1fecf6080 official_bundle_adjustment_ceres.cc:1137] [AETHER] solver_used=DENSE_SCHUR sparse_backend=EIGEN_SPARSE dense_backend=EIGEN mixed=0 threads=1
I20260925 12:45:36.295133 0x1fecf6080 official_bundle_adjustment_ceres.cc:1648] [AETHER gravity] injected 2/2 roll/pitch anchors, sigma_rad=0.00872665
I20260925 12:45:36.296790 0x1fecf6080 official_bundle_adjustment_ceres.cc:1137] [AETHER] solver_used=DENSE_SCHUR sparse_backend=EIGEN_SPARSE dense_backend=EIGEN mixed=0 threads=1
I20260925 12:45:36.339922 0x1fecf6080 official_bundle_adjustment_ceres.cc:1648] [AETHER gravity] injected 3/3 roll/pitch anchors, sigma_rad=0.00872665
I20260925 12:45:36.342036 0x1fecf6080 official_bundle_adjustment_ceres.cc:1137] [AETHER] solver_used=DENSE_SCHUR sparse_backend=EIGEN_SPARSE dense_backend=EIGEN mixed=0 threads=1
I20260925 12:45:36.342376 0x1fecf6080 official_bundle_adjustment_ceres.cc:1648] [AETHER gravity] injected 3/3 roll/pitch anchors, sigma_rad=0.00872665
I20260925 12:45:36.342980 0x1fecf6080 official_bundle_adjustment_ceres.cc:1137] [AETHER] solver_used=DENSE_SCHUR sparse_backend=EIGEN_SPARSE dense_backend=EIGEN mixed=0 threads=1
I20260925 12:45:36.387102 0x1fecf6080 official_bundle_adjustment_ceres.cc:1648] [AETHER gravity] injected 2/2 roll/pitch anchors, sigma_rad=0.00872665
I20260925 12:45:36.387374 0x1fecf6080 official_bundle_adjustment_ceres.cc:1137] [AETHER] solver_used=DENSE_SCHUR sparse_backend=EIGEN_SPARSE dense_backend=EIGEN mixed=0 threads=1
I20260925 12:45:36.387921 0x1fecf6080 official_bundle_adjustment_ceres.cc:1648] [AETHER gravity] injected 3/3 roll/pitch anchors, sigma_rad=0.00872665
I20260925 12:45:36.388462 0x1fecf6080 official_bundle_adjustment_ceres.cc:1137] [AETHER] solver_used=DENSE_SCHUR sparse_backend=EIGEN_SPARSE dense_backend=EIGEN mixed=0 threads=1
I20260925 12:45:36.460181 0x1fecf6080 official_bundle_adjustment_ceres.cc:1648] [AETHER gravity] injected 2/2 roll/pitch anchors, sigma_rad=0.00872665
I20260925 12:45:36.460395 0x1fecf6080 official_bundle_adjustment_ceres.cc:1137] [AETHER] solver_used=DENSE_SCHUR sparse_backend=EIGEN_SPARSE dense_backend=EIGEN mixed=0 threads=1
I20260925 12:45:36.460515 0x1fecf6080 official_bundle_adjustment_ceres.cc:1648] [AETHER gravity] injected 2/2 roll/pitch anchors, sigma_rad=0.00872665
I20260925 12:45:36.460618 0x1fecf6080 official_bundle_adjustment_ceres.cc:1137] [AETHER] solver_used=DENSE_SCHUR sparse_backend=EIGEN_SPARSE dense_backend=EIGEN mixed=0 threads=1
I20260925 12:45:36.527258 0x1fecf6080 official_bundle_adjustment_ceres.cc:1648] [AETHER gravity] injected 2/2 roll/pitch anchors, sigma_rad=0.00872665
I20260925 12:45:36.527533 0x1fecf6080 official_bundle_adjustment_ceres.cc:1137] [AETHER] solver_used=DENSE_SCHUR sparse_backend=EIGEN_SPARSE dense_backend=EIGEN mixed=0 threads=1
I20260925 12:45:36.527680 0x1fecf6080 official_bundle_adjustment_ceres.cc:1648] [AETHER gravity] injected 2/2 roll/pitch anchors, sigma_rad=0.00872665
I20260925 12:45:36.527734 0x1fecf6080 official_bundle_adjustment_ceres.cc:1137] [AETHER] solver_used=DENSE_SCHUR sparse_backend=EIGEN_SPARSE dense_backend=EIGEN mixed=0 threads=1
I20260925 12:45:36.613737 0x1fecf6080 official_bundle_adjustment_ceres.cc:1648] [AETHER gravity] injected 3/3 roll/pitch anchors, sigma_rad=0.00872665
I20260925 12:45:36.614220 0x1fecf6080 official_bundle_adjustment_ceres.cc:1137] [AETHER] solver_used=DENSE_SCHUR sparse_backend=EIGEN_SPARSE dense_backend=EIGEN mixed=0 threads=1
I20260925 12:45:36.614780 0x1fecf6080 official_bundle_adjustment_ceres.cc:1648] [AETHER gravity] injected 4/4 roll/pitch anchors, sigma_rad=0.00872665
I20260925 12:45:36.615855 0x1fecf6080 official_bundle_adjustment_ceres.cc:1137] [AETHER] solver_used=DENSE_SCHUR sparse_backend=EIGEN_SPARSE dense_backend=EIGEN mixed=0 threads=1
I20260925 12:45:36.686463 0x1fecf6080 official_bundle_adjustment_ceres.cc:1648] [AETHER gravity] injected 2/2 roll/pitch anchors, sigma_rad=0.00872665
I20260925 12:45:36.688152 0x1fecf6080 official_bundle_adjustment_ceres.cc:1137] [AETHER] solver_used=DENSE_SCHUR sparse_backend=EIGEN_SPARSE dense_backend=EIGEN mixed=0 threads=1
I20260925 12:45:36.688504 0x1fecf6080 official_bundle_adjustment_ceres.cc:1648] [AETHER gravity] injected 2/2 roll/pitch anchors, sigma_rad=0.00872665
I20260925 12:45:36.688973 0x1fecf6080 official_bundle_adjustment_ceres.cc:1137] [AETHER] solver_used=DENSE_SCHUR sparse_backend=EIGEN_SPARSE dense_backend=EIGEN mixed=0 threads=1
I20260925 12:45:36.766807 0x1fecf6080 official_bundle_adjustment_ceres.cc:1648] [AETHER gravity] injected 4/4 roll/pitch anchors, sigma_rad=0.00872665
I20260925 12:45:36.771519 0x1fecf6080 official_bundle_adjustment_ceres.cc:1137] [AETHER] solver_used=DENSE_SCHUR sparse_backend=EIGEN_SPARSE dense_backend=EIGEN mixed=0 threads=1
I20260925 12:45:36.772789 0x1fecf6080 official_bundle_adjustment_ceres.cc:1648] [AETHER gravity] injected 4/4 roll/pitch anchors, sigma_rad=0.00872665
I20260925 12:45:36.774044 0x1fecf6080 official_bundle_adjustment_ceres.cc:1137] [AETHER] solver_used=DENSE_SCHUR sparse_backend=EIGEN_SPARSE dense_backend=EIGEN mixed=0 threads=1
I20260925 12:45:36.819842 0x1fecf6080 official_bundle_adjustment_ceres.cc:1648] [AETHER gravity] injected 2/2 roll/pitch anchors, sigma_rad=0.00872665
I20260925 12:45:36.821033 0x1fecf6080 official_bundle_adjustment_ceres.cc:1137] [AETHER] solver_used=DENSE_SCHUR sparse_backend=EIGEN_SPARSE dense_backend=EIGEN mixed=0 threads=1
I20260925 12:45:36.821320 0x1fecf6080 official_bundle_adjustment_ceres.cc:1648] [AETHER gravity] injected 2/2 roll/pitch anchors, sigma_rad=0.00872665
I20260925 12:45:36.821657 0x1fecf6080 official_bundle_adjustment_ceres.cc:1137] [AETHER] solver_used=DENSE_SCHUR sparse_backend=EIGEN_SPARSE dense_backend=EIGEN mixed=0 threads=1
I20260925 12:45:36.905571 0x1fecf6080 official_bundle_adjustment_ceres.cc:1648] [AETHER gravity] injected 3/3 roll/pitch anchors, sigma_rad=0.00872665
I20260925 12:45:36.907522 0x1fecf6080 official_bundle_adjustment_ceres.cc:1137] [AETHER] solver_used=DENSE_SCHUR sparse_backend=EIGEN_SPARSE dense_backend=EIGEN mixed=0 threads=1
I20260925 12:45:36.908639 0x1fecf6080 official_bundle_adjustment_ceres.cc:1648] [AETHER gravity] injected 3/3 roll/pitch anchors, sigma_rad=0.00872665
I20260925 12:45:36.909494 0x1fecf6080 official_bundle_adjustment_ceres.cc:1137] [AETHER] solver_used=DENSE_SCHUR sparse_backend=EIGEN_SPARSE dense_backend=EIGEN mixed=0 threads=1
I20260925 12:45:36.997351 0x1fecf6080 official_bundle_adjustment_ceres.cc:1648] [AETHER gravity] injected 2/2 roll/pitch anchors, sigma_rad=0.00872665
I20260925 12:45:36.998675 0x1fecf6080 official_bundle_adjustment_ceres.cc:1137] [AETHER] solver_used=DENSE_SCHUR sparse_backend=EIGEN_SPARSE dense_backend=EIGEN mixed=0 threads=1
I20260925 12:45:37.222258 0x1fecf6080 official_bundle_adjustment_ceres.cc:1648] [AETHER gravity] injected 2/2 roll/pitch anchors, sigma_rad=0.00872665
I20260925 12:45:37.223558 0x1fecf6080 official_bundle_adjustment_ceres.cc:1137] [AETHER] solver_used=DENSE_SCHUR sparse_backend=EIGEN_SPARSE dense_backend=EIGEN mixed=0 threads=1
I20260925 12:45:37.224986 0x1fecf6080 official_bundle_adjustment_ceres.cc:1648] [AETHER gravity] injected 2/2 roll/pitch anchors, sigma_rad=0.00872665
I20260925 12:45:37.226542 0x1fecf6080 official_bundle_adjustment_ceres.cc:1137] [AETHER] solver_used=DENSE_SCHUR sparse_backend=EIGEN_SPARSE dense_backend=EIGEN mixed=0 threads=1
I20260925 12:45:37.317560 0x1fecf6080 official_bundle_adjustment_ceres.cc:1648] [AETHER gravity] injected 2/2 roll/pitch anchors, sigma_rad=0.00872665
I20260925 12:45:37.318119 0x1fecf6080 official_bundle_adjustment_ceres.cc:1137] [AETHER] solver_used=DENSE_SCHUR sparse_backend=EIGEN_SPARSE dense_backend=EIGEN mixed=0 threads=1
I20260925 12:45:37.318809 0x1fecf6080 official_bundle_adjustment_ceres.cc:1648] [AETHER gravity] injected 3/3 roll/pitch anchors, sigma_rad=0.00872665
I20260925 12:45:37.323580 0x1fecf6080 official_bundle_adjustment_ceres.cc:1137] [AETHER] solver_used=DENSE_SCHUR sparse_backend=EIGEN_SPARSE dense_backend=EIGEN mixed=0 threads=1
I20260925 12:45:37.324805 0x16f18f000 database_cache.cc:72] Loading rigs...
I20260925 12:45:37.324828 0x16f18f000 database_cache.cc:82]  0 in 0.000s
I20260925 12:45:37.324838 0x16f18f000 database_cache.cc:90] Loading cameras...
I20260925 12:45:37.324864 0x16f18f000 database_cache.cc:108]  20 in 0.000s
I20260925 12:45:37.324872 0x16f18f000 database_cache.cc:116] Loading frames...
I20260925 12:45:37.324883 0x16f18f000 database_cache.cc:126]  0 in 0.000s
I20260925 12:45:37.324889 0x16f18f000 database_cache.cc:134] Loading matches...
I20260925 12:45:37.324949 0x16f18f000 database_cache.cc:139]  56 in 0.000s
I20260925 12:45:37.324964 0x16f18f000 database_cache.cc:147] Loading images...
I20260925 12:45:37.326230 0x16f18f000 database_cache.cc:236]  20 in 0.001s (loaded all 20)
I20260925 12:45:37.326239 0x16f18f000 database_cache.cc:255] Loading pose priors...
I20260925 12:45:37.326253 0x16f18f000 database_cache.cc:263]  0 in 0.000s
I20260925 12:45:37.326259 0x16f18f000 database_cache.cc:271] Building correspondence graph...
I20260925 12:45:37.326960 0x16f18f000 database_cache.cc:300]  in 0.001s (ignored 0)
I20260925 12:45:37.333275 0x16f18f000 official_bundle_adjustment_ceres.cc:1648] [AETHER gravity] injected 19/20 roll/pitch anchors, sigma_rad=0.00872665
I20260925 12:45:37.388862 0x16f18f000 official_bundle_adjustment_ceres.cc:1137] [AETHER] solver_used=DENSE_SCHUR sparse_backend=EIGEN_SPARSE dense_backend=EIGEN mixed=0 threads=6
I20260925 12:45:37.391715 0x16f18f000 official_bundle_adjustment_ceres.cc:1648] [AETHER gravity] injected 19/20 roll/pitch anchors, sigma_rad=0.00872665
I20260925 12:45:37.440748 0x16f18f000 official_bundle_adjustment_ceres.cc:1137] [AETHER] solver_used=DENSE_SCHUR sparse_backend=EIGEN_SPARSE dense_backend=EIGEN mixed=0 threads=6
I20260925 12:45:37.443261 0x16f18f000 official_bundle_adjustment_ceres.cc:1648] [AETHER gravity] injected 19/20 roll/pitch anchors, sigma_rad=0.00872665
I20260925 12:45:37.459201 0x16f18f000 official_bundle_adjustment_ceres.cc:1137] [AETHER] solver_used=DENSE_SCHUR sparse_backend=EIGEN_SPARSE dense_backend=EIGEN mixed=0 threads=6
I20260925 12:45:37.461763 0x16f18f000 official_bundle_adjustment_ceres.cc:1648] [AETHER gravity] injected 19/20 roll/pitch anchors, sigma_rad=0.00872665
I20260925 12:45:37.494085 0x16f18f000 official_bundle_adjustment_ceres.cc:1137] [AETHER] solver_used=DENSE_SCHUR sparse_backend=EIGEN_SPARSE dense_backend=EIGEN mixed=0 threads=6
W20260925 12:45:37.583553 0x16f21b000 official_aether_sfm_c.cc:6907] [aether_sfm] finalize re-match: starved_frames=10 candidates=111 attempted=111 written=0 inliers=0 failed=0 gpu_fail_capture=0 probe_debt_repaid=0 probe_debt_left=0
W20260925 12:45:37.646722 0x16f21b000 official_aether_sfm_c.cc:7348] [aether_sfm] official quadratic overlap: overlap=10 candidates=38 written=0 in 63.0247 ms
I20260925 12:45:37.653601 0x16f18f000 official_incremental_pipeline.cc:323] Loading database
I20260925 12:45:37.653649 0x16f18f000 database_cache.cc:72] Loading rigs...
I20260925 12:45:37.653663 0x16f18f000 database_cache.cc:82]  0 in 0.000s
I20260925 12:45:37.653671 0x16f18f000 database_cache.cc:90] Loading cameras...
I20260925 12:45:37.653695 0x16f18f000 database_cache.cc:108]  20 in 0.000s
I20260925 12:45:37.653702 0x16f18f000 database_cache.cc:116] Loading frames...
I20260925 12:45:37.653712 0x16f18f000 database_cache.cc:126]  0 in 0.000s
I20260925 12:45:37.653718 0x16f18f000 database_cache.cc:134] Loading matches...
I20260925 12:45:37.653803 0x16f18f000 database_cache.cc:139]  56 in 0.000s
I20260925 12:45:37.653809 0x16f18f000 database_cache.cc:147] Loading images...
I20260925 12:45:37.655252 0x16f18f000 database_cache.cc:236]  20 in 0.001s (loaded all 20)
I20260925 12:45:37.655262 0x16f18f000 database_cache.cc:255] Loading pose priors...
I20260925 12:45:37.655277 0x16f18f000 database_cache.cc:263]  0 in 0.000s
I20260925 12:45:37.655283 0x16f18f000 database_cache.cc:271] Building correspondence graph...
I20260925 12:45:37.656048 0x16f18f000 database_cache.cc:300]  in 0.001s (ignored 0)
I20260925 12:45:37.656055 0x16f18f000 timer.cc:90] Elapsed time: 0.000 [minutes]
I20260925 12:45:37.660100 0x16f18f000 official_bundle_adjustment_ceres.cc:1648] [AETHER gravity] injected 19/20 roll/pitch anchors, sigma_rad=0.00872665
I20260925 12:45:37.716217 0x16f18f000 official_bundle_adjustment_ceres.cc:1137] [AETHER] solver_used=DENSE_SCHUR sparse_backend=EIGEN_SPARSE dense_backend=EIGEN mixed=0 threads=6
W20260925 12:45:37.717441 0x16f18f000 official_aether_sfm_c.cc:9530] [frame-loss] before=20 after=20 lost_zero_obs=0 lost_with_obs=0 |
W20260925 12:45:37.717853 0x16f18f000 official_aether_sfm_c.cc:9614] [aether_sfm] finalize worker: cache_pre=2ms enrich=324ms stage1=168ms (ok, rounds=4) stage2=66ms (rounds<=1) temporal=0ms upgrade=0ms total=393ms
W20260925 12:45:37.718057 0x16f18f000 official_aether_sfm_c.cc:9643] [aether_sfm] delivered-point provenance: live-created=1231 official-retriangulated=719 live-dropped-by-official-filtering=102 (live model had 1333; capture-time official TriangulateImage added 0 obs)
W20260925 12:45:37.718193 0x16f18f000 official_aether_sfm_c.cc:8066] [device-align-v1] status=aligned_gate_tripped pairs=20 inliers=19 max_error_m=0.111819 scale=1.02063 centre_err_median_m=0.0294935 centre_err_max_m=0.193649 outliers=1
W20260925 12:45:37.748641 0x1fecf6080 official_aether_sfm_c.cc:13097] [aether_sfm] deliver-filter(get_points_tracked): kept 1934/1950 (min_tri_angle=3deg, mirror_ghost=0, isolated_floater=6, killed_union=6)
[pwofficial_gpu_match_dawn] device lost #1 reason=2 rc=8: Device was destroyed.
        1.85 real         0.86 user         0.54 sys
           122322944  maximum resident set size
                   0  average shared memory size
                   0  average unshared data size
                   0  average unshared stack size
               35427  page reclaims
                  14  page faults
                   0  swaps
                   0  block input operations
                   0  block output operations
                   0  messages sent
                   0  messages received
                   0  signals received
                  29  voluntary context switches
               75485  involuntary context switches
         11370527624  instructions retired
          4417591168  cycles elapsed
           309822112  peak memory footprint
