Traceback (most recent call last):
  File "/Users/kaidongwang/.config/superpowers/worktrees/pocketworld_research_benchmarks/pocketworld-repro-contract-20260714/experiments/detector_free_a16_bench_2026-07-15/verify_multireference_product_quality.py", line 1178, in <module>
    raise SystemExit(main())
                     ^^^^^^
  File "/Users/kaidongwang/.config/superpowers/worktrees/pocketworld_research_benchmarks/pocketworld-repro-contract-20260714/experiments/detector_free_a16_bench_2026-07-15/verify_multireference_product_quality.py", line 1048, in main
    reference = evaluate_reference(
                ^^^^^^^^^^^^^^^^^^^
  File "/Users/kaidongwang/.config/superpowers/worktrees/pocketworld_research_benchmarks/pocketworld-repro-contract-20260714/experiments/detector_free_a16_bench_2026-07-15/verify_multireference_product_quality.py", line 529, in evaluate_reference
    source_indices = primary_source_indices(depth, frames, reference_index)
                     ^^^^^^^^^^^^^^^^^^^^^^^^^^^^^^^^^^^^^^^^^^^^^^^^^^^^^^
  File "/Users/kaidongwang/.config/superpowers/worktrees/pocketworld_research_benchmarks/pocketworld-repro-contract-20260714/experiments/detector_free_a16_bench_2026-07-15/verify_multireference_product_quality.py", line 375, in primary_source_indices
    raise ValueError(f"fewer than four overlap sources for frame {reference_index}")
ValueError: fewer than four overlap sources for frame 32
       22.58 real        20.79 user         0.35 sys
           242679808  maximum resident set size
                   0  average shared memory size
                   0  average unshared data size
                   0  average unshared stack size
               20886  page reclaims
                 479  page faults
                   0  swaps
                   0  block input operations
                   0  block output operations
                   0  messages sent
                   0  messages received
                   0  signals received
                 187  voluntary context switches
                3625  involuntary context switches
        257348888334  instructions retired
         77693040214  cycles elapsed
           327418792  peak memory footprint
