REPLAY src_db=/Users/kaidongwang/.config/superpowers/worktrees/pocketworld_research_benchmarks/pocketworld-repro-contract-20260714/experiments/multiview_site_matcher_2026-07-15/cap56_postgeom_site_assignment_seed0_20260715_v2.db pair_db=/Users/kaidongwang/.config/superpowers/worktrees/pocketworld_research_benchmarks/pocketworld-repro-contract-20260714/experiments/multiview_site_matcher_2026-07-15/cap56_consensus3_oracle_topology_diagnostic_20260715.db poses=/tmp/pocketworld_cap56_reconcile_20260714/sfm_fed_frames.jsonl intrinsics=/Users/kaidongwang/.config/superpowers/worktrees/pocketworld_research_benchmarks/pocketworld-repro-contract-20260714/experiments/multiview_site_matcher_2026-07-15/cap56_intrinsics_fxfycxcy.tsv out=aether_cpp/third_party/glomap_vendor/bench_runs/cap56_current_source_replay_20260715/raynorm_consensus3_oracle_topology_diagnostic k=19 max_frames=0 AETHER_INCREMENTAL_GLOBAL_BA=(unset)
SOURCE n_images=20 n_poses=20 n_intrinsics=20
STORED_PAIRS matches=190 nonempty_matches=190 two_view=188 nonempty_two_view=188 geometry_missing=2 geometry_only=0
W20260715 04:40:00.687768 0x1fb6b2080 aether_sfm_c.cc:4979] [aether_sfm] host replay reusing stored pairs from /Users/kaidongwang/.config/superpowers/worktrees/pocketworld_research_benchmarks/pocketworld-repro-contract-20260714/experiments/multiview_site_matcher_2026-07-15/cap56_consensus3_oracle_topology_diagnostic_20260715.db (matches=190, verified=188)
I20260715 04:40:00.714813 0x1fb6b2080 bundle_adjustment_ceres.cc:842] [AETHER] solver_used=DENSE_SCHUR sparse_backend=EIGEN_SPARSE dense_backend=EIGEN mixed=0 threads=1
I20260715 04:40:00.764835 0x1fb6b2080 bundle_adjustment_ceres.cc:842] [AETHER] solver_used=DENSE_SCHUR sparse_backend=EIGEN_SPARSE dense_backend=EIGEN mixed=0 threads=1
I20260715 04:40:00.797412 0x1fb6b2080 bundle_adjustment_ceres.cc:842] [AETHER] solver_used=DENSE_SCHUR sparse_backend=EIGEN_SPARSE dense_backend=EIGEN mixed=0 threads=1
I20260715 04:40:00.832819 0x1fb6b2080 bundle_adjustment_ceres.cc:842] [AETHER] solver_used=DENSE_SCHUR sparse_backend=EIGEN_SPARSE dense_backend=EIGEN mixed=0 threads=1
I20260715 04:40:00.884092 0x1fb6b2080 bundle_adjustment_ceres.cc:842] [AETHER] solver_used=DENSE_SCHUR sparse_backend=EIGEN_SPARSE dense_backend=EIGEN mixed=0 threads=1
I20260715 04:40:00.933239 0x1fb6b2080 bundle_adjustment_ceres.cc:842] [AETHER] solver_used=DENSE_SCHUR sparse_backend=EIGEN_SPARSE dense_backend=EIGEN mixed=0 threads=1
I20260715 04:40:00.989065 0x1fb6b2080 bundle_adjustment_ceres.cc:842] [AETHER] solver_used=DENSE_SCHUR sparse_backend=EIGEN_SPARSE dense_backend=EIGEN mixed=0 threads=1
I20260715 04:40:01.059111 0x1fb6b2080 bundle_adjustment_ceres.cc:842] [AETHER] solver_used=DENSE_SCHUR sparse_backend=EIGEN_SPARSE dense_backend=EIGEN mixed=0 threads=1
I20260715 04:40:01.134135 0x1fb6b2080 bundle_adjustment_ceres.cc:842] [AETHER] solver_used=DENSE_SCHUR sparse_backend=EIGEN_SPARSE dense_backend=EIGEN mixed=0 threads=1
I20260715 04:40:01.215213 0x1fb6b2080 bundle_adjustment_ceres.cc:842] [AETHER] solver_used=DENSE_SCHUR sparse_backend=EIGEN_SPARSE dense_backend=EIGEN mixed=0 threads=1
I20260715 04:40:01.290421 0x1fb6b2080 bundle_adjustment_ceres.cc:842] [AETHER] solver_used=DENSE_SCHUR sparse_backend=EIGEN_SPARSE dense_backend=EIGEN mixed=0 threads=1
I20260715 04:40:01.354538 0x1fb6b2080 bundle_adjustment_ceres.cc:842] [AETHER] solver_used=DENSE_SCHUR sparse_backend=EIGEN_SPARSE dense_backend=EIGEN mixed=0 threads=1
I20260715 04:40:01.422884 0x1fb6b2080 bundle_adjustment_ceres.cc:842] [AETHER] solver_used=DENSE_SCHUR sparse_backend=EIGEN_SPARSE dense_backend=EIGEN mixed=0 threads=1
I20260715 04:40:01.494823 0x1fb6b2080 bundle_adjustment_ceres.cc:842] [AETHER] solver_used=DENSE_SCHUR sparse_backend=EIGEN_SPARSE dense_backend=EIGEN mixed=0 threads=1
I20260715 04:40:01.555248 0x1fb6b2080 bundle_adjustment_ceres.cc:842] [AETHER] solver_used=DENSE_SCHUR sparse_backend=EIGEN_SPARSE dense_backend=EIGEN mixed=0 threads=1
I20260715 04:40:01.616823 0x1fb6b2080 bundle_adjustment_ceres.cc:842] [AETHER] solver_used=DENSE_SCHUR sparse_backend=EIGEN_SPARSE dense_backend=EIGEN mixed=0 threads=1
I20260715 04:40:01.683721 0x1fb6b2080 bundle_adjustment_ceres.cc:842] [AETHER] solver_used=DENSE_SCHUR sparse_backend=EIGEN_SPARSE dense_backend=EIGEN mixed=0 threads=1
I20260715 04:40:01.747385 0x1fb6b2080 bundle_adjustment_ceres.cc:842] [AETHER] solver_used=DENSE_SCHUR sparse_backend=EIGEN_SPARSE dense_backend=EIGEN mixed=0 threads=1
STREAMED fed=20 missing_pose=0 stream_ms=1069.1
FINALIZE_ASYNC phase1={"solve_ms":0.6,"n_models":1,"n_registered":20,"n_points3d":15754,"reproj_px":0.8207,"track_len":2.103,"phase1":"live_reuse"}
I20260715 04:40:01.751552 0x16d7c7000 database_cache.cc:72] Loading rigs...
I20260715 04:40:01.751573 0x16d7c7000 database_cache.cc:82]  0 in 0.000s
I20260715 04:40:01.751580 0x16d7c7000 database_cache.cc:90] Loading cameras...
I20260715 04:40:01.751592 0x16d7c7000 database_cache.cc:108]  1 in 0.000s
I20260715 04:40:01.751598 0x16d7c7000 database_cache.cc:116] Loading frames...
I20260715 04:40:01.751604 0x16d7c7000 database_cache.cc:126]  0 in 0.000s
I20260715 04:40:01.751609 0x16d7c7000 database_cache.cc:134] Loading matches...
I20260715 04:40:01.751938 0x16d7c7000 database_cache.cc:139]  188 in 0.000s
I20260715 04:40:01.751943 0x16d7c7000 database_cache.cc:147] Loading images...
I20260715 04:40:01.753134 0x16d7c7000 database_cache.cc:236]  20 in 0.001s (loaded all 20)
I20260715 04:40:01.753141 0x16d7c7000 database_cache.cc:255] Loading pose priors...
I20260715 04:40:01.753148 0x16d7c7000 database_cache.cc:263]  0 in 0.000s
I20260715 04:40:01.753152 0x16d7c7000 database_cache.cc:271] Building correspondence graph...
I20260715 04:40:01.757984 0x16d7c7000 database_cache.cc:300]  in 0.005s (ignored 0)
I20260715 04:40:01.774375 0x16d7c7000 incremental_pipeline.cc:320] Loading database
I20260715 04:40:01.774399 0x16d7c7000 database_cache.cc:72] Loading rigs...
I20260715 04:40:01.774407 0x16d7c7000 database_cache.cc:82]  0 in 0.000s
I20260715 04:40:01.774411 0x16d7c7000 database_cache.cc:90] Loading cameras...
I20260715 04:40:01.774419 0x16d7c7000 database_cache.cc:108]  1 in 0.000s
I20260715 04:40:01.774423 0x16d7c7000 database_cache.cc:116] Loading frames...
I20260715 04:40:01.774428 0x16d7c7000 database_cache.cc:126]  0 in 0.000s
I20260715 04:40:01.774432 0x16d7c7000 database_cache.cc:134] Loading matches...
I20260715 04:40:01.774746 0x16d7c7000 database_cache.cc:139]  188 in 0.000s
I20260715 04:40:01.774751 0x16d7c7000 database_cache.cc:147] Loading images...
I20260715 04:40:01.775930 0x16d7c7000 database_cache.cc:236]  20 in 0.001s (loaded all 20)
I20260715 04:40:01.775936 0x16d7c7000 database_cache.cc:255] Loading pose priors...
I20260715 04:40:01.775944 0x16d7c7000 database_cache.cc:263]  0 in 0.000s
I20260715 04:40:01.775948 0x16d7c7000 database_cache.cc:271] Building correspondence graph...
I20260715 04:40:01.780809 0x16d7c7000 database_cache.cc:300]  in 0.005s (ignored 0)
I20260715 04:40:01.780816 0x16d7c7000 timer.cc:90] Elapsed time: 0.000 [minutes]
I20260715 04:40:02.478718 0x16d7c7000 bundle_adjustment_ceres.cc:842] [AETHER] solver_used=DENSE_SCHUR sparse_backend=EIGEN_SPARSE dense_backend=EIGEN mixed=0 threads=6
I20260715 04:40:03.165821 0x16d7c7000 bundle_adjustment_ceres.cc:842] [AETHER] solver_used=DENSE_SCHUR sparse_backend=EIGEN_SPARSE dense_backend=EIGEN mixed=0 threads=6
I20260715 04:40:03.824341 0x16d7c7000 bundle_adjustment_ceres.cc:842] [AETHER] solver_used=DENSE_SCHUR sparse_backend=EIGEN_SPARSE dense_backend=EIGEN mixed=0 threads=6
I20260715 04:40:04.459115 0x16d7c7000 bundle_adjustment_ceres.cc:842] [AETHER] solver_used=DENSE_SCHUR sparse_backend=EIGEN_SPARSE dense_backend=EIGEN mixed=0 threads=6
I20260715 04:40:04.756869 0x16d7c7000 bundle_adjustment_ceres.cc:842] [AETHER] solver_used=DENSE_SCHUR sparse_backend=EIGEN_SPARSE dense_backend=EIGEN mixed=0 threads=6
W20260715 04:40:04.781947 0x16d7c7000 aether_sfm_c.cc:4494] [aether_sfm] finalize worker: cache_pre=6ms enrich=6ms stage1=14ms (ok, rounds=0) stage2=2999ms (rounds<=5) temporal=9ms upgrade=0ms total=3030ms
REFINED finalize_ms=3130.9
RESULT incr=off n_reg=20 n_points=14799 track3plus=4204 n_obs=39543 mean_reproj_px=1.0723 stream_ms=1069.1 finalize_ms=3130.9 total_ms=4200.0
        4.28 real         9.35 user         3.82 sys
           110133248  maximum resident set size
                   0  average shared memory size
                   0  average unshared data size
                   0  average unshared stack size
                8308  page reclaims
                  28  page faults
                   0  swaps
                   0  block input operations
                   0  block output operations
                   0  messages sent
                   0  messages received
                   0  signals received
                 138  voluntary context switches
              827798  involuntary context switches
        112933940339  instructions retired
         44982472264  cycles elapsed
            99680736  peak memory footprint
