[mem] available_bytes=5697437696
=== RUN cap51_m2 env=[AETHER_M2_LOWPARALLAX_BAN=1] 17:54:18
rc=0
SOURCE n_images=105 n_poses=105 n_intrinsics=0
STORED_PAIRS matches=858 nonempty_matches=858 two_view=579 nonempty_two_view=570 geometry_missing=279 geometry_only=0
STREAMED fed=105 missing_pose=0 stream_ms=5571.5
REFINED finalize_ms=15115.7
RESULT incr=off n_reg=105 n_points=65928 track3plus=21334 n_obs=172795 mean_reproj_px=0.8623 stream_ms=5571.5 finalize_ms=15115.7 total_ms=20687.1
[mem] available_bytes=5820694528
=== RUN cap50_m2 env=[AETHER_M2_LOWPARALLAX_BAN=1] 17:54:40
rc=0
SOURCE n_images=139 n_poses=139 n_intrinsics=0
STORED_PAIRS matches=1076 nonempty_matches=1076 two_view=751 nonempty_two_view=738 geometry_missing=325 geometry_only=0
STREAMED fed=139 missing_pose=0 stream_ms=8449.1
REFINED finalize_ms=23076.8
RESULT incr=off n_reg=139 n_points=93274 track3plus=27904 n_obs=234799 mean_reproj_px=0.9623 stream_ms=8449.1 finalize_ms=23076.8 total_ms=31525.9
[mem] available_bytes=6100238336
=== RUN cap51_e16exe_envoff env=[prod-only] 17:55:13
rc=0
SOURCE n_images=105 n_poses=105 n_intrinsics=0
STORED_PAIRS matches=858 nonempty_matches=858 two_view=579 nonempty_two_view=570 geometry_missing=279 geometry_only=0
STREAMED fed=105 missing_pose=0 stream_ms=5836.3
REFINED finalize_ms=14942.8
RESULT incr=off n_reg=105 n_points=65927 track3plus=21340 n_obs=172802 mean_reproj_px=0.8626 stream_ms=5836.3 finalize_ms=14942.8 total_ms=20779.1
[mem] available_bytes=5991743488
=== RUN cap51_m2_r002 env=[AETHER_M2_LOWPARALLAX_BAN=1 AETHER_M2_LOWPARALLAX_MIN_RATIO=0.02] 17:55:34
rc=0
SOURCE n_images=105 n_poses=105 n_intrinsics=0
STORED_PAIRS matches=858 nonempty_matches=858 two_view=579 nonempty_two_view=570 geometry_missing=279 geometry_only=0
STREAMED fed=105 missing_pose=0 stream_ms=5693.6
REFINED finalize_ms=15097.0
RESULT incr=off n_reg=105 n_points=65929 track3plus=21335 n_obs=172798 mean_reproj_px=0.8624 stream_ms=5693.6 finalize_ms=15097.0 total_ms=20790.6
[mem] available_bytes=6002130944
=== RUN cap51_m2_r005 env=[AETHER_M2_LOWPARALLAX_BAN=1 AETHER_M2_LOWPARALLAX_MIN_RATIO=0.05] 17:55:56
rc=0
SOURCE n_images=105 n_poses=105 n_intrinsics=0
STORED_PAIRS matches=858 nonempty_matches=858 two_view=579 nonempty_two_view=570 geometry_missing=279 geometry_only=0
STREAMED fed=105 missing_pose=0 stream_ms=5704.0
REFINED finalize_ms=15934.5
RESULT incr=off n_reg=105 n_points=65482 track3plus=21302 n_obs=172015 mean_reproj_px=0.8663 stream_ms=5704.0 finalize_ms=15934.5 total_ms=21638.5
[mem] available_bytes=4983734272
=== RUN cap51_m2_r015 env=[AETHER_M2_LOWPARALLAX_BAN=1 AETHER_M2_LOWPARALLAX_MIN_RATIO=0.15] 17:56:19
rc=0
SOURCE n_images=105 n_poses=105 n_intrinsics=0
STORED_PAIRS matches=858 nonempty_matches=858 two_view=579 nonempty_two_view=570 geometry_missing=279 geometry_only=0
STREAMED fed=105 missing_pose=0 stream_ms=3995.8
REFINED finalize_ms=11673.3
RESULT incr=off n_reg=105 n_points=46944 track3plus=20509 n_obs=134680 mean_reproj_px=0.8836 stream_ms=3995.8 finalize_ms=11673.3 total_ms=15669.0
E16 REPLAY MATRIX DONE 17:56:35
