REPLAY src_db=/Users/kaidongwang/.config/superpowers/worktrees/pocketworld_research_benchmarks/pocketworld-repro-contract-20260714/experiments/multiview_site_matcher_2026-07-15/cap56_postgeom_site_assignment_seed0_20260715_v2.db pair_db=/Users/kaidongwang/.config/superpowers/worktrees/pocketworld_research_benchmarks/pocketworld-repro-contract-20260714/experiments/multiview_site_matcher_2026-07-15/cap56_raynorm_tvg_consensus_3of3_20260715.db poses=/tmp/pocketworld_cap56_reconcile_20260714/sfm_fed_frames.jsonl intrinsics=/Users/kaidongwang/.config/superpowers/worktrees/pocketworld_research_benchmarks/pocketworld-repro-contract-20260714/experiments/multiview_site_matcher_2026-07-15/cap56_intrinsics_fxfycxcy.tsv out=aether_cpp/third_party/glomap_vendor/bench_runs/cap56_current_source_replay_20260715/raynorm_consensus3_site_birth_owner_v1 k=19 max_frames=0 AETHER_INCREMENTAL_GLOBAL_BA=(unset)
SOURCE n_images=20 n_poses=20 n_intrinsics=20
STORED_PAIRS matches=190 nonempty_matches=190 two_view=188 nonempty_two_view=188 geometry_missing=2 geometry_only=0
W20260715 04:53:41.262076 0x1fb6b2080 aether_sfm_c.cc:5309] [aether_sfm] host replay reusing stored pairs from /Users/kaidongwang/.config/superpowers/worktrees/pocketworld_research_benchmarks/pocketworld-repro-contract-20260714/experiments/multiview_site_matcher_2026-07-15/cap56_raynorm_tvg_consensus_3of3_20260715.db (matches=190, verified=188)
I20260715 04:53:41.304107 0x1fb6b2080 bundle_adjustment_ceres.cc:842] [AETHER] solver_used=DENSE_SCHUR sparse_backend=EIGEN_SPARSE dense_backend=EIGEN mixed=0 threads=1
I20260715 04:53:41.351950 0x1fb6b2080 bundle_adjustment_ceres.cc:842] [AETHER] solver_used=DENSE_SCHUR sparse_backend=EIGEN_SPARSE dense_backend=EIGEN mixed=0 threads=1
I20260715 04:53:41.388071 0x1fb6b2080 bundle_adjustment_ceres.cc:842] [AETHER] solver_used=DENSE_SCHUR sparse_backend=EIGEN_SPARSE dense_backend=EIGEN mixed=0 threads=1
I20260715 04:53:41.426793 0x1fb6b2080 bundle_adjustment_ceres.cc:842] [AETHER] solver_used=DENSE_SCHUR sparse_backend=EIGEN_SPARSE dense_backend=EIGEN mixed=0 threads=1
I20260715 04:53:41.483703 0x1fb6b2080 bundle_adjustment_ceres.cc:842] [AETHER] solver_used=DENSE_SCHUR sparse_backend=EIGEN_SPARSE dense_backend=EIGEN mixed=0 threads=1
I20260715 04:53:41.536783 0x1fb6b2080 bundle_adjustment_ceres.cc:842] [AETHER] solver_used=DENSE_SCHUR sparse_backend=EIGEN_SPARSE dense_backend=EIGEN mixed=0 threads=1
I20260715 04:53:41.592454 0x1fb6b2080 bundle_adjustment_ceres.cc:842] [AETHER] solver_used=DENSE_SCHUR sparse_backend=EIGEN_SPARSE dense_backend=EIGEN mixed=0 threads=1
I20260715 04:53:41.661773 0x1fb6b2080 bundle_adjustment_ceres.cc:842] [AETHER] solver_used=DENSE_SCHUR sparse_backend=EIGEN_SPARSE dense_backend=EIGEN mixed=0 threads=1
I20260715 04:53:41.733492 0x1fb6b2080 bundle_adjustment_ceres.cc:842] [AETHER] solver_used=DENSE_SCHUR sparse_backend=EIGEN_SPARSE dense_backend=EIGEN mixed=0 threads=1
I20260715 04:53:41.814800 0x1fb6b2080 bundle_adjustment_ceres.cc:842] [AETHER] solver_used=DENSE_SCHUR sparse_backend=EIGEN_SPARSE dense_backend=EIGEN mixed=0 threads=1
I20260715 04:53:41.898874 0x1fb6b2080 bundle_adjustment_ceres.cc:842] [AETHER] solver_used=DENSE_SCHUR sparse_backend=EIGEN_SPARSE dense_backend=EIGEN mixed=0 threads=1
I20260715 04:53:41.966704 0x1fb6b2080 bundle_adjustment_ceres.cc:842] [AETHER] solver_used=DENSE_SCHUR sparse_backend=EIGEN_SPARSE dense_backend=EIGEN mixed=0 threads=1
I20260715 04:53:42.037917 0x1fb6b2080 bundle_adjustment_ceres.cc:842] [AETHER] solver_used=DENSE_SCHUR sparse_backend=EIGEN_SPARSE dense_backend=EIGEN mixed=0 threads=1
I20260715 04:53:42.113091 0x1fb6b2080 bundle_adjustment_ceres.cc:842] [AETHER] solver_used=DENSE_SCHUR sparse_backend=EIGEN_SPARSE dense_backend=EIGEN mixed=0 threads=1
I20260715 04:53:42.179344 0x1fb6b2080 bundle_adjustment_ceres.cc:842] [AETHER] solver_used=DENSE_SCHUR sparse_backend=EIGEN_SPARSE dense_backend=EIGEN mixed=0 threads=1
I20260715 04:53:42.244199 0x1fb6b2080 bundle_adjustment_ceres.cc:842] [AETHER] solver_used=DENSE_SCHUR sparse_backend=EIGEN_SPARSE dense_backend=EIGEN mixed=0 threads=1
I20260715 04:53:42.317123 0x1fb6b2080 bundle_adjustment_ceres.cc:842] [AETHER] solver_used=DENSE_SCHUR sparse_backend=EIGEN_SPARSE dense_backend=EIGEN mixed=0 threads=1
I20260715 04:53:42.383433 0x1fb6b2080 bundle_adjustment_ceres.cc:842] [AETHER] solver_used=DENSE_SCHUR sparse_backend=EIGEN_SPARSE dense_backend=EIGEN mixed=0 threads=1
STREAMED fed=20 missing_pose=0 stream_ms=1134.0
FINALIZE_ASYNC phase1={"solve_ms":0.6,"n_models":1,"n_registered":20,"n_points3d":15818,"reproj_px":0.8238,"track_len":2.094,"phase1":"live_reuse"}
E20260715 04:53:42.388011 0x16b70b000 database_sqlite.cc:1313] SQLite error: constraint failed
E20260715 04:53:42.388106 0x16b70b000 database_sqlite.cc:74] SQLite error: constraint failed
W20260715 04:53:42.388122 0x16b70b000 aether_sfm_c.cc:1304] [aether_sfm] site-birth-owner topology aborted: [database_sqlite.cc:1313] SQLite error: constraint failed
I20260715 04:53:42.388255 0x16b70b000 database_cache.cc:72] Loading rigs...
I20260715 04:53:42.388264 0x16b70b000 database_cache.cc:82]  0 in 0.000s
I20260715 04:53:42.388269 0x16b70b000 database_cache.cc:90] Loading cameras...
I20260715 04:53:42.388278 0x16b70b000 database_cache.cc:108]  1 in 0.000s
I20260715 04:53:42.388282 0x16b70b000 database_cache.cc:116] Loading frames...
I20260715 04:53:42.388288 0x16b70b000 database_cache.cc:126]  0 in 0.000s
I20260715 04:53:42.388292 0x16b70b000 database_cache.cc:134] Loading matches...
I20260715 04:53:42.388560 0x16b70b000 database_cache.cc:139]  188 in 0.000s
I20260715 04:53:42.388568 0x16b70b000 database_cache.cc:147] Loading images...
I20260715 04:53:42.389787 0x16b70b000 database_cache.cc:236]  20 in 0.001s (loaded all 20)
I20260715 04:53:42.389793 0x16b70b000 database_cache.cc:255] Loading pose priors...
I20260715 04:53:42.389801 0x16b70b000 database_cache.cc:263]  0 in 0.000s
I20260715 04:53:42.389804 0x16b70b000 database_cache.cc:271] Building correspondence graph...
I20260715 04:53:42.394319 0x16b70b000 database_cache.cc:300]  in 0.005s (ignored 0)
E20260715 04:53:42.409995 0x16b70b000 database_sqlite.cc:73] 'sql_stmt' Must be non NULL
W20260715 04:53:42.410023 0x16b70b000 aether_sfm_c.cc:1304] [aether_sfm] site-birth-owner topology aborted: [database_sqlite.cc:73] 'sql_stmt' Must be non NULL
I20260715 04:53:42.411090 0x16b70b000 incremental_pipeline.cc:320] Loading database
I20260715 04:53:42.411111 0x16b70b000 database_cache.cc:72] Loading rigs...
I20260715 04:53:42.411117 0x16b70b000 database_cache.cc:82]  0 in 0.000s
I20260715 04:53:42.411121 0x16b70b000 database_cache.cc:90] Loading cameras...
I20260715 04:53:42.411129 0x16b70b000 database_cache.cc:108]  1 in 0.000s
I20260715 04:53:42.411133 0x16b70b000 database_cache.cc:116] Loading frames...
I20260715 04:53:42.411138 0x16b70b000 database_cache.cc:126]  0 in 0.000s
I20260715 04:53:42.411141 0x16b70b000 database_cache.cc:134] Loading matches...
I20260715 04:53:42.411449 0x16b70b000 database_cache.cc:139]  188 in 0.000s
I20260715 04:53:42.411453 0x16b70b000 database_cache.cc:147] Loading images...
I20260715 04:53:42.412641 0x16b70b000 database_cache.cc:236]  20 in 0.001s (loaded all 20)
I20260715 04:53:42.412646 0x16b70b000 database_cache.cc:255] Loading pose priors...
I20260715 04:53:42.412654 0x16b70b000 database_cache.cc:263]  0 in 0.000s
I20260715 04:53:42.412658 0x16b70b000 database_cache.cc:271] Building correspondence graph...
I20260715 04:53:42.417011 0x16b70b000 database_cache.cc:300]  in 0.004s (ignored 0)
I20260715 04:53:42.417016 0x16b70b000 timer.cc:90] Elapsed time: 0.000 [minutes]
I20260715 04:53:43.112136 0x16b70b000 bundle_adjustment_ceres.cc:842] [AETHER] solver_used=DENSE_SCHUR sparse_backend=EIGEN_SPARSE dense_backend=EIGEN mixed=0 threads=6
I20260715 04:53:43.804111 0x16b70b000 bundle_adjustment_ceres.cc:842] [AETHER] solver_used=DENSE_SCHUR sparse_backend=EIGEN_SPARSE dense_backend=EIGEN mixed=0 threads=6
I20260715 04:53:44.467143 0x16b70b000 bundle_adjustment_ceres.cc:842] [AETHER] solver_used=DENSE_SCHUR sparse_backend=EIGEN_SPARSE dense_backend=EIGEN mixed=0 threads=6
I20260715 04:53:45.010589 0x16b70b000 bundle_adjustment_ceres.cc:842] [AETHER] solver_used=DENSE_SCHUR sparse_backend=EIGEN_SPARSE dense_backend=EIGEN mixed=0 threads=6
I20260715 04:53:45.439138 0x16b70b000 bundle_adjustment_ceres.cc:842] [AETHER] solver_used=DENSE_SCHUR sparse_backend=EIGEN_SPARSE dense_backend=EIGEN mixed=0 threads=6
W20260715 04:53:45.458409 0x16b70b000 aether_sfm_c.cc:4824] [aether_sfm] finalize worker: cache_pre=6ms enrich=7ms stage1=15ms (ok, rounds=0) stage2=3040ms (rounds<=5) temporal=7ms upgrade=0ms total=3070ms
REFINED finalize_ms=3108.3
RESULT incr=off n_reg=20 n_points=14799 track3plus=4137 n_obs=39462 mean_reproj_px=1.0695 stream_ms=1134.0 finalize_ms=3108.3 total_ms=4242.4
        5.30 real         9.71 user         3.82 sys
           117555200  maximum resident set size
                   0  average shared memory size
                   0  average unshared data size
                   0  average unshared stack size
                8394  page reclaims
                 214  page faults
                   0  swaps
                   0  block input operations
                   0  block output operations
                   0  messages sent
                   0  messages received
                   0  signals received
                 492  voluntary context switches
              817236  involuntary context switches
        113572401527  instructions retired
         46456983681  cycles elapsed
           107037152  peak memory footprint
