[DawnKernelHarness] limits: invocations/wg=512 wgSizeX=512 storageBufs=10 maxBuffer=1073741824 maxStorageBinding=1073741824 (adapter: 1024 1024 10 4294967295 4294967295)
[pwofficial_gpu_match_dawn] backend=blocked(fma4x4+direct+w64+nopb+f16+keyscan3+ptr+kp,V8) adapter="Apple M3 Pro" subgroups=1 sgmatrix=1 f32_8x8x8=1 f16_f32=1 mixed=0 subgroup=[4,64] packed_dot=1 timestamp=1 limits[storage=32768 invocations=1024 sizeX=1024]
WARNING: Logging before InitGoogleLogging() is written to STDERR
I20260925 12:44:47.216636 0x1fecf6080 database_cache.cc:72] Loading rigs...
I20260925 12:44:47.216679 0x1fecf6080 database_cache.cc:82]  0 in 0.000s
I20260925 12:44:47.216688 0x1fecf6080 database_cache.cc:90] Loading cameras...
I20260925 12:44:47.216703 0x1fecf6080 database_cache.cc:108]  2 in 0.000s
I20260925 12:44:47.216710 0x1fecf6080 database_cache.cc:116] Loading frames...
I20260925 12:44:47.216720 0x1fecf6080 database_cache.cc:126]  0 in 0.000s
I20260925 12:44:47.216724 0x1fecf6080 database_cache.cc:134] Loading matches...
I20260925 12:44:47.216740 0x1fecf6080 database_cache.cc:139]  1 in 0.000s
I20260925 12:44:47.216745 0x1fecf6080 database_cache.cc:147] Loading images...
I20260925 12:44:47.216939 0x1fecf6080 database_cache.cc:236]  2 in 0.000s (loaded all 2)
I20260925 12:44:47.216946 0x1fecf6080 database_cache.cc:255] Loading pose priors...
I20260925 12:44:47.216953 0x1fecf6080 database_cache.cc:263]  0 in 0.000s
I20260925 12:44:47.216957 0x1fecf6080 database_cache.cc:271] Building correspondence graph...
I20260925 12:44:47.217120 0x1fecf6080 database_cache.cc:300]  in 0.000s (ignored 0)
I20260925 12:44:47.312927 0x1fecf6080 official_bundle_adjustment_ceres.cc:1648] [AETHER gravity] injected 3/3 roll/pitch anchors, sigma_rad=0.00872665
[AETHER BA-ORDERING] blocks=1999 pts(g0)=1990 cams(g1)=3 g1_all_pose=1 proven=1
I20260925 12:44:47.351627 0x1fecf6080 official_bundle_adjustment_ceres.cc:1137] [AETHER] solver_used=DENSE_SCHUR sparse_backend=EIGEN_SPARSE dense_backend=EIGEN mixed=0 threads=6
I20260925 12:44:47.353688 0x1fecf6080 official_bundle_adjustment_ceres.cc:1648] [AETHER gravity] injected 3/3 roll/pitch anchors, sigma_rad=0.00872665
[AETHER BA-ORDERING] blocks=1991 pts(g0)=1982 cams(g1)=3 g1_all_pose=1 proven=1
I20260925 12:44:47.359529 0x1fecf6080 official_bundle_adjustment_ceres.cc:1137] [AETHER] solver_used=DENSE_SCHUR sparse_backend=EIGEN_SPARSE dense_backend=EIGEN mixed=0 threads=6
I20260925 12:44:47.463801 0x1fecf6080 official_bundle_adjustment_ceres.cc:1648] [AETHER gravity] injected 4/4 roll/pitch anchors, sigma_rad=0.00872665
[AETHER BA-ORDERING] blocks=2489 pts(g0)=2478 cams(g1)=4 g1_all_pose=1 proven=1
I20260925 12:44:47.509948 0x1fecf6080 official_bundle_adjustment_ceres.cc:1137] [AETHER] solver_used=DENSE_SCHUR sparse_backend=EIGEN_SPARSE dense_backend=EIGEN mixed=0 threads=6
I20260925 12:44:47.513186 0x1fecf6080 official_bundle_adjustment_ceres.cc:1648] [AETHER gravity] injected 4/4 roll/pitch anchors, sigma_rad=0.00872665
I20260925 12:44:47.533220 0x1fecf6080 official_bundle_adjustment_ceres.cc:1137] [AETHER] solver_used=DENSE_SCHUR sparse_backend=EIGEN_SPARSE dense_backend=EIGEN mixed=0 threads=6
I20260925 12:44:47.650625 0x1fecf6080 official_bundle_adjustment_ceres.cc:1648] [AETHER gravity] injected 5/5 roll/pitch anchors, sigma_rad=0.00872665
I20260925 12:44:47.714347 0x1fecf6080 official_bundle_adjustment_ceres.cc:1137] [AETHER] solver_used=DENSE_SCHUR sparse_backend=EIGEN_SPARSE dense_backend=EIGEN mixed=0 threads=6
I20260925 12:44:47.718466 0x1fecf6080 official_bundle_adjustment_ceres.cc:1648] [AETHER gravity] injected 5/5 roll/pitch anchors, sigma_rad=0.00872665
I20260925 12:44:47.752103 0x1fecf6080 official_bundle_adjustment_ceres.cc:1137] [AETHER] solver_used=DENSE_SCHUR sparse_backend=EIGEN_SPARSE dense_backend=EIGEN mixed=0 threads=6
I20260925 12:44:47.891185 0x1fecf6080 official_bundle_adjustment_ceres.cc:1648] [AETHER gravity] injected 5/5 roll/pitch anchors, sigma_rad=0.00872665
I20260925 12:44:47.932228 0x1fecf6080 official_bundle_adjustment_ceres.cc:1137] [AETHER] solver_used=DENSE_SCHUR sparse_backend=EIGEN_SPARSE dense_backend=EIGEN mixed=0 threads=6
I20260925 12:44:47.937221 0x1fecf6080 official_bundle_adjustment_ceres.cc:1648] [AETHER gravity] injected 5/5 roll/pitch anchors, sigma_rad=0.00872665
I20260925 12:44:47.947847 0x1fecf6080 official_bundle_adjustment_ceres.cc:1137] [AETHER] solver_used=DENSE_SCHUR sparse_backend=EIGEN_SPARSE dense_backend=EIGEN mixed=0 threads=6
I20260925 12:44:48.070279 0x1fecf6080 official_bundle_adjustment_ceres.cc:1648] [AETHER gravity] injected 6/6 roll/pitch anchors, sigma_rad=0.00872665
I20260925 12:44:48.147062 0x1fecf6080 official_bundle_adjustment_ceres.cc:1137] [AETHER] solver_used=DENSE_SCHUR sparse_backend=EIGEN_SPARSE dense_backend=EIGEN mixed=0 threads=6
I20260925 12:44:48.153358 0x1fecf6080 official_bundle_adjustment_ceres.cc:1648] [AETHER gravity] injected 6/6 roll/pitch anchors, sigma_rad=0.00872665
I20260925 12:44:48.169778 0x1fecf6080 official_bundle_adjustment_ceres.cc:1137] [AETHER] solver_used=DENSE_SCHUR sparse_backend=EIGEN_SPARSE dense_backend=EIGEN mixed=0 threads=6
I20260925 12:44:48.313000 0x1fecf6080 official_bundle_adjustment_ceres.cc:1648] [AETHER gravity] injected 5/5 roll/pitch anchors, sigma_rad=0.00872665
I20260925 12:44:48.389741 0x1fecf6080 official_bundle_adjustment_ceres.cc:1137] [AETHER] solver_used=DENSE_SCHUR sparse_backend=EIGEN_SPARSE dense_backend=EIGEN mixed=0 threads=6
I20260925 12:44:48.394827 0x1fecf6080 official_bundle_adjustment_ceres.cc:1648] [AETHER gravity] injected 5/5 roll/pitch anchors, sigma_rad=0.00872665
I20260925 12:44:48.404877 0x1fecf6080 official_bundle_adjustment_ceres.cc:1137] [AETHER] solver_used=DENSE_SCHUR sparse_backend=EIGEN_SPARSE dense_backend=EIGEN mixed=0 threads=6
I20260925 12:44:48.516822 0x1fecf6080 official_bundle_adjustment_ceres.cc:1648] [AETHER gravity] injected 6/6 roll/pitch anchors, sigma_rad=0.00872665
I20260925 12:44:48.590417 0x1fecf6080 official_bundle_adjustment_ceres.cc:1137] [AETHER] solver_used=DENSE_SCHUR sparse_backend=EIGEN_SPARSE dense_backend=EIGEN mixed=0 threads=6
I20260925 12:44:48.595988 0x1fecf6080 official_bundle_adjustment_ceres.cc:1648] [AETHER gravity] injected 6/6 roll/pitch anchors, sigma_rad=0.00872665
I20260925 12:44:48.614831 0x1fecf6080 official_bundle_adjustment_ceres.cc:1137] [AETHER] solver_used=DENSE_SCHUR sparse_backend=EIGEN_SPARSE dense_backend=EIGEN mixed=0 threads=6
I20260925 12:44:48.743292 0x1fecf6080 official_bundle_adjustment_ceres.cc:1648] [AETHER gravity] injected 6/6 roll/pitch anchors, sigma_rad=0.00872665
I20260925 12:44:48.818958 0x1fecf6080 official_bundle_adjustment_ceres.cc:1137] [AETHER] solver_used=DENSE_SCHUR sparse_backend=EIGEN_SPARSE dense_backend=EIGEN mixed=0 threads=6
I20260925 12:44:48.825556 0x1fecf6080 official_bundle_adjustment_ceres.cc:1648] [AETHER gravity] injected 6/6 roll/pitch anchors, sigma_rad=0.00872665
I20260925 12:44:48.843136 0x1fecf6080 official_bundle_adjustment_ceres.cc:1137] [AETHER] solver_used=DENSE_SCHUR sparse_backend=EIGEN_SPARSE dense_backend=EIGEN mixed=0 threads=6
I20260925 12:44:48.908606 0x1fecf6080 official_bundle_adjustment_ceres.cc:1648] [AETHER gravity] injected 6/6 roll/pitch anchors, sigma_rad=0.00872665
I20260925 12:44:48.980610 0x1fecf6080 official_bundle_adjustment_ceres.cc:1137] [AETHER] solver_used=DENSE_SCHUR sparse_backend=EIGEN_SPARSE dense_backend=EIGEN mixed=0 threads=6
I20260925 12:44:48.986264 0x1fecf6080 official_bundle_adjustment_ceres.cc:1648] [AETHER gravity] injected 6/6 roll/pitch anchors, sigma_rad=0.00872665
I20260925 12:44:48.997796 0x1fecf6080 official_bundle_adjustment_ceres.cc:1137] [AETHER] solver_used=DENSE_SCHUR sparse_backend=EIGEN_SPARSE dense_backend=EIGEN mixed=0 threads=6
I20260925 12:44:49.142083 0x1fecf6080 official_bundle_adjustment_ceres.cc:1648] [AETHER gravity] injected 6/6 roll/pitch anchors, sigma_rad=0.00872665
I20260925 12:44:49.209718 0x1fecf6080 official_bundle_adjustment_ceres.cc:1137] [AETHER] solver_used=DENSE_SCHUR sparse_backend=EIGEN_SPARSE dense_backend=EIGEN mixed=0 threads=6
I20260925 12:44:49.216108 0x1fecf6080 official_bundle_adjustment_ceres.cc:1648] [AETHER gravity] injected 6/6 roll/pitch anchors, sigma_rad=0.00872665
I20260925 12:44:49.224923 0x1fecf6080 official_bundle_adjustment_ceres.cc:1137] [AETHER] solver_used=DENSE_SCHUR sparse_backend=EIGEN_SPARSE dense_backend=EIGEN mixed=0 threads=6
I20260925 12:44:49.371843 0x1fecf6080 official_bundle_adjustment_ceres.cc:1648] [AETHER gravity] injected 6/6 roll/pitch anchors, sigma_rad=0.00872665
I20260925 12:44:49.448790 0x1fecf6080 official_bundle_adjustment_ceres.cc:1137] [AETHER] solver_used=DENSE_SCHUR sparse_backend=EIGEN_SPARSE dense_backend=EIGEN mixed=0 threads=6
I20260925 12:44:49.455487 0x1fecf6080 official_bundle_adjustment_ceres.cc:1648] [AETHER gravity] injected 6/6 roll/pitch anchors, sigma_rad=0.00872665
I20260925 12:44:49.468295 0x1fecf6080 official_bundle_adjustment_ceres.cc:1137] [AETHER] solver_used=DENSE_SCHUR sparse_backend=EIGEN_SPARSE dense_backend=EIGEN mixed=0 threads=6
I20260925 12:44:49.624509 0x1fecf6080 official_bundle_adjustment_ceres.cc:1648] [AETHER gravity] injected 6/6 roll/pitch anchors, sigma_rad=0.00872665
I20260925 12:44:49.683100 0x1fecf6080 official_bundle_adjustment_ceres.cc:1137] [AETHER] solver_used=DENSE_SCHUR sparse_backend=EIGEN_SPARSE dense_backend=EIGEN mixed=0 threads=6
I20260925 12:44:49.688550 0x1fecf6080 official_bundle_adjustment_ceres.cc:1648] [AETHER gravity] injected 6/6 roll/pitch anchors, sigma_rad=0.00872665
I20260925 12:44:49.696147 0x1fecf6080 official_bundle_adjustment_ceres.cc:1137] [AETHER] solver_used=DENSE_SCHUR sparse_backend=EIGEN_SPARSE dense_backend=EIGEN mixed=0 threads=6
I20260925 12:44:49.884149 0x1fecf6080 official_bundle_adjustment_ceres.cc:1648] [AETHER gravity] injected 4/4 roll/pitch anchors, sigma_rad=0.00872665
I20260925 12:44:49.894662 0x1fecf6080 official_bundle_adjustment_ceres.cc:1137] [AETHER] solver_used=DENSE_SCHUR sparse_backend=EIGEN_SPARSE dense_backend=EIGEN mixed=0 threads=6
I20260925 12:44:49.898961 0x1fecf6080 official_bundle_adjustment_ceres.cc:1648] [AETHER gravity] injected 5/5 roll/pitch anchors, sigma_rad=0.00872665
I20260925 12:44:49.904635 0x1fecf6080 official_bundle_adjustment_ceres.cc:1137] [AETHER] solver_used=DENSE_SCHUR sparse_backend=EIGEN_SPARSE dense_backend=EIGEN mixed=0 threads=6
I20260925 12:44:50.053001 0x1fecf6080 official_bundle_adjustment_ceres.cc:1648] [AETHER gravity] injected 6/6 roll/pitch anchors, sigma_rad=0.00872665
I20260925 12:44:50.097264 0x1fecf6080 official_bundle_adjustment_ceres.cc:1137] [AETHER] solver_used=DENSE_SCHUR sparse_backend=EIGEN_SPARSE dense_backend=EIGEN mixed=0 threads=6
I20260925 12:44:50.103762 0x1fecf6080 official_bundle_adjustment_ceres.cc:1648] [AETHER gravity] injected 6/6 roll/pitch anchors, sigma_rad=0.00872665
I20260925 12:44:50.123565 0x1fecf6080 official_bundle_adjustment_ceres.cc:1137] [AETHER] solver_used=DENSE_SCHUR sparse_backend=EIGEN_SPARSE dense_backend=EIGEN mixed=0 threads=6
I20260925 12:44:50.210166 0x1fecf6080 official_bundle_adjustment_ceres.cc:1648] [AETHER gravity] injected 4/4 roll/pitch anchors, sigma_rad=0.00872665
I20260925 12:44:50.236868 0x1fecf6080 official_bundle_adjustment_ceres.cc:1137] [AETHER] solver_used=DENSE_SCHUR sparse_backend=EIGEN_SPARSE dense_backend=EIGEN mixed=0 threads=6
I20260925 12:44:50.241524 0x1fecf6080 official_bundle_adjustment_ceres.cc:1648] [AETHER gravity] injected 6/6 roll/pitch anchors, sigma_rad=0.00872665
I20260925 12:44:50.250617 0x1fecf6080 official_bundle_adjustment_ceres.cc:1137] [AETHER] solver_used=DENSE_SCHUR sparse_backend=EIGEN_SPARSE dense_backend=EIGEN mixed=0 threads=6
I20260925 12:44:50.369008 0x1fecf6080 official_bundle_adjustment_ceres.cc:1648] [AETHER gravity] injected 6/6 roll/pitch anchors, sigma_rad=0.00872665
I20260925 12:44:50.413952 0x1fecf6080 official_bundle_adjustment_ceres.cc:1137] [AETHER] solver_used=DENSE_SCHUR sparse_backend=EIGEN_SPARSE dense_backend=EIGEN mixed=0 threads=6
I20260925 12:44:50.422592 0x1fecf6080 official_bundle_adjustment_ceres.cc:1648] [AETHER gravity] injected 6/6 roll/pitch anchors, sigma_rad=0.00872665
I20260925 12:44:50.432930 0x1fecf6080 official_bundle_adjustment_ceres.cc:1137] [AETHER] solver_used=DENSE_SCHUR sparse_backend=EIGEN_SPARSE dense_backend=EIGEN mixed=0 threads=6
I20260925 12:44:50.546295 0x1fecf6080 official_bundle_adjustment_ceres.cc:1648] [AETHER gravity] injected 4/4 roll/pitch anchors, sigma_rad=0.00872665
I20260925 12:44:50.576521 0x1fecf6080 official_bundle_adjustment_ceres.cc:1137] [AETHER] solver_used=DENSE_SCHUR sparse_backend=EIGEN_SPARSE dense_backend=EIGEN mixed=0 threads=6
I20260925 12:44:50.582616 0x1fecf6080 official_bundle_adjustment_ceres.cc:1648] [AETHER gravity] injected 6/6 roll/pitch anchors, sigma_rad=0.00872665
I20260925 12:44:50.594079 0x1fecf6080 official_bundle_adjustment_ceres.cc:1137] [AETHER] solver_used=DENSE_SCHUR sparse_backend=EIGEN_SPARSE dense_backend=EIGEN mixed=0 threads=6
I20260925 12:44:50.599839 0x16b0f3000 database_cache.cc:72] Loading rigs...
I20260925 12:44:50.599856 0x16b0f3000 database_cache.cc:82]  0 in 0.000s
I20260925 12:44:50.599862 0x16b0f3000 database_cache.cc:90] Loading cameras...
I20260925 12:44:50.599879 0x16b0f3000 database_cache.cc:108]  20 in 0.000s
I20260925 12:44:50.599885 0x16b0f3000 database_cache.cc:116] Loading frames...
I20260925 12:44:50.599892 0x16b0f3000 database_cache.cc:126]  0 in 0.000s
I20260925 12:44:50.599896 0x16b0f3000 database_cache.cc:134] Loading matches...
I20260925 12:44:50.600034 0x16b0f3000 database_cache.cc:139]  88 in 0.000s
I20260925 12:44:50.600038 0x16b0f3000 database_cache.cc:147] Loading images...
I20260925 12:44:50.601486 0x16b0f3000 database_cache.cc:236]  20 in 0.001s (loaded all 20)
I20260925 12:44:50.601492 0x16b0f3000 database_cache.cc:255] Loading pose priors...
I20260925 12:44:50.601500 0x16b0f3000 database_cache.cc:263]  0 in 0.000s
I20260925 12:44:50.601504 0x16b0f3000 database_cache.cc:271] Building correspondence graph...
I20260925 12:44:50.603883 0x16b0f3000 database_cache.cc:300]  in 0.002s (ignored 0)
I20260925 12:44:50.618721 0x16b0f3000 official_bundle_adjustment_ceres.cc:1648] [AETHER gravity] injected 19/20 roll/pitch anchors, sigma_rad=0.00872665
W20260925 12:44:50.813197 0x16b17f000 official_aether_sfm_c.cc:6907] [aether_sfm] finalize re-match: starved_frames=3 candidates=42 attempted=42 written=0 inliers=0 failed=0 gpu_fail_capture=0 probe_debt_repaid=0 probe_debt_left=0
I20260925 12:44:50.906452 0x16b0f3000 official_bundle_adjustment_ceres.cc:1137] [AETHER] solver_used=DENSE_SCHUR sparse_backend=EIGEN_SPARSE dense_backend=EIGEN mixed=0 threads=6
I20260925 12:44:50.922815 0x16b0f3000 official_bundle_adjustment_ceres.cc:1648] [AETHER gravity] injected 19/20 roll/pitch anchors, sigma_rad=0.00872665
W20260925 12:44:50.978291 0x16b17f000 official_aether_sfm_c.cc:7348] [aether_sfm] official quadratic overlap: overlap=10 candidates=33 written=0 in 164.93 ms
I20260925 12:44:51.165576 0x16b0f3000 official_bundle_adjustment_ceres.cc:1137] [AETHER] solver_used=DENSE_SCHUR sparse_backend=EIGEN_SPARSE dense_backend=EIGEN mixed=0 threads=6
I20260925 12:44:51.174310 0x16b0f3000 official_incremental_pipeline.cc:323] Loading database
I20260925 12:44:51.174342 0x16b0f3000 database_cache.cc:72] Loading rigs...
I20260925 12:44:51.174350 0x16b0f3000 database_cache.cc:82]  0 in 0.000s
I20260925 12:44:51.174355 0x16b0f3000 database_cache.cc:90] Loading cameras...
I20260925 12:44:51.174368 0x16b0f3000 database_cache.cc:108]  20 in 0.000s
I20260925 12:44:51.174372 0x16b0f3000 database_cache.cc:116] Loading frames...
I20260925 12:44:51.174378 0x16b0f3000 database_cache.cc:126]  0 in 0.000s
I20260925 12:44:51.174382 0x16b0f3000 database_cache.cc:134] Loading matches...
I20260925 12:44:51.174532 0x16b0f3000 database_cache.cc:139]  88 in 0.000s
I20260925 12:44:51.174536 0x16b0f3000 database_cache.cc:147] Loading images...
I20260925 12:44:51.175992 0x16b0f3000 database_cache.cc:236]  20 in 0.001s (loaded all 20)
I20260925 12:44:51.176000 0x16b0f3000 database_cache.cc:255] Loading pose priors...
I20260925 12:44:51.176009 0x16b0f3000 database_cache.cc:263]  0 in 0.000s
I20260925 12:44:51.176016 0x16b0f3000 database_cache.cc:271] Building correspondence graph...
I20260925 12:44:51.178108 0x16b0f3000 database_cache.cc:300]  in 0.002s (ignored 0)
I20260925 12:44:51.178119 0x16b0f3000 timer.cc:90] Elapsed time: 0.000 [minutes]
I20260925 12:44:51.191215 0x16b0f3000 official_bundle_adjustment_ceres.cc:1648] [AETHER gravity] injected 19/20 roll/pitch anchors, sigma_rad=0.00872665
I20260925 12:44:51.403005 0x16b0f3000 official_bundle_adjustment_ceres.cc:1137] [AETHER] solver_used=DENSE_SCHUR sparse_backend=EIGEN_SPARSE dense_backend=EIGEN mixed=0 threads=6
I20260925 12:44:51.418020 0x16b0f3000 official_bundle_adjustment_ceres.cc:1648] [AETHER gravity] injected 19/20 roll/pitch anchors, sigma_rad=0.00872665
I20260925 12:44:51.552783 0x16b0f3000 official_bundle_adjustment_ceres.cc:1137] [AETHER] solver_used=DENSE_SCHUR sparse_backend=EIGEN_SPARSE dense_backend=EIGEN mixed=0 threads=6
I20260925 12:44:51.568156 0x16b0f3000 official_bundle_adjustment_ceres.cc:1648] [AETHER gravity] injected 19/20 roll/pitch anchors, sigma_rad=0.00872665
I20260925 12:44:51.627574 0x16b0f3000 official_bundle_adjustment_ceres.cc:1137] [AETHER] solver_used=DENSE_SCHUR sparse_backend=EIGEN_SPARSE dense_backend=EIGEN mixed=0 threads=6
W20260925 12:44:51.635117 0x16b0f3000 official_aether_sfm_c.cc:9530] [frame-loss] before=20 after=20 lost_zero_obs=0 lost_with_obs=0 |
W20260925 12:44:51.635696 0x16b0f3000 official_aether_sfm_c.cc:9614] [aether_sfm] finalize worker: cache_pre=4ms enrich=377ms stage1=568ms (ok, rounds=2) stage2=462ms (rounds<=3) temporal=0ms upgrade=0ms total=1036ms
W20260925 12:44:51.635946 0x16b0f3000 official_aether_sfm_c.cc:9643] [aether_sfm] delivered-point provenance: live-created=11005 official-retriangulated=699 live-dropped-by-official-filtering=1789 (live model had 12794; capture-time official TriangulateImage added 0 obs)
W20260925 12:44:51.636084 0x16b0f3000 official_aether_sfm_c.cc:8066] [device-align-v1] status=aligned pairs=20 inliers=20 max_error_m=0.111819 scale=1.03306 centre_err_median_m=0.0175152 centre_err_max_m=0.0475623 outliers=0
W20260925 12:44:51.672635 0x1fecf6080 official_aether_sfm_c.cc:13097] [aether_sfm] deliver-filter(get_points_tracked): kept 11640/11704 (min_tri_angle=3deg, mirror_ghost=0, isolated_floater=25, killed_union=25)
[pwofficial_gpu_match_dawn] device lost #1 reason=2 rc=8: Device was destroyed.
        4.68 real         5.22 user         4.33 sys
           191135744  maximum resident set size
                   0  average shared memory size
                   0  average unshared data size
                   0  average unshared stack size
               49045  page reclaims
                  20  page faults
                   0  swaps
                   0  block input operations
                   0  block output operations
                   0  messages sent
                   0  messages received
                   0  signals received
                  64  voluntary context switches
              858158  involuntary context switches
         74264499251  instructions retired
         33210382797  cycles elapsed
           427262672  peak memory footprint
