REPLAY src_db=/Users/kaidongwang/.config/superpowers/worktrees/pocketworld_research_benchmarks/pocketworld-repro-contract-20260714/experiments/multiview_site_matcher_2026-07-15/cap56_input_snapshot_20260715.db pair_db=/Users/kaidongwang/.config/superpowers/worktrees/pocketworld_research_benchmarks/pocketworld-repro-contract-20260714/experiments/multiview_site_matcher_2026-07-15/cap56_original_regeom_seed0_20260715.db poses=/tmp/pocketworld_cap56_reconcile_20260714/sfm_fed_frames.jsonl intrinsics=/Users/kaidongwang/.config/superpowers/worktrees/pocketworld_research_benchmarks/pocketworld-repro-contract-20260714/experiments/multiview_site_matcher_2026-07-15/cap56_intrinsics_fxfycxcy.tsv out=aether_cpp/third_party/glomap_vendor/bench_runs/cap56_cpp_postgeom_site_ab_20260715/raynorm_postgeom k=12 max_frames=0 AETHER_INCREMENTAL_GLOBAL_BA=(unset)
SOURCE n_images=20 n_poses=20 n_intrinsics=20
STORED_PAIRS matches=190 nonempty_matches=190 two_view=188 nonempty_two_view=188 geometry_missing=2 geometry_only=0
W20260715 09:16:40.857419 0x1fb6b2080 aether_sfm_c.cc:5945] [aether_sfm] host replay reusing stored pairs from /Users/kaidongwang/.config/superpowers/worktrees/pocketworld_research_benchmarks/pocketworld-repro-contract-20260714/experiments/multiview_site_matcher_2026-07-15/cap56_original_regeom_seed0_20260715.db (matches=190, verified=188)
I20260715 09:16:40.884915 0x1fb6b2080 bundle_adjustment_ceres.cc:990] [AETHER] solver_used=DENSE_SCHUR sparse_backend=EIGEN_SPARSE dense_backend=EIGEN mixed=0 threads=1
I20260715 09:16:40.933449 0x1fb6b2080 bundle_adjustment_ceres.cc:990] [AETHER] solver_used=DENSE_SCHUR sparse_backend=EIGEN_SPARSE dense_backend=EIGEN mixed=0 threads=1
I20260715 09:16:40.969907 0x1fb6b2080 bundle_adjustment_ceres.cc:990] [AETHER] solver_used=DENSE_SCHUR sparse_backend=EIGEN_SPARSE dense_backend=EIGEN mixed=0 threads=1
I20260715 09:16:41.007614 0x1fb6b2080 bundle_adjustment_ceres.cc:990] [AETHER] solver_used=DENSE_SCHUR sparse_backend=EIGEN_SPARSE dense_backend=EIGEN mixed=0 threads=1
I20260715 09:16:41.068704 0x1fb6b2080 bundle_adjustment_ceres.cc:990] [AETHER] solver_used=DENSE_SCHUR sparse_backend=EIGEN_SPARSE dense_backend=EIGEN mixed=0 threads=1
I20260715 09:16:41.124155 0x1fb6b2080 bundle_adjustment_ceres.cc:990] [AETHER] solver_used=DENSE_SCHUR sparse_backend=EIGEN_SPARSE dense_backend=EIGEN mixed=0 threads=1
I20260715 09:16:41.186888 0x1fb6b2080 bundle_adjustment_ceres.cc:990] [AETHER] solver_used=DENSE_SCHUR sparse_backend=EIGEN_SPARSE dense_backend=EIGEN mixed=0 threads=1
I20260715 09:16:41.266517 0x1fb6b2080 bundle_adjustment_ceres.cc:990] [AETHER] solver_used=DENSE_SCHUR sparse_backend=EIGEN_SPARSE dense_backend=EIGEN mixed=0 threads=1
I20260715 09:16:41.345668 0x1fb6b2080 bundle_adjustment_ceres.cc:990] [AETHER] solver_used=DENSE_SCHUR sparse_backend=EIGEN_SPARSE dense_backend=EIGEN mixed=0 threads=1
I20260715 09:16:41.434704 0x1fb6b2080 bundle_adjustment_ceres.cc:990] [AETHER] solver_used=DENSE_SCHUR sparse_backend=EIGEN_SPARSE dense_backend=EIGEN mixed=0 threads=1
I20260715 09:16:41.542806 0x1fb6b2080 bundle_adjustment_ceres.cc:990] [AETHER] solver_used=DENSE_SCHUR sparse_backend=EIGEN_SPARSE dense_backend=EIGEN mixed=0 threads=1
I20260715 09:16:41.615190 0x1fb6b2080 bundle_adjustment_ceres.cc:990] [AETHER] solver_used=DENSE_SCHUR sparse_backend=EIGEN_SPARSE dense_backend=EIGEN mixed=0 threads=1
I20260715 09:16:41.699848 0x1fb6b2080 bundle_adjustment_ceres.cc:990] [AETHER] solver_used=DENSE_SCHUR sparse_backend=EIGEN_SPARSE dense_backend=EIGEN mixed=0 threads=1
I20260715 09:16:41.781709 0x1fb6b2080 bundle_adjustment_ceres.cc:990] [AETHER] solver_used=DENSE_SCHUR sparse_backend=EIGEN_SPARSE dense_backend=EIGEN mixed=0 threads=1
I20260715 09:16:41.848402 0x1fb6b2080 bundle_adjustment_ceres.cc:990] [AETHER] solver_used=DENSE_SCHUR sparse_backend=EIGEN_SPARSE dense_backend=EIGEN mixed=0 threads=1
I20260715 09:16:41.916996 0x1fb6b2080 bundle_adjustment_ceres.cc:990] [AETHER] solver_used=DENSE_SCHUR sparse_backend=EIGEN_SPARSE dense_backend=EIGEN mixed=0 threads=1
I20260715 09:16:41.995236 0x1fb6b2080 bundle_adjustment_ceres.cc:990] [AETHER] solver_used=DENSE_SCHUR sparse_backend=EIGEN_SPARSE dense_backend=EIGEN mixed=0 threads=1
I20260715 09:16:42.072079 0x1fb6b2080 bundle_adjustment_ceres.cc:990] [AETHER] solver_used=DENSE_SCHUR sparse_backend=EIGEN_SPARSE dense_backend=EIGEN mixed=0 threads=1
STREAMED fed=20 missing_pose=0 stream_ms=1222.7
FINALIZE_ASYNC phase1={"solve_ms":0.9,"n_models":1,"n_registered":20,"n_points3d":15827,"reproj_px":0.8197,"track_len":2.099,"phase1":"live_reuse"}
W20260715 09:16:42.153546 0x16b9f3000 aether_sfm_c.cc:1901] [aether_sfm] postgeom-site-assignment topology phase=pre_stage1 updated_rows=162 rejected_rows=0 input_inliers=138353 unique_edges=127362 assigned_inliers=127226 max_component=2
I20260715 09:16:42.157307 0x16b9f3000 database_cache.cc:72] Loading rigs...
I20260715 09:16:42.157317 0x16b9f3000 database_cache.cc:82]  0 in 0.000s
I20260715 09:16:42.157322 0x16b9f3000 database_cache.cc:90] Loading cameras...
I20260715 09:16:42.157332 0x16b9f3000 database_cache.cc:108]  1 in 0.000s
I20260715 09:16:42.157335 0x16b9f3000 database_cache.cc:116] Loading frames...
I20260715 09:16:42.157340 0x16b9f3000 database_cache.cc:126]  0 in 0.000s
I20260715 09:16:42.157342 0x16b9f3000 database_cache.cc:134] Loading matches...
I20260715 09:16:42.157506 0x16b9f3000 database_cache.cc:139]  162 in 0.000s
I20260715 09:16:42.157509 0x16b9f3000 database_cache.cc:147] Loading images...
I20260715 09:16:42.158825 0x16b9f3000 database_cache.cc:236]  20 in 0.001s (loaded all 20)
I20260715 09:16:42.158831 0x16b9f3000 database_cache.cc:255] Loading pose priors...
I20260715 09:16:42.158839 0x16b9f3000 database_cache.cc:263]  0 in 0.000s
I20260715 09:16:42.158841 0x16b9f3000 database_cache.cc:271] Building correspondence graph...
I20260715 09:16:42.163768 0x16b9f3000 database_cache.cc:300]  in 0.005s (ignored 0)
I20260715 09:16:42.164634 0x16ba7f000 sift.cc:1565] Creating SIFT CPU feature matcher
I20260715 09:16:42.858171 0x16b9f3000 bundle_adjustment_ceres.cc:990] [AETHER] solver_used=DENSE_SCHUR sparse_backend=EIGEN_SPARSE dense_backend=EIGEN mixed=0 threads=3
I20260715 09:16:43.524993 0x16b9f3000 bundle_adjustment_ceres.cc:990] [AETHER] solver_used=DENSE_SCHUR sparse_backend=EIGEN_SPARSE dense_backend=EIGEN mixed=0 threads=3
I20260715 09:16:44.192398 0x16b9f3000 bundle_adjustment_ceres.cc:990] [AETHER] solver_used=DENSE_SCHUR sparse_backend=EIGEN_SPARSE dense_backend=EIGEN mixed=0 threads=3
I20260715 09:16:44.672779 0x16b9f3000 bundle_adjustment_ceres.cc:990] [AETHER] solver_used=DENSE_SCHUR sparse_backend=EIGEN_SPARSE dense_backend=EIGEN mixed=0 threads=3
I20260715 09:16:45.072381 0x16b9f3000 bundle_adjustment_ceres.cc:990] [AETHER] solver_used=DENSE_SCHUR sparse_backend=EIGEN_SPARSE dense_backend=EIGEN mixed=0 threads=3
I20260715 09:16:49.904954 0x16ba7f000 sift.cc:1565] Creating SIFT CPU feature matcher
I20260715 09:16:55.532426 0x16ba7f000 sift.cc:1565] Creating SIFT CPU feature matcher
I20260715 09:17:01.858193 0x16ba7f000 sift.cc:1565] Creating SIFT CPU feature matcher
I20260715 09:17:06.968894 0x16ba7f000 sift.cc:1565] Creating SIFT CPU feature matcher
W20260715 09:17:19.586068 0x16b9f3000 aether_sfm_c.cc:1901] [aether_sfm] postgeom-site-assignment topology phase=post_enrichment updated_rows=162 rejected_rows=0 input_inliers=201966 unique_edges=190975 assigned_inliers=190839 max_component=2
I20260715 09:17:19.731277 0x16b9f3000 incremental_pipeline.cc:325] Loading database
I20260715 09:17:19.731307 0x16b9f3000 database_cache.cc:72] Loading rigs...
I20260715 09:17:19.731315 0x16b9f3000 database_cache.cc:82]  0 in 0.000s
I20260715 09:17:19.731320 0x16b9f3000 database_cache.cc:90] Loading cameras...
I20260715 09:17:19.731327 0x16b9f3000 database_cache.cc:108]  1 in 0.000s
I20260715 09:17:19.731330 0x16b9f3000 database_cache.cc:116] Loading frames...
I20260715 09:17:19.731334 0x16b9f3000 database_cache.cc:126]  0 in 0.000s
I20260715 09:17:19.731337 0x16b9f3000 database_cache.cc:134] Loading matches...
I20260715 09:17:19.731656 0x16b9f3000 database_cache.cc:139]  162 in 0.000s
I20260715 09:17:19.731660 0x16b9f3000 database_cache.cc:147] Loading images...
I20260715 09:17:19.732952 0x16b9f3000 database_cache.cc:236]  20 in 0.001s (loaded all 20)
I20260715 09:17:19.732958 0x16b9f3000 database_cache.cc:255] Loading pose priors...
I20260715 09:17:19.732966 0x16b9f3000 database_cache.cc:263]  0 in 0.000s
I20260715 09:17:19.732968 0x16b9f3000 database_cache.cc:271] Building correspondence graph...
I20260715 09:17:19.737899 0x16b9f3000 database_cache.cc:300]  in 0.005s (ignored 0)
I20260715 09:17:19.737905 0x16b9f3000 timer.cc:90] Elapsed time: 0.000 [minutes]
I20260715 09:17:20.317375 0x16b9f3000 bundle_adjustment_ceres.cc:990] [AETHER] solver_used=DENSE_SCHUR sparse_backend=EIGEN_SPARSE dense_backend=EIGEN mixed=0 threads=6
W20260715 09:17:20.339654 0x16b9f3000 aether_sfm_c.cc:5460] [aether_sfm] finalize worker: cache_pre=6ms enrich=37340ms stage1=2921ms (ok, rounds=5) stage2=605ms (rounds<=1) temporal=5ms upgrade=0ms total=38262ms
REFINED finalize_ms=38385.4
RESULT incr=off n_reg=20 n_points=13869 track3plus=4197 n_obs=37812 mean_reproj_px=1.0395 stream_ms=1222.7 finalize_ms=38385.4 total_ms=39608.1
real 39.67
user 46.01
sys 1.82
          1182957568  maximum resident set size
                   0  average shared memory size
                   0  average unshared data size
                   0  average unshared stack size
               76630  page reclaims
                  52  page faults
                   0  swaps
                   0  block input operations
                   0  block output operations
                   0  messages sent
                   0  messages received
                   0  signals received
                2026  voluntary context switches
              354678  involuntary context switches
        393682166927  instructions retired
        179037914917  cycles elapsed
          1142457592  peak memory footprint
