[dkm] frames=115 candidate_pairs=406 selected=6 slice=400:406 available=6.07GB
/opt/homebrew/lib/python3.11/site-packages/torchvision/models/_utils.py:208: UserWarning: The parameter 'pretrained' is deprecated since 0.13 and may be removed in the future, please use 'weights' instead.
  warnings.warn(
/opt/homebrew/lib/python3.11/site-packages/torchvision/models/_utils.py:223: UserWarning: Arguments other than a weight enum or `None` for 'weights' are deprecated since 0.13 and may be removed in the future. The current behavior is equivalent to passing `weights=None`.
  warnings.warn(msg)
[dkm] model loaded on mps in 0.61s
/opt/homebrew/lib/python3.11/site-packages/torch/functional.py:505: UserWarning: torch.meshgrid: in an upcoming release, it will be required to pass the indexing argument. (Triggered internally at /Users/runner/work/pytorch/pytorch/aten/src/ATen/native/TensorShape.cpp:4384.)
  return _VF.meshgrid(tensors, **kwargs)  # type: ignore[attr-defined]
[dkm] 1/6 111_112 grid=772 arkit_inlier=1.000 magsac_inlier=1.000 median=1.203px time=0.83s
[dkm] 2/6 111_113 grid=140 arkit_inlier=1.000 magsac_inlier=1.000 median=1.677px time=0.48s
[dkm] 3/6 111_114 grid=40 arkit_inlier=1.000 magsac_inlier=1.000 median=1.184px time=0.49s
[dkm] 4/6 112_113 grid=356 arkit_inlier=1.000 magsac_inlier=1.000 median=0.443px time=0.43s
[dkm] 5/6 112_114 grid=11 arkit_inlier=0.636 magsac_inlier=1.000 median=1.454px time=0.43s
[dkm] 6/6 113_114 grid=1421 arkit_inlier=1.000 magsac_inlier=1.000 median=0.725px time=0.45s
[dkm] matches_sha256=6721c90c7317dfef864511e272807bd5f061a3ed4d8ab3cb73538a954ec02e4d
[dkm] metrics_sha256=fbd13fe1cde33c934aa217715a45d2f89af3eacd37c42e43408959b597bf543d
DKM_CAP50_DONE
        5.80 real         2.50 user         1.20 sys
           918749184  maximum resident set size
                   0  average shared memory size
                   0  average unshared data size
                   0  average unshared stack size
              145203  page reclaims
                 584  page faults
                   0  swaps
                   0  block input operations
                   0  block output operations
                   0  messages sent
                   0  messages received
                   0  signals received
                 171  voluntary context switches
               26276  involuntary context switches
         30558583206  instructions retired
         12819811987  cycles elapsed
          3443836800  peak memory footprint
