cap50_conflict_mv: n=92297 mode=7.5mm band=2366 (2.563%) ghost2045=1467 below=120 thick_med=0.030471160105878255 cover=3843
cap50_conflict_mv_owner: n=90606 mode=7.5mm band=2263 (2.498%) ghost2045=1337 below=195 thick_med=0.021304079228716334 cover=3596
cap50_exact_v2: n=91605 mode=12.5mm band=2384 (2.602%) ghost2045=862 below=2413 thick_med=0.023254755140671903 cover=3712
cap50_geom_winner: n=93217 mode=37.5mm band=1771 (1.9%) ghost2045=791 below=1248 thick_med=0.02427983131614506 cover=3238
cap50_off_r1: n=93268 mode=2.5mm band=1501 (1.609%) ghost2045=648 below=259 thick_med=0.025690896937106543 cover=3442
cap50_off_r2: n=93274 mode=2.5mm band=1518 (1.627%) ghost2045=646 below=216 thick_med=0.026345319135004264 cover=3451
cap50_off_r3: n=93270 mode=2.5mm band=1501 (1.609%) ghost2045=648 below=259 thick_med=0.025832954517692908 cover=3444
cap51_conflict_mv: n=65207 mode=-22.5mm band=4998 (7.665%) ghost2045=4088 below=1833 thick_med=0.019029764129994242 cover=2883
cap51_conflict_mv_owner: n=64327 mode=-27.5mm band=6114 (9.505%) ghost2045=5084 below=13372 thick_med=0.019295822171393195 cover=3316
cap51_exact_v2: n=64674 mode=7.5mm band=7647 (11.824%) ghost2045=5904 below=55 thick_med=0.011239154498971822 cover=4764
cap51_geom_winner: n=65933 mode=17.5mm band=8422 (12.774%) ghost2045=6967 below=72 thick_med=0.011635121574785117 cover=4109
cap51_off_r1: n=65928 mode=2.5mm band=8559 (12.982%) ghost2045=6973 below=104 thick_med=0.011323506070684275 cover=4086
cap51_off_r2: n=65927 mode=2.5mm band=8576 (13.008%) ghost2045=7034 below=104 thick_med=0.011326927821904694 cover=4089
cap51_off_r3: n=65929 mode=2.5mm band=8579 (13.012%) ghost2045=7071 below=104 thick_med=0.01136406542339008 cover=4099
[cap50] fixed-frame cross-section saved
[cap51] fixed-frame cross-section saved
{
 "cap50": {
  "fixed_plane_src": "device_full_pull_2026-07-17/ghost_mask.json",
  "off_median": {
   "band_dblfloor_median": 1501.0,
   "band_runs": {
    "off_r1": 1501,
    "off_r2": 1518,
    "off_r3": 1501
   },
   "band_ghost_2045_median": 648.0,
   "ghost_runs": {
    "off_r1": 648,
    "off_r2": 646,
    "off_r3": 648
   },
   "n_points_median": 93270.0,
   "thick_med_median": 0.025832954517692908,
   "thick_p90_median": 0.06699204438137975,
   "cover_median": 3444.0,
   "wall_thick_med_median": 0.04670472995896484,
   "below_floor_median": 259.0,
   "reproj_median": 0.9622,
   "n_reg": [
    139
   ],
   "rep_off_run": "cap50_off_r1"
  },
  "arm_deltas": {
   "conflict_mv": {
    "band_delta_pct": 57.63,
    "ghost2045_delta_pct": 126.39,
    "points_delta_pct": -1.04,
    "thick_med_delta_pct": 17.95,
    "cover_delta_cells": 399,
    "cover_delta_pct": 11.59,
    "wall_thick_delta_pct": -20.48,
    "below_floor": 120,
    "n_reg": 139,
    "reproj": 0.9819
   },
   "conflict_mv_owner": {
    "band_delta_pct": 50.77,
    "ghost2045_delta_pct": 106.33,
    "points_delta_pct": -2.86,
    "thick_med_delta_pct": -17.53,
    "cover_delta_cells": 152,
    "cover_delta_pct": 4.41,
    "wall_thick_delta_pct": -22.8,
    "below_floor": 195,
    "n_reg": 139,
    "reproj": 0.9845
   },
   "exact_v2": {
    "band_delta_pct": 58.83,
    "ghost2045_delta_pct": 33.02,
    "points_delta_pct": -1.79,
    "thick_med_delta_pct": -9.98,
    "cover_delta_cells": 268,
    "cover_delta_pct": 7.78,
    "wall_thick_delta_pct": -20.93,
    "below_floor": 2413,
    "n_reg": 139,
    "reproj": 0.9756
   },
   "geom_winner": {
    "band_delta_pct": 17.99,
    "ghost2045_delta_pct": 22.07,
    "points_delta_pct": -0.06,
    "thick_med_delta_pct": -6.01,
    "cover_delta_cells": -206,
    "cover_delta_pct": -5.98,
    "wall_thick_delta_pct": 2.78,
    "below_floor": 1248,
    "n_reg": 139,
    "reproj": 0.9621
   }
  }
 },
 "cap51": {
  "fixed_plane_src": "device_full_pull_2026-07-17/ghost_mask.json",
  "off_median": {
   "band_dblfloor_median": 8576.0,
   "band_runs": {
    "off_r1": 8559,
    "off_r2": 8576,
    "off_r3": 8579
   },
   "band_ghost_2045_median": 7034.0,
   "ghost_runs": {
    "off_r1": 6973,
    "off_r2": 7034,
    "off_r3": 7071
   },
   "n_points_median": 65928.0,
   "thick_med_median": 0.011326927821904694,
   "thick_p90_median": 0.04800725722065098,
   "cover_median": 4089.0,
   "wall_thick_med_median": 0.037915265434387106,
   "below_floor_median": 104.0,
   "reproj_median": 0.8625,
   "n_reg": [
    105
   ],
   "rep_off_run": "cap51_off_r2"
  },
  "arm_deltas": {
   "conflict_mv": {
    "band_delta_pct": -41.72,
    "ghost2045_delta_pct": -41.88,
    "points_delta_pct": -1.09,
    "thick_med_delta_pct": 68.0,
    "cover_delta_cells": -1206,
    "cover_delta_pct": -29.49,
    "wall_thick_delta_pct": -16.29,
    "below_floor": 1833,
    "n_reg": 105,
    "reproj": 0.8746
   },
   "conflict_mv_owner": {
    "band_delta_pct": -28.71,
    "ghost2045_delta_pct": -27.72,
    "points_delta_pct": -2.43,
    "thick_med_delta_pct": 70.35,
    "cover_delta_cells": -773,
    "cover_delta_pct": -18.9,
    "wall_thick_delta_pct": -36.04,
    "below_floor": 13372,
    "n_reg": 105,
    "reproj": 0.871
   },
   "exact_v2": {
    "band_delta_pct": -10.83,
    "ghost2045_delta_pct": -16.06,
    "points_delta_pct": -1.9,
    "thick_med_delta_pct": -0.77,
    "cover_delta_cells": 675,
    "cover_delta_pct": 16.51,
    "wall_thick_delta_pct": -21.38,
    "below_floor": 55,
    "n_reg": 105,
    "reproj": 0.87
   },
   "geom_winner": {
    "band_delta_pct": -1.8,
    "ghost2045_delta_pct": -0.95,
    "points_delta_pct": 0.01,
    "thick_med_delta_pct": 2.72,
    "cover_delta_cells": 20,
    "cover_delta_pct": 0.49,
    "wall_thick_delta_pct": -3.68,
    "below_floor": 72,
    "n_reg": 105,
    "reproj": 0.8622
   }
  }
 }
}
