rc=0 13f5_base_nothr_swm10
rc=0 13f5_okvis_nothr_swm10
rc=0 6d18_base_nothr_swm10
rc=0 6d18_okvis_nothr_swm10
rc=0 7353_base_nothr_swm10
rc=0 7353_okvis_nothr_swm10
disk 21Gi
rc=0 13f5_base_nothr_swm9
rc=0 13f5_okvis_nothr_swm9
rc=0 6d18_base_nothr_swm9
rc=0 6d18_okvis_nothr_swm9
rc=0 7353_base_nothr_swm9
rc=0 7353_okvis_nothr_swm9
disk 20Gi
rc=0 13f5_base_nothr_swm8
rc=0 13f5_okvis_nothr_swm8
rc=0 6d18_base_nothr_swm8
rc=0 6d18_okvis_nothr_swm8
rc=0 7353_base_nothr_swm8
rc=0 7353_okvis_nothr_swm8
disk 20Gi
rc=0 13f5_base_nothr_swm7
rc=0 13f5_okvis_nothr_swm7
rc=0 6d18_base_nothr_swm7
rc=0 6d18_okvis_nothr_swm7
rc=0 7353_base_nothr_swm7
rc=0 7353_okvis_nothr_swm7
disk 19Gi
rc=0 13f5_base_nothr_swm6
rc=0 13f5_okvis_nothr_swm6
rc=0 6d18_base_nothr_swm6
rc=0 6d18_okvis_nothr_swm6
rc=0 7353_base_nothr_swm6
rc=0 7353_okvis_nothr_swm6
disk 19Gi
rc=0 13f5_base_nothr_swm5
rc=0 13f5_okvis_nothr_swm5
rc=0 6d18_base_nothr_swm5
rc=0 6d18_okvis_nothr_swm5
rc=0 7353_base_nothr_swm5
rc=0 7353_okvis_nothr_swm5
disk 19Gi
rc=0 13f5_base_nothr_swm4
rc=0 13f5_okvis_nothr_swm4
rc=0 6d18_base_nothr_swm4
rc=0 6d18_okvis_nothr_swm4
rc=0 7353_base_nothr_swm4
rc=0 7353_okvis_nothr_swm4
disk 19Gi
rc=0 13f5_base_nothr_swm3
rc=0 13f5_okvis_nothr_swm3
rc=0 6d18_base_nothr_swm3
rc=0 6d18_okvis_nothr_swm3
rc=0 7353_base_nothr_swm3
rc=0 7353_okvis_nothr_swm3
disk 19Gi
rc=0 13f5_base_nothr_swm2
rc=0 13f5_okvis_nothr_swm2
rc=0 6d18_base_nothr_swm2
rc=0 6d18_okvis_nothr_swm2
rc=0 7353_base_nothr_swm2
rc=0 7353_okvis_nothr_swm2
disk 19Gi
rc=0 13f5_base_nothr_swm1
rc=0 13f5_okvis_nothr_swm1
rc=0 6d18_base_nothr_swm1
rc=0 6d18_okvis_nothr_swm1
rc=0 7353_base_nothr_swm1
rc=0 7353_okvis_nothr_swm1
disk 19Gi
rc=0 13f5_base_nothr_swp0
rc=0 13f5_okvis_nothr_swp0
rc=0 6d18_base_nothr_swp0
rc=0 6d18_okvis_nothr_swp0
rc=0 7353_base_nothr_swp0
rc=0 7353_okvis_nothr_swp0
disk 19Gi
rc=0 13f5_base_nothr_swp1
rc=0 13f5_okvis_nothr_swp1
rc=0 6d18_base_nothr_swp1
rc=0 6d18_okvis_nothr_swp1
rc=0 7353_base_nothr_swp1
rc=0 7353_okvis_nothr_swp1
disk 19Gi
rc=0 13f5_base_nothr_swp2
rc=0 13f5_okvis_nothr_swp2
rc=0 6d18_base_nothr_swp2
rc=0 6d18_okvis_nothr_swp2
rc=0 7353_base_nothr_swp2
rc=0 7353_okvis_nothr_swp2
disk 19Gi
rc=0 13f5_base_nothr_swp3
rc=0 13f5_okvis_nothr_swp3
rc=0 6d18_base_nothr_swp3
rc=0 6d18_okvis_nothr_swp3
rc=0 7353_base_nothr_swp3
rc=0 7353_okvis_nothr_swp3
disk 19Gi
rc=0 13f5_base_nothr_swp4
rc=0 13f5_okvis_nothr_swp4
rc=0 6d18_base_nothr_swp4
rc=0 6d18_okvis_nothr_swp4
rc=0 7353_base_nothr_swp4
rc=0 7353_okvis_nothr_swp4
disk 18Gi
BATCH_SWEEP_DONE
