rc=0 13f5_okvis_as0_check
rc=0 13f5_base_as16_swm5
rc=0 13f5_okvis_as16_swm5
rc=0 6d18_base_as16_swm5
rc=0 6d18_okvis_as16_swm5
rc=0 7353_base_as16_swm5
rc=0 7353_okvis_as16_swm5
rc=0 13f5_base_as16_swp0
rc=0 13f5_okvis_as16_swp0
rc=0 6d18_base_as16_swp0
rc=0 6d18_okvis_as16_swp0
rc=0 7353_base_as16_swp0
rc=0 7353_okvis_as16_swp0
rc=0 13f5_base_as16_swm3
rc=0 13f5_okvis_as16_swm3
rc=0 6d18_base_as16_swm3
rc=0 6d18_okvis_as16_swm3
rc=0 7353_base_as16_swm3
rc=0 7353_okvis_as16_swm3
rc=0 13f5_base_as16_swm7
rc=0 13f5_okvis_as16_swm7
rc=0 6d18_base_as16_swm7
rc=0 6d18_okvis_as16_swm7
rc=0 7353_base_as16_swm7
rc=0 7353_okvis_as16_swm7
rc=0 13f5_base_as16_swm1
rc=0 13f5_okvis_as16_swm1
rc=0 6d18_base_as16_swm1
rc=0 6d18_okvis_as16_swm1
rc=0 7353_base_as16_swm1
rc=0 7353_okvis_as16_swm1
rc=0 13f5_base_as16_swp1
rc=0 13f5_okvis_as16_swp1
rc=0 6d18_base_as16_swp1
rc=0 6d18_okvis_as16_swp1
rc=0 7353_base_as16_swp1
rc=0 7353_okvis_as16_swp1
rc=0 13f5_base_as16_swm4
rc=0 13f5_okvis_as16_swm4
rc=0 6d18_base_as16_swm4
rc=0 6d18_okvis_as16_swm4
rc=0 7353_base_as16_swm4
rc=0 7353_okvis_as16_swm4
rc=0 13f5_base_as16_swm6
rc=0 13f5_okvis_as16_swm6
rc=0 6d18_base_as16_swm6
rc=0 6d18_okvis_as16_swm6
rc=0 7353_base_as16_swm6
rc=0 7353_okvis_as16_swm6
rc=0 13f5_base_as16_swm2
rc=0 13f5_okvis_as16_swm2
rc=0 6d18_base_as16_swm2
rc=0 6d18_okvis_as16_swm2
rc=0 7353_base_as16_swm2
rc=0 7353_okvis_as16_swm2
rc=0 13f5_base_as16_swp2
rc=0 13f5_okvis_as16_swp2
rc=0 6d18_base_as16_swp2
rc=0 6d18_okvis_as16_swp2
rc=0 7353_base_as16_swp2
rc=0 7353_okvis_as16_swp2
rc=0 13f5_base_as16_swm8
rc=0 13f5_okvis_as16_swm8
rc=0 6d18_base_as16_swm8
rc=0 6d18_okvis_as16_swm8
rc=0 7353_base_as16_swm8
rc=0 7353_okvis_as16_swm8
BATCH_ACCSH_DONE
