[DawnKernelHarness] limits: invocations/wg=512 wgSizeX=512 storageBufs=10 maxBuffer=1073741824 maxStorageBinding=1073741824 (adapter: 1024 1024 10 4294967295 4294967295)
[pwofficial_gpu_match_dawn] backend=blocked(fma4x4+direct+w64+nopb+f16+keyscan3+ptr+kp,V8) adapter="Apple M3 Pro" subgroups=1 sgmatrix=1 f32_8x8x8=1 f16_f32=1 mixed=0 subgroup=[4,64] packed_dot=1 timestamp=1 limits[storage=32768 invocations=1024 sizeX=1024]
WARNING: Logging before InitGoogleLogging() is written to STDERR
I20260925 13:40:39.262698 0x1fecf6080 database_cache.cc:72] Loading rigs...
I20260925 13:40:39.262721 0x1fecf6080 database_cache.cc:82]  0 in 0.000s
I20260925 13:40:39.262727 0x1fecf6080 database_cache.cc:90] Loading cameras...
I20260925 13:40:39.262738 0x1fecf6080 database_cache.cc:108]  2 in 0.000s
I20260925 13:40:39.262743 0x1fecf6080 database_cache.cc:116] Loading frames...
I20260925 13:40:39.262751 0x1fecf6080 database_cache.cc:126]  0 in 0.000s
I20260925 13:40:39.262755 0x1fecf6080 database_cache.cc:134] Loading matches...
I20260925 13:40:39.262768 0x1fecf6080 database_cache.cc:139]  1 in 0.000s
I20260925 13:40:39.262773 0x1fecf6080 database_cache.cc:147] Loading images...
I20260925 13:40:39.262914 0x1fecf6080 database_cache.cc:236]  2 in 0.000s (loaded all 2)
I20260925 13:40:39.262920 0x1fecf6080 database_cache.cc:255] Loading pose priors...
I20260925 13:40:39.262926 0x1fecf6080 database_cache.cc:263]  0 in 0.000s
I20260925 13:40:39.262930 0x1fecf6080 database_cache.cc:271] Building correspondence graph...
I20260925 13:40:39.263099 0x1fecf6080 database_cache.cc:300]  in 0.000s (ignored 0)
I20260925 13:40:39.358433 0x1fecf6080 official_bundle_adjustment_ceres.cc:1648] [AETHER gravity] injected 3/3 roll/pitch anchors, sigma_rad=0.00872665
[AETHER BA-ORDERING] blocks=2006 pts(g0)=1997 cams(g1)=3 g1_all_pose=1 proven=1
I20260925 13:40:39.397295 0x1fecf6080 official_bundle_adjustment_ceres.cc:1137] [AETHER] solver_used=DENSE_SCHUR sparse_backend=EIGEN_SPARSE dense_backend=EIGEN mixed=0 threads=6
I20260925 13:40:39.399351 0x1fecf6080 official_bundle_adjustment_ceres.cc:1648] [AETHER gravity] injected 3/3 roll/pitch anchors, sigma_rad=0.00872665
[AETHER BA-ORDERING] blocks=2001 pts(g0)=1992 cams(g1)=3 g1_all_pose=1 proven=1
I20260925 13:40:39.412754 0x1fecf6080 official_bundle_adjustment_ceres.cc:1137] [AETHER] solver_used=DENSE_SCHUR sparse_backend=EIGEN_SPARSE dense_backend=EIGEN mixed=0 threads=6
I20260925 13:40:39.528842 0x1fecf6080 official_bundle_adjustment_ceres.cc:1648] [AETHER gravity] injected 4/4 roll/pitch anchors, sigma_rad=0.00872665
[AETHER BA-ORDERING] blocks=3203 pts(g0)=3192 cams(g1)=4 g1_all_pose=1 proven=1
I20260925 13:40:39.594502 0x1fecf6080 official_bundle_adjustment_ceres.cc:1137] [AETHER] solver_used=DENSE_SCHUR sparse_backend=EIGEN_SPARSE dense_backend=EIGEN mixed=0 threads=6
I20260925 13:40:39.597691 0x1fecf6080 official_bundle_adjustment_ceres.cc:1648] [AETHER gravity] injected 4/4 roll/pitch anchors, sigma_rad=0.00872665
I20260925 13:40:39.620256 0x1fecf6080 official_bundle_adjustment_ceres.cc:1137] [AETHER] solver_used=DENSE_SCHUR sparse_backend=EIGEN_SPARSE dense_backend=EIGEN mixed=0 threads=6
I20260925 13:40:39.727777 0x1fecf6080 official_bundle_adjustment_ceres.cc:1648] [AETHER gravity] injected 5/5 roll/pitch anchors, sigma_rad=0.00872665
I20260925 13:40:39.799891 0x1fecf6080 official_bundle_adjustment_ceres.cc:1137] [AETHER] solver_used=DENSE_SCHUR sparse_backend=EIGEN_SPARSE dense_backend=EIGEN mixed=0 threads=6
I20260925 13:40:39.803824 0x1fecf6080 official_bundle_adjustment_ceres.cc:1648] [AETHER gravity] injected 5/5 roll/pitch anchors, sigma_rad=0.00872665
I20260925 13:40:39.831224 0x1fecf6080 official_bundle_adjustment_ceres.cc:1137] [AETHER] solver_used=DENSE_SCHUR sparse_backend=EIGEN_SPARSE dense_backend=EIGEN mixed=0 threads=6
I20260925 13:40:39.985546 0x1fecf6080 official_bundle_adjustment_ceres.cc:1648] [AETHER gravity] injected 3/3 roll/pitch anchors, sigma_rad=0.00872665
I20260925 13:40:40.001130 0x1fecf6080 official_bundle_adjustment_ceres.cc:1137] [AETHER] solver_used=DENSE_SCHUR sparse_backend=EIGEN_SPARSE dense_backend=EIGEN mixed=0 threads=6
I20260925 13:40:40.006084 0x1fecf6080 official_bundle_adjustment_ceres.cc:1648] [AETHER gravity] injected 5/5 roll/pitch anchors, sigma_rad=0.00872665
I20260925 13:40:40.019178 0x1fecf6080 official_bundle_adjustment_ceres.cc:1137] [AETHER] solver_used=DENSE_SCHUR sparse_backend=EIGEN_SPARSE dense_backend=EIGEN mixed=0 threads=6
I20260925 13:40:40.146696 0x1fecf6080 official_bundle_adjustment_ceres.cc:1648] [AETHER gravity] injected 6/6 roll/pitch anchors, sigma_rad=0.00872665
I20260925 13:40:40.230376 0x1fecf6080 official_bundle_adjustment_ceres.cc:1137] [AETHER] solver_used=DENSE_SCHUR sparse_backend=EIGEN_SPARSE dense_backend=EIGEN mixed=0 threads=6
I20260925 13:40:40.236817 0x1fecf6080 official_bundle_adjustment_ceres.cc:1648] [AETHER gravity] injected 6/6 roll/pitch anchors, sigma_rad=0.00872665
I20260925 13:40:40.251002 0x1fecf6080 official_bundle_adjustment_ceres.cc:1137] [AETHER] solver_used=DENSE_SCHUR sparse_backend=EIGEN_SPARSE dense_backend=EIGEN mixed=0 threads=6
I20260925 13:40:40.403466 0x1fecf6080 official_bundle_adjustment_ceres.cc:1648] [AETHER gravity] injected 6/6 roll/pitch anchors, sigma_rad=0.00872665
I20260925 13:40:40.488867 0x1fecf6080 official_bundle_adjustment_ceres.cc:1137] [AETHER] solver_used=DENSE_SCHUR sparse_backend=EIGEN_SPARSE dense_backend=EIGEN mixed=0 threads=6
I20260925 13:40:40.494673 0x1fecf6080 official_bundle_adjustment_ceres.cc:1648] [AETHER gravity] injected 6/6 roll/pitch anchors, sigma_rad=0.00872665
I20260925 13:40:40.508084 0x1fecf6080 official_bundle_adjustment_ceres.cc:1137] [AETHER] solver_used=DENSE_SCHUR sparse_backend=EIGEN_SPARSE dense_backend=EIGEN mixed=0 threads=6
I20260925 13:40:40.628969 0x1fecf6080 official_bundle_adjustment_ceres.cc:1648] [AETHER gravity] injected 5/5 roll/pitch anchors, sigma_rad=0.00872665
I20260925 13:40:40.687758 0x1fecf6080 official_bundle_adjustment_ceres.cc:1137] [AETHER] solver_used=DENSE_SCHUR sparse_backend=EIGEN_SPARSE dense_backend=EIGEN mixed=0 threads=6
I20260925 13:40:40.692124 0x1fecf6080 official_bundle_adjustment_ceres.cc:1648] [AETHER gravity] injected 5/5 roll/pitch anchors, sigma_rad=0.00872665
I20260925 13:40:40.701630 0x1fecf6080 official_bundle_adjustment_ceres.cc:1137] [AETHER] solver_used=DENSE_SCHUR sparse_backend=EIGEN_SPARSE dense_backend=EIGEN mixed=0 threads=6
I20260925 13:40:40.817768 0x1fecf6080 official_bundle_adjustment_ceres.cc:1648] [AETHER gravity] injected 6/6 roll/pitch anchors, sigma_rad=0.00872665
I20260925 13:40:40.894825 0x1fecf6080 official_bundle_adjustment_ceres.cc:1137] [AETHER] solver_used=DENSE_SCHUR sparse_backend=EIGEN_SPARSE dense_backend=EIGEN mixed=0 threads=6
I20260925 13:40:40.900580 0x1fecf6080 official_bundle_adjustment_ceres.cc:1648] [AETHER gravity] injected 6/6 roll/pitch anchors, sigma_rad=0.00872665
I20260925 13:40:40.913015 0x1fecf6080 official_bundle_adjustment_ceres.cc:1137] [AETHER] solver_used=DENSE_SCHUR sparse_backend=EIGEN_SPARSE dense_backend=EIGEN mixed=0 threads=6
I20260925 13:40:40.994588 0x1fecf6080 official_bundle_adjustment_ceres.cc:1648] [AETHER gravity] injected 6/6 roll/pitch anchors, sigma_rad=0.00872665
I20260925 13:40:41.039435 0x1fecf6080 official_bundle_adjustment_ceres.cc:1137] [AETHER] solver_used=DENSE_SCHUR sparse_backend=EIGEN_SPARSE dense_backend=EIGEN mixed=0 threads=6
I20260925 13:40:41.044481 0x1fecf6080 official_bundle_adjustment_ceres.cc:1648] [AETHER gravity] injected 6/6 roll/pitch anchors, sigma_rad=0.00872665
I20260925 13:40:41.053344 0x1fecf6080 official_bundle_adjustment_ceres.cc:1137] [AETHER] solver_used=DENSE_SCHUR sparse_backend=EIGEN_SPARSE dense_backend=EIGEN mixed=0 threads=6
I20260925 13:40:41.187618 0x1fecf6080 official_bundle_adjustment_ceres.cc:1648] [AETHER gravity] injected 6/6 roll/pitch anchors, sigma_rad=0.00872665
I20260925 13:40:41.227729 0x1fecf6080 official_bundle_adjustment_ceres.cc:1137] [AETHER] solver_used=DENSE_SCHUR sparse_backend=EIGEN_SPARSE dense_backend=EIGEN mixed=0 threads=6
I20260925 13:40:41.232999 0x1fecf6080 official_bundle_adjustment_ceres.cc:1648] [AETHER gravity] injected 6/6 roll/pitch anchors, sigma_rad=0.00872665
I20260925 13:40:41.240545 0x1fecf6080 official_bundle_adjustment_ceres.cc:1137] [AETHER] solver_used=DENSE_SCHUR sparse_backend=EIGEN_SPARSE dense_backend=EIGEN mixed=0 threads=6
I20260925 13:40:41.368234 0x1fecf6080 official_bundle_adjustment_ceres.cc:1648] [AETHER gravity] injected 6/6 roll/pitch anchors, sigma_rad=0.00872665
I20260925 13:40:41.436564 0x1fecf6080 official_bundle_adjustment_ceres.cc:1137] [AETHER] solver_used=DENSE_SCHUR sparse_backend=EIGEN_SPARSE dense_backend=EIGEN mixed=0 threads=6
I20260925 13:40:41.444038 0x1fecf6080 official_bundle_adjustment_ceres.cc:1648] [AETHER gravity] injected 6/6 roll/pitch anchors, sigma_rad=0.00872665
I20260925 13:40:41.455782 0x1fecf6080 official_bundle_adjustment_ceres.cc:1137] [AETHER] solver_used=DENSE_SCHUR sparse_backend=EIGEN_SPARSE dense_backend=EIGEN mixed=0 threads=6
I20260925 13:40:41.618473 0x1fecf6080 official_bundle_adjustment_ceres.cc:1648] [AETHER gravity] injected 6/6 roll/pitch anchors, sigma_rad=0.00872665
I20260925 13:40:41.653393 0x1fecf6080 official_bundle_adjustment_ceres.cc:1137] [AETHER] solver_used=DENSE_SCHUR sparse_backend=EIGEN_SPARSE dense_backend=EIGEN mixed=0 threads=6
I20260925 13:40:41.659039 0x1fecf6080 official_bundle_adjustment_ceres.cc:1648] [AETHER gravity] injected 6/6 roll/pitch anchors, sigma_rad=0.00872665
I20260925 13:40:41.669765 0x1fecf6080 official_bundle_adjustment_ceres.cc:1137] [AETHER] solver_used=DENSE_SCHUR sparse_backend=EIGEN_SPARSE dense_backend=EIGEN mixed=0 threads=6
I20260925 13:40:41.866808 0x1fecf6080 official_bundle_adjustment_ceres.cc:1648] [AETHER gravity] injected 4/4 roll/pitch anchors, sigma_rad=0.00872665
I20260925 13:40:41.879847 0x1fecf6080 official_bundle_adjustment_ceres.cc:1137] [AETHER] solver_used=DENSE_SCHUR sparse_backend=EIGEN_SPARSE dense_backend=EIGEN mixed=0 threads=6
I20260925 13:40:41.883581 0x1fecf6080 official_bundle_adjustment_ceres.cc:1648] [AETHER gravity] injected 4/4 roll/pitch anchors, sigma_rad=0.00872665
I20260925 13:40:41.886559 0x1fecf6080 official_bundle_adjustment_ceres.cc:1137] [AETHER] solver_used=DENSE_SCHUR sparse_backend=EIGEN_SPARSE dense_backend=EIGEN mixed=0 threads=6
I20260925 13:40:41.965339 0x1fecf6080 official_bundle_adjustment_ceres.cc:1648] [AETHER gravity] injected 2/2 roll/pitch anchors, sigma_rad=0.00872665
I20260925 13:40:41.967657 0x1fecf6080 official_bundle_adjustment_ceres.cc:1137] [AETHER] solver_used=DENSE_SCHUR sparse_backend=EIGEN_SPARSE dense_backend=EIGEN mixed=0 threads=1
I20260925 13:40:41.969019 0x1fecf6080 official_bundle_adjustment_ceres.cc:1648] [AETHER gravity] injected 2/2 roll/pitch anchors, sigma_rad=0.00872665
I20260925 13:40:41.971207 0x1fecf6080 official_bundle_adjustment_ceres.cc:1137] [AETHER] solver_used=DENSE_SCHUR sparse_backend=EIGEN_SPARSE dense_backend=EIGEN mixed=0 threads=1
I20260925 13:40:42.027350 0x1fecf6080 official_bundle_adjustment_ceres.cc:1648] [AETHER gravity] injected 6/6 roll/pitch anchors, sigma_rad=0.00872665
I20260925 13:40:42.097272 0x1fecf6080 official_bundle_adjustment_ceres.cc:1137] [AETHER] solver_used=DENSE_SCHUR sparse_backend=EIGEN_SPARSE dense_backend=EIGEN mixed=0 threads=6
I20260925 13:40:42.103856 0x1fecf6080 official_bundle_adjustment_ceres.cc:1648] [AETHER gravity] injected 6/6 roll/pitch anchors, sigma_rad=0.00872665
I20260925 13:40:42.115418 0x1fecf6080 official_bundle_adjustment_ceres.cc:1137] [AETHER] solver_used=DENSE_SCHUR sparse_backend=EIGEN_SPARSE dense_backend=EIGEN mixed=0 threads=6
I20260925 13:40:42.209873 0x1fecf6080 official_bundle_adjustment_ceres.cc:1648] [AETHER gravity] injected 4/4 roll/pitch anchors, sigma_rad=0.00872665
I20260925 13:40:42.239499 0x1fecf6080 official_bundle_adjustment_ceres.cc:1137] [AETHER] solver_used=DENSE_SCHUR sparse_backend=EIGEN_SPARSE dense_backend=EIGEN mixed=0 threads=6
I20260925 13:40:42.244030 0x1fecf6080 official_bundle_adjustment_ceres.cc:1648] [AETHER gravity] injected 5/5 roll/pitch anchors, sigma_rad=0.00872665
I20260925 13:40:42.254094 0x1fecf6080 official_bundle_adjustment_ceres.cc:1137] [AETHER] solver_used=DENSE_SCHUR sparse_backend=EIGEN_SPARSE dense_backend=EIGEN mixed=0 threads=6
I20260925 13:40:42.364836 0x1fecf6080 official_bundle_adjustment_ceres.cc:1648] [AETHER gravity] injected 6/6 roll/pitch anchors, sigma_rad=0.00872665
I20260925 13:40:42.395376 0x1fecf6080 official_bundle_adjustment_ceres.cc:1137] [AETHER] solver_used=DENSE_SCHUR sparse_backend=EIGEN_SPARSE dense_backend=EIGEN mixed=0 threads=6
I20260925 13:40:42.403099 0x1fecf6080 official_bundle_adjustment_ceres.cc:1648] [AETHER gravity] injected 6/6 roll/pitch anchors, sigma_rad=0.00872665
I20260925 13:40:42.411849 0x1fecf6080 official_bundle_adjustment_ceres.cc:1137] [AETHER] solver_used=DENSE_SCHUR sparse_backend=EIGEN_SPARSE dense_backend=EIGEN mixed=0 threads=6
I20260925 13:40:42.522108 0x1fecf6080 official_bundle_adjustment_ceres.cc:1648] [AETHER gravity] injected 6/6 roll/pitch anchors, sigma_rad=0.00872665
I20260925 13:40:42.592135 0x1fecf6080 official_bundle_adjustment_ceres.cc:1137] [AETHER] solver_used=DENSE_SCHUR sparse_backend=EIGEN_SPARSE dense_backend=EIGEN mixed=0 threads=6
I20260925 13:40:42.598207 0x1fecf6080 official_bundle_adjustment_ceres.cc:1648] [AETHER gravity] injected 6/6 roll/pitch anchors, sigma_rad=0.00872665
I20260925 13:40:42.607325 0x1fecf6080 official_bundle_adjustment_ceres.cc:1137] [AETHER] solver_used=DENSE_SCHUR sparse_backend=EIGEN_SPARSE dense_backend=EIGEN mixed=0 threads=6
I20260925 13:40:42.611859 0x16dff3000 database_cache.cc:72] Loading rigs...
I20260925 13:40:42.611875 0x16dff3000 database_cache.cc:82]  0 in 0.000s
I20260925 13:40:42.611880 0x16dff3000 database_cache.cc:90] Loading cameras...
I20260925 13:40:42.611896 0x16dff3000 database_cache.cc:108]  20 in 0.000s
I20260925 13:40:42.611901 0x16dff3000 database_cache.cc:116] Loading frames...
I20260925 13:40:42.611908 0x16dff3000 database_cache.cc:126]  0 in 0.000s
I20260925 13:40:42.611912 0x16dff3000 database_cache.cc:134] Loading matches...
I20260925 13:40:42.612055 0x16dff3000 database_cache.cc:139]  88 in 0.000s
I20260925 13:40:42.612060 0x16dff3000 database_cache.cc:147] Loading images...
I20260925 13:40:42.613508 0x16dff3000 database_cache.cc:236]  20 in 0.001s (loaded all 20)
I20260925 13:40:42.613516 0x16dff3000 database_cache.cc:255] Loading pose priors...
I20260925 13:40:42.613524 0x16dff3000 database_cache.cc:263]  0 in 0.000s
I20260925 13:40:42.613528 0x16dff3000 database_cache.cc:271] Building correspondence graph...
I20260925 13:40:42.615712 0x16dff3000 database_cache.cc:300]  in 0.002s (ignored 0)
I20260925 13:40:42.631558 0x16dff3000 official_bundle_adjustment_ceres.cc:1648] [AETHER gravity] injected 19/20 roll/pitch anchors, sigma_rad=0.00872665
W20260925 13:40:42.831461 0x16e07f000 official_aether_sfm_c.cc:6907] [aether_sfm] finalize re-match: starved_frames=3 candidates=43 attempted=43 written=0 inliers=0 failed=0 gpu_fail_capture=0 probe_debt_repaid=0 probe_debt_left=0
I20260925 13:40:42.848383 0x16dff3000 official_bundle_adjustment_ceres.cc:1137] [AETHER] solver_used=DENSE_SCHUR sparse_backend=EIGEN_SPARSE dense_backend=EIGEN mixed=0 threads=6
I20260925 13:40:42.863950 0x16dff3000 official_bundle_adjustment_ceres.cc:1648] [AETHER gravity] injected 19/20 roll/pitch anchors, sigma_rad=0.00872665
W20260925 13:40:42.993443 0x16e07f000 official_aether_sfm_c.cc:7348] [aether_sfm] official quadratic overlap: overlap=10 candidates=33 written=0 in 161.83 ms
I20260925 13:40:43.000680 0x16dff3000 official_bundle_adjustment_ceres.cc:1137] [AETHER] solver_used=DENSE_SCHUR sparse_backend=EIGEN_SPARSE dense_backend=EIGEN mixed=0 threads=6
I20260925 13:40:43.008903 0x16dff3000 official_incremental_pipeline.cc:323] Loading database
I20260925 13:40:43.008934 0x16dff3000 database_cache.cc:72] Loading rigs...
I20260925 13:40:43.008943 0x16dff3000 database_cache.cc:82]  0 in 0.000s
I20260925 13:40:43.008948 0x16dff3000 database_cache.cc:90] Loading cameras...
I20260925 13:40:43.008961 0x16dff3000 database_cache.cc:108]  20 in 0.000s
I20260925 13:40:43.008965 0x16dff3000 database_cache.cc:116] Loading frames...
I20260925 13:40:43.008971 0x16dff3000 database_cache.cc:126]  0 in 0.000s
I20260925 13:40:43.008979 0x16dff3000 database_cache.cc:134] Loading matches...
I20260925 13:40:43.009141 0x16dff3000 database_cache.cc:139]  88 in 0.000s
I20260925 13:40:43.009145 0x16dff3000 database_cache.cc:147] Loading images...
I20260925 13:40:43.010568 0x16dff3000 database_cache.cc:236]  20 in 0.001s (loaded all 20)
I20260925 13:40:43.010573 0x16dff3000 database_cache.cc:255] Loading pose priors...
I20260925 13:40:43.010580 0x16dff3000 database_cache.cc:263]  0 in 0.000s
I20260925 13:40:43.010584 0x16dff3000 database_cache.cc:271] Building correspondence graph...
I20260925 13:40:43.012474 0x16dff3000 database_cache.cc:300]  in 0.002s (ignored 0)
I20260925 13:40:43.012479 0x16dff3000 timer.cc:90] Elapsed time: 0.000 [minutes]
I20260925 13:40:43.025357 0x16dff3000 official_bundle_adjustment_ceres.cc:1648] [AETHER gravity] injected 19/20 roll/pitch anchors, sigma_rad=0.00872665
I20260925 13:40:43.150931 0x16dff3000 official_bundle_adjustment_ceres.cc:1137] [AETHER] solver_used=DENSE_SCHUR sparse_backend=EIGEN_SPARSE dense_backend=EIGEN mixed=0 threads=6
I20260925 13:40:43.165825 0x16dff3000 official_bundle_adjustment_ceres.cc:1648] [AETHER gravity] injected 19/20 roll/pitch anchors, sigma_rad=0.00872665
W20260925 13:40:43.302873 0x16dff3000 levenberg_marquardt_strategy.cc:123] Linear solver failure. Failed to compute a step: Eigen failure. Unable to perform dense Cholesky factorization.
I20260925 13:40:43.364895 0x16dff3000 official_bundle_adjustment_ceres.cc:1137] [AETHER] solver_used=DENSE_SCHUR sparse_backend=EIGEN_SPARSE dense_backend=EIGEN mixed=0 threads=6
I20260925 13:40:43.379677 0x16dff3000 official_bundle_adjustment_ceres.cc:1648] [AETHER gravity] injected 19/20 roll/pitch anchors, sigma_rad=0.00872665
I20260925 13:40:43.474863 0x16dff3000 official_bundle_adjustment_ceres.cc:1137] [AETHER] solver_used=DENSE_SCHUR sparse_backend=EIGEN_SPARSE dense_backend=EIGEN mixed=0 threads=6
W20260925 13:40:43.481983 0x16dff3000 official_aether_sfm_c.cc:9530] [frame-loss] before=20 after=20 lost_zero_obs=0 lost_with_obs=0 |
W20260925 13:40:43.482478 0x16dff3000 official_aether_sfm_c.cc:9614] [aether_sfm] finalize worker: cache_pre=3ms enrich=380ms stage1=391ms (ok, rounds=2) stage2=474ms (rounds<=3) temporal=0ms upgrade=0ms total=870ms
W20260925 13:40:43.482737 0x16dff3000 official_aether_sfm_c.cc:9643] [aether_sfm] delivered-point provenance: live-created=10878 official-retriangulated=687 live-dropped-by-official-filtering=1705 (live model had 12583; capture-time official TriangulateImage added 0 obs)
W20260925 13:40:43.482872 0x16dff3000 official_aether_sfm_c.cc:8066] [device-align-v1] status=aligned pairs=20 inliers=20 max_error_m=0.111819 scale=1.04432 centre_err_median_m=0.0161173 centre_err_max_m=0.0387454 outliers=0
W20260925 13:40:43.505172 0x1fecf6080 official_aether_sfm_c.cc:13097] [aether_sfm] deliver-filter(get_points_tracked): kept 11338/11565 (min_tri_angle=3deg, mirror_ghost=187, isolated_floater=40, killed_union=227)
[pwofficial_gpu_match_dawn] device lost #1 reason=2 rc=8: Device was destroyed.
        4.50 real         4.95 user         3.65 sys
           196542464  maximum resident set size
                   0  average shared memory size
                   0  average unshared data size
                   0  average unshared stack size
               48908  page reclaims
                  14  page faults
                   0  swaps
                   0  block input operations
                   0  block output operations
                   0  messages sent
                   0  messages received
                   0  signals received
                  38  voluntary context switches
              755850  involuntary context switches
         71111818365  instructions retired
         29984564123  cycles elapsed
           465093352  peak memory footprint
