[DawnKernelHarness] limits: invocations/wg=512 wgSizeX=512 storageBufs=10 maxBuffer=1073741824 maxStorageBinding=1073741824 (adapter: 1024 1024 10 4294967295 4294967295)
[pwofficial_gpu_match_dawn] backend=blocked(fma4x4+direct+w64+nopb+f16+keyscan3+ptr+kp,V8) adapter="Apple M3 Pro" subgroups=1 sgmatrix=1 f32_8x8x8=1 f16_f32=1 mixed=0 subgroup=[4,64] packed_dot=1 timestamp=1 limits[storage=32768 invocations=1024 sizeX=1024]
WARNING: Logging before InitGoogleLogging() is written to STDERR
I20260925 14:55:54.615480 0x1fecf6080 database_cache.cc:72] Loading rigs...
I20260925 14:55:54.615506 0x1fecf6080 database_cache.cc:82]  0 in 0.000s
I20260925 14:55:54.615512 0x1fecf6080 database_cache.cc:90] Loading cameras...
I20260925 14:55:54.615524 0x1fecf6080 database_cache.cc:108]  2 in 0.000s
I20260925 14:55:54.615530 0x1fecf6080 database_cache.cc:116] Loading frames...
I20260925 14:55:54.615539 0x1fecf6080 database_cache.cc:126]  0 in 0.000s
I20260925 14:55:54.615544 0x1fecf6080 database_cache.cc:134] Loading matches...
I20260925 14:55:54.615552 0x1fecf6080 database_cache.cc:139]  1 in 0.000s
I20260925 14:55:54.615556 0x1fecf6080 database_cache.cc:147] Loading images...
I20260925 14:55:54.615643 0x1fecf6080 database_cache.cc:236]  2 in 0.000s (loaded all 2)
I20260925 14:55:54.615649 0x1fecf6080 database_cache.cc:255] Loading pose priors...
I20260925 14:55:54.615656 0x1fecf6080 database_cache.cc:263]  0 in 0.000s
I20260925 14:55:54.615661 0x1fecf6080 database_cache.cc:271] Building correspondence graph...
I20260925 14:55:54.615691 0x1fecf6080 database_cache.cc:300]  in 0.000s (ignored 0)
I20260925 14:55:54.663021 0x1fecf6080 official_bundle_adjustment_ceres.cc:1648] [AETHER gravity] injected 3/3 roll/pitch anchors, sigma_rad=0.00872665
[AETHER BA-ORDERING] blocks=164 pts(g0)=155 cams(g1)=3 g1_all_pose=1 proven=1
I20260925 14:55:54.665539 0x1fecf6080 official_bundle_adjustment_ceres.cc:1137] [AETHER] solver_used=DENSE_SCHUR sparse_backend=EIGEN_SPARSE dense_backend=EIGEN mixed=0 threads=1
I20260925 14:55:54.665818 0x1fecf6080 official_bundle_adjustment_ceres.cc:1648] [AETHER gravity] injected 3/3 roll/pitch anchors, sigma_rad=0.00872665
[AETHER BA-ORDERING] blocks=171 pts(g0)=162 cams(g1)=3 g1_all_pose=1 proven=1
I20260925 14:55:54.666497 0x1fecf6080 official_bundle_adjustment_ceres.cc:1137] [AETHER] solver_used=DENSE_SCHUR sparse_backend=EIGEN_SPARSE dense_backend=EIGEN mixed=0 threads=1
I20260925 14:55:54.750843 0x1fecf6080 official_bundle_adjustment_ceres.cc:1648] [AETHER gravity] injected 4/4 roll/pitch anchors, sigma_rad=0.00872665
[AETHER BA-ORDERING] blocks=285 pts(g0)=274 cams(g1)=4 g1_all_pose=1 proven=1
I20260925 14:55:54.756400 0x1fecf6080 official_bundle_adjustment_ceres.cc:1137] [AETHER] solver_used=DENSE_SCHUR sparse_backend=EIGEN_SPARSE dense_backend=EIGEN mixed=0 threads=1
I20260925 14:55:54.756819 0x1fecf6080 official_bundle_adjustment_ceres.cc:1648] [AETHER gravity] injected 4/4 roll/pitch anchors, sigma_rad=0.00872665
I20260925 14:55:54.758083 0x1fecf6080 official_bundle_adjustment_ceres.cc:1137] [AETHER] solver_used=DENSE_SCHUR sparse_backend=EIGEN_SPARSE dense_backend=EIGEN mixed=0 threads=1
I20260925 14:55:54.836923 0x1fecf6080 official_bundle_adjustment_ceres.cc:1648] [AETHER gravity] injected 2/2 roll/pitch anchors, sigma_rad=0.00872665
I20260925 14:55:54.839877 0x1fecf6080 official_bundle_adjustment_ceres.cc:1137] [AETHER] solver_used=DENSE_SCHUR sparse_backend=EIGEN_SPARSE dense_backend=EIGEN mixed=0 threads=1
I20260925 14:55:54.930079 0x1fecf6080 official_bundle_adjustment_ceres.cc:1648] [AETHER gravity] injected 2/2 roll/pitch anchors, sigma_rad=0.00872665
I20260925 14:55:54.931992 0x1fecf6080 official_bundle_adjustment_ceres.cc:1137] [AETHER] solver_used=DENSE_SCHUR sparse_backend=EIGEN_SPARSE dense_backend=EIGEN mixed=0 threads=1
I20260925 14:55:54.984836 0x1fecf6080 official_bundle_adjustment_ceres.cc:1648] [AETHER gravity] injected 3/3 roll/pitch anchors, sigma_rad=0.00872665
I20260925 14:55:54.985773 0x1fecf6080 official_bundle_adjustment_ceres.cc:1137] [AETHER] solver_used=DENSE_SCHUR sparse_backend=EIGEN_SPARSE dense_backend=EIGEN mixed=0 threads=1
I20260925 14:55:54.986310 0x1fecf6080 official_bundle_adjustment_ceres.cc:1648] [AETHER gravity] injected 4/4 roll/pitch anchors, sigma_rad=0.00872665
I20260925 14:55:54.987217 0x1fecf6080 official_bundle_adjustment_ceres.cc:1137] [AETHER] solver_used=DENSE_SCHUR sparse_backend=EIGEN_SPARSE dense_backend=EIGEN mixed=0 threads=1
I20260925 14:55:55.032142 0x1fecf6080 official_bundle_adjustment_ceres.cc:1648] [AETHER gravity] injected 2/2 roll/pitch anchors, sigma_rad=0.00872665
I20260925 14:55:55.032870 0x1fecf6080 official_bundle_adjustment_ceres.cc:1137] [AETHER] solver_used=DENSE_SCHUR sparse_backend=EIGEN_SPARSE dense_backend=EIGEN mixed=0 threads=1
I20260925 14:55:55.033136 0x1fecf6080 official_bundle_adjustment_ceres.cc:1648] [AETHER gravity] injected 3/3 roll/pitch anchors, sigma_rad=0.00872665
I20260925 14:55:55.033821 0x1fecf6080 official_bundle_adjustment_ceres.cc:1137] [AETHER] solver_used=DENSE_SCHUR sparse_backend=EIGEN_SPARSE dense_backend=EIGEN mixed=0 threads=1
I20260925 14:55:55.103702 0x1fecf6080 official_bundle_adjustment_ceres.cc:1648] [AETHER gravity] injected 2/2 roll/pitch anchors, sigma_rad=0.00872665
I20260925 14:55:55.103888 0x1fecf6080 official_bundle_adjustment_ceres.cc:1137] [AETHER] solver_used=DENSE_SCHUR sparse_backend=EIGEN_SPARSE dense_backend=EIGEN mixed=0 threads=1
I20260925 14:55:55.103992 0x1fecf6080 official_bundle_adjustment_ceres.cc:1648] [AETHER gravity] injected 2/2 roll/pitch anchors, sigma_rad=0.00872665
I20260925 14:55:55.104060 0x1fecf6080 official_bundle_adjustment_ceres.cc:1137] [AETHER] solver_used=DENSE_SCHUR sparse_backend=EIGEN_SPARSE dense_backend=EIGEN mixed=0 threads=1
I20260925 14:55:55.160554 0x1fecf6080 official_bundle_adjustment_ceres.cc:1648] [AETHER gravity] injected 3/3 roll/pitch anchors, sigma_rad=0.00872665
I20260925 14:55:55.161321 0x1fecf6080 official_bundle_adjustment_ceres.cc:1137] [AETHER] solver_used=DENSE_SCHUR sparse_backend=EIGEN_SPARSE dense_backend=EIGEN mixed=0 threads=1
I20260925 14:55:55.161537 0x1fecf6080 official_bundle_adjustment_ceres.cc:1648] [AETHER gravity] injected 3/3 roll/pitch anchors, sigma_rad=0.00872665
I20260925 14:55:55.161725 0x1fecf6080 official_bundle_adjustment_ceres.cc:1137] [AETHER] solver_used=DENSE_SCHUR sparse_backend=EIGEN_SPARSE dense_backend=EIGEN mixed=0 threads=1
I20260925 14:55:55.282290 0x1fecf6080 official_bundle_adjustment_ceres.cc:1648] [AETHER gravity] injected 2/2 roll/pitch anchors, sigma_rad=0.00872665
I20260925 14:55:55.282616 0x1fecf6080 official_bundle_adjustment_ceres.cc:1137] [AETHER] solver_used=DENSE_SCHUR sparse_backend=EIGEN_SPARSE dense_backend=EIGEN mixed=0 threads=1
I20260925 14:55:55.282892 0x1fecf6080 official_bundle_adjustment_ceres.cc:1648] [AETHER gravity] injected 2/2 roll/pitch anchors, sigma_rad=0.00872665
I20260925 14:55:55.283117 0x1fecf6080 official_bundle_adjustment_ceres.cc:1137] [AETHER] solver_used=DENSE_SCHUR sparse_backend=EIGEN_SPARSE dense_backend=EIGEN mixed=0 threads=1
I20260925 14:55:55.380601 0x1fecf6080 official_bundle_adjustment_ceres.cc:1648] [AETHER gravity] injected 5/5 roll/pitch anchors, sigma_rad=0.00872665
I20260925 14:55:55.388755 0x1fecf6080 official_bundle_adjustment_ceres.cc:1137] [AETHER] solver_used=DENSE_SCHUR sparse_backend=EIGEN_SPARSE dense_backend=EIGEN mixed=0 threads=1
I20260925 14:55:55.389650 0x1fecf6080 official_bundle_adjustment_ceres.cc:1648] [AETHER gravity] injected 5/5 roll/pitch anchors, sigma_rad=0.00872665
I20260925 14:55:55.393137 0x1fecf6080 official_bundle_adjustment_ceres.cc:1137] [AETHER] solver_used=DENSE_SCHUR sparse_backend=EIGEN_SPARSE dense_backend=EIGEN mixed=0 threads=1
I20260925 14:55:55.444413 0x1fecf6080 official_bundle_adjustment_ceres.cc:1648] [AETHER gravity] injected 2/2 roll/pitch anchors, sigma_rad=0.00872665
I20260925 14:55:55.444942 0x1fecf6080 official_bundle_adjustment_ceres.cc:1137] [AETHER] solver_used=DENSE_SCHUR sparse_backend=EIGEN_SPARSE dense_backend=EIGEN mixed=0 threads=1
I20260925 14:55:55.445461 0x1fecf6080 official_bundle_adjustment_ceres.cc:1648] [AETHER gravity] injected 2/2 roll/pitch anchors, sigma_rad=0.00872665
I20260925 14:55:55.445737 0x1fecf6080 official_bundle_adjustment_ceres.cc:1137] [AETHER] solver_used=DENSE_SCHUR sparse_backend=EIGEN_SPARSE dense_backend=EIGEN mixed=0 threads=1
I20260925 14:55:55.513878 0x1fecf6080 official_bundle_adjustment_ceres.cc:1648] [AETHER gravity] injected 3/3 roll/pitch anchors, sigma_rad=0.00872665
I20260925 14:55:55.516798 0x1fecf6080 official_bundle_adjustment_ceres.cc:1137] [AETHER] solver_used=DENSE_SCHUR sparse_backend=EIGEN_SPARSE dense_backend=EIGEN mixed=0 threads=1
I20260925 14:55:55.517308 0x1fecf6080 official_bundle_adjustment_ceres.cc:1648] [AETHER gravity] injected 3/3 roll/pitch anchors, sigma_rad=0.00872665
I20260925 14:55:55.518598 0x1fecf6080 official_bundle_adjustment_ceres.cc:1137] [AETHER] solver_used=DENSE_SCHUR sparse_backend=EIGEN_SPARSE dense_backend=EIGEN mixed=0 threads=1
I20260925 14:55:55.565804 0x1fecf6080 official_bundle_adjustment_ceres.cc:1648] [AETHER gravity] injected 2/2 roll/pitch anchors, sigma_rad=0.00872665
I20260925 14:55:55.566196 0x1fecf6080 official_bundle_adjustment_ceres.cc:1137] [AETHER] solver_used=DENSE_SCHUR sparse_backend=EIGEN_SPARSE dense_backend=EIGEN mixed=0 threads=1
I20260925 14:55:55.604016 0x1fecf6080 official_bundle_adjustment_ceres.cc:1648] [AETHER gravity] injected 2/2 roll/pitch anchors, sigma_rad=0.00872665
I20260925 14:55:55.604604 0x1fecf6080 official_bundle_adjustment_ceres.cc:1137] [AETHER] solver_used=DENSE_SCHUR sparse_backend=EIGEN_SPARSE dense_backend=EIGEN mixed=0 threads=1
I20260925 14:55:55.604896 0x1fecf6080 official_bundle_adjustment_ceres.cc:1648] [AETHER gravity] injected 2/2 roll/pitch anchors, sigma_rad=0.00872665
I20260925 14:55:55.605030 0x1fecf6080 official_bundle_adjustment_ceres.cc:1137] [AETHER] solver_used=DENSE_SCHUR sparse_backend=EIGEN_SPARSE dense_backend=EIGEN mixed=0 threads=1
I20260925 14:55:55.713834 0x1fecf6080 official_bundle_adjustment_ceres.cc:1648] [AETHER gravity] injected 5/5 roll/pitch anchors, sigma_rad=0.00872665
I20260925 14:55:55.723359 0x1fecf6080 official_bundle_adjustment_ceres.cc:1137] [AETHER] solver_used=DENSE_SCHUR sparse_backend=EIGEN_SPARSE dense_backend=EIGEN mixed=0 threads=1
I20260925 14:55:55.724799 0x1fecf6080 official_bundle_adjustment_ceres.cc:1648] [AETHER gravity] injected 6/6 roll/pitch anchors, sigma_rad=0.00872665
I20260925 14:55:55.728414 0x1fecf6080 official_bundle_adjustment_ceres.cc:1137] [AETHER] solver_used=DENSE_SCHUR sparse_backend=EIGEN_SPARSE dense_backend=EIGEN mixed=0 threads=1
I20260925 14:55:55.729630 0x16b95b000 database_cache.cc:72] Loading rigs...
I20260925 14:55:55.729643 0x16b95b000 database_cache.cc:82]  0 in 0.000s
I20260925 14:55:55.729649 0x16b95b000 database_cache.cc:90] Loading cameras...
I20260925 14:55:55.729664 0x16b95b000 database_cache.cc:108]  20 in 0.000s
I20260925 14:55:55.729668 0x16b95b000 database_cache.cc:116] Loading frames...
I20260925 14:55:55.729675 0x16b95b000 database_cache.cc:126]  0 in 0.000s
I20260925 14:55:55.729679 0x16b95b000 database_cache.cc:134] Loading matches...
I20260925 14:55:55.729722 0x16b95b000 database_cache.cc:139]  50 in 0.000s
I20260925 14:55:55.729726 0x16b95b000 database_cache.cc:147] Loading images...
I20260925 14:55:55.730533 0x16b95b000 database_cache.cc:236]  20 in 0.001s (loaded all 20)
I20260925 14:55:55.730539 0x16b95b000 database_cache.cc:255] Loading pose priors...
I20260925 14:55:55.730546 0x16b95b000 database_cache.cc:263]  0 in 0.000s
I20260925 14:55:55.730550 0x16b95b000 database_cache.cc:271] Building correspondence graph...
I20260925 14:55:55.730946 0x16b95b000 database_cache.cc:300]  in 0.000s (ignored 0)
I20260925 14:55:55.733854 0x16b95b000 official_bundle_adjustment_ceres.cc:1648] [AETHER gravity] injected 19/20 roll/pitch anchors, sigma_rad=0.00872665
I20260925 14:55:55.774351 0x16b95b000 official_bundle_adjustment_ceres.cc:1137] [AETHER] solver_used=DENSE_SCHUR sparse_backend=EIGEN_SPARSE dense_backend=EIGEN mixed=0 threads=6
I20260925 14:55:55.776670 0x16b95b000 official_bundle_adjustment_ceres.cc:1648] [AETHER gravity] injected 19/20 roll/pitch anchors, sigma_rad=0.00872665
I20260925 14:55:55.814242 0x16b95b000 official_bundle_adjustment_ceres.cc:1137] [AETHER] solver_used=DENSE_SCHUR sparse_backend=EIGEN_SPARSE dense_backend=EIGEN mixed=0 threads=6
I20260925 14:55:55.816492 0x16b95b000 official_bundle_adjustment_ceres.cc:1648] [AETHER gravity] injected 19/20 roll/pitch anchors, sigma_rad=0.00872665
I20260925 14:55:55.835955 0x16b95b000 official_bundle_adjustment_ceres.cc:1137] [AETHER] solver_used=DENSE_SCHUR sparse_backend=EIGEN_SPARSE dense_backend=EIGEN mixed=0 threads=6
I20260925 14:55:55.838054 0x16b95b000 official_bundle_adjustment_ceres.cc:1648] [AETHER gravity] injected 19/20 roll/pitch anchors, sigma_rad=0.00872665
I20260925 14:55:55.881886 0x16b95b000 official_bundle_adjustment_ceres.cc:1137] [AETHER] solver_used=DENSE_SCHUR sparse_backend=EIGEN_SPARSE dense_backend=EIGEN mixed=0 threads=6
I20260925 14:55:55.884013 0x16b95b000 official_bundle_adjustment_ceres.cc:1648] [AETHER gravity] injected 19/20 roll/pitch anchors, sigma_rad=0.00872665
I20260925 14:55:55.898332 0x16b95b000 official_bundle_adjustment_ceres.cc:1137] [AETHER] solver_used=DENSE_SCHUR sparse_backend=EIGEN_SPARSE dense_backend=EIGEN mixed=0 threads=6
W20260925 14:55:55.995159 0x16b9e7000 official_aether_sfm_c.cc:6907] [aether_sfm] finalize re-match: starved_frames=10 candidates=105 attempted=105 written=0 inliers=0 failed=0 gpu_fail_capture=0 probe_debt_repaid=0 probe_debt_left=0
W20260925 14:55:56.070619 0x16b9e7000 official_aether_sfm_c.cc:7348] [aether_sfm] official quadratic overlap: overlap=10 candidates=43 written=0 in 75.359 ms
I20260925 14:55:56.077915 0x16b95b000 official_incremental_pipeline.cc:323] Loading database
I20260925 14:55:56.077966 0x16b95b000 database_cache.cc:72] Loading rigs...
I20260925 14:55:56.077981 0x16b95b000 database_cache.cc:82]  0 in 0.000s
I20260925 14:55:56.077990 0x16b95b000 database_cache.cc:90] Loading cameras...
I20260925 14:55:56.078011 0x16b95b000 database_cache.cc:108]  20 in 0.000s
I20260925 14:55:56.078019 0x16b95b000 database_cache.cc:116] Loading frames...
I20260925 14:55:56.078028 0x16b95b000 database_cache.cc:126]  0 in 0.000s
I20260925 14:55:56.078035 0x16b95b000 database_cache.cc:134] Loading matches...
I20260925 14:55:56.078103 0x16b95b000 database_cache.cc:139]  50 in 0.000s
I20260925 14:55:56.078110 0x16b95b000 database_cache.cc:147] Loading images...
I20260925 14:55:56.079412 0x16b95b000 database_cache.cc:236]  20 in 0.001s (loaded all 20)
I20260925 14:55:56.079420 0x16b95b000 database_cache.cc:255] Loading pose priors...
I20260925 14:55:56.079432 0x16b95b000 database_cache.cc:263]  0 in 0.000s
I20260925 14:55:56.079438 0x16b95b000 database_cache.cc:271] Building correspondence graph...
I20260925 14:55:56.080013 0x16b95b000 database_cache.cc:300]  in 0.001s (ignored 0)
I20260925 14:55:56.080019 0x16b95b000 timer.cc:90] Elapsed time: 0.000 [minutes]
I20260925 14:55:56.083035 0x16b95b000 official_bundle_adjustment_ceres.cc:1648] [AETHER gravity] injected 19/20 roll/pitch anchors, sigma_rad=0.00872665
I20260925 14:55:56.103994 0x16b95b000 official_bundle_adjustment_ceres.cc:1137] [AETHER] solver_used=DENSE_SCHUR sparse_backend=EIGEN_SPARSE dense_backend=EIGEN mixed=0 threads=6
W20260925 14:55:56.105063 0x16b95b000 official_aether_sfm_c.cc:9530] [frame-loss] before=20 after=20 lost_zero_obs=0 lost_with_obs=0 |
W20260925 14:55:56.105286 0x16b95b000 official_aether_sfm_c.cc:9614] [aether_sfm] finalize worker: cache_pre=1ms enrich=343ms stage1=168ms (ok, rounds=5) stage2=30ms (rounds<=1) temporal=0ms upgrade=0ms total=375ms
W20260925 14:55:56.105498 0x16b95b000 official_aether_sfm_c.cc:9643] [aether_sfm] delivered-point provenance: live-created=1355 official-retriangulated=262 live-dropped-by-official-filtering=133 (live model had 1488; capture-time official TriangulateImage added 0 obs)
W20260925 14:55:56.105604 0x16b95b000 official_aether_sfm_c.cc:8066] [device-align-v1] status=aligned pairs=20 inliers=20 max_error_m=0.111819 scale=1.05939 centre_err_median_m=0.0338813 centre_err_max_m=0.06053 outliers=0
W20260925 14:55:56.150366 0x1fecf6080 official_aether_sfm_c.cc:13097] [aether_sfm] deliver-filter(get_points_tracked): kept 1561/1617 (min_tri_angle=3deg, mirror_ghost=0, isolated_floater=9, killed_union=9)
[pwofficial_gpu_match_dawn] device lost #1 reason=2 rc=8: Device was destroyed.
        1.69 real         0.72 user         0.47 sys
           122667008  maximum resident set size
                   0  average shared memory size
                   0  average unshared data size
                   0  average unshared stack size
               34459  page reclaims
                  30  page faults
                   0  swaps
                   0  block input operations
                   0  block output operations
                   0  messages sent
                   0  messages received
                   0  signals received
                  27  voluntary context switches
               57169  involuntary context switches
          9937800143  instructions retired
          3906924094  cycles elapsed
           317588152  peak memory footprint
