FT 2 254666.748548255 112 109 0 0.00863616251
FT 3 254666.781885005 128 122 1 0.00615974384
FT 4 254666.815221838 133 130 1 0.00332559058
FT 5 254666.848558671 137 134 1 0.00688325701
FT 6 254666.881895421 142 137 0 0.00978057243
FT 7 254666.915850583 146 145 1 0.00669718608
FT 8 254666.949156666 149 144 0 0.0136180465
FT 9 254666.982463041 151 144 0 0.0109001772
FT 10 254667.015769250 151 146 0 0.0101166427
FT 11 254667.049075500 157 148 1 0.0159803459
FT 12 254667.082381791 156 149 1 0.0104712467
FT 13 254667.115688000 153 146 1 0.0107256682
FT 14 254667.148994250 154 150 0 0.00986826998
FT 15 254667.182300583 154 149 0 0.0112014058
FT 16 254667.215606791 156 151 1 0.0121997482
FT 17 254667.248943416 155 152 1 0.00503694544
FT 18 254667.282279875 155 149 1 0.00460690673
FT 19 254667.315616500 155 150 0 0.00646061445
FT 20 254667.348953041 158 153 1 0.00655008261
FT 21 254667.382289666 156 150 1 0.00342530562
FT 22 254667.415626125 156 150 1 0.00351223151
FT 23 254667.448962708 155 154 1 0.0046400705
FT 24 254667.482299416 158 158 0 0.00216446134
FT 25 254667.515635833 163 156 0 0.00287261517
FT 26 254667.548972375 160 159 1 0.00105465906
FT 27 254667.582308958 161 153 0 0.00971807382
FT 28 254667.615645666 156 148 1 0.0160099463
FT 29 254667.648982166 151 144 1 0.0106764701
FT 30 254667.815665041 153 140 0 0.0307596508
FT 31 254667.849001625 147 141 1 0.0073415512
FT 32 254667.882338208 144 143 0 0.00532279433
FT 33 254667.915674666 149 148 1 0.00614367515
FT 34 254667.949011208 152 152 1 0.00539906229
FT 35 254667.982347791 154 153 1 0.00357884972
FT 36 254668.015684458 157 154 0 0.00413705748
INIT 254666.715211421 254668.015684458 8 0.133893699 8.67626906 0.97058941 4.46662016 -0.00658445174 0.000758542727 0.00244468014 0 0 0
FT 37 254668.049020958 156 154 1 0.0047987813
FT 38 254668.082357500 154 149 1 0.00576295595
FT 39 254668.115694041 149 146 1 0.00155377036
SW 39 254668.115694041 0 205 0 0 0
FT 40 254668.149030541 153 153 0 0.00266660653
FT 41 254668.182367083 153 153 1 0.00152110182
FT 42 254668.215703541 153 149 0 0.00317638017
SW 42 254668.215703541 1 177 225 7 0
FT 43 254668.249040125 154 149 1 0.00407733037
FT 44 254668.282376708 149 145 1 0.00364136859
FT 45 254668.315713250 145 143 1 0.00220516347
SW 45 254668.315713250 0 177 0 0 0
FT 46 254668.349049666 151 149 1 0.00400398699
FT 47 254668.382386291 149 146 1 0.00645442626
FT 48 254668.415722791 146 140 1 0.00395581649
SW 48 254668.415722791 0 177 0 0 0
FT 49 254668.449059375 146 143 0 0.00463308876
FT 50 254668.482395833 143 140 1 0.00498761452
FT 51 254668.515732416 140 135 1 0.00526786117
SW 51 254668.515732416 0 177 0 0 0
FT 52 254668.549068916 143 140 1 0.00449675617
FT 53 254668.582405500 140 138 0 0.00589901623
FT 54 254668.615741875 138 137 1 0.00685190533
SW 54 254668.615741875 0 177 0 0 0
FT 55 254668.649078458 140 136 0 0.00946599731
FT 56 254668.682414916 136 135 1 0.00844670006
FT 57 254668.715751458 135 134 1 0.00291383459
SW 57 254668.715751458 0 177 0 0 0
FT 58 254668.749088000 151 151 0 0.00399203261
FT 59 254668.782424458 151 149 1 0.00439918109
FT 60 254668.815761083 149 145 0 0.00170211118
SW 60 254668.815761083 1 178 214 11 0
FT 61 254668.849097625 149 149 1 0.00340656887
FT 62 254668.882434083 149 149 1 0.00507681758
FT 63 254668.915770625 149 148 1 0.00431377363
SW 63 254668.915770625 0 178 0 0 0
FT 64 254668.949107041 152 151 1 0.00202993097
FT 65 254668.982443541 151 149 1 0.0022492005
FT 66 254669.015780041 149 148 0 0.00371158257
SW 66 254669.015780041 1 172 195 13 0
FT 67 254669.049116583 153 150 1 0.0046101626
FT 68 254669.082453041 150 150 1 0.0063622774
FT 69 254669.115789583 150 150 1 0.00312092042
SW 69 254669.115789583 0 172 0 0 0
FT 70 254669.149126208 153 153 1 0.00448731852
FT 71 254669.182462708 153 149 1 0.00911668115
FT 72 254669.215799166 149 149 0 0.00847652813
SW 72 254669.215799166 1 147 193 13 0
FT 73 254669.249135625 150 145 0 0.00750071721
FT 74 254669.282472083 145 143 0 0.00740441812
FT 75 254669.315808625 143 137 0 0.0079235001
SW 75 254669.315808625 1 157 159 2 0
FT 76 254669.349145041 142 142 0 0.0107874905
FT 77 254669.382481666 142 136 0 0.0113909232
FT 78 254669.415818083 136 134 0 0.0100710978
SW 78 254669.415818083 1 159 163 1 0
FT 79 254669.449154666 146 143 1 0.00695821622
FT 80 254669.482491041 143 136 0 0.0101313432
FT 81 254669.515827666 136 135 0 0.00889887854
SW 81 254669.515827666 1 166 170 1 0
FT 82 254669.549163958 144 142 0 0.00889404645
FT 83 254669.582500666 142 138 0 0.00852602219
FT 84 254669.615837125 138 135 0 0.00932048076
SW 84 254669.615837125 1 168 175 3 0
FT 85 254669.649173666 151 146 0 0.00729579229
FT 86 254669.682510000 146 144 0 0.00421829678
FT 87 254669.715846666 144 144 0 0.00496959597
SW 87 254669.715846666 1 171 185 2 0
FT 88 254669.749183041 152 152 0 0.00589708199
FT 89 254669.782519583 152 150 0 0.00506735797
FT 90 254669.815855958 150 147 0 0.00730468895
SW 90 254669.815855958 1 167 178 4 0
FT 91 254669.849192583 156 154 0 0.00846887761
FT 92 254669.882529083 154 152 0 0.00669831389
FT 93 254669.915865625 152 150 1 0.00462906481
SW 93 254669.915865625 0 167 0 0 0
FT 94 254669.949201958 155 152 1 0.00610125541
FT 95 254669.982538583 152 150 1 0.00656350645
FT 96 254670.015874916 150 150 0 0.00483046913
SW 96 254670.015874916 1 162 185 6 0
FT 97 254670.049211500 154 152 0 0.00576179145
FT 98 254670.082548083 152 151 0 0.00890954868
FT 99 254670.115884541 151 148 1 0.00786995873
SW 99 254670.115884541 0 162 0 0 0
FT 100 254670.149220916 154 151 0 0.00896560313
FT 101 254670.182557583 151 149 0 0.0102099932
FT 102 254670.215893916 149 146 0 0.00972560223
SW 102 254670.215893916 1 162 173 4 0
FT 103 254670.249230500 158 156 0 0.0101668989
FT 104 254670.282567083 156 152 0 0.0116428161
FT 105 254670.315903375 152 149 0 0.0105173501
SW 105 254670.315903375 1 166 175 3 0
FT 106 254670.349240000 156 154 0 0.00974924305
FT 107 254670.382576458 154 152 0 0.00896491319
FT 108 254670.415913000 152 148 0 0.00804919113
SW 108 254670.415913000 1 165 174 4 0
FT 109 254670.449249416 153 151 0 0.00974726334
FT 110 254670.482585916 151 149 0 0.0110966231
FT 111 254670.515922416 149 146 0 0.0104855126
SW 111 254670.515922416 1 166 174 3 0
FT 112 254670.549258916 157 154 1 0.0102249476
FT 113 254670.582595416 154 151 0 0.013785683
FT 114 254670.615931875 151 148 0 0.0108874409
SW 114 254670.615931875 1 170 178 4 0
FT 115 254670.649268375 159 155 1 0.00908258504
FT 116 254670.682604958 155 154 0 0.0125279504
FT 117 254670.715941458 154 152 0 0.0124467161
SW 117 254670.715941458 1 175 184 3 0
FT 118 254670.749277833 163 159 1 0.0137555849
FT 119 254670.782614375 159 152 0 0.0201132041
FT 120 254670.815950875 152 151 0 0.0206664433
SW 120 254670.815950875 1 178 186 2 0
FT 121 254670.849287416 163 158 0 0.0145585139
FT 122 254670.882623958 158 151 0 0.0154494728
FT 123 254670.915960333 151 147 0 0.0122619321
SW 123 254670.915960333 1 178 188 3 0
FT 124 254670.949296791 156 154 1 0.00375807041
FT 125 254670.982633291 154 152 0 0.00636292527
FT 126 254671.015969833 152 149 0 0.00939867363
SW 126 254671.015969833 1 178 189 4 0
FT 127 254671.049306250 159 157 0 0.00672705776
FT 128 254671.082642791 157 152 0 0.0106364991
FT 129 254671.115979208 152 151 0 0.00932984916
SW 129 254671.115979208 1 182 189 1 0
FT 130 254671.149315833 157 148 0 0.0136939887
FT 131 254671.182652166 148 147 0 0.00953632864
FT 132 254671.215988666 147 147 0 0.00701320794
SW 132 254671.215988666 1 178 188 1 0
FT 133 254671.249325208 154 152 0 0.00598856983
FT 134 254671.282661833 152 151 0 0.00560333215
FT 135 254671.315998208 151 150 0 0.00746137133
SW 135 254671.315998208 1 171 185 2 0
FT 136 254671.349334541 160 157 0 0.00975562822
FT 137 254671.382671041 157 153 0 0.00886980341
FT 138 254671.416007708 153 151 0 0.0101405997
SW 138 254671.416007708 1 174 182 2 0
FT 139 254671.449344083 163 158 0 0.0121972872
FT 140 254671.482680541 158 155 0 0.010110747
FT 141 254671.516017125 155 154 0 0.0104571745
SW 141 254671.516017125 1 177 185 3 0
FT 142 254671.549353625 164 159 0 0.0119701048
FT 143 254671.582690083 159 156 0 0.00865074528
FT 144 254671.616026500 156 153 0 0.0105312485
SW 144 254671.616026500 1 179 190 2 0
FT 145 254671.649363041 162 161 0 0.00715160372
FT 146 254671.682699458 161 158 0 0.00513082113
FT 147 254671.716036000 158 156 0 0.00935159431
SW 147 254671.716036000 1 185 190 2 0
FT 148 254671.749372500 164 160 0 0.00614381664
FT 149 254671.782709041 160 158 0 0.00450270507
FT 150 254671.816045458 158 157 0 0.00494340276
SW 150 254671.816045458 1 180 191 3 0
FT 151 254671.849382000 163 161 0 0.00627552351
FT 152 254671.882718458 161 160 0 0.0100898234
FT 153 254671.916054875 160 148 0 0.01519798
SW 153 254671.916054875 1 177 186 3 0
FT 154 254671.949391375 160 153 0 0.0229737291
FT 155 254671.982727833 153 151 0 0.0106125481
FT 156 254672.016064208 151 149 0 0.02256524
SW 156 254672.016064208 1 170 189 8 0
FT 157 254672.049400833 162 156 0 0.0277968303
FT 158 254672.082737375 156 152 0 0.00900423523
FT 159 254672.116073875 152 148 1 0.0120569023
SW 159 254672.116073875 0 170 0 0 0
FT 160 254672.149410291 161 159 0 0.00851673601
FT 161 254672.182746750 159 157 0 0.0111291605
FT 162 254672.216083250 157 154 1 0.0140176143
SW 162 254672.216083250 0 170 0 0 0
FT 163 254672.249419666 166 162 0 0.0126530308
FT 164 254672.282756208 162 159 0 0.0101077248
FT 165 254672.316092666 159 157 0 0.0100166539
SW 165 254672.316092666 1 179 202 14 0
FT 166 254672.349429208 163 162 0 0.0103187265
FT 167 254672.382765750 162 157 0 0.0097891793
FT 168 254672.416102083 157 154 0 0.0100220676
SW 168 254672.416102083 1 169 199 18 0
FT 169 254672.449438541 166 158 0 0.00963359318
FT 170 254672.482775083 158 153 0 0.00704043676
FT 171 254672.516111666 153 151 0 0.00807507701
SW 171 254672.516111666 1 160 196 28 0
FT 172 254672.549448041 165 157 0 0.0159092606
FT 173 254672.582784666 157 151 0 0.0129952717
FT 174 254672.616120958 151 149 0 0.00970799303
SW 174 254672.616120958 1 157 202 33 0
FT 175 254672.649457458 160 158 0 0.00784579562
FT 176 254672.682793916 158 150 0 0.0128014073
FT 177 254672.716130500 150 147 0 0.0137562774
SW 177 254672.716130500 1 186 199 9 0
FT 178 254672.749466875 158 156 0 0.011773056
FT 179 254672.782803500 156 153 0 0.00779568188
FT 180 254672.816139833 153 148 0 0.00555176664
SW 180 254672.816139833 1 189 204 6 0
FT 181 254672.849476375 165 161 0 0.00392813921
FT 182 254672.882812750 161 156 0 0.00289832303
FT 183 254672.916149208 156 153 0 0.00915236441
SW 183 254672.916149208 1 190 208 6 0
FT 184 254672.949485791 168 165 0 0.0100187437
FT 185 254672.982822333 165 161 0 0.00740228654
FT 186 254673.016158708 161 158 0 0.00730295947
SW 186 254673.016158708 1 185 208 7 0
FT 187 254673.049495208 167 161 0 0.00653352495
FT 188 254673.082831583 161 152 0 0.00651889348
FT 189 254673.116168208 152 148 0 0.00767388573
SW 189 254673.116168208 1 179 197 7 0
FT 190 254673.149504583 161 155 0 0.00915628635
FT 191 254673.182841208 155 147 0 0.00871390089
FT 192 254673.216177541 147 139 0 0.0109930807
SW 192 254673.216177541 1 178 193 7 0
FT 193 254673.249514083 154 153 0 0.00731100155
FT 194 254673.282850500 153 147 0 0.00610061506
FT 195 254673.316187000 147 144 0 0.00527181536
SW 195 254673.316187000 1 178 196 10 0
FT 196 254673.349523541 152 151 0 0.00624235781
FT 197 254673.382859958 151 149 0 0.00720279788
FT 198 254673.416196375 149 146 0 0.004830167
SW 198 254673.416196375 1 179 195 9 0
FT 199 254673.449532875 150 149 0 0.00558506338
FT 200 254673.482869291 149 146 0 0.00444267426
FT 201 254673.516205833 146 141 0 0.00641521327
SW 201 254673.516205833 1 170 191 6 0
FT 202 254673.549542333 148 140 0 0.0111230545
FT 203 254673.582878875 140 135 0 0.00874488534
FT 204 254673.616215250 135 132 0 0.00326799257
SW 204 254673.616215250 1 160 181 5 0
FT 205 254673.649551791 147 144 0 0.0027994091
FT 206 254673.682888208 144 144 0 0.00708542059
FT 207 254673.716224708 144 142 0 0.012368084
SW 207 254673.716224708 1 164 177 7 0
FT 208 254673.749561250 152 146 0 0.0150852166
FT 209 254673.782897708 146 143 0 0.0165576398
FT 210 254673.816234166 143 134 0 0.0160624505
SW 210 254673.816234166 1 169 180 6 0
FT 211 254673.849570583 148 142 0 0.0113020853
FT 212 254673.882907125 142 136 0 0.00887192906
FT 213 254673.916243583 136 133 0 0.00582006362
SW 213 254673.916243583 1 167 182 7 0
FT 214 254673.949580000 147 142 0 0.0104745909
FT 215 254673.982916541 142 137 0 0.014693107
FT 216 254674.016252958 137 136 0 0.00958535887
SW 216 254674.016252958 1 164 185 7 0
FT 217 254674.049589458 151 148 0 0.00998445926
FT 218 254674.082925958 148 144 0 0.00626814847
FT 219 254674.116262458 144 142 0 0.00687144937
SW 219 254674.116262458 1 172 182 8 0
FT 220 254674.149598916 152 147 0 0.0130170835
FT 221 254674.182935291 147 140 0 0.0178795248
FT 222 254674.216271791 140 135 0 0.0218896275
SW 222 254674.216271791 1 164 187 6 0
FT 223 254674.249608291 142 136 0 0.0187191535
FT 224 254674.282944916 136 132 0 0.0136680353
FT 225 254674.316281208 132 127 0 0.0182880291
SW 225 254674.316281208 1 160 174 6 0
FT 226 254674.349617750 142 132 0 0.0241691247
FT 227 254674.382954125 132 125 0 0.0212471864
FT 228 254674.416290750 125 121 0 0.012917947
SW 228 254674.416290750 1 160 173 5 0
FT 229 254674.449627166 138 132 0 0.0196686206
FT 230 254674.482963625 132 127 0 0.0196943562
FT 231 254674.516300083 127 120 0 0.0168490312
SW 231 254674.516300083 1 159 171 7 0
FT 232 254674.549636541 130 119 0 0.0190243738
FT 233 254674.582973041 119 113 0 0.0176549403
FT 234 254674.616309500 113 93 0 0.0348722799
SW 234 254674.616309500 1 147 168 7 0
FT 235 254674.649646041 107 94 0 0.0395378333
FT 236 254674.682982625 94 90 0 0.0203817012
FT 237 254674.716318916 90 83 0 0.0158886009
SW 237 254674.716318916 1 138 158 8 0
FT 238 254674.749655291 102 96 0 0.00866859266
FT 239 254674.782991833 96 94 0 0.0110305888
FT 240 254674.816328333 94 94 0 0.00800185027
SW 240 254674.816328333 1 143 162 6 0
FT 241 254674.849664750 113 107 0 0.00604380853
FT 242 254674.883001250 107 101 0 0.0123942077
FT 243 254674.916337750 101 97 0 0.00898398464
SW 243 254674.916337750 1 147 160 6 0
FT 244 254674.949674125 115 110 0 0.0115649845
FT 245 254674.983010583 110 102 0 0.0162137381
FT 246 254675.016347000 102 88 0 0.0204964058
SW 246 254675.016347000 1 125 161 7 0
FT 247 254675.049683458 109 96 0 0.0191633621
FT 248 254675.083019958 96 94 0 0.0094742278
FT 249 254675.116356541 94 92 0 0.00910518053
SW 249 254675.116356541 1 125 147 6 0
FT 250 254675.149693041 113 104 0 0.00989609504
FT 251 254675.183029458 104 98 0 0.0106128466
FT 252 254675.216365833 98 93 0 0.00792285702
SW 252 254675.216365833 1 138 147 6 0
FT 253 254675.249702333 114 112 0 0.010990961
FT 254 254675.283038875 112 108 0 0.0129166596
FT 255 254675.316375291 108 94 0 0.0231709291
SW 255 254675.316375291 1 143 157 6 0
FT 256 254675.349711750 105 97 0 0.0218166867
FT 257 254675.383048250 97 96 0 0.0224434571
FT 258 254675.416384708 96 91 0 0.0244611061
SW 258 254675.416384708 1 130 154 7 0
FT 259 254675.449721125 100 94 0 0.0296916504
FT 260 254675.483057625 94 92 0 0.0279801832
FT 261 254675.516394041 92 91 0 0.024331494
SW 261 254675.516394041 1 124 143 8 0
FT 262 254675.549730583 102 99 0 0.0212747343
FT 263 254675.583067125 99 94 0 0.0166204956
FT 264 254675.616403541 94 91 0 0.01505383
SW 264 254675.616403541 1 116 140 9 0
FT 265 254675.649740041 103 96 0 0.0121762384
FT 266 254675.683076375 96 91 0 0.0128719718
FT 267 254675.716412875 91 87 0 0.0156590872
SW 267 254675.716412875 1 109 132 11 0
FT 268 254675.749749416 100 93 0 0.0194060092
FT 269 254675.783085916 93 91 0 0.0197044262
FT 270 254675.816422250 91 86 0 0.016671602
SW 270 254675.816422250 1 113 130 9 0
FT 271 254675.849758791 98 88 0 0.0150446807
FT 272 254675.883095208 88 82 0 0.0105255369
FT 273 254675.916431666 82 81 0 0.00407043363
SW 273 254675.916431666 1 118 131 7 0
FT 274 254675.949768208 100 95 0 0.00598329926
FT 275 254675.983104666 95 94 0 0.00464538311
FT 276 254676.016441000 94 92 0 0.00666016683
SW 276 254676.016441000 1 128 143 7 0
FT 277 254676.049777541 106 104 0 0.00655639233
FT 278 254676.083114000 104 102 0 0.00379760959
FT 279 254676.116450541 102 101 0 0.00289753955
SW 279 254676.116450541 1 130 148 7 0
FT 280 254676.149786916 108 103 0 0.00507116296
FT 281 254676.183123500 103 97 0 0.010788091
FT 282 254676.216459791 97 96 0 0.00386086859
SW 282 254676.216459791 1 125 142 6 0
FT 283 254676.249796416 109 108 0 0.00984011202
FT 284 254676.283132833 108 106 0 0.00236985497
FT 285 254676.316469333 106 104 0 0.00257477115
SW 285 254676.316469333 1 122 142 6 0
FT 286 254676.349805666 112 111 0 0.00205890133
FT 287 254676.383142291 111 106 0 0.00450061905
FT 288 254676.416478583 106 103 0 0.00545324433
SW 288 254676.416478583 1 124 136 5 0
FT 289 254676.449815083 111 108 0 0.00386386056
FT 290 254676.483151500 108 107 0 0.00662762792
FT 291 254676.516488083 107 106 0 0.0082616948
SW 291 254676.516488083 1 129 136 3 0
FT 292 254676.549824541 118 116 0 0.0090130723
FT 293 254676.583160958 116 115 0 0.013178731
FT 294 254676.616497333 115 114 0 0.00699927053
SW 294 254676.616497333 1 131 144 3 0
FT 295 254676.649833833 119 117 0 0.00179817939
FT 296 254676.683170375 117 115 0 0.0180093214
FT 297 254676.716506833 115 112 0 0.00811956002
SW 297 254676.716506833 1 132 138 3 0
FT 298 254676.749843166 120 120 0 0.00267640653
FT 299 254676.783179708 120 117 0 0.00412897856
FT 300 254676.816516166 117 115 0 0.00784719028
SW 300 254676.816516166 1 129 142 4 0
FT 301 254676.849852666 123 121 0 0.0129449154
FT 302 254676.883189083 121 119 0 0.00816335549
FT 303 254676.916525583 119 117 0 0.00850424631
SW 303 254676.916525583 1 132 140 4 0
FT 304 254676.949861958 126 122 0 0.0145805926
FT 305 254676.983198500 122 120 0 0.0067078019
FT 306 254677.016534833 120 118 0 0.00649518856
SW 306 254677.016534833 1 136 144 4 0
FT 307 254677.049871375 132 129 0 0.00461706412
FT 308 254677.083207916 129 129 0 0.00258072648
FT 309 254677.116544208 129 126 0 0.00235229189
SW 309 254677.116544208 1 144 153 3 0
FT 310 254677.149880708 134 132 0 0.00256803107
FT 311 254677.183217166 132 130 0 0.00713461357
FT 312 254677.216553666 130 127 0 0.00710216541
SW 312 254677.216553666 1 147 153 2 0
FT 313 254677.249890125 134 131 0 0.0101461505
FT 314 254677.283226583 131 123 0 0.0125051247
FT 315 254677.316563041 123 121 0 0.0130882171
SW 315 254677.316563041 1 148 153 0 0
FT 316 254677.349899541 134 127 0 0.0143854525
FT 317 254677.383236000 127 125 0 0.00798653926
FT 318 254677.416572375 125 120 0 0.00893526604
SW 318 254677.416572375 1 149 157 0 1
FT 319 254677.449908875 130 124 0 0.0116345848
FT 320 254677.483245208 124 121 0 0.00956426514
FT 321 254677.516581750 121 118 0 0.00861677438
SW 321 254677.516581750 1 153 158 0 0
FT 322 254677.549918166 130 128 0 0.0165394256
FT 323 254677.583254625 128 123 0 0.0101527612
FT 324 254677.616591083 123 120 0 0.0111465656
SW 324 254677.616591083 1 158 164 1 0
FT 325 254677.649927666 132 131 0 0.0176308453
FT 326 254677.683264166 131 129 0 0.0162226305
FT 327 254677.716600500 129 126 0 0.0158120872
SW 327 254677.716600500 1 158 169 1 0
FT 328 254677.749937000 142 142 0 0.0106477941
FT 329 254677.783273416 142 139 0 0.0130942808
FT 330 254677.816609958 139 134 0 0.0109256106
SW 330 254677.816609958 1 159 170 1 0
FT 331 254677.849946458 147 143 0 0.0154095764
FT 332 254677.883282791 143 138 0 0.0207755363
FT 333 254677.916619250 138 137 0 0.00793373802
SW 333 254677.916619250 1 160 171 1 0
FT 334 254677.949955833 144 144 0 0.00671360849
FT 335 254677.983292166 144 143 0 0.0130836577
FT 336 254678.016628708 143 139 0 0.00689295701
SW 336 254678.016628708 1 157 167 1 0
FT 337 254678.049965208 154 152 0 0.00978728231
FT 338 254678.083301625 152 151 0 0.00416018901
FT 339 254678.116638041 151 144 0 0.00708224774
SW 339 254678.116638041 1 164 169 1 0
FT 340 254678.149974541 149 137 0 0.0164764325
FT 341 254678.183310958 137 136 0 0.00610280924
FT 342 254678.216647500 136 134 0 0.00670928582
SW 342 254678.216647500 1 165 169 1 0
FT 343 254678.249983875 139 135 0 0.0112261146
FT 344 254678.283320333 135 128 0 0.0141653867
FT 345 254678.316656833 128 127 0 0.0150799508
SW 345 254678.316656833 1 160 169 1 0
FT 346 254678.349993166 132 130 0 0.0109839805
FT 347 254678.383329583 130 124 0 0.0112004012
FT 348 254678.416666125 124 121 0 0.0141359959
SW 348 254678.416666125 1 157 163 2 0
FT 349 254678.450002666 130 128 0 0.0138516112
FT 350 254678.483338958 128 126 0 0.0142244586
FT 351 254678.516675458 126 124 0 0.0127975223
SW 351 254678.516675458 1 158 166 2 0
FT 352 254678.550012000 131 128 0 0.0190747871
FT 353 254678.583348416 128 125 0 0.0236245146
FT 354 254678.616684833 125 122 0 0.0185205825
SW 354 254678.616684833 1 148 164 2 0
FT 355 254678.650021375 131 128 0 0.0118371236
FT 356 254678.683357708 128 127 0 0.0107964971
FT 357 254678.716694208 127 126 0 0.0184593584
SW 357 254678.716694208 1 145 157 2 0
FT 358 254678.750030666 134 128 0 0.0201458096
FT 359 254678.783367083 128 124 0 0.0192909968
FT 360 254678.816703541 124 123 0 0.0110596316
SW 360 254678.816703541 1 144 154 2 0
FT 361 254678.850040083 130 129 0 0.0157310186
FT 362 254678.883376541 129 126 0 0.0223436574
FT 363 254678.916712958 126 125 0 0.0120655731
SW 363 254678.916712958 1 146 152 2 0
FT 364 254678.950049375 133 126 0 0.0158777299
FT 365 254678.983385875 126 123 0 0.0137319005
FT 366 254679.016722291 123 116 0 0.0107559219
SW 366 254679.016722291 1 146 154 2 0
FT 367 254679.050058750 127 122 0 0.0141224403
FT 368 254679.083395166 122 120 0 0.0114987487
FT 369 254679.116731583 120 116 0 0.0156850728
SW 369 254679.116731583 1 150 156 3 0
FT 370 254679.150068125 128 115 0 0.0198924905
FT 371 254679.183404625 115 104 0 0.0206891752
FT 372 254679.216740916 104 93 0 0.0221415947
SW 372 254679.216740916 1 144 160 6 0
FT 373 254679.250077375 101 79 0 0.0306182318
FT 374 254679.283413958 79 74 0 0.0240197532
FT 375 254679.316750375 74 71 0 0.0179830359
SW 375 254679.316750375 1 144 155 7 0
FT 376 254679.350086791 93 89 0 0.013086067
FT 377 254679.383423291 89 84 0 0.0219888425
FT 378 254679.416759666 84 78 0 0.0352563305
SW 378 254679.416759666 1 139 166 12 0
FT 379 254679.450096083 98 92 0 0.0280800555
FT 380 254679.483432625 92 80 0 0.0149724066
FT 381 254679.516769041 80 51 0 0.0456022634
SW 381 254679.516769041 1 136 156 12 0
FT 382 254679.550105458 65 50 0 0.0479508307
FT 383 254679.583441958 50 46 0 0.0317646423
FT 384 254679.616778416 46 41 0 0.0338778636
SW 384 254679.616778416 1 111 154 12 0
FT 385 254679.650114875 61 58 0 0.0191051223
FT 386 254679.683451208 58 57 0 0.0292940354
FT 387 254679.716787708 57 54 0 0.0296538182
SW 387 254679.716787708 1 87 136 23 0
FT 388 254679.750124166 72 72 0 0.0308875061
FT 389 254679.783460791 72 69 0 0.0243782759
FT 390 254679.816797166 69 66 0 0.0253394075
SW 390 254679.816797166 1 101 124 15 0
FT 391 254679.850133625 75 70 0 0.0311043146
FT 392 254679.883469916 70 57 0 0.040930197
FT 393 254679.916806500 57 49 0 0.0499769488
SW 393 254679.916806500 1 72 119 15 0
FT 394 254679.950142916 83 71 0 0.0179725088
FT 395 254679.983479250 71 63 0 0.0205927571
FT 396 254680.016815833 63 59 0 0.0160855127
SW 396 254680.016815833 1 64 103 23 0
FT 397 254680.050152291 75 65 0 0.0134121909
FT 398 254680.083488583 65 57 0 0.0122413972
FT 399 254680.116825125 57 54 0 0.00569805378
SW 399 254680.116825125 1 86 97 11 0
FT 400 254680.150161583 71 69 0 0.015729754
FT 401 254680.183498000 69 62 0 0.00446926369
FT 402 254680.216834458 62 53 0 0.0107909683
SW 402 254680.216834458 1 94 106 10 0
FT 403 254680.250171000 72 63 0 0.00451512708
FT 404 254680.283507291 63 52 0 0.0152326706
FT 405 254680.316843791 52 44 0 0.0157796464
SW 405 254680.316843791 1 81 112 11 0
FT 406 254680.350180250 74 64 0 0.0127952774
FT 407 254680.383516708 64 63 0 0.00916253113
FT 408 254680.416853166 63 55 0 0.0128835033
SW 408 254680.416853166 1 92 109 11 0
FT 409 254680.450189625 78 66 0 0.0130396902
FT 410 254680.483526083 66 63 0 0.00618337231
FT 411 254680.516862416 63 62 0 0.0158240534
SW 411 254680.516862416 1 93 115 7 0
FT 412 254680.550198833 82 79 0 0.0153922078
FT 413 254680.583535291 79 65 0 0.0118255013
FT 414 254680.616871750 65 53 0 0.0231390031
SW 414 254680.616871750 1 89 106 7 0
FT 415 254680.650208250 82 67 0 0.0117428521
FT 416 254680.683544666 67 66 0 0.0100338272
FT 417 254680.716881125 66 60 0 0.0113024533
SW 417 254680.716881125 1 83 110 10 0
FT 418 254680.750217583 84 80 0 0.014827724
FT 419 254680.783553958 80 76 0 0.0137999749
FT 420 254680.816890416 76 75 0 0.0115127768
SW 420 254680.816890416 1 98 114 10 0
FT 421 254680.850226958 90 90 0 0.018468444
FT 422 254680.883563375 90 86 0 0.0182708416
FT 423 254680.916899875 86 81 0 0.0144771126
SW 423 254680.916899875 1 104 118 9 0
FT 424 254680.950236208 101 99 0 0.0125185872
FT 425 254680.983572625 99 94 0 0.0252053673
FT 426 254681.016909083 94 89 0 0.0238278986
SW 426 254681.016909083 1 95 126 16 0
FT 427 254681.050245583 101 93 0 0.00897666273
FT 428 254681.083582125 93 89 0 0.0175405873
FT 429 254681.116918458 89 78 0 0.0444180058
SW 429 254681.116918458 1 93 117 17 0
FT 430 254681.150254916 93 82 0 0.0479458939
FT 431 254681.183591375 82 79 0 0.0304464448
FT 432 254681.216927875 79 76 0 0.0188162352
SW 432 254681.216927875 1 89 118 23 0
FT 433 254681.250264125 89 87 0 0.0171670888
FT 434 254681.283600708 87 83 0 0.0182807704
FT 435 254681.316937041 83 78 0 0.0185215442
SW 435 254681.316937041 1 88 120 28 0
FT 436 254681.350273625 91 86 0 0.0129249796
FT 437 254681.383609875 86 82 0 0.0120277589
FT 438 254681.416946375 82 82 0 0.0107615658
SW 438 254681.416946375 1 93 126 28 0
FT 439 254681.450282875 95 95 0 0.008252875
FT 440 254681.483619375 95 94 0 0.0119232249
FT 441 254681.516955708 94 90 0 0.0132143975
SW 441 254681.516955708 1 87 133 29 0
FT 442 254681.550292250 96 86 0 0.0218294192
FT 443 254681.583628666 86 83 0 0.0199919831
FT 444 254681.616965125 83 82 0 0.0142079688
SW 444 254681.616965125 1 79 120 31 0
FT 445 254681.650301541 98 95 0 0.0149773268
FT 446 254681.683638000 95 89 0 0.0156403108
FT 447 254681.716974458 89 75 0 0.0214149323
SW 447 254681.716974458 1 87 118 25 0
FT 448 254681.750310833 97 83 0 0.0231847168
FT 449 254681.783647208 83 60 0 0.0413772697
FT 450 254681.816983750 60 50 0 0.0639965655
SW 450 254681.816983750 1 88 118 24 0
FT 451 254681.850320208 80 54 0 0.0494046263
FT 452 254681.883656583 54 37 0 0.0356410765
FT 453 254681.916993000 37 24 0 0.0392322178
SW 453 254681.916993000 1 85 118 29 0
FT 454 254681.950329500 88 50 0 0.0313056341
FT 455 254681.983665833 50 43 0 0.0227722823
FT 456 254682.017002291 43 42 0 0.0284073838
SW 456 254682.017002291 1 90 139 37 0
FT 457 254682.050338791 112 71 0 0.0311583494
FT 458 254682.083675250 71 53 0 0.039591088
FT 459 254682.117011708 53 44 0 0.0439361517
SW 459 254682.117011708 1 87 146 44 0
FT 460 254682.150348125 123 112 0 0.0233720463
FT 461 254682.183684583 112 106 0 0.0182336
FT 462 254682.217021000 106 92 0 0.0307042976
SW 462 254682.217021000 1 115 188 42 0
FT 463 254682.250357375 146 115 0 0.0381208946
FT 464 254682.283693750 115 94 0 0.0438553722
FT 465 254682.317030250 94 83 0 0.0353534655
SW 465 254682.317030250 1 117 183 33 1
FT 466 254682.350366750 136 117 0 0.0284286845
FT 467 254682.383703250 117 105 0 0.0340520474
FT 468 254682.417039583 105 94 0 0.0388889535
SW 468 254682.417039583 1 138 185 39 1
FT 469 254682.450375958 158 113 0 0.04197475
FT 470 254682.483712416 113 89 0 0.0598891928
FT 471 254682.517048875 89 85 0 0.0366597197
SW 471 254682.517048875 1 128 198 52 1
FT 472 254682.550385333 136 128 0 0.0224186676
FT 473 254682.583721791 128 126 0 0.00338802984
FT 474 254682.617058250 126 120 0 0.0212787883
SW 474 254682.617058250 1 148 212 53 2
FT 475 254682.650394666 153 135 0 0.0289302481
FT 476 254682.683731083 135 118 0 0.0378900315
FT 477 254682.717067541 118 99 0 0.0516809453
SW 477 254682.717067541 1 148 225 40 2
FT 478 254682.750404041 127 102 0 0.0542312583
FT 479 254682.783740541 102 98 0 0.0262865918
FT 480 254682.817076833 98 97 0 0.0126916039
SW 480 254682.817076833 1 124 201 52 1
FT 481 254682.850413333 144 131 0 0.0288984643
FT 482 254682.883749625 131 116 0 0.0303693766
FT 483 254682.917086250 116 112 0 0.0189461474
SW 483 254682.917086250 1 96 206 80 1
FT 484 254682.950422583 146 137 0 0.0171926817
FT 485 254682.983759000 137 125 0 0.0187742539
FT 486 254683.017095458 125 116 0 0.0202761646
SW 486 254683.017095458 1 96 196 92 1
FT 487 254683.050431958 155 133 0 0.0298345443
FT 488 254683.083768291 133 114 0 0.0280516387
FT 489 254683.117104750 114 110 0 0.0223055294
SW 489 254683.117104750 1 86 209 89 1
FT 490 254683.150441125 156 140 0 0.0215266448
FT 491 254683.183777666 140 132 0 0.0161946984
FT 492 254683.217114125 132 121 0 0.0106916678
SW 492 254683.217114125 1 97 203 94 1
FT 493 254683.250450541 154 142 0 0.00592982936
FT 494 254683.283786791 142 138 0 0.00584377817
FT 495 254683.317123458 138 130 0 0.00125878458
SW 495 254683.317123458 1 85 212 113 0
FT 496 254683.350459750 163 152 0 0.000835442089
FT 497 254683.383796208 152 144 0 0.0156862621
FT 498 254683.417132541 144 134 0 0.0232365203
SW 498 254683.417132541 1 83 217 119 0
FT 499 254683.450469000 162 141 0 0.0205061816
FT 500 254683.483805458 141 131 0 0.0148117905
FT 501 254683.517142000 131 120 0 0.00840093078
SW 501 254683.517142000 1 94 217 97 0
FT 502 254683.550478291 160 148 0 0.0138082126
FT 503 254683.583814791 148 130 0 0.0235503571
FT 504 254683.617151208 130 115 0 0.0208615649
SW 504 254683.617151208 1 104 208 88 0
FT 505 254683.650487666 154 119 0 0.0111716769
FT 506 254683.683824000 119 105 0 0.0131570564
FT 507 254683.717160458 105 94 0 0.00494965033
SW 507 254683.717160458 1 120 203 72 0
FT 508 254683.750496916 156 121 0 0.0116427989
FT 509 254683.783833375 121 108 0 0.0156406275
FT 510 254683.817169833 108 104 0 0.0190466214
SW 510 254683.817169833 1 142 219 62 0
FT 511 254683.850506333 152 130 0 0.0145353773
FT 512 254683.883842625 130 114 0 0.0209094799
FT 513 254683.917179166 114 100 0 0.0195262925
SW 513 254683.917179166 1 146 226 51 0
FT 514 254683.950515500 150 136 0 0.0175465885
FT 515 254683.983851916 136 110 0 0.0129417049
FT 516 254684.017188375 110 96 0 0.0145433125
SW 516 254684.017188375 1 150 219 47 0
FT 517 254684.050524833 156 127 0 0.0233353189
FT 518 254684.083861166 127 102 0 0.0129434606
FT 519 254684.117197666 102 83 0 0.0109757713
SW 519 254684.117197666 1 148 217 37 0
FT 520 254684.150534125 156 118 0 0.0165616091
FT 521 254684.183870500 118 95 0 0.0151477401
FT 522 254684.217206916 95 78 0 0.0120440077
SW 522 254684.217206916 1 163 213 33 0
FT 523 254684.250543458 148 94 0 0.00473335519
FT 524 254684.283879708 94 82 0 0.0114595789
FT 525 254684.317216208 82 73 0 0.019827
SW 525 254684.317216208 1 171 222 25 0
FT 526 254684.350552666 151 104 0 0.0137182213
FT 527 254684.383889125 104 87 0 0.0132484732
FT 528 254684.417225458 87 79 0 0.0168670248
SW 528 254684.417225458 1 180 225 19 0
FT 529 254684.450561916 143 122 0 0.0169513848
FT 530 254684.483898416 122 108 0 0.0207069515
FT 531 254684.517234791 108 103 0 0.0218771363
SW 531 254684.517234791 1 186 235 16 0
FT 532 254684.550571208 143 132 0 0.0240358538
FT 533 254684.583907666 132 119 0 0.0219502247
FT 534 254684.617244166 119 115 0 0.0187331641
SW 534 254684.617244166 1 180 230 17 0
FT 535 254684.650580500 141 131 0 0.0248037401
FT 536 254684.683916916 131 125 0 0.0250231219
FT 537 254684.717253375 125 120 0 0.0156062359
SW 537 254684.717253375 1 170 216 15 0
FT 538 254684.750589750 149 139 0 0.0133004769
FT 539 254684.783926166 139 127 0 0.0267149167
FT 540 254684.817262541 127 119 0 0.0264206318
SW 540 254684.817262541 1 165 202 14 0
FT 541 254684.850599041 146 133 0 0.00805051057
FT 542 254684.883935583 133 129 0 0.00692097327
FT 543 254684.917271791 129 125 0 0.015407126
SW 543 254684.917271791 1 173 197 12 0
FT 544 254684.950608333 143 137 0 0.0201852034
FT 545 254684.983944833 137 131 0 0.012524595
FT 546 254685.017281291 131 127 0 0.00993704879
SW 546 254685.017281291 1 177 201 8 0
FT 547 254685.050617666 153 146 0 0.0188549537
FT 548 254685.083954041 146 130 0 0.0324702119
FT 549 254685.117290416 130 119 0 0.0306698459
SW 549 254685.117290416 1 179 201 8 0
FT 550 254685.150626791 150 143 0 0.0181675488
FT 551 254685.183963333 143 133 0 0.00771843628
FT 552 254685.217299750 133 122 0 0.0146600069
SW 552 254685.217299750 1 182 209 9 0
FT 553 254685.250636125 154 149 0 0.0209128771
FT 554 254685.283972625 149 129 0 0.0139488438
FT 555 254685.317309000 129 120 0 0.00638805705
SW 555 254685.317309000 1 183 206 11 0
FT 556 254685.350645458 159 146 0 0.00855226124
FT 557 254685.383981958 146 142 0 0.0179882505
FT 558 254685.417318208 142 136 0 0.0116875879
SW 558 254685.417318208 1 196 223 13 0
FT 559 254685.450654625 158 144 0 0.004573401
FT 560 254685.483991083 144 121 0 0.0154906107
FT 561 254685.517327583 121 99 0 0.0112979947
SW 561 254685.517327583 1 183 220 13 0
FT 562 254685.550663916 145 138 0 0.00406108592
FT 563 254685.584000416 138 114 0 0.00906189708
FT 564 254685.617336750 114 109 0 0.00642248196
SW 564 254685.617336750 1 195 226 12 0
FT 565 254685.650673250 148 145 0 0.00689333946
FT 566 254685.684009625 145 138 0 0.00379278526
FT 567 254685.717346083 138 126 0 0.0104950869
SW 567 254685.717346083 1 205 235 13 0
FT 568 254685.750682541 154 148 0 0.00856320557
FT 569 254685.784018875 148 137 0 0.00778052356
FT 570 254685.817355458 137 131 0 0.00725071279
SW 570 254685.817355458 1 217 242 12 0
FT 571 254685.850691666 156 152 0 0.00441868086
FT 572 254685.884028208 152 148 0 0.00994166757
FT 573 254685.917364625 148 148 0 0.00996709864
SW 573 254685.917364625 1 190 251 13 0
FT 574 254685.950701041 154 152 0 0.00569145441
FT 575 254685.984037500 152 149 0 0.00653616564
FT 576 254686.017373875 149 145 0 0.00391329489
SW 576 254686.017373875 1 179 208 9 0
FT 577 254686.050710250 156 153 0 0.00467695125
FT 578 254686.084046666 153 150 0 0.0126094446
FT 579 254686.117383125 150 149 0 0.0120780376
SW 579 254686.117383125 1 178 196 7 0
FT 580 254686.150719541 159 157 0 0.00667385104
FT 581 254686.184056125 157 153 0 0.00387144347
FT 582 254686.217392375 153 149 0 0.00581730304
SW 582 254686.217392375 1 169 194 6 0
FT 583 254686.250728833 162 158 0 0.00458333386
FT 584 254686.284065333 158 152 0 0.00602761987
FT 585 254686.317401708 152 145 0 0.00942723812
SW 585 254686.317401708 1 173 183 5 0
FT 586 254686.350738083 163 145 0 0.00160071442
FT 587 254686.384074541 145 130 0 0.0113733247
FT 588 254686.417410958 130 120 0 0.00912533964
SW 588 254686.417410958 1 176 188 4 0
FT 589 254686.450747458 153 133 0 0.0088925913
FT 590 254686.484083666 133 118 0 0.0107866149
FT 591 254686.517420166 118 107 0 0.0111683765
SW 591 254686.517420166 1 186 194 4 0
FT 592 254686.550756625 153 130 0 0.0142003544
FT 593 254686.584093208 130 108 0 0.0174024913
FT 594 254686.617429458 108 97 0 0.00977279168
SW 594 254686.617429458 1 192 204 3 0
FT 595 254686.650765916 153 137 0 0.00714326316
FT 596 254686.684102250 137 127 0 0.0118094914
FT 597 254686.717438833 127 120 0 0.0115398564
SW 597 254686.717438833 1 212 228 4 0
FT 598 254686.750775166 159 144 0 0.00875685166
FT 599 254686.784111583 144 135 0 0.00819897584
FT 600 254686.817448000 135 131 0 0.00744340809
SW 600 254686.817448000 1 203 243 5 0
FT 601 254686.850784500 164 154 0 0.00863277913
FT 602 254686.884120833 154 144 0 0.00829005017
FT 603 254686.917457250 144 136 0 0.00744638783
SW 603 254686.917457250 1 199 231 5 0
FT 604 254686.950793625 162 152 0 0.00715261575
FT 605 254686.984130125 152 141 0 0.00765398132
FT 606 254687.017466500 141 133 0 0.00941947134
SW 606 254687.017466500 1 190 218 4 0
FT 607 254687.050802916 165 152 0 0.0102766995
FT 608 254687.084139375 152 136 0 0.0110636679
FT 609 254687.117475708 136 131 0 0.00668638437
SW 609 254687.117475708 1 201 215 4 0
FT 610 254687.150812166 160 148 0 0.00508848576
FT 611 254687.184148541 148 140 0 0.00457133294
FT 612 254687.217484958 140 134 0 0.00722518707
SW 612 254687.217484958 1 202 224 6 0
FT 613 254687.250821416 162 139 0 0.0139405472
FT 614 254687.284157875 139 132 0 0.0143029566
FT 615 254687.317494208 132 132 0 0.0134531012
SW 615 254687.317494208 1 206 230 6 0
FT 616 254687.350830541 155 153 0 0.0111659301
FT 617 254687.384167000 153 146 0 0.00846585137
FT 618 254687.417503416 146 145 0 0.00627678462
SW 618 254687.417503416 1 207 230 6 0
FT 619 254687.450839958 158 153 0 0.00742602143
FT 620 254687.484176291 153 152 0 0.010733078
FT 621 254687.517512708 152 146 0 0.0147458151
SW 621 254687.517512708 1 196 224 5 0
FT 622 254687.550849166 166 163 0 0.0144920591
FT 623 254687.584185541 163 162 0 0.0111216608
FT 624 254687.617522000 162 154 0 0.0101416804
SW 624 254687.617522000 1 197 216 3 0
FT 625 254687.650858416 179 167 0 0.00651026725
FT 626 254687.684194791 167 162 0 0.00534969379
FT 627 254687.717531250 162 155 0 0.0124748915
SW 627 254687.717531250 1 191 218 3 0
FT 628 254687.750867666 174 167 0 0.00796930454
FT 629 254687.784204125 167 161 0 0.00832793232
FT 630 254687.817540416 161 153 0 0.0172206694
SW 630 254687.817540416 1 201 209 3 0
FT 631 254687.850876833 169 165 0 0.0103573915
FT 632 254687.884213333 165 154 0 0.0132177478
FT 633 254687.917549791 154 147 0 0.0224383171
SW 633 254687.917549791 1 199 212 3 0
FT 634 254687.950886083 167 162 0 0.0187019638
FT 635 254687.984222541 162 146 0 0.0118144981
FT 636 254688.017558916 146 136 0 0.00732302848
SW 636 254688.017558916 1 201 214 6 0
FT 637 254688.050895416 155 142 0 0.00512390669
FT 638 254688.084231791 142 132 0 0.0058973857
FT 639 254688.117568250 132 126 0 0.0212908853
SW 639 254688.117568250 1 194 216 5 0
FT 640 254688.150904666 148 144 0 0.0215593321
FT 641 254688.184241041 144 142 0 0.0159645118
FT 642 254688.217577458 142 137 0 0.0169488546
SW 642 254688.217577458 1 194 218 7 0
FT 643 254688.250913958 155 146 0 0.0178168584
FT 644 254688.284250416 146 138 0 0.0275048003
FT 645 254688.317586666 138 126 0 0.0239810187
SW 645 254688.317586666 1 189 213 10 0
FT 646 254688.350923166 147 138 0 0.0133869907
FT 647 254688.384259541 138 128 0 0.0219068897
FT 648 254688.417595916 128 114 0 0.0119958459
SW 648 254688.417595916 1 172 206 11 0
FT 649 254688.450932333 139 116 0 0.00893621944
FT 650 254688.484268750 116 102 0 0.00369062858
FT 651 254688.517605125 102 95 0 0.0157625658
SW 651 254688.517605125 1 164 193 10 0
FT 652 254688.550941625 154 136 0 0.00843693106
FT 653 254688.584277958 136 121 0 0.00627614374
FT 654 254688.617614375 121 107 0 0.00275499475
SW 654 254688.617614375 1 185 203 10 0
FT 655 254688.650950875 135 121 0 0.0117489955
FT 656 254688.684287250 121 112 0 0.0187466763
FT 657 254688.717623666 112 105 0 0.0128400057
SW 657 254688.717623666 1 178 209 8 0
FT 658 254688.750960041 147 138 0 0.0116429701
FT 659 254688.784296416 138 127 0 0.0141451727
FT 660 254688.817632791 127 114 0 0.0227203198
SW 660 254688.817632791 1 174 200 7 0
FT 661 254688.850969291 151 135 0 0.0288395677
FT 662 254688.884305625 135 127 0 0.0206121945
FT 663 254688.917642083 127 122 0 0.00180633415
SW 663 254688.917642083 1 155 200 16 0
FT 664 254688.950978541 140 131 0 0.00537031838
FT 665 254688.984314916 131 127 0 0.0195999759
FT 666 254689.017651333 127 121 0 0.0192949961
SW 666 254689.017651333 1 152 183 14 0
FT 667 254689.050987791 150 125 0 0.0104975185
FT 668 254689.084324125 125 102 0 0.0169802109
FT 669 254689.117660541 102 89 0 0.0210243985
SW 669 254689.117660541 1 142 172 14 0
FT 670 254689.150996833 126 111 0 0.00681160504
FT 671 254689.184333416 111 100 0 0.0128077447
FT 672 254689.217669708 100 84 0 0.0280497797
SW 672 254689.217669708 1 154 173 14 0
FT 673 254689.251006125 108 89 0 0.0252648853
FT 674 254689.284342583 89 80 0 0.0153337426
FT 675 254689.317679000 80 72 0 0.0213979109
SW 675 254689.317679000 1 147 180 22 0
FT 676 254689.351015458 112 93 0 0.0189716058
FT 677 254689.384351833 93 78 0 0.0183930539
FT 678 254689.417688166 78 66 0 0.0216890173
SW 678 254689.417688166 1 149 182 20 0
FT 679 254689.451024625 140 103 0 0.0161184222
FT 680 254689.484361083 103 83 0 0.0187665328
FT 681 254689.517697500 83 76 0 0.0146947294
SW 681 254689.517697500 1 129 192 25 0
FT 682 254689.551033791 109 86 0 0.0178423497
FT 683 254689.584370291 86 56 0 0.0252807535
FT 684 254689.617706583 56 44 0 0.0300685223
SW 684 254689.617706583 1 111 157 23 0
FT 685 254689.651043041 116 47 0 0.0360869119
FT 686 254689.684379416 47 33 0 0.0344961488
FT 687 254689.717715958 33 29 0 0.022220995
SW 687 254689.717715958 1 94 139 22 0
FT 688 254689.751052291 76 47 0 0.0269430484
FT 689 254689.784388666 47 34 0 0.0225491967
FT 690 254689.817725083 34 31 0 0.00944264457
SW 690 254689.817725083 1 87 127 21 0
FT 691 254689.851061625 87 53 0 0.0194966321
FT 692 254689.884397916 53 47 0 0.00489508049
FT 693 254689.917734333 47 40 0 0.0191387628
SW 693 254689.917734333 1 81 122 28 0
FT 694 254689.951070708 90 46 0 0.0152961778
FT 695 254689.984407208 46 35 0 0.0278305611
FT 696 254690.017743500 35 32 0 0.0346164041
SW 696 254690.017743500 1 59 115 21 0
FT 697 254690.051079916 48 40 0 0.023813894
FT 698 254690.084416333 40 30 0 0.0197897752
FT 699 254690.117752875 30 28 0 0.0209315376
SW 699 254690.117752875 1 50 86 16 0
FT 700 254690.151089250 63 52 0 0.00552166598
FT 701 254690.184425666 52 43 0 0.00554967055
FT 702 254690.217761916 43 39 0 0.00523572804
SW 702 254690.217761916 1 56 82 17 0
FT 703 254690.251098375 63 54 0 0.0119260785
FT 704 254690.284434791 54 42 0 0.0116580639
FT 705 254690.317771208 42 36 0 0.0163444948
SW 705 254690.317771208 1 57 81 19 0
FT 706 254690.351107666 77 58 0 0.0200416047
FT 707 254690.384444000 58 45 0 0.0222627182
FT 708 254690.417780416 45 45 0 0.0102836511
SW 708 254690.417780416 1 65 96 17 0
FT 709 254690.451116875 97 79 0 0.0218208343
FT 710 254690.484453208 79 63 0 0.0246530611
FT 711 254690.517789625 63 60 0 0.00566327841
SW 711 254690.517789625 1 80 107 17 0
FT 712 254690.551126125 91 71 0 0.00783641116
FT 713 254690.584462458 71 64 0 0.0242269009
FT 714 254690.617798916 64 58 0 0.0282260774
SW 714 254690.617798916 1 88 109 16 0
FT 715 254690.651135333 103 70 0 0.0242631143
FT 716 254690.684471625 70 62 0 0.0237649656
FT 717 254690.717808083 62 57 0 0.0256288211
SW 717 254690.717808083 1 91 119 17 0
FT 718 254690.751144541 109 73 0 0.0310808791
FT 719 254690.784481000 73 58 0 0.0282906794
FT 720 254690.817817291 58 39 0 0.0246887774
SW 720 254690.817817291 1 95 120 14 0
FT 721 254690.851153833 134 63 0 0.0212094588
FT 722 254690.884490125 63 48 0 0.0183414628
FT 723 254690.917826500 48 40 0 0.0208098493
SW 723 254690.917826500 1 92 126 24 0
FT 724 254690.951163041 116 56 0 0.0217321099
FT 725 254690.984499416 56 43 0 0.0196847497
FT 726 254691.017835791 43 38 0 0.0222332404
SW 726 254691.017835791 1 77 126 35 0
FT 727 254691.051172291 63 42 0 0.012200756
FT 728 254691.084508666 42 28 0 0.00887006632
FT 729 254691.117845083 28 25 0 0.0128376348
SW 729 254691.117845083 1 70 118 32 0
FT 730 254691.151181458 85 39 0 0.00941459925
FT 731 254691.184517833 39 27 0 0.0196694038
FT 732 254691.217854291 27 18 0 0.0235549709
SW 732 254691.217854291 1 46 106 30 0
FT 733 254691.251190708 48 15 0 0.0119104316
FT 734 254691.284527125 15 5 0 0.0195880236
FT 735 254691.317863500 5 3 0 0.025050503
SW 735 254691.317863500 1 31 76 29 0
FT 736 254691.351199750 43 23 0 0.00817122491
FT 737 254691.384536291 23 20 0 0.00792757282
FT 738 254691.417872791 20 18 0 0.00745768869
SW 738 254691.417872791 1 35 75 28 0
FT 739 254691.451209125 39 32 0 0.0124729348
FT 740 254691.484545500 32 30 0 0.00431774735
FT 741 254691.517881791 30 28 0 0.0148420433
SW 741 254691.517881791 1 28 75 28 0
FT 742 254691.551218375 51 46 0 0.0198887313
FT 743 254691.584554708 46 40 0 0.0125046806
FT 744 254691.617891083 40 39 0 0.00794400298
SW 744 254691.617891083 1 33 72 28 0
FT 745 254691.651227458 45 43 0 0.00480032216
FT 746 254691.684564000 43 40 0 0.0146663236
FT 747 254691.717900291 40 38 0 0.0148359932
SW 747 254691.717900291 1 22 66 29 0
FT 748 254691.751236666 50 48 0 0.0135693851
FT 749 254691.784573166 48 46 0 0.0114437677
FT 750 254691.817909625 46 46 0 0.0164489304
SW 750 254691.817909625 1 25 61 36 0
FT 751 254691.851245833 57 52 0 0.0263054348
FT 752 254691.884582333 52 46 0 0.0306333358
FT 753 254691.917918708 46 45 0 0.0239014485
SW 753 254691.917918708 1 25 67 40 0
FT 754 254691.951255000 63 61 0 0.0132244203
FT 755 254691.984591375 61 58 0 0.0106746543
FT 756 254692.017927875 58 56 0 0.0118352647
SW 756 254692.017927875 1 33 80 42 0
FT 757 254692.051264333 68 66 0 0.0100198843
FT 758 254692.084600666 66 62 0 0.0101031352
FT 759 254692.117937166 62 58 0 0.00543616335
SW 759 254692.117937166 1 36 83 41 0
FT 760 254692.151273458 71 67 0 0.0026694955
FT 761 254692.184609958 67 62 0 0.00714497476
FT 762 254692.217946291 62 59 0 0.0119062735
SW 762 254692.217946291 1 43 86 41 0
FT 763 254692.251282625 77 69 0 0.0127355741
FT 764 254692.284619083 69 67 0 0.01735811
FT 765 254692.317955458 67 64 0 0.0152257376
SW 765 254692.317955458 1 46 96 43 0
FT 766 254692.351291875 93 80 0 0.00580335086
FT 767 254692.384628291 80 70 0 0.00569588763
FT 768 254692.417964583 70 64 0 0.00676559167
SW 768 254692.417964583 1 60 103 39 0
FT 769 254692.451301083 89 84 0 0.00717582961
FT 770 254692.484637416 84 76 0 0.00825545073
FT 771 254692.517973916 76 74 0 0.0116634927
SW 771 254692.517973916 1 76 113 31 0
FT 772 254692.551310291 86 83 0 0.0121827422
FT 773 254692.584646708 83 81 0 0.0107935521
FT 774 254692.617983083 81 79 0 0.0144054179
SW 774 254692.617983083 1 87 115 20 0
FT 775 254692.651319500 91 82 0 0.0176943303
FT 776 254692.684655875 82 78 0 0.013128608
FT 777 254692.717992291 78 75 0 0.0115376975
SW 777 254692.717992291 1 86 110 17 0
FT 778 254692.751328708 95 93 0 0.015985898
FT 779 254692.784665083 93 90 1 0.0138600274
FT 780 254692.818001333 90 89 1 0.00863745186
SW 780 254692.818001333 0 86 0 0 0
FT 781 254692.851337833 99 95 0 0.00946677701
FT 782 254692.884674208 95 92 0 0.011834949
FT 783 254692.918010708 92 87 0 0.0133308846
SW 783 254692.918010708 1 90 121 13 0
FT 784 254692.951347166 96 88 1 0.0241424568
FT 785 254692.984683541 88 86 1 0.0254812454
FT 786 254693.018019750 86 85 0 0.0227358541
SW 786 254693.018019750 1 100 109 6 0
FT 787 254693.051356291 107 104 0 0.0107940511
FT 788 254693.084692625 104 103 0 0.00860203514
FT 789 254693.118029125 103 96 0 0.017107604
SW 789 254693.118029125 1 111 122 4 0
FT 790 254693.151365416 113 110 0 0.0193421388
FT 791 254693.184701875 110 107 0 0.0137494491
FT 792 254693.218038125 107 101 0 0.0173274067
SW 792 254693.218038125 1 120 128 6 0
FT 793 254693.251374708 123 117 0 0.0165450087
FT 794 254693.284711000 117 110 0 0.0107738917
FT 795 254693.318047458 110 99 0 0.0264385297
SW 795 254693.318047458 1 126 137 7 0
FT 796 254693.351383708 114 107 0 0.0277330503
FT 797 254693.384720166 107 106 0 0.0105996437
FT 798 254693.418056500 106 94 0 0.025767803
SW 798 254693.418056500 1 125 143 10 0
FT 799 254693.451392916 112 96 0 0.0258236303
FT 800 254693.484729166 96 90 0 0.0166992018
FT 801 254693.518065833 90 89 0 0.0152584857
SW 801 254693.518065833 1 126 142 11 0
FT 802 254693.551402125 111 106 0 0.0185806069
FT 803 254693.584738500 106 99 0 0.0207708765
FT 804 254693.618074833 99 88 0 0.032135844
SW 804 254693.618074833 1 132 153 13 0
FT 805 254693.651411208 105 84 0 0.0361487486
FT 806 254693.684747666 84 78 0 0.0274835865
FT 807 254693.718084041 78 58 0 0.026354808
SW 807 254693.718084041 1 120 150 16 1
FT 808 254693.751420333 75 65 0 0.0236304906
FT 809 254693.784756833 65 61 0 0.015980018
FT 810 254693.818093125 61 54 0 0.0424509922
SW 810 254693.818093125 1 93 146 37 1
FT 811 254693.851429500 110 93 0 0.0339277393
FT 812 254693.884765875 93 87 0 0.0133660534
FT 813 254693.918102375 87 67 0 0.0206203838
SW 813 254693.918102375 1 93 156 50 1
FT 814 254693.951438625 100 94 0 0.0166763618
FT 815 254693.984775083 94 86 0 0.0181405946
FT 816 254694.018111375 86 74 0 0.0162757401
SW 816 254694.018111375 1 88 162 55 1
FT 817 254694.051447833 100 86 0 0.0182102769
FT 818 254694.084784208 86 81 0 0.0269832841
FT 819 254694.118120625 81 64 0 0.0432379225
SW 819 254694.118120625 1 56 155 64 0
FT 820 254694.151457041 87 62 0 0.0495309153
FT 821 254694.184793333 62 56 0 0.0318724497
FT 822 254694.218129791 56 54 0 0.03278991
SW 822 254694.218129791 1 49 126 65 0
FT 823 254694.251466250 92 85 0 0.024635264
FT 824 254694.284802500 85 79 0 0.0216167262
FT 825 254694.318138916 79 76 0 0.0284561658
SW 825 254694.318138916 1 62 141 67 0
FT 826 254694.351475333 101 95 0 0.0242989104
FT 827 254694.384811833 95 94 0 0.0138950135
FT 828 254694.418148083 94 91 0 0.0102446306
SW 828 254694.418148083 1 78 146 57 0
FT 829 254694.451484541 113 107 0 0.00710742572
FT 830 254694.484820791 107 104 0 0.00704120985
FT 831 254694.518157250 104 100 0 0.0114587977
SW 831 254694.518157250 1 80 149 48 0
FT 832 254694.551493625 121 117 0 0.0109886256
FT 833 254694.584829958 117 114 0 0.0120586167
FT 834 254694.618166416 114 111 0 0.00965398195
SW 834 254694.618166416 1 87 144 41 0
FT 835 254694.651502833 126 119 0 0.0111437086
FT 836 254694.684839208 119 114 0 0.0121375506
FT 837 254694.718175583 114 112 0 0.0105521603
SW 837 254694.718175583 1 99 136 32 0
FT 838 254694.751511875 124 113 0 0.0148517142
FT 839 254694.784848333 113 111 0 0.0164309139
FT 840 254694.818184708 111 104 0 0.0113102773
SW 840 254694.818184708 1 112 138 24 0
FT 841 254694.851521166 127 119 0 0.0112430427
FT 842 254694.884857583 119 115 0 0.00837378644
FT 843 254694.918193916 115 108 0 0.0112780873
SW 843 254694.918193916 1 122 152 25 0
FT 844 254694.951530375 137 121 0 0.0109486777
FT 845 254694.984866708 121 117 0 0.0119954017
FT 846 254695.018203166 117 103 0 0.0123652852
SW 846 254695.018203166 1 132 159 22 0
FT 847 254695.051539500 127 122 0 0.00911358989
FT 848 254695.084875958 122 118 0 0.00728119869
FT 849 254695.118212250 118 113 0 0.00909694752
SW 849 254695.118212250 1 141 167 19 0
FT 850 254695.151548625 140 137 0 0.00644071692
FT 851 254695.184885125 137 129 0 0.00732240915
FT 852 254695.218221541 129 125 0 0.00650306292
SW 852 254695.218221541 1 148 178 15 0
FT 853 254695.251557916 141 133 0 0.00315711047
FT 854 254695.284894166 133 125 0 0.00676710013
FT 855 254695.318230666 125 122 0 0.00370842708
SW 855 254695.318230666 1 150 173 11 0
FT 856 254695.351567000 140 137 0 0.00479883327
FT 857 254695.384903416 137 130 0 0.00725034674
FT 858 254695.418239708 130 125 0 0.0108993732
SW 858 254695.418239708 1 146 171 8 0
FT 859 254695.451576250 148 135 0 0.0136075252
FT 860 254695.484912541 135 127 0 0.00821622268
FT 861 254695.518249041 127 120 0 0.0100208813
SW 861 254695.518249041 1 154 162 5 0
FT 862 254695.551585291 137 131 0 0.0145035502
FT 863 254695.584921708 131 121 0 0.0147457986
FT 864 254695.618258041 121 115 0 0.0173081654
SW 864 254695.618258041 1 155 166 5 0
FT 865 254695.651594625 133 121 0 0.0149665846
FT 866 254695.684930958 121 114 0 0.0151168947
FT 867 254695.718267333 114 112 0 0.0118047445
SW 867 254695.718267333 1 149 168 6 0
FT 868 254695.751603666 127 115 0 0.0135608165
FT 869 254695.784940041 115 101 0 0.0188817718
FT 870 254695.818276416 101 84 0 0.0156879352
SW 870 254695.818276416 1 150 161 4 0
FT 871 254695.851612833 105 82 0 0.0149974233
FT 872 254695.884949166 82 79 0 0.010578823
FT 873 254695.918285583 79 75 0 0.0117653804
SW 873 254695.918285583 1 142 161 6 0
FT 874 254695.951621958 98 82 0 0.0187133185
FT 875 254695.984958333 82 74 0 0.0202037284
FT 876 254696.018294750 74 70 0 0.0172335153
SW 876 254696.018294750 1 136 160 12 0
FT 877 254696.051631166 93 76 0 0.0147665115
FT 878 254696.084967416 76 69 0 0.0123511107
FT 879 254696.118303791 69 61 0 0.0133064816
SW 879 254696.118303791 1 134 155 10 0
FT 880 254696.151640250 83 76 0 0.0173725829
FT 881 254696.184976625 76 75 0 0.0206768947
FT 882 254696.218312958 75 70 0 0.0146725848
SW 882 254696.218312958 1 109 157 14 0
FT 883 254696.251649291 86 82 0 0.0119222201
FT 884 254696.284985666 82 78 0 0.0111357852
FT 885 254696.318322166 78 74 0 0.00683345204
SW 885 254696.318322166 1 102 133 15 0
FT 886 254696.351658500 101 94 0 0.00775661826
FT 887 254696.384994833 94 88 0 0.00431840887
FT 888 254696.418331166 88 86 0 0.00184217574
SW 888 254696.418331166 1 103 135 15 0
FT 889 254696.451667625 101 91 0 0.00489637528
FT 890 254696.485004000 91 85 0 0.00493040782
FT 891 254696.518340416 85 81 0 0.00280175558
SW 891 254696.518340416 1 101 128 11 0
FT 892 254696.551676750 90 76 0 0.0061309364
FT 893 254696.585013000 76 71 0 0.00703364525
FT 894 254696.618349375 71 68 0 0.0073844447
SW 894 254696.618349375 1 100 117 13 0
FT 895 254696.651685791 91 77 0 0.0105514133
