FT 2 254666.747548255 112 109 0 0.00870033358
FT 3 254666.780885005 128 122 1 0.00621089379
FT 4 254666.814221838 133 130 1 0.00343417066
FT 5 254666.847558671 137 134 1 0.00668675938
FT 6 254666.880895421 142 137 0 0.00986715853
FT 7 254666.914850583 146 145 1 0.00656842543
FT 8 254666.948156666 149 144 0 0.0135380489
FT 9 254666.981463041 151 144 0 0.0110954283
FT 10 254667.014769250 151 146 0 0.00979638109
FT 11 254667.048075500 157 148 1 0.0160612427
FT 12 254667.081381791 156 149 1 0.0106236792
FT 13 254667.114688000 153 146 1 0.0105952471
FT 14 254667.147994250 154 150 0 0.00999336799
FT 15 254667.181300583 154 149 0 0.0110496638
FT 16 254667.214606791 156 151 1 0.0123479442
FT 17 254667.247943416 155 152 1 0.00518507303
FT 18 254667.281279875 155 149 1 0.00451383459
FT 19 254667.314616500 155 150 0 0.00647153322
FT 20 254667.347953041 158 153 1 0.0065661385
FT 21 254667.381289666 156 150 1 0.00353621724
FT 22 254667.414626125 156 150 1 0.00341363518
FT 23 254667.447962708 155 154 1 0.00470995679
FT 24 254667.481299416 158 158 0 0.00215939246
FT 25 254667.514635833 163 156 0 0.00287110735
FT 26 254667.547972375 160 159 1 0.00109030028
FT 27 254667.581308958 161 153 0 0.00932976555
FT 28 254667.614645666 156 148 1 0.0160603793
FT 29 254667.647982166 151 144 1 0.0108672766
FT 30 254667.814665041 153 140 0 0.030806208
FT 31 254667.848001625 147 141 1 0.00745062645
FT 32 254667.881338208 144 143 0 0.00529146474
FT 33 254667.914674666 149 148 1 0.00617244879
FT 34 254667.948011208 152 152 1 0.00541513918
FT 35 254667.981347791 154 153 1 0.00364424745
FT 36 254668.014684458 157 154 0 0.00410110777
INIT 254666.714211421 254668.014684458 8 0.13355279 8.67632592 0.971022984 4.46641547 -0.00664319057 0.000871870482 0.00234863607 0 0 0
FT 37 254668.048020958 156 154 1 0.00475293197
FT 38 254668.081357500 154 149 1 0.00584133708
FT 39 254668.114694041 149 146 1 0.00159835084
SW 39 254668.114694041 0 205 0 0 0
FT 40 254668.148030541 153 153 0 0.00266283158
FT 41 254668.181367083 153 153 1 0.00147311921
FT 42 254668.214703541 153 149 0 0.00316363339
SW 42 254668.214703541 1 177 225 7 0
FT 43 254668.248040125 154 149 1 0.00400330246
FT 44 254668.281376708 149 145 1 0.00366748831
FT 45 254668.314713250 145 143 1 0.00216592084
SW 45 254668.314713250 0 177 0 0 0
FT 46 254668.348049666 151 149 1 0.00388496231
FT 47 254668.381386291 149 146 1 0.00646574506
FT 48 254668.414722791 146 140 1 0.00399178819
SW 48 254668.414722791 0 177 0 0 0
FT 49 254668.448059375 146 143 0 0.00462057692
FT 50 254668.481395833 143 140 1 0.0049555919
FT 51 254668.514732416 140 135 1 0.00527379354
SW 51 254668.514732416 0 177 0 0 0
FT 52 254668.548068916 143 140 1 0.00451397452
FT 53 254668.581405500 140 138 0 0.00582029856
FT 54 254668.614741875 138 137 1 0.00679721365
SW 54 254668.614741875 0 177 0 0 0
FT 55 254668.648078458 140 136 0 0.0093911364
FT 56 254668.681414916 136 135 1 0.00853422272
FT 57 254668.714751458 135 134 1 0.0031401506
SW 57 254668.714751458 0 177 0 0 0
FT 58 254668.748088000 151 151 0 0.00388511608
FT 59 254668.781424458 151 149 1 0.00447797436
FT 60 254668.814761083 149 145 0 0.00166271267
SW 60 254668.814761083 1 165 214 24 0
FT 61 254668.848097625 149 149 1 0.00337957844
FT 62 254668.881434083 149 149 1 0.00499126023
FT 63 254668.914770625 149 148 1 0.00433171329
SW 63 254668.914770625 0 165 0 0 0
FT 64 254668.948107041 152 151 1 0.00195333408
FT 65 254668.981443541 151 149 1 0.00218608146
FT 66 254669.014780041 149 148 0 0.00363926838
SW 66 254669.014780041 1 160 195 25 0
FT 67 254669.048116583 154 151 1 0.00446325526
FT 68 254669.081453041 151 150 1 0.00634454385
FT 69 254669.114789583 150 150 1 0.00311364524
SW 69 254669.114789583 0 160 0 0 0
FT 70 254669.148126208 153 153 1 0.00425254806
FT 71 254669.181462708 153 149 1 0.00900606007
FT 72 254669.214799166 149 149 0 0.00843547566
SW 72 254669.214799166 1 137 193 23 0
FT 73 254669.248135625 150 145 0 0.0074580732
FT 74 254669.281472083 145 143 0 0.00738065939
FT 75 254669.314808625 143 137 0 0.00783240727
SW 75 254669.314808625 1 155 159 4 0
FT 76 254669.348145041 142 142 0 0.0107012454
FT 77 254669.381481666 142 136 0 0.0113736267
FT 78 254669.414818083 136 134 0 0.0101528434
SW 78 254669.414818083 1 158 163 2 0
FT 79 254669.448154666 146 143 1 0.00688282117
FT 80 254669.481491041 143 136 0 0.0100625714
FT 81 254669.514827666 136 135 0 0.00892076868
SW 81 254669.514827666 1 165 170 2 0
FT 82 254669.548163958 144 142 0 0.00886263376
FT 83 254669.581500666 142 138 0 0.00852259621
FT 84 254669.614837125 138 135 0 0.00933338223
SW 84 254669.614837125 1 168 175 3 0
FT 85 254669.648173666 151 146 0 0.00737596279
FT 86 254669.681510000 146 144 0 0.00430908346
FT 87 254669.714846666 144 144 0 0.00484096322
SW 87 254669.714846666 1 167 185 6 0
FT 88 254669.748183041 152 152 0 0.00588346895
FT 89 254669.781519583 152 150 0 0.00506374031
FT 90 254669.814855958 150 147 0 0.00716709382
SW 90 254669.814855958 1 165 178 6 0
FT 91 254669.848192583 156 154 0 0.00846939545
FT 92 254669.881529083 154 152 0 0.00676910507
FT 93 254669.914865625 152 150 1 0.00462001184
SW 93 254669.914865625 0 165 0 0 0
FT 94 254669.948201958 155 152 1 0.00603832314
FT 95 254669.981538583 152 150 1 0.0065819354
FT 96 254670.014874916 150 150 0 0.00486238095
SW 96 254670.014874916 1 161 185 7 0
FT 97 254670.048211500 154 151 0 0.00563997187
FT 98 254670.081548083 151 150 1 0.00885861904
FT 99 254670.114884541 150 148 0 0.00788744021
SW 99 254670.114884541 1 162 171 4 0
FT 100 254670.148220916 154 151 0 0.00887343133
FT 101 254670.181557583 151 149 0 0.0101737983
FT 102 254670.214893916 149 146 0 0.00973113898
SW 102 254670.214893916 1 163 169 4 0
FT 103 254670.248230500 158 156 0 0.0101418133
FT 104 254670.281567083 156 152 0 0.0116436457
FT 105 254670.314903375 152 149 0 0.0105419849
SW 105 254670.314903375 1 166 176 4 0
FT 106 254670.348240000 156 154 0 0.00981648957
FT 107 254670.381576458 154 152 0 0.00896820099
FT 108 254670.414913000 152 148 0 0.00808269682
SW 108 254670.414913000 1 166 175 4 0
FT 109 254670.448249416 153 151 0 0.00968538678
FT 110 254670.481585916 151 149 0 0.0111079849
FT 111 254670.514922416 149 146 0 0.0105328222
SW 111 254670.514922416 1 167 175 3 0
FT 112 254670.548258916 157 154 1 0.0101520882
FT 113 254670.581595416 154 151 0 0.0137193843
FT 114 254670.614931875 151 148 0 0.011031979
SW 114 254670.614931875 1 170 179 4 0
FT 115 254670.648268375 159 155 1 0.0089900782
FT 116 254670.681604958 155 154 0 0.0124728118
FT 117 254670.714941458 154 152 0 0.0124503993
SW 117 254670.714941458 1 175 184 3 0
FT 118 254670.748277833 163 159 1 0.0136471285
FT 119 254670.781614375 159 152 0 0.0199224923
FT 120 254670.814950875 152 151 0 0.020822955
SW 120 254670.814950875 1 177 186 3 0
FT 121 254670.848287416 163 158 0 0.0146740822
FT 122 254670.881623958 158 151 0 0.0154001134
FT 123 254670.914960333 151 147 0 0.0124961025
SW 123 254670.914960333 1 177 188 4 0
FT 124 254670.948296791 156 154 1 0.00385747507
FT 125 254670.981633291 154 152 0 0.00628604835
FT 126 254671.014969833 152 149 0 0.00933189816
SW 126 254671.014969833 1 178 189 4 0
FT 127 254671.048306250 159 157 0 0.00695458233
FT 128 254671.081642791 157 152 0 0.0105874574
FT 129 254671.114979208 152 151 0 0.00922563678
SW 129 254671.114979208 1 180 189 3 0
FT 130 254671.148315833 157 148 0 0.013676566
FT 131 254671.181652166 148 147 0 0.00971884644
FT 132 254671.214988666 147 147 0 0.00706300194
SW 132 254671.214988666 1 178 188 1 0
FT 133 254671.248325208 154 152 0 0.00598348888
FT 134 254671.281661833 152 151 0 0.00562298148
FT 135 254671.314998208 151 150 0 0.00740482973
SW 135 254671.314998208 1 171 185 2 0
FT 136 254671.348334541 160 157 0 0.0097137183
FT 137 254671.381671041 157 153 0 0.00889874939
FT 138 254671.415007708 153 151 0 0.0100444415
SW 138 254671.415007708 1 174 182 2 0
FT 139 254671.448344083 163 158 0 0.0121626116
FT 140 254671.481680541 158 155 0 0.0101643914
FT 141 254671.515017125 155 154 0 0.0103777295
SW 141 254671.515017125 1 177 185 3 0
FT 142 254671.548353625 164 159 0 0.0119429744
FT 143 254671.581690083 159 156 0 0.00870074065
FT 144 254671.615026500 156 153 0 0.0104044799
SW 144 254671.615026500 1 179 190 2 0
FT 145 254671.648363041 162 161 0 0.00728135798
FT 146 254671.681699458 161 158 0 0.00511879265
FT 147 254671.715036000 158 156 0 0.00924740202
SW 147 254671.715036000 1 185 190 2 0
FT 148 254671.748372500 164 160 0 0.00633228525
FT 149 254671.781709041 160 158 0 0.00444199502
FT 150 254671.815045458 158 157 0 0.00500409107
SW 150 254671.815045458 1 180 191 3 0
FT 151 254671.848382000 163 161 0 0.00615463388
FT 152 254671.881718458 161 160 0 0.0100381469
FT 153 254671.915054875 160 148 0 0.0149788476
SW 153 254671.915054875 1 178 186 2 0
FT 154 254671.948391375 160 153 0 0.0230658817
FT 155 254671.981727833 153 151 0 0.0107642718
FT 156 254672.015064208 151 149 0 0.0221639021
SW 156 254672.015064208 1 172 189 6 0
FT 157 254672.048400833 162 156 0 0.0281553672
FT 158 254672.081737375 156 152 0 0.00905212374
FT 159 254672.115073875 152 148 1 0.0121951436
SW 159 254672.115073875 0 172 0 0 0
FT 160 254672.148410291 161 159 0 0.00853563021
FT 161 254672.181746750 159 157 0 0.011004181
FT 162 254672.215083250 157 154 1 0.0139938932
SW 162 254672.215083250 0 172 0 0 0
FT 163 254672.248419666 166 162 0 0.012741664
FT 164 254672.281756208 162 159 0 0.0101334794
FT 165 254672.315092666 159 157 0 0.0100559601
SW 165 254672.315092666 1 186 202 7 0
FT 166 254672.348429208 163 162 0 0.0102384625
FT 167 254672.381765750 162 157 0 0.0098713829
FT 168 254672.415102083 157 154 0 0.00993699412
SW 168 254672.415102083 1 181 199 6 0
FT 169 254672.448438541 166 158 0 0.00970255629
FT 170 254672.481775083 158 153 0 0.00717530186
FT 171 254672.515111666 153 151 0 0.0079099618
SW 171 254672.515111666 1 173 196 15 0
FT 172 254672.548448041 165 157 0 0.0157799837
FT 173 254672.581784666 157 151 0 0.0133213357
FT 174 254672.615120958 151 149 0 0.00959654827
SW 174 254672.615120958 1 179 202 11 0
FT 175 254672.648457458 160 158 0 0.00792211107
FT 176 254672.681793916 158 150 0 0.0126254303
FT 177 254672.715130500 150 147 0 0.0139427234
SW 177 254672.715130500 1 190 199 5 0
FT 178 254672.748466875 158 156 0 0.0117641925
FT 179 254672.781803500 156 153 0 0.00801104852
FT 180 254672.815139833 153 148 0 0.00561848135
SW 180 254672.815139833 1 189 204 6 0
FT 181 254672.848476375 165 161 0 0.00394110969
FT 182 254672.881812750 161 156 0 0.00296267079
FT 183 254672.915149208 156 152 0 0.00893323691
SW 183 254672.915149208 1 192 208 4 0
FT 184 254672.948485791 167 165 1 0.0101655181
FT 185 254672.981822333 165 161 0 0.0074355135
FT 186 254673.015158708 161 158 0 0.00738697645
SW 186 254673.015158708 1 186 208 6 0
FT 187 254673.048495208 167 161 0 0.00650882775
FT 188 254673.081831583 161 152 0 0.0065600414
FT 189 254673.115168208 152 148 0 0.00755319137
SW 189 254673.115168208 1 182 197 4 0
FT 190 254673.148504583 161 155 0 0.00927679147
FT 191 254673.181841208 155 147 0 0.00857041472
FT 192 254673.215177541 147 139 0 0.0110837097
SW 192 254673.215177541 1 180 193 5 0
FT 193 254673.248514083 154 153 0 0.00741655394
FT 194 254673.281850500 153 147 0 0.0061548042
FT 195 254673.315187000 147 144 0 0.00529429225
SW 195 254673.315187000 1 182 196 5 0
FT 196 254673.348523541 152 151 0 0.0062468446
FT 197 254673.381859958 151 149 0 0.00722660436
FT 198 254673.415196375 149 146 0 0.00489273235
SW 198 254673.415196375 1 184 194 4 0
FT 199 254673.448532875 150 149 0 0.00558674535
FT 200 254673.481869291 149 146 0 0.00452578835
FT 201 254673.515205833 146 141 0 0.00614962666
SW 201 254673.515205833 1 173 191 3 0
FT 202 254673.548542333 148 140 0 0.0111182619
FT 203 254673.581878875 140 135 0 0.00886467067
FT 204 254673.615215250 135 132 0 0.00342366002
SW 204 254673.615215250 1 162 181 3 0
FT 205 254673.648551791 147 144 0 0.00264816283
FT 206 254673.681888208 144 144 0 0.00694947991
FT 207 254673.715224708 144 142 0 0.0122802092
SW 207 254673.715224708 1 168 177 3 0
FT 208 254673.748561250 152 146 0 0.0150384845
FT 209 254673.781897708 146 143 0 0.0165809424
FT 210 254673.815234166 143 134 0 0.0161732996
SW 210 254673.815234166 1 172 180 3 0
FT 211 254673.848570583 148 142 0 0.0113855384
FT 212 254673.881907125 142 136 0 0.00897691536
FT 213 254673.915243583 136 133 0 0.00580217875
SW 213 254673.915243583 1 170 182 4 0
FT 214 254673.948580000 147 142 0 0.0102510607
FT 215 254673.981916541 142 137 0 0.0147784097
FT 216 254674.015252958 137 136 0 0.00966123266
SW 216 254674.015252958 1 167 185 4 0
FT 217 254674.048589458 151 148 0 0.0099827156
FT 218 254674.081925958 148 144 0 0.00643398697
FT 219 254674.115262458 144 142 0 0.00670811684
SW 219 254674.115262458 1 176 182 4 0
FT 220 254674.148598916 152 147 0 0.0129134651
FT 221 254674.181935291 147 140 0 0.017710806
FT 222 254674.215271791 140 135 0 0.0218457111
SW 222 254674.215271791 1 166 187 4 0
FT 223 254674.248608291 142 136 0 0.0189372357
FT 224 254674.281944916 136 132 0 0.013749808
FT 225 254674.315281208 132 127 0 0.0180624545
SW 225 254674.315281208 1 161 174 5 0
FT 226 254674.348617750 142 132 0 0.0240950438
FT 227 254674.381954125 132 125 0 0.0215724677
FT 228 254674.415290750 125 121 0 0.0129604679
SW 228 254674.415290750 1 161 173 4 0
FT 229 254674.448627166 138 132 0 0.0194710473
FT 230 254674.481963625 132 127 0 0.0198798351
FT 231 254674.515300083 127 120 0 0.0167859523
SW 231 254674.515300083 1 161 171 5 0
FT 232 254674.548636541 130 120 0 0.0191253468
FT 233 254674.581973041 120 113 0 0.0174541159
FT 234 254674.615309500 113 93 0 0.0343690854
SW 234 254674.615309500 1 149 168 5 0
FT 235 254674.648646041 107 94 0 0.0399430278
FT 236 254674.681982625 94 90 0 0.0210180269
FT 237 254674.715318916 90 83 0 0.0157523852
SW 237 254674.715318916 1 140 160 8 0
FT 238 254674.748655291 102 96 0 0.00909421555
FT 239 254674.781991833 96 94 0 0.0109795604
FT 240 254674.815328333 94 94 0 0.00817843478
SW 240 254674.815328333 1 141 162 8 0
FT 241 254674.848664750 113 107 0 0.00580399062
FT 242 254674.882001250 107 101 0 0.0123882549
FT 243 254674.915337750 101 97 0 0.00908253624
SW 243 254674.915337750 1 146 160 7 0
FT 244 254674.948674125 115 110 0 0.0113124694
FT 245 254674.982010583 110 102 0 0.0161981732
FT 246 254675.015347000 102 88 0 0.0202621785
SW 246 254675.015347000 1 126 161 6 0
FT 247 254675.048683458 109 96 0 0.0194448179
FT 248 254675.082019958 96 94 0 0.00952299507
FT 249 254675.115356541 94 92 0 0.00908218038
SW 249 254675.115356541 1 125 147 6 0
FT 250 254675.148693041 113 104 0 0.00973931352
FT 251 254675.182029458 104 98 0 0.0106233259
FT 252 254675.215365833 98 93 0 0.00794459117
SW 252 254675.215365833 1 140 147 4 0
FT 253 254675.248702333 114 112 0 0.0108333479
FT 254 254675.282038875 112 108 0 0.0128086015
FT 255 254675.315375291 108 94 0 0.0229032804
SW 255 254675.315375291 1 146 157 3 0
FT 256 254675.348711750 105 97 0 0.0220587825
FT 257 254675.382048250 97 96 0 0.0223210054
FT 258 254675.415384708 96 91 0 0.0244174031
SW 258 254675.415384708 1 132 154 5 0
FT 259 254675.448721125 100 94 0 0.0295374241
FT 260 254675.482057625 94 92 0 0.0282109531
FT 261 254675.515394041 92 91 0 0.0243746847
SW 261 254675.515394041 1 127 143 5 0
FT 262 254675.548730583 102 99 0 0.0214597494
FT 263 254675.582067125 99 94 0 0.0167077163
FT 264 254675.615403541 94 91 0 0.015165698
SW 264 254675.615403541 1 116 140 9 0
FT 265 254675.648740041 103 96 0 0.0122134598
FT 266 254675.682076375 96 91 0 0.0128191809
FT 267 254675.715412875 91 87 0 0.0155498389
SW 267 254675.715412875 1 108 132 12 0
FT 268 254675.748749416 100 93 0 0.0193522961
FT 269 254675.782085916 93 91 0 0.019779466
FT 270 254675.815422250 91 86 0 0.0167568004
SW 270 254675.815422250 1 111 130 11 0
FT 271 254675.848758791 98 88 0 0.0151225084
FT 272 254675.882095208 88 82 0 0.0107225454
FT 273 254675.915431666 82 81 0 0.00418364454
SW 273 254675.915431666 1 116 131 9 0
FT 274 254675.948768208 100 95 0 0.0058789994
FT 275 254675.982104666 95 94 0 0.00469846859
FT 276 254676.015441000 94 92 0 0.00665320206
SW 276 254676.015441000 1 127 143 8 0
FT 277 254676.048777541 106 104 0 0.00660089342
FT 278 254676.082114000 104 102 0 0.00385187216
FT 279 254676.115450541 102 101 0 0.00288386301
SW 279 254676.115450541 1 129 148 8 0
FT 280 254676.148786916 108 103 0 0.00498739592
FT 281 254676.182123500 103 97 0 0.0106919205
FT 282 254676.215459791 97 96 0 0.00364080493
SW 282 254676.215459791 1 124 142 7 0
FT 283 254676.248796416 109 108 0 0.0100743392
FT 284 254676.282132833 108 106 0 0.0022664034
FT 285 254676.315469333 106 104 0 0.00251131482
SW 285 254676.315469333 1 119 142 9 0
FT 286 254676.348805666 112 111 0 0.00214641126
FT 287 254676.382142291 111 106 0 0.00434587964
FT 288 254676.415478583 106 103 0 0.00565251963
SW 288 254676.415478583 1 122 136 7 0
FT 289 254676.448815083 111 108 0 0.00372929013
FT 290 254676.482151500 108 107 0 0.00650415576
FT 291 254676.515488083 107 106 0 0.00835905384
SW 291 254676.515488083 1 128 136 4 0
FT 292 254676.548824541 118 116 0 0.00906530511
FT 293 254676.582160958 116 115 0 0.012974476
FT 294 254676.615497333 115 114 0 0.0074983515
SW 294 254676.615497333 1 130 144 4 0
FT 295 254676.648833833 119 117 0 0.00150175678
FT 296 254676.682170375 117 115 0 0.0178831455
FT 297 254676.715506833 115 112 0 0.00855958577
SW 297 254676.715506833 1 132 138 3 0
FT 298 254676.748843166 120 120 0 0.00258073491
FT 299 254676.782179708 120 117 0 0.00422737862
FT 300 254676.815516166 117 115 0 0.00786836142
SW 300 254676.815516166 1 129 142 4 0
FT 301 254676.848852666 123 121 0 0.0127159726
FT 302 254676.882189083 121 119 0 0.00850632498
FT 303 254676.915525583 119 117 0 0.00838559505
SW 303 254676.915525583 1 132 140 4 0
FT 304 254676.948861958 126 122 0 0.0146636814
FT 305 254676.982198500 122 120 0 0.00683289825
FT 306 254677.015534833 120 118 0 0.00670321163
SW 306 254677.015534833 1 136 144 4 0
FT 307 254677.048871375 132 129 0 0.00451646311
FT 308 254677.082207916 129 129 0 0.00258477271
FT 309 254677.115544208 129 126 0 0.00241433813
SW 309 254677.115544208 1 144 153 3 0
FT 310 254677.148880708 134 132 0 0.00255212976
FT 311 254677.182217166 132 130 0 0.00705005577
FT 312 254677.215553666 130 127 0 0.00708962568
SW 312 254677.215553666 1 146 153 3 0
FT 313 254677.248890125 134 131 0 0.00999498007
FT 314 254677.282226583 131 123 0 0.0125808397
FT 315 254677.315563041 123 120 0 0.0129988316
SW 315 254677.315563041 1 145 153 3 0
FT 316 254677.348899541 134 128 0 0.0145656835
FT 317 254677.382236000 128 126 0 0.00757321861
FT 318 254677.415572375 126 122 0 0.00877413006
SW 318 254677.415572375 1 150 158 1 0
FT 319 254677.448908875 132 127 0 0.011839855
FT 320 254677.482245208 127 124 0 0.00960359268
FT 321 254677.515581750 124 121 0 0.00845798565
SW 321 254677.515581750 1 154 159 0 0
FT 322 254677.548918166 131 129 0 0.0164247609
FT 323 254677.582254625 129 124 0 0.0104245786
FT 324 254677.615591083 124 121 0 0.0108490136
SW 324 254677.615591083 1 158 163 0 0
FT 325 254677.648927666 132 131 0 0.0175952215
FT 326 254677.682264166 131 127 0 0.0161884659
FT 327 254677.715600500 127 125 0 0.0159050094
SW 327 254677.715600500 1 155 167 1 0
FT 328 254677.748937000 142 142 0 0.0107003164
FT 329 254677.782273416 142 139 0 0.0129874385
FT 330 254677.815609958 139 134 0 0.0111139593
SW 330 254677.815609958 1 158 167 1 0
FT 331 254677.848946458 148 144 0 0.0148451521
FT 332 254677.882282791 144 139 0 0.0211587736
FT 333 254677.915619250 139 138 0 0.00785525185
SW 333 254677.915619250 1 161 171 1 0
FT 334 254677.948955833 145 144 0 0.00660340031
FT 335 254677.982292166 144 142 0 0.0131751631
FT 336 254678.015628708 142 138 0 0.00699958672
SW 336 254678.015628708 1 158 168 1 0
FT 337 254678.048965208 153 150 0 0.00965532192
FT 338 254678.082301625 150 149 0 0.00442791354
FT 339 254678.115638041 149 142 0 0.00672876801
SW 339 254678.115638041 1 164 170 1 0
FT 340 254678.148974541 147 137 0 0.0165163984
FT 341 254678.182310958 137 136 0 0.00630717791
FT 342 254678.215647500 136 134 0 0.00649064484
SW 342 254678.215647500 1 166 169 1 0
FT 343 254678.248983875 139 135 0 0.0111609193
FT 344 254678.282320333 135 128 0 0.0139553548
FT 345 254678.315656833 128 127 0 0.0151437742
SW 345 254678.315656833 1 161 170 1 0
FT 346 254678.348993166 132 130 0 0.0111674735
FT 347 254678.382329583 130 124 0 0.0110416874
FT 348 254678.415666125 124 121 0 0.0140883299
SW 348 254678.415666125 1 157 164 1 0
FT 349 254678.449002666 130 128 0 0.0138541602
FT 350 254678.482338958 128 126 0 0.0142811696
FT 351 254678.515675458 126 124 0 0.0128082811
SW 351 254678.515675458 1 157 165 1 0
FT 352 254678.549012000 131 128 0 0.0187252173
FT 353 254678.582348416 128 125 0 0.0236895021
FT 354 254678.615684833 125 122 0 0.018744054
SW 354 254678.615684833 1 149 162 1 0
FT 355 254678.649021375 131 128 0 0.0119945594
FT 356 254678.682357708 128 127 0 0.0107578052
FT 357 254678.715694208 127 126 0 0.0183408215
SW 357 254678.715694208 1 146 157 1 0
FT 358 254678.749030666 134 128 0 0.0200172149
FT 359 254678.782367083 128 124 0 0.0193261116
FT 360 254678.815703541 124 123 0 0.0112085911
SW 360 254678.815703541 1 144 154 2 0
FT 361 254678.849040083 130 129 0 0.0153959706
FT 362 254678.882376541 129 126 0 0.0223913644
FT 363 254678.915712958 126 125 0 0.0122901304
SW 363 254678.915712958 1 146 152 2 0
FT 364 254678.949049375 133 126 0 0.0157153407
FT 365 254678.982385875 126 123 0 0.0138992038
FT 366 254679.015722291 123 116 0 0.0107234582
SW 366 254679.015722291 1 147 154 1 0
FT 367 254679.049058750 127 122 0 0.014225922
FT 368 254679.082395166 122 120 0 0.0114199063
FT 369 254679.115731583 120 116 0 0.0157128844
SW 369 254679.115731583 1 151 156 2 0
FT 370 254679.149068125 128 115 0 0.019597863
FT 371 254679.182404625 115 104 0 0.0207590007
FT 372 254679.215740916 104 93 0 0.0218151538
SW 372 254679.215740916 1 144 161 7 0
FT 373 254679.249077375 101 79 0 0.0306602337
FT 374 254679.282413958 79 74 0 0.0242320979
FT 375 254679.315750375 74 71 0 0.0181790874
SW 375 254679.315750375 1 145 156 7 0
FT 376 254679.349086791 93 89 0 0.0131461789
FT 377 254679.382423291 89 84 0 0.0215213836
FT 378 254679.415759666 84 78 0 0.035035367
SW 378 254679.415759666 1 145 167 7 0
FT 379 254679.449096083 98 92 0 0.0286381233
FT 380 254679.482432625 92 80 0 0.0146488951
FT 381 254679.515769041 80 51 0 0.0447962483
SW 381 254679.515769041 1 136 157 13 0
FT 382 254679.549105458 65 50 0 0.0480773174
FT 383 254679.582441958 50 46 0 0.0323714878
FT 384 254679.615778416 46 41 0 0.033788512
SW 384 254679.615778416 1 109 155 15 0
FT 385 254679.649114875 61 58 0 0.0193587217
FT 386 254679.682451208 58 57 0 0.0291464879
FT 387 254679.715787708 57 54 0 0.0295180434
SW 387 254679.715787708 1 90 137 20 0
FT 388 254679.749124166 72 72 0 0.0310102959
FT 389 254679.782460791 72 69 0 0.0244692673
FT 390 254679.815797166 69 66 0 0.0252007325
SW 390 254679.815797166 1 95 124 21 0
FT 391 254679.849133625 75 70 0 0.0311743835
FT 392 254679.882469916 70 57 0 0.0399168536
FT 393 254679.915806500 57 49 0 0.0507238222
SW 393 254679.915806500 1 48 119 39 0
FT 394 254679.949142916 83 71 0 0.0181965272
FT 395 254679.982479250 71 63 0 0.0210141523
FT 396 254680.015815833 63 59 0 0.0160649061
SW 396 254680.015815833 1 57 103 30 0
FT 397 254680.049152291 75 65 0 0.0135270286
FT 398 254680.082488583 65 57 0 0.0123556624
FT 399 254680.115825125 57 54 0 0.00520416422
SW 399 254680.115825125 1 76 97 21 0
FT 400 254680.149161583 71 69 0 0.0158609267
FT 401 254680.182498000 69 62 0 0.00430841584
FT 402 254680.215834458 62 53 0 0.0109399276
SW 402 254680.215834458 1 78 106 26 0
FT 403 254680.249171000 72 63 0 0.00431144863
FT 404 254680.282507291 63 52 0 0.0150384006
FT 405 254680.315843791 52 44 0 0.0157957651
SW 405 254680.315843791 1 70 112 22 0
FT 406 254680.349180250 74 64 0 0.0129602134
FT 407 254680.382516708 64 63 0 0.00919266579
FT 408 254680.415853166 63 55 0 0.01267316
SW 408 254680.415853166 1 87 109 16 0
FT 409 254680.449189625 78 66 0 0.0131250152
FT 410 254680.482526083 66 63 0 0.00657141454
FT 411 254680.515862416 63 62 0 0.0154129148
SW 411 254680.515862416 1 86 115 14 0
FT 412 254680.549198833 82 79 0 0.015765115
FT 413 254680.582535291 79 65 0 0.0111250472
FT 414 254680.615871750 65 53 0 0.0232536286
SW 414 254680.615871750 1 77 106 19 0
FT 415 254680.649208250 82 67 0 0.0120316494
FT 416 254680.682544666 67 66 0 0.0100486075
FT 417 254680.715881125 66 60 0 0.0112308872
SW 417 254680.715881125 1 76 110 17 0
FT 418 254680.749217583 84 80 0 0.0146946225
FT 419 254680.782553958 80 76 0 0.0139760437
FT 420 254680.815890416 76 75 0 0.0113609518
SW 420 254680.815890416 1 91 114 17 0
FT 421 254680.849226958 90 90 0 0.0182944352
FT 422 254680.882563375 90 86 0 0.0183490532
FT 423 254680.915899875 86 81 0 0.0145876729
SW 423 254680.915899875 1 95 118 18 0
FT 424 254680.949236208 101 99 0 0.0123309582
FT 425 254680.982572625 99 95 0 0.0248236318
FT 426 254681.015909083 95 89 0 0.0242593254
SW 426 254681.015909083 1 92 126 19 0
FT 427 254681.049245583 101 93 0 0.00907892904
FT 428 254681.082582125 93 89 0 0.016874517
FT 429 254681.115918458 89 78 0 0.0437917919
SW 429 254681.115918458 1 92 117 18 0
FT 430 254681.149254916 93 82 0 0.0483396376
FT 431 254681.182591375 82 79 0 0.0308917422
FT 432 254681.215927875 79 76 0 0.0190177351
SW 432 254681.215927875 1 89 118 23 0
FT 433 254681.249264125 89 87 0 0.0170634248
FT 434 254681.282600708 87 83 0 0.0182839512
FT 435 254681.315937041 83 78 0 0.0185276726
SW 435 254681.315937041 1 92 120 24 0
FT 436 254681.349273625 91 86 0 0.0130678373
FT 437 254681.382609875 86 82 0 0.012010189
FT 438 254681.415946375 82 82 0 0.0108422818
SW 438 254681.415946375 1 102 126 19 0
FT 439 254681.449282875 95 95 0 0.00825088566
FT 440 254681.482619375 95 94 0 0.0118055687
FT 441 254681.515955708 94 90 0 0.0130779421
SW 441 254681.515955708 1 97 133 19 0
FT 442 254681.549292250 96 86 0 0.0216555907
FT 443 254681.582628666 86 83 0 0.0202076662
FT 444 254681.615965125 83 82 0 0.0142555395
SW 444 254681.615965125 1 91 120 19 0
FT 445 254681.649301541 98 95 0 0.0149600169
FT 446 254681.682638000 95 89 0 0.0156029259
FT 447 254681.715974458 89 75 0 0.0212408183
SW 447 254681.715974458 1 97 118 15 0
FT 448 254681.749310833 97 83 0 0.0230813706
FT 449 254681.782647208 83 60 0 0.0405823325
FT 450 254681.815983750 60 50 0 0.0637771423
SW 450 254681.815983750 1 91 118 21 0
FT 451 254681.849320208 80 54 0 0.0501636065
FT 452 254681.882656583 54 37 0 0.035749459
FT 453 254681.915993000 37 24 0 0.0391674713
SW 453 254681.915993000 1 93 118 21 0
FT 454 254681.949329500 88 50 0 0.0317248735
FT 455 254681.982665833 50 43 0 0.0227819871
FT 456 254682.016002291 43 42 0 0.0282386549
SW 456 254682.016002291 1 106 139 21 0
FT 457 254682.049338791 112 71 0 0.0310612647
FT 458 254682.082675250 71 53 0 0.0392717206
FT 459 254682.116011708 53 44 0 0.0443701469
SW 459 254682.116011708 1 95 146 36 0
FT 460 254682.149348125 123 112 0 0.0237798112
FT 461 254682.182684583 112 106 0 0.017881442
FT 462 254682.216021000 106 92 0 0.0306095342
SW 462 254682.216021000 1 120 188 37 0
FT 463 254682.249357375 146 115 0 0.0377360424
FT 464 254682.282693750 115 94 0 0.0438784184
FT 465 254682.316030250 94 83 0 0.0357544593
SW 465 254682.316030250 1 126 182 24 0
FT 466 254682.349366750 136 117 0 0.0284190391
FT 467 254682.382703250 117 105 0 0.0338025925
FT 468 254682.416039583 105 94 0 0.0389861382
SW 468 254682.416039583 1 153 183 23 0
FT 469 254682.449375958 158 113 0 0.0412774212
FT 470 254682.482712416 113 89 0 0.0598695438
FT 471 254682.516048875 89 85 0 0.0375508946
SW 471 254682.516048875 1 159 198 22 0
FT 472 254682.549385333 136 128 0 0.0227423658
FT 473 254682.582721791 128 126 0 0.00322301229
FT 474 254682.616058250 126 120 0 0.0208324355
SW 474 254682.616058250 1 183 213 21 0
FT 475 254682.649394666 153 135 0 0.0289137256
FT 476 254682.682731083 135 118 0 0.0373136409
FT 477 254682.716067541 118 99 0 0.0514050256
SW 477 254682.716067541 1 161 215 19 0
FT 478 254682.749404041 127 102 0 0.05443866
FT 479 254682.782740541 102 98 0 0.0276311775
FT 480 254682.816076833 98 97 0 0.0121140623
SW 480 254682.816076833 1 131 199 41 4
FT 481 254682.849413333 144 131 0 0.028698361
FT 482 254682.882749625 131 116 0 0.0306099815
FT 483 254682.916086250 116 112 0 0.0192396923
SW 483 254682.916086250 1 127 205 45 4
FT 484 254682.949422583 146 137 0 0.0170943632
FT 485 254682.982759000 137 125 0 0.0188112451
FT 486 254683.016095458 125 116 0 0.0200659533
SW 486 254683.016095458 1 137 195 47 4
FT 487 254683.049431958 155 133 0 0.0296480749
FT 488 254683.082768291 133 114 0 0.0283110475
FT 489 254683.116104750 114 110 0 0.022402053
SW 489 254683.116104750 1 114 208 58 3
FT 490 254683.149441125 156 140 0 0.0215202983
FT 491 254683.182777666 140 132 0 0.0165311042
FT 492 254683.216114125 132 121 0 0.0107594333
SW 492 254683.216114125 1 109 202 81 1
FT 493 254683.249450541 154 142 0 0.00609339096
FT 494 254683.282786791 142 138 0 0.00579049283
FT 495 254683.316123458 138 130 0 0.00143833535
SW 495 254683.316123458 1 124 211 74 1
FT 496 254683.349459750 163 152 0 0.000880710354
FT 497 254683.382796208 152 144 0 0.0151554127
FT 498 254683.416132541 144 134 0 0.0232496879
SW 498 254683.416132541 1 137 217 65 0
FT 499 254683.449469000 162 141 0 0.0205756436
FT 500 254683.482805458 141 131 0 0.0150523507
FT 501 254683.516142000 131 120 0 0.00850284204
SW 501 254683.516142000 1 130 217 61 0
FT 502 254683.549478291 160 148 0 0.0135496172
FT 503 254683.582814791 148 129 0 0.0232007464
FT 504 254683.616151208 129 113 0 0.0214049785
SW 504 254683.616151208 1 137 207 54 0
FT 505 254683.649487666 155 120 0 0.0110097832
FT 506 254683.682824000 120 106 0 0.0133327649
FT 507 254683.716160458 106 95 0 0.00513879173
SW 507 254683.716160458 1 156 205 38 0
FT 508 254683.749496916 156 122 0 0.0113693597
FT 509 254683.782833375 122 109 0 0.0155430514
FT 510 254683.816169833 109 104 0 0.0191260917
SW 510 254683.816169833 1 173 221 33 0
FT 511 254683.849506333 152 130 0 0.0145023768
FT 512 254683.882842625 130 114 0 0.0208038778
FT 513 254683.916179166 114 100 0 0.0196843616
SW 513 254683.916179166 1 167 228 32 0
FT 514 254683.949515500 150 136 0 0.0176163713
FT 515 254683.982851916 136 110 0 0.0131345816
FT 516 254684.016188375 110 96 0 0.0142814603
SW 516 254684.016188375 1 171 221 27 0
FT 517 254684.049524833 156 127 0 0.0233794681
FT 518 254684.082861166 127 102 0 0.0132626091
FT 519 254684.116197666 102 83 0 0.010842213
SW 519 254684.116197666 1 160 218 26 0
FT 520 254684.149534125 156 118 0 0.0165070627
FT 521 254684.182870500 118 95 0 0.0152161751
FT 522 254684.216206916 95 78 0 0.0122033961
SW 522 254684.216206916 1 173 214 23 0
FT 523 254684.249543458 148 93 0 0.00483124469
FT 524 254684.282879708 93 82 0 0.0110958655
FT 525 254684.316216208 82 73 0 0.0198149005
SW 525 254684.316216208 1 175 222 21 0
FT 526 254684.349552666 151 104 0 0.0139382133
FT 527 254684.382889125 104 87 0 0.0131383673
FT 528 254684.416225458 87 79 0 0.016815798
SW 528 254684.416225458 1 180 225 19 0
FT 529 254684.449561916 143 122 0 0.016896655
FT 530 254684.482898416 122 108 0 0.0206316604
FT 531 254684.516234791 108 103 0 0.0218918701
SW 531 254684.516234791 1 182 235 20 0
FT 532 254684.549571208 143 132 0 0.0239678683
FT 533 254684.582907666 132 119 0 0.0221225454
FT 534 254684.616244166 119 115 0 0.0187595947
SW 534 254684.616244166 1 181 230 16 0
FT 535 254684.649580500 141 131 0 0.0244800717
FT 536 254684.682916916 131 125 0 0.0253111903
FT 537 254684.716253375 125 120 0 0.0157669226
SW 537 254684.716253375 1 166 216 19 0
FT 538 254684.749589750 149 139 0 0.0132431245
FT 539 254684.782926166 139 127 0 0.0263074481
FT 540 254684.816262541 127 119 0 0.0269338988
SW 540 254684.816262541 1 162 202 17 0
FT 541 254684.849599041 146 133 0 0.00847282685
FT 542 254684.882935583 133 129 0 0.00683276732
FT 543 254684.916271791 129 125 0 0.0150609217
SW 543 254684.916271791 1 170 197 15 0
FT 544 254684.949608333 143 137 0 0.020310373
FT 545 254684.982944833 137 131 0 0.0127616821
FT 546 254685.016281291 131 127 0 0.00986075323
SW 546 254685.016281291 1 174 201 11 0
FT 547 254685.049617666 153 146 0 0.018443484
FT 548 254685.082954041 146 130 0 0.0322824873
FT 549 254685.116290416 130 119 0 0.0310006311
SW 549 254685.116290416 1 175 201 12 0
FT 550 254685.149626791 150 143 0 0.0185785233
FT 551 254685.182963333 143 133 0 0.00782581494
FT 552 254685.216299750 133 122 0 0.0143141959
SW 552 254685.216299750 1 181 209 10 0
FT 553 254685.249636125 154 149 0 0.0209534404
FT 554 254685.282972625 149 129 0 0.0142919356
FT 555 254685.316309000 129 120 0 0.0065165088
SW 555 254685.316309000 1 183 206 11 0
FT 556 254685.349645458 159 146 0 0.00808479147
FT 557 254685.382981958 146 142 0 0.0179491538
FT 558 254685.416318208 142 136 0 0.0121405264
SW 558 254685.416318208 1 198 223 11 0
FT 559 254685.449654625 158 144 0 0.00413837371
FT 560 254685.482991083 144 121 0 0.0153468409
FT 561 254685.516327583 121 99 0 0.0115810813
SW 561 254685.516327583 1 185 220 11 0
FT 562 254685.549663916 145 138 0 0.00419134449
FT 563 254685.583000416 138 114 0 0.00880022794
FT 564 254685.616336750 114 109 0 0.0066668602
SW 564 254685.616336750 1 195 226 12 0
FT 565 254685.649673250 148 145 0 0.0068945337
FT 566 254685.683009625 145 138 0 0.00386084274
FT 567 254685.716346083 138 126 0 0.0102969918
SW 567 254685.716346083 1 202 235 16 0
FT 568 254685.749682541 154 148 0 0.0087447195
FT 569 254685.783018875 148 137 0 0.00769144002
FT 570 254685.816355458 137 131 0 0.00732188683
SW 570 254685.816355458 1 214 242 15 0
FT 571 254685.849691666 156 152 0 0.00440028472
FT 572 254685.883028208 152 148 0 0.00976445484
FT 573 254685.916364625 148 148 0 0.0101500325
SW 573 254685.916364625 1 187 251 16 0
FT 574 254685.949701041 154 152 0 0.00571385965
FT 575 254685.983037500 152 149 0 0.00647451338
FT 576 254686.016373875 149 145 0 0.00402187057
SW 576 254686.016373875 1 174 208 14 0
FT 577 254686.049710250 156 153 0 0.00447458128
FT 578 254686.083046666 153 150 0 0.0124472207
FT 579 254686.116383125 150 149 0 0.012266219
SW 579 254686.116383125 1 175 196 10 0
FT 580 254686.149719541 159 157 0 0.00676411494
FT 581 254686.183056125 157 153 0 0.0038815377
FT 582 254686.216392375 153 149 0 0.00589191665
SW 582 254686.216392375 1 166 194 9 0
FT 583 254686.249728833 162 158 0 0.00457471447
FT 584 254686.283065333 158 152 0 0.00583475402
FT 585 254686.316401708 152 145 0 0.00961133554
SW 585 254686.316401708 1 170 183 8 0
FT 586 254686.349738083 163 145 0 0.00122328155
FT 587 254686.383074541 145 130 0 0.0112653177
FT 588 254686.416410958 130 120 0 0.00924638711
SW 588 254686.416410958 1 174 188 6 0
FT 589 254686.449747458 153 133 0 0.00877691274
FT 590 254686.483083666 133 118 0 0.0107177969
FT 591 254686.516420166 118 107 0 0.0112609806
SW 591 254686.516420166 1 184 194 6 0
FT 592 254686.549756625 153 130 0 0.0138915881
FT 593 254686.583093208 130 108 0 0.0175748679
FT 594 254686.616429458 108 97 0 0.00998011266
SW 594 254686.616429458 1 190 204 5 0
FT 595 254686.649765916 153 137 0 0.00702684626
FT 596 254686.683102250 137 127 0 0.0116564783
FT 597 254686.716438833 127 120 0 0.0116737211
SW 597 254686.716438833 1 209 228 7 0
FT 598 254686.749775166 159 144 0 0.00867245894
FT 599 254686.783111583 144 135 0 0.00830465858
FT 600 254686.816448000 135 131 0 0.00740992805
SW 600 254686.816448000 1 200 243 8 0
FT 601 254686.849784500 164 154 0 0.00854768364
FT 602 254686.883120833 154 144 0 0.00839370444
FT 603 254686.916457250 144 136 0 0.00740437954
SW 603 254686.916457250 1 197 231 7 0
FT 604 254686.949793625 162 152 0 0.00722726796
FT 605 254686.983130125 152 141 0 0.00758978808
FT 606 254687.016466500 141 133 0 0.009440335
SW 606 254687.016466500 1 188 218 6 0
FT 607 254687.049802916 165 152 0 0.0101318625
FT 608 254687.083139375 152 136 0 0.0111944787
FT 609 254687.116475708 136 131 0 0.0067565161
SW 609 254687.116475708 1 199 215 6 0
FT 610 254687.149812166 160 148 0 0.00507217717
FT 611 254687.183148541 148 140 0 0.00456326204
FT 612 254687.216484958 140 134 0 0.0071032116
SW 612 254687.216484958 1 201 224 7 0
FT 613 254687.249821416 162 139 0 0.0137363346
FT 614 254687.283157875 139 132 0 0.0143784852
FT 615 254687.316494208 132 132 0 0.01350604
SW 615 254687.316494208 1 205 230 7 0
FT 616 254687.349830541 155 153 0 0.0111869025
FT 617 254687.383167000 153 146 0 0.00852569831
FT 618 254687.416503416 146 145 0 0.00634563348
SW 618 254687.416503416 1 206 230 7 0
FT 619 254687.449839958 158 153 0 0.00732537064
FT 620 254687.483176291 153 152 0 0.0106070555
FT 621 254687.516512708 152 146 0 0.0146785774
SW 621 254687.516512708 1 194 224 7 0
FT 622 254687.549849166 166 163 0 0.0145860376
FT 623 254687.583185541 163 162 0 0.0112323775
FT 624 254687.616522000 162 154 0 0.0100406656
SW 624 254687.616522000 1 197 216 3 0
FT 625 254687.649858416 179 167 0 0.0067792068
FT 626 254687.683194791 167 162 0 0.00515220024
FT 627 254687.716531250 162 155 0 0.0123434383
SW 627 254687.716531250 1 191 218 3 0
FT 628 254687.749867666 174 167 0 0.00826627145
FT 629 254687.783204125 167 161 0 0.00804589651
FT 630 254687.816540416 161 153 0 0.0171253524
SW 630 254687.816540416 1 201 209 3 0
FT 631 254687.849876833 169 165 0 0.0105926496
FT 632 254687.883213333 165 154 0 0.0129242562
FT 633 254687.916549791 154 147 0 0.0223518909
SW 633 254687.916549791 1 199 212 3 0
FT 634 254687.949886083 167 162 0 0.018921795
FT 635 254687.983222541 162 146 0 0.0119080128
FT 636 254688.016558916 146 136 0 0.00759228616
SW 636 254688.016558916 1 201 214 6 0
FT 637 254688.049895416 155 142 0 0.00508956811
FT 638 254688.083231791 142 132 0 0.00558426799
FT 639 254688.116568250 132 126 0 0.020895827
SW 639 254688.116568250 1 193 216 6 0
FT 640 254688.149904666 148 144 0 0.0218158895
FT 641 254688.183241041 144 142 0 0.0159233004
FT 642 254688.216577458 142 137 0 0.0170320269
SW 642 254688.216577458 1 194 218 7 0
FT 643 254688.249913958 155 146 0 0.0175927077
FT 644 254688.283250416 146 138 0 0.0272343286
FT 645 254688.316586666 138 126 0 0.0244385136
SW 645 254688.316586666 1 189 213 10 0
FT 646 254688.349923166 147 138 0 0.013392899
FT 647 254688.383259541 138 128 0 0.0216028227
FT 648 254688.416595916 128 113 0 0.0127684592
SW 648 254688.416595916 1 172 206 11 0
FT 649 254688.449932333 138 116 0 0.00886039677
FT 650 254688.483268750 116 102 0 0.00305692847
FT 651 254688.516605125 102 95 0 0.0158254185
SW 651 254688.516605125 1 163 193 11 0
FT 652 254688.549941625 154 136 0 0.00850479987
FT 653 254688.583277958 136 122 0 0.0064041823
FT 654 254688.616614375 122 108 0 0.00255848603
SW 654 254688.616614375 1 187 204 9 0
FT 655 254688.649950875 136 121 0 0.0114650231
FT 656 254688.683287250 121 112 0 0.0186675137
FT 657 254688.716623666 112 105 0 0.0131219891
SW 657 254688.716623666 1 180 210 7 0
FT 658 254688.749960041 147 138 0 0.0115977527
FT 659 254688.783296416 138 127 0 0.0139270315
FT 660 254688.816632791 127 114 0 0.0224780183
SW 660 254688.816632791 1 175 201 6 0
FT 661 254688.849969291 151 135 0 0.0287062142
FT 662 254688.883305625 135 127 0 0.0212402467
FT 663 254688.916642083 127 122 0 0.00191797946
SW 663 254688.916642083 1 162 200 10 0
FT 664 254688.949978541 140 131 0 0.00508914396
FT 665 254688.983314916 131 127 0 0.0191956917
FT 666 254689.016651333 127 121 0 0.0196730025
SW 666 254689.016651333 1 156 184 11 0
FT 667 254689.049987791 150 125 0 0.0105206001
FT 668 254689.083324125 125 102 0 0.0165259692
FT 669 254689.116660541 102 89 0 0.0213926095
SW 669 254689.116660541 1 144 173 12 0
FT 670 254689.149996833 126 111 0 0.00701696445
FT 671 254689.183333416 111 100 0 0.012151146
FT 672 254689.216669708 100 84 0 0.027810647
SW 672 254689.216669708 1 157 173 11 0
FT 673 254689.250006125 108 89 0 0.0256989481
FT 674 254689.283342583 89 80 0 0.0150405193
FT 675 254689.316679000 80 72 0 0.0214506664
SW 675 254689.316679000 1 154 180 15 0
FT 676 254689.350015458 112 93 0 0.0190536223
FT 677 254689.383351833 93 78 0 0.0182269939
FT 678 254689.416688166 78 66 0 0.0217422889
SW 678 254689.416688166 1 145 182 24 0
FT 679 254689.450024625 140 103 0 0.0162846273
FT 680 254689.483361083 103 83 0 0.0186789395
FT 681 254689.516697500 83 76 0 0.0146627381
SW 681 254689.516697500 1 130 192 23 1
FT 682 254689.550033791 109 86 0 0.0178652631
FT 683 254689.583370291 86 56 0 0.024856065
FT 684 254689.616706583 56 44 0 0.0300616452
SW 684 254689.616706583 1 103 157 30 1
FT 685 254689.650043041 116 47 0 0.0358161245
FT 686 254689.683379416 47 33 0 0.03505129
FT 687 254689.716715958 33 29 0 0.0221944047
SW 687 254689.716715958 1 92 139 23 1
FT 688 254689.750052291 76 47 0 0.026862575
FT 689 254689.783388666 47 34 0 0.0226212697
FT 690 254689.816725083 34 31 0 0.0102214805
SW 690 254689.816725083 1 70 127 37 1
FT 691 254689.850061625 87 53 0 0.0191974776
FT 692 254689.883397916 53 47 0 0.00422217388
FT 693 254689.916734333 47 40 0 0.0193381455
SW 693 254689.916734333 1 73 122 35 1
FT 694 254689.950070708 90 46 0 0.0152177536
FT 695 254689.983407208 46 35 0 0.027332597
FT 696 254690.016743500 35 32 0 0.0346617142
SW 696 254690.016743500 1 53 115 27 0
FT 697 254690.050079916 48 40 0 0.0243678639
FT 698 254690.083416333 40 30 0 0.0196335347
FT 699 254690.116752875 30 28 0 0.0211481279
SW 699 254690.116752875 1 39 86 27 0
FT 700 254690.150089250 63 52 0 0.00573496782
FT 701 254690.183425666 52 43 0 0.00568824119
FT 702 254690.216761916 43 39 0 0.00515725561
SW 702 254690.216761916 1 51 82 22 0
FT 703 254690.250098375 63 54 0 0.0117640172
FT 704 254690.283434791 54 42 0 0.0112951159
FT 705 254690.316771208 42 36 0 0.0166254803
SW 705 254690.316771208 1 58 81 18 0
FT 706 254690.350107666 77 58 0 0.0196855248
FT 707 254690.383444000 58 45 0 0.0223974151
FT 708 254690.416780416 45 45 0 0.0106148081
SW 708 254690.416780416 1 64 96 18 0
FT 709 254690.450116875 97 79 0 0.0213186932
FT 710 254690.483453208 79 63 0 0.0250213001
FT 711 254690.516789625 63 60 0 0.00606868794
SW 711 254690.516789625 1 47 107 50 0
FT 712 254690.550126125 91 71 0 0.007449516
FT 713 254690.583462458 71 64 0 0.0238850717
FT 714 254690.616798916 64 58 0 0.028292001
SW 714 254690.616798916 1 54 109 50 0
FT 715 254690.650135333 103 70 0 0.0243689615
FT 716 254690.683471625 70 62 0 0.0237360621
FT 717 254690.716808083 62 57 0 0.0255495837
SW 717 254690.716808083 1 64 119 44 0
FT 718 254690.750144541 109 73 0 0.0309444098
FT 719 254690.783481000 73 58 0 0.0284999914
FT 720 254690.816817291 58 39 0 0.0246180063
SW 720 254690.816817291 1 64 120 45 0
FT 721 254690.850153833 134 63 0 0.0214783482
FT 722 254690.883490125 63 48 0 0.0183595017
FT 723 254690.916826500 48 40 0 0.0205653764
SW 723 254690.916826500 1 65 126 51 0
FT 724 254690.950163041 116 56 0 0.0219810947
FT 725 254690.983499416 56 43 0 0.0194780815
FT 726 254691.016835791 43 38 0 0.0224111571
SW 726 254691.016835791 1 52 126 60 0
FT 727 254691.050172291 63 42 0 0.0125221267
FT 728 254691.083508666 42 28 0 0.00875328531
FT 729 254691.116845083 28 25 0 0.0128872909
SW 729 254691.116845083 1 46 118 56 0
FT 730 254691.150181458 85 39 0 0.00932463478
FT 731 254691.183517833 39 27 0 0.0193573219
FT 732 254691.216854291 27 18 0 0.0238070438
SW 732 254691.216854291 1 37 106 39 0
FT 733 254691.250190708 48 15 0 0.0119947718
FT 734 254691.283527125 15 5 0 0.0193739332
FT 735 254691.316863500 5 3 0 0.0251931656
SW 735 254691.316863500 1 25 76 35 0
FT 736 254691.350199750 43 23 0 0.00873857852
FT 737 254691.383536291 23 20 0 0.00779602991
FT 738 254691.416872791 20 18 0 0.00743981575
SW 738 254691.416872791 1 26 75 37 0
FT 739 254691.450209125 39 32 0 0.0124742487
FT 740 254691.483545500 32 30 0 0.00463801222
FT 741 254691.516881791 30 28 0 0.0143782464
SW 741 254691.516881791 1 20 75 35 1
FT 742 254691.550218375 51 46 0 0.0199647895
FT 743 254691.583554708 46 40 0 0.0127950427
FT 744 254691.616891083 40 39 0 0.00787487681
SW 744 254691.616891083 1 25 72 35 1
FT 745 254691.650227458 45 43 0 0.00482411715
FT 746 254691.683564000 43 40 0 0.0144329846
FT 747 254691.716900291 40 38 0 0.0148855474
SW 747 254691.716900291 1 19 66 31 1
FT 748 254691.750236666 50 48 0 0.0136473194
FT 749 254691.783573166 48 46 0 0.0114157977
FT 750 254691.816909625 46 46 0 0.0161696147
SW 750 254691.816909625 1 18 61 42 1
FT 751 254691.850245833 57 52 0 0.0260525141
FT 752 254691.883582333 52 46 0 0.0306575969
FT 753 254691.916918708 46 45 0 0.0242195357
SW 753 254691.916918708 1 17 67 47 1
FT 754 254691.950255000 63 61 0 0.013491872
FT 755 254691.983591375 61 58 0 0.0105577977
FT 756 254692.016927875 58 56 0 0.0119558005
SW 756 254692.016927875 1 26 80 49 0
FT 757 254692.050264333 68 66 0 0.00999744732
FT 758 254692.083600666 66 62 0 0.0102025605
FT 759 254692.116937166 62 58 0 0.00556152439
SW 759 254692.116937166 1 32 83 45 0
FT 760 254692.150273458 71 67 0 0.00278767226
FT 761 254692.183609958 67 62 0 0.00687279512
FT 762 254692.216946291 62 59 0 0.0118797434
SW 762 254692.216946291 1 49 86 35 0
FT 763 254692.250282625 77 69 0 0.012682348
FT 764 254692.283619083 69 66 0 0.0171991343
FT 765 254692.316955458 66 63 0 0.0154761317
SW 765 254692.316955458 1 60 96 29 0
FT 766 254692.350291875 93 81 0 0.00602130411
FT 767 254692.383628291 81 71 0 0.005626896
FT 768 254692.416964583 71 65 0 0.0067825821
SW 768 254692.416964583 1 76 104 24 0
FT 769 254692.450301083 89 84 0 0.00715634975
FT 770 254692.483637416 84 76 0 0.00817924334
FT 771 254692.516973916 76 74 0 0.0116056012
SW 771 254692.516973916 1 87 113 20 0
FT 772 254692.550310291 86 83 0 0.0122399724
FT 773 254692.583646708 83 81 0 0.0107798455
FT 774 254692.616983083 81 79 0 0.0142494051
SW 774 254692.616983083 1 90 115 17 0
FT 775 254692.650319500 91 82 0 0.0177182924
FT 776 254692.683655875 82 78 0 0.0133269255
FT 777 254692.716992291 78 75 0 0.0114404684
SW 777 254692.716992291 1 86 110 16 0
FT 778 254692.750328708 95 93 0 0.0159291136
FT 779 254692.783665083 93 90 1 0.01403595
FT 780 254692.817001333 90 89 1 0.00874470338
SW 780 254692.817001333 0 86 0 0 0
FT 781 254692.850337833 99 95 0 0.00938347098
FT 782 254692.883674208 95 92 0 0.0118208649
FT 783 254692.917010708 92 87 0 0.013094569
SW 783 254692.917010708 1 88 120 14 1
FT 784 254692.950347166 96 88 1 0.0239419525
FT 785 254692.983683541 88 86 1 0.0255079021
FT 786 254693.017019750 86 85 0 0.0229385368
SW 786 254693.017019750 1 99 109 6 1
FT 787 254693.050356291 107 104 0 0.0112321254
FT 788 254693.083692625 104 103 0 0.00845787624
FT 789 254693.117029125 103 96 0 0.0169107977
SW 789 254693.117029125 1 109 122 5 1
FT 790 254693.150365416 113 110 0 0.0194821746
FT 791 254693.183701875 110 107 0 0.0138040346
FT 792 254693.217038125 107 101 0 0.0171949585
SW 792 254693.217038125 1 119 128 6 1
FT 793 254693.250374708 123 117 0 0.0167231967
FT 794 254693.283711000 117 110 0 0.0109401829
FT 795 254693.317047458 110 99 0 0.0258418233
SW 795 254693.317047458 1 125 137 7 1
FT 796 254693.350383708 114 107 0 0.0283480505
FT 797 254693.383720166 107 106 0 0.0106018391
FT 798 254693.417056500 106 94 0 0.025322096
SW 798 254693.417056500 1 119 143 15 1
FT 799 254693.450392916 112 96 0 0.0261119606
FT 800 254693.483729166 96 90 0 0.0170347734
FT 801 254693.517065833 90 89 0 0.0150451008
SW 801 254693.517065833 1 120 142 15 2
FT 802 254693.550402125 111 106 0 0.0185697432
FT 803 254693.583738500 106 99 0 0.0205442303
FT 804 254693.617074833 99 88 0 0.0318256398
SW 804 254693.617074833 1 124 150 16 2
FT 805 254693.650411208 105 83 0 0.0363154906
FT 806 254693.683747666 83 78 0 0.0277930194
FT 807 254693.717084041 78 58 0 0.0259179836
SW 807 254693.717084041 1 114 150 20 3
FT 808 254693.750420333 75 65 0 0.0243956891
FT 809 254693.783756833 65 61 0 0.014821881
FT 810 254693.817093125 61 54 0 0.0422116119
SW 810 254693.817093125 1 92 145 35 3
FT 811 254693.850429500 110 93 0 0.0344761179
FT 812 254693.883765875 93 87 0 0.0139897842
FT 813 254693.917102375 87 67 0 0.020176764
SW 813 254693.917102375 1 99 155 41 3
FT 814 254693.950438625 100 94 0 0.017156911
FT 815 254693.983775083 94 86 0 0.0179120238
FT 816 254694.017111375 86 74 0 0.0164957632
SW 816 254694.017111375 1 95 161 45 4
FT 817 254694.050447833 100 86 0 0.0179371545
FT 818 254694.083784208 86 81 0 0.0266993824
FT 819 254694.117120625 81 64 0 0.0426663144
SW 819 254694.117120625 1 45 154 75 0
FT 820 254694.150457041 87 62 0 0.0499053843
FT 821 254694.183793333 62 56 0 0.0321575748
FT 822 254694.217129791 56 54 0 0.0328584477
SW 822 254694.217129791 1 42 126 72 0
FT 823 254694.250466250 92 85 0 0.0248923347
FT 824 254694.283802500 85 78 0 0.0215434412
FT 825 254694.317138916 78 76 0 0.0282983264
SW 825 254694.317138916 1 68 141 61 0
FT 826 254694.350475333 101 95 0 0.0246813132
FT 827 254694.383811833 95 94 0 0.0140061514
FT 828 254694.417148083 94 91 0 0.0104250754
SW 828 254694.417148083 1 78 146 57 0
FT 829 254694.450484541 113 107 0 0.0071994104
FT 830 254694.483820791 107 104 0 0.0069532358
FT 831 254694.517157250 104 100 0 0.0113942972
SW 831 254694.517157250 1 77 149 51 0
FT 832 254694.550493625 121 117 0 0.0110415507
FT 833 254694.583829958 117 114 0 0.0119803223
FT 834 254694.617166416 114 111 0 0.00977026617
SW 834 254694.617166416 1 93 144 35 0
FT 835 254694.650502833 126 119 0 0.0110485825
FT 836 254694.683839208 119 114 0 0.012217541
FT 837 254694.717175583 114 112 0 0.0104716519
SW 837 254694.717175583 1 108 136 23 0
FT 838 254694.750511875 124 113 0 0.0146988321
FT 839 254694.783848333 113 111 0 0.0165778843
FT 840 254694.817184708 111 104 0 0.0113365454
SW 840 254694.817184708 1 118 138 18 0
FT 841 254694.850521166 127 119 0 0.0113328707
FT 842 254694.883857583 119 115 0 0.0084147713
FT 843 254694.917193916 115 108 0 0.0111284901
SW 843 254694.917193916 1 131 152 16 0
FT 844 254694.950530375 137 121 0 0.0109798409
FT 845 254694.983866708 121 117 0 0.0119464669
FT 846 254695.017203166 117 103 0 0.0123848946
SW 846 254695.017203166 1 137 159 17 0
FT 847 254695.050539500 127 122 0 0.00928502597
FT 848 254695.083875958 122 117 0 0.00709876114
FT 849 254695.117212250 117 113 0 0.00912763684
SW 849 254695.117212250 1 146 167 14 0
FT 850 254695.150548625 140 137 0 0.0066081733
FT 851 254695.183885125 137 129 0 0.00719399472
FT 852 254695.217221541 129 125 0 0.0066543161
SW 852 254695.217221541 1 153 178 10 0
FT 853 254695.250557916 141 133 0 0.00293835268
FT 854 254695.283894166 133 125 0 0.0069085918
FT 855 254695.317230666 125 122 0 0.00362670373
SW 855 254695.317230666 1 154 173 7 0
FT 856 254695.350567000 140 137 0 0.0047029985
FT 857 254695.383903416 137 130 0 0.00721507742
FT 858 254695.417239708 130 125 0 0.0107163632
SW 858 254695.417239708 1 149 171 5 0
FT 859 254695.450576250 148 135 0 0.0136829431
FT 860 254695.483912541 135 127 0 0.00830318896
FT 861 254695.517249041 127 120 0 0.00991415915
SW 861 254695.517249041 1 154 162 5 0
FT 862 254695.550585291 137 131 0 0.0143988922
FT 863 254695.583921708 131 121 0 0.0147364281
FT 864 254695.617258041 121 115 0 0.0172614446
SW 864 254695.617258041 1 153 166 6 1
FT 865 254695.650594625 133 121 0 0.0150145581
FT 866 254695.683930958 121 114 0 0.015200155
FT 867 254695.717267333 114 112 0 0.0119232048
SW 867 254695.717267333 1 149 168 6 0
FT 868 254695.750603666 127 114 0 0.0132627825
FT 869 254695.783940041 114 101 0 0.0189680719
FT 870 254695.817276416 101 84 0 0.0156526876
SW 870 254695.817276416 1 149 161 5 0
FT 871 254695.850612833 105 82 0 0.0150971555
FT 872 254695.883949166 82 79 0 0.0107247303
FT 873 254695.917285583 79 75 0 0.0115630556
SW 873 254695.917285583 1 137 161 11 0
FT 874 254695.950621958 98 82 0 0.0185731786
FT 875 254695.983958333 82 74 0 0.0202682484
FT 876 254696.017294750 74 70 0 0.0172689699
SW 876 254696.017294750 1 131 160 17 0
FT 877 254696.050631166 93 76 0 0.014926659
FT 878 254696.083967416 76 69 0 0.0123300202
FT 879 254696.117303791 69 61 0 0.0132693319
SW 879 254696.117303791 1 129 155 15 0
FT 880 254696.150640250 83 76 0 0.01719665
FT 881 254696.183976625 76 75 0 0.0207117526
FT 882 254696.217312958 75 70 0 0.014896303
SW 882 254696.217312958 1 104 157 19 0
FT 883 254696.250649291 86 82 0 0.0118622574
FT 884 254696.283985666 82 78 0 0.0113306138
FT 885 254696.317322166 78 74 0 0.00685818569
SW 885 254696.317322166 1 99 133 18 0
FT 886 254696.350658500 101 94 0 0.00781794792
FT 887 254696.383994833 94 88 0 0.00435837052
FT 888 254696.417331166 88 86 0 0.00188937117
SW 888 254696.417331166 1 104 135 14 0
FT 889 254696.450667625 101 91 0 0.0047893999
FT 890 254696.484004000 91 85 0 0.00499101038
FT 891 254696.517340416 85 81 0 0.00281561688
SW 891 254696.517340416 1 102 128 10 0
FT 892 254696.550676750 90 76 0 0.00599141084
FT 893 254696.584013000 76 71 0 0.00707057536
FT 894 254696.617349375 71 68 0 0.00730800648
SW 894 254696.617349375 1 102 117 11 0
FT 895 254696.650685791 91 77 0 0.0104472159
