FT 2 268462.165393170 117 116 0 0.00802953652
FT 3 268462.198729837 126 121 0 0.0093989107
FT 4 268462.232066462 131 130 0 0.00753771424
FT 5 268462.265403045 138 136 0 0.00563099469
FT 6 268462.298739712 141 139 0 0.00686457424
FT 7 268462.332076295 142 138 0 0.00911597116
FT 8 268462.365413004 143 141 0 0.00739776856
FT 9 268462.398749545 145 143 0 0.012560598
FT 10 268462.432086212 146 141 0 0.00633115869
FT 11 268462.465422879 145 136 0 0.0085573545
FT 12 268462.498759462 142 141 0 0.00506918156
FT 13 268462.532096129 147 146 0 0.00496311922
FT 14 268462.565432670 147 145 0 0.000250542723
FT 15 268462.598769254 149 149 0 0.00189929836
FT 16 268462.632105962 151 149 1 0.00506995624
FT 17 268462.665442504 152 150 0 0.00923566081
FT 18 268462.698779170 155 150 0 0.0130119797
FT 19 268462.732115837 158 154 1 0.00302235596
FT 20 268462.765452337 158 157 0 0.0112648537
FT 21 268462.798789004 162 162 0 0.00589795123
FT 22 268462.832125629 162 159 0 0.00414797454
FT 23 268462.865462212 162 162 1 0.00163931731
FT 24 268462.898798879 166 164 1 0.00115719232
FT 25 268462.932135504 165 163 0 0.00438511322
FT 26 268462.965472087 165 162 0 0.00628130999
FT 27 268462.998808712 163 161 0 0.00626518265
FT 28 268463.032145379 165 162 1 0.0092300561
FT 29 268463.065481920 164 159 0 0.0126535469
FT 30 268463.182160045 160 137 0 0.0423973115
FT 31 268463.215496754 153 142 0 0.0173138632
FT 32 268463.248833295 158 155 1 0.0119187838
FT 33 268463.282169879 160 152 0 0.0158487122
FT 34 268463.315506504 160 157 0 0.0180790692
FT 35 268463.348843087 161 160 0 0.0100908869
FT 36 268463.382179712 166 157 0 0.0140810498
INIT 268462.132056670 268463.382179712 8 0.28067991 8.92231997 0.485037973 4.04070895 -0.00350638869 0.00197435809 -0.000390419499 0 0 0
FT 37 268463.415516212 164 150 0 0.019235432
FT 38 268463.448852837 150 144 0 0.0175027416
FT 39 268463.482189379 144 142 0 0.0115005237
SW 39 268463.482189379 1 181 217 15 0
FT 40 268463.515526045 161 161 0 0.00805411053
FT 41 268463.548862629 161 159 0 0.00742063468
FT 42 268463.582199212 159 157 0 0.00572304123
SW 42 268463.582199212 1 204 215 6 0
FT 43 268463.615535754 162 155 0 0.0173321237
FT 44 268463.648872462 155 150 0 0.0161659618
FT 45 268463.682209045 150 145 0 0.0106585127
SW 45 268463.682209045 1 176 215 7 0
FT 46 268463.715545545 169 161 0 0.0161299456
FT 47 268463.748882129 161 160 0 0.0132640865
FT 48 268463.782218754 160 158 0 0.0143952212
SW 48 268463.782218754 1 187 200 4 0
FT 49 268463.815555212 172 170 0 0.0123301949
FT 50 268463.848891795 170 167 0 0.0108638785
FT 51 268463.882228379 167 163 0 0.00511450816
SW 51 268463.882228379 1 192 203 3 0
FT 52 268463.915564920 170 168 0 0.00901982253
FT 53 268463.948901504 168 160 0 0.0145923983
FT 54 268463.982238087 160 156 0 0.0099401039
SW 54 268463.982238087 1 196 202 2 0
FT 55 268464.015574670 170 166 0 0.0123658087
FT 56 268464.048911170 166 158 0 0.0186808184
FT 57 268464.082247712 158 157 0 0.0164703916
SW 57 268464.082247712 1 188 207 2 0
FT 58 268464.115584295 168 167 0 0.0114626983
FT 59 268464.148920795 167 163 0 0.00648318503
FT 60 268464.182257337 163 160 0 0.00994958849
SW 60 268464.182257337 1 195 200 1 0
FT 61 268464.215593837 175 169 0 0.0135369582
FT 62 268464.248930462 169 164 0 0.0101242447
FT 63 268464.282267045 164 162 0 0.00938611784
SW 63 268464.282267045 1 199 207 1 0
FT 64 268464.315603420 172 172 0 0.0087295979
FT 65 268464.348940004 172 171 0 0.00584054692
FT 66 268464.382276545 171 161 0 0.0116917128
SW 66 268464.382276545 1 192 207 1 0
FT 67 268464.415613129 165 162 0 0.0154425434
FT 68 268464.448949629 162 159 0 0.0113383816
FT 69 268464.482286212 159 155 0 0.0109343081
SW 69 268464.482286212 1 186 196 2 0
FT 70 268464.515622795 164 161 0 0.0122183539
FT 71 268464.548959295 161 159 0 0.00514003721
FT 72 268464.582295920 159 158 0 0.0085791102
SW 72 268464.582295920 1 187 196 2 0
FT 73 268464.615632295 164 162 0 0.0092280274
FT 74 268464.648968879 162 160 0 0.00266922418
FT 75 268464.682305462 160 160 0 0.00627847803
SW 75 268464.682305462 1 182 193 2 0
FT 76 268464.715642004 168 164 0 0.0100551433
FT 77 268464.748978462 164 162 0 0.00689329636
FT 78 268464.782315045 162 159 0 0.0132749951
SW 78 268464.782315045 1 180 190 2 0
FT 79 268464.815651587 167 162 0 0.0191697241
FT 80 268464.848988129 162 156 0 0.0174372483
FT 81 268464.882324629 156 155 0 0.00891196951
SW 81 268464.882324629 1 175 187 3 0
FT 82 268464.915661129 162 159 0 0.00904786858
FT 83 268464.948997670 159 153 0 0.0168268874
FT 84 268464.982334212 153 149 0 0.0148244981
SW 84 268464.982334212 1 176 183 2 0
FT 85 268465.015670754 155 152 0 0.0112259625
FT 86 268465.049007212 152 149 0 0.0165773513
FT 87 268465.082343837 149 140 0 0.0229796848
SW 87 268465.082343837 1 178 182 2 0
FT 88 268465.115911296 150 145 0 0.0190029919
FT 89 268465.149247921 145 144 0 0.010319403
FT 90 268465.182584380 144 139 0 0.0105235404
SW 90 268465.182584380 1 178 187 2 0
FT 91 268465.215921046 153 150 0 0.0157452146
FT 92 268465.249257463 150 144 0 0.0121834059
FT 93 268465.282594005 144 141 0 0.0101274289
SW 93 268465.282594005 1 179 190 2 0
FT 94 268465.315930630 150 143 0 0.0124777665
FT 95 268465.349267046 143 139 0 0.00921335846
FT 96 268465.382603588 139 138 0 0.0115924865
SW 96 268465.382603588 1 175 189 3 0
FT 97 268465.415940171 152 149 0 0.0120921468
FT 98 268465.449276671 149 141 0 0.0102019812
FT 99 268465.482613171 141 134 0 0.00745216069
SW 99 268465.482613171 1 173 188 2 0
FT 100 268465.515949755 155 152 0 0.00688212095
FT 101 268465.549286255 152 143 0 0.00436758895
FT 102 268465.582622838 143 142 0 0.00441942506
SW 102 268465.582622838 1 181 190 1 0
FT 103 268465.615959421 157 154 0 0.00386544626
FT 104 268465.649295921 154 141 0 0.00749494977
FT 105 268465.682632421 141 138 0 0.0107906558
SW 105 268465.682632421 1 184 193 1 0
FT 106 268465.715968838 155 150 0 0.00494611215
FT 107 268465.749305463 150 145 0 0.00541750882
FT 108 268465.782642046 145 142 0 0.00761907786
SW 108 268465.782642046 1 184 197 2 0
FT 109 268465.815978546 165 164 0 0.00693796357
FT 110 268465.849315088 164 161 0 0.00761321635
FT 111 268465.882651630 161 159 0 0.0070142862
SW 111 268465.882651630 1 190 207 3 0
FT 112 268465.915988046 165 162 0 0.00887911772
FT 113 268465.949324671 162 157 0 0.0135561655
FT 114 268465.982661255 157 151 0 0.0174664369
SW 114 268465.982661255 1 189 198 2 0
FT 115 268466.015997713 160 154 0 0.0163833826
FT 116 268466.049334338 154 152 0 0.0188167579
FT 117 268466.082670880 152 151 0 0.01675761
SW 117 268466.082670880 1 181 200 4 0
FT 118 268466.116007213 163 158 0 0.0174857093
FT 119 268466.149343880 158 150 0 0.0195992551
FT 120 268466.182680421 150 142 0 0.0165946849
SW 120 268466.182680421 1 181 194 5 0
FT 121 268466.216016963 158 154 0 0.0119829017
FT 122 268466.249353505 154 150 0 0.0040125027
FT 123 268466.282690130 150 143 0 0.00785522629
SW 123 268466.282690130 1 190 199 5 0
FT 124 268466.316026546 163 156 0 0.0060486788
FT 125 268466.349363046 156 151 0 0.0113242449
FT 126 268466.382699546 151 147 0 0.0134895466
SW 126 268466.382699546 1 193 212 6 0
FT 127 268466.416036005 168 161 0 0.0173780493
FT 128 268466.449372546 161 156 0 0.0168084375
FT 129 268466.482709213 156 152 0 0.0118156543
SW 129 268466.482709213 1 199 214 6 0
FT 130 268466.516045671 170 168 0 0.0106574113
FT 131 268466.549382171 168 160 0 0.0102842555
FT 132 268466.582718755 160 154 0 0.0082313008
SW 132 268466.582718755 1 195 218 5 0
FT 133 268466.616055213 167 164 0 0.0109018636
FT 134 268466.649391671 164 154 0 0.0164799082
FT 135 268466.682728338 154 149 0 0.0182220427
SW 135 268466.682728338 1 192 209 5 0
FT 136 268466.716064713 165 164 0 0.0178485084
FT 137 268466.749401296 164 159 0 0.0188584149
FT 138 268466.782737796 159 156 0 0.0124041438
SW 138 268466.782737796 1 191 210 6 0
FT 139 268466.816074255 167 166 0 0.012611766
FT 140 268466.849410755 166 164 0 0.0106040666
FT 141 268466.882747338 164 161 0 0.00686916088
SW 141 268466.882747338 1 191 207 6 0
FT 142 268466.916083796 168 162 0 0.00715548605
FT 143 268466.949420255 162 161 0 0.0065415589
FT 144 268466.982756755 161 160 0 0.0119384909
SW 144 268466.982756755 1 189 204 4 0
FT 145 268467.016093296 171 167 0 0.0119542287
FT 146 268467.049429755 167 158 0 0.00931298613
FT 147 268467.082766338 158 151 0 0.00643706051
SW 147 268467.082766338 1 180 200 6 0
FT 148 268467.116102713 162 161 0 0.00819406119
FT 149 268467.149439296 161 155 0 0.00437099993
FT 150 268467.182775796 155 150 0 0.00731902
SW 150 268467.182775796 1 183 195 6 0
FT 151 268467.216112338 163 157 0 0.0111421045
FT 152 268467.249448755 157 145 0 0.00688579579
FT 153 268467.282785255 145 137 0 0.0181951097
SW 153 268467.282785255 1 188 199 6 0
FT 154 268467.316121713 154 144 0 0.0111987161
FT 155 268467.349458213 144 140 0 0.00649606073
FT 156 268467.382794713 140 136 0 0.00908030404
SW 156 268467.382794713 1 191 205 6 0
FT 157 268467.416131213 155 149 0 0.00806696582
FT 158 268467.449467713 149 145 0 0.00918508914
FT 159 268467.482804046 145 140 0 0.0120204299
SW 159 268467.482804046 1 191 214 7 0
FT 160 268467.516140588 149 145 0 0.00874015712
FT 161 268467.549477046 145 142 0 0.0119097723
FT 162 268467.582813588 142 137 0 0.00834380115
SW 162 268467.582813588 1 189 206 7 0
FT 163 268467.616150046 146 139 0 0.0173302495
FT 164 268467.649486463 139 136 0 0.014989451
FT 165 268467.682823046 136 132 0 0.0289255849
SW 165 268467.682823046 1 174 202 5 0
FT 166 268467.716159505 145 141 0 0.0227264617
FT 167 268467.749496046 141 137 0 0.0107316518
FT 168 268467.782832546 137 136 0 0.0046002842
SW 168 268467.782832546 1 172 188 4 0
FT 169 268467.816168838 149 138 0 0.00890974172
FT 170 268467.849505505 138 131 0 0.015434427
FT 171 268467.882841963 131 124 0 0.0209088633
SW 171 268467.882841963 1 168 183 2 0
FT 172 268467.916178421 148 143 0 0.0218343348
FT 173 268467.949514921 143 138 0 0.0107177541
FT 174 268467.982851380 138 134 0 0.00870906854
SW 174 268467.982851380 1 178 191 2 0
FT 175 268468.016187838 153 143 0 0.0084764046
FT 176 268468.049524380 143 134 0 0.0147504151
FT 177 268468.082860838 134 131 0 0.00897239183
SW 177 268468.082860838 1 181 194 2 0
FT 178 268468.116197338 149 142 0 0.00617581533
FT 179 268468.149533796 142 136 0 0.00817390534
FT 180 268468.182870213 136 131 0 0.0114960299
SW 180 268468.182870213 1 189 197 2 0
FT 181 268468.216206755 151 148 0 0.0065332868
FT 182 268468.249543171 148 138 0 0.0134636355
FT 183 268468.282879713 138 135 0 0.0128237282
SW 183 268468.282879713 1 186 206 2 0
FT 184 268468.316216088 158 153 0 0.0018119142
FT 185 268468.349552630 153 146 0 0.00516693507
FT 186 268468.382889213 146 142 0 0.0042707045
SW 186 268468.382889213 1 193 205 1 0
FT 187 268468.416225546 156 152 0 0.0080270826
FT 188 268468.449562046 152 148 0 0.0101941672
FT 189 268468.482898630 148 147 0 0.00402664855
SW 189 268468.482898630 1 189 207 0 0
FT 190 268468.516235005 155 150 0 0.00489547445
FT 191 268468.549571546 150 145 0 0.00825850715
FT 192 268468.582908046 145 142 0 0.0102837739
SW 192 268468.582908046 1 181 194 0 0
FT 193 268468.616244421 158 156 0 0.00643380233
FT 194 268468.649580880 156 153 1 0.0058551277
FT 195 268468.682917463 153 150 0 0.00931753531
SW 195 268468.682917463 1 185 196 0 0
FT 196 268468.716253880 162 159 0 0.00229912289
FT 197 268468.749590338 159 158 0 0.00325425585
FT 198 268468.782926838 158 157 0 0.0114476005
SW 198 268468.782926838 1 187 197 0 0
FT 199 268468.816263421 163 160 1 0.00666418615
FT 200 268468.849599838 160 153 0 0.00811060255
FT 201 268468.882936255 153 148 0 0.0126967397
SW 201 268468.882936255 1 179 190 3 0
FT 202 268468.916272796 157 156 0 0.00875638557
FT 203 268468.949609171 156 151 0 0.00745804282
FT 204 268468.982945713 151 140 0 0.00786239353
SW 204 268468.982945713 1 172 187 5 0
FT 205 268469.016282130 148 142 0 0.00856792412
FT 206 268469.049618671 142 137 0 0.00939608131
FT 207 268469.082955088 137 133 0 0.0121311348
SW 207 268469.082955088 1 166 182 9 0
FT 208 268469.116291713 160 150 0 0.0133546415
FT 209 268469.149628046 150 143 0 0.0143411712
FT 210 268469.182964546 143 137 0 0.0143383198
SW 210 268469.182964546 1 178 195 12 0
FT 211 268469.216301046 151 148 0 0.0162547659
FT 212 268469.249637463 148 139 0 0.0191144855
FT 213 268469.282973963 139 137 0 0.0163951343
SW 213 268469.282973963 1 173 202 17 0
FT 214 268469.316310380 156 150 0 0.0152833911
FT 215 268469.349646963 150 141 0 0.0128973007
FT 216 268469.382983380 141 130 0 0.0110381418
SW 216 268469.382983380 1 177 204 14 0
FT 217 268469.416319921 154 146 0 0.0120368369
FT 218 268469.449656380 146 142 0 0.0119339166
FT 219 268469.482992838 142 137 0 0.0130738479
SW 219 268469.482992838 1 185 210 13 0
FT 220 268469.516329338 159 150 0 0.0144973918
FT 221 268469.549665713 150 136 0 0.0229911976
FT 222 268469.583002255 136 131 0 0.0298096778
SW 222 268469.583002255 1 189 216 11 0
FT 223 268469.616338671 168 162 0 0.0309172433
FT 224 268469.649675171 162 154 0 0.0224761208
FT 225 268469.683011713 154 147 0 0.0115922308
SW 225 268469.683011713 1 207 228 9 0
FT 226 268469.716348046 164 157 0 0.0154149
FT 227 268469.749684546 157 150 0 0.0200792796
FT 228 268469.783021005 150 144 0 0.0113129618
SW 228 268469.783021005 1 199 229 9 0
FT 229 268469.816357546 164 157 0 0.00844494777
FT 230 268469.849694046 157 150 0 0.0160560403
FT 231 268469.883030421 150 146 0 0.0163425921
SW 231 268469.883030421 1 201 221 8 0
FT 232 268469.916366880 163 155 0 0.00848004825
FT 233 268469.949703380 155 145 0 0.0136502588
FT 234 268469.983039921 145 141 0 0.0132102338
SW 234 268469.983039921 1 191 222 7 0
FT 235 268470.016376296 157 150 0 0.0146084927
FT 236 268470.049712796 150 142 0 0.0131196627
FT 237 268470.083049296 142 141 0 0.0205976781
SW 237 268470.083049296 1 189 208 7 0
FT 238 268470.116385796 162 155 0 0.0246022457
FT 239 268470.149722255 155 152 0 0.0167448654
FT 240 268470.183058713 152 147 0 0.0112008556
SW 240 268470.183058713 1 191 213 6 0
FT 241 268470.216395088 161 156 0 0.0201649116
FT 242 268470.249731588 156 152 0 0.0265913395
FT 243 268470.283068046 152 146 0 0.0177768511
SW 243 268470.283068046 1 197 210 2 0
FT 244 268470.316404546 170 167 0 0.0131289197
FT 245 268470.349740963 167 161 0 0.011390086
FT 246 268470.383077505 161 152 0 0.0103802792
SW 246 268470.383077505 1 195 214 1 0
FT 247 268470.416413963 166 161 0 0.0118134382
FT 248 268470.449750463 161 155 0 0.0126971951
FT 249 268470.483086880 155 152 0 0.0128868985
SW 249 268470.483086880 1 196 206 0 0
FT 250 268470.516423421 166 161 0 0.0150295926
FT 251 268470.549759755 161 155 0 0.0188165073
FT 252 268470.583096255 155 151 0 0.0175214107
SW 252 268470.583096255 1 197 209 1 0
FT 253 268470.616432713 164 159 0 0.0154850528
FT 254 268470.649769255 159 149 0 0.0240623467
FT 255 268470.683105671 149 147 0 0.028323013
SW 255 268470.683105671 1 192 209 3 0
FT 256 268470.716442213 165 161 0 0.0246529857
FT 257 268470.749778588 161 154 0 0.0205437765
FT 258 268470.783115130 154 146 0 0.0230560637
SW 258 268470.783115130 1 196 208 3 0
FT 259 268470.816451546 171 166 0 0.021221282
FT 260 268470.849788005 166 161 0 0.0211740711
FT 261 268470.883124421 161 154 0 0.0275086615
SW 261 268470.883124421 1 201 216 5 0
FT 262 268470.916460963 172 163 0 0.0251133828
FT 263 268470.949797380 163 154 0 0.0197154759
FT 264 268470.983133921 154 151 0 0.0181479225
SW 264 268470.983133921 1 199 217 4 0
FT 265 268471.016470338 164 155 0 0.0216684717
FT 266 268471.049806796 155 151 0 0.0226708275
FT 267 268471.083143213 151 145 0 0.0212970763
SW 267 268471.083143213 1 192 211 4 0
FT 268 268471.116479713 157 148 0 0.0190323543
FT 269 268471.149816213 148 142 0 0.0148247516
FT 270 268471.183152713 142 138 0 0.0106531061
SW 270 268471.183152713 1 186 203 3 0
FT 271 268471.216489088 160 155 0 0.00601135716
FT 272 268471.249825546 155 149 0 0.00449089591
FT 273 268471.283162088 149 141 0 0.0128769945
SW 273 268471.283162088 1 194 206 3 0
FT 274 268471.316498421 158 156 0 0.0146154722
FT 275 268471.349834963 156 147 0 0.0121981842
FT 276 268471.383171421 147 146 0 0.00834140364
SW 276 268471.383171421 1 193 210 3 0
FT 277 268471.416507796 161 153 0 0.0143061805
FT 278 268471.449844296 153 145 0 0.0143541085
FT 279 268471.483180671 145 142 0 0.00396397039
SW 279 268471.483180671 1 192 208 2 0
FT 280 268471.516517130 158 155 0 0.0052787773
FT 281 268471.549853671 155 147 0 0.0115568275
FT 282 268471.583190171 147 141 0 0.00752577441
SW 282 268471.583190171 1 190 206 2 0
FT 283 268471.616526588 153 145 0 0.0146423796
FT 284 268471.649863088 145 136 0 0.0208486636
FT 285 268471.683199546 136 134 0 0.00268930073
SW 285 268471.683199546 1 185 200 1 0
FT 286 268471.716536005 159 153 0 0.0185488515
FT 287 268471.749872421 153 143 0 0.0354878936
FT 288 268471.783208921 143 134 0 0.0252938607
SW 288 268471.783208921 1 194 205 3 0
FT 289 268471.816545421 162 157 0 0.00906842801
FT 290 268471.849881880 157 151 0 0.0222235238
FT 291 268471.883218338 151 147 0 0.0129666819
SW 291 268471.883218338 1 195 214 3 0
FT 292 268471.916554671 160 157 0 0.0167621817
FT 293 268471.949891171 157 155 0 0.0138382282
FT 294 268471.983227671 155 148 0 0.0199089314
SW 294 268471.983227671 1 195 210 2 0
FT 295 268472.016564088 159 151 0 0.0173766275
FT 296 268472.049900630 151 147 0 0.016998008
FT 297 268472.083237088 147 147 0 0.00510763841
SW 297 268472.083237088 1 190 207 2 0
FT 298 268472.116573421 163 155 0 0.0149783985
FT 299 268472.149909963 155 152 0 0.0179495522
FT 300 268472.183246421 152 150 0 0.0170852436
SW 300 268472.183246421 1 181 202 2 0
FT 301 268472.216582921 161 154 0 0.00956834644
FT 302 268472.249919338 154 151 0 0.0152623768
FT 303 268472.283255796 151 148 0 0.0156360901
SW 303 268472.283255796 1 187 193 2 0
FT 304 268472.316592213 156 145 0 0.020283147
FT 305 268472.349928671 145 136 0 0.0162332671
FT 306 268472.383265255 136 131 1 0.0103360435
SW 306 268472.383265255 0 187 0 0 0
FT 307 268472.416601671 151 143 0 0.0230291879
FT 308 268472.449938171 143 129 1 0.0315293515
FT 309 268472.483274588 129 119 0 0.0304743339
SW 309 268472.483274588 1 180 204 2 0
FT 310 268472.516611046 135 123 0 0.0326578365
FT 311 268472.549947380 123 119 1 0.0219300321
FT 312 268472.583283880 119 119 0 0.00709971872
SW 312 268472.583283880 1 182 190 1 0
FT 313 268472.616620380 138 131 0 0.0266994406
FT 314 268472.649956755 131 125 0 0.03293709
FT 315 268472.683293338 125 121 0 0.0146936539
SW 315 268472.683293338 1 182 195 1 0
FT 316 268472.716629796 155 149 0 0.00950227437
FT 317 268472.749966213 149 138 0 0.0320006491
FT 318 268472.783302671 138 134 0 0.0168270368
SW 318 268472.783302671 1 178 202 2 0
FT 319 268472.816639130 159 153 0 0.015030037
FT 320 268472.849975546 153 149 0 0.0190272072
FT 321 268472.883311963 149 146 0 0.00951564788
SW 321 268472.883311963 1 176 200 2 0
FT 322 268472.916648505 164 155 0 0.0111425968
FT 323 268472.949985005 155 149 0 0.0172885869
FT 324 268472.983321380 149 148 0 0.0109076309
SW 324 268472.983321380 1 180 190 2 0
FT 325 268473.016657838 160 157 0 0.0109472525
FT 326 268473.049994213 157 152 0 0.0165908985
FT 327 268473.083330796 152 149 0 0.0138001654
SW 327 268473.083330796 1 176 189 3 0
FT 328 268473.116667130 160 151 0 0.0198376357
FT 329 268473.150003630 151 146 0 0.0214948109
FT 330 268473.183340088 146 145 0 0.009956447
SW 330 268473.183340088 1 177 186 3 0
FT 331 268473.216676630 165 159 0 0.0180518596
FT 332 268473.250012963 159 149 0 0.0253901679
FT 333 268473.283349421 149 145 0 0.022964079
SW 333 268473.283349421 1 180 191 3 0
FT 334 268473.316685963 157 151 0 0.0215343496
FT 335 268473.350022463 151 148 0 0.0275165833
FT 336 268473.383358796 148 144 0 0.0217982509
SW 336 268473.383358796 1 179 192 3 0
FT 337 268473.416695296 159 152 0 0.0276161543
FT 338 268473.450031713 152 144 0 0.0349149511
FT 339 268473.483368171 144 143 0 0.0237198269
SW 339 268473.483368171 1 183 194 5 0
FT 340 268473.516704671 159 152 0 0.0247846821
FT 341 268473.550041046 152 142 0 0.029936609
FT 342 268473.583377505 142 136 0 0.021115624
SW 342 268473.583377505 1 182 202 8 1
FT 343 268473.616713963 151 145 0 0.0138409152
FT 344 268473.650050463 145 139 0 0.0143617074
FT 345 268473.683386838 139 138 0 0.0179654572
SW 345 268473.683386838 1 183 202 7 0
FT 346 268473.716723296 165 158 0 0.0115980197
FT 347 268473.750059796 158 153 0 0.0123157555
FT 348 268473.783396213 153 149 0 0.00953577748
SW 348 268473.783396213 1 191 210 10 0
FT 349 268473.816732546 164 158 0 0.00762382171
FT 350 268473.850069171 158 152 0 0.0150650787
FT 351 268473.883405546 152 146 0 0.0278104223
SW 351 268473.883405546 1 192 214 9 0
FT 352 268473.916742005 164 153 0 0.0266794588
FT 353 268473.950078505 153 148 0 0.0255784876
FT 354 268473.983414963 148 143 0 0.0147598633
SW 354 268473.983414963 1 180 212 11 0
FT 355 268474.016751296 162 155 0 0.0173735648
FT 356 268474.050087796 155 145 0 0.00500456772
FT 357 268474.083424213 145 142 0 0.0104557997
SW 357 268474.083424213 1 184 205 12 0
FT 358 268474.116760671 162 158 0 0.00870757324
FT 359 268474.150097213 158 155 0 0.0132847682
FT 360 268474.183433671 155 151 0 0.00476761833
SW 360 268474.183433671 1 188 212 15 0
FT 361 268474.216770005 166 158 0 0.00615028116
FT 362 268474.250106380 158 154 0 0.0118285273
FT 363 268474.283442880 154 147 0 0.0154371097
SW 363 268474.283442880 1 184 215 15 0
FT 364 268474.316779338 162 155 0 0.0113632994
FT 365 268474.350115838 155 147 0 0.00645224702
FT 366 268474.383452255 147 141 0 0.011124665
SW 366 268474.383452255 1 181 209 14 0
FT 367 268474.416788755 159 155 0 0.00764208856
FT 368 268474.450125213 155 145 0 0.00884740293
FT 369 268474.483461588 145 136 0 0.020269186
SW 369 268474.483461588 1 180 209 14 0
FT 370 268474.516798088 155 146 0 0.0191053618
FT 371 268474.550134505 146 137 0 0.0207065213
FT 372 268474.583470963 137 130 0 0.020675787
SW 372 268474.583470963 1 190 209 12 0
FT 373 268474.616807421 136 126 0 0.0226737283
FT 374 268474.650143796 126 121 0 0.018785898
FT 375 268474.683480338 121 114 0 0.0194658402
SW 375 268474.683480338 1 176 204 12 0
FT 376 268474.716816671 136 123 0 0.020572933
FT 377 268474.750153213 123 118 0 0.0158655996
FT 378 268474.783489630 118 113 0 0.0174306317
SW 378 268474.783489630 1 174 201 11 0
FT 379 268474.816826088 125 120 0 0.0214189027
FT 380 268474.850162463 120 110 0 0.0165431183
FT 381 268474.883499046 110 109 0 0.0102441638
SW 381 268474.883499046 1 164 191 8 0
FT 382 268474.916835296 118 117 0 0.00393677889
FT 383 268474.950171838 117 114 0 0.00843988988
FT 384 268474.983508255 114 114 0 0.00263439575
SW 384 268474.983508255 1 151 180 8 0
FT 385 268475.016844713 125 120 0 0.0117733545
FT 386 268475.050181213 120 114 0 0.0182335656
FT 387 268475.083517588 114 112 0 0.0136917051
SW 387 268475.083517588 1 141 167 8 0
FT 388 268475.116854088 126 121 0 0.0119307969
FT 389 268475.150190546 121 112 0 0.018317269
FT 390 268475.183527005 112 107 0 0.016981321
SW 390 268475.183527005 1 134 155 7 0
FT 391 268475.216863380 128 126 0 0.0116091288
FT 392 268475.250199838 126 121 0 0.0184946946
FT 393 268475.283536255 121 111 0 0.0277128157
SW 393 268475.283536255 1 138 154 6 0
FT 394 268475.316872755 118 107 0 0.0312862104
FT 395 268475.350209255 107 101 0 0.0231739504
FT 396 268475.383545671 101 96 0 0.0355992373
SW 396 268475.383545671 1 143 151 5 0
FT 397 268475.416881963 113 99 0 0.0333021729
FT 398 268475.450218463 99 99 0 0.0226094998
FT 399 268475.483554963 99 98 0 0.0175248066
SW 399 268475.483554963 1 146 161 5 0
FT 400 268475.516891338 118 108 0 0.02309987
FT 401 268475.550227796 108 105 0 0.0150168868
FT 402 268475.583564338 105 102 0 0.0198015415
SW 402 268475.583564338 1 148 164 5 0
FT 403 268475.616900588 120 113 0 0.0327177329
FT 404 268475.650237213 113 111 0 0.0191900621
FT 405 268475.683573588 111 110 0 0.0161804504
SW 405 268475.683573588 1 152 167 6 0
FT 406 268475.716910046 130 126 0 0.0116143352
FT 407 268475.750246463 126 121 0 0.0225476882
FT 408 268475.783582921 121 117 0 0.0137744236
SW 408 268475.783582921 1 147 175 6 0
FT 409 268475.816919380 129 127 0 0.00897833069
FT 410 268475.850255838 127 127 0 0.0130878266
FT 411 268475.883592213 127 123 0 0.0150825199
SW 411 268475.883592213 1 148 164 5 0
FT 412 268475.916928671 135 130 0 0.0101154671
FT 413 268475.950265171 130 128 0 0.00632595545
FT 414 268475.983601546 128 126 0 0.00746248946
SW 414 268475.983601546 1 149 163 5 0
FT 415 268476.016938046 134 132 0 0.0051902527
FT 416 268476.050274505 132 126 0 0.00873123174
FT 417 268476.083610838 126 125 0 0.0058141019
SW 417 268476.083610838 1 147 158 5 0
FT 418 268476.116947380 140 135 0 0.0106825583
FT 419 268476.150283796 135 132 1 0.0132818419
FT 420 268476.183620130 132 126 0 0.0187926014
SW 420 268476.183620130 1 142 158 6 0
FT 421 268476.216956671 131 129 1 0.0195038386
FT 422 268476.250293088 129 128 1 0.0120840271
FT 423 268476.283629505 128 124 1 0.0124510942
SW 423 268476.283629505 0 142 0 0 0
FT 424 268476.316965963 133 129 0 0.0198363087
FT 425 268476.350302421 129 126 0 0.0155013517
FT 426 268476.383638838 126 126 1 0.0159927218
SW 426 268476.383638838 0 142 0 0 0
FT 427 268476.416975338 145 134 0 0.019232803
FT 428 268476.450311713 134 127 1 0.0235167684
FT 429 268476.483648213 127 127 1 0.0156514498
SW 429 268476.483648213 0 142 0 0 0
FT 430 268476.516984546 138 138 0 0.0174448477
FT 431 268476.550320963 138 131 0 0.0208134288
FT 432 268476.583657463 131 124 0 0.0214002098
SW 432 268476.583657463 1 150 168 6 0
FT 433 268476.616993796 140 135 0 0.0121242646
FT 434 268476.650330338 135 133 0 0.0131170756
FT 435 268476.683666796 133 127 0 0.0165338709
SW 435 268476.683666796 1 148 166 13 0
FT 436 268476.717003255 139 132 0 0.017287288
FT 437 268476.750339588 132 122 0 0.015891152
FT 438 268476.783676171 122 121 0 0.0132630847
SW 438 268476.783676171 1 151 169 13 0
FT 439 268476.817012463 132 127 0 0.00592614099
FT 440 268476.850349005 127 119 0 0.016801991
FT 441 268476.883685463 119 109 0 0.0207459908
SW 441 268476.883685463 1 140 169 15 0
FT 442 268476.917021796 120 96 0 0.0319987623
FT 443 268476.950358255 96 92 0 0.0331100131
FT 444 268476.983694713 92 90 0 0.0147024247
SW 444 268476.983694713 1 143 157 6 0
FT 445 268477.017031130 127 109 0 0.0432231969
FT 446 268477.050367671 109 101 0 0.0433528303
FT 447 268477.083704088 101 100 0 0.0208048052
SW 447 268477.083704088 1 158 169 4 0
FT 448 268477.117040505 124 114 0 0.0307236984
FT 449 268477.150376838 114 106 0 0.0233936571
FT 450 268477.183713338 106 102 0 0.0270895795
SW 450 268477.183713338 1 156 176 6 0
FT 451 268477.217049755 130 127 0 0.0158226938
FT 452 268477.250386213 127 126 0 0.01240538
FT 453 268477.283722713 126 126 0 0.0115083154
SW 453 268477.283722713 1 165 187 5 0
FT 454 268477.317059046 132 126 0 0.0150809528
FT 455 268477.350395505 126 120 0 0.0158840248
FT 456 268477.383732005 120 118 0 0.0207680579
SW 456 268477.383732005 1 149 175 5 0
FT 457 268477.417068338 138 138 0 0.00843855498
FT 458 268477.450404880 138 117 0 0.0239551779
FT 459 268477.483741296 117 104 0 0.0310494224
SW 459 268477.483741296 1 148 161 3 0
FT 460 268477.517077755 143 143 0 0.0181256516
FT 461 268477.550414088 143 140 0 0.0195046252
FT 462 268477.583750546 140 119 0 0.0324011908
SW 462 268477.583750546 1 157 172 3 0
FT 463 268477.617087046 140 128 0 0.0287627857
FT 464 268477.650423380 128 125 0 0.0183402688
FT 465 268477.683759796 125 119 0 0.018953822
SW 465 268477.683759796 1 171 175 3 0
FT 466 268477.717096296 146 135 0 0.0271761184
FT 467 268477.750432755 135 131 0 0.0170195141
FT 468 268477.783769213 131 130 0 0.015567648
SW 468 268477.783769213 1 176 192 3 0
FT 469 268477.817105630 164 156 0 0.0217591665
FT 470 268477.850441963 156 147 0 0.0206262632
FT 471 268477.883778463 147 127 0 0.0185356768
SW 471 268477.883778463 1 174 198 3 0
FT 472 268477.917114880 162 142 0 0.0298574995
FT 473 268477.950451380 142 121 0 0.0210541761
FT 474 268477.983787880 121 92 0 0.0312805916
SW 474 268477.983787880 1 177 185 2 0
FT 475 268478.017124171 151 101 0 0.0472688859
FT 476 268478.050460671 101 75 0 0.033204283
FT 477 268478.083797088 75 71 0 0.0207837458
SW 477 268478.083797088 1 174 191 2 0
FT 478 268478.117133505 134 118 0 0.0181649709
FT 479 268478.150469880 118 107 0 0.0210421982
FT 480 268478.183806421 107 98 0 0.0226303022
SW 480 268478.183806421 1 202 212 3 0
FT 481 268478.217142671 147 132 0 0.0205779013
FT 482 268478.250479213 132 116 0 0.0173401773
FT 483 268478.283815630 116 111 0 0.0194535825
SW 483 268478.283815630 1 212 237 3 0
FT 484 268478.317152130 140 130 0 0.018881521
FT 485 268478.350488421 130 120 0 0.0111413372
FT 486 268478.383825005 120 111 0 0.00673726148
SW 486 268478.383825005 1 184 230 3 0
FT 487 268478.417161421 139 134 0 0.00277090195
FT 488 268478.450497796 134 128 0 0.00805024946
FT 489 268478.483834296 128 123 0 0.00946727673
SW 489 268478.483834296 1 175 210 2 0
FT 490 268478.517170671 142 131 0 0.0058889266
FT 491 268478.550507171 131 120 0 0.0117227757
FT 492 268478.583843630 120 114 0 0.00869846875
SW 492 268478.583843630 1 178 189 2 0
FT 493 268478.617180046 138 133 0 0.0059496452
FT 494 268478.650516421 133 125 0 0.0133069493
FT 495 268478.683852880 125 118 0 0.0129882661
SW 495 268478.683852880 1 174 195 2 0
FT 496 268478.717189213 141 120 0 0.013803083
FT 497 268478.750525755 120 105 0 0.0288529991
FT 498 268478.783862046 105 100 0 0.0172290016
SW 498 268478.783862046 1 169 187 3 0
FT 499 268478.817198546 130 108 0 0.0323660398
FT 500 268478.850535005 108 104 0 0.0144597055
FT 501 268478.883871463 104 100 0 0.00384884996
SW 501 268478.883871463 1 178 193 4 0
FT 502 268478.917207796 129 117 0 0.0030491489
FT 503 268478.950544255 117 112 0 0.00537843827
FT 504 268478.983880671 112 104 0 0.0140032944
SW 504 268478.983880671 1 175 203 7 0
FT 505 268479.017217171 132 128 0 0.021220612
FT 506 268479.050553588 128 116 0 0.0253168821
FT 507 268479.083889921 116 110 0 0.0300327462
SW 507 268479.083889921 1 182 200 7 0
FT 508 268479.117226380 131 126 0 0.0182693151
FT 509 268479.150562838 126 123 0 0.0121649871
FT 510 268479.183899296 123 120 0 0.017647791
SW 510 268479.183899296 1 167 207 11 0
FT 511 268479.217235671 134 133 0 0.0137434746
FT 512 268479.250572171 133 129 0 0.0122091607
FT 513 268479.283908546 129 125 0 0.00659146737
SW 513 268479.283908546 1 157 189 11 0
FT 514 268479.317245005 139 135 0 0.00375738232
FT 515 268479.350581421 135 130 0 0.0082839101
FT 516 268479.383917838 130 126 0 0.00599034356
SW 516 268479.383917838 1 152 177 8 0
FT 517 268479.417254171 144 144 0 0.00327673007
FT 518 268479.450590713 144 140 0 0.00924534948
FT 519 268479.483927088 140 131 0 0.0173097064
SW 519 268479.483927088 1 156 175 7 0
FT 520 268479.517263463 141 135 0 0.0180995385
FT 521 268479.550599921 135 132 0 0.0121453914
FT 522 268479.583936380 132 126 0 0.0105113659
SW 522 268479.583936380 1 156 169 5 0
FT 523 268479.617272755 146 138 0 0.00484644172
FT 524 268479.650609171 138 133 0 0.0127731164
FT 525 268479.683945713 133 128 0 0.0138597414
SW 525 268479.683945713 1 167 178 5 0
FT 526 268479.717282046 152 134 0 0.023496524
FT 527 268479.750618588 134 128 0 0.0223757934
FT 528 268479.783955005 128 122 0 0.0181734762
SW 528 268479.783955005 1 175 189 6 0
FT 529 268479.817291338 156 144 0 0.019503819
FT 530 268479.850627796 144 129 0 0.0162007148
FT 531 268479.883964171 129 127 0 0.00521115231
SW 531 268479.883964171 1 188 203 5 0
FT 532 268479.917300588 158 144 0 0.0240132571
FT 533 268479.950637046 144 141 0 0.0131575878
FT 534 268479.983973421 141 138 0 0.0121258989
SW 534 268479.983973421 1 192 207 4 0
FT 535 268480.017309880 156 154 0 0.0143241892
FT 536 268480.050646338 154 153 0 0.0147157577
FT 537 268480.083982796 153 149 0 0.0220392751
SW 537 268480.083982796 1 188 209 6 0
FT 538 268480.117319213 160 133 0 0.0304233474
FT 539 268480.150655588 133 109 0 0.050046949
FT 540 268480.183992005 109 90 0 0.0595964362
SW 540 268480.183992005 1 168 197 6 0
FT 541 268480.217328463 132 97 0 0.0568942033
FT 542 268480.250664838 97 87 0 0.0584781239
FT 543 268480.284001380 87 79 0 0.0590090086
SW 543 268480.284001380 1 165 189 7 0
FT 544 268480.317337671 129 125 0 0.0416023959
FT 545 268480.350674171 125 117 0 0.0155438045
FT 546 268480.384010546 117 113 0 0.0171310347
SW 546 268480.384010546 1 201 210 6 0
FT 547 268480.417346963 122 118 0 0.0141236717
FT 548 268480.450683421 118 114 0 0.0125553609
FT 549 268480.484019796 114 110 0 0.0191140522
SW 549 268480.484019796 1 206 214 6 0
FT 550 268480.517356213 131 122 0 0.0185285264
FT 551 268480.550692671 122 109 0 0.0248612214
FT 552 268480.584029130 109 106 0 0.0109249247
SW 552 268480.584029130 1 157 223 4 0
FT 553 268480.617365505 132 115 0 0.0215438316
FT 554 268480.650701921 115 101 0 0.0323115375
FT 555 268480.684038338 101 97 0 0.0255974688
SW 555 268480.684038338 1 147 177 4 0
FT 556 268480.717374796 118 113 0 0.0246309775
FT 557 268480.750711171 113 102 0 0.0235579586
FT 558 268480.784047588 102 97 0 0.0186713254
SW 558 268480.784047588 1 158 166 4 0
FT 559 268480.817384046 129 124 0 0.0150903908
FT 560 268480.850720463 124 113 0 0.0345053583
FT 561 268480.884056921 113 105 0 0.0157852268
SW 561 268480.884056921 1 169 182 3 0
FT 562 268480.917393380 132 129 0 0.0232090311
FT 563 268480.950729796 129 119 0 0.0278062382
FT 564 268480.984066171 119 106 0 0.0508462472
SW 564 268480.984066171 1 168 187 4 0
FT 565 268481.017402630 131 120 0 0.0420177741
FT 566 268481.050739046 120 116 0 0.0307338878
FT 567 268481.084075463 116 108 0 0.0274414346
SW 567 268481.084075463 1 162 191 4 0
FT 568 268481.117411880 129 114 0 0.0336098559
FT 569 268481.150748338 114 105 0 0.0241589304
FT 570 268481.184084755 105 99 0 0.0150619979
SW 570 268481.184084755 1 156 177 6 0
FT 571 268481.217421171 123 115 0 0.0205004767
FT 572 268481.250757505 115 106 0 0.0176065494
FT 573 268481.284094005 106 104 0 0.017034591
SW 573 268481.284094005 1 158 178 8 0
FT 574 268481.317430380 147 140 0 0.0192622492
FT 575 268481.350766838 140 135 0 0.0242802887
FT 576 268481.384103296 135 129 0 0.0243647121
SW 576 268481.384103296 1 178 201 9 0
FT 577 268481.417439630 155 141 0 0.0263053325
FT 578 268481.450776130 141 132 0 0.0198157432
FT 579 268481.484112588 132 127 0 0.0178828099
SW 579 268481.484112588 1 182 206 7 0
FT 580 268481.517448921 147 134 0 0.0201039278
FT 581 268481.550785421 134 123 0 0.0160672869
FT 582 268481.584121880 123 121 0 0.0177978217
SW 582 268481.584121880 1 176 203 7 0
FT 583 268481.617458296 147 140 0 0.0184682951
FT 584 268481.650794713 140 130 0 0.0151527117
FT 585 268481.684131005 130 120 0 0.0168161383
SW 585 268481.684131005 1 188 204 5 0
FT 586 268481.717467546 158 141 0 0.0158597447
FT 587 268481.750804046 141 134 0 0.00833468556
FT 588 268481.784140338 134 129 0 0.0029678489
SW 588 268481.784140338 1 201 217 6 0
FT 589 268481.817476838 159 151 0 0.00827502624
FT 590 268481.850813296 151 147 0 0.0095999378
FT 591 268481.884149755 147 144 0 0.0121166604
SW 591 268481.884149755 1 204 233 8 0
FT 592 268481.917486255 158 153 0 0.0130686775
FT 593 268481.950822671 153 147 0 0.0144247418
FT 594 268481.984159046 147 141 0 0.0111360597
SW 594 268481.984159046 1 196 223 7 0
FT 595 268482.017495630 162 151 0 0.0100641702
FT 596 268482.050831963 151 139 0 0.0106469415
FT 597 268482.084168380 139 132 0 0.0117887281
SW 597 268482.084168380 1 192 219 5 0
FT 598 268482.117504755 158 155 0 0.00825103944
FT 599 268482.150841255 155 144 0 0.0258994732
FT 600 268482.184177755 144 139 0 0.0360922746
SW 600 268482.184177755 1 195 216 6 0
FT 601 268482.217514088 155 146 0 0.0290280991
FT 602 268482.250850588 146 141 0 0.0173196004
FT 603 268482.284186963 141 134 0 0.0143952445
SW 603 268482.284186963 1 200 213 2 0
FT 604 268482.317523380 153 145 0 0.00631682335
FT 605 268482.350859880 145 138 0 0.00352198645
FT 606 268482.384196255 138 134 0 0.00464390696
SW 606 268482.384196255 1 202 217 1 0
FT 607 268482.417532713 156 151 0 0.00433640809
FT 608 268482.450869171 151 146 0 0.00861079941
FT 609 268482.484205546 146 141 0 0.0140082639
SW 609 268482.484205546 1 193 219 1 0
FT 610 268482.517541880 159 153 0 0.0156015734
FT 611 268482.550878296 153 136 0 0.0133730403
FT 612 268482.584214838 136 126 0 0.0124983431
SW 612 268482.584214838 1 188 202 2 0
FT 613 268482.617551213 155 146 0 0.00903842417
FT 614 268482.650887755 146 137 0 0.0183951018
FT 615 268482.684224005 137 125 0 0.0334023486
SW 615 268482.684224005 1 186 205 2 0
FT 616 268482.717560546 157 144 0 0.0338968854
FT 617 268482.750896838 144 134 0 0.0216950308
FT 618 268482.784233213 134 124 0 0.0194446475
SW 618 268482.784233213 1 187 206 4 0
FT 619 268482.817569713 157 154 0 0.0200268753
FT 620 268482.850906005 154 142 0 0.0188946018
FT 621 268482.884242505 142 134 0 0.0171232367
SW 621 268482.884242505 1 202 215 4 0
FT 622 268482.917578796 161 155 0 0.0211321968
FT 623 268482.950915130 155 142 0 0.0337234575
FT 624 268482.984251671 142 136 0 0.02750203
SW 624 268482.984251671 1 197 224 4 0
FT 625 268483.017588046 160 148 0 0.0311096558
FT 626 268483.050924380 148 133 0 0.0299391683
FT 627 268483.084260880 133 125 0 0.0285345274
SW 627 268483.084260880 1 196 217 5 0
FT 628 268483.117597213 160 143 0 0.0320692427
FT 629 268483.150933630 143 126 0 0.0362844811
FT 630 268483.184270005 126 118 0 0.0357371755
SW 630 268483.184270005 1 198 223 6 0
FT 631 268483.217606463 149 140 0 0.0346965892
FT 632 268483.250942713 140 128 0 0.0349666197
FT 633 268483.284279255 128 120 0 0.0288738954
SW 633 268483.284279255 1 206 227 7 0
FT 634 268483.317615463 147 144 0 0.016908686
FT 635 268483.350951880 144 128 0 0.0107997955
FT 636 268483.384288296 128 120 0 0.0114651614
SW 636 268483.384288296 1 211 234 7 0
FT 637 268483.417624713 161 157 0 0.0140320089
FT 638 268483.450961171 157 145 0 0.0177034917
FT 639 268483.484297546 145 134 0 0.0197291159
SW 639 268483.484297546 1 211 247 9 0
FT 640 268483.517633921 158 147 0 0.0132937263
FT 641 268483.550970255 147 139 0 0.00694201661
FT 642 268483.584306588 139 135 0 0.010127128
SW 642 268483.584306588 1 202 239 8 0
FT 643 268483.617643005 160 149 0 0.011617737
FT 644 268483.650979463 149 138 0 0.0164362078
FT 645 268483.684315755 138 132 0 0.0101669531
SW 645 268483.684315755 1 201 231 9 0
FT 646 268483.717652213 165 161 0 0.00367725412
FT 647 268483.750988505 161 153 0 0.00621707137
FT 648 268483.784324921 153 147 0 0.00545447489
SW 648 268483.784324921 1 207 237 9 0
FT 649 268483.817661296 158 155 0 0.0053534371
FT 650 268483.850997630 155 151 0 0.00861030986
FT 651 268483.884334130 151 145 0 0.0103151395
SW 651 268483.884334130 1 204 226 7 0
FT 652 268483.917670505 167 156 0 0.0102474314
FT 653 268483.951006838 156 148 0 0.0102442792
FT 654 268483.984343255 148 144 0 0.00528499431
SW 654 268483.984343255 1 204 227 5 0
FT 655 268484.017679588 168 159 0 0.011348451
FT 656 268484.051016046 159 145 0 0.0206595645
FT 657 268484.084352380 145 120 0 0.0245480151
SW 657 268484.084352380 1 191 219 4 0
FT 658 268484.117688713 160 137 0 0.0275379103
FT 659 268484.151025088 137 122 0 0.0254700674
FT 660 268484.184361588 122 110 0 0.0170107095
SW 660 268484.184361588 1 201 216 3 0
FT 661 268484.217697880 157 143 0 0.0170551144
FT 662 268484.251034213 143 135 0 0.0127121567
FT 663 268484.284370713 135 128 0 0.00627060242
SW 663 268484.284370713 1 228 242 2 0
FT 664 268484.317707088 160 138 0 0.0223735671
FT 665 268484.351043546 138 123 0 0.0288091356
FT 666 268484.384379713 123 114 0 0.0127679063
SW 666 268484.384379713 1 232 251 2 0
FT 667 268484.417716130 164 151 0 0.00599609711
FT 668 268484.451052463 151 141 0 0.0173987216
FT 669 268484.484388838 141 129 0 0.0134664215
SW 669 268484.484388838 1 227 264 3 0
FT 670 268484.517725296 162 144 0 0.0135171513
FT 671 268484.551061671 144 131 0 0.0177547784
FT 672 268484.584398005 131 102 0 0.018812285
SW 672 268484.584398005 1 214 249 4 0
FT 673 268484.617734421 167 127 0 0.0298115067
FT 674 268484.651070755 127 102 0 0.0210784595
FT 675 268484.684407213 102 84 0 0.0169225169
SW 675 268484.684407213 1 217 242 5 0
FT 676 268484.717743546 161 118 0 0.0175027468
FT 677 268484.751080005 118 102 0 0.0193135651
FT 678 268484.784416380 102 95 0 0.0262344283
SW 678 268484.784416380 1 224 261 2 0
FT 679 268484.817752755 157 139 0 0.0190493795
FT 680 268484.851089046 139 120 0 0.0125180469
FT 681 268484.884425421 120 112 0 0.00758789666
SW 681 268484.884425421 1 248 265 2 0
FT 682 268484.917761838 150 130 0 0.00940808352
FT 683 268484.951098171 130 115 0 0.0204992849
FT 684 268484.984434588 115 101 0 0.0255944638
SW 684 268484.984434588 1 218 267 3 0
FT 685 268485.017770880 147 131 0 0.0191200525
FT 686 268485.051107296 131 115 0 0.0242430529
FT 687 268485.084443713 115 95 0 0.0253088713
SW 687 268485.084443713 1 201 245 2 0
FT 688 268485.117780088 137 106 0 0.022974109
FT 689 268485.151116380 106 84 0 0.0238199573
FT 690 268485.184452921 84 70 0 0.0230955194
SW 690 268485.184452921 1 186 216 2 0
FT 691 268485.217789296 127 87 0 0.0223681407
FT 692 268485.251125505 87 74 0 0.0258280188
FT 693 268485.284461880 74 63 0 0.0189415062
SW 693 268485.284461880 1 179 205 4 0
FT 694 268485.317798255 112 75 0 0.0145767338
FT 695 268485.351134713 75 57 0 0.0246238984
FT 696 268485.384471088 57 34 0 0.0209595138
SW 696 268485.384471088 1 152 185 5 0
FT 697 268485.417807421 81 52 0 0.0144442708
FT 698 268485.451143755 52 40 0 0.0284257663
FT 699 268485.484480171 40 32 0 0.0277967756
SW 699 268485.484480171 1 133 168 5 0
FT 700 268485.517816546 57 42 0 0.026671935
FT 701 268485.551152921 42 28 0 0.0216597672
FT 702 268485.584489255 28 21 0 0.0159588046
SW 702 268485.584489255 1 102 144 4 0
FT 703 268485.617825755 33 21 0 0.0252677299
FT 704 268485.651161963 21 17 0 0.0309244523
FT 705 268485.684498338 17 16 0 0.0243890135
SW 705 268485.684498338 1 84 109 1 0
FT 706 268485.717834796 24 22 0 0.0202643902
FT 707 268485.751171255 22 20 0 0.0214219986
FT 708 268485.784507546 20 17 0 0.0237759846
SW 708 268485.784507546 1 58 90 1 0
FT 709 268485.817844005 28 22 0 0.0225953439
FT 710 268485.851180338 22 21 0 0.0136381175
FT 711 268485.884516671 21 20 0 0.0121801404
SW 711 268485.884516671 1 50 64 1 0
FT 712 268485.917853130 33 31 0 0.0217176584
FT 713 268485.951189380 31 30 0 0.0256548807
FT 714 268485.984525880 30 29 0 0.0233406426
SW 714 268485.984525880 1 42 60 1 0
FT 715 268486.017862213 52 52 0 0.0193157363
FT 716 268486.051198505 52 51 0 0.0134293415
FT 717 268486.084534838 51 50 0 0.0194161429
SW 717 268486.084534838 1 55 64 1 0
FT 718 268486.117871255 63 52 0 0.0250687316
FT 719 268486.151207588 52 49 0 0.0194779713
FT 720 268486.184543963 49 45 0 0.0218602299
SW 720 268486.184543963 1 54 62 4 0
FT 721 268486.217880421 63 51 0 0.0303122521
FT 722 268486.251216755 51 41 0 0.0377009978
FT 723 268486.284553130 41 38 0 0.0283112867
SW 723 268486.284553130 1 63 69 4 0
FT 724 268486.317889505 75 71 0 0.0188734136
FT 725 268486.351225880 71 67 0 0.0176632461
FT 726 268486.384562296 67 65 0 0.0148538348
SW 726 268486.384562296 1 89 95 6 0
FT 727 268486.417898630 79 77 0 0.0174000765
FT 728 268486.451235005 77 76 0 0.0234518168
FT 729 268486.484571380 76 73 0 0.0229745775
SW 729 268486.484571380 1 98 106 8 0
FT 730 268486.517907713 86 81 0 0.0222646257
FT 731 268486.551244088 81 77 0 0.0265172702
FT 732 268486.584580338 77 70 0 0.0199340315
SW 732 268486.584580338 1 94 114 9 0
FT 733 268486.617916838 90 85 0 0.00920576111
FT 734 268486.651253213 85 84 0 0.00458720629
FT 735 268486.684589505 84 80 0 0.00977155435
SW 735 268486.684589505 1 89 116 9 0
FT 736 268486.717925838 103 95 0 0.0133574055
FT 737 268486.751262255 95 81 0 0.0102861527
FT 738 268486.784598588 81 65 0 0.0218954383
SW 738 268486.784598588 1 100 109 8 0
FT 739 268486.817934963 87 72 0 0.0234770375
FT 740 268486.851271380 72 54 0 0.0121611106
FT 741 268486.884607671 54 42 0 0.0275797438
SW 741 268486.884607671 1 102 112 7 0
FT 742 268486.917944046 97 57 0 0.0292477621
FT 743 268486.951280463 57 35 0 0.0232471825
FT 744 268486.984616838 35 30 0 0.0256733124
SW 744 268486.984616838 1 96 119 12 0
FT 745 268487.017953213 59 54 0 0.0317083077
FT 746 268487.051289630 54 51 0 0.0193816278
FT 747 268487.084625963 51 46 0 0.0165614442
SW 747 268487.084625963 1 114 128 11 0
FT 748 268487.117962213 75 69 0 0.0142258023
FT 749 268487.151298630 69 66 0 0.0183589874
FT 750 268487.184635005 66 63 0 0.0192594338
SW 750 268487.184635005 1 107 146 13 0
FT 751 268487.217971380 71 70 0 0.0135919914
FT 752 268487.251307755 70 64 0 0.0183432885
FT 753 268487.284644130 64 57 0 0.0156743215
SW 753 268487.284644130 1 87 126 12 0
FT 754 268487.317980463 70 60 0 0.0247512504
FT 755 268487.351316880 60 53 0 0.0305383294
FT 756 268487.384653255 53 50 0 0.034071587
SW 756 268487.384653255 1 73 104 9 0
FT 757 268487.417989588 81 63 0 0.0244635967
FT 758 268487.451325921 63 38 0 0.0277602485
FT 759 268487.484662255 38 26 0 0.0191032032
SW 759 268487.484662255 1 79 90 7 0
FT 760 268487.517998671 105 54 0 0.0218299063
FT 761 268487.551335046 54 22 0 0.0144926819
FT 762 268487.584671380 22 8 0 0.0189511323
SW 762 268487.584671380 1 80 90 6 0
FT 763 268487.618007713 119 38 0 0.0378107584
FT 764 268487.651344171 38 23 0 0.0166797255
FT 765 268487.684680421 23 17 0 0.0408932287
SW 765 268487.684680421 1 77 102 13 0
FT 766 268487.718016755 123 74 0 0.0606700259
FT 767 268487.751353171 74 52 0 0.0371051204
FT 768 268487.784689505 52 35 0 0.0261504554
SW 768 268487.784689505 1 85 117 20 0
FT 769 268487.818025880 132 105 0 0.0385655564
FT 770 268487.851362171 105 75 0 0.0209303088
FT 771 268487.884698630 75 65 0 0.0144926004
SW 771 268487.884698630 1 66 149 51 0
FT 772 268487.918034963 152 100 0 0.00914370927
FT 773 268487.951371421 100 81 0 0.0217333716
FT 774 268487.984707713 81 70 0 0.0189130323
SW 774 268487.984707713 1 62 150 66 0
FT 775 268488.018044130 138 124 0 0.0286569805
FT 776 268488.051380380 124 106 0 0.0216217878
FT 777 268488.084716796 106 96 0 0.0226392035
SW 777 268488.084716796 1 92 170 71 0
FT 778 268488.118053171 143 133 0 0.0214534647
FT 779 268488.151389588 133 112 0 0.0353776242
FT 780 268488.184725838 112 98 0 0.0537607526
SW 780 268488.184725838 1 131 194 54 0
FT 781 268488.218062380 148 126 0 0.0527313641
FT 782 268488.251398671 126 111 0 0.0458310833
FT 783 268488.284735005 111 104 0 0.0262360598
SW 783 268488.284735005 1 155 212 43 0
FT 784 268488.318071338 146 118 0 0.026777394
FT 785 268488.351407713 118 107 0 0.0277541614
FT 786 268488.384744130 107 104 0 0.0196487138
SW 786 268488.384744130 1 170 216 18 0
FT 787 268488.418080421 147 136 0 0.0162137719
FT 788 268488.451416796 136 132 0 0.0188411225
FT 789 268488.484753213 132 124 0 0.0233623914
SW 789 268488.484753213 1 192 216 8 0
FT 790 268488.518089546 154 148 0 0.0238988547
FT 791 268488.551425838 148 134 0 0.0319597416
FT 792 268488.584762255 134 133 0 0.0251785713
SW 792 268488.584762255 1 185 219 5 0
FT 793 268488.618098588 156 146 0 0.0298049284
FT 794 268488.651434963 146 136 0 0.0288262701
FT 795 268488.684771338 136 126 0 0.0264408268
SW 795 268488.684771338 1 179 205 5 0
FT 796 268488.718107713 156 154 0 0.0222924791
FT 797 268488.751444046 154 143 0 0.018081571
FT 798 268488.784780463 143 134 0 0.020837113
SW 798 268488.784780463 1 182 203 3 0
FT 799 268488.818116755 158 151 0 0.0188030097
FT 800 268488.851453046 151 139 0 0.0145378725
FT 801 268488.884789546 139 127 0 0.0206484036
SW 801 268488.884789546 1 189 201 4 0
FT 802 268488.918125755 152 144 0 0.0209744489
FT 803 268488.951462255 144 132 0 0.0253546335
FT 804 268488.984798546 132 127 0 0.0252996621
SW 804 268488.984798546 1 194 208 4 0
FT 805 268489.018134880 147 141 0 0.0207639367
FT 806 268489.051471255 141 128 0 0.0231369561
FT 807 268489.084807546 128 124 0 0.0202841852
SW 807 268489.084807546 1 187 212 3 0
FT 808 268489.118144005 151 140 0 0.0156244289
FT 809 268489.151480255 140 128 0 0.00811677247
FT 810 268489.184816671 128 112 0 0.0121188962
SW 810 268489.184816671 1 194 207 2 0
FT 811 268489.218153046 148 142 0 0.0111746425
FT 812 268489.251489463 142 129 0 0.0161241239
FT 813 268489.284825796 129 124 0 0.0154998992
SW 813 268489.284825796 1 197 222 2 0
FT 814 268489.318162088 146 135 0 0.0115256476
FT 815 268489.351498463 135 130 0 0.0136029068
FT 816 268489.384834838 130 119 0 0.027402264
SW 816 268489.384834838 1 196 213 2 0
FT 817 268489.418171213 146 128 0 0.0330141003
FT 818 268489.451507463 128 121 0 0.0367258954
FT 819 268489.484843963 121 115 0 0.0173531506
SW 819 268489.484843963 1 195 215 3 0
FT 820 268489.518180296 137 117 0 0.0168588052
FT 821 268489.551516588 117 99 0 0.0105751969
FT 822 268489.584853046 99 90 0 0.00926355414
SW 822 268489.584853046 1 175 207 3 0
FT 823 268489.618189296 126 117 0 0.00868568032
FT 824 268489.651525671 117 109 0 0.00806840396
FT 825 268489.684862088 109 103 0 0.00757922046
SW 825 268489.684862088 1 180 200 6 0
FT 826 268489.718198338 133 120 0 0.0103725112
FT 827 268489.751534838 120 112 0 0.0120081431
FT 828 268489.784871130 112 107 0 0.0133511482
SW 828 268489.784871130 1 179 205 7 0
FT 829 268489.818207505 121 113 0 0.0152485953
FT 830 268489.851543880 113 110 0 0.0208190043
FT 831 268489.884880171 110 104 0 0.0252430529
SW 831 268489.884880171 1 166 195 8 0
FT 832 268489.918216588 124 116 0 0.0320333283
FT 833 268489.951552880 116 110 0 0.0292250551
FT 834 268489.984889296 110 108 0 0.0213371605
SW 834 268489.984889296 1 147 190 9 0
FT 835 268490.018225671 130 126 0 0.0168197171
FT 836 268490.051561921 126 116 0 0.0123587234
FT 837 268490.084898296 116 109 0 0.0120479978
SW 837 268490.084898296 1 153 168 6 0
FT 838 268490.118234713 130 118 0 0.0122592833
FT 839 268490.151571005 118 110 0 0.00866002436
FT 840 268490.184907421 110 102 0 0.0098004348
SW 840 268490.184907421 1 154 176 7 0
FT 841 268490.218243671 122 110 0 0.0126909055
FT 842 268490.251580046 110 101 0 0.0140425909
FT 843 268490.284916421 101 93 0 0.0197962084
SW 843 268490.284916421 1 158 176 6 0
FT 844 268490.318252796 117 106 0 0.0333620011
FT 845 268490.351589088 106 103 0 0.0341072661
FT 846 268490.384925505 103 94 0 0.0352661126
SW 846 268490.384925505 1 162 179 5 0
FT 847 268490.418261880 122 94 0 0.0232034933
FT 848 268490.451598296 94 77 0 0.0397804527
FT 849 268490.484934588 77 65 0 0.0205881061
SW 849 268490.484934588 1 155 173 7 0
FT 850 268490.518270963 109 86 0 0.024590151
FT 851 268490.551607380 86 72 0 0.0269052678
FT 852 268490.584943630 72 72 0 0.0118724163
SW 852 268490.584943630 1 151 181 6 0
FT 853 268490.618279963 116 112 0 0.00998945692
FT 854 268490.651616380 112 100 0 0.0224441844
FT 855 268490.684952755 100 92 0 0.0414308039
SW 855 268490.684952755 1 155 183 4 0
FT 856 268490.718289088 120 118 0 0.0146011529
FT 857 268490.751625421 118 91 0 0.0214581331
FT 858 268490.784961713 91 77 0 0.0306613935
SW 858 268490.784961713 1 151 169 4 0
FT 859 268490.818298046 120 117 0 0.00967062767
FT 860 268490.851634421 117 109 0 0.0207628138
FT 861 268490.884970838 109 105 0 0.0226922215
SW 861 268490.884970838 1 152 190 3 0
FT 862 268490.918307130 117 115 0 0.0193098542
FT 863 268490.951643505 115 105 0 0.0224232311
FT 864 268490.984979838 105 87 0 0.0457344809
SW 864 268490.984979838 1 143 159 4 0
FT 865 268491.018316255 114 113 0 0.00435728452
FT 866 268491.051652505 113 109 0 0.0203922949
FT 867 268491.084988921 109 109 0 0.0108976258
SW 867 268491.084988921 1 159 169 4 0
FT 868 268491.118325255 122 116 0 0.0123571466
FT 869 268491.151661630 116 115 0 0.0128595499
FT 870 268491.184997921 115 113 1 0.00494156172
SW 870 268491.184997921 0 159 0 0 0
FT 871 268491.218334296 126 125 0 0.00594266945
FT 872 268491.251670588 125 123 0 0.00537771548
FT 873 268491.285007005 123 119 0 0.0157921816
SW 873 268491.285007005 1 143 179 4 0
FT 874 268491.318343296 129 123 0 0.0215330683
FT 875 268491.351679671 123 121 0 0.0164146456
FT 876 268491.385016046 121 115 0 0.0128232006
SW 876 268491.385016046 1 127 153 4 0
FT 877 268491.418352380 126 117 0 0.0178651515
FT 878 268491.451688796 117 112 0 0.0139039625
FT 879 268491.485025130 112 108 0 0.0100473538
SW 879 268491.485025130 1 133 137 4 0
FT 880 268491.518361505 121 119 0 0.0122651988
FT 881 268491.551697713 119 115 0 0.0132828203
FT 882 268491.585034088 115 110 0 0.0155920738
SW 882 268491.585034088 1 138 147 4 0
FT 883 268491.618370463 125 123 0 0.0111226864
FT 884 268491.651706880 123 118 0 0.00948156831
FT 885 268491.685043213 118 114 0 0.00639816215
SW 885 268491.685043213 1 148 154 4 0
FT 886 268491.718379630 126 116 0 0.0159342276
FT 887 268491.751715838 116 103 0 0.021381019
FT 888 268491.785052296 103 68 0 0.0363362157
SW 888 268491.785052296 1 142 157 6 0
FT 889 268491.818388546 91 56 0 0.0550210746
FT 890 268491.851724921 56 39 0 0.0552484474
FT 891 268491.885061255 39 23 0 0.0606723896
SW 891 268491.885061255 1 131 151 7 0
FT 892 268491.918397588 82 48 0 0.0741159955
FT 893 268491.951733963 48 36 0 0.0732070102
FT 894 268491.985070338 36 29 0 0.059833008
SW 894 268491.985070338 1 145 158 5 0
FT 895 268492.018406713 91 81 0 0.0190751025
FT 896 268492.051743046 81 79 0 0.00535016994
