FT 2 268462.165393170 117 116 0 0.00802953652
FT 3 268462.198729837 126 121 0 0.0093989107
FT 4 268462.232066462 131 130 0 0.00753771424
FT 5 268462.265403045 138 136 0 0.00563099469
FT 6 268462.298739712 141 139 0 0.00686457424
FT 7 268462.332076295 142 138 0 0.00911597116
FT 8 268462.365413004 143 141 0 0.00739776856
FT 9 268462.398749545 145 143 0 0.012560598
FT 10 268462.432086212 146 141 0 0.00633115869
FT 11 268462.465422879 145 136 0 0.0085573545
FT 12 268462.498759462 142 141 0 0.00506918156
FT 13 268462.532096129 147 146 0 0.00496311922
FT 14 268462.565432670 147 145 0 0.000250542723
FT 15 268462.598769254 149 149 0 0.00189929836
FT 16 268462.632105962 151 149 1 0.00506995624
FT 17 268462.665442504 152 150 0 0.00923566081
FT 18 268462.698779170 155 150 0 0.0130119797
FT 19 268462.732115837 158 154 1 0.00302235596
FT 20 268462.765452337 158 157 0 0.0112648537
FT 21 268462.798789004 162 162 0 0.00589795123
FT 22 268462.832125629 162 159 0 0.00414797454
FT 23 268462.865462212 162 162 1 0.00163931731
FT 24 268462.898798879 166 164 1 0.00115719232
FT 25 268462.932135504 165 163 0 0.00438511322
FT 26 268462.965472087 165 162 0 0.00628130999
FT 27 268462.998808712 163 161 0 0.00626518265
FT 28 268463.032145379 165 162 1 0.0092300561
FT 29 268463.065481920 164 159 0 0.0126535469
FT 30 268463.182160045 160 137 0 0.0423973115
FT 31 268463.215496754 153 142 0 0.0173138632
FT 32 268463.248833295 158 155 1 0.0119187838
FT 33 268463.282169879 160 152 0 0.0158487122
FT 34 268463.315506504 160 157 0 0.0180790692
FT 35 268463.348843087 161 160 0 0.0100908869
FT 36 268463.382179712 166 157 0 0.0140810498
INIT 268462.132056670 268463.382179712 8 0.28067991 8.92231997 0.485037973 4.04070895 -0.00350638869 0.00197435809 -0.000390419499 0 0 0
FT 37 268463.415516212 164 150 0 0.019235432
FT 38 268463.448852837 150 144 0 0.0175027416
FT 39 268463.482189379 144 142 0 0.0115005237
SW 39 268463.482189379 1 182 217 14 0
FT 40 268463.515526045 161 161 0 0.00799454995
FT 41 268463.548862629 161 159 0 0.0073686037
FT 42 268463.582199212 159 157 0 0.00568043568
SW 42 268463.582199212 1 204 215 6 0
FT 43 268463.615535754 162 155 0 0.0172517543
FT 44 268463.648872462 155 149 0 0.0160800673
FT 45 268463.682209045 149 144 0 0.0105773747
SW 45 268463.682209045 1 175 214 7 0
FT 46 268463.715545545 170 162 0 0.0160358901
FT 47 268463.748882129 162 161 0 0.0131647115
FT 48 268463.782218754 161 159 0 0.0143092274
SW 48 268463.782218754 1 189 201 3 0
FT 49 268463.815555212 173 171 0 0.0122424879
FT 50 268463.848891795 171 169 0 0.0107685669
FT 51 268463.882228379 169 165 0 0.0050317851
SW 51 268463.882228379 1 194 204 2 0
FT 52 268463.915564920 170 168 0 0.00897532055
FT 53 268463.948901504 168 160 0 0.0145695312
FT 54 268463.982238087 160 156 0 0.00992116747
SW 54 268463.982238087 1 196 201 1 0
FT 55 268464.015574670 169 165 0 0.0122890198
FT 56 268464.048911170 165 158 0 0.0186055737
FT 57 268464.082247712 158 157 0 0.0163907121
SW 57 268464.082247712 1 185 204 2 0
FT 58 268464.115584295 169 167 0 0.011403922
FT 59 268464.148920795 167 164 0 0.00642462496
FT 60 268464.182257337 164 161 0 0.00993761705
SW 60 268464.182257337 1 192 197 1 0
FT 61 268464.215593837 174 169 0 0.013546332
FT 62 268464.248930462 169 165 0 0.0101286101
FT 63 268464.282267045 165 163 0 0.0093636564
SW 63 268464.282267045 1 196 203 1 0
FT 64 268464.315603420 172 172 0 0.00870509023
FT 65 268464.348940004 172 171 0 0.00582377989
FT 66 268464.382276545 171 161 0 0.0116684239
SW 66 268464.382276545 1 189 204 1 0
FT 67 268464.415613129 164 160 0 0.0154143988
FT 68 268464.448949629 160 156 0 0.0113044442
FT 69 268464.482286212 156 152 0 0.0108907756
SW 69 268464.482286212 1 184 192 2 0
FT 70 268464.515622795 163 160 0 0.0121742052
FT 71 268464.548959295 160 158 0 0.00511336032
FT 72 268464.582295920 158 158 0 0.00853789901
SW 72 268464.582295920 1 188 196 2 0
FT 73 268464.615632295 164 162 0 0.00918342786
FT 74 268464.648968879 162 160 0 0.0026356275
FT 75 268464.682305462 160 160 0 0.00624162162
SW 75 268464.682305462 1 184 194 2 0
FT 76 268464.715642004 168 165 0 0.0100044859
FT 77 268464.748978462 165 163 0 0.00685901651
FT 78 268464.782315045 163 160 0 0.0132820445
SW 78 268464.782315045 1 179 192 4 0
FT 79 268464.815651587 167 161 0 0.0191549562
FT 80 268464.848988129 161 155 0 0.017398499
FT 81 268464.882324629 155 154 0 0.0088601515
SW 81 268464.882324629 1 173 187 3 0
FT 82 268464.915661129 162 159 0 0.0089998652
FT 83 268464.948997670 159 153 0 0.0167860163
FT 84 268464.982334212 153 149 0 0.0147872606
SW 84 268464.982334212 1 176 182 2 0
FT 85 268465.015670754 155 152 0 0.0111957864
FT 86 268465.049007212 152 150 0 0.0165472964
FT 87 268465.082343837 150 140 0 0.0229508546
SW 87 268465.082343837 1 178 182 2 0
FT 88 268465.115911296 150 145 0 0.0189804104
FT 89 268465.149247921 145 144 0 0.010290049
FT 90 268465.182584380 144 140 0 0.0104925631
SW 90 268465.182584380 1 179 187 2 0
FT 91 268465.215921046 154 150 0 0.0157231618
FT 92 268465.249257463 150 144 0 0.0121623038
FT 93 268465.282594005 144 141 0 0.0101096391
SW 93 268465.282594005 1 179 191 2 0
FT 94 268465.315930630 150 143 0 0.0124514683
FT 95 268465.349267046 143 139 0 0.00918073926
FT 96 268465.382603588 139 138 0 0.0115574471
SW 96 268465.382603588 1 174 189 4 0
FT 97 268465.415940171 152 149 0 0.0120626883
FT 98 268465.449276671 149 141 0 0.0101714024
FT 99 268465.482613171 141 134 0 0.00741977134
SW 99 268465.482613171 1 171 188 4 0
FT 100 268465.515949755 155 150 0 0.00684518839
FT 101 268465.549286255 150 143 0 0.00434746215
FT 102 268465.582622838 143 141 0 0.00440278738
SW 102 268465.582622838 1 182 190 1 0
FT 103 268465.615959421 157 154 0 0.00383116289
FT 104 268465.649295921 154 141 0 0.00749205988
FT 105 268465.682632421 141 138 0 0.0107882811
SW 105 268465.682632421 1 185 195 1 0
FT 106 268465.715968838 155 151 0 0.00494488046
FT 107 268465.749305463 151 146 0 0.00541471664
FT 108 268465.782642046 146 143 0 0.00759565219
SW 108 268465.782642046 1 185 198 2 0
FT 109 268465.815978546 165 164 0 0.00692780044
FT 110 268465.849315088 164 161 0 0.00760371323
FT 111 268465.882651630 161 159 0 0.00699903654
SW 111 268465.882651630 1 189 207 4 0
FT 112 268465.915988046 165 162 0 0.00887047614
FT 113 268465.949324671 162 157 0 0.0135446079
FT 114 268465.982661255 157 153 0 0.0174519047
SW 114 268465.982661255 1 188 198 2 0
FT 115 268466.015997713 160 154 0 0.0163692969
FT 116 268466.049334338 154 152 0 0.018801465
FT 117 268466.082670880 152 150 0 0.0167395124
SW 117 268466.082670880 1 179 197 3 0
FT 118 268466.116007213 162 156 0 0.0174658534
FT 119 268466.149343880 156 149 0 0.0195788406
FT 120 268466.182680421 149 141 0 0.0165758598
SW 120 268466.182680421 1 178 191 6 0
FT 121 268466.216016963 157 153 0 0.0119640693
FT 122 268466.249353505 153 149 0 0.00399725623
FT 123 268466.282690130 149 142 0 0.00785938447
SW 123 268466.282690130 1 187 197 6 0
FT 124 268466.316026546 162 156 0 0.00605080586
FT 125 268466.349363046 156 150 0 0.0113166754
FT 126 268466.382699546 150 145 0 0.0134683759
SW 126 268466.382699546 1 192 210 7 0
FT 127 268466.416036005 168 161 0 0.0173644927
FT 128 268466.449372546 161 155 0 0.0167977216
FT 129 268466.482709213 155 151 0 0.011809942
SW 129 268466.482709213 1 198 215 7 0
FT 130 268466.516045671 169 167 0 0.010668477
FT 131 268466.549382171 167 160 0 0.0102941275
FT 132 268466.582718755 160 154 0 0.00823184844
SW 132 268466.582718755 1 193 218 7 0
FT 133 268466.616055213 167 163 0 0.0108961548
FT 134 268466.649391671 163 153 0 0.0164718904
FT 135 268466.682728338 153 148 0 0.0182126156
SW 135 268466.682728338 1 191 209 6 0
FT 136 268466.716064713 165 164 0 0.0178374439
FT 137 268466.749401296 164 159 0 0.0188503964
FT 138 268466.782737796 159 156 0 0.0123972785
SW 138 268466.782737796 1 190 211 7 0
FT 139 268466.816074255 167 166 0 0.0126079616
FT 140 268466.849410755 166 165 0 0.0106005086
FT 141 268466.882747338 165 162 0 0.0068663762
SW 141 268466.882747338 1 192 208 6 0
FT 142 268466.916083796 169 163 0 0.0071546772
FT 143 268466.949420255 163 162 0 0.00653878719
FT 144 268466.982756755 162 161 0 0.0119392336
SW 144 268466.982756755 1 189 205 6 0
FT 145 268467.016093296 172 167 0 0.0119601329
FT 146 268467.049429755 167 157 0 0.0093234808
FT 147 268467.082766338 157 151 0 0.00645323611
SW 147 268467.082766338 1 180 202 7 0
FT 148 268467.116102713 162 161 0 0.00820153993
FT 149 268467.149439296 161 155 0 0.00437429339
FT 150 268467.182775796 155 150 0 0.00731003993
SW 150 268467.182775796 1 183 196 7 0
FT 151 268467.216112338 163 157 0 0.0111332096
FT 152 268467.249448755 157 145 0 0.00689050875
FT 153 268467.282785255 145 136 0 0.0182043585
SW 153 268467.282785255 1 188 200 7 0
FT 154 268467.316121713 154 144 0 0.0112063336
FT 155 268467.349458213 144 140 0 0.00650486694
FT 156 268467.382794713 140 136 0 0.00909072965
SW 156 268467.382794713 1 192 207 7 0
FT 157 268467.416131213 155 149 0 0.00806312766
FT 158 268467.449467713 149 145 0 0.00917661831
FT 159 268467.482804046 145 140 0 0.0120147724
SW 159 268467.482804046 1 191 216 8 0
FT 160 268467.516140588 150 146 0 0.00873593099
FT 161 268467.549477046 146 142 0 0.0119103521
FT 162 268467.582813588 142 137 0 0.00835085959
SW 162 268467.582813588 1 189 207 8 0
FT 163 268467.616150046 146 139 0 0.0173439917
FT 164 268467.649486463 139 136 0 0.0149920598
FT 165 268467.682823046 136 132 0 0.0289199055
SW 165 268467.682823046 1 173 203 6 0
FT 166 268467.716159505 145 141 0 0.0227180279
FT 167 268467.749496046 141 137 0 0.0107277671
FT 168 268467.782832546 137 135 0 0.00461114659
SW 168 268467.782832546 1 172 188 4 0
FT 169 268467.816168838 148 137 0 0.00890677417
FT 170 268467.849505505 137 131 0 0.0154286901
FT 171 268467.882841963 131 124 0 0.0209013972
SW 171 268467.882841963 1 166 183 4 0
FT 172 268467.916178421 148 143 0 0.02182859
FT 173 268467.949514921 143 138 0 0.0107139107
FT 174 268467.982851380 138 134 0 0.00871417552
SW 174 268467.982851380 1 177 191 3 0
FT 175 268468.016187838 153 143 0 0.00847711842
FT 176 268468.049524380 143 134 0 0.0147470776
FT 177 268468.082860838 134 131 0 0.00897158161
SW 177 268468.082860838 1 180 194 3 0
FT 178 268468.116197338 149 142 0 0.00618374718
FT 179 268468.149533796 142 136 0 0.00817541335
FT 180 268468.182870213 136 131 0 0.0114899708
SW 180 268468.182870213 1 188 197 2 0
FT 181 268468.216206755 151 148 0 0.00651440213
FT 182 268468.249543171 148 138 0 0.0134458803
FT 183 268468.282879713 138 135 0 0.0128045513
SW 183 268468.282879713 1 186 205 2 0
FT 184 268468.316216088 158 153 0 0.00182248478
FT 185 268468.349552630 153 146 0 0.00516007379
FT 186 268468.382889213 146 142 0 0.00427605981
SW 186 268468.382889213 1 192 205 2 0
FT 187 268468.416225546 156 152 0 0.00804283872
FT 188 268468.449562046 152 148 0 0.0102029713
FT 189 268468.482898630 148 147 0 0.00403370463
SW 189 268468.482898630 1 189 207 0 0
FT 190 268468.516235005 155 150 0 0.00489627901
FT 191 268468.549571546 150 145 0 0.00825958463
FT 192 268468.582908046 145 142 0 0.0102732571
SW 192 268468.582908046 1 181 194 0 0
FT 193 268468.616244421 158 156 0 0.00642489469
FT 194 268468.649580880 156 152 1 0.00587008416
FT 195 268468.682917463 152 149 0 0.00932479683
SW 195 268468.682917463 1 185 196 0 0
FT 196 268468.716253880 162 160 0 0.00230189536
FT 197 268468.749590338 160 159 0 0.00325256198
FT 198 268468.782926838 159 158 0 0.0114444263
SW 198 268468.782926838 1 187 198 1 0
FT 199 268468.816263421 163 159 1 0.00665722502
FT 200 268468.849599838 159 153 0 0.00810686502
FT 201 268468.882936255 153 148 0 0.0126938669
SW 201 268468.882936255 1 181 191 2 0
FT 202 268468.916272796 157 156 0 0.00875238089
FT 203 268468.949609171 156 151 0 0.00745700204
FT 204 268468.982945713 151 140 0 0.00786402206
SW 204 268468.982945713 1 173 188 5 0
FT 205 268469.016282130 148 142 0 0.0085680133
FT 206 268469.049618671 142 137 0 0.00939099344
FT 207 268469.082955088 137 133 0 0.0121244052
SW 207 268469.082955088 1 166 183 9 0
FT 208 268469.116291713 160 150 0 0.0133497787
FT 209 268469.149628046 150 143 0 0.0143365225
FT 210 268469.182964546 143 137 0 0.0143343587
SW 210 268469.182964546 1 178 195 13 0
FT 211 268469.216301046 151 148 0 0.0162510337
FT 212 268469.249637463 148 139 0 0.0191114055
FT 213 268469.282973963 139 137 0 0.0163929698
SW 213 268469.282973963 1 173 203 17 0
FT 214 268469.316310380 156 150 0 0.01528024
FT 215 268469.349646963 150 141 0 0.0128943401
FT 216 268469.382983380 141 130 0 0.0110380009
SW 216 268469.382983380 1 176 204 15 0
FT 217 268469.416319921 154 146 0 0.0120370095
FT 218 268469.449656380 146 142 0 0.0119337006
FT 219 268469.482992838 142 137 0 0.0130703154
SW 219 268469.482992838 1 185 210 13 0
FT 220 268469.516329338 159 150 0 0.0144905075
FT 221 268469.549665713 150 136 0 0.0229864052
FT 222 268469.583002255 136 131 0 0.0298016652
SW 222 268469.583002255 1 189 216 11 0
FT 223 268469.616338671 168 162 0 0.0309064523
FT 224 268469.649675171 162 154 0 0.0224638425
FT 225 268469.683011713 154 147 0 0.0115791437
SW 225 268469.683011713 1 207 228 9 0
FT 226 268469.716348046 164 157 0 0.0154073818
FT 227 268469.749684546 157 150 0 0.0200726155
FT 228 268469.783021005 150 144 0 0.0113081842
SW 228 268469.783021005 1 200 229 8 0
FT 229 268469.816357546 164 157 0 0.00844779296
FT 230 268469.849694046 157 150 0 0.0160573141
FT 231 268469.883030421 150 146 0 0.0163408811
SW 231 268469.883030421 1 202 221 7 0
FT 232 268469.916366880 163 155 0 0.00848772461
FT 233 268469.949703380 155 145 0 0.0136596727
FT 234 268469.983039921 145 141 0 0.0132153171
SW 234 268469.983039921 1 190 222 8 0
FT 235 268470.016376296 157 150 0 0.0146097409
FT 236 268470.049712796 150 142 0 0.0131183072
FT 237 268470.083049296 142 141 0 0.0205981168
SW 237 268470.083049296 1 189 208 7 0
FT 238 268470.116385796 162 155 0 0.0246046773
FT 239 268470.149722255 155 152 0 0.0167464883
FT 240 268470.183058713 152 147 0 0.011199459
SW 240 268470.183058713 1 193 213 4 0
FT 241 268470.216395088 161 156 0 0.0201647911
FT 242 268470.249731588 156 152 0 0.0265929228
FT 243 268470.283068046 152 146 0 0.017777207
SW 243 268470.283068046 1 197 210 2 0
FT 244 268470.316404546 170 167 0 0.013125215
FT 245 268470.349740963 167 161 0 0.0113876896
FT 246 268470.383077505 161 152 0 0.0103809382
SW 246 268470.383077505 1 195 214 1 0
FT 247 268470.416413963 166 161 0 0.0118128005
FT 248 268470.449750463 161 155 0 0.0126960163
FT 249 268470.483086880 155 152 0 0.0128853204
SW 249 268470.483086880 1 195 206 1 0
FT 250 268470.516423421 166 161 0 0.0150293737
FT 251 268470.549759755 161 155 0 0.0188176621
FT 252 268470.583096255 155 151 0 0.0175236352
SW 252 268470.583096255 1 197 209 1 0
FT 253 268470.616432713 164 159 0 0.0154886608
FT 254 268470.649769255 159 149 0 0.0240648198
FT 255 268470.683105671 149 147 0 0.0283257036
SW 255 268470.683105671 1 193 209 2 0
FT 256 268470.716442213 165 161 0 0.0246554071
FT 257 268470.749778588 161 154 0 0.0205448639
FT 258 268470.783115130 154 146 0 0.0230569906
SW 258 268470.783115130 1 196 208 3 0
FT 259 268470.816451546 171 166 0 0.0212233257
FT 260 268470.849788005 166 161 0 0.021175915
FT 261 268470.883124421 161 154 0 0.0275106188
SW 261 268470.883124421 1 201 216 5 0
FT 262 268470.916460963 172 163 0 0.0251163614
FT 263 268470.949797380 163 154 0 0.0197182514
FT 264 268470.983133921 154 151 0 0.0181502308
SW 264 268470.983133921 1 199 217 4 0
FT 265 268471.016470338 164 155 0 0.0216704037
FT 266 268471.049806796 155 151 0 0.0226725566
FT 267 268471.083143213 151 145 0 0.0212982002
SW 267 268471.083143213 1 192 211 4 0
FT 268 268471.116479713 157 148 0 0.0190326595
FT 269 268471.149816213 148 142 0 0.0148235147
FT 270 268471.183152713 142 138 0 0.0106487647
SW 270 268471.183152713 1 185 203 4 0
FT 271 268471.216489088 160 155 0 0.00600680078
FT 272 268471.249825546 155 149 0 0.00448780367
FT 273 268471.283162088 149 141 0 0.0128742789
SW 273 268471.283162088 1 193 206 4 0
FT 274 268471.316498421 158 156 0 0.0146117196
FT 275 268471.349834963 156 147 0 0.01219389
FT 276 268471.383171421 147 146 0 0.00833812884
SW 276 268471.383171421 1 193 210 3 0
FT 277 268471.416507796 161 153 0 0.0143028736
FT 278 268471.449844296 153 145 0 0.0143505629
FT 279 268471.483180671 145 142 0 0.00396460654
SW 279 268471.483180671 1 192 208 2 0
FT 280 268471.516517130 158 155 0 0.00527824595
FT 281 268471.549853671 155 148 0 0.0115543781
FT 282 268471.583190171 148 141 0 0.00752240209
SW 282 268471.583190171 1 190 206 2 0
FT 283 268471.616526588 153 145 0 0.0146409837
FT 284 268471.649863088 145 136 0 0.0208505686
FT 285 268471.683199546 136 134 0 0.00268805019
SW 285 268471.683199546 1 185 200 1 0
FT 286 268471.716536005 159 153 0 0.0185490807
FT 287 268471.749872421 153 143 0 0.0354919315
FT 288 268471.783208921 143 134 0 0.0252990476
SW 288 268471.783208921 1 194 205 3 0
FT 289 268471.816545421 162 157 0 0.00907412433
FT 290 268471.849881880 157 151 0 0.0222228244
FT 291 268471.883218338 151 147 0 0.0129633684
SW 291 268471.883218338 1 194 214 4 0
FT 292 268471.916554671 160 156 0 0.0167587154
FT 293 268471.949891171 156 154 0 0.0138332495
FT 294 268471.983227671 154 148 0 0.0199072543
SW 294 268471.983227671 1 195 210 2 0
FT 295 268472.016564088 159 151 0 0.0173766182
FT 296 268472.049900630 151 147 0 0.0169962107
FT 297 268472.083237088 147 147 0 0.00510463544
SW 297 268472.083237088 1 188 207 4 0
FT 298 268472.116573421 163 155 0 0.0149779198
FT 299 268472.149909963 155 152 0 0.0179443457
FT 300 268472.183246421 152 150 0 0.0170784581
SW 300 268472.183246421 1 179 202 4 0
FT 301 268472.216582921 161 154 0 0.00956724395
FT 302 268472.249919338 154 151 0 0.0152616388
FT 303 268472.283255796 151 148 0 0.0156346624
SW 303 268472.283255796 1 187 193 2 0
FT 304 268472.316592213 156 145 0 0.0202890868
FT 305 268472.349928671 145 136 0 0.0162402739
FT 306 268472.383265255 136 131 1 0.0103426947
SW 306 268472.383265255 0 187 0 0 0
FT 307 268472.416601671 151 143 0 0.023036433
FT 308 268472.449938171 143 129 1 0.03153569
FT 309 268472.483274588 129 119 0 0.0304790829
SW 309 268472.483274588 1 180 204 2 0
FT 310 268472.516611046 135 123 0 0.0326615473
FT 311 268472.549947380 123 119 1 0.0219341577
FT 312 268472.583283880 119 119 0 0.00710370852
SW 312 268472.583283880 1 181 189 1 0
FT 313 268472.616620380 138 131 0 0.0267065376
FT 314 268472.649956755 131 125 0 0.0329437162
FT 315 268472.683293338 125 122 0 0.0146970627
SW 315 268472.683293338 1 180 194 2 0
FT 316 268472.716629796 155 149 0 0.00951242965
FT 317 268472.749966213 149 139 0 0.0320103019
FT 318 268472.783302671 139 135 0 0.0168274491
SW 318 268472.783302671 1 175 200 3 0
FT 319 268472.816639130 159 153 0 0.0150332115
FT 320 268472.849975546 153 149 0 0.0190314716
FT 321 268472.883311963 149 146 0 0.00952030918
SW 321 268472.883311963 1 172 197 3 0
FT 322 268472.916648505 164 155 0 0.0111448058
FT 323 268472.949985005 155 149 0 0.0172896936
FT 324 268472.983321380 149 148 0 0.0109073741
SW 324 268472.983321380 1 176 187 3 0
FT 325 268473.016657838 159 156 0 0.0109463323
FT 326 268473.049994213 156 151 0 0.0165925721
FT 327 268473.083330796 151 148 0 0.0138021457
SW 327 268473.083330796 1 174 185 3 0
FT 328 268473.116667130 159 150 0 0.0198348558
FT 329 268473.150003630 150 145 0 0.0214925547
FT 330 268473.183340088 145 144 0 0.00995796248
SW 330 268473.183340088 1 176 184 3 0
FT 331 268473.216676630 164 158 0 0.0180509965
FT 332 268473.250012963 158 148 0 0.0253872819
FT 333 268473.283349421 148 145 0 0.0229618168
SW 333 268473.283349421 1 181 192 3 0
FT 334 268473.316685963 158 152 0 0.0215274203
FT 335 268473.350022463 152 148 0 0.0275093823
FT 336 268473.383358796 148 144 0 0.02179267
SW 336 268473.383358796 1 179 192 3 0
FT 337 268473.416695296 159 152 0 0.0276030174
FT 338 268473.450031713 152 143 0 0.0349013026
FT 339 268473.483368171 143 142 0 0.0237105242
SW 339 268473.483368171 1 181 194 7 0
FT 340 268473.516704671 158 151 0 0.0247685459
FT 341 268473.550041046 151 141 0 0.0299222084
FT 342 268473.583377505 141 134 0 0.021098689
SW 342 268473.583377505 1 181 201 9 0
FT 343 268473.616713963 149 143 0 0.0138283798
FT 344 268473.650050463 143 138 0 0.0143427093
FT 345 268473.683386838 138 137 0 0.0179475054
SW 345 268473.683386838 1 180 201 9 0
FT 346 268473.716723296 164 157 0 0.0115955559
FT 347 268473.750059796 157 152 0 0.0123139473
FT 348 268473.783396213 152 148 0 0.00951757968
SW 348 268473.783396213 1 188 209 12 0
FT 349 268473.816732546 164 158 0 0.00760824578
FT 350 268473.850069171 158 152 0 0.0150543268
FT 351 268473.883405546 152 146 0 0.0277960403
SW 351 268473.883405546 1 190 214 10 0
FT 352 268473.916742005 163 153 0 0.0266772581
FT 353 268473.950078505 153 148 0 0.0255673138
FT 354 268473.983414963 148 143 0 0.0147487817
SW 354 268473.983414963 1 177 210 12 0
FT 355 268474.016751296 162 155 0 0.0173642128
FT 356 268474.050087796 155 145 0 0.00499410894
FT 357 268474.083424213 145 142 0 0.0104654028
SW 357 268474.083424213 1 181 203 14 0
FT 358 268474.116760671 162 158 0 0.00869857516
FT 359 268474.150097213 158 155 0 0.0132748496
FT 360 268474.183433671 155 149 0 0.00476889077
SW 360 268474.183433671 1 187 211 15 0
FT 361 268474.216770005 166 158 0 0.00615983763
FT 362 268474.250106380 158 154 0 0.0118386282
FT 363 268474.283442880 154 146 0 0.0154461698
SW 363 268474.283442880 1 183 215 16 0
FT 364 268474.316779338 162 155 0 0.0113696996
FT 365 268474.350115838 155 147 0 0.00645389158
FT 366 268474.383452255 147 141 0 0.0111311025
SW 366 268474.383452255 1 182 210 15 0
FT 367 268474.416788755 159 155 0 0.00764221291
FT 368 268474.450125213 155 145 0 0.00885207165
FT 369 268474.483461588 145 136 0 0.0202742149
SW 369 268474.483461588 1 181 211 15 0
FT 370 268474.516798088 155 146 0 0.0191094556
FT 371 268474.550134505 146 137 0 0.0207092892
FT 372 268474.583470963 137 130 0 0.0206804503
SW 372 268474.583470963 1 188 211 14 0
FT 373 268474.616807421 136 126 0 0.0226785137
FT 374 268474.650143796 126 121 0 0.0187903735
FT 375 268474.683480338 121 114 0 0.0194695621
SW 375 268474.683480338 1 174 204 14 0
FT 376 268474.716816671 136 122 0 0.0205768634
FT 377 268474.750153213 122 118 0 0.0158689045
FT 378 268474.783489630 118 112 0 0.017432479
SW 378 268474.783489630 1 172 201 13 0
FT 379 268474.816826088 126 120 0 0.0214213673
FT 380 268474.850162463 120 111 0 0.0165475545
FT 381 268474.883499046 111 110 0 0.0102460273
SW 381 268474.883499046 1 163 193 11 0
FT 382 268474.916835296 119 118 0 0.0039314651
FT 383 268474.950171838 118 115 0 0.00844330191
FT 384 268474.983508255 115 115 0 0.0026301244
SW 384 268474.983508255 1 151 182 10 0
FT 385 268475.016844713 125 119 0 0.011772469
FT 386 268475.050181213 119 114 0 0.0182351505
FT 387 268475.083517588 114 112 0 0.0136941295
SW 387 268475.083517588 1 141 168 9 0
FT 388 268475.116854088 125 119 0 0.0119337197
FT 389 268475.150190546 119 110 0 0.0183208555
FT 390 268475.183527005 110 104 0 0.0169848327
SW 390 268475.183527005 1 132 155 8 0
FT 391 268475.216863380 126 124 0 0.0116065646
FT 392 268475.250199838 124 119 0 0.0184939963
FT 393 268475.283536255 119 110 0 0.02771813
SW 393 268475.283536255 1 137 154 7 0
FT 394 268475.316872755 117 106 0 0.031293578
FT 395 268475.350209255 106 100 0 0.0231775518
FT 396 268475.383545671 100 95 0 0.0355917128
SW 396 268475.383545671 1 142 151 6 0
FT 397 268475.416881963 113 98 0 0.0332939105
FT 398 268475.450218463 98 97 0 0.0226086469
FT 399 268475.483554963 97 96 0 0.0175189278
SW 399 268475.483554963 1 145 161 6 0
FT 400 268475.516891338 116 105 0 0.023095932
FT 401 268475.550227796 105 103 0 0.0150215863
FT 402 268475.583564338 103 100 0 0.0198020635
SW 402 268475.583564338 1 143 164 8 0
FT 403 268475.616900588 119 112 0 0.0327133175
FT 404 268475.650237213 112 110 0 0.0191890836
FT 405 268475.683573588 110 109 0 0.0161820231
SW 405 268475.683573588 1 140 166 18 0
FT 406 268475.716910046 130 126 0 0.0116076737
FT 407 268475.750246463 126 121 0 0.0225414877
FT 408 268475.783582921 121 117 0 0.0137696721
SW 408 268475.783582921 1 130 176 24 0
FT 409 268475.816919380 129 127 0 0.00897968493
FT 410 268475.850255838 127 127 0 0.0130813121
FT 411 268475.883592213 127 123 0 0.0150744941
SW 411 268475.883592213 1 119 165 34 0
FT 412 268475.916928671 135 131 0 0.0101108781
FT 413 268475.950265171 131 129 0 0.00633807643
FT 414 268475.983601546 129 127 0 0.00747517009
SW 414 268475.983601546 1 141 163 13 0
FT 415 268476.016938046 135 133 0 0.00519373723
FT 416 268476.050274505 133 127 0 0.00873639933
FT 417 268476.083610838 127 126 0 0.00582515005
SW 417 268476.083610838 1 140 158 12 0
FT 418 268476.116947380 141 136 0 0.0106874279
FT 419 268476.150283796 136 133 1 0.0132776761
FT 420 268476.183620130 133 127 0 0.0187896942
SW 420 268476.183620130 1 137 158 11 0
FT 421 268476.216956671 132 130 0 0.0195104507
FT 422 268476.250293088 130 129 1 0.0120953507
FT 423 268476.283629505 129 125 0 0.0124498911
SW 423 268476.283629505 1 140 152 7 0
FT 424 268476.316965963 135 131 0 0.0198301759
FT 425 268476.350302421 131 128 0 0.015499854
FT 426 268476.383638838 128 128 1 0.0160066394
SW 426 268476.383638838 0 140 0 0 0
FT 427 268476.416975338 147 136 1 0.0192464433
FT 428 268476.450311713 136 129 0 0.0235299019
FT 429 268476.483648213 129 129 0 0.0156635352
SW 429 268476.483648213 1 144 162 7 0
FT 430 268476.516984546 140 140 0 0.0174524521
FT 431 268476.550320963 140 133 0 0.0208274446
FT 432 268476.583657463 133 125 0 0.0214142741
SW 432 268476.583657463 1 151 161 5 0
FT 433 268476.616993796 142 137 0 0.0121373779
FT 434 268476.650330338 137 135 0 0.0131297488
FT 435 268476.683666796 135 128 0 0.0165464245
SW 435 268476.683666796 1 155 166 5 0
FT 436 268476.717003255 140 133 0 0.0172951354
FT 437 268476.750339588 133 123 0 0.0159012573
FT 438 268476.783676171 123 122 0 0.0132743651
SW 438 268476.783676171 1 158 168 5 0
FT 439 268476.817012463 133 127 0 0.00592397683
FT 440 268476.850349005 127 119 0 0.0168091882
FT 441 268476.883685463 119 108 0 0.0207549433
SW 441 268476.883685463 1 157 168 5 0
FT 442 268476.917021796 120 96 0 0.0319985772
FT 443 268476.950358255 96 92 0 0.0331085115
FT 444 268476.983694713 92 90 0 0.0147057385
SW 444 268476.983694713 1 145 165 6 0
FT 445 268477.017031130 126 108 0 0.0432271664
FT 446 268477.050367671 108 100 0 0.0433561513
FT 447 268477.083704088 100 99 0 0.0208084282
SW 447 268477.083704088 1 158 170 5 0
FT 448 268477.117040505 123 113 0 0.0307327346
FT 449 268477.150376838 113 105 0 0.0233967503
FT 450 268477.183713338 105 101 0 0.0270812824
SW 450 268477.183713338 1 158 177 5 0
FT 451 268477.217049755 128 125 0 0.0158145529
FT 452 268477.250386213 125 124 0 0.0124009337
FT 453 268477.283722713 124 123 0 0.0115115172
SW 453 268477.283722713 1 162 186 5 0
FT 454 268477.317059046 129 123 0 0.0150836958
FT 455 268477.350395505 123 117 0 0.0158861878
FT 456 268477.383732005 117 116 0 0.0207671469
SW 456 268477.383732005 1 147 172 4 0
FT 457 268477.417068338 137 137 0 0.00843337868
FT 458 268477.450404880 137 117 0 0.0239490421
FT 459 268477.483741296 117 103 0 0.0310430516
SW 459 268477.483741296 1 139 159 10 0
FT 460 268477.517077755 142 142 0 0.0181209048
FT 461 268477.550414088 142 139 0 0.0194982212
FT 462 268477.583750546 139 117 0 0.0323960385
SW 462 268477.583750546 1 145 169 12 0
FT 463 268477.617087046 138 127 0 0.0287598166
FT 464 268477.650423380 127 123 0 0.0183358306
FT 465 268477.683759796 123 118 0 0.0189463491
SW 465 268477.683759796 1 161 172 10 0
FT 466 268477.717096296 145 135 0 0.0271664995
FT 467 268477.750432755 135 131 0 0.0170089918
FT 468 268477.783769213 131 130 0 0.0155609334
SW 468 268477.783769213 1 166 189 11 0
FT 469 268477.817105630 163 155 0 0.0217558873
FT 470 268477.850441963 155 147 0 0.0206186757
FT 471 268477.883778463 147 127 0 0.0185272778
SW 471 268477.883778463 1 163 195 11 0
FT 472 268477.917114880 161 141 0 0.0298609829
FT 473 268477.950451380 141 119 0 0.0210598609
FT 474 268477.983787880 119 91 0 0.0312870286
SW 474 268477.983787880 1 166 182 10 0
FT 475 268478.017124171 150 99 0 0.0472812536
FT 476 268478.050460671 99 74 0 0.033215871
FT 477 268478.083797088 74 70 0 0.0207821445
SW 477 268478.083797088 1 160 187 13 0
FT 478 268478.117133505 133 116 0 0.0181632494
FT 479 268478.150469880 116 106 0 0.0210470943
FT 480 268478.183806421 106 96 0 0.0226340866
SW 480 268478.183806421 1 188 210 16 0
FT 481 268478.217142671 145 130 0 0.0205811436
FT 482 268478.250479213 130 114 0 0.0173418355
FT 483 268478.283815630 114 109 0 0.0194513402
SW 483 268478.283815630 1 199 235 15 0
FT 484 268478.317152130 140 130 0 0.018874548
FT 485 268478.350488421 130 120 0 0.0111354429
FT 486 268478.383825005 120 111 0 0.00673810434
SW 486 268478.383825005 1 175 231 12 0
FT 487 268478.417161421 139 134 0 0.00277275163
FT 488 268478.450497796 134 128 0 0.00804721346
FT 489 268478.483834296 128 124 0 0.00946426975
SW 489 268478.483834296 1 168 210 10 0
FT 490 268478.517170671 143 132 0 0.0058945776
FT 491 268478.550507171 132 121 0 0.0117338546
FT 492 268478.583843630 121 115 0 0.00870869498
SW 492 268478.583843630 1 171 190 8 0
FT 493 268478.617180046 138 132 0 0.00595891346
FT 494 268478.650516421 132 124 0 0.0133171422
FT 495 268478.683852880 124 117 0 0.012997386
SW 495 268478.683852880 1 167 193 8 0
FT 496 268478.717189213 140 118 0 0.0138107107
FT 497 268478.750525755 118 103 0 0.0288589325
FT 498 268478.783862046 103 97 0 0.0172365856
SW 498 268478.783862046 1 164 186 7 0
FT 499 268478.817198546 127 106 0 0.0323697716
FT 500 268478.850535005 106 101 0 0.0144718884
FT 501 268478.883871463 101 98 0 0.00386056823
SW 501 268478.883871463 1 169 192 13 0
FT 502 268478.917207796 128 116 0 0.00304166146
FT 503 268478.950544255 116 110 0 0.00538644651
FT 504 268478.983880671 110 103 0 0.0140057704
SW 504 268478.983880671 1 165 204 18 0
FT 505 268479.017217171 131 127 0 0.0212209767
FT 506 268479.050553588 127 115 0 0.025319517
FT 507 268479.083889921 115 109 0 0.0300322058
SW 507 268479.083889921 1 172 201 17 0
FT 508 268479.117226380 130 125 0 0.0182623774
FT 509 268479.150562838 125 121 0 0.0121612849
FT 510 268479.183899296 121 118 0 0.0176464687
SW 510 268479.183899296 1 161 207 15 0
FT 511 268479.217235671 133 132 0 0.0137387864
FT 512 268479.250572171 132 127 0 0.0122077958
FT 513 268479.283908546 127 124 0 0.00658973723
SW 513 268479.283908546 1 150 187 17 0
FT 514 268479.317245005 137 133 0 0.00374962707
FT 515 268479.350581421 133 129 0 0.00828426981
FT 516 268479.383917838 129 125 0 0.00598792586
SW 516 268479.383917838 1 147 176 12 0
FT 517 268479.417254171 142 141 0 0.00327122394
FT 518 268479.450590713 141 138 0 0.00924335588
FT 519 268479.483927088 138 129 0 0.0173093589
SW 519 268479.483927088 1 152 173 9 0
FT 520 268479.517263463 139 134 0 0.0180998843
FT 521 268479.550599921 134 130 0 0.0121404686
FT 522 268479.583936380 130 124 0 0.010500475
SW 522 268479.583936380 1 148 166 9 0
FT 523 268479.617272755 143 136 0 0.00484126588
FT 524 268479.650609171 136 131 0 0.0127717296
FT 525 268479.683945713 131 127 0 0.013853093
SW 525 268479.683945713 1 161 174 8 0
FT 526 268479.717282046 152 135 0 0.0234900143
FT 527 268479.750618588 135 129 0 0.0223689666
FT 528 268479.783955005 129 123 0 0.0181663303
SW 528 268479.783955005 1 171 187 8 0
FT 529 268479.817291338 154 142 0 0.0194969343
FT 530 268479.850627796 142 130 0 0.0161952881
FT 531 268479.883964171 130 127 0 0.00520831262
SW 531 268479.883964171 1 184 201 7 0
FT 532 268479.917300588 159 145 0 0.0240160497
FT 533 268479.950637046 145 142 0 0.0131590736
FT 534 268479.983973421 142 139 1 0.0121272247
SW 534 268479.983973421 0 184 0 0 0
FT 535 268480.017309880 157 155 0 0.0143257355
FT 536 268480.050646338 155 153 0 0.0147179995
FT 537 268480.083982796 153 149 0 0.0220398281
SW 537 268480.083982796 1 184 217 9 0
FT 538 268480.117319213 160 132 0 0.0304265883
FT 539 268480.150655588 132 107 0 0.0500521729
FT 540 268480.183992005 107 89 0 0.0596023613
SW 540 268480.183992005 1 166 196 8 0
FT 541 268480.217328463 131 96 0 0.0569009181
FT 542 268480.250664838 96 86 0 0.0584855449
FT 543 268480.284001380 86 78 0 0.0590161988
SW 543 268480.284001380 1 160 189 11 0
FT 544 268480.317337671 129 125 0 0.0416078619
FT 545 268480.350674171 125 117 0 0.0155492825
FT 546 268480.384010546 117 113 0 0.0171349391
SW 546 268480.384010546 1 193 210 13 1
FT 547 268480.417346963 122 118 0 0.0141259657
FT 548 268480.450683421 118 114 0 0.0125589676
FT 549 268480.484019796 114 111 0 0.0191168046
SW 549 268480.484019796 1 188 214 24 1
FT 550 268480.517356213 131 123 0 0.0185332269
FT 551 268480.550692671 123 110 0 0.0248651635
FT 552 268480.584029130 110 107 0 0.0109277945
SW 552 268480.584029130 1 133 224 27 1
FT 553 268480.617365505 132 115 0 0.0215427834
FT 554 268480.650701921 115 101 0 0.032312336
FT 555 268480.684038338 101 97 0 0.0255993566
SW 555 268480.684038338 1 116 177 34 1
FT 556 268480.717374796 118 113 0 0.0246300636
FT 557 268480.750711171 113 102 0 0.0235571179
FT 558 268480.784047588 102 97 0 0.018670517
SW 558 268480.784047588 1 123 166 38 1
FT 559 268480.817384046 129 124 0 0.0150950751
FT 560 268480.850720463 124 113 0 0.034507429
FT 561 268480.884056921 113 105 0 0.0157918431
SW 561 268480.884056921 1 153 182 19 1
FT 562 268480.917393380 132 129 0 0.0232133523
FT 563 268480.950729796 129 118 0 0.0278186754
FT 564 268480.984066171 118 105 0 0.0508556769
SW 564 268480.984066171 1 152 188 20 1
FT 565 268481.017402630 130 120 0 0.0420279666
FT 566 268481.050739046 120 116 0 0.0307444748
FT 567 268481.084075463 116 108 0 0.0274475681
SW 567 268481.084075463 1 146 192 19 1
FT 568 268481.117411880 129 114 0 0.033611742
FT 569 268481.150748338 114 106 0 0.0241601339
FT 570 268481.184084755 106 100 0 0.0150730836
SW 570 268481.184084755 1 139 177 23 0
FT 571 268481.217421171 124 116 0 0.0205114733
FT 572 268481.250757505 116 107 0 0.0176176929
FT 573 268481.284094005 107 104 0 0.0170441978
SW 573 268481.284094005 1 134 178 32 0
FT 574 268481.317430380 146 140 0 0.0192665077
FT 575 268481.350766838 140 135 0 0.0242845313
FT 576 268481.384103296 135 128 0 0.0243721688
SW 576 268481.384103296 1 153 200 32 0
FT 577 268481.417439630 153 138 0 0.026312269
FT 578 268481.450776130 138 129 0 0.0198223122
FT 579 268481.484112588 129 125 0 0.0178884208
SW 579 268481.484112588 1 160 203 27 0
FT 580 268481.517448921 147 134 0 0.0201089062
FT 581 268481.550785421 134 123 0 0.0160727351
FT 582 268481.584121880 123 121 0 0.0178033901
SW 582 268481.584121880 1 154 203 30 0
FT 583 268481.617458296 148 140 0 0.0184755743
FT 584 268481.650794713 140 130 0 0.0151617143
FT 585 268481.684131005 130 119 0 0.0168256084
SW 585 268481.684131005 1 175 205 18 0
FT 586 268481.717467546 157 141 0 0.0158682824
FT 587 268481.750804046 141 134 0 0.00834005189
FT 588 268481.784140338 134 128 0 0.00295876704
SW 588 268481.784140338 1 195 217 12 0
FT 589 268481.817476838 158 149 0 0.00827075829
FT 590 268481.850813296 149 145 0 0.00960389542
FT 591 268481.884149755 145 142 0 0.0121211258
SW 591 268481.884149755 1 202 233 10 0
FT 592 268481.917486255 157 154 0 0.0130707795
FT 593 268481.950822671 154 150 0 0.0144323025
FT 594 268481.984159046 150 143 0 0.0111437895
SW 594 268481.984159046 1 195 225 10 0
FT 595 268482.017495630 161 149 0 0.0100660302
FT 596 268482.050831963 149 136 0 0.0106446394
FT 597 268482.084168380 136 130 0 0.0117795444
SW 597 268482.084168380 1 187 218 8 0
FT 598 268482.117504755 154 152 0 0.0082557115
FT 599 268482.150841255 152 140 0 0.0259146328
FT 600 268482.184177755 140 134 0 0.0361057593
SW 600 268482.184177755 1 188 212 9 0
FT 601 268482.217514088 153 144 0 0.0290389641
FT 602 268482.250850588 144 139 0 0.0173319447
FT 603 268482.284186963 139 132 0 0.0144110801
SW 603 268482.284186963 1 192 211 7 0
FT 604 268482.317523380 152 145 0 0.00633162146
FT 605 268482.350859880 145 138 0 0.00352898679
FT 606 268482.384196255 138 135 0 0.00465714284
SW 606 268482.384196255 1 198 215 5 0
FT 607 268482.417532713 155 150 0 0.00435019589
FT 608 268482.450869171 150 144 0 0.00862500425
FT 609 268482.484205546 144 137 0 0.0140209624
SW 609 268482.484205546 1 184 216 6 0
FT 610 268482.517541880 156 152 0 0.0156088248
FT 611 268482.550878296 152 136 0 0.0133747361
FT 612 268482.584214838 136 125 0 0.0124947755
SW 612 268482.584214838 1 180 199 6 0
FT 613 268482.617551213 152 143 0 0.00903686581
FT 614 268482.650887755 143 132 0 0.0183995936
FT 615 268482.684224005 132 124 0 0.0334095753
SW 615 268482.684224005 1 181 202 5 0
FT 616 268482.717560546 157 142 0 0.0339057263
FT 617 268482.750896838 142 132 0 0.0217072256
FT 618 268482.784233213 132 123 0 0.0194551458
SW 618 268482.784233213 1 185 205 7 0
FT 619 268482.817569713 154 151 0 0.02003737
FT 620 268482.850906005 151 139 0 0.0189045794
FT 621 268482.884242505 139 132 0 0.0171324748
SW 621 268482.884242505 1 197 215 7 0
FT 622 268482.917578796 163 157 0 0.0211433552
FT 623 268482.950915130 157 144 0 0.0337358982
FT 624 268482.984251671 144 138 0 0.0275102953
SW 624 268482.984251671 1 197 225 7 0
FT 625 268483.017588046 159 148 0 0.0311096644
FT 626 268483.050924380 148 134 0 0.0299400777
FT 627 268483.084260880 134 127 0 0.0285400565
SW 627 268483.084260880 1 193 219 9 0
FT 628 268483.117597213 165 147 0 0.0320789686
FT 629 268483.150933630 147 130 0 0.0362957928
FT 630 268483.184270005 130 122 0 0.0357495377
SW 630 268483.184270005 1 195 226 11 0
FT 631 268483.217606463 153 144 0 0.0347109376
FT 632 268483.250942713 144 132 0 0.0349816897
FT 633 268483.284279255 132 124 0 0.0288888063
SW 633 268483.284279255 1 207 230 9 0
FT 634 268483.317615463 151 148 0 0.0169195143
FT 635 268483.350951880 148 131 0 0.0108050802
FT 636 268483.384288296 131 124 0 0.0114710166
SW 636 268483.384288296 1 211 237 11 0
FT 637 268483.417624713 163 157 0 0.0140457439
FT 638 268483.450961171 157 144 0 0.0177183071
FT 639 268483.484297546 144 133 0 0.0197423584
SW 639 268483.484297546 1 205 248 17 0
FT 640 268483.517633921 157 146 0 0.0133057854
FT 641 268483.550970255 146 139 0 0.00694500927
FT 642 268483.584306588 139 135 0 0.0101260958
SW 642 268483.584306588 1 199 241 13 0
FT 643 268483.617643005 159 148 0 0.0116214965
FT 644 268483.650979463 148 137 0 0.0164428174
FT 645 268483.684315755 137 131 0 0.0101773217
SW 645 268483.684315755 1 201 233 10 0
FT 646 268483.717652213 164 161 0 0.00367664358
FT 647 268483.750988505 161 153 0 0.00621517997
FT 648 268483.784324921 153 147 0 0.00545162599
SW 648 268483.784324921 1 207 238 10 0
FT 649 268483.817661296 159 156 0 0.00533840571
FT 650 268483.850997630 156 153 0 0.00860601489
FT 651 268483.884334130 153 145 0 0.0103215392
SW 651 268483.884334130 1 207 229 5 0
FT 652 268483.917670505 164 156 0 0.010246754
FT 653 268483.951006838 156 146 0 0.0102352432
FT 654 268483.984343255 146 142 0 0.005272159
SW 654 268483.984343255 1 207 227 3 0
FT 655 268484.017679588 165 157 0 0.0113291063
FT 656 268484.051016046 157 143 0 0.0206389459
FT 657 268484.084352380 143 121 0 0.0245287472
SW 657 268484.084352380 1 193 220 2 0
FT 658 268484.117688713 158 135 0 0.027518115
FT 659 268484.151025088 135 122 0 0.0254510521
FT 660 268484.184361588 122 110 0 0.0169942151
SW 660 268484.184361588 1 203 216 2 0
FT 661 268484.217697880 157 143 0 0.01703496
FT 662 268484.251034213 143 135 0 0.0127030602
FT 663 268484.284370713 135 128 0 0.00625940273
SW 663 268484.284370713 1 226 243 3 0
FT 664 268484.317707088 160 139 0 0.0223517954
FT 665 268484.351043546 139 124 0 0.0287885054
FT 666 268484.384379713 124 114 0 0.0127637604
SW 666 268484.384379713 1 229 250 3 0
FT 667 268484.417716130 164 151 0 0.0059915243
FT 668 268484.451052463 151 141 0 0.0173827946
FT 669 268484.484388838 141 129 0 0.0134426041
SW 669 268484.484388838 1 224 262 7 0
FT 670 268484.517725296 162 144 0 0.0135043296
FT 671 268484.551061671 144 131 0 0.0177537949
FT 672 268484.584398005 131 102 0 0.0187933638
SW 672 268484.584398005 1 212 250 6 0
FT 673 268484.617734421 167 127 0 0.0297926101
FT 674 268484.651070755 127 102 0 0.0210590344
FT 675 268484.684407213 102 84 0 0.0169059192
SW 675 268484.684407213 1 216 242 6 0
FT 676 268484.717743546 161 118 0 0.0174846775
FT 677 268484.751080005 118 102 0 0.019289912
FT 678 268484.784416380 102 95 0 0.0262116895
SW 678 268484.784416380 1 222 261 4 0
FT 679 268484.817752755 157 139 0 0.0190285081
FT 680 268484.851089046 139 120 0 0.012514564
FT 681 268484.884425421 120 112 0 0.00756964843
SW 681 268484.884425421 1 246 265 4 0
FT 682 268484.917761838 150 130 0 0.00940161728
FT 683 268484.951098171 130 115 0 0.0204962894
FT 684 268484.984434588 115 101 0 0.0255866505
SW 684 268484.984434588 1 217 267 4 0
FT 685 268485.017770880 147 131 0 0.0191182095
FT 686 268485.051107296 131 115 0 0.0242543079
FT 687 268485.084443713 115 95 0 0.025322959
SW 687 268485.084443713 1 199 245 4 0
FT 688 268485.117780088 137 106 0 0.0229934731
FT 689 268485.151116380 106 84 0 0.0238399349
FT 690 268485.184452921 84 69 0 0.0231158445
SW 690 268485.184452921 1 183 216 5 0
FT 691 268485.217789296 127 87 0 0.0223893475
FT 692 268485.251125505 87 74 0 0.0258449655
FT 693 268485.284461880 74 63 0 0.0189551308
SW 693 268485.284461880 1 177 205 6 0
FT 694 268485.317798255 112 75 0 0.0145936653
FT 695 268485.351134713 75 57 0 0.0246349543
FT 696 268485.384471088 57 34 0 0.0209657821
SW 696 268485.384471088 1 153 185 4 0
FT 697 268485.417807421 81 52 0 0.0144651898
FT 698 268485.451143755 52 40 0 0.0284397047
FT 699 268485.484480171 40 32 0 0.0278142549
SW 699 268485.484480171 1 134 168 4 0
FT 700 268485.517816546 57 42 0 0.026691629
FT 701 268485.551152921 42 28 0 0.0216764362
FT 702 268485.584489255 28 21 0 0.0159751686
SW 702 268485.584489255 1 102 144 3 0
FT 703 268485.617825755 33 21 0 0.0252861602
FT 704 268485.651161963 21 17 0 0.0309446889
FT 705 268485.684498338 17 16 0 0.0244100321
SW 705 268485.684498338 1 82 108 3 0
FT 706 268485.717834796 24 22 0 0.0202832008
FT 707 268485.751171255 22 20 0 0.0214398858
FT 708 268485.784507546 20 17 0 0.0237911376
SW 708 268485.784507546 1 56 90 3 0
FT 709 268485.817844005 28 22 0 0.0226105294
FT 710 268485.851180338 22 21 0 0.0136558719
FT 711 268485.884516671 21 20 0 0.0121981449
SW 711 268485.884516671 1 47 64 4 0
FT 712 268485.917853130 33 31 0 0.0217333274
FT 713 268485.951189380 31 30 0 0.0256687599
FT 714 268485.984525880 30 29 0 0.0233533628
SW 714 268485.984525880 1 38 60 5 0
FT 715 268486.017862213 52 52 0 0.0193264197
FT 716 268486.051198505 52 51 0 0.0134394093
FT 717 268486.084534838 51 50 0 0.019425378
SW 717 268486.084534838 1 49 64 7 0
FT 718 268486.117871255 63 52 0 0.025079443
FT 719 268486.151207588 52 49 0 0.0194950652
FT 720 268486.184543963 49 45 0 0.0218779508
SW 720 268486.184543963 1 51 62 7 0
FT 721 268486.217880421 63 51 0 0.0303226433
FT 722 268486.251216755 51 41 0 0.0377092987
FT 723 268486.284553130 41 38 0 0.0283193486
SW 723 268486.284553130 1 58 69 9 0
FT 724 268486.317889505 75 71 0 0.0188734005
FT 725 268486.351225880 71 67 0 0.0176586507
FT 726 268486.384562296 67 65 0 0.0148477588
SW 726 268486.384562296 1 84 95 11 0
FT 727 268486.417898630 79 77 0 0.0173879604
FT 728 268486.451235005 77 76 0 0.0234377797
FT 729 268486.484571380 76 73 0 0.0229621961
SW 729 268486.484571380 1 89 106 17 0
FT 730 268486.517907713 86 81 0 0.0222499439
FT 731 268486.551244088 81 77 0 0.0265033023
FT 732 268486.584580338 77 70 0 0.0199328853
SW 732 268486.584580338 1 74 114 29 0
FT 733 268486.617916838 90 85 0 0.00921520396
FT 734 268486.651253213 85 84 0 0.0045689003
FT 735 268486.684589505 84 80 0 0.00977152895
SW 735 268486.684589505 1 64 116 34 0
FT 736 268486.717925838 103 96 0 0.0133522123
FT 737 268486.751262255 96 81 0 0.0102693939
FT 738 268486.784598588 81 65 0 0.0218997049
SW 738 268486.784598588 1 78 109 30 0
FT 739 268486.817934963 87 72 0 0.0234838232
FT 740 268486.851271380 72 54 0 0.0121489026
FT 741 268486.884607671 54 42 0 0.0275663129
SW 741 268486.884607671 1 79 112 30 0
FT 742 268486.917944046 97 57 0 0.0292330407
FT 743 268486.951280463 57 35 0 0.0232382654
FT 744 268486.984616838 35 30 0 0.0256707607
SW 744 268486.984616838 1 74 119 34 0
FT 745 268487.017953213 59 54 0 0.0317029001
FT 746 268487.051289630 54 51 0 0.0193806302
FT 747 268487.084625963 51 46 0 0.0165562625
SW 747 268487.084625963 1 97 128 28 0
FT 748 268487.117962213 75 69 0 0.0142183704
FT 749 268487.151298630 69 66 0 0.018346583
FT 750 268487.184635005 66 63 0 0.0192441562
SW 750 268487.184635005 1 96 146 24 0
FT 751 268487.217971380 71 70 0 0.0135748676
FT 752 268487.251307755 70 64 0 0.0183226953
FT 753 268487.284644130 64 57 0 0.0156608843
SW 753 268487.284644130 1 78 126 21 0
FT 754 268487.317980463 70 60 0 0.0247534217
FT 755 268487.351316880 60 53 0 0.0305261395
FT 756 268487.384653255 53 50 0 0.034059222
SW 756 268487.384653255 1 71 104 11 0
FT 757 268487.417989588 81 63 0 0.0244496206
FT 758 268487.451325921 63 38 0 0.0277594689
FT 759 268487.484662255 38 26 0 0.0191058076
SW 759 268487.484662255 1 76 90 10 0
FT 760 268487.517998671 105 54 0 0.0218207039
FT 761 268487.551335046 54 22 0 0.0144779785
FT 762 268487.584671380 22 8 0 0.0189348768
SW 762 268487.584671380 1 77 90 9 0
FT 763 268487.618007713 119 38 0 0.0378058476
FT 764 268487.651344171 38 23 0 0.0166702511
FT 765 268487.684680421 23 17 0 0.0408883141
SW 765 268487.684680421 1 72 102 18 0
FT 766 268487.718016755 123 74 0 0.0606650388
FT 767 268487.751353171 74 52 0 0.0370915885
FT 768 268487.784689505 52 35 0 0.026138757
SW 768 268487.784689505 1 76 117 29 0
FT 769 268487.818025880 132 105 0 0.0385669106
FT 770 268487.851362171 105 75 0 0.0209316832
FT 771 268487.884698630 75 65 0 0.01449034
SW 771 268487.884698630 1 37 149 80 0
FT 772 268487.918034963 152 100 0 0.00916218457
FT 773 268487.951371421 100 81 0 0.0217482798
FT 774 268487.984707713 81 70 0 0.0189030904
SW 774 268487.984707713 1 38 150 90 0
FT 775 268488.018044130 138 124 0 0.0286431525
FT 776 268488.051380380 124 106 0 0.0216196749
FT 777 268488.084716796 106 96 0 0.0226342641
SW 777 268488.084716796 1 57 170 106 0
FT 778 268488.118053171 143 133 0 0.0214396019
FT 779 268488.151389588 133 112 0 0.035365318
FT 780 268488.184725838 112 98 0 0.0537452876
SW 780 268488.184725838 1 79 194 106 0
FT 781 268488.218062380 148 126 0 0.0527174163
FT 782 268488.251398671 126 111 0 0.0458168547
FT 783 268488.284735005 111 104 0 0.0262293984
SW 783 268488.284735005 1 125 212 73 0
FT 784 268488.318071338 146 118 0 0.0267789307
FT 785 268488.351407713 118 107 0 0.027747477
FT 786 268488.384744130 107 104 0 0.0196394097
SW 786 268488.384744130 1 152 216 36 0
FT 787 268488.418080421 147 136 0 0.0161983349
FT 788 268488.451416796 136 132 0 0.0188200327
FT 789 268488.484753213 132 124 0 0.0233400379
SW 789 268488.484753213 1 178 216 22 0
FT 790 268488.518089546 154 148 0 0.0238777237
FT 791 268488.551425838 148 134 0 0.0319442276
FT 792 268488.584762255 134 133 0 0.0251584855
SW 792 268488.584762255 1 176 219 14 0
FT 793 268488.618098588 156 146 0 0.0297837856
FT 794 268488.651434963 146 136 0 0.0288047631
FT 795 268488.684771338 136 126 0 0.0264202296
SW 795 268488.684771338 1 174 205 10 0
FT 796 268488.718107713 156 154 0 0.0222718625
FT 797 268488.751444046 154 143 0 0.0180592836
FT 798 268488.784780463 143 134 0 0.02081543
SW 798 268488.784780463 1 181 203 4 0
FT 799 268488.818116755 158 151 0 0.0187819746
FT 800 268488.851453046 151 139 0 0.0145167554
FT 801 268488.884789546 139 127 0 0.0206275072
SW 801 268488.884789546 1 188 201 5 0
FT 802 268488.918125755 153 144 0 0.0209518812
FT 803 268488.951462255 144 131 0 0.0253322793
FT 804 268488.984798546 131 128 0 0.0252772491
SW 804 268488.984798546 1 194 209 5 0
FT 805 268489.018134880 148 141 0 0.020742699
FT 806 268489.051471255 141 127 0 0.0231156844
FT 807 268489.084807546 127 122 0 0.0202626892
SW 807 268489.084807546 1 187 213 4 0
FT 808 268489.118144005 150 136 0 0.0156072172
FT 809 268489.151480255 136 125 0 0.00810753213
FT 810 268489.184816671 125 109 0 0.0121209439
SW 810 268489.184816671 1 193 208 4 0
FT 811 268489.218153046 148 142 0 0.0111625326
FT 812 268489.251489463 142 128 0 0.016109876
FT 813 268489.284825796 128 123 0 0.0154902296
SW 813 268489.284825796 1 198 225 4 0
FT 814 268489.318162088 147 136 0 0.0115154181
FT 815 268489.351498463 136 130 0 0.013584428
FT 816 268489.384834838 130 120 0 0.0273830063
SW 816 268489.384834838 1 200 218 3 0
FT 817 268489.418171213 147 130 0 0.0329957879
FT 818 268489.451507463 130 121 0 0.0367078934
FT 819 268489.484843963 121 115 0 0.0173377489
SW 819 268489.484843963 1 196 220 4 0
FT 820 268489.518180296 136 117 0 0.016872712
FT 821 268489.551516588 117 99 0 0.01059314
FT 822 268489.584853046 99 90 0 0.0092635349
SW 822 268489.584853046 1 176 209 3 0
FT 823 268489.618189296 126 117 0 0.00867181991
FT 824 268489.651525671 117 109 0 0.00805259702
FT 825 268489.684862088 109 103 0 0.00756338679
SW 825 268489.684862088 1 181 201 6 0
FT 826 268489.718198338 133 121 0 0.0103609771
FT 827 268489.751534838 121 112 0 0.0120008055
FT 828 268489.784871130 112 107 0 0.0133410946
SW 828 268489.784871130 1 179 206 8 0
FT 829 268489.818207505 121 113 0 0.0152344302
FT 830 268489.851543880 113 110 0 0.0208027926
FT 831 268489.884880171 110 104 0 0.0252256011
SW 831 268489.884880171 1 166 196 8 0
FT 832 268489.918216588 124 116 0 0.0320167921
FT 833 268489.951552880 116 110 0 0.0292092794
FT 834 268489.984889296 110 108 0 0.0213219042
SW 834 268489.984889296 1 148 190 8 0
FT 835 268490.018225671 130 126 0 0.0168044851
FT 836 268490.051561921 126 116 0 0.0123427594
FT 837 268490.084898296 116 109 0 0.0120362783
SW 837 268490.084898296 1 152 168 7 0
FT 838 268490.118234713 130 118 0 0.0122514048
FT 839 268490.151571005 118 110 0 0.00866832717
FT 840 268490.184907421 110 102 0 0.00980862008
SW 840 268490.184907421 1 154 176 7 0
FT 841 268490.218243671 122 110 0 0.0126939766
FT 842 268490.251580046 110 101 0 0.0140462683
FT 843 268490.284916421 101 93 0 0.0197996916
SW 843 268490.284916421 1 158 176 6 0
FT 844 268490.318252796 117 106 0 0.0333608143
FT 845 268490.351589088 106 103 0 0.034100846
FT 846 268490.384925505 103 94 0 0.0352685649
SW 846 268490.384925505 1 163 179 4 0
FT 847 268490.418261880 122 94 0 0.0232140815
FT 848 268490.451598296 94 77 0 0.0397970542
FT 849 268490.484934588 77 65 0 0.0206048388
SW 849 268490.484934588 1 154 173 8 0
FT 850 268490.518270963 109 86 0 0.0245997174
FT 851 268490.551607380 86 72 0 0.0269169961
FT 852 268490.584943630 72 72 0 0.0118720947
SW 852 268490.584943630 1 149 181 8 0
FT 853 268490.618279963 116 112 0 0.00998388227
FT 854 268490.651616380 112 100 0 0.022428174
FT 855 268490.684952755 100 92 0 0.0414267473
SW 855 268490.684952755 1 154 183 5 0
FT 856 268490.718289088 120 118 0 0.01459353
FT 857 268490.751625421 118 91 0 0.0214572771
FT 858 268490.784961713 91 77 0 0.0306686814
SW 858 268490.784961713 1 152 169 3 0
FT 859 268490.818298046 120 117 0 0.00968538213
FT 860 268490.851634421 117 109 0 0.0207751502
FT 861 268490.884970838 109 105 0 0.0226958369
SW 861 268490.884970838 1 151 190 4 0
FT 862 268490.918307130 117 115 0 0.0193050891
FT 863 268490.951643505 115 105 0 0.0224110098
FT 864 268490.984979838 105 87 0 0.0457279424
SW 864 268490.984979838 1 139 159 8 0
FT 865 268491.018316255 114 113 0 0.00436015984
FT 866 268491.051652505 113 109 0 0.0204011926
FT 867 268491.084988921 109 109 0 0.0109031862
SW 867 268491.084988921 1 153 169 10 0
FT 868 268491.118325255 122 116 0 0.0123467442
FT 869 268491.151661630 116 115 0 0.0128475019
FT 870 268491.184997921 115 113 1 0.00493731508
SW 870 268491.184997921 0 153 0 0 0
FT 871 268491.218334296 126 125 0 0.00594244305
FT 872 268491.251670588 125 123 0 0.00536457636
FT 873 268491.285007005 123 119 0 0.0157803005
SW 873 268491.285007005 1 128 179 19 0
FT 874 268491.318343296 129 123 0 0.0215189779
FT 875 268491.351679671 123 121 0 0.0164013359
FT 876 268491.385016046 121 115 0 0.0128245895
SW 876 268491.385016046 1 112 153 19 0
FT 877 268491.418352380 126 117 0 0.0178806284
FT 878 268491.451688796 117 112 0 0.0139219501
FT 879 268491.485025130 112 108 0 0.010064635
SW 879 268491.485025130 1 123 137 14 0
FT 880 268491.518361505 121 119 0 0.0122653492
FT 881 268491.551697713 119 115 0 0.0132769928
FT 882 268491.585034088 115 110 0 0.0155814154
SW 882 268491.585034088 1 129 147 13 0
FT 883 268491.618370463 125 123 0 0.0111048941
FT 884 268491.651706880 123 118 0 0.00946885283
FT 885 268491.685043213 118 114 0 0.00640368172
SW 885 268491.685043213 1 141 154 11 0
FT 886 268491.718379630 126 116 0 0.0159305781
FT 887 268491.751715838 116 103 0 0.0213778947
FT 888 268491.785052296 103 69 0 0.0363317935
SW 888 268491.785052296 1 137 157 11 0
FT 889 268491.818388546 91 57 0 0.055012024
FT 890 268491.851724921 57 39 0 0.0552394939
FT 891 268491.885061255 39 23 0 0.0606640201
SW 891 268491.885061255 1 130 151 8 0
FT 892 268491.918397588 82 48 0 0.0741063954
FT 893 268491.951733963 48 36 0 0.0731971643
FT 894 268491.985070338 36 29 0 0.0598228179
SW 894 268491.985070338 1 137 158 13 0
FT 895 268492.018406713 91 81 0 0.0190776782
FT 896 268492.051743046 81 79 0 0.00535866656
