FT 2 268462.164393170 117 116 0 0.00831054244
FT 3 268462.197729837 126 121 0 0.00932525229
FT 4 268462.231066462 131 130 0 0.00715254565
FT 5 268462.264403045 138 136 0 0.00566722696
FT 6 268462.297739712 141 139 0 0.00722201568
FT 7 268462.331076295 142 138 0 0.0090559864
FT 8 268462.364413004 143 141 0 0.00755752524
FT 9 268462.397749545 145 143 0 0.0126976381
FT 10 268462.431086212 146 141 0 0.00543210486
FT 11 268462.464422879 145 136 0 0.00844166672
FT 12 268462.497759462 142 141 0 0.00546034809
FT 13 268462.531096129 147 146 0 0.00420697322
FT 14 268462.564432670 147 145 0 0.00030911086
FT 15 268462.597769254 149 149 0 0.00189420241
FT 16 268462.631105962 151 149 1 0.00531760623
FT 17 268462.664442504 152 150 0 0.010081913
FT 18 268462.697779170 155 150 0 0.0125084817
FT 19 268462.731115837 158 154 1 0.00196891023
FT 20 268462.764452337 158 157 0 0.0117316337
FT 21 268462.797789004 162 162 0 0.00487667617
FT 22 268462.831125629 162 159 0 0.00398730462
FT 23 268462.864462212 162 162 1 0.0013112898
FT 24 268462.897798879 166 164 1 0.00132603154
FT 25 268462.931135504 165 163 0 0.00476013767
FT 26 268462.964472087 165 162 0 0.00628921464
FT 27 268462.997808712 163 161 0 0.00645635168
FT 28 268463.031145379 165 162 1 0.00972788841
FT 29 268463.064481920 164 159 0 0.0128175088
FT 30 268463.181160045 160 137 0 0.0433892717
FT 31 268463.214496754 153 142 0 0.0161361832
FT 32 268463.247833295 158 155 1 0.0122323399
FT 33 268463.281169879 160 152 0 0.016289288
FT 34 268463.314506504 160 157 0 0.0176750123
FT 35 268463.347843087 161 160 0 0.00915662359
FT 36 268463.381179712 166 157 0 0.0152347746
INIT 268462.131056670 268463.381179712 8 0.280259172 8.9218946 0.484709328 4.04168751 -0.00313304559 0.00200973102 -0.000683280935 0 0 0
FT 37 268463.414516212 164 150 0 0.0189940953
FT 38 268463.447852837 150 144 0 0.0172526958
FT 39 268463.481189379 144 142 0 0.0106315542
SW 39 268463.481189379 1 179 217 17 0
FT 40 268463.514526045 161 161 0 0.00838797844
FT 41 268463.547862629 161 159 0 0.00710919975
FT 42 268463.581199212 159 157 0 0.00653271161
SW 42 268463.581199212 1 202 215 8 0
FT 43 268463.614535754 162 155 0 0.0188725346
FT 44 268463.647872462 155 150 0 0.0149395003
FT 45 268463.681209045 150 145 0 0.0112522473
SW 45 268463.681209045 1 175 215 8 0
FT 46 268463.714545545 169 161 0 0.0163599574
FT 47 268463.747882129 161 161 0 0.0135014939
FT 48 268463.781218754 161 159 0 0.01424511
SW 48 268463.781218754 1 186 201 6 0
FT 49 268463.814555212 173 171 0 0.0125149009
FT 50 268463.847891795 171 169 0 0.0100121652
FT 51 268463.881228379 169 165 0 0.00549730634
SW 51 268463.881228379 1 191 204 5 0
FT 52 268463.914564920 170 168 0 0.00975242212
FT 53 268463.947901504 168 160 0 0.0147013374
FT 54 268463.981238087 160 156 0 0.00854684789
SW 54 268463.981238087 1 194 201 3 0
FT 55 268464.014574670 169 164 0 0.0144155428
FT 56 268464.047911170 164 157 0 0.018394109
FT 57 268464.081247712 157 157 0 0.016299607
SW 57 268464.081247712 1 185 205 3 0
FT 58 268464.114584295 170 168 0 0.0109373786
FT 59 268464.147920795 168 165 0 0.0067998859
FT 60 268464.181257337 165 161 0 0.0103139854
SW 60 268464.181257337 1 194 199 1 0
FT 61 268464.214593837 174 169 0 0.0136790502
FT 62 268464.247930462 169 165 0 0.00943433435
FT 63 268464.281267045 165 163 0 0.00983970564
SW 63 268464.281267045 1 198 205 1 0
FT 64 268464.314603420 172 171 0 0.00830975349
FT 65 268464.347940004 171 170 0 0.00609634767
FT 66 268464.381276545 170 160 0 0.0126895744
SW 66 268464.381276545 1 191 206 1 0
FT 67 268464.414613129 163 159 0 0.0152884872
FT 68 268464.447949629 159 155 0 0.0106986863
FT 69 268464.481286212 155 151 0 0.0118042015
SW 69 268464.481286212 1 185 194 2 0
FT 70 268464.514622795 163 160 0 0.0110052183
FT 71 268464.547959295 160 158 0 0.00549904543
FT 72 268464.581295920 158 158 0 0.00915273565
SW 72 268464.581295920 1 189 198 2 0
FT 73 268464.614632295 164 163 0 0.00853489404
FT 74 268464.647968879 163 161 0 0.00246960263
FT 75 268464.681305462 161 161 0 0.00714071705
SW 75 268464.681305462 1 183 195 4 0
FT 76 268464.714642004 169 165 0 0.00998812418
FT 77 268464.747978462 165 163 0 0.00679968769
FT 78 268464.781315045 163 161 0 0.0142170438
SW 78 268464.781315045 1 181 193 2 0
FT 79 268464.814651587 167 161 0 0.0194097821
FT 80 268464.847988129 161 156 0 0.0166038326
FT 81 268464.881324629 156 155 0 0.00840690687
SW 81 268464.881324629 1 173 187 3 0
FT 82 268464.914661129 162 159 0 0.00994158468
FT 83 268464.947997670 159 153 0 0.0173807334
FT 84 268464.981334212 153 149 0 0.0140059039
SW 84 268464.981334212 1 174 181 3 0
FT 85 268465.014670754 155 152 0 0.0116007518
FT 86 268465.048007212 152 150 0 0.017581511
FT 87 268465.081343837 150 141 0 0.0231468096
SW 87 268465.081343837 1 178 181 2 0
FT 88 268465.114911296 151 146 0 0.0179098063
FT 89 268465.148247921 146 145 0 0.009945756
FT 90 268465.181584380 145 141 0 0.0111496818
SW 90 268465.181584380 1 177 187 4 0
FT 91 268465.214921046 154 150 0 0.0160471911
FT 92 268465.248257463 150 144 0 0.0114323248
FT 93 268465.281594005 144 141 0 0.0105840342
SW 93 268465.281594005 1 178 191 3 0
FT 94 268465.314930630 150 143 0 0.0123556664
FT 95 268465.348267046 143 139 0 0.0092010886
FT 96 268465.381603588 139 138 0 0.0119469426
SW 96 268465.381603588 1 174 189 4 0
FT 97 268465.414940171 152 149 0 0.0121087453
FT 98 268465.448276671 149 141 0 0.0097858827
FT 99 268465.481613171 141 135 0 0.00756641556
SW 99 268465.481613171 1 174 188 2 0
FT 100 268465.514949755 156 152 0 0.00650760541
FT 101 268465.548286255 152 144 0 0.00450585181
FT 102 268465.581622838 144 142 0 0.00430754648
SW 102 268465.581622838 1 183 191 1 0
FT 103 268465.614959421 159 156 0 0.00387859926
FT 104 268465.648295921 156 143 0 0.00827938807
FT 105 268465.681632421 143 140 0 0.0105067383
SW 105 268465.681632421 1 185 197 2 0
FT 106 268465.714968838 157 153 0 0.00398924026
FT 107 268465.748305463 153 148 0 0.00587075077
FT 108 268465.781642046 148 145 0 0.00762188594
SW 108 268465.781642046 1 186 199 2 0
FT 109 268465.814978546 167 166 0 0.00706752095
FT 110 268465.848315088 166 162 0 0.00760692314
FT 111 268465.881651630 162 161 0 0.00717371527
SW 111 268465.881651630 1 192 208 3 0
FT 112 268465.914988046 166 162 0 0.00916753558
FT 113 268465.948324671 162 158 0 0.0144943389
FT 114 268465.981661255 158 151 0 0.0172812912
SW 114 268465.981661255 1 187 199 4 0
FT 115 268466.014997713 160 154 0 0.0165927192
FT 116 268466.048334338 154 151 0 0.0189665446
FT 117 268466.081670880 151 149 0 0.0164607725
SW 117 268466.081670880 1 180 199 4 0
FT 118 268466.115007213 164 158 0 0.0179335983
FT 119 268466.148343880 158 150 0 0.0194262164
FT 120 268466.181680421 150 142 0 0.0163173245
SW 120 268466.181680421 1 183 194 4 0
FT 121 268466.215016963 157 153 0 0.0110303066
FT 122 268466.248353505 153 149 0 0.0042828495
FT 123 268466.281690130 149 142 0 0.00776406419
SW 123 268466.281690130 1 190 199 5 0
FT 124 268466.315026546 162 156 0 0.006451478
FT 125 268466.348363046 156 151 0 0.011491678
FT 126 268466.381699546 151 147 0 0.0140549434
SW 126 268466.381699546 1 193 212 5 0
FT 127 268466.415036005 168 162 0 0.0176191429
FT 128 268466.448372546 162 157 0 0.0165040737
FT 129 268466.481709213 157 153 0 0.01106901
SW 129 268466.481709213 1 198 213 5 0
FT 130 268466.515045671 170 168 0 0.0111948325
FT 131 268466.548382171 168 160 0 0.00934996221
FT 132 268466.581718755 160 155 0 0.0087442126
SW 132 268466.581718755 1 195 216 4 0
FT 133 268466.615055213 167 164 0 0.0113131721
FT 134 268466.648391671 164 155 0 0.0171949711
FT 135 268466.681728338 155 150 0 0.0179092405
SW 135 268466.681728338 1 191 208 5 0
FT 136 268466.715064713 166 165 0 0.0184737503
FT 137 268466.748401296 165 160 0 0.0178515332
FT 138 268466.781737796 160 157 0 0.0124260713
SW 138 268466.781737796 1 191 209 6 0
FT 139 268466.815074255 168 167 0 0.0126422416
FT 140 268466.848410755 167 165 0 0.00995612442
FT 141 268466.881747338 165 162 0 0.00706222067
SW 141 268466.881747338 1 193 207 5 0
FT 142 268466.915083796 169 163 0 0.0068827775
FT 143 268466.948420255 163 162 0 0.00720803872
FT 144 268466.981756755 162 161 0 0.0122339931
SW 144 268466.981756755 1 191 205 3 0
FT 145 268467.015093296 172 168 0 0.011756111
FT 146 268467.048429755 168 159 0 0.00878608056
FT 147 268467.081766338 159 152 0 0.00615823897
SW 147 268467.081766338 1 184 201 3 0
FT 148 268467.115102713 163 162 0 0.00838565748
FT 149 268467.148439296 162 156 0 0.00339922277
FT 150 268467.181775796 156 151 0 0.00855109121
SW 150 268467.181775796 1 186 196 4 0
FT 151 268467.215112338 164 158 0 0.0100298394
FT 152 268467.248448755 158 146 0 0.00889436818
FT 153 268467.281785255 146 138 0 0.0180045698
SW 153 268467.281785255 1 189 200 6 0
FT 154 268467.315121713 155 145 0 0.0100610124
FT 155 268467.348458213 145 141 0 0.00668589376
FT 156 268467.381794713 141 137 0 0.00912024133
SW 156 268467.381794713 1 193 206 5 0
FT 157 268467.415131213 156 149 0 0.00799337095
FT 158 268467.448467713 149 145 0 0.00960016353
FT 159 268467.481804046 145 140 0 0.0115219712
SW 159 268467.481804046 1 194 215 5 0
FT 160 268467.515140588 149 145 0 0.0089357362
FT 161 268467.548477046 145 142 0 0.0119782919
FT 162 268467.581813588 142 137 0 0.00830246021
SW 162 268467.581813588 1 192 207 5 0
FT 163 268467.615150046 146 139 0 0.0171487976
FT 164 268467.648486463 139 136 0 0.01690299
FT 165 268467.681823046 136 133 0 0.0289213164
SW 165 268467.681823046 1 177 203 3 0
FT 166 268467.715159505 146 142 0 0.0213937824
FT 167 268467.748496046 142 138 0 0.00944730802
FT 168 268467.781832546 138 137 0 0.00431275043
SW 168 268467.781832546 1 175 189 2 0
FT 169 268467.815168838 150 138 0 0.0100169043
FT 170 268467.848505505 138 132 0 0.0158060231
FT 171 268467.881841963 132 125 0 0.0216188997
SW 171 268467.881841963 1 168 184 2 0
FT 172 268467.915178421 149 144 0 0.0206883647
FT 173 268467.948514921 144 138 0 0.00970222615
FT 174 268467.981851380 138 134 0 0.0089791972
SW 174 268467.981851380 1 178 191 2 0
FT 175 268468.015187838 153 143 0 0.0086168532
FT 176 268468.048524380 143 134 0 0.0151647786
FT 177 268468.081860838 134 131 0 0.00709578328
SW 177 268468.081860838 1 182 194 2 0
FT 178 268468.115197338 149 142 0 0.0067656096
FT 179 268468.148533796 142 136 0 0.00840536434
FT 180 268468.181870213 136 131 0 0.0114146928
SW 180 268468.181870213 1 189 198 3 0
FT 181 268468.215206755 151 148 0 0.00629304773
FT 182 268468.248543171 148 138 0 0.014314927
FT 183 268468.281879713 138 135 0 0.0112421525
SW 183 268468.281879713 1 187 207 2 0
FT 184 268468.315216088 158 153 0 0.00289759151
FT 185 268468.348552630 153 146 0 0.00489013544
FT 186 268468.381889213 146 142 0 0.00478908564
SW 186 268468.381889213 1 193 206 1 0
FT 187 268468.415225546 156 152 0 0.00838682701
FT 188 268468.448562046 152 148 0 0.00986153144
FT 189 268468.481898630 148 147 0 0.00302063838
SW 189 268468.481898630 1 188 207 1 0
FT 190 268468.515235005 155 149 0 0.00548925631
FT 191 268468.548571546 149 144 0 0.00837826343
FT 192 268468.581908046 144 141 0 0.0106405668
SW 192 268468.581908046 1 180 194 0 1
FT 193 268468.615244421 158 156 0 0.00483820148
FT 194 268468.648580880 156 153 0 0.0065571417
FT 195 268468.681917463 153 151 0 0.00868038506
SW 195 268468.681917463 1 185 197 0 1
FT 196 268468.715253880 161 159 1 0.00270667752
FT 197 268468.748590338 159 158 0 0.00492058469
FT 198 268468.781926838 158 157 1 0.0111547301
SW 198 268468.781926838 0 185 0 0 0
FT 199 268468.815263421 162 158 0 0.00634312194
FT 200 268468.848599838 158 152 0 0.00880805578
FT 201 268468.881936255 152 147 0 0.0125957289
SW 201 268468.881936255 1 178 198 1 1
FT 202 268468.915272796 156 154 0 0.00823758032
FT 203 268468.948609171 154 149 0 0.00757312358
FT 204 268468.981945713 149 138 0 0.00786858337
SW 204 268468.981945713 1 168 185 5 1
FT 205 268469.015282130 148 143 0 0.00862512607
FT 206 268469.048618671 143 138 0 0.00967665934
FT 207 268469.081955088 138 134 0 0.0124101963
SW 207 268469.081955088 1 166 181 9 0
FT 208 268469.115291713 161 150 0 0.0133916314
FT 209 268469.148628046 150 143 0 0.0144433081
FT 210 268469.181964546 143 137 0 0.0143407273
SW 210 268469.181964546 1 178 195 13 0
FT 211 268469.215301046 151 148 0 0.0167278324
FT 212 268469.248637463 148 139 0 0.0190556948
FT 213 268469.281973963 139 138 0 0.0160745749
SW 213 268469.281973963 1 174 203 17 0
FT 214 268469.315310380 156 150 0 0.0151470126
FT 215 268469.348646963 150 141 0 0.012564676
FT 216 268469.381983380 141 130 0 0.0110178484
SW 216 268469.381983380 1 176 205 15 0
FT 217 268469.415319921 154 146 0 0.0121947746
FT 218 268469.448656380 146 142 0 0.0118952615
FT 219 268469.481992838 142 137 0 0.0132205373
SW 219 268469.481992838 1 187 210 12 0
FT 220 268469.515329338 159 150 0 0.0150350699
FT 221 268469.548665713 150 136 0 0.0241847418
FT 222 268469.582002255 136 131 0 0.0301772683
SW 222 268469.582002255 1 189 217 11 0
FT 223 268469.615338671 168 162 0 0.0304889872
FT 224 268469.648675171 162 154 0 0.0208392677
FT 225 268469.682011713 154 147 0 0.0113380826
SW 225 268469.682011713 1 209 228 8 0
FT 226 268469.715348046 164 157 0 0.0164012457
FT 227 268469.748684546 157 150 0 0.019531291
FT 228 268469.782021005 150 144 0 0.0103004245
SW 228 268469.782021005 1 200 230 8 0
FT 229 268469.815357546 164 157 0 0.00910418166
FT 230 268469.848694046 157 150 0 0.016654898
FT 231 268469.882030421 150 146 0 0.0156783626
SW 231 268469.882030421 1 200 221 9 0
FT 232 268469.915366880 163 155 0 0.00831322665
FT 233 268469.948703380 155 145 0 0.013585467
FT 234 268469.982039921 145 141 0 0.0137973822
SW 234 268469.982039921 1 191 222 7 0
FT 235 268470.015376296 157 150 0 0.0142535223
FT 236 268470.048712796 150 142 0 0.0132232156
FT 237 268470.082049296 142 141 0 0.0217369949
SW 237 268470.082049296 1 189 208 7 0
FT 238 268470.115385796 161 154 0 0.0241202875
FT 239 268470.148722255 154 151 0 0.0154702517
FT 240 268470.182058713 151 146 0 0.0116935602
SW 240 268470.182058713 1 189 212 7 0
FT 241 268470.215395088 160 155 0 0.0216315768
FT 242 268470.248731588 155 150 0 0.0259131706
FT 243 268470.282068046 150 144 0 0.0168986926
SW 243 268470.282068046 1 195 209 3 0
FT 244 268470.315404546 169 166 0 0.0128545512
FT 245 268470.348740963 166 160 0 0.0114647638
FT 246 268470.382077505 160 152 0 0.0100849524
SW 246 268470.382077505 1 195 214 1 0
FT 247 268470.415413963 165 160 0 0.0121578661
FT 248 268470.448750463 160 155 0 0.0125631702
FT 249 268470.482086880 155 151 0 0.0130853587
SW 249 268470.482086880 1 196 206 0 0
FT 250 268470.515423421 166 161 0 0.0154584132
FT 251 268470.548759755 161 155 0 0.0190241605
FT 252 268470.582096255 155 151 0 0.0169239798
SW 252 268470.582096255 1 199 210 0 0
FT 253 268470.615432713 164 159 0 0.0163059671
FT 254 268470.648769255 159 149 0 0.0248045419
FT 255 268470.682105671 149 147 0 0.0283353134
SW 255 268470.682105671 1 193 210 2 0
FT 256 268470.715442213 165 161 0 0.0238079522
FT 257 268470.748778588 161 154 0 0.0206668179
FT 258 268470.782115130 154 147 0 0.0232719326
SW 258 268470.782115130 1 197 208 3 0
FT 259 268470.815451546 172 167 0 0.0207358512
FT 260 268470.848788005 167 162 0 0.0218786676
FT 261 268470.882124421 162 155 0 0.0278028924
SW 261 268470.882124421 1 201 217 5 0
FT 262 268470.915460963 173 164 0 0.0242831719
FT 263 268470.948797380 164 155 0 0.0193942868
FT 264 268470.982133921 155 152 0 0.0183145255
SW 264 268470.982133921 1 199 217 4 0
FT 265 268471.015470338 165 155 0 0.0221434125
FT 266 268471.048806796 155 151 0 0.0224834512
FT 267 268471.082143213 151 145 0 0.0210931648
SW 267 268471.082143213 1 192 211 4 0
FT 268 268471.115479713 157 148 0 0.0185641504
FT 269 268471.148816213 148 142 0 0.0144587435
FT 270 268471.182152713 142 138 0 0.00987513273
SW 270 268471.182152713 1 187 203 3 0
FT 271 268471.215489088 160 155 0 0.00547377899
FT 272 268471.248825546 155 149 0 0.00550335542
FT 273 268471.282162088 149 141 0 0.0134557003
SW 273 268471.282162088 1 195 207 3 0
FT 274 268471.315498421 158 156 0 0.0144394295
FT 275 268471.348834963 156 147 0 0.0118418562
FT 276 268471.382171421 147 146 0 0.00820443343
SW 276 268471.382171421 1 194 211 3 0
FT 277 268471.415507796 161 153 0 0.0151851706
FT 278 268471.448844296 153 145 0 0.0131719919
FT 279 268471.482180671 145 142 0 0.00335220342
SW 279 268471.482180671 1 191 209 3 0
FT 280 268471.515517130 158 155 0 0.00630773863
FT 281 268471.548853671 155 147 0 0.011624306
FT 282 268471.582190171 147 141 0 0.00694710611
SW 282 268471.582190171 1 190 206 2 0
FT 283 268471.615526588 153 145 0 0.0161731874
FT 284 268471.648863088 145 136 0 0.0197020751
FT 285 268471.682199546 136 134 0 0.00221362132
SW 285 268471.682199546 1 184 200 2 0
FT 286 268471.715536005 159 153 0 0.021126992
FT 287 268471.748872421 153 143 0 0.0356244683
FT 288 268471.782208921 143 134 0 0.0226479042
SW 288 268471.782208921 1 194 205 3 0
FT 289 268471.815545421 162 157 0 0.0101178759
FT 290 268471.848881880 157 151 0 0.0225779258
FT 291 268471.882218338 151 147 0 0.0106177598
SW 291 268471.882218338 1 196 214 2 0
FT 292 268471.915554671 160 157 0 0.0175214814
FT 293 268471.948891171 157 155 0 0.0135390965
FT 294 268471.982227671 155 148 0 0.019981374
SW 294 268471.982227671 1 195 210 2 0
FT 295 268472.015564088 159 151 0 0.0172055762
FT 296 268472.048900630 151 147 0 0.0162765294
FT 297 268472.082237088 147 147 0 0.00566216564
SW 297 268472.082237088 1 190 207 2 0
FT 298 268472.115573421 163 155 0 0.0152006317
FT 299 268472.148909963 155 152 0 0.0183897274
FT 300 268472.182246421 152 150 0 0.0159349993
SW 300 268472.182246421 1 181 202 2 0
FT 301 268472.215582921 161 154 0 0.0100479028
FT 302 268472.248919338 154 151 0 0.0154693238
FT 303 268472.282255796 151 148 0 0.0157179548
SW 303 268472.282255796 1 187 193 2 0
FT 304 268472.315592213 156 145 0 0.020630981
FT 305 268472.348928671 145 136 0 0.0149280091
FT 306 268472.382265255 136 131 1 0.0112305773
SW 306 268472.382265255 0 187 0 0 0
FT 307 268472.415601671 151 143 0 0.0246570772
FT 308 268472.448938171 143 129 1 0.0315492947
FT 309 268472.482274588 129 119 0 0.0307035455
SW 309 268472.482274588 1 178 202 2 0
FT 310 268472.515611046 135 123 0 0.0324694135
FT 311 268472.548947380 123 119 1 0.018987717
FT 312 268472.582283880 119 119 0 0.00848716418
SW 312 268472.582283880 1 174 190 9 0
FT 313 268472.615620380 138 131 0 0.0288724073
FT 314 268472.648956755 131 125 0 0.0313358736
FT 315 268472.682293338 125 121 0 0.0125224662
SW 315 268472.682293338 1 177 195 6 0
FT 316 268472.715629796 155 149 0 0.0134443994
FT 317 268472.748966213 149 139 0 0.0297517365
FT 318 268472.782302671 139 135 0 0.0168498936
SW 318 268472.782302671 1 173 202 7 0
FT 319 268472.815639130 159 153 0 0.0164125627
FT 320 268472.848975546 153 149 0 0.0171855562
FT 321 268472.882311963 149 146 0 0.00916226677
SW 321 268472.882311963 1 170 199 7 0
FT 322 268472.915648505 164 155 0 0.0126295556
FT 323 268472.948985005 155 149 0 0.0165962667
FT 324 268472.982321380 149 148 0 0.0107294311
SW 324 268472.982321380 1 174 189 7 0
FT 325 268473.015657838 160 157 0 0.0112505826
FT 326 268473.048994213 157 152 0 0.0170877424
FT 327 268473.082330796 152 149 0 0.0129542632
SW 327 268473.082330796 1 171 188 7 0
FT 328 268473.115667130 160 151 0 0.0212682956
FT 329 268473.149003630 151 146 0 0.0195536111
FT 330 268473.182340088 146 145 0 0.0101155653
SW 330 268473.182340088 1 176 185 4 0
FT 331 268473.215676630 165 159 0 0.01927105
FT 332 268473.249012963 159 149 0 0.0256759943
FT 333 268473.282349421 149 146 0 0.0220392485
SW 333 268473.282349421 1 179 192 5 0
FT 334 268473.315685963 159 153 0 0.0228575895
FT 335 268473.349022463 153 149 0 0.0266467475
FT 336 268473.382358796 149 145 0 0.0218865197
SW 336 268473.382358796 1 178 193 5 0
FT 337 268473.415695296 160 153 0 0.0293462638
FT 338 268473.449031713 153 144 0 0.033428406
FT 339 268473.482368171 144 143 0 0.022752895
SW 339 268473.482368171 1 181 195 7 1
FT 340 268473.515704671 159 152 0 0.0263075321
FT 341 268473.549041046 152 142 0 0.0291570357
FT 342 268473.582377505 142 135 0 0.0198478341
SW 342 268473.582377505 1 182 202 9 0
FT 343 268473.615713963 150 144 0 0.0136723749
FT 344 268473.649050463 144 139 0 0.0155853681
FT 345 268473.682386838 139 138 0 0.0162448055
SW 345 268473.682386838 1 180 202 9 1
FT 346 268473.715723296 165 158 0 0.0128712016
FT 347 268473.749059796 158 153 0 0.0109802124
FT 348 268473.782396213 153 149 0 0.0103419774
SW 348 268473.782396213 1 191 210 10 0
FT 349 268473.815732546 164 158 0 0.00703142306
FT 350 268473.849069171 158 152 0 0.0172369792
FT 351 268473.882405546 152 146 0 0.0273726835
SW 351 268473.882405546 1 189 214 11 0
FT 352 268473.915742005 163 153 0 0.0265522859
FT 353 268473.949078505 153 148 0 0.0249097392
FT 354 268473.982414963 148 143 0 0.0140594126
SW 354 268473.982414963 1 174 210 15 0
FT 355 268474.015751296 162 155 0 0.0175265971
FT 356 268474.049087796 155 145 0 0.00289231601
FT 357 268474.082424213 145 142 0 0.00950070691
SW 357 268474.082424213 1 178 203 17 0
FT 358 268474.115760671 162 158 0 0.010629726
FT 359 268474.149097213 158 155 0 0.0125293871
FT 360 268474.182433671 155 150 0 0.00521095485
SW 360 268474.182433671 1 186 211 16 0
FT 361 268474.215770005 166 158 0 0.00643466429
FT 362 268474.249106380 158 154 0 0.0122094159
FT 363 268474.282442880 154 146 0 0.0156927542
SW 363 268474.282442880 1 182 214 16 0
FT 364 268474.315779338 162 155 0 0.0101018687
FT 365 268474.349115838 155 147 0 0.0068879179
FT 366 268474.382452255 147 141 0 0.0110746025
SW 366 268474.382452255 1 175 209 21 0
FT 367 268474.415788755 159 155 0 0.00738859424
FT 368 268474.449125213 155 145 0 0.0105396502
FT 369 268474.482461588 145 136 0 0.0204318896
SW 369 268474.482461588 1 182 210 13 0
FT 370 268474.515798088 155 146 0 0.0192639857
FT 371 268474.549134505 146 137 0 0.0205693685
FT 372 268474.582470963 137 130 0 0.0210893577
SW 372 268474.582470963 1 188 210 14 0
FT 373 268474.615807421 136 126 0 0.0223680196
FT 374 268474.649143796 126 121 0 0.0185041499
FT 375 268474.682480338 121 114 0 0.0197985094
SW 375 268474.682480338 1 176 204 12 0
FT 376 268474.715816671 135 121 0 0.0197984184
FT 377 268474.749153213 121 117 0 0.0164471014
FT 378 268474.782489630 117 111 0 0.0176859678
SW 378 268474.782489630 1 173 200 11 0
FT 379 268474.815826088 124 119 0 0.0210945636
FT 380 268474.849162463 119 109 0 0.0158853598
FT 381 268474.882499046 109 108 0 0.00949188427
SW 381 268474.882499046 1 161 191 11 0
FT 382 268474.915835296 117 116 0 0.00277471043
FT 383 268474.949171838 116 113 0 0.00870138263
FT 384 268474.982508255 113 113 0 0.00361260795
SW 384 268474.982508255 1 148 180 11 0
FT 385 268475.015844713 123 118 0 0.0121714654
FT 386 268475.049181213 118 112 0 0.0187224257
FT 387 268475.082517588 112 110 0 0.0115808433
SW 387 268475.082517588 1 139 166 9 0
FT 388 268475.115854088 124 119 0 0.013155999
FT 389 268475.149190546 119 110 0 0.018739204
FT 390 268475.182527005 110 105 0 0.0157832462
SW 390 268475.182527005 1 131 154 8 0
FT 391 268475.215863380 126 124 0 0.01206689
FT 392 268475.249199838 124 119 0 0.0193681383
FT 393 268475.282536255 119 109 0 0.0286754876
SW 393 268475.282536255 1 134 152 8 0
FT 394 268475.315872755 116 105 0 0.031358905
FT 395 268475.349209255 105 99 0 0.0218231104
FT 396 268475.382545671 99 94 0 0.037455404
SW 396 268475.382545671 1 134 149 12 0
FT 397 268475.415881963 112 98 0 0.0308828643
FT 398 268475.449218463 98 97 0 0.022357375
FT 399 268475.482554963 97 96 0 0.0184125922
SW 399 268475.482554963 1 137 159 12 0
FT 400 268475.515891338 116 106 0 0.0212920558
FT 401 268475.549227796 106 103 0 0.0166892368
FT 402 268475.582564338 103 100 0 0.0211169591
SW 402 268475.582564338 1 140 162 11 0
FT 403 268475.615900588 118 111 0 0.0320804149
FT 404 268475.649237213 111 109 0 0.017971146
FT 405 268475.682573588 109 108 0 0.0155702308
SW 405 268475.682573588 1 140 165 16 0
FT 406 268475.715910046 129 125 0 0.0120746771
FT 407 268475.749246463 125 120 0 0.0230717212
FT 408 268475.782582921 120 116 0 0.0115887974
SW 408 268475.782582921 1 131 174 21 0
FT 409 268475.815919380 129 127 0 0.00927573659
FT 410 268475.849255838 127 126 0 0.0138282536
FT 411 268475.882592213 126 122 0 0.0147647115
SW 411 268475.882592213 1 130 163 22 0
FT 412 268475.915928671 134 130 0 0.00901615067
FT 413 268475.949265171 130 128 0 0.00701764883
FT 414 268475.982601546 128 126 0 0.00671376771
SW 414 268475.982601546 1 146 162 7 0
FT 415 268476.015938046 134 132 0 0.00582146995
FT 416 268476.049274505 132 126 0 0.00857535675
FT 417 268476.082610838 126 125 0 0.00575823143
SW 417 268476.082610838 1 143 157 8 0
FT 418 268476.115947380 140 135 0 0.0110848802
FT 419 268476.149283796 135 133 0 0.0141330701
FT 420 268476.182620130 133 127 0 0.0191011513
SW 420 268476.182620130 1 141 157 6 0
FT 421 268476.215956671 132 129 0 0.0188799842
FT 422 268476.249293088 129 128 1 0.010439712
FT 423 268476.282629505 128 124 1 0.014343026
SW 423 268476.282629505 0 141 0 0 0
FT 424 268476.315965963 134 130 0 0.0200118151
FT 425 268476.349302421 130 127 0 0.0134480171
FT 426 268476.382638838 127 127 1 0.0165819742
SW 426 268476.382638838 0 141 0 0 0
FT 427 268476.415975338 145 134 1 0.0197632731
FT 428 268476.449311713 134 128 1 0.0229040365
FT 429 268476.482648213 128 128 1 0.0152131712
SW 429 268476.482648213 0 141 0 0 0
FT 430 268476.515984546 140 140 1 0.0177834819
FT 431 268476.549320963 140 133 0 0.021343387
FT 432 268476.582657463 133 126 0 0.0205803357
SW 432 268476.582657463 1 149 168 8 0
FT 433 268476.615993796 142 136 0 0.0113068663
FT 434 268476.649330338 136 134 0 0.0137335679
FT 435 268476.682666796 134 128 0 0.0166643747
SW 435 268476.682666796 1 148 167 14 0
FT 436 268476.716003255 140 132 0 0.0170582609
FT 437 268476.749339588 132 122 0 0.0158286055
FT 438 268476.782676171 122 121 0 0.0120114374
SW 438 268476.782676171 1 152 170 14 0
FT 439 268476.816012463 132 126 0 0.00621135961
FT 440 268476.849349005 126 118 0 0.0201845474
FT 441 268476.882685463 118 107 0 0.0186467099
SW 441 268476.882685463 1 141 171 15 0
FT 442 268476.916021796 119 96 0 0.0341142517
FT 443 268476.949358255 96 92 0 0.0310689414
FT 444 268476.982694713 92 90 0 0.0143522365
SW 444 268476.982694713 1 139 159 13 0
FT 445 268477.016031130 126 108 0 0.0468755509
FT 446 268477.049367671 108 100 0 0.0402870599
FT 447 268477.082704088 100 99 0 0.0192035309
SW 447 268477.082704088 1 148 171 15 0
FT 448 268477.116040505 122 112 0 0.0321920918
FT 449 268477.149376838 112 104 0 0.0229016266
FT 450 268477.182713338 104 100 0 0.0261882179
SW 450 268477.182713338 1 147 176 14 0
FT 451 268477.216049755 128 125 0 0.0157913286
FT 452 268477.249386213 125 124 0 0.0113572123
FT 453 268477.282722713 124 123 0 0.0118816978
SW 453 268477.282722713 1 152 185 14 0
FT 454 268477.316059046 129 123 0 0.0154976877
FT 455 268477.349395505 123 117 0 0.0162703674
FT 456 268477.382732005 117 116 0 0.02009167
SW 456 268477.382732005 1 138 171 13 0
FT 457 268477.416068338 137 137 0 0.00754085388
FT 458 268477.449404880 137 117 0 0.0270737841
FT 459 268477.482741296 117 103 0 0.028517252
SW 459 268477.482741296 1 139 159 10 0
FT 460 268477.516077755 142 142 0 0.0188309313
FT 461 268477.549414088 142 139 0 0.0188251564
FT 462 268477.582750546 139 117 0 0.03398644
SW 462 268477.582750546 1 147 169 10 0
FT 463 268477.616087046 138 127 0 0.0267753501
FT 464 268477.649423380 127 123 0 0.0174703009
FT 465 268477.682759796 123 118 0 0.0201451874
SW 465 268477.682759796 1 161 172 10 0
FT 466 268477.716096296 145 135 0 0.0268716769
FT 467 268477.749432755 135 131 0 0.0155134936
FT 468 268477.782769213 131 130 0 0.0168958713
SW 468 268477.782769213 1 165 189 12 0
FT 469 268477.816105630 164 156 0 0.0214595757
FT 470 268477.849441963 156 148 0 0.0204656512
FT 471 268477.882778463 148 128 0 0.0196863361
SW 471 268477.882778463 1 165 196 10 0
FT 472 268477.916114880 163 143 0 0.0297080086
FT 473 268477.949451380 143 121 0 0.0202597967
FT 474 268477.982787880 121 92 0 0.0334190185
SW 474 268477.982787880 1 167 183 10 0
FT 475 268478.016124171 151 101 0 0.0478186647
FT 476 268478.049460671 101 76 0 0.0297184854
FT 477 268478.082797088 76 72 0 0.0207830188
SW 477 268478.082797088 1 166 189 9 0
FT 478 268478.116133505 134 117 0 0.0181616504
FT 479 268478.149469880 117 107 0 0.0212916426
FT 480 268478.182806421 107 97 0 0.0228357643
SW 480 268478.182806421 1 194 211 11 0
FT 481 268478.216142671 147 132 0 0.0197280269
FT 482 268478.249479213 132 116 0 0.017649817
FT 483 268478.282815630 116 111 0 0.0194395773
SW 483 268478.282815630 1 191 237 25 0
FT 484 268478.316152130 140 130 0 0.0186136171
FT 485 268478.349488421 130 120 0 0.00936651792
FT 486 268478.382825005 120 111 0 0.00778093211
SW 486 268478.382825005 1 166 231 21 0
FT 487 268478.416161421 139 134 0 0.0020628968
FT 488 268478.449497796 134 128 0 0.00821939191
FT 489 268478.482834296 128 123 0 0.00909800222
SW 489 268478.482834296 1 154 210 24 0
FT 490 268478.516170671 142 131 0 0.00628890454
FT 491 268478.549507171 131 120 0 0.011639437
FT 492 268478.582843630 120 114 0 0.00882828516
SW 492 268478.582843630 1 159 190 20 0
FT 493 268478.616180046 138 133 0 0.0060621372
FT 494 268478.649516421 133 125 0 0.0139888788
FT 495 268478.682852880 125 118 0 0.0122214336
SW 495 268478.682852880 1 160 194 16 0
FT 496 268478.716189213 141 120 0 0.0165074069
FT 497 268478.749525755 120 105 0 0.0267500512
FT 498 268478.782862046 105 100 0 0.0215759894
SW 498 268478.782862046 1 157 187 15 0
FT 499 268478.816198546 130 108 0 0.0303464879
FT 500 268478.849535005 108 104 0 0.0130641966
FT 501 268478.882871463 104 100 0 0.00287610188
SW 501 268478.882871463 1 168 193 14 0
FT 502 268478.916207796 129 117 0 0.00317398937
FT 503 268478.949544255 117 112 0 0.00528409715
FT 504 268478.982880671 112 104 0 0.0158262531
SW 504 268478.982880671 1 166 203 16 0
FT 505 268479.016217171 132 128 0 0.0209947595
FT 506 268479.049553588 128 117 0 0.0267128837
FT 507 268479.082889921 117 110 0 0.0287456234
SW 507 268479.082889921 1 172 200 17 0
FT 508 268479.116226380 131 126 0 0.0171262729
FT 509 268479.149562838 126 123 0 0.0128315081
FT 510 268479.182899296 123 120 0 0.0174704895
SW 510 268479.182899296 1 161 207 17 0
FT 511 268479.216235671 134 133 0 0.0133063113
FT 512 268479.249572171 133 129 0 0.0119518005
FT 513 268479.282908546 129 125 0 0.00568375512
SW 513 268479.282908546 1 152 189 16 0
FT 514 268479.316245005 139 135 0 0.00367746732
FT 515 268479.349581421 135 130 0 0.00890129186
FT 516 268479.382917838 130 126 0 0.00476592816
SW 516 268479.382917838 1 146 177 14 0
FT 517 268479.416254171 144 144 0 0.00301916504
FT 518 268479.449590713 144 140 0 0.0109410323
FT 519 268479.482927088 140 131 0 0.017656755
SW 519 268479.482927088 1 150 175 13 0
FT 520 268479.516263463 141 135 0 0.017627376
FT 521 268479.549599921 135 132 0 0.0114119742
FT 522 268479.582936380 132 127 0 0.0101642556
SW 522 268479.582936380 1 155 169 6 0
FT 523 268479.616272755 146 137 0 0.00499103544
FT 524 268479.649609171 137 132 0 0.0134214564
FT 525 268479.682945713 132 127 0 0.0143508688
SW 525 268479.682945713 1 165 178 7 0
FT 526 268479.716282046 151 133 0 0.0240156826
FT 527 268479.749618588 133 127 0 0.0217007515
FT 528 268479.782955005 127 121 0 0.018130906
SW 528 268479.782955005 1 173 189 8 0
FT 529 268479.816291338 155 143 0 0.0196177536
FT 530 268479.849627796 143 129 0 0.0153301119
FT 531 268479.882964171 129 127 0 0.00328451029
SW 531 268479.882964171 1 187 203 6 0
FT 532 268479.916300588 158 144 0 0.0255800568
FT 533 268479.949637046 144 141 0 0.0115654867
FT 534 268479.982973421 141 138 0 0.0126307173
SW 534 268479.982973421 1 192 207 5 0
FT 535 268480.016309880 156 154 0 0.0137037611
FT 536 268480.049646338 154 153 0 0.0161551425
FT 537 268480.082982796 153 148 0 0.0220738522
SW 537 268480.082982796 1 185 210 8 0
FT 538 268480.116319213 160 133 0 0.0328654923
FT 539 268480.149655588 133 109 0 0.0515969176
FT 540 268480.182992005 109 90 0 0.0601051781
SW 540 268480.182992005 1 165 196 8 0
FT 541 268480.216328463 132 97 0 0.0561725332
FT 542 268480.249664838 97 87 0 0.0592789247
FT 543 268480.283001380 87 79 0 0.0578752
SW 543 268480.283001380 1 148 187 23 0
FT 544 268480.316337671 129 125 0 0.037962774
FT 545 268480.349674171 125 117 0 0.014436092
FT 546 268480.383010546 117 113 0 0.0177583286
SW 546 268480.383010546 1 175 209 30 1
FT 547 268480.416346963 122 118 0 0.0124932689
FT 548 268480.449683421 118 114 0 0.0138220525
FT 549 268480.483019796 114 110 0 0.0190538675
SW 549 268480.483019796 1 167 213 42 1
FT 550 268480.516356213 131 122 0 0.019116339
FT 551 268480.549692671 122 109 0 0.0244143492
FT 552 268480.583029130 109 106 0 0.00960042871
SW 552 268480.583029130 1 121 222 36 4
FT 553 268480.616365505 132 115 0 0.0238067891
FT 554 268480.649701921 115 101 0 0.0318811382
FT 555 268480.683038338 101 97 0 0.0250462258
SW 555 268480.683038338 1 100 177 48 3
FT 556 268480.716374796 118 113 0 0.0247192882
FT 557 268480.749711171 113 102 0 0.0228097733
FT 558 268480.783047588 102 97 0 0.0190030729
SW 558 268480.783047588 1 126 166 35 1
FT 559 268480.816384046 129 124 0 0.0144134278
FT 560 268480.849720463 124 113 0 0.0341589092
FT 561 268480.883056921 113 105 0 0.0156915017
SW 561 268480.883056921 1 141 182 30 1
FT 562 268480.916393380 132 129 0 0.0224388482
FT 563 268480.949729796 129 119 0 0.0306134284
FT 564 268480.983066171 119 106 0 0.0513198707
SW 564 268480.983066171 1 136 187 36 0
FT 565 268481.016402630 131 120 0 0.04060768
FT 566 268481.049739046 120 116 0 0.0294738859
FT 567 268481.083075463 116 108 0 0.0283738725
SW 567 268481.083075463 1 129 191 37 0
FT 568 268481.116411880 129 114 0 0.0330818924
FT 569 268481.149748338 114 106 0 0.0226860997
FT 570 268481.183084755 106 100 0 0.0155098296
SW 570 268481.183084755 1 119 177 43 0
FT 571 268481.216421171 124 116 0 0.0202906291
FT 572 268481.249757505 116 107 0 0.0175871955
FT 573 268481.283094005 107 105 0 0.0169476615
SW 573 268481.283094005 1 124 178 42 0
FT 574 268481.316430380 147 140 0 0.0201219237
FT 575 268481.349766838 140 134 0 0.0242432837
FT 576 268481.383103296 134 127 0 0.0246158307
SW 576 268481.383103296 1 151 200 35 0
FT 577 268481.416439630 154 139 0 0.0260135195
FT 578 268481.449776130 139 130 0 0.0189818142
FT 579 268481.483112588 130 126 0 0.0183621918
SW 579 268481.483112588 1 162 205 26 0
FT 580 268481.516448921 146 134 0 0.0197535404
FT 581 268481.549785421 134 123 0 0.0158757545
FT 582 268481.583121880 123 121 0 0.0181930221
SW 582 268481.583121880 1 164 202 19 0
FT 583 268481.616458296 146 139 0 0.0181559632
FT 584 268481.649794713 139 131 0 0.0150174414
FT 585 268481.683131005 131 120 0 0.0170570982
SW 585 268481.683131005 1 175 203 17 0
FT 586 268481.716467546 157 139 0 0.0152779061
FT 587 268481.749804046 139 132 0 0.00711888145
FT 588 268481.783140338 132 128 0 0.00379917393
SW 588 268481.783140338 1 189 215 14 0
FT 589 268481.816476838 160 152 0 0.00847272499
FT 590 268481.849813296 152 147 0 0.00988623395
FT 591 268481.883149755 147 143 0 0.0122711982
SW 591 268481.883149755 1 196 230 14 0
FT 592 268481.916486255 160 154 0 0.0132028617
FT 593 268481.949822671 154 148 0 0.0143123016
FT 594 268481.983159046 148 142 0 0.0107248787
SW 594 268481.983159046 1 190 223 14 0
FT 595 268482.016495630 163 152 0 0.0101141758
FT 596 268482.049831963 152 140 0 0.0107508373
FT 597 268482.083168380 140 132 0 0.011588846
SW 597 268482.083168380 1 186 220 13 0
FT 598 268482.116504755 158 155 0 0.00918179202
FT 599 268482.149841255 155 145 0 0.0281003054
FT 600 268482.183177755 145 139 0 0.0358895262
SW 600 268482.183177755 1 187 217 15 0
FT 601 268482.216514088 156 147 0 0.027603689
FT 602 268482.249850588 147 141 0 0.0165599768
FT 603 268482.283186963 141 132 0 0.0137251307
SW 603 268482.283186963 1 182 215 21 0
FT 604 268482.316523380 153 145 0 0.00540410964
FT 605 268482.349859880 145 136 0 0.00369262997
FT 606 268482.383196255 136 133 0 0.00465187942
SW 606 268482.383196255 1 185 221 22 0
FT 607 268482.416532713 155 150 0 0.00447800542
FT 608 268482.449869171 150 148 0 0.00940839256
FT 609 268482.483205546 148 142 0 0.0144271975
SW 609 268482.483205546 1 176 224 22 0
FT 610 268482.516541880 158 153 0 0.0153651282
FT 611 268482.549878296 153 138 0 0.0133207886
FT 612 268482.583214838 138 126 0 0.0120394478
SW 612 268482.583214838 1 176 207 20 0
FT 613 268482.616551213 156 147 0 0.00917197709
FT 614 268482.649887755 147 137 0 0.0204616162
FT 615 268482.683224005 137 127 0 0.0344219771
SW 615 268482.683224005 1 175 214 19 0
FT 616 268482.716560546 158 142 0 0.0325900506
FT 617 268482.749896838 142 132 0 0.0206878199
FT 618 268482.783233213 132 123 0 0.019701197
SW 618 268482.783233213 1 177 211 17 0
FT 619 268482.816569713 155 152 0 0.0199003396
FT 620 268482.849906005 152 140 0 0.0187073127
FT 621 268482.883242505 140 132 0 0.0170332476
SW 621 268482.883242505 1 197 218 13 0
FT 622 268482.916578796 162 155 0 0.0225692975
FT 623 268482.949915130 155 143 0 0.033990544
FT 624 268482.983251671 143 137 0 0.0269069074
SW 624 268482.983251671 1 190 231 16 0
FT 625 268483.016588046 159 148 0 0.0317277549
FT 626 268483.049924380 148 135 0 0.029208602
FT 627 268483.083260880 135 128 0 0.0288963329
SW 627 268483.083260880 1 186 220 17 0
FT 628 268483.116597213 164 146 0 0.0327097011
FT 629 268483.149933630 146 128 0 0.036432535
FT 630 268483.183270005 128 120 0 0.0355916457
SW 630 268483.183270005 1 186 224 17 0
FT 631 268483.216606463 151 143 0 0.0347065406
FT 632 268483.249942713 143 132 0 0.0345702623
FT 633 268483.283279255 132 123 0 0.0276817622
SW 633 268483.283279255 1 197 227 15 0
FT 634 268483.316615463 149 146 0 0.0157633988
FT 635 268483.349951880 146 129 0 0.0105872527
FT 636 268483.383288296 129 122 0 0.0116836808
SW 636 268483.383288296 1 201 234 17 0
FT 637 268483.416624713 161 157 0 0.0144390435
FT 638 268483.449961171 157 145 0 0.0182125802
FT 639 268483.483297546 145 133 0 0.0193996352
SW 639 268483.483297546 1 193 245 29 0
FT 640 268483.516633921 154 144 0 0.0120738918
FT 641 268483.549970255 144 136 0 0.00711429311
FT 642 268483.583306588 136 132 0 0.0102560239
SW 642 268483.583306588 1 183 238 26 0
FT 643 268483.616643005 156 145 0 0.0121931546
FT 644 268483.649979463 145 135 0 0.0164372799
FT 645 268483.683315755 135 130 0 0.00881235685
SW 645 268483.683315755 1 191 231 19 0
FT 646 268483.716652213 163 160 0 0.00394615661
FT 647 268483.749988505 160 151 0 0.00644182053
FT 648 268483.783324921 151 145 0 0.00484151365
SW 648 268483.783324921 1 200 236 13 0
FT 649 268483.816661296 155 155 0 0.00599676066
FT 650 268483.849997630 155 152 0 0.00875391665
FT 651 268483.883334130 152 144 0 0.0103854225
SW 651 268483.883334130 1 197 223 10 0
FT 652 268483.916670505 163 155 0 0.0103038911
FT 653 268483.950006838 155 148 0 0.00980646742
FT 654 268483.983343255 148 144 0 0.00502521053
SW 654 268483.983343255 1 194 222 11 0
FT 655 268484.016679588 166 158 0 0.0127857948
FT 656 268484.050016046 158 144 0 0.021095087
FT 657 268484.083352380 144 121 0 0.0249902502
SW 657 268484.083352380 1 186 215 5 0
FT 658 268484.116688713 162 140 0 0.0277054543
FT 659 268484.150025088 140 123 0 0.0245042938
FT 660 268484.183361588 123 110 0 0.0165134753
SW 660 268484.183361588 1 194 212 7 0
FT 661 268484.216697880 157 144 0 0.0169889686
FT 662 268484.250034213 144 135 0 0.0121385478
FT 663 268484.283370713 135 128 0 0.00667276961
SW 663 268484.283370713 1 219 239 9 0
FT 664 268484.316707088 160 138 0 0.0248570258
FT 665 268484.350043546 138 123 0 0.02683743
FT 666 268484.383379713 123 114 0 0.0122366932
SW 666 268484.383379713 1 219 249 15 0
FT 667 268484.416716130 164 151 0 0.00600675982
FT 668 268484.450052463 151 141 0 0.0175020617
FT 669 268484.483388838 141 129 0 0.0130703947
SW 669 268484.483388838 1 195 264 36 0
FT 670 268484.516725296 162 144 0 0.0145910891
FT 671 268484.550061671 144 131 0 0.0165476723
FT 672 268484.583398005 131 104 0 0.0214000221
SW 672 268484.583398005 1 163 250 55 0
FT 673 268484.616734421 166 126 0 0.0292767692
FT 674 268484.650070755 126 102 0 0.019907178
FT 675 268484.683407213 102 84 0 0.017108878
SW 675 268484.683407213 1 166 242 56 0
FT 676 268484.716743546 161 118 0 0.0172370946
FT 677 268484.750080005 118 102 0 0.0202693103
FT 678 268484.783416380 102 95 0 0.0264804847
SW 678 268484.783416380 1 185 261 41 0
FT 679 268484.816752755 157 139 0 0.0176096677
FT 680 268484.850089046 139 120 0 0.0117530773
FT 681 268484.883425421 120 112 0 0.00770348409
SW 681 268484.883425421 1 208 265 42 0
FT 682 268484.916761838 150 130 0 0.010590271
FT 683 268484.950098171 130 115 0 0.0215783161
FT 684 268484.983434588 115 101 0 0.0251554234
SW 684 268484.983434588 1 174 267 49 0
FT 685 268485.016770880 147 131 0 0.0189515214
FT 686 268485.050107296 131 115 0 0.0249066832
FT 687 268485.083443713 115 95 0 0.0249631609
SW 687 268485.083443713 1 154 247 49 0
FT 688 268485.116780088 137 106 0 0.0229594405
FT 689 268485.150116380 106 84 0 0.0237699059
FT 690 268485.183452921 84 70 0 0.0228209104
SW 690 268485.183452921 1 152 216 36 0
FT 691 268485.216789296 127 87 0 0.0231246944
FT 692 268485.250125505 87 74 0 0.0252485208
FT 693 268485.283461880 74 63 0 0.0181582765
SW 693 268485.283461880 1 134 205 49 0
FT 694 268485.316798255 112 75 0 0.014800359
FT 695 268485.350134713 75 57 0 0.0256369529
FT 696 268485.383471088 57 34 0 0.0188681509
SW 696 268485.383471088 1 116 185 41 0
FT 697 268485.416807421 81 52 0 0.0164372831
FT 698 268485.450143755 52 40 0 0.028867568
FT 699 268485.483480171 40 32 0 0.0274876607
SW 699 268485.483480171 1 111 168 27 0
FT 700 268485.516816546 57 42 0 0.0265908732
FT 701 268485.550152921 42 28 0 0.0203032425
FT 702 268485.583489255 28 21 0 0.0168150982
SW 702 268485.583489255 1 83 144 23 0
FT 703 268485.616825755 33 21 0 0.0263377931
FT 704 268485.650161963 21 17 0 0.0306414159
FT 705 268485.683498338 17 16 0 0.0233960009
SW 705 268485.683498338 1 61 109 24 0
FT 706 268485.716834796 24 22 0 0.0204098541
FT 707 268485.750171255 22 20 0 0.0215459541
FT 708 268485.783507546 20 17 0 0.0240509232
SW 708 268485.783507546 1 38 90 21 0
FT 709 268485.816844005 28 22 0 0.0217669412
FT 710 268485.850180338 22 21 0 0.0128230865
FT 711 268485.883516671 21 20 0 0.0128871338
SW 711 268485.883516671 1 38 64 13 0
FT 712 268485.916853130 33 31 0 0.0227907664
FT 713 268485.950189380 31 30 0 0.0254609525
FT 714 268485.983525880 30 29 0 0.0230944094
SW 714 268485.983525880 1 32 60 11 0
FT 715 268486.016862213 52 52 0 0.0184478041
FT 716 268486.050198505 52 51 0 0.0134947323
FT 717 268486.083534838 51 50 0 0.020576248
SW 717 268486.083534838 1 46 64 10 0
FT 718 268486.116871255 63 52 0 0.0245766093
FT 719 268486.150207588 52 49 0 0.0195336099
FT 720 268486.183543963 49 45 0 0.0222700466
SW 720 268486.183543963 1 46 62 12 0
FT 721 268486.216880421 63 51 0 0.0316899079
FT 722 268486.250216755 51 41 0 0.0373536331
FT 723 268486.283553130 41 38 0 0.0267017891
SW 723 268486.283553130 1 55 69 12 0
FT 724 268486.316889505 75 71 0 0.0185276425
FT 725 268486.350225880 71 67 0 0.0175761122
FT 726 268486.383562296 67 65 0 0.0144110607
SW 726 268486.383562296 1 83 95 12 0
FT 727 268486.416898630 79 77 0 0.0183555804
FT 728 268486.450235005 77 76 0 0.0236533668
FT 729 268486.483571380 76 73 0 0.0226360546
SW 729 268486.483571380 1 91 106 15 0
FT 730 268486.516907713 86 81 0 0.0228733959
FT 731 268486.550244088 81 77 0 0.0262364021
FT 732 268486.583580338 77 70 0 0.0187154402
SW 732 268486.583580338 1 84 114 19 0
FT 733 268486.616916838 90 85 0 0.00776920833
FT 734 268486.650253213 85 84 0 0.00365201347
FT 735 268486.683589505 84 80 0 0.0107928994
SW 735 268486.683589505 1 80 116 18 0
FT 736 268486.716925838 103 95 0 0.012974756
FT 737 268486.750262255 95 81 0 0.010455494
FT 738 268486.783598588 81 65 0 0.0233974212
SW 738 268486.783598588 1 80 109 28 0
FT 739 268486.816934963 87 72 0 0.0217806853
FT 740 268486.850271380 72 54 0 0.0131419467
FT 741 268486.883607671 54 42 0 0.0286027899
SW 741 268486.883607671 1 74 112 35 0
FT 742 268486.916944046 97 57 0 0.0286064386
FT 743 268486.950280463 57 35 0 0.0230191445
FT 744 268486.983616838 35 30 0 0.0263383625
SW 744 268486.983616838 1 67 119 41 0
FT 745 268487.016953213 59 54 0 0.0309931546
FT 746 268487.050289630 54 51 0 0.0183407804
FT 747 268487.083625963 51 46 0 0.0164981426
SW 747 268487.083625963 1 81 128 44 0
FT 748 268487.116962213 75 69 0 0.01435042
FT 749 268487.150298630 69 66 0 0.0187501297
FT 750 268487.183635005 66 63 0 0.0186183423
SW 750 268487.183635005 1 66 146 54 0
FT 751 268487.216971380 71 70 0 0.0132364514
FT 752 268487.250307755 70 64 0 0.0197124838
FT 753 268487.283644130 64 57 0 0.0152910929
SW 753 268487.283644130 1 51 126 48 0
FT 754 268487.316980463 70 60 0 0.0252840383
FT 755 268487.350316880 60 53 0 0.0307543422
FT 756 268487.383653255 53 50 0 0.0333331358
SW 756 268487.383653255 1 33 104 49 0
FT 757 268487.416989588 81 63 0 0.0244237234
FT 758 268487.450325921 63 38 0 0.0270534482
FT 759 268487.483662255 38 26 0 0.0185227975
SW 759 268487.483662255 1 35 90 51 0
FT 760 268487.516998671 105 54 0 0.0211242365
FT 761 268487.550335046 54 21 0 0.014563194
FT 762 268487.583671380 21 8 0 0.0210726944
SW 762 268487.583671380 1 51 90 35 0
FT 763 268487.617007713 119 38 0 0.0379183368
FT 764 268487.650344171 38 23 0 0.0120861712
FT 765 268487.683680421 23 16 0 0.0461871411
SW 765 268487.683680421 1 67 101 22 0
FT 766 268487.717016755 124 75 0 0.0590711824
FT 767 268487.750353171 75 56 0 0.033906694
FT 768 268487.783689505 56 41 0 0.0284123086
SW 768 268487.783689505 1 55 121 54 0
FT 769 268487.817025880 132 104 0 0.0373558607
FT 770 268487.850362171 104 75 0 0.0192201941
FT 771 268487.883698630 75 64 0 0.0137594613
SW 771 268487.883698630 1 29 147 86 0
FT 772 268487.917034963 153 100 0 0.0112359244
FT 773 268487.950371421 100 81 0 0.0225937712
FT 774 268487.983707713 81 73 0 0.0218956576
SW 774 268487.983707713 1 38 150 90 0
FT 775 268488.017044130 139 123 0 0.0260776478
FT 776 268488.050380380 123 107 0 0.0238108975
FT 777 268488.083716796 107 96 0 0.0213121047
SW 777 268488.083716796 1 53 170 110 0
FT 778 268488.117053171 144 133 0 0.022707038
FT 779 268488.150389588 133 112 0 0.0372116018
FT 780 268488.183725838 112 98 0 0.0550914839
SW 780 268488.183725838 1 75 194 112 0
FT 781 268488.217062380 148 126 0 0.0518980791
FT 782 268488.250398671 126 111 0 0.0439153095
FT 783 268488.283735005 111 104 0 0.0256071941
SW 783 268488.283735005 1 64 214 135 0
FT 784 268488.317071338 146 118 0 0.0261454025
FT 785 268488.350407713 118 107 0 0.0281244761
FT 786 268488.383744130 107 104 0 0.0180746257
SW 786 268488.383744130 1 75 217 116 0
FT 787 268488.417080421 147 136 0 0.016775815
FT 788 268488.450416796 136 132 0 0.0190705314
FT 789 268488.483753213 132 124 0 0.0236632033
SW 789 268488.483753213 1 106 219 94 0
FT 790 268488.517089546 154 148 0 0.024430071
FT 791 268488.550425838 148 135 0 0.032214386
FT 792 268488.583762255 135 134 0 0.0244365187
SW 792 268488.583762255 1 109 219 81 0
FT 793 268488.617098588 156 146 0 0.030165032
FT 794 268488.650434963 146 136 0 0.0285001929
FT 795 268488.683771338 136 126 0 0.0261445927
SW 795 268488.683771338 1 98 204 85 0
FT 796 268488.717107713 155 153 0 0.0215561799
FT 797 268488.750444046 153 142 0 0.0182316162
FT 798 268488.783780463 142 133 0 0.0208706246
SW 798 268488.783780463 1 128 202 56 0
FT 799 268488.817116755 158 151 0 0.0181972501
FT 800 268488.850453046 151 139 0 0.0149311561
FT 801 268488.883789546 139 127 0 0.0208280085
SW 801 268488.883789546 1 164 201 29 0
FT 802 268488.917125755 152 146 0 0.0213281502
FT 803 268488.950462255 146 134 0 0.0258914864
FT 804 268488.983798546 134 129 0 0.0243371799
SW 804 268488.983798546 1 172 210 29 0
FT 805 268489.017134880 149 143 0 0.0210737309
FT 806 268489.050471255 143 128 0 0.0231060622
FT 807 268489.083807546 128 123 0 0.019569804
SW 807 268489.083807546 1 168 215 25 0
FT 808 268489.117144005 151 140 0 0.015098209
FT 809 268489.150480255 140 129 0 0.00722778559
FT 810 268489.183816671 129 114 0 0.0127216592
SW 810 268489.183816671 1 178 211 21 0
FT 811 268489.217153046 149 141 0 0.0108226285
FT 812 268489.250489463 141 127 0 0.0167978248
FT 813 268489.283825796 127 121 0 0.0149687234
SW 813 268489.283825796 1 182 225 20 0
FT 814 268489.317162088 146 135 0 0.0110801689
FT 815 268489.350498463 135 130 0 0.0152566894
FT 816 268489.383834838 130 121 0 0.0283557083
SW 816 268489.383834838 1 182 220 23 0
FT 817 268489.417171213 146 130 0 0.0335897272
FT 818 268489.450507463 130 121 0 0.0358843568
FT 819 268489.483843963 121 114 0 0.0141088779
SW 819 268489.483843963 1 179 221 22 0
FT 820 268489.517180296 137 116 0 0.0175756683
FT 821 268489.550516588 116 99 0 0.00917779744
FT 822 268489.583853046 99 91 0 0.00929114292
SW 822 268489.583853046 1 167 210 16 0
FT 823 268489.617189296 126 117 0 0.00860759278
FT 824 268489.650525671 117 109 0 0.00793551699
FT 825 268489.683862088 109 103 0 0.00777248772
SW 825 268489.683862088 1 167 205 19 0
FT 826 268489.717198338 133 120 0 0.0106767834
FT 827 268489.750534838 120 112 0 0.0121387499
FT 828 268489.783871130 112 107 0 0.0135182507
SW 828 268489.783871130 1 170 205 17 0
FT 829 268489.817207505 121 113 0 0.0156691524
FT 830 268489.850543880 113 110 0 0.0215532993
FT 831 268489.883880171 110 104 0 0.0258797671
SW 831 268489.883880171 1 157 196 16 0
FT 832 268489.917216588 124 116 0 0.0324634998
FT 833 268489.950552880 116 110 0 0.0280623636
FT 834 268489.983889296 110 108 0 0.0207709862
SW 834 268489.983889296 1 145 189 12 0
FT 835 268490.017225671 130 126 0 0.0164053053
FT 836 268490.050561921 126 116 0 0.0118310095
FT 837 268490.083898296 116 109 0 0.0122261801
SW 837 268490.083898296 1 147 169 12 0
FT 838 268490.117234713 130 118 0 0.0117529742
FT 839 268490.150571005 118 110 0 0.00887706425
FT 840 268490.183907421 110 102 0 0.00987496452
SW 840 268490.183907421 1 149 176 12 0
FT 841 268490.217243671 122 110 0 0.0129300498
FT 842 268490.250580046 110 101 0 0.0145831828
FT 843 268490.283916421 101 93 0 0.0213388862
SW 843 268490.283916421 1 152 176 12 0
FT 844 268490.317252796 117 106 0 0.033825712
FT 845 268490.350589088 106 103 0 0.0343602683
FT 846 268490.383925505 103 94 0 0.0340339019
SW 846 268490.383925505 1 155 179 12 0
FT 847 268490.417261880 122 94 0 0.0249567224
FT 848 268490.450598296 94 77 0 0.0394698474
FT 849 268490.483934588 77 65 0 0.018545065
SW 849 268490.483934588 1 151 173 11 0
FT 850 268490.517270963 109 86 0 0.0253374625
FT 851 268490.550607380 86 72 0 0.0232437889
FT 852 268490.583943630 72 72 0 0.0127525696
SW 852 268490.583943630 1 147 181 10 0
FT 853 268490.617279963 116 112 0 0.0130838048
FT 854 268490.650616380 112 100 0 0.0264259235
FT 855 268490.683952755 100 92 0 0.0379199046
SW 855 268490.683952755 1 143 183 16 0
FT 856 268490.717289088 120 118 0 0.0119365306
FT 857 268490.750625421 118 91 0 0.0249844835
FT 858 268490.783961713 91 77 0 0.0268777668
SW 858 268490.783961713 1 142 169 13 0
FT 859 268490.817298046 120 117 0 0.0119308748
FT 860 268490.850634421 117 109 0 0.0201425669
FT 861 268490.883970838 109 105 0 0.0246280865
SW 861 268490.883970838 1 143 190 12 0
FT 862 268490.917307130 117 115 0 0.0161742003
FT 863 268490.950643505 115 105 0 0.0262805942
FT 864 268490.983979838 105 87 0 0.0435455305
SW 864 268490.983979838 1 132 159 15 0
FT 865 268491.017316255 114 113 0 0.00413214374
FT 866 268491.050652505 113 109 0 0.0196572912
FT 867 268491.083988921 109 109 0 0.0102883393
SW 867 268491.083988921 1 150 169 13 0
FT 868 268491.117325255 122 116 0 0.0123074223
FT 869 268491.150661630 116 115 0 0.0125781209
FT 870 268491.183997921 115 113 1 0.0042011079
SW 870 268491.183997921 0 150 0 0 0
FT 871 268491.217334296 126 125 0 0.00662448429
FT 872 268491.250670588 125 123 0 0.00572360301
FT 873 268491.284007005 123 119 0 0.0168933001
SW 873 268491.284007005 1 128 180 21 0
FT 874 268491.317343296 129 123 0 0.0217217384
FT 875 268491.350679671 123 121 0 0.0151993734
FT 876 268491.384016046 121 115 0 0.0136409597
SW 876 268491.384016046 1 114 154 17 1
FT 877 268491.417352380 126 117 0 0.0175497104
FT 878 268491.450688796 117 112 0 0.0134952583
FT 879 268491.484025130 112 108 0 0.0100566172
SW 879 268491.484025130 1 125 138 12 1
FT 880 268491.517361505 121 119 0 0.0123854411
FT 881 268491.550697713 119 115 0 0.0130513447
FT 882 268491.584034088 115 110 0 0.015963967
SW 882 268491.584034088 1 131 148 11 1
FT 883 268491.617370463 125 123 0 0.0101036349
FT 884 268491.650706880 123 118 0 0.00896008448
FT 885 268491.684043213 118 114 0 0.00711914718
SW 885 268491.684043213 1 141 155 9 3
FT 886 268491.717379630 126 116 0 0.0168311433
FT 887 268491.750715838 116 103 0 0.022352407
FT 888 268491.784052296 103 68 0 0.0392361302
SW 888 268491.784052296 1 133 158 14 1
FT 889 268491.817388546 91 56 0 0.0556706272
FT 890 268491.850724921 56 39 0 0.0550306307
FT 891 268491.884061255 39 23 0 0.0623887909
SW 891 268491.884061255 1 123 151 14 1
FT 892 268491.917397588 82 48 0 0.0748734052
FT 893 268491.950733963 48 36 0 0.0726545249
FT 894 268491.984070338 36 29 0 0.0545458612
SW 894 268491.984070338 1 139 158 10 1
FT 895 268492.017406713 91 81 0 0.0172680356
FT 896 268492.050743046 81 79 0 0.00542930143
