FT 2 268462.166393170 117 116 0 0.00813259862
FT 3 268462.199729837 126 121 0 0.00938445598
FT 4 268462.233066462 131 130 0 0.00745544297
FT 5 268462.266403045 138 136 0 0.00563783531
FT 6 268462.299739712 141 139 0 0.00694866939
FT 7 268462.333076295 142 138 0 0.00913051942
FT 8 268462.366413004 143 141 0 0.00741490218
FT 9 268462.399749545 145 143 0 0.0126288356
FT 10 268462.433086212 146 141 0 0.00609196552
FT 11 268462.466422879 145 136 0 0.00858701678
FT 12 268462.499759462 142 141 0 0.00515101333
FT 13 268462.533096129 147 146 0 0.00476859034
FT 14 268462.566432670 147 145 0 0.000147691038
FT 15 268462.599769254 149 149 0 0.00189801804
FT 16 268462.633105962 151 149 1 0.00514711307
FT 17 268462.666442504 152 150 0 0.00944488763
FT 18 268462.699779170 155 150 0 0.0129334277
FT 19 268462.733115837 158 154 1 0.00262854333
FT 20 268462.766452337 158 157 0 0.0113950807
FT 21 268462.799789004 162 162 0 0.00563042704
FT 22 268462.833125629 162 159 0 0.00411720558
FT 23 268462.866462212 162 162 1 0.00155665053
FT 24 268462.899798879 166 164 1 0.00119303363
FT 25 268462.933135504 165 163 0 0.0045015354
FT 26 268462.966472087 165 162 0 0.00628309895
FT 27 268462.999808712 163 161 0 0.00629597133
FT 28 268463.033145379 165 162 1 0.00936880101
FT 29 268463.066481920 164 159 0 0.0126893933
FT 30 268463.183160045 160 137 0 0.0426544854
FT 31 268463.216496754 153 142 0 0.0170259672
FT 32 268463.249833295 158 155 1 0.0119679023
FT 33 268463.283169879 160 152 0 0.0159847408
FT 34 268463.316506504 160 157 0 0.0180026516
FT 35 268463.349843087 161 160 0 0.00983890097
FT 36 268463.383179712 166 157 0 0.014447173
INIT 268462.133056670 268463.383179712 8 0.281104251 8.92267 0.485428232 4.03988907 -0.00387943819 0.00193781992 -9.84523125e-05 0 0 0
FT 37 268463.416516212 164 150 0 0.0191698407
FT 38 268463.449852837 150 144 0 0.0174672956
FT 39 268463.483189379 144 142 0 0.0111997494
SW 39 268463.483189379 1 181 217 15 0
FT 40 268463.516526045 161 161 0 0.00809558237
FT 41 268463.549862629 161 159 0 0.00730746107
FT 42 268463.583199212 159 157 0 0.0058628178
SW 42 268463.583199212 1 204 215 6 0
FT 43 268463.616535754 162 156 0 0.0177163063
FT 44 268463.649872462 156 151 0 0.0157955837
FT 45 268463.683209045 151 146 0 0.0107543686
SW 45 268463.683209045 1 176 215 7 0
FT 46 268463.716545545 169 161 0 0.0161744785
FT 47 268463.749882129 161 161 0 0.0132634988
FT 48 268463.783218754 161 159 0 0.0143232608
SW 48 268463.783218754 1 187 200 4 0
FT 49 268463.816555212 173 171 0 0.0123398581
FT 50 268463.849891795 171 168 0 0.0106142435
FT 51 268463.883228379 168 164 0 0.00516943751
SW 51 268463.883228379 1 192 203 3 0
FT 52 268463.916564920 170 167 0 0.00915790119
FT 53 268463.949901504 167 160 0 0.0146396491
FT 54 268463.983238087 160 156 0 0.00958521598
SW 54 268463.983238087 1 195 201 2 0
FT 55 268464.016574670 170 166 0 0.012850554
FT 56 268464.049911170 166 157 0 0.0185935309
FT 57 268464.083247712 157 157 0 0.0163998993
SW 57 268464.083247712 1 188 206 2 0
FT 58 268464.116584295 169 166 0 0.0113525951
FT 59 268464.149920795 166 164 0 0.00652796662
FT 60 268464.183257337 164 161 0 0.0100278754
SW 60 268464.183257337 1 196 201 1 0
FT 61 268464.216593837 174 170 0 0.0136183047
FT 62 268464.249930462 170 166 0 0.00991925586
FT 63 268464.283267045 166 163 0 0.00948977074
SW 63 268464.283267045 1 199 207 1 0
FT 64 268464.316603420 172 172 0 0.00863360356
FT 65 268464.349940004 172 171 0 0.0058679072
FT 66 268464.383276545 171 162 0 0.0119300848
SW 66 268464.383276545 1 192 207 1 0
FT 67 268464.416613129 165 162 0 0.0154262353
FT 68 268464.449949629 162 158 0 0.0111359281
FT 69 268464.483286212 158 154 0 0.0111344635
SW 69 268464.483286212 1 185 195 2 0
FT 70 268464.516622795 164 160 0 0.0119861285
FT 71 268464.549959295 160 158 0 0.00522181297
FT 72 268464.583295920 158 157 0 0.00870593852
SW 72 268464.583295920 1 187 196 2 0
FT 73 268464.616632295 163 162 0 0.00906404853
FT 74 268464.649968879 162 160 0 0.00257030077
FT 75 268464.683305462 160 160 0 0.00647750122
SW 75 268464.683305462 1 183 193 2 0
FT 76 268464.716642004 170 166 0 0.0100291727
FT 77 268464.749978462 166 164 0 0.00682990544
FT 78 268464.783315045 164 160 0 0.0135041507
SW 78 268464.783315045 1 182 192 2 0
FT 79 268464.816651587 167 161 0 0.0192445254
FT 80 268464.849988129 161 157 0 0.0172183157
FT 81 268464.883324629 157 155 0 0.0087481064
SW 81 268464.883324629 1 175 188 3 0
FT 82 268464.916661129 162 159 0 0.00925756748
FT 83 268464.949997670 159 153 0 0.016956444
FT 84 268464.983334212 153 149 0 0.0146140685
SW 84 268464.983334212 1 176 183 1 0
FT 85 268465.016670754 155 152 0 0.0112938311
FT 86 268465.050007212 152 149 0 0.0168095013
FT 87 268465.083343837 149 140 0 0.0230461227
SW 87 268465.083343837 1 178 181 2 0
FT 88 268465.116911296 150 145 0 0.0186902812
FT 89 268465.150247921 145 144 0 0.0102066167
FT 90 268465.183584380 144 139 0 0.0106372663
SW 90 268465.183584380 1 178 187 2 0
FT 91 268465.216921046 153 150 0 0.0158592717
FT 92 268465.250257463 150 145 0 0.0119815969
FT 93 268465.283594005 145 142 0 0.0102224639
SW 93 268465.283594005 1 180 191 2 0
FT 94 268465.316930630 150 143 0 0.0124562464
FT 95 268465.350267046 143 139 0 0.00917986619
FT 96 268465.383603588 139 138 0 0.0116840499
SW 96 268465.383603588 1 175 189 3 0
FT 97 268465.416940171 152 149 0 0.012076642
FT 98 268465.450276671 149 141 0 0.0100877464
FT 99 268465.483613171 141 135 0 0.0074514226
SW 99 268465.483613171 1 173 188 2 0
FT 100 268465.516949755 156 153 0 0.00677509931
FT 101 268465.550286255 153 145 0 0.00438911277
FT 102 268465.583622838 145 143 0 0.0043814451
SW 102 268465.583622838 1 181 190 1 0
FT 103 268465.616959421 159 156 0 0.00385133841
FT 104 268465.650295921 156 143 0 0.00769124961
FT 105 268465.683632421 143 140 0 0.0107361843
SW 105 268465.683632421 1 185 194 1 0
FT 106 268465.716968838 157 152 0 0.00469068518
FT 107 268465.750305463 152 147 0 0.00552910371
FT 108 268465.783642046 147 144 0 0.00761722252
SW 108 268465.783642046 1 185 198 2 0
FT 109 268465.816978546 167 166 0 0.00696259154
FT 110 268465.850315088 166 162 0 0.0076160369
FT 111 268465.883651630 162 161 0 0.00703523265
SW 111 268465.883651630 1 192 208 3 0
FT 112 268465.916988046 166 162 0 0.00894113142
FT 113 268465.950324671 162 156 0 0.0137757933
FT 114 268465.983661255 156 151 0 0.0174245763
SW 114 268465.983661255 1 190 199 2 0
FT 115 268466.016997713 161 155 0 0.0164228417
FT 116 268466.050334338 155 152 0 0.018875402
FT 117 268466.083670880 152 150 0 0.0166553634
SW 117 268466.083670880 1 183 201 3 0
FT 118 268466.117007213 165 160 0 0.0175841049
FT 119 268466.150343880 160 151 0 0.0195765636
FT 120 268466.183680421 151 143 0 0.0165020435
SW 120 268466.183680421 1 183 196 5 0
FT 121 268466.217016963 159 155 0 0.0117496309
FT 122 268466.250353505 155 151 0 0.00401664024
FT 123 268466.283690130 151 144 0 0.00786233445
SW 123 268466.283690130 1 192 201 5 0
FT 124 268466.317026546 164 158 0 0.00612027931
FT 125 268466.350363046 158 152 0 0.0113978435
FT 126 268466.383699546 152 148 0 0.0136570234
SW 126 268466.383699546 1 194 214 6 0
FT 127 268466.417036005 169 162 0 0.0174329413
FT 128 268466.450372546 162 157 0 0.0167572254
FT 129 268466.483709213 157 153 0 0.0115789549
SW 129 268466.483709213 1 199 215 6 0
FT 130 268466.517045671 170 168 0 0.0107906392
FT 131 268466.550382171 168 159 0 0.0100899972
FT 132 268466.583718755 159 154 0 0.0083917232
SW 132 268466.583718755 1 195 218 6 0
FT 133 268466.617055213 167 164 0 0.0109784495
FT 134 268466.650391671 164 154 0 0.0166759047
FT 135 268466.683728338 154 149 0 0.0181450009
SW 135 268466.683728338 1 193 210 5 0
FT 136 268466.717064713 165 164 0 0.0179974452
FT 137 268466.750401296 164 159 0 0.0186104674
FT 138 268466.783737796 159 156 0 0.0123934532
SW 138 268466.783737796 1 192 211 6 0
FT 139 268466.817074255 167 166 0 0.0126202288
FT 140 268466.850410755 166 164 0 0.0104255193
FT 141 268466.883747338 164 161 0 0.00690868737
SW 141 268466.883747338 1 192 208 6 0
FT 142 268466.917083796 168 162 0 0.00708783526
FT 143 268466.950420255 162 161 0 0.00669343509
FT 144 268466.983756755 161 160 0 0.0120094634
SW 144 268466.983756755 1 188 205 5 0
FT 145 268467.017093296 171 167 0 0.0119143043
FT 146 268467.050429755 167 157 0 0.00917296535
FT 147 268467.083766338 157 151 0 0.00637077219
SW 147 268467.083766338 1 180 200 6 0
FT 148 268467.117102713 162 161 0 0.00828923591
FT 149 268467.150439296 161 155 0 0.0040932353
FT 150 268467.183775796 155 149 0 0.00762572022
SW 150 268467.183775796 1 183 195 6 0
FT 151 268467.217112338 163 158 0 0.0109894175
FT 152 268467.250448755 158 146 0 0.00748202338
FT 153 268467.283785255 146 137 0 0.0181661579
SW 153 268467.283785255 1 188 199 6 0
FT 154 268467.317121713 154 144 0 0.0109207406
FT 155 268467.350458213 144 140 0 0.00653442937
FT 156 268467.383794713 140 136 0 0.00910382043
SW 156 268467.383794713 1 191 205 6 0
FT 157 268467.417131213 155 149 0 0.00804113406
FT 158 268467.450467713 149 145 0 0.00928725473
FT 159 268467.483804046 145 140 0 0.0119105863
SW 159 268467.483804046 1 191 214 7 0
FT 160 268467.517140588 149 145 0 0.00877631937
FT 161 268467.550477046 145 142 0 0.0119721001
FT 162 268467.583813588 142 137 0 0.008271423
SW 162 268467.583813588 1 188 206 7 0
FT 163 268467.617150046 146 139 0 0.0174333258
FT 164 268467.650486463 139 136 0 0.0155066209
FT 165 268467.683823046 136 132 0 0.0289589842
SW 165 268467.683823046 1 174 201 5 0
FT 166 268467.717159505 145 141 0 0.0224072865
FT 167 268467.750496046 141 137 0 0.0103676615
FT 168 268467.783832546 137 135 0 0.00452594951
SW 168 268467.783832546 1 173 188 3 0
FT 169 268467.817168838 148 137 0 0.00921432565
FT 170 268467.850505505 137 131 0 0.015530388
FT 171 268467.883841963 131 124 0 0.0211008345
SW 171 268467.883841963 1 168 183 2 0
FT 172 268467.917178421 148 143 0 0.0215493655
FT 173 268467.950514921 143 138 0 0.0104562824
FT 174 268467.983851380 138 134 0 0.00879063087
SW 174 268467.983851380 1 178 191 2 0
FT 175 268468.017187838 153 143 0 0.00849457517
FT 176 268468.050524380 143 134 0 0.0148693668
FT 177 268468.083860838 134 131 0 0.00854632853
SW 177 268468.083860838 1 181 194 2 0
FT 178 268468.117197338 149 142 0 0.00637458193
FT 179 268468.150533796 142 136 0 0.00821909505
FT 180 268468.183870213 136 131 0 0.0115263834
SW 180 268468.183870213 1 188 197 2 0
FT 181 268468.217206755 151 148 0 0.0064064217
FT 182 268468.250543171 148 138 0 0.0136778431
FT 183 268468.283879713 138 135 0 0.0125281787
SW 183 268468.283879713 1 186 205 2 0
FT 184 268468.317216088 158 153 0 0.00216652561
FT 185 268468.350552630 153 146 0 0.00509698734
FT 186 268468.383889213 146 142 0 0.00443378092
SW 186 268468.383889213 1 193 205 1 0
FT 187 268468.417225546 156 152 0 0.00816379035
FT 188 268468.450562046 152 148 0 0.0101288307
FT 189 268468.483898630 148 147 0 0.00378990908
SW 189 268468.483898630 1 189 207 0 0
FT 190 268468.517235005 155 149 0 0.00509951131
FT 191 268468.550571546 149 144 0 0.00829424351
FT 192 268468.583908046 144 141 0 0.0104178745
SW 192 268468.583908046 1 181 194 0 0
FT 193 268468.617244421 158 156 0 0.00601265585
FT 194 268468.650580880 156 153 0 0.00603711789
FT 195 268468.683917463 153 151 0 0.00925295038
SW 195 268468.683917463 1 186 197 0 0
FT 196 268468.717253880 161 159 1 0.00242300922
FT 197 268468.750590338 159 158 0 0.00366161867
FT 198 268468.783926838 158 157 1 0.0114193693
SW 198 268468.783926838 0 186 0 0 0
FT 199 268468.817263421 162 158 0 0.00656222463
FT 200 268468.850599838 158 152 0 0.00827528132
FT 201 268468.883936255 152 147 0 0.0126998197
SW 201 268468.883936255 1 179 198 1 0
FT 202 268468.917272796 156 154 0 0.00862174478
FT 203 268468.950609171 154 149 0 0.00749245845
FT 204 268468.983945713 149 138 0 0.00787033139
SW 204 268468.983945713 1 169 185 5 0
FT 205 268469.017282130 148 143 0 0.00858447519
FT 206 268469.050618671 143 138 0 0.0094554618
FT 207 268469.083955088 138 134 0 0.0122147649
SW 207 268469.083955088 1 166 181 9 0
FT 208 268469.117291713 161 150 0 0.0133625229
FT 209 268469.150628046 150 143 0 0.0143729912
FT 210 268469.183964546 143 137 0 0.0143394718
SW 210 268469.183964546 1 179 195 12 0
FT 211 268469.217301046 151 148 0 0.0163711727
FT 212 268469.250637463 148 139 0 0.0191306539
FT 213 268469.283973963 139 137 0 0.0162924464
SW 213 268469.283973963 1 174 203 17 0
FT 214 268469.317310380 156 150 0 0.0152569986
FT 215 268469.350646963 150 141 0 0.0128259062
FT 216 268469.383983380 141 130 0 0.0110287814
SW 216 268469.383983380 1 176 205 15 0
FT 217 268469.417319921 154 146 0 0.0120816667
FT 218 268469.450656380 146 142 0 0.0119115182
FT 219 268469.483992838 142 137 0 0.0131333809
SW 219 268469.483992838 1 186 210 13 0
FT 220 268469.517329338 159 150 0 0.0146076527
FT 221 268469.550665713 150 136 0 0.0232833171
FT 222 268469.584002255 136 131 0 0.029958271
SW 222 268469.584002255 1 189 217 11 0
FT 223 268469.617338671 168 162 0 0.0308309032
FT 224 268469.650675171 162 154 0 0.0221444284
FT 225 268469.684011713 154 147 0 0.0114467569
SW 225 268469.684011713 1 207 228 9 0
FT 226 268469.717348046 164 157 0 0.0156550486
FT 227 268469.750684546 157 150 0 0.0200162416
FT 228 268469.784021005 150 144 0 0.0109985029
SW 228 268469.784021005 1 200 229 8 0
FT 229 268469.817357546 164 157 0 0.00858032578
FT 230 268469.850694046 157 150 0 0.0162466394
FT 231 268469.884030421 150 146 0 0.0161856733
SW 231 268469.884030421 1 201 221 8 0
FT 232 268469.917366880 163 155 0 0.00840244066
FT 233 268469.950703380 155 145 0 0.013675629
FT 234 268469.984039921 145 141 0 0.0133542708
SW 234 268469.984039921 1 191 222 7 0
FT 235 268470.017376296 157 150 0 0.0145304088
FT 236 268470.050712796 150 142 0 0.013138383
FT 237 268470.084049296 142 141 0 0.020886445
SW 237 268470.084049296 1 190 208 6 0
FT 238 268470.117385796 161 154 0 0.0245272021
FT 239 268470.150722255 154 151 0 0.0163877113
FT 240 268470.184058713 151 146 0 0.0113127247
SW 240 268470.184058713 1 191 212 5 0
FT 241 268470.217395088 160 155 0 0.0205203116
FT 242 268470.250731588 155 151 0 0.0264559316
FT 243 268470.284068046 151 145 0 0.0175616054
SW 243 268470.284068046 1 196 209 2 0
FT 244 268470.317404546 169 166 0 0.0130751292
FT 245 268470.350740963 166 160 0 0.0114073813
FT 246 268470.384077505 160 151 0 0.0102964313
SW 246 268470.384077505 1 194 213 1 0
FT 247 268470.417413963 165 161 0 0.0119020493
FT 248 268470.450750463 161 155 0 0.0126671563
FT 249 268470.484086880 155 151 0 0.0129327021
SW 249 268470.484086880 1 195 205 0 0
FT 250 268470.517423421 166 162 0 0.0151219865
FT 251 268470.550759755 162 155 0 0.0189057137
FT 252 268470.584096255 155 151 0 0.017380998
SW 252 268470.584096255 1 197 209 1 0
FT 253 268470.617432713 164 159 0 0.0156332561
FT 254 268470.650769255 159 149 0 0.0243175308
FT 255 268470.684105671 149 147 0 0.0283467174
SW 255 268470.684105671 1 192 209 3 0
FT 256 268470.717442213 165 161 0 0.0244784603
FT 257 268470.750778588 161 154 0 0.0205559164
FT 258 268470.784115130 154 147 0 0.02312381
SW 258 268470.784115130 1 196 208 3 0
FT 259 268470.817451546 172 167 0 0.0210913394
FT 260 268470.850788005 167 162 0 0.021351846
FT 261 268470.884124421 162 155 0 0.0276005608
SW 261 268470.884124421 1 201 216 5 0
FT 262 268470.917460963 173 164 0 0.0249098077
FT 263 268470.950797380 164 155 0 0.0196233037
FT 264 268470.984133921 155 152 0 0.0181757895
SW 264 268470.984133921 1 199 217 4 0
FT 265 268471.017470338 165 155 0 0.0218092302
FT 266 268471.050806796 155 151 0 0.0226239906
FT 267 268471.084143213 151 145 0 0.0212546669
SW 267 268471.084143213 1 192 211 4 0
FT 268 268471.117479713 157 148 0 0.0189107355
FT 269 268471.150816213 148 142 0 0.0147311906
FT 270 268471.184152713 142 138 0 0.0104736923
SW 270 268471.184152713 1 187 203 3 0
FT 271 268471.217489088 160 155 0 0.00586633105
FT 272 268471.250825546 155 149 0 0.00472860066
FT 273 268471.284162088 149 141 0 0.0130352863
SW 273 268471.284162088 1 195 207 3 0
FT 274 268471.317498421 158 156 0 0.0145817621
FT 275 268471.350834963 156 147 0 0.0121148229
FT 276 268471.384171421 147 146 0 0.00827178778
SW 276 268471.384171421 1 194 211 3 0
FT 277 268471.417507796 161 153 0 0.0145839262
FT 278 268471.450844296 153 145 0 0.0140754214
FT 279 268471.484180671 145 142 0 0.00381374613
SW 279 268471.484180671 1 192 209 2 0
FT 280 268471.517517130 158 155 0 0.00556867762
FT 281 268471.550853671 155 147 0 0.0115816849
FT 282 268471.584190171 147 141 0 0.00737489789
SW 282 268471.584190171 1 190 206 2 0
FT 283 268471.617526588 153 145 0 0.01511395
FT 284 268471.650863088 145 136 0 0.0206131398
FT 285 268471.684199546 136 134 0 0.00234206469
SW 285 268471.684199546 1 185 200 1 0
FT 286 268471.717536005 159 153 0 0.019302163
FT 287 268471.750872421 153 143 0 0.0355627408
FT 288 268471.784208921 143 134 0 0.024753272
SW 288 268471.784208921 1 195 205 2 0
FT 289 268471.817545421 162 157 0 0.00929034795
FT 290 268471.850881880 157 151 0 0.0223505584
FT 291 268471.884218338 151 147 0 0.0124081519
SW 291 268471.884218338 1 195 214 3 0
FT 292 268471.917554671 160 156 0 0.0170858886
FT 293 268471.950891171 156 154 0 0.0137169383
FT 294 268471.984227671 154 147 0 0.019995658
SW 294 268471.984227671 1 195 210 2 0
FT 295 268472.017564088 159 152 0 0.0173308412
FT 296 268472.050900630 152 147 0 0.0168848234
FT 297 268472.084237088 147 147 0 0.00510910228
SW 297 268472.084237088 1 190 207 2 0
FT 298 268472.117573421 163 155 0 0.0150374268
FT 299 268472.150909963 155 152 0 0.018066795
FT 300 268472.184246421 152 150 0 0.0167845569
SW 300 268472.184246421 1 181 202 2 0
FT 301 268472.217582921 161 154 0 0.00965793825
FT 302 268472.250919338 154 151 0 0.0153190679
FT 303 268472.284255796 151 148 0 0.0156412516
SW 303 268472.284255796 1 187 193 2 0
FT 304 268472.317592213 156 145 0 0.0203705975
FT 305 268472.350928671 145 136 0 0.0159268885
FT 306 268472.384265255 136 131 1 0.0105343258
SW 306 268472.384265255 0 187 0 0 0
FT 307 268472.417601671 151 143 0 0.0234280887
FT 308 268472.450938171 143 129 1 0.0315605012
FT 309 268472.484274588 129 118 0 0.0305166286
SW 309 268472.484274588 1 180 204 2 0
FT 310 268472.517611046 134 123 0 0.0326241636
FT 311 268472.550947380 123 119 1 0.0212988841
FT 312 268472.584283880 119 119 0 0.00739918468
SW 312 268472.584283880 1 182 190 1 0
FT 313 268472.617620380 138 131 0 0.0272418491
FT 314 268472.650956755 131 125 0 0.0327066305
FT 315 268472.684293338 125 121 0 0.0140594177
SW 315 268472.684293338 1 182 195 1 0
FT 316 268472.717629796 155 149 0 0.0104232396
FT 317 268472.750966213 149 138 0 0.0317603735
FT 318 268472.784302671 138 134 0 0.0168982713
SW 318 268472.784302671 1 178 202 2 0
FT 319 268472.817639130 159 153 0 0.0153343205
FT 320 268472.850975546 153 149 0 0.0186478393
FT 321 268472.884311963 149 146 0 0.00937579516
SW 321 268472.884311963 1 175 200 2 0
FT 322 268472.917648505 164 155 0 0.0115050541
FT 323 268472.950985005 155 149 0 0.0172063163
FT 324 268472.984321380 149 148 0 0.0108188459
SW 324 268472.984321380 1 180 189 2 0
FT 325 268473.017657838 160 157 0 0.0110291923
FT 326 268473.050994213 157 152 0 0.0167619827
FT 327 268473.084330796 152 149 0 0.0135450087
SW 327 268473.084330796 1 176 189 3 0
FT 328 268473.117667130 160 151 0 0.0202068362
FT 329 268473.151003630 151 146 0 0.0210303189
FT 330 268473.184340088 146 145 0 0.00997140114
SW 330 268473.184340088 1 177 186 3 0
FT 331 268473.217676630 165 159 0 0.0183549321
FT 332 268473.251012963 159 149 0 0.0254902611
FT 333 268473.284349421 149 145 0 0.0227331872
SW 333 268473.284349421 1 180 191 3 0
FT 334 268473.317685963 157 151 0 0.0218318415
FT 335 268473.351022463 151 148 0 0.0273374361
FT 336 268473.384358796 148 144 0 0.0218209061
SW 336 268473.384358796 1 179 192 3 0
FT 337 268473.417695296 159 152 0 0.0280080058
FT 338 268473.451031713 152 144 0 0.0345745859
FT 339 268473.484368171 144 143 0 0.0234802107
SW 339 268473.484368171 1 182 194 6 0
FT 340 268473.517704671 159 152 0 0.025179621
FT 341 268473.551041046 152 142 0 0.0297534702
FT 342 268473.584377505 142 136 0 0.0208087701
SW 342 268473.584377505 1 182 202 8 1
FT 343 268473.617713963 151 145 0 0.0138102981
FT 344 268473.651050463 145 139 0 0.014680819
FT 345 268473.684386838 139 138 0 0.0175686792
SW 345 268473.684386838 1 181 202 9 0
FT 346 268473.717723296 165 158 0 0.011947318
FT 347 268473.751059796 158 153 0 0.0119618658
FT 348 268473.784396213 153 149 0 0.00975002815
SW 348 268473.784396213 1 191 210 10 0
FT 349 268473.817732546 164 158 0 0.00742704815
FT 350 268473.851069171 158 152 0 0.0156955262
FT 351 268473.884405546 152 146 0 0.0277436745
SW 351 268473.884405546 1 192 214 9 0
FT 352 268473.917742005 164 153 0 0.0268238512
FT 353 268473.951078505 153 148 0 0.0255762212
FT 354 268473.984414963 148 143 0 0.0145598959
SW 354 268473.984414963 1 180 212 11 0
FT 355 268474.017751296 162 155 0 0.0175345912
FT 356 268474.051087796 155 145 0 0.00432620296
FT 357 268474.084424213 145 142 0 0.0103108919
SW 357 268474.084424213 1 184 205 12 0
FT 358 268474.117760671 162 158 0 0.00928216398
FT 359 268474.151097213 158 155 0 0.0131008613
FT 360 268474.184433671 155 151 0 0.00485099887
SW 360 268474.184433671 1 188 212 15 0
FT 361 268474.217770005 166 158 0 0.00618911974
FT 362 268474.251106380 158 154 0 0.0119312444
FT 363 268474.284442880 154 147 0 0.0155324882
SW 363 268474.284442880 1 184 215 15 0
FT 364 268474.317779338 162 155 0 0.0110171827
FT 365 268474.351115838 155 147 0 0.0065524736
FT 366 268474.384452255 147 142 0 0.0111569518
SW 366 268474.384452255 1 181 209 14 0
FT 367 268474.417788755 160 156 0 0.0075736958
FT 368 268474.451125213 156 145 0 0.00924283543
FT 369 268474.484461588 145 136 0 0.0203398737
SW 369 268474.484461588 1 180 209 14 0
FT 370 268474.517798088 155 146 0 0.0191202052
FT 371 268474.551134505 146 137 0 0.0206707027
FT 372 268474.584470963 137 130 0 0.0207696339
SW 372 268474.584470963 1 190 209 12 0
FT 373 268474.617807421 136 126 0 0.0226067526
FT 374 268474.651143796 126 121 0 0.0187016737
FT 375 268474.684480338 121 114 0 0.0195417212
SW 375 268474.684480338 1 176 204 12 0
FT 376 268474.717816671 136 123 0 0.0203988765
FT 377 268474.751153213 123 118 0 0.0160032942
FT 378 268474.784489630 118 113 0 0.0174724066
SW 378 268474.784489630 1 175 201 11 0
FT 379 268474.817826088 125 120 0 0.0213754883
FT 380 268474.851162463 120 110 0 0.0163886537
FT 381 268474.884499046 110 109 0 0.010101975
SW 381 268474.884499046 1 163 192 9 0
FT 382 268474.917835296 118 117 0 0.00362986145
FT 383 268474.951171838 117 114 0 0.00854159962
FT 384 268474.984508255 114 114 0 0.00280966908
SW 384 268474.984508255 1 150 180 9 0
FT 385 268475.017844713 125 120 0 0.0119549201
FT 386 268475.051181213 120 114 0 0.0183679296
FT 387 268475.084517588 114 112 0 0.0132510285
SW 387 268475.084517588 1 141 167 8 0
FT 388 268475.117854088 126 121 0 0.0123370744
FT 389 268475.151190546 121 112 0 0.0184329838
FT 390 268475.184527005 112 107 0 0.016715669
SW 390 268475.184527005 1 134 155 7 0
FT 391 268475.217863380 128 126 0 0.0117201015
FT 392 268475.251199838 126 120 0 0.0187055911
FT 393 268475.284536255 120 110 0 0.0280093973
SW 393 268475.284536255 1 138 154 6 0
FT 394 268475.317872755 117 106 0 0.0313154699
FT 395 268475.351209255 106 100 0 0.0228180392
FT 396 268475.384545671 100 96 0 0.0361937363
SW 396 268475.384545671 1 143 151 5 0
FT 397 268475.417881963 113 99 0 0.0326902722
FT 398 268475.451218463 99 99 0 0.0225976757
FT 399 268475.484554963 99 98 0 0.0177056773
SW 399 268475.484554963 1 147 161 4 0
FT 400 268475.517891338 118 107 0 0.022673259
FT 401 268475.551227796 107 105 0 0.0154504757
FT 402 268475.584564338 105 102 0 0.0201017143
SW 402 268475.584564338 1 149 164 4 0
FT 403 268475.617900588 120 113 0 0.0325888674
FT 404 268475.651237213 113 110 0 0.018903731
FT 405 268475.684573588 110 109 0 0.0160593821
SW 405 268475.684573588 1 151 166 5 0
FT 406 268475.717910046 129 126 0 0.0116769351
FT 407 268475.751246463 126 121 0 0.0227799955
FT 408 268475.784582921 121 117 0 0.0131372066
SW 408 268475.784582921 1 147 173 5 0
FT 409 268475.817919380 129 127 0 0.0090520736
FT 410 268475.851255838 127 127 0 0.0132830184
FT 411 268475.884592213 127 123 0 0.0150010237
SW 411 268475.884592213 1 147 163 5 0
FT 412 268475.917928671 135 130 0 0.00985380373
FT 413 268475.951265171 130 128 0 0.00650618319
FT 414 268475.984601546 128 126 0 0.00728474618
SW 414 268475.984601546 1 148 162 5 0
FT 415 268476.017938046 134 132 0 0.00534042119
FT 416 268476.051274505 132 126 0 0.00873903673
FT 417 268476.084610838 126 125 0 0.00576061882
SW 417 268476.084610838 1 146 157 5 0
FT 418 268476.117947380 140 135 0 0.0107917372
FT 419 268476.151283796 135 132 1 0.0134583708
FT 420 268476.184620130 132 126 0 0.0188948404
SW 420 268476.184620130 1 142 157 6 0
FT 421 268476.217956671 131 129 1 0.0193785655
FT 422 268476.251293088 129 128 1 0.0117257782
FT 423 268476.284629505 128 124 1 0.012999862
SW 423 268476.284629505 0 142 0 0 0
FT 424 268476.317965963 133 129 0 0.0198909267
FT 425 268476.351302421 129 126 0 0.0149764437
FT 426 268476.384638838 126 126 1 0.0161726693
SW 426 268476.384638838 0 142 0 0 0
FT 427 268476.417975338 145 134 0 0.019336344
FT 428 268476.451311713 134 127 1 0.0233900959
FT 429 268476.484648213 127 127 1 0.0155221855
SW 429 268476.484648213 0 142 0 0 0
FT 430 268476.517984546 138 138 0 0.0175418941
FT 431 268476.551320963 138 131 0 0.0209751353
FT 432 268476.584657463 131 124 0 0.0212035494
SW 432 268476.584657463 1 150 168 6 0
FT 433 268476.617993796 140 135 0 0.0119017879
FT 434 268476.651330338 135 133 0 0.0132847759
FT 435 268476.684666796 133 127 0 0.0165564756
SW 435 268476.684666796 1 148 166 13 0
FT 436 268476.718003255 139 132 0 0.0172454437
FT 437 268476.751339588 132 122 0 0.0158695925
FT 438 268476.784676171 122 121 0 0.0129790472
SW 438 268476.784676171 1 150 169 14 0
FT 439 268476.818012463 132 127 0 0.00615332126
FT 440 268476.851349005 127 119 0 0.0178186406
FT 441 268476.884685463 119 109 0 0.0201733338
SW 441 268476.884685463 1 138 169 17 0
FT 442 268476.918021796 120 96 0 0.0326081689
FT 443 268476.951358255 96 92 0 0.0325820995
FT 444 268476.984694713 92 90 0 0.0145208121
SW 444 268476.984694713 1 143 157 6 0
FT 445 268477.018031130 127 109 0 0.0443311159
FT 446 268477.051367671 109 101 0 0.0425212804
FT 447 268477.084704088 101 100 0 0.0203857239
SW 447 268477.084704088 1 158 169 4 0
FT 448 268477.118040505 124 114 0 0.0314146538
FT 449 268477.151376838 114 106 0 0.023204756
FT 450 268477.184713338 106 102 0 0.0269249622
SW 450 268477.184713338 1 157 176 5 0
FT 451 268477.218049755 130 127 0 0.0158155037
FT 452 268477.251386213 127 126 0 0.0121001566
FT 453 268477.284722713 126 126 0 0.0115932272
SW 453 268477.284722713 1 165 187 5 0
FT 454 268477.318059046 132 126 0 0.0151936546
FT 455 268477.351395505 126 120 0 0.0159845612
FT 456 268477.384732005 120 118 0 0.0206591007
SW 456 268477.384732005 1 149 175 5 0
FT 457 268477.418068338 138 138 0 0.00811478789
FT 458 268477.451404880 138 117 0 0.0247854722
FT 459 268477.484741296 117 104 0 0.030509759
SW 459 268477.484741296 1 149 161 2 0
FT 460 268477.518077755 143 143 0 0.018304184
FT 461 268477.551414088 143 140 0 0.0192739819
FT 462 268477.584750546 140 119 0 0.0328775057
SW 462 268477.584750546 1 157 172 3 0
FT 463 268477.618087046 140 128 0 0.0282149287
FT 464 268477.651423380 128 125 0 0.0181138353
FT 465 268477.684759796 125 119 0 0.0191977106
SW 465 268477.684759796 1 171 175 3 0
FT 466 268477.718096296 146 135 0 0.0271651287
FT 467 268477.751432755 135 131 0 0.0166408567
FT 468 268477.784769213 131 130 0 0.0158643999
SW 468 268477.784769213 1 176 192 3 0
FT 469 268477.818105630 164 156 0 0.0217146638
FT 470 268477.851441963 156 147 0 0.0205963384
FT 471 268477.884778463 147 127 0 0.0187784495
SW 471 268477.884778463 1 174 198 3 0
FT 472 268477.918114880 162 142 0 0.0299166528
FT 473 268477.951451380 142 121 0 0.0208100462
FT 474 268477.984787880 121 92 0 0.031822051
SW 474 268477.984787880 1 177 185 2 0
FT 475 268478.018124171 151 101 0 0.0475706417
FT 476 268478.051460671 101 75 0 0.0323557122
FT 477 268478.084797088 75 71 0 0.0208321208
SW 477 268478.084797088 1 174 191 2 0
FT 478 268478.118133505 134 118 0 0.0181320477
FT 479 268478.151469880 118 107 0 0.0211030755
FT 480 268478.184806421 107 98 0 0.0227261243
SW 480 268478.184806421 1 202 212 3 0
FT 481 268478.218142671 147 132 0 0.0203451653
FT 482 268478.251479213 132 116 0 0.0174085531
FT 483 268478.284815630 116 111 0 0.0194696896
SW 483 268478.284815630 1 212 237 3 0
FT 484 268478.318152130 140 130 0 0.0188138891
FT 485 268478.351488421 130 120 0 0.0107356867
FT 486 268478.384825005 120 111 0 0.0070796629
SW 486 268478.384825005 1 184 230 3 0
FT 487 268478.418161421 139 134 0 0.00245582818
FT 488 268478.451497796 134 128 0 0.00808246397
FT 489 268478.484834296 128 123 0 0.0093992464
SW 489 268478.484834296 1 175 210 2 0
FT 490 268478.518170671 142 131 0 0.00596954586
FT 491 268478.551507171 131 120 0 0.0117646661
FT 492 268478.584843630 120 114 0 0.0087455468
SW 492 268478.584843630 1 178 189 2 0
FT 493 268478.618180046 138 133 0 0.0059413569
FT 494 268478.651516421 133 125 0 0.0134995119
FT 495 268478.684852880 125 118 0 0.0127785236
SW 495 268478.684852880 1 174 195 2 0
FT 496 268478.718189213 141 120 0 0.0144265852
FT 497 268478.751525755 120 105 0 0.0285405961
FT 498 268478.784862046 105 100 0 0.0184554002
SW 498 268478.784862046 1 169 187 3 0
FT 499 268478.818198546 130 108 0 0.0318823097
FT 500 268478.851535005 108 104 0 0.0141428354
FT 501 268478.884871463 104 100 0 0.00355150489
SW 501 268478.884871463 1 178 193 4 0
FT 502 268478.918207796 129 117 0 0.00306511054
FT 503 268478.951544255 117 112 0 0.00541159539
FT 504 268478.984880671 112 104 0 0.0145636921
SW 504 268478.984880671 1 174 203 8 0
FT 505 268479.018217171 132 128 0 0.0211564452
FT 506 268479.051553588 128 117 0 0.0256424026
FT 507 268479.084889921 117 110 0 0.029754681
SW 507 268479.084889921 1 181 200 8 0
FT 508 268479.118226380 131 127 0 0.0179840704
FT 509 268479.151562838 127 124 0 0.0122854028
FT 510 268479.184899296 124 121 0 0.0176591259
SW 510 268479.184899296 1 166 207 12 0
FT 511 268479.218235671 134 133 0 0.0136346297
FT 512 268479.251572171 133 129 0 0.0121986624
FT 513 268479.284908546 129 125 0 0.00631112552
SW 513 268479.284908546 1 156 188 11 0
FT 514 268479.318245005 139 134 0 0.0037335488
FT 515 268479.351581421 134 129 0 0.00848298809
FT 516 268479.384917838 129 125 0 0.00566340739
SW 516 268479.384917838 1 150 176 9 0
FT 517 268479.418254171 144 143 0 0.00324906663
FT 518 268479.451590713 143 139 0 0.00970444964
FT 519 268479.484927088 139 130 0 0.0174122179
SW 519 268479.484927088 1 155 175 8 0
FT 520 268479.518263463 140 136 0 0.0180061899
FT 521 268479.551599921 136 132 0 0.0119492631
FT 522 268479.584936380 132 126 0 0.0104425446
SW 522 268479.584936380 1 157 169 5 0
FT 523 268479.618272755 146 138 0 0.00482493385
FT 524 268479.651609171 138 133 0 0.0129786358
FT 525 268479.684945713 133 128 0 0.0139373974
SW 525 268479.684945713 1 168 179 5 0
FT 526 268479.718282046 152 135 0 0.0236469002
FT 527 268479.751618588 135 129 0 0.0221950082
FT 528 268479.784955005 129 122 0 0.0181597106
SW 528 268479.784955005 1 174 190 7 0
FT 529 268479.818291338 153 141 0 0.0195606794
FT 530 268479.851627796 141 129 0 0.0159603001
FT 531 268479.884964171 129 127 0 0.00474747315
SW 531 268479.884964171 1 186 203 6 0
FT 532 268479.918300588 158 144 0 0.0245510449
FT 533 268479.951637046 144 141 0 0.012708709
FT 534 268479.984973421 141 138 1 0.0122466946
SW 534 268479.984973421 0 186 0 0 0
FT 535 268480.018309880 156 154 0 0.01425471
FT 536 268480.051646338 154 153 0 0.0151471612
FT 537 268480.084982796 153 148 0 0.0220363244
SW 537 268480.084982796 1 185 217 8 0
FT 538 268480.118319213 160 133 0 0.030934772
FT 539 268480.151655588 133 108 0 0.0505786962
FT 540 268480.184992005 108 90 0 0.0597418135
SW 540 268480.184992005 1 165 195 7 0
FT 541 268480.218328463 132 97 0 0.0567271264
FT 542 268480.251664838 97 87 0 0.0587197496
FT 543 268480.285001380 87 79 0 0.0587598941
SW 543 268480.285001380 1 163 187 7 0
FT 544 268480.318337671 129 125 0 0.0408695771
FT 545 268480.351674171 125 117 0 0.0150956857
FT 546 268480.385010546 117 114 0 0.0173069694
SW 546 268480.385010546 1 199 208 6 0
FT 547 268480.418346963 123 118 0 0.0138157088
FT 548 268480.451683421 118 114 0 0.0129737961
FT 549 268480.485019796 114 110 0 0.0191066211
SW 549 268480.485019796 1 205 212 6 0
FT 550 268480.518356213 131 123 0 0.0186235113
FT 551 268480.551692671 123 110 0 0.0248244497
FT 552 268480.585029130 110 107 0 0.0105249509
SW 552 268480.585029130 1 156 222 5 0
FT 553 268480.618365505 132 115 0 0.0221373057
FT 554 268480.651701921 115 101 0 0.0322489217
FT 555 268480.685038338 101 97 0 0.0254453768
SW 555 268480.685038338 1 144 177 7 0
FT 556 268480.718374796 118 113 0 0.0246553458
FT 557 268480.751711171 113 102 0 0.0233737586
FT 558 268480.785047588 102 97 0 0.0187567453
SW 558 268480.785047588 1 158 166 5 0
FT 559 268480.818384046 129 124 0 0.014777302
FT 560 268480.851720463 124 113 0 0.0344535625
FT 561 268480.885056921 113 105 0 0.0156246496
SW 561 268480.885056921 1 169 183 3 0
FT 562 268480.918393380 132 129 0 0.023048285
FT 563 268480.951729796 129 119 0 0.0284455629
FT 564 268480.985066171 119 106 0 0.0510962094
SW 564 268480.985066171 1 169 187 4 0
FT 565 268481.018402630 131 120 0 0.0415759828
FT 566 268481.051739046 120 116 0 0.0304196836
FT 567 268481.085075463 116 108 0 0.0276330349
SW 567 268481.085075463 1 161 192 5 0
FT 568 268481.118411880 129 114 0 0.0335246357
FT 569 268481.151748338 114 106 0 0.0238060053
FT 570 268481.185084755 106 100 0 0.0151481615
SW 570 268481.185084755 1 153 177 9 0
FT 571 268481.218421171 124 117 0 0.0204936779
FT 572 268481.251757505 117 108 0 0.017599621
FT 573 268481.285094005 108 106 0 0.0170119779
SW 573 268481.285094005 1 153 178 13 0
FT 574 268481.318430380 147 140 0 0.0194755055
FT 575 268481.351766838 140 134 0 0.0242692451
FT 576 268481.385103296 134 128 0 0.0244195343
SW 576 268481.385103296 1 173 199 12 0
FT 577 268481.418439630 155 141 0 0.0262667655
FT 578 268481.451776130 141 131 0 0.0196026796
FT 579 268481.485112588 131 127 0 0.0179842502
SW 579 268481.485112588 1 177 204 10 0
FT 580 268481.518448921 148 135 0 0.0200458727
FT 581 268481.551785421 135 124 0 0.0160059708
FT 582 268481.585121880 124 122 0 0.0179066061
SW 582 268481.585121880 1 174 202 9 0
FT 583 268481.618458296 148 141 0 0.0183981978
FT 584 268481.651794713 141 131 0 0.0151112419
FT 585 268481.685131005 131 120 0 0.0168959253
SW 585 268481.685131005 1 190 204 4 0
FT 586 268481.718467546 157 140 0 0.0157196207
FT 587 268481.751804046 140 133 0 0.00805983232
FT 588 268481.785140338 133 129 0 0.0031847084
SW 588 268481.785140338 1 202 218 5 0
FT 589 268481.818476838 160 152 0 0.00832480364
FT 590 268481.851813296 152 147 0 0.00965716977
FT 591 268481.885149755 147 144 0 0.012165063
SW 591 268481.885149755 1 207 233 6 0
FT 592 268481.918486255 158 155 0 0.0130969
FT 593 268481.951822671 155 150 0 0.0144196482
FT 594 268481.985159046 150 145 0 0.0110118167
SW 594 268481.985159046 1 198 223 5 0
FT 595 268482.018495630 164 151 0 0.0100720251
FT 596 268482.051831963 151 140 0 0.0106678216
FT 597 268482.085168380 140 133 0 0.0117515954
SW 597 268482.085168380 1 192 218 3 0
FT 598 268482.118504755 156 153 0 0.00842069606
FT 599 268482.151841255 153 143 0 0.0264492289
FT 600 268482.185177755 143 137 0 0.0360943755
SW 600 268482.185177755 1 192 211 4 0
FT 601 268482.218514088 154 144 0 0.0286879087
FT 602 268482.251850588 144 140 0 0.0171125979
FT 603 268482.285186963 140 133 0 0.0142459635
SW 603 268482.285186963 1 196 209 2 0
FT 604 268482.318523380 153 145 0 0.00609607528
FT 605 268482.351859880 145 136 0 0.00356503477
FT 606 268482.385196255 136 132 0 0.00466787751
SW 606 268482.385196255 1 203 213 1 0
FT 607 268482.418532713 155 150 0 0.00436322342
FT 608 268482.451869171 150 144 0 0.00879967834
FT 609 268482.485205546 144 138 0 0.0141570992
SW 609 268482.485205546 1 192 220 1 0
FT 610 268482.518541880 157 153 0 0.0155476619
FT 611 268482.551878296 153 138 0 0.0133666556
FT 612 268482.585214838 138 126 0 0.0123821296
SW 612 268482.585214838 1 188 202 2 0
FT 613 268482.618551213 154 144 0 0.0090384931
FT 614 268482.651887755 144 134 0 0.0188662869
FT 615 268482.685224005 134 125 0 0.033759004
SW 615 268482.685224005 1 187 207 3 0
FT 616 268482.718560546 157 142 0 0.0336219486
FT 617 268482.751896838 142 132 0 0.0214245958
FT 618 268482.785233213 132 123 0 0.0195089555
SW 618 268482.785233213 1 187 208 5 0
FT 619 268482.818569713 154 150 0 0.019995356
FT 620 268482.851906005 150 138 0 0.0188495894
FT 621 268482.885242505 138 131 0 0.017093526
SW 621 268482.885242505 1 200 215 5 0
FT 622 268482.918578796 164 157 0 0.0214386682
FT 623 268482.951915130 157 144 0 0.0338559768
FT 624 268482.985251671 144 138 0 0.0273260567
SW 624 268482.985251671 1 201 228 6 0
FT 625 268483.018588046 160 148 0 0.0312818132
FT 626 268483.051924380 148 134 0 0.029739378
FT 627 268483.085260880 134 128 0 0.0286205292
SW 627 268483.085260880 1 196 221 7 0
FT 628 268483.118597213 165 147 0 0.0322214628
FT 629 268483.151933630 147 131 0 0.0363436225
FT 630 268483.185270005 131 123 0 0.0357023944
SW 630 268483.185270005 1 199 226 7 0
FT 631 268483.218606463 152 144 0 0.0346795707
FT 632 268483.251942713 144 130 0 0.034888615
FT 633 268483.285279255 130 121 0 0.0285990294
SW 633 268483.285279255 1 204 226 7 0
FT 634 268483.318615463 150 147 0 0.0166416996
FT 635 268483.351951880 147 130 0 0.0107140855
FT 636 268483.385288296 130 123 0 0.0115161199
SW 636 268483.385288296 1 211 234 7 0
FT 637 268483.418624713 160 155 0 0.0141383526
FT 638 268483.451961171 155 144 0 0.0178551464
FT 639 268483.485297546 144 132 0 0.01966399
SW 639 268483.485297546 1 206 244 14 0
FT 640 268483.518633921 154 144 0 0.0130292563
FT 641 268483.551970255 144 138 0 0.00695943713
FT 642 268483.585306588 138 134 0 0.0101597586
SW 642 268483.585306588 1 198 238 12 0
FT 643 268483.618643005 157 146 0 0.0117176926
FT 644 268483.651979463 146 135 0 0.0164931837
FT 645 268483.685315755 135 127 0 0.00984393368
SW 645 268483.685315755 1 199 229 8 0
FT 646 268483.718652213 164 162 0 0.00372194943
FT 647 268483.751988505 162 153 0 0.00629211494
FT 648 268483.785324921 153 148 0 0.00531952587
SW 648 268483.785324921 1 208 237 8 0
FT 649 268483.818661296 160 159 0 0.00552862109
FT 650 268483.851997630 159 154 0 0.00865863301
FT 651 268483.885334130 154 148 0 0.0103367399
SW 651 268483.885334130 1 205 228 6 0
FT 652 268483.918670505 165 156 0 0.0102559506
FT 653 268483.952006838 156 147 0 0.0101365375
FT 654 268483.985343255 147 142 0 0.00519629045
SW 654 268483.985343255 1 205 224 3 0
FT 655 268484.018679588 166 157 0 0.0117410084
FT 656 268484.052016046 157 141 0 0.0207591839
FT 657 268484.085352380 141 118 0 0.0246433265
SW 657 268484.085352380 1 190 218 2 0
FT 658 268484.118688713 160 136 0 0.0275873101
FT 659 268484.152025088 136 122 0 0.0252300767
FT 660 268484.185361588 122 110 0 0.0168617809
SW 660 268484.185361588 1 202 213 2 0
FT 661 268484.218697880 157 143 0 0.0170435118
FT 662 268484.252034213 143 135 0 0.0125579848
FT 663 268484.285370713 135 128 0 0.00623655109
SW 663 268484.285370713 1 228 242 2 0
FT 664 268484.318707088 160 139 0 0.0230922866
FT 665 268484.352043546 139 124 0 0.0283358378
FT 666 268484.385379713 124 114 0 0.012637418
SW 666 268484.385379713 1 230 251 2 0
FT 667 268484.418716130 164 151 0 0.00586271068
FT 668 268484.452052463 151 141 0 0.0174409859
FT 669 268484.485388838 141 129 0 0.013358558
SW 669 268484.485388838 1 225 262 3 0
FT 670 268484.518725296 162 144 0 0.0138180426
FT 671 268484.552061671 144 131 0 0.0174799058
FT 672 268484.585398005 131 104 0 0.0194270001
SW 672 268484.585398005 1 214 247 4 0
FT 673 268484.618734421 166 126 0 0.0297284686
FT 674 268484.652070755 126 102 0 0.0207780609
FT 675 268484.685407213 102 84 0 0.0169564788
SW 675 268484.685407213 1 215 242 7 0
FT 676 268484.718743546 161 118 0 0.0174363577
FT 677 268484.752080005 118 102 0 0.0195259145
FT 678 268484.785416380 102 95 0 0.026343385
SW 678 268484.785416380 1 224 261 2 0
FT 679 268484.818752755 157 139 0 0.0186148546
FT 680 268484.852089046 139 120 0 0.0123460018
FT 681 268484.885425421 120 112 0 0.00761259383
SW 681 268484.885425421 1 248 265 2 0
FT 682 268484.918761838 150 130 0 0.00969366273
FT 683 268484.952098171 130 115 0 0.0207524703
FT 684 268484.985434588 115 101 0 0.0255214813
SW 684 268484.985434588 1 220 267 3 0
FT 685 268485.018770880 147 131 0 0.0190366224
FT 686 268485.052107296 131 115 0 0.0244250939
FT 687 268485.085443713 115 95 0 0.0252116095
SW 687 268485.085443713 1 200 247 3 0
FT 688 268485.118780088 137 106 0 0.0229666742
FT 689 268485.152116380 106 84 0 0.023807297
FT 690 268485.185452921 84 70 0 0.0230298631
SW 690 268485.185452921 1 186 216 2 0
FT 691 268485.218789296 127 87 0 0.0225600879
FT 692 268485.252125505 87 74 0 0.02571965
FT 693 268485.285461880 74 63 0 0.0186986409
SW 693 268485.285461880 1 179 205 4 0
FT 694 268485.318798255 112 75 0 0.0145979663
FT 695 268485.352134713 75 57 0 0.0249419623
FT 696 268485.385471088 57 34 0 0.020395845
SW 696 268485.385471088 1 152 185 5 0
FT 697 268485.418807421 81 52 0 0.0149009575
FT 698 268485.452143755 52 40 0 0.0285707287
FT 699 268485.485480171 40 32 0 0.027711703
SW 699 268485.485480171 1 133 168 5 0
FT 700 268485.518816546 57 42 0 0.0266628832
FT 701 268485.552152921 42 28 0 0.0213702317
FT 702 268485.585489255 28 21 0 0.0161304165
SW 702 268485.585489255 1 102 144 4 0
FT 703 268485.618825755 33 21 0 0.025532398
FT 704 268485.652161963 21 17 0 0.0309345445
FT 705 268485.685498338 17 16 0 0.0241073699
SW 705 268485.685498338 1 82 109 3 0
FT 706 268485.718834796 24 22 0 0.0203059139
FT 707 268485.752171255 22 20 0 0.021441231
FT 708 268485.785507546 20 17 0 0.0238770885
SW 708 268485.785507546 1 57 90 2 0
FT 709 268485.818844005 28 22 0 0.0224217847
FT 710 268485.852180338 22 21 0 0.0134147913
FT 711 268485.885516671 21 20 0 0.0123581341
SW 711 268485.885516671 1 48 64 3 0
FT 712 268485.918853130 33 31 0 0.0219932089
FT 713 268485.952189380 31 30 0 0.0256322676
FT 714 268485.985525880 30 29 0 0.023269884
SW 714 268485.985525880 1 40 60 3 0
FT 715 268486.018862213 52 52 0 0.0191244606
FT 716 268486.052198505 52 51 0 0.0134086682
FT 717 268486.085534838 51 50 0 0.0197332771
SW 717 268486.085534838 1 53 64 3 0
FT 718 268486.118871255 63 52 0 0.0249913431
FT 719 268486.152207588 52 49 0 0.0194662523
FT 720 268486.185543963 49 45 0 0.0219581307
SW 720 268486.185543963 1 53 62 5 0
FT 721 268486.218880421 63 51 0 0.0306408062
FT 722 268486.252216755 51 41 0 0.0376495453
FT 723 268486.285553130 41 38 0 0.0279169794
SW 723 268486.285553130 1 62 69 5 0
FT 724 268486.318889505 75 71 0 0.0187910283
FT 725 268486.352225880 71 67 0 0.0176444139
FT 726 268486.385562296 67 65 0 0.0147367616
SW 726 268486.385562296 1 88 95 7 0
FT 727 268486.418898630 79 77 0 0.0176190297
FT 728 268486.452235005 77 76 0 0.0235351573
FT 729 268486.485571380 76 73 0 0.0228936835
SW 729 268486.485571380 1 98 106 8 0
FT 730 268486.518907713 86 81 0 0.0223841461
FT 731 268486.552244088 81 77 0 0.0264734657
FT 732 268486.585580338 77 70 0 0.0196311256
SW 732 268486.585580338 1 93 114 10 0
FT 733 268486.618916838 90 85 0 0.00886239821
FT 734 268486.652253213 85 84 0 0.00436772221
FT 735 268486.685589505 84 80 0 0.010026019
SW 735 268486.685589505 1 88 116 10 0
FT 736 268486.718925838 103 95 0 0.0133388798
FT 737 268486.752262255 95 81 0 0.0103548078
FT 738 268486.785598588 81 65 0 0.0222790135
SW 738 268486.785598588 1 98 109 10 0
FT 739 268486.818934963 87 72 0 0.0232030814
FT 740 268486.852271380 72 54 0 0.0124078668
FT 741 268486.885607671 54 42 0 0.0278401212
SW 741 268486.885607671 1 100 112 9 0
FT 742 268486.918944046 97 57 0 0.0291632317
FT 743 268486.952280463 57 35 0 0.0231513524
FT 744 268486.985616838 35 30 0 0.0258287923
SW 744 268486.985616838 1 94 119 14 0
FT 745 268487.018953213 59 54 0 0.0317093199
FT 746 268487.052289630 54 51 0 0.0190161554
FT 747 268487.085625963 51 46 0 0.016566046
SW 747 268487.085625963 1 115 128 10 0
FT 748 268487.118962213 75 69 0 0.014231294
FT 749 268487.152298630 69 66 0 0.0184836598
FT 750 268487.185635005 66 63 0 0.0191251998
SW 750 268487.185635005 1 108 146 12 0
FT 751 268487.218971380 71 70 0 0.0134834308
FT 752 268487.252307755 70 64 0 0.0187030436
FT 753 268487.285644130 64 57 0 0.0155088689
SW 753 268487.285644130 1 89 126 10 0
FT 754 268487.318980463 70 60 0 0.0249315456
FT 755 268487.352316880 60 53 0 0.0305697311
FT 756 268487.385653255 53 50 0 0.0339815484
SW 756 268487.385653255 1 73 104 9 0
FT 757 268487.418989588 81 63 0 0.0244083371
FT 758 268487.452325921 63 38 0 0.027594686
FT 759 268487.485662255 38 26 0 0.0189336689
SW 759 268487.485662255 1 79 90 7 0
FT 760 268487.518998671 105 54 0 0.0217428474
FT 761 268487.552335046 54 22 0 0.0145058604
FT 762 268487.585671380 22 8 0 0.0193979946
SW 762 268487.585671380 1 81 90 5 0
FT 763 268487.619007713 119 38 0 0.0379805173
FT 764 268487.652344171 38 23 0 0.0155139225
FT 765 268487.685680421 23 16 0 0.0422203253
SW 765 268487.685680421 1 76 101 13 0
FT 766 268487.719016755 124 75 0 0.0603385872
FT 767 268487.752353171 75 54 0 0.0363259839
FT 768 268487.785689505 54 37 0 0.0266561631
SW 768 268487.785689505 1 71 118 35 0
FT 769 268487.819025880 132 105 0 0.0383680419
FT 770 268487.852362171 105 75 0 0.0205065047
FT 771 268487.885698630 75 65 0 0.0143992729
SW 771 268487.885698630 1 37 148 79 0
FT 772 268487.919034963 151 100 0 0.00966119412
FT 773 268487.952371421 100 82 0 0.0220257347
FT 774 268487.985707713 82 72 0 0.0196218495
SW 774 268487.985707713 1 41 150 87 0
FT 775 268488.019044130 138 123 0 0.0280695359
FT 776 268488.052380380 123 106 0 0.0221698709
FT 777 268488.085716796 106 96 0 0.0223305603
SW 777 268488.085716796 1 59 170 104 0
FT 778 268488.119053171 143 133 0 0.0217342713
FT 779 268488.152389588 133 112 0 0.0357956842
FT 780 268488.185725838 112 98 0 0.0542043172
SW 780 268488.185725838 1 86 194 100 0
FT 781 268488.219062380 148 126 0 0.0525094553
FT 782 268488.252398671 126 111 0 0.0454373861
FT 783 268488.285735005 111 104 0 0.0259912104
SW 783 268488.285735005 1 134 213 65 0
FT 784 268488.319071338 146 118 0 0.026627921
FT 785 268488.352407713 118 107 0 0.0279023889
FT 786 268488.385744130 107 104 0 0.019195193
SW 786 268488.385744130 1 167 217 23 0
FT 787 268488.419080421 147 136 0 0.0163518601
FT 788 268488.452416796 136 132 0 0.0188685051
FT 789 268488.485753213 132 124 0 0.0234643482
SW 789 268488.485753213 1 192 218 8 0
FT 790 268488.519089546 154 148 0 0.0240029815
FT 791 268488.552425838 148 135 0 0.0320853621
FT 792 268488.585762255 135 134 0 0.0249189339
SW 792 268488.585762255 1 184 219 6 0
FT 793 268488.619098588 156 146 0 0.0298960791
FT 794 268488.652434963 146 136 0 0.0287439007
FT 795 268488.685771338 136 126 0 0.0263551814
SW 795 268488.685771338 1 178 204 5 0
FT 796 268488.719107713 155 153 0 0.0221113961
FT 797 268488.752444046 153 143 0 0.018086112
FT 798 268488.785780463 143 134 0 0.0208607788
SW 798 268488.785780463 1 181 203 4 0
FT 799 268488.819116755 158 151 0 0.0186506961
FT 800 268488.852453046 151 139 0 0.0145819918
FT 801 268488.885789546 139 127 0 0.0207416072
SW 801 268488.885789546 1 188 201 5 0
FT 802 268488.919125755 152 145 0 0.0210481053
FT 803 268488.952462255 145 134 0 0.0254729107
FT 804 268488.985798546 134 129 0 0.0250734204
SW 804 268488.985798546 1 196 210 5 0
FT 805 268489.019134880 149 141 0 0.0208286115
FT 806 268489.052471255 141 128 0 0.0231462117
FT 807 268489.085807546 128 124 0 0.0200987393
SW 807 268489.085807546 1 189 215 4 0
FT 808 268489.119144005 152 141 0 0.0155130669
FT 809 268489.152480255 141 128 0 0.00791216404
FT 810 268489.185816671 128 114 0 0.0123640551
SW 810 268489.185816671 1 196 211 3 0
FT 811 268489.219153046 149 142 0 0.0110717976
FT 812 268489.252489463 142 129 0 0.0163451975
FT 813 268489.285825796 129 123 0 0.0153524939
SW 813 268489.285825796 1 200 225 2 0
FT 814 268489.319162088 146 135 0 0.0114170612
FT 815 268489.352498463 135 131 0 0.013984839
FT 816 268489.385834838 131 121 0 0.0276800791
SW 816 268489.385834838 1 201 218 2 0
FT 817 268489.419171213 146 129 0 0.0331343369
FT 818 268489.452507463 129 121 0 0.0365479179
FT 819 268489.485843963 121 114 0 0.0164998453
SW 819 268489.485843963 1 197 219 3 0
FT 820 268489.519180296 137 115 0 0.0171043046
FT 821 268489.552516588 115 98 0 0.010159248
FT 822 268489.585853046 98 90 0 0.00926676226
SW 822 268489.585853046 1 178 209 3 0
FT 823 268489.619189296 126 117 0 0.00866707081
FT 824 268489.652525671 117 109 0 0.00802309338
FT 825 268489.685862088 109 103 0 0.0076220617
SW 825 268489.685862088 1 180 203 6 0
FT 826 268489.719198338 133 121 0 0.0104511319
FT 827 268489.752534838 121 112 0 0.0120453375
FT 828 268489.785871130 112 107 0 0.0133877407
SW 828 268489.785871130 1 180 205 7 0
FT 829 268489.819207505 121 113 0 0.0153250782
FT 830 268489.852543880 113 110 0 0.0210263985
FT 831 268489.885880171 110 104 0 0.0253795823
SW 831 268489.885880171 1 165 196 8 0
FT 832 268489.919216588 124 116 0 0.0321642098
FT 833 268489.952552880 116 110 0 0.0289201974
FT 834 268489.985889296 110 108 0 0.0211952244
SW 834 268489.985889296 1 147 189 9 0
FT 835 268490.019225671 130 126 0 0.0167249827
FT 836 268490.052561921 126 116 0 0.0122078982
FT 837 268490.085898296 116 109 0 0.0120876651
SW 837 268490.085898296 1 153 168 6 0
FT 838 268490.119234713 130 118 0 0.0121993161
FT 839 268490.152571005 118 110 0 0.00873222452
FT 840 268490.185907421 110 102 0 0.00980865522
SW 840 268490.185907421 1 153 176 8 0
FT 841 268490.219243671 122 110 0 0.0127777063
FT 842 268490.252580046 110 101 0 0.0141644321
FT 843 268490.285916421 101 93 0 0.0201210851
SW 843 268490.285916421 1 158 176 6 0
FT 844 268490.319252796 117 106 0 0.0335577503
FT 845 268490.352589088 106 103 0 0.0341468019
FT 846 268490.385925505 103 94 0 0.0350351894
SW 846 268490.385925505 1 162 179 5 0
FT 847 268490.419261880 122 94 0 0.0234739283
FT 848 268490.452598296 94 77 0 0.0398745058
FT 849 268490.485934588 77 65 0 0.0199401802
SW 849 268490.485934588 1 155 173 7 0
FT 850 268490.519270963 109 86 0 0.0247696598
FT 851 268490.552607380 86 72 0 0.0260470194
FT 852 268490.585943630 72 72 0 0.0122682157
SW 852 268490.585943630 1 151 181 6 0
FT 853 268490.619279963 116 112 0 0.0109181993
FT 854 268490.652616380 112 100 0 0.0232610786
FT 855 268490.685952755 100 92 0 0.0405834279
SW 855 268490.685952755 1 154 183 5 0
FT 856 268490.719289088 120 118 0 0.0138723745
FT 857 268490.752625421 118 91 0 0.0223285435
FT 858 268490.785961713 91 77 0 0.0299191094
SW 858 268490.785961713 1 151 169 4 0
FT 859 268490.819298046 120 117 0 0.0102717199
FT 860 268490.852634421 117 109 0 0.0206009537
FT 861 268490.885970838 109 105 0 0.0232091162
SW 861 268490.885970838 1 152 190 3 0
FT 862 268490.919307130 117 115 0 0.0184508054
FT 863 268490.952643505 115 105 0 0.023338588
FT 864 268490.985979838 105 87 0 0.0455489749
SW 864 268490.985979838 1 143 159 4 0
FT 865 268491.019316255 114 113 0 0.00343180976
FT 866 268491.052652505 113 109 0 0.0202317596
FT 867 268491.085988921 109 109 0 0.0107259877
SW 867 268491.085988921 1 159 169 4 0
FT 868 268491.119325255 122 116 0 0.0123977677
FT 869 268491.152661630 116 115 0 0.0128027784
FT 870 268491.185997921 115 113 1 0.00473608251
SW 870 268491.185997921 0 159 0 0 0
FT 871 268491.219334296 126 125 0 0.00617769267
FT 872 268491.252670588 125 123 0 0.00540190327
FT 873 268491.286007005 123 119 0 0.0160745252
SW 873 268491.286007005 1 143 179 4 0
FT 874 268491.319343296 129 123 0 0.0216686348
FT 875 268491.352679671 123 121 0 0.0161230068
FT 876 268491.386016046 121 115 0 0.0130299561
SW 876 268491.386016046 1 128 153 3 0
FT 877 268491.419352380 126 117 0 0.0178464286
FT 878 268491.452688796 117 112 0 0.013821565
FT 879 268491.486025130 112 108 0 0.0100499829
SW 879 268491.486025130 1 133 137 4 0
FT 880 268491.519361505 121 119 0 0.0123160161
FT 881 268491.552697713 119 115 0 0.0132189344
FT 882 268491.586034088 115 110 0 0.0157183144
SW 882 268491.586034088 1 138 147 4 0
FT 883 268491.619370463 125 123 0 0.0108355192
FT 884 268491.652706880 123 118 0 0.00936829499
FT 885 268491.686043213 118 114 0 0.00657898259
SW 885 268491.686043213 1 147 154 5 0
FT 886 268491.719379630 126 116 0 0.0161574387
FT 887 268491.752715838 116 103 0 0.0215718845
FT 888 268491.786052296 103 68 0 0.0371291754
SW 888 268491.786052296 1 142 157 6 0
FT 889 268491.819388546 91 56 0 0.0551877505
FT 890 268491.852724921 56 39 0 0.0551588097
FT 891 268491.886061255 39 23 0 0.0611334535
SW 891 268491.886061255 1 131 151 7 0
FT 892 268491.919397588 82 48 0 0.0743152189
FT 893 268491.952733963 48 36 0 0.0730661537
FT 894 268491.986070338 36 29 0 0.0584946254
SW 894 268491.986070338 1 145 158 5 0
FT 895 268492.019406713 91 81 0 0.0186090306
FT 896 268492.052743046 81 79 0 0.00530000714
