FT 2 268539.985839463 153 152 1 0.00255667859
FT 3 268540.019175921 160 157 1 0.00338891373
FT 4 268540.052512546 163 161 1 0.00267470935
FT 5 268540.085849130 166 163 1 0.00289858507
FT 6 268540.119185546 163 163 1 0.00144445202
FT 7 268540.152522088 165 165 1 0.00230103609
FT 8 268540.185858713 167 164 1 0.0016596364
FT 9 268540.219195171 168 166 1 0.00161522768
FT 10 268540.252531755 170 168 0 0.00142901445
FT 11 268540.285868338 172 171 1 0.00175971028
FT 12 268540.319204755 173 172 1 0.00201304812
FT 13 268540.352541296 178 171 1 0.00760296816
FT 14 268540.385877880 174 167 0 0.00766747832
FT 15 268540.419214338 169 165 1 0.00887522141
FT 16 268540.452550921 169 168 1 0.00818357389
FT 17 268540.485887463 169 164 0 0.00634281804
FT 18 268540.519223963 168 166 0 0.00709853002
FT 19 268540.552560463 168 167 0 0.004889544
FT 20 268540.585896921 173 167 1 0.00536287086
FT 21 268540.619233546 172 164 0 0.00792889293
FT 22 268540.652570130 170 167 0 0.00991948507
FT 23 268540.685906546 172 169 0 0.00310283866
FT 24 268540.719243088 172 156 0 0.0199693417
FT 25 268540.752579671 163 150 0 0.0319950833
FT 26 268540.785916130 166 163 0 0.0146305356
FT 27 268540.819252713 170 160 0 0.012927766
FT 28 268540.852589296 167 164 0 0.00513420248
FT 29 268540.885925755 171 169 0 0.0078647962
FT 30 268540.919262338 175 169 0 0.0118718835
FT 31 268540.952598921 172 158 0 0.016108076
FT 32 268540.985935338 162 152 0 0.00990076789
FT 33 268541.019271880 159 155 0 0.0114667412
FT 34 268541.052608421 159 155 0 0.00508671643
FT 35 268541.085944921 161 156 0 0.00432052809
FT 36 268541.119281421 158 154 0 0.00775645282
INIT 268539.952503005 268541.119281421 8 0.233884774 7.70545575 0.338027379 6.05657275 -0.00356487057 -0.00516244431 0.00557746434 0 0 0
FT 37 268541.152618005 159 153 0 0.0129163803
FT 38 268541.185954505 153 151 1 0.00572057736
FT 39 268541.219291005 151 146 1 0.00590205157
SW 39 268541.219291005 0 221 0 0 0
FT 40 268541.252627505 152 148 1 0.0153706331
FT 41 268541.285964046 148 141 0 0.0148680615
FT 42 268541.319300588 141 130 1 0.0154285433
SW 42 268541.319300588 0 221 0 0 0
FT 43 268541.352637130 143 138 1 0.0237721061
FT 44 268541.385973588 138 135 1 0.0211678342
FT 45 268541.419310130 135 126 1 0.0147281105
SW 45 268541.419310130 0 221 0 0 0
FT 46 268541.452646630 135 133 1 0.0121804497
FT 47 268541.485983171 133 133 0 0.0116265502
FT 48 268541.519319588 133 133 1 0.00988110706
SW 48 268541.519319588 0 221 0 0 0
FT 49 268541.552656171 144 139 1 0.00897894312
FT 50 268541.585992630 139 136 0 0.0097050763
FT 51 268541.619329046 136 134 0 0.0102771851
SW 51 268541.619329046 1 165 252 31 0
FT 52 268541.652665588 140 139 0 0.00768590698
FT 53 268541.686002005 139 135 0 0.0102399802
FT 54 268541.719338588 135 134 0 0.00761293766
SW 54 268541.719338588 1 162 200 30 0
FT 55 268541.752675130 141 140 0 0.00953809588
FT 56 268541.786011588 140 134 0 0.010364396
FT 57 268541.819348005 134 131 0 0.00742094718
SW 57 268541.819348005 1 152 195 28 0
FT 58 268541.852684505 136 135 0 0.00574366918
FT 59 268541.886021005 135 133 0 0.00282036026
FT 60 268541.919357463 133 129 0 0.00903846437
SW 60 268541.919357463 1 119 184 28 0
FT 61 268541.952693880 147 142 1 0.00876565639
FT 62 268541.986030463 142 136 0 0.00787108122
FT 63 268542.019366880 136 134 0 0.0100874719
SW 63 268542.019366880 1 150 163 11 0
FT 64 268542.052703338 139 138 0 0.0140462786
FT 65 268542.086039880 138 131 0 0.0154846414
FT 66 268542.119376296 131 125 0 0.011516053
SW 66 268542.119376296 1 150 165 11 0
FT 67 268542.152712838 145 141 0 0.0103357892
FT 68 268542.186049338 141 139 0 0.010087168
FT 69 268542.219385796 139 136 0 0.0108683968
SW 69 268542.219385796 1 164 177 7 0
FT 70 268542.252722171 152 143 0 0.0069627182
FT 71 268542.286058671 143 140 0 0.00731052482
FT 72 268542.319395046 140 133 0 0.0227222989
SW 72 268542.319395046 1 167 183 10 0
FT 73 268542.352731671 145 136 0 0.0235976888
FT 74 268542.386068088 136 125 0 0.0109102121
FT 75 268542.419404505 125 116 0 0.00667635576
SW 75 268542.419404505 1 161 182 10 0
FT 76 268542.452740921 135 129 0 0.00537822249
FT 77 268542.486077421 129 119 0 0.0230352381
FT 78 268542.519413838 119 116 0 0.0210251243
SW 78 268542.519413838 1 155 180 12 0
FT 79 268542.552750380 138 126 0 0.00785151138
FT 80 268542.586086921 126 113 0 0.0131095082
FT 81 268542.619423296 113 111 0 0.00897036505
SW 81 268542.619423296 1 160 180 15 0
FT 82 268542.652759838 138 135 0 0.00829644924
FT 83 268542.686096338 135 126 0 0.0106022912
FT 84 268542.719432755 126 122 0 0.00719556477
SW 84 268542.719432755 1 163 195 17 0
FT 85 268542.752769130 149 144 0 0.00619921478
FT 86 268542.786105755 144 140 0 0.00745370783
FT 87 268542.819442088 140 138 0 0.00673680578
SW 87 268542.819442088 1 162 202 18 0
FT 88 268542.852778588 149 144 1 0.00390190482
FT 89 268542.886115046 144 139 0 0.00372264642
FT 90 268542.919451463 139 130 0 0.00933185326
SW 90 268542.919451463 1 158 187 20 0
FT 91 268542.952787921 141 124 0 0.0196130364
FT 92 268542.986124380 124 116 0 0.0238177554
FT 93 268543.019460921 116 111 0 0.010296301
SW 93 268543.019460921 1 150 185 17 0
FT 94 268543.052797255 139 138 0 0.0125558014
FT 95 268543.086133713 138 135 0 0.0146713532
FT 96 268543.119470213 135 131 0 0.00982915759
SW 96 268543.119470213 1 167 193 17 0
FT 97 268543.152806713 146 142 1 0.00800489239
FT 98 268543.186143130 142 141 0 0.00624159226
FT 99 268543.219479630 141 139 0 0.00738530082
SW 99 268543.219479630 1 180 197 11 0
FT 100 268543.252816088 148 142 0 0.00836700369
FT 101 268543.286152505 142 135 0 0.0111520309
FT 102 268543.319489005 135 125 0 0.0146353516
SW 102 268543.319489005 1 173 199 11 0
FT 103 268543.352825505 143 137 0 0.0162128686
FT 104 268543.386161838 137 126 0 0.0112223188
FT 105 268543.419498255 126 119 0 0.00673122549
SW 105 268543.419498255 1 157 196 13 0
FT 106 268543.452834713 130 119 0 0.0136407371
FT 107 268543.486171171 119 113 0 0.0152237706
FT 108 268543.519507713 113 104 0 0.0171245148
SW 108 268543.519507713 1 153 175 16 0
FT 109 268543.552844130 121 112 0 0.0228642024
FT 110 268543.586180546 112 110 0 0.00586991303
FT 111 268543.619517005 110 106 0 0.0224294001
SW 111 268543.619517005 1 159 181 17 0
FT 112 268543.652853505 123 112 0 0.0238391054
FT 113 268543.686189880 112 109 0 0.015024599
FT 114 268543.719526421 109 107 0 0.0199293132
SW 114 268543.719526421 1 143 187 22 0
FT 115 268543.752862838 131 121 0 0.021680856
FT 116 268543.786199338 121 117 0 0.0132719559
FT 117 268543.819535755 117 107 0 0.0239722481
SW 117 268543.819535755 1 139 181 24 0
FT 118 268543.852872213 123 113 0 0.0159669823
FT 119 268543.886208671 113 110 0 0.0131275831
FT 120 268543.919545005 110 108 0 0.0128754071
SW 120 268543.919545005 1 130 172 22 0
FT 121 268543.952881588 124 119 0 0.0165563174
FT 122 268543.986217880 119 113 0 0.0118870952
FT 123 268544.019554421 113 111 0 0.016865923
SW 123 268544.019554421 1 132 164 22 0
FT 124 268544.052890921 128 115 0 0.020774124
FT 125 268544.086227296 115 111 0 0.0103866855
FT 126 268544.119563755 111 107 0 0.0150785572
SW 126 268544.119563755 1 136 168 22 0
FT 127 268544.152900213 124 120 0 0.0120363245
FT 128 268544.186236671 120 117 0 0.0116646312
FT 129 268544.219573046 117 114 0 0.00733585509
SW 129 268544.219573046 1 138 172 18 0
FT 130 268544.252909505 129 122 0 0.00763223646
FT 131 268544.286246046 122 114 0 0.017944046
FT 132 268544.319582421 114 112 0 0.00556647973
SW 132 268544.319582421 1 140 165 17 0
FT 133 268544.352918921 125 122 0 0.0104696173
FT 134 268544.386255213 122 118 0 0.0198089211
FT 135 268544.419591713 118 117 0 0.00592334375
SW 135 268544.419591713 1 142 168 17 0
FT 136 268544.452928213 131 127 0 0.00725026957
FT 137 268544.486264671 127 122 0 0.00371245039
FT 138 268544.519601088 122 122 0 0.00130445947
SW 138 268544.519601088 1 137 171 16 0
FT 139 268544.552937546 131 127 0 0.00940994972
FT 140 268544.586273921 127 119 0 0.0155132647
FT 141 268544.619610380 119 119 0 0.00651770225
SW 141 268544.619610380 1 135 158 16 0
FT 142 268544.652946880 132 124 0 0.0134501581
FT 143 268544.686283255 124 120 0 0.0104453851
FT 144 268544.719619671 120 117 0 0.00429033511
SW 144 268544.719619671 1 133 160 16 0
FT 145 268544.752956255 129 124 0 0.00862342448
FT 146 268544.786292588 124 123 0 0.0150910694
FT 147 268544.819629130 123 123 0 0.00768097566
SW 147 268544.819629130 1 140 159 13 0
FT 148 268544.852965421 128 122 0 0.00963611758
FT 149 268544.886301921 122 120 0 0.0192104512
FT 150 268544.919638338 120 117 0 0.0103940755
SW 150 268544.919638338 1 137 157 13 0
FT 151 268544.952974796 124 123 0 0.0110703833
FT 152 268544.986311296 123 117 0 0.019364064
FT 153 268545.019647671 117 114 0 0.0169479551
SW 153 268545.019647671 1 132 155 15 0
FT 154 268545.052984088 125 123 0 0.0131779986
FT 155 268545.086320505 123 118 0 0.0131941214
FT 156 268545.119656963 118 116 0 0.0151585786
SW 156 268545.119656963 1 130 155 14 0
FT 157 268545.152993421 130 129 0 0.0132890385
FT 158 268545.186329755 129 122 0 0.0175615041
FT 159 268545.219666213 122 114 0 0.0254884031
SW 159 268545.219666213 1 133 152 15 0
FT 160 268545.253002671 128 121 0 0.0302303755
FT 161 268545.286339088 121 115 0 0.0328500312
FT 162 268545.319675588 115 112 0 0.0337609051
SW 162 268545.319675588 1 134 159 15 0
FT 163 268545.353011921 130 118 0 0.0267523618
FT 164 268545.386348421 118 114 0 0.0223348919
FT 165 268545.419684838 114 109 0 0.0186371953
SW 165 268545.419684838 1 138 162 16 0
FT 166 268545.453021213 128 125 0 0.0121522767
FT 167 268545.486357671 125 120 0 0.0167050112
FT 168 268545.519694088 120 119 0 0.0196590769
SW 168 268545.519694088 1 145 170 19 0
FT 169 268545.553030505 134 130 0 0.0154453048
FT 170 268545.586366921 130 128 0 0.0125781274
FT 171 268545.619703380 128 125 0 0.0166682505
SW 171 268545.619703380 1 144 174 20 0
FT 172 268545.653039838 139 136 0 0.0117877996
FT 173 268545.686376255 136 133 0 0.00771122958
FT 174 268545.719712671 133 128 0 0.0152285273
SW 174 268545.719712671 1 146 174 15 0
FT 175 268545.753049005 139 135 0 0.0215945475
FT 176 268545.786385421 135 131 0 0.0246378647
FT 177 268545.819721963 131 128 0 0.0337204184
SW 177 268545.819721963 1 143 170 11 0
FT 178 268545.853058338 143 142 0 0.0356647825
FT 179 268545.886394755 142 137 0 0.0249680033
FT 180 268545.919731130 137 132 0 0.0201285365
SW 180 268545.919731130 1 153 168 9 0
FT 181 268545.953067546 145 131 0 0.0304347531
FT 182 268545.986403963 131 122 0 0.0370072347
FT 183 268546.019740463 122 118 0 0.0296375498
SW 183 268546.019740463 1 158 170 8 0
FT 184 268546.053076796 147 146 0 0.0145667543
FT 185 268546.086413296 146 144 0 0.0141214483
FT 186 268546.119749630 144 141 0 0.0173368476
SW 186 268546.119749630 1 175 189 7 0
FT 187 268546.153086130 151 148 0 0.0172535629
FT 188 268546.186422546 148 147 0 0.0179953151
FT 189 268546.219758921 147 145 0 0.0252139288
SW 189 268546.219758921 1 172 191 10 0
FT 190 268546.253095338 153 151 0 0.0233460378
FT 191 268546.286431796 151 145 0 0.0176655181
FT 192 268546.319768213 145 141 0 0.0243069512
SW 192 268546.319768213 1 170 188 8 0
FT 193 268546.353104546 153 147 0 0.0278755142
FT 194 268546.386441005 147 136 0 0.016737095
FT 195 268546.419777380 136 130 0 0.0166854522
SW 195 268546.419777380 1 154 185 9 0
FT 196 268546.453113880 143 135 0 0.0365512435
FT 197 268546.486450171 135 132 0 0.0333692896
FT 198 268546.519786713 132 124 0 0.0191759431
SW 198 268546.519786713 1 160 172 12 0
FT 199 268546.553123130 146 135 0 0.0190157971
FT 200 268546.586459463 135 124 0 0.0206212775
FT 201 268546.619795963 124 120 0 0.0125184282
SW 201 268546.619795963 1 163 183 15 0
FT 202 268546.653132380 143 138 0 0.0113650342
FT 203 268546.686468630 138 135 0 0.0110990631
FT 204 268546.719805088 135 130 0 0.0085531198
SW 204 268546.719805088 1 170 195 15 0
FT 205 268546.753141463 148 146 0 0.0127964313
FT 206 268546.786477921 146 134 0 0.0150470448
FT 207 268546.819814380 134 129 0 0.0163778077
SW 207 268546.819814380 1 163 196 15 0
FT 208 268546.853150755 146 145 0 0.0164467926
FT 209 268546.886487088 145 141 0 0.0125535631
FT 210 268546.919823546 141 137 0 0.00970003781
SW 210 268546.919823546 1 160 191 16 0
FT 211 268546.953159921 146 145 0 0.0121901069
FT 212 268546.986496380 145 138 0 0.0145150336
FT 213 268547.019832755 138 134 0 0.0205695222
SW 213 268547.019832755 1 149 182 18 0
FT 214 268547.053169213 146 140 0 0.0214370597
FT 215 268547.086505546 140 136 0 0.0231877795
FT 216 268547.119842088 136 131 0 0.0244326258
SW 216 268547.119842088 1 152 177 18 0
FT 217 268547.153178338 143 138 0 0.026234801
FT 218 268547.186514755 138 132 0 0.0276619214
FT 219 268547.219851213 132 126 0 0.0265447808
SW 219 268547.219851213 1 150 180 18 0
FT 220 268547.253187546 142 135 0 0.0237148144
FT 221 268547.286524046 135 130 0 0.0303108659
FT 222 268547.319860380 130 127 0 0.0338963174
SW 222 268547.319860380 1 156 181 20 0
FT 223 268547.353196796 141 132 0 0.0346664695
FT 224 268547.386533130 132 125 0 0.0279156552
FT 225 268547.419869588 125 114 0 0.0277594508
SW 225 268547.419869588 1 152 182 21 0
FT 226 268547.453205880 136 124 0 0.0377377781
FT 227 268547.486542338 124 122 0 0.035359861
FT 228 268547.519878838 122 113 0 0.0330269716
SW 228 268547.519878838 1 159 190 18 0
FT 229 268547.553215213 134 128 0 0.0407892121
FT 230 268547.586551588 128 120 0 0.041333895
FT 231 268547.619887880 120 114 0 0.0433839722
SW 231 268547.619887880 1 160 191 16 0
FT 232 268547.653224296 141 134 0 0.0438922217
FT 233 268547.686560796 134 118 0 0.0433808437
FT 234 268547.719897213 118 106 0 0.0395131934
SW 234 268547.719897213 1 162 191 17 0
FT 235 268547.753233671 149 138 0 0.0219022636
FT 236 268547.786569921 138 115 0 0.0197110303
FT 237 268547.819906380 115 99 0 0.0380209675
SW 237 268547.819906380 1 163 195 13 0
FT 238 268547.853242713 138 110 0 0.0361442351
FT 239 268547.886579171 110 99 0 0.0366348264
FT 240 268547.919915505 99 94 0 0.0248663691
SW 240 268547.919915505 1 169 197 10 0
FT 241 268547.953251921 136 130 0 0.0122242786
FT 242 268547.986588338 130 116 0 0.0128507109
FT 243 268548.019924755 116 105 0 0.0148436095
SW 243 268548.019924755 1 176 199 10 0
FT 244 268548.053261046 130 115 0 0.00885802255
FT 245 268548.086597505 115 98 0 0.0155322682
FT 246 268548.119933880 98 80 0 0.0319382718
SW 246 268548.119933880 1 155 191 13 0
FT 247 268548.153270296 114 82 0 0.038496628
FT 248 268548.186606713 82 69 0 0.0329099508
FT 249 268548.219943046 69 53 0 0.0388736593
SW 249 268548.219943046 1 137 177 17 0
FT 250 268548.253279421 86 63 0 0.0452373704
FT 251 268548.286615838 63 53 0 0.0360305816
FT 252 268548.319952296 53 48 0 0.0308962381
SW 252 268548.319952296 1 125 170 19 0
FT 253 268548.353288588 82 71 0 0.013998343
FT 254 268548.386625046 71 67 0 0.0155229152
FT 255 268548.423776346 67 63 0 0.0185919639
SW 255 268548.423776346 1 141 166 16 0
FT 256 268548.457082179 129 115 0 0.0067742546
FT 257 268548.490418221 115 100 0 0.015626519
FT 258 268548.523754387 100 85 0 0.0148861646
SW 258 268548.523754387 1 146 195 19 0
FT 259 268548.557090596 113 110 0 0.0208541297
FT 260 268548.590426804 110 101 0 0.0125882422
FT 261 268548.623763012 101 97 0 0.0110008737
SW 261 268548.623763012 1 117 185 32 0
FT 262 268548.657099096 133 114 0 0.0300306595
FT 263 268548.690435221 114 101 0 0.0346495057
FT 264 268548.723771346 101 94 0 0.03356795
SW 264 268548.723771346 1 112 166 33 0
FT 265 268548.757107637 130 121 0 0.0264859166
FT 266 268548.790443762 121 116 0 0.0168673717
FT 267 268548.823779804 116 112 0 0.00483883985
SW 267 268548.823779804 1 139 176 28 2
FT 268 268548.857115929 136 134 0 0.00680561607
FT 269 268548.890452179 134 129 0 0.0032841819
FT 270 268548.923788304 129 122 0 0.0167870637
SW 270 268548.923788304 1 148 191 25 2
FT 271 268548.957124346 150 136 0 0.0256721827
FT 272 268548.990460637 136 126 0 0.0185920215
FT 273 268549.023796804 126 120 0 0.0120885176
SW 273 268549.023796804 1 149 189 30 2
FT 274 268549.057132929 139 126 0 0.0222477661
FT 275 268549.090469054 126 114 0 0.0224669452
FT 276 268549.123805137 114 31 0 0.0714589099
SW 276 268549.123805137 1 125 184 37 2
FT 277 268549.157141387 105 72 0 0.0703346861
FT 278 268549.190477471 72 52 0 0.054283917
FT 279 268549.220298660 52 48 0 0.0274362069
SW 279 268549.220298660 1 128 191 47 3
FT 280 268549.253615577 130 113 0 0.0283884364
FT 281 268549.286592338 113 102 0 0.0200917093
FT 282 268549.319928671 102 101 0 0.0177393792
SW 282 268549.319928671 1 171 235 49 3
FT 283 268549.353265005 136 132 0 0.0156640711
FT 284 268549.386601421 132 121 0 0.0100434885
FT 285 268549.419937796 121 118 0 0.0274311951
SW 285 268549.419937796 1 178 246 49 3
FT 286 268549.453274171 144 138 0 0.0195549534
FT 287 268549.486610546 138 133 0 0.0127295704
FT 288 268549.519946921 133 126 0 0.0150193932
SW 288 268549.519946921 1 115 249 41 3
FT 289 268549.553283380 150 147 0 0.0203435757
FT 290 268549.586619713 147 140 0 0.0190118958
FT 291 268549.619956088 140 135 0 0.022880195
SW 291 268549.619956088 1 129 177 36 1
FT 292 268549.653292380 160 153 0 0.0243423813
FT 293 268549.686628880 153 146 0 0.0197353979
FT 294 268549.719965255 146 139 0 0.0124553873
SW 294 268549.719965255 1 152 184 28 0
FT 295 268549.753301505 156 154 0 0.0110234692
FT 296 268549.786637963 154 138 0 0.0192063475
FT 297 268549.819974338 138 135 0 0.018498981
SW 297 268549.819974338 1 163 191 23 0
FT 298 268549.853310630 168 162 0 0.0188980863
FT 299 268549.886647130 162 148 0 0.0188260016
FT 300 268549.919983421 148 142 0 0.021167809
SW 300 268549.919983421 1 175 210 24 0
FT 301 268549.953319838 161 149 0 0.0269381312
FT 302 268549.986656255 149 133 0 0.033149777
FT 303 268550.019992546 133 124 0 0.0243451217
SW 303 268550.019992546 1 175 209 23 0
FT 304 268550.053329005 157 143 0 0.0189705899
FT 305 268550.086665380 143 126 0 0.0318806285
FT 306 268550.120001713 126 112 0 0.0326073761
SW 306 268550.120001713 1 179 215 22 0
FT 307 268550.153338130 133 121 0 0.0248455521
FT 308 268550.186674421 121 110 0 0.0252484729
FT 309 268550.220010755 110 100 0 0.0323682416
SW 309 268550.220010755 1 173 210 22 0
FT 310 268550.253347213 132 111 0 0.0304179212
FT 311 268550.286683588 111 99 0 0.028213303
FT 312 268550.320019921 99 88 0 0.0320553915
SW 312 268550.320019921 1 163 204 24 0
FT 313 268550.353356380 121 107 0 0.0257607424
FT 314 268550.386692630 107 98 0 0.0168989276
FT 315 268550.420029088 98 89 0 0.016127592
SW 315 268550.420029088 1 150 203 25 0
FT 316 268550.453365505 114 103 0 0.0141744702
FT 317 268550.486701796 103 93 0 0.00344629908
FT 318 268550.520038213 93 86 0 0.00652113298
SW 318 268550.520038213 1 130 188 29 0
FT 319 268550.553374630 117 99 0 0.0210151136
FT 320 268550.586710838 99 91 0 0.0177365068
FT 321 268550.620047338 91 81 0 0.0213936478
SW 321 268550.620047338 1 128 172 23 0
FT 322 268550.653383755 111 95 0 0.0147018847
FT 323 268550.686720005 95 88 0 0.0128183022
FT 324 268550.720056421 88 76 0 0.0265479335
SW 324 268550.720056421 1 121 162 20 0
FT 325 268550.753392713 102 85 0 0.0311767964
FT 326 268550.786729130 85 81 0 0.0198486915
FT 327 268550.820065505 81 77 0 0.0117459996
SW 327 268550.820065505 1 112 152 25 0
FT 328 268550.853401880 95 88 0 0.0221653177
FT 329 268550.886738296 88 78 0 0.025029429
FT 330 268550.920074713 78 69 0 0.0395485589
SW 330 268550.920074713 1 105 145 24 0
FT 331 268550.953411005 97 93 0 0.0204103723
FT 332 268550.986747421 93 89 0 0.0254142915
FT 333 268551.020083796 89 51 0 0.054280446
SW 333 268551.020083796 1 88 132 26 0
FT 334 268551.053420171 89 62 0 0.0709768247
FT 335 268551.086756546 62 56 0 0.0263783579
FT 336 268551.120092921 56 56 0 0.0179821016
SW 336 268551.120092921 1 93 130 21 0
FT 337 268551.153429213 107 95 0 0.0186626592
FT 338 268551.186765546 95 89 0 0.0132820007
FT 339 268551.220101963 89 87 0 0.00466250939
SW 339 268551.220101963 1 119 151 22 0
FT 340 268551.253438296 118 115 0 0.00320060166
FT 341 268551.286774671 115 114 0 0.00485934933
FT 342 268551.320111005 114 112 0 0.00417304481
SW 342 268551.320111005 1 124 168 28 0
FT 343 268551.353447421 130 126 0 0.0023149727
FT 344 268551.386783755 126 118 0 0.00676591465
FT 345 268551.420120171 118 115 0 0.00452811482
SW 345 268551.420120171 1 115 166 30 0
FT 346 268551.453456421 128 123 0 0.0131585906
FT 347 268551.486792880 123 116 0 0.01569425
FT 348 268551.520129213 116 115 0 0.00988215655
SW 348 268551.520129213 1 109 156 36 0
FT 349 268551.553465630 125 116 0 0.00434945042
FT 350 268551.586802005 116 108 0 0.00860907954
FT 351 268551.620138296 108 104 0 0.0104008499
SW 351 268551.620138296 1 127 151 18 0
FT 352 268551.653474630 121 110 0 0.0103583319
FT 353 268551.686810963 110 102 0 0.0133824626
FT 354 268551.720147380 102 94 0 0.011564928
SW 354 268551.720147380 1 135 157 20 0
FT 355 268551.753483755 116 102 0 0.00938316994
FT 356 268551.786820088 102 94 0 0.00691557033
FT 357 268551.820156463 94 83 0 0.00380627114
SW 357 268551.820156463 1 133 165 21 0
FT 358 268551.853492880 120 104 0 0.00514670246
FT 359 268551.886829088 104 91 0 0.0070375241
FT 360 268551.920165505 91 79 0 0.0125995088
SW 360 268551.920165505 1 137 170 22 0
FT 361 268551.953501838 120 106 0 0.009535228
FT 362 268551.986838213 106 89 0 0.0105335747
FT 363 268552.020174588 89 81 0 0.00795147786
SW 363 268552.020174588 1 138 178 23 0
FT 364 268552.053510880 111 101 0 0.0124239953
FT 365 268552.086847255 101 93 0 0.0127650884
FT 366 268552.120183671 93 88 0 0.0131654065
SW 366 268552.120183671 1 131 176 23 0
FT 367 268552.153519963 110 101 0 0.0132768135
FT 368 268552.186856338 101 98 0 0.00737873809
FT 369 268552.220192796 98 92 0 0.00898804106
SW 369 268552.220192796 1 123 169 25 0
FT 370 268552.253529005 121 110 0 0.00622400183
FT 371 268552.286865380 110 100 0 0.00422937906
FT 372 268552.320201838 100 97 0 0.0101809887
SW 372 268552.320201838 1 120 165 25 0
FT 373 268552.353538088 112 107 0 0.0135976919
FT 374 268552.386874505 107 98 0 0.0118265103
FT 375 268552.420210838 98 94 0 0.0087068505
SW 375 268552.420210838 1 118 158 23 0
FT 376 268552.453547171 114 101 0 0.00929785267
FT 377 268552.486883421 101 90 0 0.00585182422
FT 378 268552.520219963 90 87 0 0.00241067079
SW 378 268552.520219963 1 125 154 21 0
FT 379 268552.553556255 109 105 0 0.0109515995
FT 380 268552.586892505 105 96 0 0.00788889042
FT 381 268552.620228963 96 88 0 0.0171700228
SW 381 268552.620228963 1 138 164 15 0
FT 382 268552.653565255 105 94 0 0.0161436998
FT 383 268552.686901671 94 80 0 0.0212906205
FT 384 268552.720238005 80 74 0 0.0195251615
SW 384 268552.720238005 1 129 160 19 0
FT 385 268552.753574338 107 88 0 0.0119303304
FT 386 268552.786910671 88 76 0 0.0101826196
FT 387 268552.820247088 76 68 0 0.0136156427
SW 387 268552.820247088 1 121 163 26 0
FT 388 268552.853583463 100 88 0 0.0123053385
FT 389 268552.886919755 88 78 0 0.0200728843
FT 390 268552.920256130 78 75 0 0.018337104
SW 390 268552.920256130 1 120 165 25 0
FT 391 268552.953592505 110 93 0 0.0147536497
FT 392 268552.986928838 93 89 0 0.0236567409
FT 393 268553.020265088 89 84 0 0.0226626547
SW 393 268553.020265088 1 123 164 24 0
FT 394 268553.053601463 107 97 0 0.00876271071
FT 395 268553.086937838 97 93 0 0.00642355437
FT 396 268553.120274171 93 87 0 0.0125433196
SW 396 268553.120274171 1 115 162 26 0
FT 397 268553.153610546 120 111 0 0.00851785694
FT 398 268553.186946880 111 108 0 0.00977270573
FT 399 268553.224098262 108 100 0 0.0138395151
SW 399 268553.224098262 1 118 161 22 0
FT 400 268553.257403929 137 129 0 0.0140387629
FT 401 268553.290740137 129 123 0 0.0122010494
FT 402 268553.324076304 123 119 0 0.0139402848
SW 402 268553.324076304 1 136 169 22 0
FT 403 268553.357412346 136 130 0 0.0179965733
FT 404 268553.390748387 130 117 0 0.0191594936
FT 405 268553.424084596 117 108 0 0.0125549241
SW 405 268553.424084596 1 140 170 20 0
FT 406 268553.457420596 148 139 0 0.0137307738
FT 407 268553.490756721 139 133 0 0.0106742531
FT 408 268553.524092929 133 127 0 0.00890016994
SW 408 268553.524092929 1 155 185 18 0
FT 409 268553.557428971 149 140 0 0.00848156476
FT 410 268553.590765054 140 119 0 0.00752361965
FT 411 268553.624101262 119 104 0 0.00871826275
SW 411 268553.624101262 1 153 180 20 0
FT 412 268553.657437346 118 109 0 0.00872352692
FT 413 268553.690773429 109 100 0 0.0071337832
FT 414 268553.724109471 100 97 0 0.00589417458
SW 414 268553.724109471 1 150 183 23 0
FT 415 268553.757445637 113 109 0 0.00636688639
FT 416 268553.790781762 109 102 0 0.0132123833
FT 417 268553.824117887 102 92 0 0.0136909481
SW 417 268553.824117887 1 134 180 23 0
FT 418 268553.857453971 115 111 0 0.00451031721
FT 419 268553.890790012 111 102 0 0.00550679033
FT 420 268553.924126221 102 95 0 0.00875773347
SW 420 268553.924126221 1 146 173 21 0
FT 421 268553.957462304 105 96 0 0.00794111132
FT 422 268553.990798387 96 92 0 0.00543585137
FT 423 268554.024134554 92 86 0 0.0129964519
SW 423 268554.024134554 1 123 174 21 0
FT 424 268554.057470596 103 100 0 0.00676548614
FT 425 268554.090806721 100 96 0 0.00722039221
FT 426 268554.124142887 96 87 0 0.0148666017
SW 426 268554.124142887 1 120 158 21 0
FT 427 268554.157478971 109 96 0 0.016506049
FT 428 268554.190815054 96 91 0 0.0125270196
FT 429 268554.224151221 91 87 0 0.0136679319
SW 429 268554.224151221 1 126 156 18 0
FT 430 268554.257487262 130 126 0 0.0102674174
FT 431 268554.290823346 126 121 0 0.010917266
FT 432 268554.324159554 121 116 0 0.00773147647
SW 432 268554.324159554 1 148 180 19 0
FT 433 268554.357495637 151 147 0 0.00601152995
FT 434 268554.390831679 147 134 0 0.0103965839
FT 435 268554.424167804 134 122 0 0.015811247
SW 435 268554.424167804 1 154 186 15 1
FT 436 268554.457503929 153 144 0 0.0223340086
FT 437 268554.490839971 144 134 0 0.0234395812
FT 438 268554.524176054 134 125 0 0.0272247857
SW 438 268554.524176054 1 158 191 19 1
FT 439 268554.557512096 151 146 0 0.0136659978
FT 440 268554.590848304 146 140 0 0.00863878207
FT 441 268554.624184512 140 134 0 0.0128858219
SW 441 268554.624184512 1 168 201 17 1
FT 442 268554.657520512 157 145 0 0.0079449193
FT 443 268554.690856596 145 131 0 0.0144469807
FT 444 268554.724192679 131 125 0 0.0140581057
SW 444 268554.724192679 1 178 200 14 1
FT 445 268554.757528887 153 143 0 0.004196946
FT 446 268554.790864929 143 122 0 0.00897452791
FT 447 268554.824201012 122 111 0 0.00928478364
SW 447 268554.824201012 1 178 208 16 1
FT 448 268554.857537054 144 135 0 0.0162051572
FT 449 268554.890873179 135 119 0 0.00788182905
FT 450 268554.924209221 119 114 0 0.0106944701
SW 450 268554.924209221 1 180 216 18 0
FT 451 268554.957545471 147 137 0 0.0108122751
FT 452 268554.990881554 137 129 0 0.0202917727
FT 453 268555.024217637 129 123 0 0.0157670087
SW 453 268555.024217637 1 190 222 18 0
FT 454 268555.057553637 154 150 0 0.00836491142
FT 455 268555.090889804 150 144 0 0.00854067322
FT 456 268555.124225971 144 136 0 0.00822018078
SW 456 268555.124225971 1 196 236 17 0
FT 457 268555.157562096 162 157 0 0.00804988246
FT 458 268555.190898137 157 149 0 0.0128319272
FT 459 268555.224234221 149 141 0 0.0125768953
SW 459 268555.224234221 1 191 234 14 0
FT 460 268555.257570304 162 150 0 0.00829077106
FT 461 268555.290906471 150 142 0 0.00539320777
FT 462 268555.324242471 142 135 0 0.00949380553
SW 462 268555.324242471 1 191 223 14 0
FT 463 268555.357578596 157 147 0 0.0107254335
FT 464 268555.390914721 147 139 0 0.0101138764
FT 465 268555.424250887 139 127 0 0.0107214057
SW 465 268555.424250887 1 194 219 10 0
FT 466 268555.457586804 149 139 0 0.0092769099
FT 467 268555.490922971 139 133 0 0.0103650715
FT 468 268555.524259137 133 127 0 0.0117427099
SW 468 268555.524259137 1 196 223 12 0
FT 469 268555.557595221 155 144 0 0.010050409
FT 470 268555.590931304 144 138 0 0.00880610501
FT 471 268555.624267429 138 138 0 0.00796565677
SW 471 268555.624267429 1 200 230 14 0
FT 472 268555.657603512 167 164 0 0.00936089336
FT 473 268555.690939596 164 156 0 0.00933372912
FT 474 268555.724275637 156 148 0 0.016557208
SW 474 268555.724275637 1 196 233 13 0
FT 475 268555.757611846 164 153 0 0.0199503471
FT 476 268555.790947846 153 142 0 0.0132520621
FT 477 268555.824283929 142 138 0 0.018617518
SW 477 268555.824283929 1 186 221 13 0
FT 478 268555.857620096 167 158 0 0.017130145
FT 479 268555.890956137 158 148 0 0.0125021302
FT 480 268555.924292346 148 140 0 0.0114844266
SW 480 268555.924292346 1 189 220 12 0
FT 481 268555.957628304 165 159 0 0.0187920753
FT 482 268555.990964387 159 146 0 0.0169429405
FT 483 268556.024300471 146 136 0 0.0165892127
SW 483 268556.024300471 1 193 217 13 0
FT 484 268556.057636721 168 158 0 0.0213562673
FT 485 268556.090972637 158 144 0 0.0213339691
FT 486 268556.124308804 144 133 0 0.02418574
SW 486 268556.124308804 1 202 226 14 1
FT 487 268556.157644762 168 155 0 0.0295290033
FT 488 268556.190980971 155 144 0 0.016844587
FT 489 268556.224317054 144 141 0 0.0181156827
SW 489 268556.224317054 1 200 243 16 5
FT 490 268556.257653096 180 166 0 0.0121646801
FT 491 268556.290989221 166 155 0 0.016559456
FT 492 268556.324325429 155 152 0 0.0158073788
SW 492 268556.324325429 1 199 243 20 5
FT 493 268556.357661471 173 172 0 0.0233307557
FT 494 268556.390997471 172 164 0 0.0272645424
FT 495 268556.424333554 164 146 0 0.0247889763
SW 495 268556.424333554 1 185 237 26 5
FT 496 268556.457669846 173 137 0 0.0717282704
FT 497 268556.491005721 137 117 0 0.0475533377
FT 498 268556.524341846 117 113 0 0.0205543085
SW 498 268556.524341846 1 165 224 32 5
FT 499 268556.557677971 155 152 0 0.0207332426
FT 500 268556.591014012 152 140 0 0.0191130047
FT 501 268556.624350054 140 133 0 0.0216775783
SW 501 268556.624350054 1 182 231 27 4
FT 502 268556.657686137 170 159 0 0.0142502473
FT 503 268556.691022262 159 155 0 0.0143982847
FT 504 268556.724358304 155 142 0 0.0207111923
SW 504 268556.724358304 1 196 239 32 0
FT 505 268556.757694387 171 141 0 0.0314702985
FT 506 268556.791030512 141 118 0 0.0383588665
FT 507 268556.824366554 118 86 0 0.0142119291
SW 507 268556.824366554 1 192 238 27 0
FT 508 268556.857702679 152 143 0 0.0222878072
FT 509 268556.891038762 143 133 0 0.0344158799
FT 510 268556.924374887 133 125 0 0.0235826661
SW 510 268556.924374887 1 202 268 25 0
FT 511 268556.957710846 155 148 0 0.0147914828
FT 512 268556.991046929 148 141 0 0.00989338916
FT 513 268557.024383096 141 137 0 0.0169846624
SW 513 268557.024383096 1 224 250 17 0
FT 514 268557.057719179 158 156 0 0.0150422646
FT 515 268557.091055387 156 145 0 0.0116337628
FT 516 268557.124391262 145 128 0 0.0170143053
SW 516 268557.124391262 1 226 255 12 0
FT 517 268557.157727429 156 149 0 0.00958358516
FT 518 268557.191063512 149 144 0 0.0161819366
FT 519 268557.224399637 144 135 0 0.00931251473
SW 519 268557.224399637 1 181 258 11 0
FT 520 268557.257735762 157 149 0 0.00963181764
FT 521 268557.291071762 149 141 0 0.0224407864
FT 522 268557.324407804 141 135 0 0.0261527424
SW 522 268557.324407804 1 183 204 11 0
FT 523 268557.357743887 150 138 0 0.035532615
FT 524 268557.391079971 138 108 0 0.0510853742
FT 525 268557.424416179 108 97 0 0.0529832364
SW 525 268557.424416179 1 187 204 6 0
FT 526 268557.457752137 135 127 0 0.0283863119
FT 527 268557.491088346 127 124 0 0.015150458
FT 528 268557.524424304 124 117 0 0.0251543259
SW 528 268557.524424304 1 193 222 6 0
FT 529 268557.557760387 143 135 0 0.0263801687
FT 530 268557.591096429 135 130 0 0.0211824442
FT 531 268557.624432554 130 125 0 0.0277711641
SW 531 268557.624432554 1 201 220 6 0
FT 532 268557.657768554 152 146 0 0.0300193455
FT 533 268557.691104679 146 138 0 0.0193567924
FT 534 268557.724440762 138 132 0 0.0246028692
SW 534 268557.724440762 1 206 225 7 0
FT 535 268557.757776887 156 140 0 0.0408759047
FT 536 268557.791112887 140 128 0 0.0338227819
FT 537 268557.824449012 128 110 0 0.0292160819
SW 537 268557.824449012 1 167 226 11 0
FT 538 268557.857785137 154 135 0 0.0208671963
FT 539 268557.891121304 135 127 0 0.0194902827
FT 540 268557.924457262 127 124 0 0.0255501892
SW 540 268557.924457262 1 186 206 11 0
FT 541 268557.957793262 164 157 0 0.025882803
FT 542 268557.991129387 157 150 0 0.0292311768
FT 543 268558.024465679 150 145 0 0.0276343872
SW 543 268558.024465679 1 203 230 14 0
FT 544 268558.057801554 165 158 0 0.020325338
FT 545 268558.091137596 158 152 0 0.0225306298
FT 546 268558.124473721 152 135 0 0.0371569821
SW 546 268558.124473721 1 209 233 13 0
FT 547 268558.157809929 158 142 0 0.0367397915
FT 548 268558.191145846 142 133 0 0.032530047
FT 549 268558.224481971 133 111 0 0.036426634
SW 549 268558.224481971 1 186 235 14 0
FT 550 268558.257817929 138 126 0 0.040403821
FT 551 268558.291154054 126 106 0 0.0401250928
FT 552 268558.324490179 106 99 0 0.0310293582
SW 552 268558.324490179 1 188 216 14 0
FT 553 268558.357826221 149 137 0 0.0256167994
FT 554 268558.391162262 137 118 0 0.036050258
FT 555 268558.424498387 118 112 0 0.0417826391
SW 555 268558.424498387 1 209 231 10 0
FT 556 268558.457834429 148 106 0 0.0225233114
FT 557 268558.491170512 106 83 0 0.0255920714
FT 558 268558.524506637 83 73 0 0.0312981319
SW 558 268558.524506637 1 194 232 12 0
FT 559 268558.557842679 137 125 0 0.036874972
FT 560 268558.591178637 125 101 0 0.0367204193
FT 561 268558.624514887 101 99 0 0.0318056008
SW 561 268558.624514887 1 196 247 14 0
FT 562 268558.657850762 149 140 0 0.0224109756
FT 563 268558.691186929 140 126 0 0.0282213314
FT 564 268558.724522887 126 119 0 0.0253391546
SW 564 268558.724522887 1 198 244 18 0
FT 565 268558.757859179 160 151 0 0.0181440223
FT 566 268558.791195137 151 144 0 0.0221542556
FT 567 268558.824531262 144 141 0 0.0187844291
SW 567 268558.824531262 1 219 250 15 0
FT 568 268558.857867221 159 158 0 0.0168026183
FT 569 268558.891203429 158 154 0 0.0182956716
FT 570 268558.924539429 154 144 0 0.0158971559
SW 570 268558.924539429 1 181 246 13 0
FT 571 268558.957875471 165 157 0 0.0122167571
FT 572 268558.991211471 157 146 0 0.0230875343
FT 573 268559.024547637 146 137 0 0.0140816521
SW 573 268559.024547637 1 178 206 13 0
FT 574 268559.057883679 152 129 0 0.00754229461
FT 575 268559.091219804 129 118 0 0.0165152914
FT 576 268559.124555762 118 114 0 0.0151186022
SW 576 268559.124555762 1 173 198 11 0
FT 577 268559.157891887 143 131 0 0.00954979323
FT 578 268559.191227887 131 124 0 0.015262635
FT 579 268559.224564012 124 119 0 0.0175444942
SW 579 268559.224564012 1 181 206 13 0
FT 580 268559.257900096 143 133 0 0.011900436
FT 581 268559.291236179 133 125 1 0.0133269792
FT 582 268559.324572387 125 123 0 0.0123846468
SW 582 268559.324572387 1 188 209 12 0
FT 583 268559.357908346 144 139 1 0.00669247273
FT 584 268559.391244304 139 135 1 0.0100628905
FT 585 268559.424580346 135 134 1 0.00767643928
SW 585 268559.424580346 0 188 0 0 0
FT 586 268559.457916471 162 161 0 0.00364681377
FT 587 268559.491252596 161 148 0 0.0154044532
FT 588 268559.524588637 148 138 1 0.0227036831
SW 588 268559.524588637 0 188 0 0 0
FT 589 268559.557924554 155 151 0 0.0203516856
FT 590 268559.591260721 151 149 0 0.00904703247
FT 591 268559.624596846 149 146 1 0.0194285986
SW 591 268559.624596846 0 188 0 0 0
FT 592 268559.657932846 162 162 1 0.0111479457
FT 593 268559.691268887 162 159 0 0.0131781839
FT 594 268559.724605096 159 154 0 0.0150011592
SW 594 268559.724605096 1 177 258 34 0
FT 595 268559.757941054 166 162 1 0.00884708683
FT 596 268559.791277137 162 153 0 0.0114513904
FT 597 268559.821098202 153 138 0 0.0231321035
SW 597 268559.821098202 1 158 213 38 0
FT 598 268559.854074921 155 152 0 0.00801353768
FT 599 268559.887411296 152 151 0 0.0169052814
FT 600 268559.920747505 151 141 0 0.0114927271
SW 600 268559.920747505 1 153 206 42 0
FT 601 268559.954083838 157 147 1 0.0274687572
FT 602 268559.987420088 147 140 1 0.0250660515
FT 603 268560.020756380 140 138 0 0.00920811387
SW 603 268560.020756380 1 136 203 40 2
FT 604 268560.054092671 158 154 0 0.0128045937
FT 605 268560.087428963 154 151 1 0.0142627079
FT 606 268560.120765213 151 151 1 0.0114591043
SW 606 268560.120765213 0 136 0 0 0
FT 607 268560.154101588 161 159 1 0.0121790244
FT 608 268560.187437838 159 157 1 0.0138614082
FT 609 268560.220774171 157 152 1 0.0108311211
SW 609 268560.220774171 0 136 0 0 0
FT 610 268560.254110421 160 157 1 0.0125677041
FT 611 268560.287446671 157 157 1 0.00983966134
FT 612 268560.320783046 157 156 1 0.0124793022
SW 612 268560.320783046 0 136 0 0 0
FT 613 268560.354119296 164 164 1 0.01092682
FT 614 268560.387455630 164 154 0 0.0146145765
FT 615 268560.420791963 154 83 0 0.0379709909
SW 615 268560.420791963 1 137 189 29 2
FT 616 268560.454128255 120 41 0 0.0709668906
FT 617 268560.487464463 41 19 0 0.0832611273
FT 618 268560.520800838 19 15 0 0.0498376818
SW 618 268560.520800838 1 146 170 15 2
FT 619 268560.554136963 132 129 0 0.0118899385
FT 620 268560.587473338 129 121 0 0.0115868847
FT 621 268560.620809630 121 105 0 0.0339722154
SW 621 268560.620809630 1 233 254 5 3
FT 622 268560.654145921 143 129 0 0.0298136142
FT 623 268560.687482213 129 113 0 0.0259151176
FT 624 268560.720818546 113 96 0 0.0390904058
SW 624 268560.720818546 1 245 259 6 0
FT 625 268560.754154838 120 77 0 0.0512345166
FT 626 268560.787491130 77 48 0 0.0501451444
FT 627 268560.820827380 48 42 0 0.0492955502
SW 627 268560.820827380 1 189 260 7 7
FT 628 268560.854163713 77 64 0 0.0450802505
FT 629 268560.887500005 64 58 0 0.036343636
FT 630 268560.920836255 58 47 0 0.0337579939
SW 630 268560.920836255 1 146 224 8 2
FT 631 268560.954172588 129 113 0 0.0353063897
FT 632 268560.987508838 113 99 0 0.0353892348
FT 633 268561.020845130 99 84 0 0.0268924947
SW 633 268561.020845130 1 190 204 13 0
FT 634 268561.054181338 131 100 0 0.0103283383
FT 635 268561.087517713 100 69 0 0.0264359232
FT 636 268561.120853963 69 56 0 0.0327016044
SW 636 268561.120853963 1 175 217 15 0
FT 637 268561.154190213 97 84 0 0.0103340122
FT 638 268561.187526505 84 73 0 0.0121317446
FT 639 268561.220862838 73 60 0 0.0327226127
SW 639 268561.220862838 1 130 212 18 1
FT 640 268561.254199130 93 76 0 0.0346598564
FT 641 268561.287535338 76 66 0 0.0297350084
FT 642 268561.320871630 66 49 0 0.023220679
SW 642 268561.320871630 1 127 165 21 1
FT 643 268561.354207963 76 58 0 0.0345216407
FT 644 268561.387544255 58 48 0 0.0215255414
FT 645 268561.420880505 48 37 0 0.0271123383
SW 645 268561.420880505 1 126 161 21 1
FT 646 268561.454216838 85 71 0 0.0230967296
FT 647 268561.487553213 71 59 0 0.0112931071
FT 648 268561.520889421 59 55 0 0.0143436702
SW 648 268561.520889421 1 108 174 23 1
FT 649 268561.554225630 112 95 0 0.0259353858
FT 650 268561.587561963 95 78 0 0.018035578
FT 651 268561.620898213 78 71 0 0.0158461902
SW 651 268561.620898213 1 117 162 26 1
FT 652 268561.654234505 106 75 0 0.0214928784
FT 653 268561.687570713 75 60 0 0.0266765193
FT 654 268561.720907005 60 56 0 0.0180340431
SW 654 268561.720907005 1 102 158 29 0
FT 655 268561.754243296 102 87 0 0.024355288
FT 656 268561.787579671 87 76 0 0.0224279914
FT 657 268561.820915921 76 72 0 0.021549194
SW 657 268561.820915921 1 105 157 28 0
FT 658 268561.854252171 114 100 0 0.0205067482
FT 659 268561.887588421 100 87 0 0.0229630174
FT 660 268561.920924796 87 79 0 0.026232056
SW 660 268561.920924796 1 119 157 30 0
FT 661 268561.954261088 132 110 0 0.0287963798
FT 662 268561.987597338 110 97 0 0.0298774577
FT 663 268562.020933630 97 93 0 0.0278018628
SW 663 268562.020933630 1 142 183 27 0
FT 664 268562.054269880 125 117 0 0.0243752509
FT 665 268562.087606171 117 106 0 0.0212857302
FT 666 268562.120942380 106 98 0 0.0206979857
SW 666 268562.120942380 1 127 189 33 0
FT 667 268562.154278671 133 128 0 0.0134696931
FT 668 268562.187614921 128 123 0 0.0124315348
FT 669 268562.220951255 123 115 0 0.0177883444
SW 669 268562.220951255 1 148 188 30 0
FT 670 268562.254287463 138 123 0 0.0257029155
FT 671 268562.287623796 123 115 0 0.027430106
FT 672 268562.320960130 115 111 0 0.0226136707
SW 672 268562.320960130 1 149 192 26 0
FT 673 268562.354296296 141 136 0 0.0107938098
FT 674 268562.387632630 136 132 0 0.0105458351
FT 675 268562.420968963 132 125 0 0.014333169
SW 675 268562.420968963 1 154 198 24 0
FT 676 268562.454305213 137 131 0 0.00609896846
FT 677 268562.487641463 131 128 0 0.0076431211
FT 678 268562.520977755 128 121 0 0.0112412057
SW 678 268562.520977755 1 155 187 17 0
FT 679 268562.554314046 139 132 0 0.00763779756
FT 680 268562.587650338 132 127 0 0.0146013391
FT 681 268562.620986671 127 122 0 0.0146527115
SW 681 268562.620986671 1 166 187 10 0
FT 682 268562.654322838 141 133 0 0.013207145
FT 683 268562.687659130 133 127 0 0.0123262664
FT 684 268562.720995421 127 123 0 0.00779660488
SW 684 268562.720995421 1 161 189 10 0
FT 685 268562.754331630 138 130 0 0.0129420312
FT 686 268562.787667921 130 122 0 0.0073511315
FT 687 268562.821004171 122 119 0 0.0122345032
SW 687 268562.821004171 1 164 180 7 0
FT 688 268562.854340421 133 126 0 0.0153059668
FT 689 268562.887676838 126 114 0 0.0166462787
FT 690 268562.921013130 114 103 0 0.0303551347
SW 690 268562.921013130 1 158 180 9 0
FT 691 268562.954349338 125 115 0 0.0244900096
FT 692 268562.987685630 115 108 0 0.0170225233
FT 693 268563.021021838 108 106 0 0.018829481
SW 693 268563.021021838 1 156 184 14 0
FT 694 268563.054358088 125 123 0 0.0182282555
FT 695 268563.087694463 123 122 0 0.0210863811
FT 696 268563.121030671 122 119 0 0.0193110895
SW 696 268563.121030671 1 156 184 16 0
FT 697 268563.154366963 134 132 0 0.0215629174
FT 698 268563.187703255 132 119 0 0.0119236099
FT 699 268563.221039505 119 114 0 0.0186428545
SW 699 268563.221039505 1 147 180 20 0
FT 700 268563.254375755 139 133 0 0.0214991768
FT 701 268563.287712005 133 129 0 0.0203151492
FT 702 268563.321048255 129 120 0 0.0193950948
SW 702 268563.321048255 1 136 183 22 0
FT 703 268563.354384505 147 132 0 0.0219935552
FT 704 268563.387720796 132 126 0 0.0278106016
FT 705 268563.421057088 126 119 0 0.0236770913
SW 705 268563.421057088 1 136 176 26 0
FT 706 268563.454393421 137 126 0 0.0249263626
FT 707 268563.487729671 126 121 0 0.0161758684
FT 708 268563.521065921 121 117 0 0.0203105476
SW 708 268563.521065921 1 142 173 30 0
FT 709 268563.554402171 146 143 0 0.0144732089
FT 710 268563.587738463 143 137 0 0.00866906747
FT 711 268563.621074713 137 135 0 0.0110185157
SW 711 268563.621074713 1 153 197 31 0
FT 712 268563.654411005 154 139 0 0.030356816
FT 713 268563.687747255 139 137 0 0.0158392886
FT 714 268563.721083505 137 131 0 0.0232735362
SW 714 268563.721083505 1 152 196 34 0
FT 715 268563.754419796 144 135 0 0.0294367736
FT 716 268563.787756130 135 127 0 0.0343844398
FT 717 268563.821092380 127 122 0 0.0205618689
SW 717 268563.821092380 1 150 196 27 0
FT 718 268563.854428630 140 132 0 0.0145745997
FT 719 268563.887764796 132 126 0 0.00439168051
FT 720 268563.921101213 126 122 0 0.00750041165
SW 720 268563.921101213 1 155 188 20 0
FT 721 268563.954437463 144 139 0 0.0094260922
FT 722 268563.987773713 139 134 0 0.0137041572
FT 723 268564.021109963 134 117 0 0.0260189468
SW 723 268564.021109963 1 163 192 22 0
FT 724 268564.054446255 144 135 0 0.0269911052
FT 725 268564.087782505 135 127 0 0.014735005
FT 726 268564.121118838 127 112 0 0.0212690019
SW 726 268564.121118838 1 165 204 23 0
FT 727 268564.154455005 139 127 0 0.0226647378
FT 728 268564.187791296 127 117 0 0.0301801247
FT 729 268564.221127630 117 108 0 0.0355148513
SW 729 268564.221127630 1 170 208 19 0
FT 730 268564.254463713 146 136 0 0.0388516722
FT 731 268564.287800171 136 130 0 0.0439782252
FT 732 268564.321136380 130 106 0 0.0547410537
SW 732 268564.321136380 1 182 211 18 0
FT 733 268564.354472755 133 110 0 0.0649709518
FT 734 268564.387809005 110 106 0 0.036739186
FT 735 268564.421145255 106 101 0 0.0168676071
SW 735 268564.421145255 1 178 216 16 0
FT 736 268564.454481380 134 104 0 0.060685591
FT 737 268564.487817713 104 79 0 0.0504398658
FT 738 268564.521154046 79 69 0 0.0389582414
SW 738 268564.521154046 1 167 209 18 0
FT 739 268564.554490213 125 109 0 0.0437450891
FT 740 268564.587826588 109 102 0 0.0628165455
FT 741 268564.621162838 102 86 0 0.0854455281
SW 741 268564.621162838 1 173 217 20 0
FT 742 268564.654499005 113 88 0 0.07555959
FT 743 268564.687835255 88 66 0 0.0704696256
FT 744 268564.721171671 66 53 0 0.0753436702
SW 744 268564.721171671 1 153 199 22 0
FT 745 268564.754507838 116 99 0 0.0331003786
FT 746 268564.787844088 99 87 0 0.0327530251
FT 747 268564.821180421 87 73 0 0.0415364724
SW 747 268564.821180421 1 163 205 21 0
FT 748 268564.854516755 114 87 0 0.0390915981
FT 749 268564.887852880 87 76 0 0.0497623574
FT 750 268564.921189296 76 69 0 0.0509456985
SW 750 268564.921189296 1 130 197 20 0
FT 751 268564.954525421 107 92 0 0.0499355832
FT 752 268564.987861671 92 84 0 0.0481530316
FT 753 268565.021197963 84 80 0 0.0244273695
SW 753 268565.021197963 1 130 171 24 1
FT 754 268565.054534255 108 101 0 0.0224045222
FT 755 268565.087870505 101 92 0 0.025092734
FT 756 268565.121206755 92 88 0 0.0301797548
SW 756 268565.121206755 1 108 172 26 0
FT 757 268565.154542921 111 102 0 0.0402797034
FT 758 268565.187879296 102 93 0 0.0475227111
FT 759 268565.221215463 93 82 0 0.0516193275
SW 759 268565.221215463 1 112 146 24 0
FT 760 268565.254551796 110 96 0 0.0526143716
FT 761 268565.287888088 96 92 0 0.037096136
FT 762 268565.321224255 92 91 0 0.0295339168
SW 762 268565.321224255 1 118 157 22 0
FT 763 268565.354560588 120 110 1 0.0311139887
FT 764 268565.387896838 110 106 0 0.0280031976
FT 765 268565.421233171 106 101 0 0.0231993999
SW 765 268565.421233171 1 127 159 22 0
FT 766 268565.454569380 119 105 0 0.0245650938
FT 767 268565.487905713 105 101 0 0.026285102
FT 768 268565.521241880 101 91 0 0.0256808844
SW 768 268565.521241880 1 135 157 13 0
FT 769 268565.554578171 114 99 0 0.0162017601
FT 770 268565.587914380 99 91 0 0.0117245524
FT 771 268565.621250755 91 81 0 0.0226050769
SW 771 268565.621250755 1 131 163 14 0
FT 772 268565.654586880 104 95 0 0.014794276
FT 773 268565.687923171 95 85 0 0.0173247649
FT 774 268565.721259380 85 72 0 0.0351663234
SW 774 268565.721259380 1 131 158 15 0
FT 775 268565.754595755 97 88 0 0.0303524559
FT 776 268565.787931963 88 80 0 0.0316590757
FT 777 268565.821268213 80 76 0 0.0287001257
SW 777 268565.821268213 1 133 163 21 0
FT 778 268565.854604463 97 81 0 0.0257422051
FT 779 268565.887940755 81 65 0 0.0318880565
FT 780 268565.921276963 65 59 0 0.0204314234
SW 780 268565.921276963 1 119 160 23 0
FT 781 268565.954613296 101 92 0 0.0207991375
FT 782 268565.987949588 92 79 0 0.0334386483
FT 783 268566.021285838 79 64 0 0.0428221274
SW 783 268566.021285838 1 114 164 25 0
FT 784 268566.054622005 102 84 0 0.0317622188
FT 785 268566.087958255 84 71 0 0.0260068689
FT 786 268566.121294546 71 65 0 0.0261936967
SW 786 268566.121294546 1 115 162 25 0
FT 787 268566.154630713 97 83 0 0.021701511
FT 788 268566.187967046 83 62 0 0.0230019488
FT 789 268566.221303338 62 43 0 0.038077533
SW 789 268566.221303338 1 108 147 26 0
FT 790 268566.254639546 75 60 0 0.0335745771
FT 791 268566.287975796 60 54 0 0.0291866968
FT 792 268566.321312088 54 51 0 0.0346239211
SW 792 268566.321312088 1 105 154 26 0
FT 793 268566.358463346 85 72 0 0.0385765045
FT 794 268566.391769012 72 61 0 0.0415685667
FT 795 268566.425105012 61 51 0 0.0369230967
SW 795 268566.425105012 1 102 144 25 0
FT 796 268566.458441012 89 79 0 0.0360533807
FT 797 268566.491777054 79 69 0 0.0393277739
FT 798 268566.525113137 69 62 0 0.0423463114
SW 798 268566.525113137 1 103 148 23 0
FT 799 268566.558449096 89 81 0 0.03510345
FT 800 268566.591785137 81 77 0 0.0213184417
FT 801 268566.625121304 77 74 0 0.0277460634
SW 801 268566.625121304 1 87 145 29 0
FT 802 268566.658457137 96 84 0 0.0320789354
FT 803 268566.691793137 84 76 0 0.0403265607
FT 804 268566.725129262 76 68 0 0.0285967613
SW 804 268566.725129262 1 75 124 37 0
FT 805 268566.758465346 89 76 0 0.0290838343
FT 806 268566.791801221 76 66 0 0.0391166631
FT 807 268566.825137221 66 57 0 0.0360683847
SW 807 268566.825137221 1 70 119 36 0
FT 808 268566.858473304 75 60 0 0.0273893804
FT 809 268566.891809262 60 51 0 0.0158475862
FT 810 268566.925145387 51 45 0 0.0112619337
SW 810 268566.925145387 1 66 112 36 0
FT 811 268566.958481387 76 51 0 0.0129159109
FT 812 268566.991817387 51 36 0 0.0270828283
FT 813 268567.025153387 36 27 0 0.0342801682
SW 813 268567.025153387 1 66 110 37 0
FT 814 268567.058489387 75 52 0 0.0172066442
FT 815 268567.091825429 52 38 0 0.0063309971
FT 816 268567.125161387 38 37 0 0.0205395095
SW 816 268567.125161387 1 76 122 32 0
FT 817 268567.158497429 87 69 0 0.0242391497
FT 818 268567.191833512 69 61 0 0.0199334101
FT 819 268567.225169471 61 58 0 0.012885725
SW 819 268567.225169471 1 85 138 35 0
FT 820 268567.258505387 110 91 0 0.0320562871
FT 821 268567.291841554 91 84 0 0.0133913803
FT 822 268567.325177429 84 82 0 0.00575761002
SW 822 268567.325177429 1 74 145 53 0
FT 823 268567.358513429 127 115 0 0.00857554384
FT 824 268567.391849512 115 92 0 0.0172203877
FT 825 268567.425185596 92 79 0 0.0166617362
SW 825 268567.425185596 1 68 145 51 0
FT 826 268567.458521637 112 100 0 0.0120696514
FT 827 268567.491857512 100 87 0 0.0284390084
FT 828 268567.525193554 87 79 0 0.0387053493
SW 828 268567.525193554 1 69 129 51 0
FT 829 268567.558529596 101 82 0 0.0308342676
FT 830 268567.591865596 82 62 0 0.0274189482
FT 831 268567.625201679 62 45 0 0.0492814824
SW 831 268567.625201679 1 68 122 45 0
FT 832 268567.658537554 123 78 0 0.0293068071
FT 833 268567.691873596 78 59 0 0.0238414364
FT 834 268567.725209637 59 55 0 0.0272022991
SW 834 268567.725209637 1 91 136 44 0
FT 835 268567.758545721 105 76 0 0.0243345577
FT 836 268567.791881637 76 56 0 0.0270068383
FT 837 268567.825217637 56 44 0 0.0267282434
SW 837 268567.825217637 1 81 142 40 0
FT 838 268567.858553721 103 64 0 0.0119104514
FT 839 268567.891889721 64 55 0 0.0158547236
FT 840 268567.925225762 55 50 0 0.0227372724
SW 840 268567.925225762 1 92 140 38 0
FT 841 268567.958561846 98 68 0 0.0231318135
FT 842 268567.991897721 68 56 0 0.0216705157
FT 843 268568.025233804 56 50 0 0.0203219614
SW 843 268568.025233804 1 72 144 36 0
FT 844 268568.058569762 102 78 0 0.0280481937
FT 845 268568.091905762 78 67 0 0.0331955436
FT 846 268568.125241804 67 58 0 0.0294085243
SW 846 268568.125241804 1 77 126 36 0
FT 847 268568.158577887 93 71 0 0.0272341521
FT 848 268568.191913846 71 59 0 0.0296764851
FT 849 268568.225249887 59 48 0 0.0356212208
SW 849 268568.225249887 1 72 119 29 0
FT 850 268568.258585679 89 52 0 0.0433665449
FT 851 268568.291921762 52 41 0 0.0628060951
FT 852 268568.325257929 41 35 0 0.0653864581
SW 852 268568.325257929 1 66 105 26 0
FT 853 268568.358593887 63 39 0 0.0422146397
FT 854 268568.391929887 39 33 0 0.0319445434
FT 855 268568.425265971 33 32 0 0.0319208183
SW 855 268568.425265971 1 60 97 23 0
FT 856 268568.458601929 69 44 0 0.0248103682
FT 857 268568.491937887 44 34 0 0.0305776842
FT 858 268568.525273929 34 26 0 0.00492572813
SW 858 268568.525273929 1 66 94 18 0
FT 859 268568.558609846 67 49 0 0.0334517063
FT 860 268568.591945804 49 41 0 0.0340775851
FT 861 268568.625281929 41 37 0 0.0170452961
SW 861 268568.625281929 1 70 101 15 0
FT 862 268568.658617887 82 60 0 0.0116206896
FT 863 268568.691953929 60 49 0 0.0189799101
FT 864 268568.725289887 49 45 0 0.0243229272
SW 864 268568.725289887 1 66 101 18 0
FT 865 268568.758625846 95 67 0 0.0408881849
FT 866 268568.791961846 67 31 0 0.0723356027
FT 867 268568.825297929 31 15 0 0.0517438475
SW 867 268568.825297929 1 60 85 17 0
FT 868 268568.858633887 52 30 0 0.0161636283
FT 869 268568.891969887 30 21 0 0.0254282351
FT 870 268568.925305929 21 12 0 0.00876565824
SW 870 268568.925305929 1 55 82 10 0
FT 871 268568.958641804 52 31 0 0.0143934238
FT 872 268568.991977846 31 25 0 0.00814007822
FT 873 268569.025313929 25 18 0 0.0128000381
SW 873 268569.025313929 1 59 77 12 0
FT 874 268569.058649929 54 34 0 0.0120533701
FT 875 268569.091985929 34 30 0 0.0137450992
FT 876 268569.125321887 30 30 0 0.0309810325
SW 876 268569.125321887 1 65 84 11 0
FT 877 268569.158657971 72 62 0 0.0363169228
FT 878 268569.191993929 62 59 0 0.0290766437
FT 879 268569.225329887 59 50 0 0.0216299013
SW 879 268569.225329887 1 60 100 9 0
FT 880 268569.258665929 97 72 0 0.0260486656
FT 881 268569.292001971 72 66 0 0.0279458318
FT 882 268569.325337846 66 47 0 0.0348070454
SW 882 268569.325337846 1 60 81 13 0
FT 883 268569.358673887 93 62 0 0.0297307934
FT 884 268569.392009887 62 53 0 0.0156345936
FT 885 268569.425345971 53 44 0 0.0119859998
SW 885 268569.425345971 1 66 88 16 0
FT 886 268569.458681887 88 75 0 0.0030134944
FT 887 268569.492017846 75 47 0 0.0232019398
FT 888 268569.525353846 47 35 0 0.0455382489
SW 888 268569.525353846 1 71 95 23 0
FT 889 268569.558689971 76 47 0 0.0459968972
FT 890 268569.592025804 47 35 0 0.0320030105
FT 891 268569.625361887 35 30 0 0.0144454606
SW 891 268569.625361887 1 78 106 24 0
FT 892 268569.658697929 104 83 0 0.0129479885
FT 893 268569.692033971 83 69 0 0.0160854618
FT 894 268569.725369929 69 65 0 0.0121689546
SW 894 268569.725369929 1 95 141 31 0
FT 895 268569.758706012 109 98 0 0.00747091564
FT 896 268569.792041929 98 88 0 0.00159229156
FT 897 268569.825377887 88 72 0 0.0178922057
SW 897 268569.825377887 1 95 148 35 0
FT 898 268569.858713887 96 67 0 0.0348482237
FT 899 268569.892050054 67 55 0 0.0200074014
