FT 2 268539.984839463 153 152 1 0.00260007965
FT 3 268540.018175921 160 157 1 0.00338600414
FT 4 268540.051512546 163 161 1 0.00272024874
FT 5 268540.084849130 166 163 1 0.00283539442
FT 6 268540.118185546 163 163 1 0.00156899024
FT 7 268540.151522088 165 165 1 0.0023047886
FT 8 268540.184858713 167 164 1 0.00164045536
FT 9 268540.218195171 168 166 1 0.00160667628
FT 10 268540.251531755 170 168 0 0.00148168371
FT 11 268540.284868338 172 171 1 0.00177018896
FT 12 268540.318204755 173 172 1 0.00188485815
FT 13 268540.351541296 178 171 1 0.00745306644
FT 14 268540.384877880 174 167 0 0.00773501568
FT 15 268540.418214338 169 165 1 0.00875799492
FT 16 268540.451550921 169 168 1 0.00834584154
FT 17 268540.484887463 169 164 0 0.00625277967
FT 18 268540.518223963 168 166 0 0.0072520106
FT 19 268540.551560463 168 166 0 0.004572296
FT 20 268540.584896921 173 167 0 0.00562786947
FT 21 268540.618233546 172 165 0 0.00762225525
FT 22 268540.651570130 170 167 0 0.0100773231
FT 23 268540.684906546 172 170 0 0.00314560547
FT 24 268540.718243088 172 156 0 0.0192157782
FT 25 268540.751579671 163 149 0 0.0321319391
FT 26 268540.784916130 166 163 0 0.0152834033
FT 27 268540.818252713 170 160 0 0.0128054855
FT 28 268540.851589296 167 165 0 0.00541778907
FT 29 268540.884925755 170 169 0 0.00766711615
FT 30 268540.918262338 174 168 0 0.0117567225
FT 31 268540.951598921 171 158 0 0.0161623131
FT 32 268540.984935338 163 153 0 0.0100381692
FT 33 268541.018271880 159 154 1 0.011478908
FT 34 268541.051608421 159 155 0 0.00536066989
FT 35 268541.084944921 161 156 1 0.00431263911
FT 36 268541.118281421 157 153 0 0.00738490824
INIT 268539.951503005 268541.118281421 8 0.234808126 7.70416583 0.338050945 6.05821216 -0.00359896693 -0.00501797453 0.00542925843 0 0 0
FT 37 268541.151618005 159 153 0 0.0129950418
FT 38 268541.184954505 153 151 1 0.00596904563
FT 39 268541.218291005 151 146 1 0.00559239102
SW 39 268541.218291005 0 221 0 0 0
FT 40 268541.251627505 152 148 1 0.0152404057
FT 41 268541.284964046 148 141 0 0.0149623136
FT 42 268541.318300588 141 130 1 0.0151790141
SW 42 268541.318300588 0 221 0 0 0
FT 43 268541.351637130 143 138 1 0.0236910514
FT 44 268541.384973588 138 135 1 0.0213275131
FT 45 268541.418310130 135 126 1 0.0149115249
SW 45 268541.418310130 0 221 0 0 0
FT 46 268541.451646630 135 134 1 0.0121858339
FT 47 268541.484983171 134 134 0 0.0116480214
FT 48 268541.518319588 134 134 1 0.0100509679
SW 48 268541.518319588 0 221 0 0 0
FT 49 268541.551656171 146 141 1 0.00882764354
FT 50 268541.584992630 141 138 1 0.00976831405
FT 51 268541.618329046 138 136 0 0.0102610966
SW 51 268541.618329046 1 164 252 32 0
FT 52 268541.651665588 142 141 0 0.00772998088
FT 53 268541.685002005 141 136 0 0.0101767028
FT 54 268541.718338588 136 135 0 0.00773523077
SW 54 268541.718338588 1 164 200 29 0
FT 55 268541.751675130 142 141 0 0.00957826249
FT 56 268541.785011588 141 135 0 0.0104204798
FT 57 268541.818348005 135 132 0 0.00751845687
SW 57 268541.818348005 1 153 196 27 0
FT 58 268541.851684505 138 137 0 0.00598469095
FT 59 268541.885021005 137 135 0 0.00277856137
FT 60 268541.918357463 135 131 0 0.00886320277
SW 60 268541.918357463 1 124 185 26 0
FT 61 268541.951693880 148 143 0 0.00898991804
FT 62 268541.985030463 143 137 0 0.00786743371
FT 63 268542.018366880 137 135 0 0.0100341856
SW 63 268542.018366880 1 151 165 12 0
FT 64 268542.051703338 138 137 0 0.0139581901
FT 65 268542.085039880 137 129 0 0.0156807644
FT 66 268542.118376296 129 123 0 0.0115938074
SW 66 268542.118376296 1 148 165 12 0
FT 67 268542.151712838 143 139 0 0.0103844903
FT 68 268542.185049338 139 137 0 0.0101494994
FT 69 268542.218385796 137 134 0 0.0109133572
SW 69 268542.218385796 1 162 176 8 0
FT 70 268542.251722171 153 144 0 0.00717185532
FT 71 268542.285058671 144 141 0 0.00694393392
FT 72 268542.318395046 141 135 0 0.0224152771
SW 72 268542.318395046 1 170 185 9 0
FT 73 268542.351731671 146 136 0 0.023812614
FT 74 268542.385068088 136 126 0 0.0113051343
FT 75 268542.418404505 126 116 0 0.00657111641
SW 75 268542.418404505 1 164 184 9 0
FT 76 268542.451740921 134 129 0 0.00541869793
FT 77 268542.485077421 129 119 0 0.0224863969
FT 78 268542.518413838 119 116 0 0.0214421591
SW 78 268542.518413838 1 157 182 11 0
FT 79 268542.551750380 138 128 0 0.00788413199
FT 80 268542.585086921 128 113 0 0.0132507565
FT 81 268542.618423296 113 111 0 0.00873311682
SW 81 268542.618423296 1 159 180 16 0
FT 82 268542.651759838 138 135 0 0.00844076145
FT 83 268542.685096338 135 126 0 0.0105663231
FT 84 268542.718432755 126 123 0 0.00729312238
SW 84 268542.718432755 1 163 195 18 0
FT 85 268542.751769130 148 144 0 0.00618032067
FT 86 268542.785105755 144 139 0 0.00739360905
FT 87 268542.818442088 139 136 0 0.00683251726
SW 87 268542.818442088 1 160 202 18 0
FT 88 268542.851778588 148 143 1 0.00398357663
FT 89 268542.885115046 143 137 0 0.00362487925
FT 90 268542.918451463 137 129 0 0.00909996071
SW 90 268542.918451463 1 156 185 20 0
FT 91 268542.951787921 140 121 0 0.0192300761
FT 92 268542.985124380 121 114 0 0.0240383958
FT 93 268543.018460921 114 109 0 0.01059437
SW 93 268543.018460921 1 148 183 18 0
FT 94 268543.051797255 139 139 0 0.0124082428
FT 95 268543.085133713 139 135 1 0.0147450263
FT 96 268543.118470213 135 131 1 0.00994393203
SW 96 268543.118470213 0 148 0 0 0
FT 97 268543.151806713 145 141 0 0.00809668372
FT 98 268543.185143130 141 140 1 0.00621068222
FT 99 268543.218479630 140 138 1 0.00736409259
SW 99 268543.218479630 0 148 0 0 0
FT 100 268543.251816088 147 140 0 0.00830698249
FT 101 268543.285152505 140 136 0 0.0110627086
FT 102 268543.318489005 136 126 0 0.0145344886
SW 102 268543.318489005 1 154 205 35 0
FT 103 268543.351825505 142 136 0 0.0162340344
FT 104 268543.385161838 136 125 0 0.0114020336
FT 105 268543.418498255 125 117 0 0.00677767829
SW 105 268543.418498255 1 160 199 25 0
FT 106 268543.451834713 128 117 0 0.0132188474
FT 107 268543.485171171 117 111 0 0.0155046237
FT 108 268543.518507713 111 102 0 0.0166899534
SW 108 268543.518507713 1 137 190 26 0
FT 109 268543.551844130 119 110 0 0.0229447994
FT 110 268543.585180546 110 108 0 0.00608604206
FT 111 268543.618517005 108 104 0 0.0221669991
SW 111 268543.618517005 1 136 175 30 0
FT 112 268543.651853505 122 110 0 0.023881232
FT 113 268543.685189880 110 108 0 0.0152784159
FT 114 268543.718526421 108 106 0 0.0195478396
SW 114 268543.718526421 1 138 178 27 0
FT 115 268543.751862838 129 120 0 0.0219837989
FT 116 268543.785199338 120 116 0 0.0132864536
FT 117 268543.818535755 116 107 0 0.0237131268
SW 117 268543.818535755 1 138 181 24 0
FT 118 268543.851872213 123 112 0 0.0166618251
FT 119 268543.885208671 112 109 0 0.0129489058
FT 120 268543.918545005 109 107 0 0.0127323259
SW 120 268543.918545005 1 126 171 25 0
FT 121 268543.951881588 124 119 0 0.0167788875
FT 122 268543.985217880 119 113 0 0.0118019628
FT 123 268544.018554421 113 111 0 0.0165949414
SW 123 268544.018554421 1 130 164 24 0
FT 124 268544.051890921 128 114 0 0.0210550583
FT 125 268544.085227296 114 110 0 0.0103992705
FT 126 268544.118563755 110 107 0 0.0150375984
SW 126 268544.118563755 1 133 168 25 0
FT 127 268544.151900213 124 120 0 0.0121168762
FT 128 268544.185236671 120 116 0 0.0118415467
FT 129 268544.218573046 116 113 0 0.00702569212
SW 129 268544.218573046 1 136 172 21 0
FT 130 268544.251909505 128 120 0 0.00716190818
FT 131 268544.285246046 120 112 0 0.0180527068
FT 132 268544.318582421 112 110 0 0.00578655386
SW 132 268544.318582421 1 136 166 21 0
FT 133 268544.351918921 125 123 0 0.0101658214
FT 134 268544.385255213 123 117 0 0.0198363291
FT 135 268544.418591713 117 116 0 0.00619152078
SW 135 268544.418591713 1 139 168 20 0
FT 136 268544.451928213 131 127 0 0.00733268487
FT 137 268544.485264671 127 121 0 0.00374799013
FT 138 268544.518601088 121 121 0 0.00120128962
SW 138 268544.518601088 1 131 170 21 0
FT 139 268544.551937546 131 128 0 0.00901894425
FT 140 268544.585273921 128 121 0 0.0155981212
FT 141 268544.618610380 121 120 0 0.00661871128
SW 141 268544.618610380 1 131 158 19 0
FT 142 268544.651946880 131 123 0 0.0131050009
FT 143 268544.685283255 123 119 0 0.0108967168
FT 144 268544.718619671 119 116 0 0.00416063653
SW 144 268544.718619671 1 126 157 19 0
FT 145 268544.751956255 128 126 0 0.00819876234
FT 146 268544.785292588 126 126 0 0.0152361966
FT 147 268544.818629130 126 126 0 0.00766922421
SW 147 268544.818629130 1 133 155 17 0
FT 148 268544.851965421 129 124 0 0.00953267378
FT 149 268544.885301921 124 121 0 0.0190968806
FT 150 268544.918638338 121 118 0 0.0107243027
SW 150 268544.918638338 1 129 153 18 0
FT 151 268544.951974796 124 123 0 0.0108421604
FT 152 268544.985311296 123 117 0 0.0192498017
FT 153 268545.018647671 117 115 0 0.0170520958
SW 153 268545.018647671 1 126 151 18 0
FT 154 268545.051984088 126 124 0 0.0133152115
FT 155 268545.085320505 124 119 0 0.0130119663
FT 156 268545.118656963 119 116 0 0.0151907394
SW 156 268545.118656963 1 124 152 17 0
FT 157 268545.151993421 130 130 0 0.013277877
FT 158 268545.185329755 130 123 0 0.017319178
FT 159 268545.218666213 123 117 0 0.0252717669
SW 159 268545.218666213 1 132 150 18 0
FT 160 268545.252002671 130 121 0 0.0301562856
FT 161 268545.285339088 121 115 0 0.0327388985
FT 162 268545.318675588 115 112 0 0.0337654076
SW 162 268545.318675588 1 131 160 18 0
FT 163 268545.352011921 131 119 0 0.0270309228
FT 164 268545.385348421 119 115 0 0.0223813043
FT 165 268545.418684838 115 109 0 0.0188250976
SW 165 268545.418684838 1 137 163 19 0
FT 166 268545.452021213 130 127 0 0.0122122458
FT 167 268545.485357671 127 120 0 0.0163895553
FT 168 268545.518694088 120 117 0 0.0197443421
SW 168 268545.518694088 1 144 172 21 0
FT 169 268545.552030505 132 128 0 0.0155542444
FT 170 268545.585366921 128 126 0 0.0124658638
FT 171 268545.618703380 126 123 0 0.0166344858
SW 171 268545.618703380 1 147 175 20 0
FT 172 268545.652039838 139 137 0 0.0119670107
FT 173 268545.685376255 137 134 0 0.00764198267
FT 174 268545.718712671 134 129 0 0.0149114955
SW 174 268545.718712671 1 147 179 17 0
FT 175 268545.752049005 141 136 0 0.0214955978
FT 176 268545.785385421 136 132 0 0.0244351701
FT 177 268545.818721963 132 129 0 0.0333939764
SW 177 268545.818721963 1 144 174 13 0
FT 178 268545.852058338 143 142 1 0.03584886
FT 179 268545.885394755 142 137 1 0.0253299497
FT 180 268545.918731130 137 132 0 0.0199747882
SW 180 268545.918731130 1 149 170 13 0
FT 181 268545.952067546 144 131 0 0.0300864082
FT 182 268545.985403963 131 122 0 0.0370012518
FT 183 268546.018740463 122 119 0 0.0300354395
SW 183 268546.018740463 1 153 169 12 0
FT 184 268546.052076796 148 147 0 0.0148408604
FT 185 268546.085413296 147 145 0 0.0139670353
FT 186 268546.118749630 145 142 0 0.0172811549
SW 186 268546.118749630 1 167 188 15 0
FT 187 268546.152086130 152 149 0 0.0172674382
FT 188 268546.185422546 149 148 0 0.0178445854
FT 189 268546.218758921 148 146 0 0.0249853651
SW 189 268546.218758921 1 166 191 15 0
FT 190 268546.252095338 154 152 0 0.0236497885
FT 191 268546.285431796 152 146 0 0.0175942046
FT 192 268546.318768213 146 142 0 0.0239854796
SW 192 268546.318768213 1 163 187 14 0
FT 193 268546.352104546 153 146 0 0.0281181054
FT 194 268546.385441005 146 135 0 0.0168607774
FT 195 268546.418777380 135 129 0 0.0164866368
SW 195 268546.418777380 1 149 184 15 0
FT 196 268546.452113880 142 136 0 0.0359482392
FT 197 268546.485450171 136 132 0 0.0338854296
FT 198 268546.518786713 132 125 0 0.0192126259
SW 198 268546.518786713 1 157 173 16 0
FT 199 268546.552123130 146 135 0 0.019040148
FT 200 268546.585459463 135 124 0 0.0206231544
FT 201 268546.618795963 124 120 0 0.0127821107
SW 201 268546.618795963 1 162 183 16 0
FT 202 268546.652132380 143 136 0 0.0112992019
FT 203 268546.685468630 136 133 0 0.011167729
FT 204 268546.718805088 133 129 0 0.00855933904
SW 204 268546.718805088 1 167 195 18 0
FT 205 268546.752141463 148 146 0 0.0125809037
FT 206 268546.785477921 146 135 0 0.0150328173
FT 207 268546.818814380 135 129 0 0.0162932646
SW 207 268546.818814380 1 158 196 18 0
FT 208 268546.852150755 146 145 0 0.0165266443
FT 209 268546.885487088 145 141 0 0.0126961252
FT 210 268546.918823546 141 137 0 0.00961282987
SW 210 268546.918823546 1 159 189 17 0
FT 211 268546.952159921 146 145 0 0.0121410839
FT 212 268546.985496380 145 138 0 0.0143372661
FT 213 268547.018832755 138 134 0 0.0204751348
SW 213 268547.018832755 1 146 182 21 0
FT 214 268547.052169213 146 140 0 0.0213845357
FT 215 268547.085505546 140 136 0 0.0231333123
FT 216 268547.118842088 136 131 0 0.0243642896
SW 216 268547.118842088 1 148 177 21 0
FT 217 268547.152178338 143 138 0 0.0261850218
FT 218 268547.185514755 138 132 0 0.0276086533
FT 219 268547.218851213 132 126 0 0.0266686906
SW 219 268547.218851213 1 146 179 22 0
FT 220 268547.252187546 142 135 0 0.0236206901
FT 221 268547.285524046 135 130 0 0.0301097393
FT 222 268547.318860380 130 127 0 0.033805629
SW 222 268547.318860380 1 154 181 22 0
FT 223 268547.352196796 141 132 0 0.0346838012
FT 224 268547.385533130 132 125 0 0.0281936039
FT 225 268547.418869588 125 114 0 0.0273902951
SW 225 268547.418869588 1 151 182 22 0
FT 226 268547.452205880 136 124 0 0.037608419
FT 227 268547.485542338 124 122 0 0.035538287
FT 228 268547.518878838 122 113 0 0.0329037709
SW 228 268547.518878838 1 157 190 20 0
FT 229 268547.552215213 134 128 0 0.0405999901
FT 230 268547.585551588 128 120 0 0.0413710927
FT 231 268547.618887880 120 114 0 0.0432878683
SW 231 268547.618887880 1 158 191 18 0
FT 232 268547.652224296 141 134 0 0.0438983971
FT 233 268547.685560796 134 118 0 0.043328535
FT 234 268547.718897213 118 106 0 0.0400149764
SW 234 268547.718897213 1 162 191 17 0
FT 235 268547.752233671 149 138 0 0.0221712555
FT 236 268547.785569921 138 115 0 0.0192447201
FT 237 268547.818906380 115 99 0 0.0377302572
SW 237 268547.818906380 1 164 195 12 0
FT 238 268547.852242713 138 110 0 0.0361953449
FT 239 268547.885579171 110 99 0 0.0367542384
FT 240 268547.918915505 99 94 0 0.0252666187
SW 240 268547.918915505 1 167 197 12 0
FT 241 268547.952251921 136 130 0 0.0125326853
FT 242 268547.985588338 130 116 0 0.0126312249
FT 243 268548.018924755 116 105 0 0.0150014855
SW 243 268548.018924755 1 176 199 10 0
FT 244 268548.052261046 130 115 0 0.00892388924
FT 245 268548.085597505 115 98 0 0.015135582
FT 246 268548.118933880 98 80 0 0.0315218277
SW 246 268548.118933880 1 153 191 15 0
FT 247 268548.152270296 114 82 0 0.0385698253
FT 248 268548.185606713 82 69 0 0.0330217915
FT 249 268548.218943046 69 53 0 0.0384535488
SW 249 268548.218943046 1 141 177 13 0
FT 250 268548.252279421 86 63 0 0.0455101111
FT 251 268548.285615838 63 53 0 0.0359147133
FT 252 268548.318952296 53 48 0 0.031553687
SW 252 268548.318952296 1 126 170 18 0
FT 253 268548.352288588 82 71 0 0.0137814947
FT 254 268548.385625046 71 67 0 0.0159806806
FT 255 268548.422776346 67 63 0 0.0185991433
SW 255 268548.422776346 1 140 166 17 0
FT 256 268548.456082179 129 115 0 0.0069711628
FT 257 268548.489418221 115 100 0 0.0154330162
FT 258 268548.522754387 100 85 0 0.0149472463
SW 258 268548.522754387 1 145 195 20 0
FT 259 268548.556090596 113 110 0 0.0209267268
FT 260 268548.589426804 110 101 0 0.0125055525
FT 261 268548.622763012 101 97 0 0.0111825123
SW 261 268548.622763012 1 120 185 29 0
FT 262 268548.656099096 133 114 0 0.0292516738
FT 263 268548.689435221 114 101 0 0.0347310451
FT 264 268548.722771346 101 94 0 0.0337129314
SW 264 268548.722771346 1 106 166 39 0
FT 265 268548.756107637 130 121 0 0.0266547712
FT 266 268548.789443762 121 116 0 0.0171743405
FT 267 268548.822779804 116 112 0 0.00521603293
SW 267 268548.822779804 1 107 166 52 0
FT 268 268548.856115929 136 134 0 0.00672808433
FT 269 268548.889452179 134 129 0 0.00314770837
FT 270 268548.922788304 129 122 0 0.0162981276
SW 270 268548.922788304 1 106 190 68 0
FT 271 268548.956124346 150 136 0 0.0255645006
FT 272 268548.989460637 136 126 0 0.0189768868
FT 273 268549.022796804 126 120 0 0.0120953229
SW 273 268549.022796804 1 103 188 77 0
FT 274 268549.056132929 139 126 0 0.0218280503
FT 275 268549.089469054 126 114 0 0.0227337961
FT 276 268549.122805137 114 31 0 0.0694064229
SW 276 268549.122805137 1 96 183 67 0
FT 277 268549.156141387 105 72 0 0.0709969353
FT 278 268549.189477471 72 52 0 0.0549379532
FT 279 268549.219298660 52 48 0 0.0278018558
SW 279 268549.219298660 1 93 189 76 7
FT 280 268549.252615577 130 113 0 0.0284275487
FT 281 268549.285592338 113 102 0 0.0204160003
FT 282 268549.318928671 102 101 0 0.0175776808
SW 282 268549.318928671 1 126 234 89 8
FT 283 268549.352265005 136 132 0 0.0160102977
FT 284 268549.385601421 132 121 0 0.00956417183
FT 285 268549.418937796 121 118 0 0.0272461713
SW 285 268549.418937796 1 126 246 96 8
FT 286 268549.452274171 144 138 0 0.019997755
FT 287 268549.485610546 138 133 0 0.0127041273
FT 288 268549.518946921 133 126 0 0.0148793175
SW 288 268549.518946921 1 59 249 90 8
FT 289 268549.552283380 150 147 0 0.0202369654
FT 290 268549.585619713 147 140 0 0.0190170505
FT 291 268549.618956088 140 135 0 0.0227154131
SW 291 268549.618956088 1 66 177 92 8
FT 292 268549.652292380 160 153 0 0.0244433623
FT 293 268549.685628880 153 146 0 0.0198758553
FT 294 268549.718965255 146 139 0 0.0126555705
SW 294 268549.718965255 1 83 183 96 0
FT 295 268549.752301505 156 154 0 0.0107803628
FT 296 268549.785637963 154 138 0 0.0191174572
FT 297 268549.818974338 138 135 0 0.01853567
SW 297 268549.818974338 1 101 190 84 0
FT 298 268549.852310630 168 162 0 0.0188766637
FT 299 268549.885647130 162 148 0 0.0188104919
FT 300 268549.918983421 148 142 0 0.0210501553
SW 300 268549.918983421 1 117 209 81 0
FT 301 268549.952319838 161 149 0 0.0266622932
FT 302 268549.985656255 149 133 0 0.0331367876
FT 303 268550.018992546 133 124 0 0.0247339333
SW 303 268550.018992546 1 128 208 69 0
FT 304 268550.052329005 157 143 0 0.018764274
FT 305 268550.085665380 143 126 0 0.031579215
FT 306 268550.119001713 126 112 0 0.0327946874
SW 306 268550.119001713 1 136 214 64 0
FT 307 268550.152338130 133 121 0 0.0250017135
FT 308 268550.185674421 121 110 0 0.0251284177
FT 309 268550.219010755 110 100 0 0.0322169826
SW 309 268550.219010755 1 137 209 58 0
FT 310 268550.252347213 132 111 0 0.0305949705
FT 311 268550.285683588 111 99 0 0.0281356806
FT 312 268550.319019921 99 88 0 0.032049974
SW 312 268550.319019921 1 138 204 49 0
FT 313 268550.352356380 121 107 0 0.0260627722
FT 314 268550.385692630 107 98 0 0.0169957541
FT 315 268550.419029088 98 89 0 0.016126398
SW 315 268550.419029088 1 126 203 49 0
FT 316 268550.452365505 114 103 0 0.014408692
FT 317 268550.485701796 103 93 0 0.0036082506
FT 318 268550.519038213 93 86 0 0.00598865942
SW 318 268550.519038213 1 107 188 52 0
FT 319 268550.552374630 117 99 0 0.0209254476
FT 320 268550.585710838 99 91 0 0.0177522187
FT 321 268550.619047338 91 81 0 0.0214091809
SW 321 268550.619047338 1 101 172 50 0
FT 322 268550.652383755 111 95 0 0.0147826921
FT 323 268550.685720005 95 88 0 0.0127683302
FT 324 268550.719056421 88 76 0 0.0259171948
SW 324 268550.719056421 1 96 162 45 0
FT 325 268550.752392713 102 85 0 0.0314340884
FT 326 268550.785729130 85 81 0 0.0201077182
FT 327 268550.819065505 81 77 0 0.0110603022
SW 327 268550.819065505 1 95 152 42 0
FT 328 268550.852401880 95 88 0 0.0226381373
FT 329 268550.885738296 88 78 0 0.0238093402
FT 330 268550.919074713 78 69 0 0.0400595156
SW 330 268550.919074713 1 92 145 37 0
FT 331 268550.952411005 97 93 0 0.0206374188
FT 332 268550.985747421 93 89 0 0.0249740111
FT 333 268551.019083796 89 51 0 0.0529866085
SW 333 268551.019083796 1 80 132 34 0
FT 334 268551.052420171 89 62 0 0.0714730044
FT 335 268551.085756546 62 56 0 0.0278755076
FT 336 268551.119092921 56 56 0 0.0176983405
SW 336 268551.119092921 1 81 130 33 0
FT 337 268551.152429213 107 95 0 0.0186721436
FT 338 268551.185765546 95 89 0 0.0135755869
FT 339 268551.219101963 89 87 0 0.00433387443
SW 339 268551.219101963 1 106 151 35 0
FT 340 268551.252438296 118 115 0 0.00336543731
FT 341 268551.285774671 115 114 0 0.00486931222
FT 342 268551.319111005 114 112 0 0.00402159235
SW 342 268551.319111005 1 117 168 35 0
FT 343 268551.352447421 130 126 0 0.00239664665
FT 344 268551.385783755 126 118 0 0.00679540629
FT 345 268551.419120171 118 115 0 0.00436589351
SW 345 268551.419120171 1 110 166 35 0
FT 346 268551.452456421 128 123 0 0.0129389427
FT 347 268551.485792880 123 116 0 0.0157717948
FT 348 268551.519129213 116 115 0 0.0100810138
SW 348 268551.519129213 1 107 156 38 0
FT 349 268551.552465630 125 116 0 0.00439502721
FT 350 268551.585802005 116 108 0 0.00847274219
FT 351 268551.619138296 108 104 0 0.010411552
SW 351 268551.619138296 1 109 151 36 0
FT 352 268551.652474630 121 110 0 0.0102626033
FT 353 268551.685810963 110 102 0 0.0134130443
FT 354 268551.719147380 102 94 0 0.0115516551
SW 354 268551.719147380 1 122 157 31 2
FT 355 268551.752483755 116 102 0 0.00947146862
FT 356 268551.785820088 102 94 0 0.00704297624
FT 357 268551.819156463 94 83 0 0.00381757882
SW 357 268551.819156463 1 124 165 28 2
FT 358 268551.852492880 120 104 0 0.00494617925
FT 359 268551.885829088 104 91 0 0.00715108469
FT 360 268551.919165505 91 79 0 0.0124826806
SW 360 268551.919165505 1 130 170 27 2
FT 361 268551.952501838 120 106 0 0.00973369827
FT 362 268551.985838213 106 89 0 0.0103821567
FT 363 268552.019174588 89 81 0 0.00810856615
SW 363 268552.019174588 1 134 178 25 2
FT 364 268552.052510880 111 101 0 0.0122577923
FT 365 268552.085847255 101 93 0 0.0128190288
FT 366 268552.119183671 93 88 0 0.0131447102
SW 366 268552.119183671 1 126 176 26 2
FT 367 268552.152519963 110 101 0 0.0133087635
FT 368 268552.185856338 101 98 0 0.00763965964
FT 369 268552.219192796 98 92 0 0.00889672369
SW 369 268552.219192796 1 120 169 26 2
FT 370 268552.252529005 121 110 0 0.00641929832
FT 371 268552.285865380 110 100 0 0.00415966548
FT 372 268552.319201838 100 97 0 0.0100232762
SW 372 268552.319201838 1 120 165 23 2
FT 373 268552.352538088 112 107 0 0.0135621721
FT 374 268552.385874505 107 98 0 0.0119669622
FT 375 268552.419210838 98 94 0 0.00879482607
SW 375 268552.419210838 1 115 158 24 2
FT 376 268552.452547171 114 101 0 0.00925733643
FT 377 268552.485883421 101 90 0 0.00609031279
FT 378 268552.519219963 90 87 0 0.00228515412
SW 378 268552.519219963 1 124 154 22 0
FT 379 268552.552556255 109 105 0 0.0107272809
FT 380 268552.585892505 105 96 0 0.0080713555
FT 381 268552.619228963 96 88 0 0.0168733053
SW 381 268552.619228963 1 138 164 15 0
FT 382 268552.652565255 105 94 0 0.0161693891
FT 383 268552.685901671 94 80 0 0.0212513077
FT 384 268552.719238005 80 74 0 0.0196631677
SW 384 268552.719238005 1 127 160 21 0
FT 385 268552.752574338 107 88 0 0.0121693955
FT 386 268552.785910671 88 76 0 0.0101062914
FT 387 268552.819247088 76 68 0 0.0134564062
SW 387 268552.819247088 1 124 163 23 0
FT 388 268552.852583463 100 88 0 0.0126000686
FT 389 268552.885919755 88 78 0 0.0195897671
FT 390 268552.919256130 78 75 0 0.0188559843
SW 390 268552.919256130 1 120 165 25 0
FT 391 268552.952592505 110 93 0 0.0142901579
FT 392 268552.985928838 93 89 0 0.0236055653
FT 393 268553.019265088 89 84 0 0.0227673858
SW 393 268553.019265088 1 124 164 23 0
FT 394 268553.052601463 107 97 0 0.00929861316
FT 395 268553.085937838 97 93 0 0.00627869092
FT 396 268553.119274171 93 87 0 0.012399123
SW 396 268553.119274171 1 115 162 26 0
FT 397 268553.152610546 120 111 0 0.00875381272
FT 398 268553.185946880 111 108 0 0.00966768302
FT 399 268553.223098262 108 100 0 0.0137170002
SW 399 268553.223098262 1 118 161 22 0
FT 400 268553.256403929 137 129 0 0.0140612755
FT 401 268553.289740137 129 123 0 0.0121892268
FT 402 268553.323076304 123 119 0 0.0138343576
SW 402 268553.323076304 1 137 169 21 0
FT 403 268553.356412346 136 130 0 0.0178131352
FT 404 268553.389748387 130 117 0 0.0193251114
FT 405 268553.423084596 117 108 0 0.012639925
SW 405 268553.423084596 1 140 170 20 0
FT 406 268553.456420596 148 139 0 0.0136894939
FT 407 268553.489756721 139 133 0 0.0108212798
FT 408 268553.523092929 133 127 0 0.00893836469
SW 408 268553.523092929 1 152 185 21 0
FT 409 268553.556428971 149 140 0 0.00844910051
FT 410 268553.589765054 140 119 0 0.00756626776
FT 411 268553.623101262 119 104 0 0.0086618647
SW 411 268553.623101262 1 153 180 20 0
FT 412 268553.656437346 118 109 0 0.00877153002
FT 413 268553.689773429 109 100 0 0.00719995932
FT 414 268553.723109471 100 97 0 0.00592835085
SW 414 268553.723109471 1 150 183 23 0
FT 415 268553.756445637 113 109 0 0.00625066479
FT 416 268553.789781762 109 102 0 0.0129820324
FT 417 268553.823117887 102 92 0 0.013879759
SW 417 268553.823117887 1 136 180 21 0
FT 418 268553.856453971 115 111 0 0.00476840948
FT 419 268553.889790012 111 102 0 0.00534262048
FT 420 268553.923126221 102 95 0 0.0087486917
SW 420 268553.923126221 1 146 173 21 0
FT 421 268553.956462304 105 96 0 0.00802999431
FT 422 268553.989798387 96 92 0 0.00520778259
FT 423 268554.023134554 92 86 0 0.0130281445
SW 423 268554.023134554 1 121 174 23 0
FT 424 268554.056470596 103 100 0 0.00699790805
FT 425 268554.089806721 100 96 0 0.00699138401
FT 426 268554.123142887 96 87 0 0.0147260298
SW 426 268554.123142887 1 119 158 22 0
FT 427 268554.156478971 109 96 0 0.0165434314
FT 428 268554.189815054 96 91 0 0.0126647983
FT 429 268554.223151221 91 87 0 0.0136279606
SW 429 268554.223151221 1 122 156 22 0
FT 430 268554.256487262 130 126 0 0.0104379467
FT 431 268554.289823346 126 121 0 0.0107193126
FT 432 268554.323159554 121 116 0 0.00794658742
SW 432 268554.323159554 1 147 180 20 0
FT 433 268554.356495637 151 147 0 0.00599977783
FT 434 268554.389831679 147 134 0 0.0102098915
FT 435 268554.423167804 134 122 0 0.015572276
SW 435 268554.423167804 1 150 186 19 1
FT 436 268554.456503929 153 144 0 0.0223172248
FT 437 268554.489839971 144 134 0 0.0232864902
FT 438 268554.523176054 134 125 0 0.0273184292
SW 438 268554.523176054 1 154 191 23 1
FT 439 268554.556512096 151 146 0 0.0141986978
FT 440 268554.589848304 146 140 0 0.00845388692
FT 441 268554.623184512 140 134 0 0.012976632
SW 441 268554.623184512 1 159 201 26 1
FT 442 268554.656520512 157 145 0 0.00788768823
FT 443 268554.689856596 145 131 0 0.0143749121
FT 444 268554.723192679 131 125 0 0.0141283417
SW 444 268554.723192679 1 165 200 27 1
FT 445 268554.756528887 153 143 0 0.00471033182
FT 446 268554.789864929 143 122 0 0.00885251612
FT 447 268554.823201012 122 111 0 0.00923319932
SW 447 268554.823201012 1 161 208 33 1
FT 448 268554.856537054 144 135 0 0.0160859209
FT 449 268554.889873179 135 119 0 0.00828237534
FT 450 268554.923209221 119 114 0 0.0106470492
SW 450 268554.923209221 1 164 216 33 1
FT 451 268554.956545471 147 137 0 0.0102963582
FT 452 268554.989881554 137 129 0 0.0203473427
FT 453 268555.023217637 129 123 0 0.0158811493
SW 453 268555.023217637 1 173 222 35 1
FT 454 268555.056553637 154 150 0 0.00868153275
FT 455 268555.089889804 150 143 0 0.00844388345
FT 456 268555.123225971 143 136 0 0.00832240396
SW 456 268555.123225971 1 183 236 30 0
FT 457 268555.156562096 162 157 0 0.00790748383
FT 458 268555.189898137 157 149 0 0.0127724797
FT 459 268555.223234221 149 141 0 0.0126583548
SW 459 268555.223234221 1 182 234 23 0
FT 460 268555.256570304 162 150 0 0.00846191596
FT 461 268555.289906471 150 142 0 0.00537809184
FT 462 268555.323242471 142 135 0 0.00932543687
SW 462 268555.323242471 1 189 223 16 0
FT 463 268555.356578596 157 147 0 0.0108050473
FT 464 268555.389914721 147 139 0 0.0100771029
FT 465 268555.423250887 139 127 0 0.0107008751
SW 465 268555.423250887 1 191 219 13 0
FT 466 268555.456586804 149 139 0 0.00927861469
FT 467 268555.489922971 139 133 0 0.0103790239
FT 468 268555.523259137 133 127 0 0.0116336594
SW 468 268555.523259137 1 195 223 13 0
FT 469 268555.556595221 155 144 0 0.0101880255
FT 470 268555.589931304 144 138 0 0.00880507786
FT 471 268555.623267429 138 138 0 0.00792699385
SW 471 268555.623267429 1 200 230 14 0
FT 472 268555.656603512 167 164 0 0.00949609712
FT 473 268555.689939596 164 156 0 0.00922078416
FT 474 268555.723275637 156 148 0 0.0162183021
SW 474 268555.723275637 1 196 233 13 0
FT 475 268555.756611846 164 153 0 0.0201584827
FT 476 268555.789947846 153 142 0 0.0132141578
FT 477 268555.823283929 142 138 0 0.0185824157
SW 477 268555.823283929 1 183 221 16 0
FT 478 268555.856620096 167 158 0 0.0171510671
FT 479 268555.889956137 158 148 0 0.0127529813
FT 480 268555.923292346 148 140 0 0.0112678165
SW 480 268555.923292346 1 185 220 16 0
FT 481 268555.956628304 165 159 0 0.0186703723
FT 482 268555.989964387 159 146 0 0.0171795475
FT 483 268556.023300471 146 136 0 0.016317062
SW 483 268556.023300471 1 189 217 17 0
FT 484 268556.056636721 168 158 0 0.0213557681
FT 485 268556.089972637 158 144 0 0.021390411
FT 486 268556.123308804 144 133 0 0.023729925
SW 486 268556.123308804 1 197 225 19 0
FT 487 268556.156644762 168 155 0 0.029878349
FT 488 268556.189980971 155 144 0 0.0168692232
FT 489 268556.223317054 144 141 0 0.0182818681
SW 489 268556.223317054 1 187 240 27 4
FT 490 268556.256653096 180 166 0 0.0120846264
FT 491 268556.289989221 166 155 0 0.0165159853
FT 492 268556.323325429 155 152 0 0.0157791705
SW 492 268556.323325429 1 188 242 31 4
FT 493 268556.356661471 173 172 0 0.0229970612
FT 494 268556.389997471 172 164 0 0.0273435897
FT 495 268556.423333554 164 147 0 0.0245846189
SW 495 268556.423333554 1 160 236 51 4
FT 496 268556.456669846 173 136 0 0.0710000166
FT 497 268556.490005721 136 117 0 0.049079261
FT 498 268556.523341846 117 113 0 0.0202256584
SW 498 268556.523341846 1 140 223 57 4
FT 499 268556.556677971 155 152 0 0.0210744694
FT 500 268556.590014012 152 140 0 0.0186711822
FT 501 268556.623350054 140 133 0 0.021926666
SW 501 268556.623350054 1 143 230 66 4
FT 502 268556.656686137 170 159 0 0.0142954217
FT 503 268556.690022262 159 155 0 0.0144395508
FT 504 268556.723358304 155 142 0 0.0203168833
SW 504 268556.723358304 1 162 239 66 0
FT 505 268556.756694387 171 141 0 0.0311713274
FT 506 268556.790030512 141 118 0 0.0385223116
FT 507 268556.823366554 118 86 0 0.0152574917
SW 507 268556.823366554 1 155 238 65 0
FT 508 268556.856702679 152 143 0 0.0215655441
FT 509 268556.890038762 143 133 0 0.0344916602
FT 510 268556.923374887 133 125 0 0.0239574835
SW 510 268556.923374887 1 170 269 57 0
FT 511 268556.956710846 155 148 0 0.0149773427
FT 512 268556.990046929 148 141 0 0.00973964079
FT 513 268557.023383096 141 137 0 0.0168300679
SW 513 268557.023383096 1 201 250 40 0
FT 514 268557.056719179 158 156 0 0.015331179
FT 515 268557.090055387 156 145 0 0.0113402848
FT 516 268557.123391262 145 128 0 0.0172179884
SW 516 268557.123391262 1 213 255 25 0
FT 517 268557.156727429 156 149 0 0.0091185007
FT 518 268557.190063512 149 144 0 0.0165826493
FT 519 268557.223399637 144 135 0 0.00934817186
SW 519 268557.223399637 1 168 258 24 0
FT 520 268557.256735762 157 149 0 0.00936299772
FT 521 268557.290071762 149 141 0 0.0221605863
FT 522 268557.323407804 141 135 0 0.0260392345
SW 522 268557.323407804 1 173 204 21 0
FT 523 268557.356743887 150 138 0 0.0351431255
FT 524 268557.390079971 138 108 0 0.0505757668
FT 525 268557.423416179 108 97 0 0.0533718919
SW 525 268557.423416179 1 179 204 14 0
FT 526 268557.456752137 135 127 0 0.0291678024
FT 527 268557.490088346 127 124 0 0.0152154248
FT 528 268557.523424304 124 117 0 0.0248305924
SW 528 268557.523424304 1 187 222 12 0
FT 529 268557.556760387 143 135 0 0.0264835065
FT 530 268557.590096429 135 130 0 0.0212742382
FT 531 268557.623432554 130 125 0 0.0274254962
SW 531 268557.623432554 1 195 220 12 0
FT 532 268557.656768554 152 146 0 0.0302288067
FT 533 268557.690104679 146 138 0 0.0195811161
FT 534 268557.723440762 138 132 0 0.0240381795
SW 534 268557.723440762 1 202 225 11 0
FT 535 268557.756776887 156 140 0 0.0406662564
FT 536 268557.790112887 140 128 0 0.0342276226
FT 537 268557.823449012 128 110 0 0.0292592555
SW 537 268557.823449012 1 145 226 33 0
FT 538 268557.856785137 154 135 0 0.0213005308
FT 539 268557.890121304 135 127 0 0.0191236545
FT 540 268557.923457262 127 124 0 0.0256004213
SW 540 268557.923457262 1 161 206 36 0
FT 541 268557.956793262 164 157 0 0.0257716808
FT 542 268557.990129387 157 150 0 0.0291629571
FT 543 268558.023465679 150 145 0 0.0278387231
SW 543 268558.023465679 1 183 230 34 0
FT 544 268558.056801554 165 158 0 0.0204106108
FT 545 268558.090137596 158 152 0 0.0221224161
FT 546 268558.123473721 152 136 0 0.0369892877
SW 546 268558.123473721 1 190 233 32 0
FT 547 268558.156809929 159 143 0 0.0368608373
FT 548 268558.190145846 143 134 0 0.03254949
FT 549 268558.223481971 134 111 0 0.036296504
SW 549 268558.223481971 1 168 235 32 0
FT 550 268558.256817929 138 126 0 0.0402922748
FT 551 268558.290154054 126 106 0 0.0402450675
FT 552 268558.323490179 106 99 0 0.0313585478
SW 552 268558.323490179 1 175 216 27 0
FT 553 268558.356826221 149 137 0 0.0254806472
FT 554 268558.390162262 137 118 0 0.0356506602
FT 555 268558.423498387 118 112 0 0.0420266911
SW 555 268558.423498387 1 198 231 21 0
FT 556 268558.456834429 148 106 0 0.0225396114
FT 557 268558.490170512 106 83 0 0.02578347
FT 558 268558.523506637 83 73 0 0.0309325648
SW 558 268558.523506637 1 183 232 24 0
FT 559 268558.556842679 137 125 0 0.0368356184
FT 560 268558.590178637 125 101 0 0.0367529612
FT 561 268558.623514887 101 99 0 0.0320967749
SW 561 268558.623514887 1 184 248 26 0
FT 562 268558.656850762 149 140 0 0.0223556729
FT 563 268558.690186929 140 126 0 0.0281521513
FT 564 268558.723522887 126 119 0 0.0255715406
SW 564 268558.723522887 1 186 244 30 0
FT 565 268558.756859179 160 150 0 0.0181812477
FT 566 268558.790195137 150 144 0 0.0221048948
FT 567 268558.823531262 144 141 0 0.0189551512
SW 567 268558.823531262 1 208 250 26 0
FT 568 268558.856867221 159 158 0 0.016688561
FT 569 268558.890203429 158 154 0 0.0184275982
FT 570 268558.923539429 154 144 0 0.0159692403
SW 570 268558.923539429 1 175 246 19 0
FT 571 268558.956875471 165 157 0 0.0117984302
FT 572 268558.990211471 157 146 0 0.023073616
FT 573 268559.023547637 146 137 0 0.0145713259
SW 573 268559.023547637 1 171 206 20 0
FT 574 268559.056883679 152 129 0 0.0074311156
FT 575 268559.090219804 129 118 0 0.016298297
FT 576 268559.123555762 118 114 0 0.0153947198
SW 576 268559.123555762 1 164 198 20 0
FT 577 268559.156891887 143 131 0 0.00958600045
FT 578 268559.190227887 131 124 0 0.015021502
FT 579 268559.223564012 124 119 0 0.017712086
SW 579 268559.223564012 1 175 206 19 0
FT 580 268559.256900096 143 133 0 0.0119654039
FT 581 268559.290236179 133 125 1 0.0132340413
FT 582 268559.323572387 125 123 0 0.012576283
SW 582 268559.323572387 1 182 209 18 0
FT 583 268559.356908346 144 139 1 0.00670777149
FT 584 268559.390244304 139 135 1 0.00997024524
FT 585 268559.423580346 135 134 1 0.00794548256
SW 585 268559.423580346 0 182 0 0 0
FT 586 268559.456916471 162 161 0 0.00337262048
FT 587 268559.490252596 161 148 0 0.0150001048
FT 588 268559.523588637 148 138 1 0.0227352815
SW 588 268559.523588637 0 182 0 0 0
FT 589 268559.556924554 155 151 0 0.0204653612
FT 590 268559.590260721 151 149 0 0.00904070871
FT 591 268559.623596846 149 146 1 0.0193245923
SW 591 268559.623596846 0 182 0 0 0
FT 592 268559.656932846 162 162 1 0.0115674307
FT 593 268559.690268887 162 159 0 0.012826435
FT 594 268559.723605096 159 154 0 0.0152760256
SW 594 268559.723605096 1 163 252 42 0
FT 595 268559.756941054 166 162 1 0.00904574456
FT 596 268559.790277137 162 153 0 0.0113421865
FT 597 268559.820098202 153 138 0 0.0225438802
SW 597 268559.820098202 1 152 213 44 0
FT 598 268559.853074921 155 152 0 0.00899202563
FT 599 268559.886411296 152 151 0 0.0170553076
FT 600 268559.919747505 151 141 0 0.0109095124
SW 600 268559.919747505 1 150 206 45 0
FT 601 268559.953083838 157 148 0 0.0271724388
FT 602 268559.986420088 148 140 0 0.0255261875
FT 603 268560.019756380 140 139 1 0.00899904511
SW 603 268560.019756380 0 150 0 0 0
FT 604 268560.053092671 158 154 0 0.012853713
FT 605 268560.086428963 154 151 1 0.0147348933
FT 606 268560.119765213 151 151 1 0.0110561006
SW 606 268560.119765213 0 150 0 0 0
FT 607 268560.153101588 163 161 1 0.0121615115
FT 608 268560.186437838 161 159 1 0.0138966977
FT 609 268560.219774171 159 153 1 0.0107920235
SW 609 268560.219774171 0 150 0 0 0
FT 610 268560.253110421 161 157 1 0.0126271672
FT 611 268560.286446671 157 157 1 0.00986475876
FT 612 268560.319783046 157 156 1 0.0124571017
SW 612 268560.319783046 0 150 0 0 0
FT 613 268560.353119296 165 165 1 0.0109459268
FT 614 268560.386455630 165 154 0 0.0143406259
FT 615 268560.419791963 154 84 0 0.036757009
SW 615 268560.419791963 1 118 205 60 0
FT 616 268560.453128255 121 41 0 0.0703585563
FT 617 268560.486464463 41 20 0 0.0832184964
FT 618 268560.519800838 20 15 0 0.0517240605
SW 618 268560.519800838 1 123 180 36 1
FT 619 268560.553136963 132 129 0 0.0121059206
FT 620 268560.586473338 129 121 0 0.0110728503
FT 621 268560.619809630 121 105 0 0.0335472885
SW 621 268560.619809630 1 216 252 28 1
FT 622 268560.653145921 143 128 0 0.0302594961
FT 623 268560.686482213 128 112 0 0.0256444177
FT 624 268560.719818546 112 95 0 0.0386048523
SW 624 268560.719818546 1 220 263 24 1
FT 625 268560.753154838 119 76 0 0.0511117811
FT 626 268560.786491130 76 48 0 0.0501596764
FT 627 268560.819827380 48 42 0 0.0493748907
SW 627 268560.819827380 1 174 254 18 11
FT 628 268560.853163713 77 64 0 0.0452841268
FT 629 268560.886500005 64 58 0 0.0365657735
FT 630 268560.919836255 58 47 0 0.0337575567
SW 630 268560.919836255 1 123 224 30 2
FT 631 268560.953172588 129 113 0 0.0352875294
FT 632 268560.986508838 113 99 0 0.0354032057
FT 633 268561.019845130 99 84 0 0.0274847329
SW 633 268561.019845130 1 175 204 27 1
FT 634 268561.053181338 131 100 0 0.0103073297
FT 635 268561.086517713 100 69 0 0.0259645077
FT 636 268561.119853963 69 56 0 0.0329826303
SW 636 268561.119853963 1 158 217 30 1
FT 637 268561.153190213 97 84 0 0.0109958676
FT 638 268561.186526505 84 73 0 0.0115032503
FT 639 268561.219862838 73 60 0 0.0323735905
SW 639 268561.219862838 1 112 211 36 2
FT 640 268561.253199130 93 76 0 0.0346465399
FT 641 268561.286535338 76 66 0 0.0302049711
FT 642 268561.319871630 66 49 0 0.0225073797
SW 642 268561.319871630 1 110 165 38 1
FT 643 268561.353207963 76 58 0 0.0348793385
FT 644 268561.386544255 58 48 0 0.0214671861
FT 645 268561.419880505 48 37 0 0.0270813012
SW 645 268561.419880505 1 122 161 25 1
FT 646 268561.453216838 85 71 0 0.0233411824
FT 647 268561.486553213 71 59 0 0.0117384502
FT 648 268561.519889421 59 55 0 0.0137987375
SW 648 268561.519889421 1 103 174 28 1
FT 649 268561.553225630 112 95 0 0.0259682531
FT 650 268561.586561963 95 78 0 0.0182505312
FT 651 268561.619898213 78 71 0 0.0159122888
SW 651 268561.619898213 1 113 162 30 1
FT 652 268561.653234505 106 75 0 0.0211379893
FT 653 268561.686570713 75 60 0 0.0270204615
FT 654 268561.719907005 60 56 0 0.0178073043
SW 654 268561.719907005 1 104 158 26 1
FT 655 268561.753243296 102 87 0 0.0243576427
FT 656 268561.786579671 87 76 0 0.0224723227
FT 657 268561.819915921 76 72 0 0.0216389768
SW 657 268561.819915921 1 110 157 23 1
FT 658 268561.853252171 114 100 0 0.0204394663
FT 659 268561.886588421 100 87 0 0.0229297107
FT 660 268561.919924796 87 79 0 0.0262468314
SW 660 268561.919924796 1 123 157 26 0
FT 661 268561.953261088 132 110 0 0.0286378013
FT 662 268561.986597338 110 97 0 0.0300042196
FT 663 268562.019933630 97 94 0 0.0277347711
SW 663 268562.019933630 1 143 184 27 0
FT 664 268562.053269880 125 117 0 0.0245349661
FT 665 268562.086606171 117 106 0 0.0214730353
FT 666 268562.119942380 106 98 0 0.0206682746
SW 666 268562.119942380 1 128 190 33 0
FT 667 268562.153278671 133 128 0 0.013751904
FT 668 268562.186614921 128 123 0 0.0124549176
FT 669 268562.219951255 123 115 0 0.017472319
SW 669 268562.219951255 1 146 189 33 0
FT 670 268562.253287463 138 123 0 0.0255274228
FT 671 268562.286623796 123 115 0 0.0275569821
FT 672 268562.319960130 115 111 0 0.0227197894
SW 672 268562.319960130 1 149 193 27 0
FT 673 268562.353296296 141 136 0 0.0112920542
FT 674 268562.386632630 136 132 0 0.0102673991
FT 675 268562.419968963 132 125 0 0.0144020904
SW 675 268562.419968963 1 154 199 25 0
FT 676 268562.453305213 137 131 0 0.00633415891
FT 677 268562.486641463 131 128 0 0.00745659726
FT 678 268562.519977755 128 121 0 0.0112643081
SW 678 268562.519977755 1 153 188 19 0
FT 679 268562.553314046 139 132 0 0.00780882277
FT 680 268562.586650338 132 127 0 0.0143586792
FT 681 268562.619986671 127 122 0 0.0148062363
SW 681 268562.619986671 1 166 187 10 0
FT 682 268562.653322838 141 133 0 0.013205899
FT 683 268562.686659130 133 127 0 0.0123870451
FT 684 268562.719995421 127 123 0 0.00786094188
SW 684 268562.719995421 1 161 188 9 0
FT 685 268562.753331630 138 130 0 0.0127791061
FT 686 268562.786667921 130 122 0 0.00767530268
FT 687 268562.820004171 122 119 0 0.0119044351
SW 687 268562.820004171 1 162 179 8 0
FT 688 268562.853340421 133 126 0 0.0154733672
FT 689 268562.886676838 126 114 0 0.0163823707
FT 690 268562.920013130 114 103 0 0.0302120187
SW 690 268562.920013130 1 155 179 11 0
FT 691 268562.953349338 125 115 0 0.0248156089
FT 692 268562.986685630 115 107 0 0.0170000413
FT 693 268563.020021838 107 105 0 0.0188896351
SW 693 268563.020021838 1 153 183 16 0
FT 694 268563.053358088 124 122 0 0.0181903151
FT 695 268563.086694463 122 121 0 0.0211809266
FT 696 268563.120030671 121 118 0 0.0192649298
SW 696 268563.120030671 1 153 183 18 0
FT 697 268563.153366963 133 131 0 0.0216090276
FT 698 268563.186703255 131 120 0 0.0120785233
FT 699 268563.220039505 120 114 0 0.0183373369
SW 699 268563.220039505 1 149 180 19 0
FT 700 268563.253375755 138 131 0 0.0215134932
FT 701 268563.286712005 131 127 0 0.0202876693
FT 702 268563.320048255 127 119 0 0.0196254576
SW 702 268563.320048255 1 133 183 25 0
FT 703 268563.353384505 146 131 0 0.021733767
FT 704 268563.386720796 131 125 0 0.0277576676
FT 705 268563.420057088 125 118 0 0.0237333554
SW 705 268563.420057088 1 133 176 28 0
FT 706 268563.453393421 136 125 0 0.0248331275
FT 707 268563.486729671 125 120 0 0.0166113073
FT 708 268563.520065921 120 116 0 0.0196828368
SW 708 268563.520065921 1 141 172 30 0
FT 709 268563.553402171 146 143 0 0.0152928587
FT 710 268563.586738463 143 137 0 0.00922383048
FT 711 268563.620074713 137 135 0 0.0103003142
SW 711 268563.620074713 1 152 196 31 0
FT 712 268563.653411005 154 139 0 0.0305192925
FT 713 268563.686747255 139 137 0 0.0160342992
FT 714 268563.720083505 137 131 0 0.0228819712
SW 714 268563.720083505 1 152 195 33 0
FT 715 268563.753419796 144 135 0 0.0292429231
FT 716 268563.786756130 135 127 0 0.0344469573
FT 717 268563.820092380 127 122 0 0.0212771855
SW 717 268563.820092380 1 148 195 28 0
FT 718 268563.853428630 140 132 0 0.0144100614
FT 719 268563.886764796 132 126 0 0.00464497818
FT 720 268563.920101213 126 122 0 0.0071599793
SW 720 268563.920101213 1 152 187 22 0
FT 721 268563.953437463 144 139 0 0.00966689513
FT 722 268563.986773713 139 134 0 0.0135309778
FT 723 268564.020109963 134 117 0 0.0256041326
SW 723 268564.020109963 1 163 191 22 0
FT 724 268564.053446255 144 135 0 0.0272569991
FT 725 268564.086782505 135 127 0 0.0151469118
FT 726 268564.120118838 127 112 0 0.0207539454
SW 726 268564.120118838 1 159 204 29 0
FT 727 268564.153455005 139 127 0 0.0228654496
FT 728 268564.186791296 127 117 0 0.0299386908
FT 729 268564.220127630 117 108 0 0.0353127757
SW 729 268564.220127630 1 171 208 18 0
FT 730 268564.253463713 146 136 0 0.0386897858
FT 731 268564.286800171 136 130 0 0.0438692811
FT 732 268564.320136380 130 106 0 0.0542550085
SW 732 268564.320136380 1 184 211 16 0
FT 733 268564.353472755 133 110 0 0.0654974201
FT 734 268564.386809005 110 106 0 0.0371633809
FT 735 268564.420145255 106 101 0 0.0170845823
SW 735 268564.420145255 1 174 216 20 0
FT 736 268564.453481380 134 104 0 0.0600042999
FT 737 268564.486817713 104 79 0 0.050771775
FT 738 268564.520154046 79 69 0 0.0396132347
SW 738 268564.520154046 1 169 209 16 0
FT 739 268564.553490213 125 109 0 0.0431896931
FT 740 268564.586826588 109 102 0 0.06189887
FT 741 268564.620162838 102 86 0 0.0852420486
SW 741 268564.620162838 1 176 217 17 0
FT 742 268564.653499005 113 88 0 0.075937022
FT 743 268564.686835255 88 66 0 0.0702517577
FT 744 268564.720171671 66 53 0 0.0758897351
SW 744 268564.720171671 1 153 199 22 0
FT 745 268564.753507838 116 99 0 0.0344982908
FT 746 268564.786844088 99 87 0 0.0319790604
FT 747 268564.820180421 87 73 0 0.04180767
SW 747 268564.820180421 1 155 205 29 0
FT 748 268564.853516755 114 87 0 0.0388382186
FT 749 268564.886852880 87 76 0 0.0494606019
FT 750 268564.920189296 76 69 0 0.0510481415
SW 750 268564.920189296 1 114 197 36 0
FT 751 268564.953525421 107 92 0 0.0498932047
FT 752 268564.986861671 92 84 0 0.0485689625
FT 753 268565.020197963 84 80 0 0.0249059308
SW 753 268565.020197963 1 109 171 44 2
FT 754 268565.053534255 108 101 0 0.0222886714
FT 755 268565.086870505 101 92 0 0.0250363395
FT 756 268565.120206755 92 88 0 0.0299670522
SW 756 268565.120206755 1 83 172 51 1
FT 757 268565.153542921 111 102 0 0.0399345646
FT 758 268565.186879296 102 93 0 0.0474127431
FT 759 268565.220215463 93 82 0 0.0513929416
SW 759 268565.220215463 1 81 146 55 0
FT 760 268565.253551796 110 96 0 0.0528720494
FT 761 268565.286888088 96 92 0 0.037533923
FT 762 268565.320224255 92 91 0 0.0295276788
SW 762 268565.320224255 1 90 157 50 0
FT 763 268565.353560588 120 110 1 0.0311057671
FT 764 268565.386896838 110 106 0 0.0281551858
FT 765 268565.420233171 106 101 0 0.0232832659
SW 765 268565.420233171 1 100 159 49 0
FT 766 268565.453569380 119 105 0 0.0243865987
FT 767 268565.486905713 105 101 0 0.0263197214
FT 768 268565.520241880 101 91 0 0.0256111484
SW 768 268565.520241880 1 104 157 44 0
FT 769 268565.553578171 114 99 0 0.0166782339
FT 770 268565.586914380 99 91 0 0.0114851017
FT 771 268565.620250755 91 81 0 0.0225885417
SW 771 268565.620250755 1 109 163 36 0
FT 772 268565.653586880 104 95 0 0.014795801
FT 773 268565.686923171 95 85 0 0.0170031734
FT 774 268565.720259380 85 72 0 0.0349031441
SW 774 268565.720259380 1 116 158 30 0
FT 775 268565.753595755 97 88 0 0.0305619604
FT 776 268565.786931963 88 80 0 0.0314737437
FT 777 268565.820268213 80 76 0 0.0290955568
SW 777 268565.820268213 1 129 163 25 0
FT 778 268565.853604463 97 81 0 0.0251696173
FT 779 268565.886940755 81 65 0 0.0322228027
FT 780 268565.920276963 65 59 0 0.0203341129
SW 780 268565.920276963 1 113 160 29 0
FT 781 268565.953613296 101 92 0 0.0207349056
FT 782 268565.986949588 92 79 0 0.0330244497
FT 783 268566.020285838 79 64 0 0.0427143221
SW 783 268566.020285838 1 113 164 26 0
FT 784 268566.053622005 102 84 0 0.0323814867
FT 785 268566.086958255 84 71 0 0.0258680242
FT 786 268566.120294546 71 65 0 0.0262221937
SW 786 268566.120294546 1 112 162 28 0
FT 787 268566.153630713 97 83 0 0.0220066764
FT 788 268566.186967046 83 62 0 0.0225830653
FT 789 268566.220303338 62 43 0 0.0377609141
SW 789 268566.220303338 1 100 147 34 0
FT 790 268566.253639546 75 60 0 0.0340865679
FT 791 268566.286975796 60 54 0 0.0288831868
FT 792 268566.320312088 54 51 0 0.0346816952
SW 792 268566.320312088 1 99 154 32 0
FT 793 268566.357463346 85 72 0 0.0383368604
FT 794 268566.390769012 72 62 0 0.0414094521
FT 795 268566.424105012 62 51 0 0.0371323369
SW 795 268566.424105012 1 95 144 32 0
FT 796 268566.457441012 89 79 0 0.035994529
FT 797 268566.490777054 79 69 0 0.0391743187
FT 798 268566.524113137 69 62 0 0.0423591309
SW 798 268566.524113137 1 94 148 32 0
FT 799 268566.557449096 89 81 0 0.0355391253
FT 800 268566.590785137 81 77 0 0.021325728
FT 801 268566.624121304 77 74 0 0.0276944796
SW 801 268566.624121304 1 57 145 59 0
FT 802 268566.657457137 96 84 0 0.031680303
FT 803 268566.690793137 84 76 0 0.0404098472
FT 804 268566.724129262 76 68 0 0.0289085156
SW 804 268566.724129262 1 44 124 68 0
FT 805 268566.757465346 89 77 0 0.0287394175
FT 806 268566.790801221 77 68 0 0.0390211008
FT 807 268566.824137221 68 58 0 0.0362263702
SW 807 268566.824137221 1 38 119 68 0
FT 808 268566.857473304 75 60 0 0.0277058796
FT 809 268566.890809262 60 52 0 0.0161680661
FT 810 268566.924145387 52 46 0 0.0112696876
SW 810 268566.924145387 1 33 112 69 0
FT 811 268566.957481387 76 51 0 0.0127173695
FT 812 268566.990817387 51 36 0 0.0265365635
FT 813 268567.024153387 36 27 0 0.0345845522
SW 813 268567.024153387 1 32 109 70 0
FT 814 268567.057489387 75 52 0 0.0176182577
FT 815 268567.090825429 52 38 0 0.00693805159
FT 816 268567.124161387 38 36 0 0.0198397021
SW 816 268567.124161387 1 48 121 59 0
FT 817 268567.157497429 87 69 0 0.0246466476
FT 818 268567.190833512 69 61 0 0.0200695659
FT 819 268567.224169471 61 58 0 0.0118942687
SW 819 268567.224169471 1 58 137 62 0
FT 820 268567.257505387 110 91 0 0.032148139
FT 821 268567.290841554 91 84 0 0.0140516916
FT 822 268567.324177429 84 82 0 0.00577348465
SW 822 268567.324177429 1 68 145 59 0
FT 823 268567.357513429 127 115 0 0.00849603377
FT 824 268567.390849512 115 93 0 0.0167437446
FT 825 268567.424185596 93 79 0 0.0172126723
SW 825 268567.424185596 1 71 145 48 0
FT 826 268567.457521637 112 101 0 0.0113384438
FT 827 268567.490857512 101 87 0 0.028013307
FT 828 268567.524193554 87 79 0 0.0386079908
SW 828 268567.524193554 1 65 129 54 0
FT 829 268567.557529596 101 83 0 0.031278678
FT 830 268567.590865596 83 63 0 0.0264936498
FT 831 268567.624201679 63 45 0 0.0495291898
SW 831 268567.624201679 1 61 121 52 0
FT 832 268567.657537554 123 78 0 0.0298522526
FT 833 268567.690873596 78 59 0 0.0236524178
FT 834 268567.724209637 59 55 0 0.0272894321
SW 834 268567.724209637 1 87 136 48 0
FT 835 268567.757545721 105 76 0 0.0244062741
FT 836 268567.790881637 76 56 0 0.0268117731
FT 837 268567.824217637 56 44 0 0.0270023936
SW 837 268567.824217637 1 72 142 49 0
FT 838 268567.857553721 103 65 0 0.0123076386
FT 839 268567.890889721 65 57 0 0.0155742934
FT 840 268567.924225762 57 51 0 0.0226884666
SW 840 268567.924225762 1 75 140 55 0
FT 841 268567.957561846 98 69 0 0.023094789
FT 842 268567.990897721 69 56 0 0.0218142925
FT 843 268568.024233804 56 50 0 0.0202797066
SW 843 268568.024233804 1 61 144 47 0
FT 844 268568.057569762 103 78 0 0.0277304165
FT 845 268568.090905762 78 66 0 0.033334635
FT 846 268568.124241804 66 58 0 0.0294517856
SW 846 268568.124241804 1 70 127 44 0
FT 847 268568.157577887 93 70 0 0.0272922741
FT 848 268568.190913846 70 58 0 0.0295431117
FT 849 268568.224249887 58 48 0 0.0354968341
SW 849 268568.224249887 1 63 120 39 0
FT 850 268568.257585679 90 52 0 0.0429238129
FT 851 268568.290921762 52 41 0 0.0622913362
FT 852 268568.324257929 41 33 0 0.0657536104
SW 852 268568.324257929 1 65 106 29 0
FT 853 268568.357593887 62 39 0 0.0430340944
FT 854 268568.390929887 39 33 0 0.032001515
FT 855 268568.424265971 33 32 0 0.0318656077
SW 855 268568.424265971 1 54 99 30 0
FT 856 268568.457601929 69 44 0 0.0247589206
FT 857 268568.490937887 44 34 0 0.0309856734
FT 858 268568.524273929 34 26 0 0.00472707333
SW 858 268568.524273929 1 55 95 29 0
FT 859 268568.557609846 67 49 0 0.0328276861
FT 860 268568.590945804 49 41 0 0.0344863387
FT 861 268568.624281929 41 37 0 0.017499431
SW 861 268568.624281929 1 58 101 27 0
FT 862 268568.657617887 82 60 0 0.0113829916
FT 863 268568.690953929 60 49 0 0.018837746
FT 864 268568.724289887 49 45 0 0.0241361743
SW 864 268568.724289887 1 51 101 31 0
FT 865 268568.757625846 95 65 0 0.0398863036
FT 866 268568.790961846 65 31 0 0.0718737582
FT 867 268568.824297929 31 15 0 0.0532031123
SW 867 268568.824297929 1 48 83 29 0
FT 868 268568.857633887 52 30 0 0.0156300033
FT 869 268568.890969887 30 21 0 0.0254812955
FT 870 268568.924305929 21 12 0 0.00949480332
SW 870 268568.924305929 1 47 82 18 0
FT 871 268568.957641804 52 31 0 0.0143467391
FT 872 268568.990977846 31 25 0 0.00815070068
FT 873 268569.024313929 25 18 0 0.0125549924
SW 873 268569.024313929 1 55 77 16 0
FT 874 268569.057649929 54 34 0 0.0125547674
FT 875 268569.090985929 34 30 0 0.0130813652
FT 876 268569.124321887 30 30 0 0.0305643303
SW 876 268569.124321887 1 60 84 16 0
FT 877 268569.157657971 72 62 0 0.0364297336
FT 878 268569.190993929 62 59 0 0.029338523
FT 879 268569.224329887 59 50 0 0.0214140231
SW 879 268569.224329887 1 54 100 15 0
FT 880 268569.257665929 97 72 0 0.0262061251
FT 881 268569.291001971 72 66 0 0.0276370605
FT 882 268569.324337846 66 47 0 0.034799028
SW 882 268569.324337846 1 37 81 36 0
FT 883 268569.357673887 93 62 0 0.0300055157
FT 884 268569.391009887 62 53 0 0.016028747
FT 885 268569.424345971 53 44 0 0.0120147824
SW 885 268569.424345971 1 42 88 40 0
FT 886 268569.457681887 88 75 0 0.00318355238
FT 887 268569.491017846 75 47 0 0.0224021876
FT 888 268569.524353846 47 35 0 0.0450710617
SW 888 268569.524353846 1 39 95 55 0
FT 889 268569.557689971 76 47 0 0.0462779859
FT 890 268569.591025804 47 35 0 0.0324276497
FT 891 268569.624361887 35 30 0 0.0149484849
SW 891 268569.624361887 1 44 106 58 0
FT 892 268569.657697929 104 83 0 0.012806873
FT 893 268569.691033971 83 69 0 0.0160583641
FT 894 268569.724369929 69 65 0 0.0123057581
SW 894 268569.724369929 1 61 141 65 0
FT 895 268569.757706012 109 98 0 0.00764065422
FT 896 268569.791041929 98 88 0 0.00152065834
FT 897 268569.824377887 88 72 0 0.0170714085
SW 897 268569.824377887 1 61 148 69 0
FT 898 268569.857713887 96 67 0 0.0348390668
FT 899 268569.891050054 67 55 0 0.0206162222
