FT 2 268539.986839463 153 152 1 0.00252230729
FT 3 268540.020175921 160 157 1 0.00339215246
FT 4 268540.053512546 163 161 1 0.00263121338
FT 5 268540.086849130 166 163 1 0.00296440055
FT 6 268540.120185546 163 163 1 0.00131971244
FT 7 268540.153522088 165 165 1 0.00228888737
FT 8 268540.186858713 167 164 1 0.0016841601
FT 9 268540.220195171 168 166 1 0.00162720648
FT 10 268540.253531755 170 168 0 0.00137558065
FT 11 268540.286868338 172 171 1 0.00174984051
FT 12 268540.320204755 173 172 1 0.00218642922
FT 13 268540.353541296 178 171 1 0.00769074978
FT 14 268540.386877880 174 167 0 0.00760250649
FT 15 268540.420214338 169 165 1 0.00899238681
FT 16 268540.453550921 169 168 1 0.00802473887
FT 17 268540.486887463 169 164 0 0.00643336103
FT 18 268540.520223963 168 166 0 0.00688956935
FT 19 268540.553560463 168 167 0 0.00515423073
FT 20 268540.586896921 173 167 1 0.00510387923
FT 21 268540.620233546 172 164 0 0.00823973326
FT 22 268540.653570130 170 167 0 0.00975865608
FT 23 268540.686906546 172 169 0 0.00309740326
FT 24 268540.720243088 172 156 0 0.0207243302
FT 25 268540.753579671 163 150 0 0.0318586745
FT 26 268540.786916130 166 163 0 0.0139989134
FT 27 268540.820252713 170 160 0 0.0130548179
FT 28 268540.853589296 167 164 0 0.00486254494
FT 29 268540.886925755 171 170 0 0.00806461612
FT 30 268540.920262338 175 169 0 0.0120108794
FT 31 268540.953598921 172 158 0 0.0160571795
FT 32 268540.986935338 162 152 0 0.00977798102
FT 33 268541.020271880 158 154 1 0.011455701
FT 34 268541.053608421 158 154 0 0.00482053985
FT 35 268541.086944921 160 155 0 0.00433085266
FT 36 268541.120281421 157 153 0 0.00813278647
INIT 268539.953503005 268541.120281421 8 0.233530221 7.70644035 0.338239226 6.05530804 -0.00339994581 -0.00526760455 0.00563683256 0 0 0
FT 37 268541.153618005 158 152 0 0.0128313424
FT 38 268541.186954505 152 150 1 0.00546206061
FT 39 268541.220291005 150 145 0 0.00619530518
SW 39 268541.220291005 1 190 232 8 0
FT 40 268541.253627505 151 147 0 0.0153967753
FT 41 268541.286964046 147 140 1 0.0146767898
FT 42 268541.320300588 140 129 1 0.0155291714
SW 42 268541.320300588 0 190 0 0 0
FT 43 268541.353637130 141 135 0 0.0236955109
FT 44 268541.386973588 135 132 1 0.0208045498
FT 45 268541.420310130 132 124 1 0.0144754315
SW 45 268541.420310130 0 190 0 0 0
FT 46 268541.453646630 133 132 1 0.012005717
FT 47 268541.486983171 132 132 0 0.0114920801
FT 48 268541.520319588 132 132 1 0.00976498836
SW 48 268541.520319588 0 190 0 0 0
FT 49 268541.553656171 144 139 1 0.00898223401
FT 50 268541.586992630 139 136 0 0.00946943522
FT 51 268541.620329046 136 135 0 0.0100996011
SW 51 268541.620329046 1 168 224 27 0
FT 52 268541.653665588 142 141 0 0.00747878812
FT 53 268541.687002005 141 137 0 0.0105041315
FT 54 268541.720338588 137 136 0 0.00769408343
SW 54 268541.720338588 1 162 200 23 0
FT 55 268541.753675130 142 141 0 0.00957629242
FT 56 268541.787011588 141 136 0 0.0104654766
FT 57 268541.820348005 136 133 0 0.0075247746
SW 57 268541.820348005 1 157 188 22 0
FT 58 268541.853684505 139 138 0 0.00565468195
FT 59 268541.887021005 138 136 0 0.002780664
FT 60 268541.920357463 136 132 0 0.00936765703
SW 60 268541.920357463 1 128 184 23 0
FT 61 268541.953693880 149 144 0 0.00869882189
FT 62 268541.987030463 144 138 0 0.00791093446
FT 63 268542.020366880 138 136 0 0.010291097
SW 63 268542.020366880 1 156 167 8 0
FT 64 268542.053703338 139 138 0 0.0142959092
FT 65 268542.087039880 138 130 0 0.0154567161
FT 66 268542.120376296 130 124 0 0.0115676167
SW 66 268542.120376296 1 153 166 9 0
FT 67 268542.153712838 144 140 0 0.0104251767
FT 68 268542.187049338 140 138 0 0.0101657943
FT 69 268542.220385796 138 134 0 0.0109560193
SW 69 268542.220385796 1 166 178 6 0
FT 70 268542.253722171 153 144 0 0.0068650369
FT 71 268542.287058671 144 141 0 0.00776706473
FT 72 268542.320395046 141 133 0 0.0230971882
SW 72 268542.320395046 1 172 186 8 0
FT 73 268542.353731671 145 137 0 0.0233253477
FT 74 268542.387068088 137 125 0 0.010572692
FT 75 268542.420404505 125 116 0 0.00681412894
SW 75 268542.420404505 1 166 185 7 0
FT 76 268542.453740921 134 128 0 0.00549246893
FT 77 268542.487077421 128 120 0 0.0234053721
FT 78 268542.520413838 120 117 0 0.0206429497
SW 78 268542.520413838 1 159 182 9 0
FT 79 268542.553750380 139 128 0 0.00788613482
FT 80 268542.587086921 128 114 0 0.0128511069
FT 81 268542.620423296 114 112 0 0.00925669655
SW 81 268542.620423296 1 162 181 13 0
FT 82 268542.653759838 139 136 0 0.00816582325
FT 83 268542.687096338 136 127 0 0.010588398
FT 84 268542.720432755 127 123 0 0.00711524595
SW 84 268542.720432755 1 166 196 15 0
FT 85 268542.753769130 149 145 0 0.00623426909
FT 86 268542.787105755 145 141 0 0.00751285076
FT 87 268542.820442088 141 138 0 0.00665045009
SW 87 268542.820442088 1 166 203 15 0
FT 88 268542.853778588 148 143 0 0.00385550906
FT 89 268542.887115046 143 138 0 0.00380620354
FT 90 268542.920451463 138 129 0 0.00953254377
SW 90 268542.920451463 1 162 187 17 0
FT 91 268542.953787921 141 124 0 0.0199623445
FT 92 268542.987124380 124 117 0 0.0235628846
FT 93 268543.020460921 117 112 0 0.0100105957
SW 93 268543.020460921 1 152 187 17 0
FT 94 268543.053797255 141 140 1 0.0127137239
FT 95 268543.087133713 140 137 0 0.0145902597
FT 96 268543.120470213 137 132 1 0.00971863465
SW 96 268543.120470213 0 152 0 0 0
FT 97 268543.153806713 146 142 1 0.00789260871
FT 98 268543.187143130 142 141 1 0.00626235001
FT 99 268543.220479630 141 139 0 0.00738633821
SW 99 268543.220479630 1 173 206 16 0
FT 100 268543.253816088 148 141 0 0.00839647679
FT 101 268543.287152505 141 135 0 0.0112096253
FT 102 268543.320489005 135 126 0 0.0147053581
SW 102 268543.320489005 1 171 197 11 0
FT 103 268543.353825505 144 138 0 0.0161338826
FT 104 268543.387161838 138 126 0 0.0109774496
FT 105 268543.420498255 126 119 0 0.00663818265
SW 105 268543.420498255 1 157 194 12 0
FT 106 268543.453834713 131 120 0 0.0139610245
FT 107 268543.487171171 120 114 0 0.014896061
FT 108 268543.520507713 114 105 0 0.0176150923
SW 108 268543.520507713 1 152 175 16 0
FT 109 268543.553844130 122 113 0 0.0225728949
FT 110 268543.587180546 113 110 0 0.00578193472
FT 111 268543.620517005 110 106 0 0.0226335496
SW 111 268543.620517005 1 161 180 16 0
FT 112 268543.653853505 123 112 0 0.0236186366
FT 113 268543.687189880 112 109 0 0.0147440416
FT 114 268543.720526421 109 107 0 0.0203690158
SW 114 268543.720526421 1 148 188 19 0
FT 115 268543.753862838 131 121 0 0.0213735895
FT 116 268543.787199338 121 117 0 0.0132709105
FT 117 268543.820535755 117 107 0 0.0242103867
SW 117 268543.820535755 1 143 183 21 0
FT 118 268543.853872213 123 113 0 0.0152163809
FT 119 268543.887208671 113 110 0 0.0133450871
FT 120 268543.920545005 110 108 0 0.0130876433
SW 120 268543.920545005 1 129 173 24 0
FT 121 268543.953881588 124 119 0 0.0162998652
FT 122 268543.987217880 119 113 0 0.0119792827
FT 123 268544.020554421 113 111 0 0.0171251615
SW 123 268544.020554421 1 131 165 23 0
FT 124 268544.053890921 128 115 0 0.0204384013
FT 125 268544.087227296 115 111 0 0.0104097447
FT 126 268544.120563755 111 107 0 0.0151570053
SW 126 268544.120563755 1 135 168 23 0
FT 127 268544.153900213 124 119 0 0.0119871446
FT 128 268544.187236671 119 116 0 0.0115308522
FT 129 268544.220573046 116 113 0 0.00759687738
SW 129 268544.220573046 1 136 171 19 0
FT 130 268544.253909505 129 122 0 0.00817893685
FT 131 268544.287246046 122 114 0 0.0179012752
FT 132 268544.320582421 114 112 0 0.00539606861
SW 132 268544.320582421 1 139 165 18 0
FT 133 268544.353918921 125 122 0 0.0107474052
FT 134 268544.387255213 122 118 0 0.0197381662
FT 135 268544.420591713 118 117 0 0.00567374727
SW 135 268544.420591713 1 141 168 18 0
FT 136 268544.453928213 131 128 0 0.00714258016
FT 137 268544.487264671 128 124 0 0.00364093118
FT 138 268544.520601088 124 124 0 0.0013386433
SW 138 268544.520601088 1 134 171 19 0
FT 139 268544.553937546 132 128 0 0.00974057576
FT 140 268544.587273921 128 119 0 0.0152527394
FT 141 268544.620610380 119 119 0 0.00644719192
SW 141 268544.620610380 1 134 157 16 0
FT 142 268544.653946880 132 124 0 0.0137372394
FT 143 268544.687283255 124 120 0 0.00979212377
FT 144 268544.720619671 120 117 0 0.00433238851
SW 144 268544.720619671 1 133 159 15 0
FT 145 268544.753956255 129 124 0 0.00901109898
FT 146 268544.787292588 124 123 0 0.0148359878
FT 147 268544.820629130 123 123 0 0.00771425728
SW 147 268544.820629130 1 138 158 14 0
FT 148 268544.853965421 128 122 0 0.00976755922
FT 149 268544.887301921 122 120 0 0.0192582724
FT 150 268544.920638338 120 117 0 0.010053076
SW 150 268544.920638338 1 137 156 14 0
FT 151 268544.953974796 124 123 0 0.0112904564
FT 152 268544.987311296 123 117 0 0.019443087
FT 153 268545.020647671 117 114 0 0.0168260553
SW 153 268545.020647671 1 133 156 14 0
FT 154 268545.053984088 125 123 0 0.0130378222
FT 155 268545.087320505 123 119 0 0.0133346829
FT 156 268545.120656963 119 117 0 0.0150761629
SW 156 268545.120656963 1 129 155 15 0
FT 157 268545.153993421 130 129 0 0.0132680639
FT 158 268545.187329755 129 121 0 0.0177814512
FT 159 268545.220666213 121 113 0 0.0256791917
SW 159 268545.220666213 1 131 151 16 0
FT 160 268545.254002671 128 121 0 0.0302638249
FT 161 268545.287339088 121 115 0 0.0329107937
FT 162 268545.320675588 115 111 0 0.0337088157
SW 162 268545.320675588 1 133 159 16 0
FT 163 268545.354011921 130 118 0 0.0264386184
FT 164 268545.387348421 118 114 0 0.0222646657
FT 165 268545.420684838 114 109 0 0.0184135786
SW 165 268545.420684838 1 138 163 17 0
FT 166 268545.454021213 128 126 0 0.0120460699
FT 167 268545.487357671 126 121 0 0.0169491156
FT 168 268545.520694088 121 120 0 0.0195283915
SW 168 268545.520694088 1 146 171 20 0
FT 169 268545.554030505 134 130 0 0.0152695704
FT 170 268545.587366921 130 127 0 0.0126337261
FT 171 268545.620703380 127 124 0 0.016630753
SW 171 268545.620703380 1 145 176 20 0
FT 172 268545.654039838 139 137 0 0.0114949977
FT 173 268545.687376255 137 133 0 0.00773812102
FT 174 268545.720712671 133 128 0 0.0154763694
SW 174 268545.720712671 1 144 175 17 0
FT 175 268545.754049005 140 136 0 0.0216579308
FT 176 268545.787385421 136 132 0 0.0247509116
FT 177 268545.820721963 132 129 0 0.0339826725
SW 177 268545.820721963 1 139 171 16 0
FT 178 268545.854058338 143 142 0 0.0353736144
FT 179 268545.887394755 142 137 0 0.0246050008
FT 180 268545.920731130 137 132 0 0.0202620002
SW 180 268545.920731130 1 149 168 14 0
FT 181 268545.954067546 145 131 0 0.0307923504
FT 182 268545.987403963 131 123 0 0.0369703931
FT 183 268546.020740463 123 119 0 0.0292061359
SW 183 268546.020740463 1 152 171 13 0
FT 184 268546.054076796 147 146 0 0.014239987
FT 185 268546.087413296 146 144 0 0.0142157621
FT 186 268546.120749630 144 141 0 0.0173378309
SW 186 268546.120749630 1 168 187 13 0
FT 187 268546.154086130 150 147 0 0.0171837389
FT 188 268546.187422546 147 146 0 0.0180835902
FT 189 268546.220758921 146 144 0 0.0253775095
SW 189 268546.220758921 1 169 189 11 0
FT 190 268546.254095338 152 150 0 0.0229836514
FT 191 268546.287431796 150 144 0 0.0176855391
FT 192 268546.320768213 144 140 0 0.0245723509
SW 192 268546.320768213 1 165 186 11 0
FT 193 268546.354104546 152 146 0 0.0275750657
FT 194 268546.387441005 146 135 0 0.0165789306
FT 195 268546.420777380 135 129 0 0.0168505309
SW 195 268546.420777380 1 149 183 13 0
FT 196 268546.454113880 142 135 0 0.0371072115
FT 197 268546.487450171 135 132 0 0.0328038685
FT 198 268546.520786713 132 125 0 0.0191032754
SW 198 268546.520786713 1 158 171 13 0
FT 199 268546.554123130 146 134 0 0.0189512654
FT 200 268546.587459463 134 123 0 0.020569741
FT 201 268546.620795963 123 119 0 0.0122166519
SW 201 268546.620795963 1 160 181 16 0
FT 202 268546.654132380 142 137 0 0.0114007306
FT 203 268546.687468630 137 134 0 0.0109992693
FT 204 268546.720805088 134 129 0 0.00853057076
SW 204 268546.720805088 1 167 193 16 0
FT 205 268546.754141463 147 145 0 0.0129082669
FT 206 268546.787477921 145 133 0 0.0150243304
FT 207 268546.820814380 133 128 0 0.0164235683
SW 207 268546.820814380 1 159 194 17 0
FT 208 268546.854150755 145 144 0 0.0162942742
FT 209 268546.887487088 144 140 0 0.0123844242
FT 210 268546.920823546 140 136 0 0.00976144146
SW 210 268546.920823546 1 157 189 19 0
FT 211 268546.954159921 145 144 0 0.0121770496
FT 212 268546.987496380 144 137 0 0.0146763513
FT 213 268547.020832755 137 133 0 0.0206425482
SW 213 268547.020832755 1 145 182 21 0
FT 214 268547.054169213 145 139 0 0.0214606663
FT 215 268547.087505546 139 135 0 0.0232023954
FT 216 268547.120842088 135 130 0 0.0244599079
SW 216 268547.120842088 1 146 176 23 0
FT 217 268547.154178338 143 138 0 0.0262494426
FT 218 268547.187514755 138 132 0 0.0276775665
FT 219 268547.220851213 132 125 0 0.0263796253
SW 219 268547.220851213 1 145 179 22 0
FT 220 268547.254187546 142 135 0 0.0237609397
FT 221 268547.287524046 135 129 0 0.0304633557
FT 222 268547.320860380 129 126 0 0.0339394014
SW 222 268547.320860380 1 153 180 22 0
FT 223 268547.354196796 140 131 0 0.0345995729
FT 224 268547.387533130 131 122 0 0.027594231
FT 225 268547.420869588 122 112 0 0.0281024932
SW 225 268547.420869588 1 150 181 22 0
FT 226 268547.454205880 134 123 0 0.0378329688
FT 227 268547.487542338 123 121 0 0.0351491395
FT 228 268547.520878838 121 113 0 0.0331239889
SW 228 268547.520878838 1 155 189 21 0
FT 229 268547.554215213 133 128 0 0.0409338844
FT 230 268547.587551588 128 119 0 0.0412587348
FT 231 268547.620887880 119 113 0 0.0434397586
SW 231 268547.620887880 1 157 189 17 0
FT 232 268547.654224296 140 134 0 0.0438488352
FT 233 268547.687560796 134 118 0 0.0433867383
FT 234 268547.720897213 118 106 0 0.0389561837
SW 234 268547.720897213 1 161 189 16 0
FT 235 268547.754233671 149 138 0 0.0216199465
FT 236 268547.787569921 138 115 0 0.0202805757
FT 237 268547.820906380 115 99 0 0.0381323358
SW 237 268547.820906380 1 160 193 13 0
FT 238 268547.854242713 138 110 0 0.0360868516
FT 239 268547.887579171 110 99 0 0.036354997
FT 240 268547.920915505 99 94 0 0.024484226
SW 240 268547.920915505 1 164 194 14 0
FT 241 268547.954251921 136 130 0 0.0119026181
FT 242 268547.987588338 130 116 0 0.013123736
FT 243 268548.020924755 116 105 0 0.0147241431
SW 243 268548.020924755 1 175 198 10 0
FT 244 268548.054261046 130 115 0 0.00884934874
FT 245 268548.087597505 115 98 0 0.0160374037
FT 246 268548.120933880 98 80 0 0.0323380704
SW 246 268548.120933880 1 153 190 15 0
FT 247 268548.154270296 114 82 0 0.0384601179
FT 248 268548.187606713 82 69 0 0.032844263
FT 249 268548.220943046 69 53 0 0.0393350354
SW 249 268548.220943046 1 138 177 16 0
FT 250 268548.254279421 86 63 0 0.0449983075
FT 251 268548.287615838 63 53 0 0.0362102579
FT 252 268548.320952296 53 48 0 0.0302467108
SW 252 268548.320952296 1 119 170 25 0
FT 253 268548.354288588 82 71 0 0.0142841469
FT 254 268548.387625046 71 67 0 0.0151255927
FT 255 268548.424776346 67 63 0 0.0185846982
SW 255 268548.424776346 1 132 166 25 0
FT 256 268548.458082179 129 115 0 0.00663243071
FT 257 268548.491418221 115 100 0 0.0158335601
FT 258 268548.524754387 100 85 0 0.0148626865
SW 258 268548.524754387 1 137 195 28 0
FT 259 268548.558090596 113 110 0 0.0207764395
FT 260 268548.591426804 110 101 0 0.0126791904
FT 261 268548.624763012 101 97 0 0.0107979691
SW 261 268548.624763012 1 116 185 33 0
FT 262 268548.658099096 133 114 0 0.0306654918
FT 263 268548.691435221 114 101 0 0.0345610761
FT 264 268548.724771346 101 94 0 0.0332867732
SW 264 268548.724771346 1 98 166 47 0
FT 265 268548.758107637 130 121 0 0.0262683845
FT 266 268548.791443762 121 116 0 0.0165603956
FT 267 268548.824779804 116 112 0 0.00436723864
SW 267 268548.824779804 1 100 163 54 2
FT 268 268548.858115929 136 134 0 0.00673748373
FT 269 268548.891452179 134 129 0 0.00341200364
FT 270 268548.924788304 129 122 0 0.0172853673
SW 270 268548.924788304 1 99 190 73 2
FT 271 268548.958124346 150 136 0 0.025658488
FT 272 268548.991460637 136 126 0 0.0181833038
FT 273 268549.024796804 126 120 0 0.0120650403
SW 273 268549.024796804 1 86 188 92 2
FT 274 268549.058132929 139 126 0 0.0225820229
FT 275 268549.091469054 126 114 0 0.022185492
FT 276 268549.124805137 114 31 0 0.0734609492
SW 276 268549.124805137 1 78 183 83 2
FT 277 268549.158141387 105 72 0 0.0696660672
FT 278 268549.191477471 72 52 0 0.053602551
FT 279 268549.221298660 52 48 0 0.027047743
SW 279 268549.221298660 1 77 183 88 5
FT 280 268549.254615577 130 113 0 0.0283312479
FT 281 268549.287592338 113 102 0 0.0197618458
FT 282 268549.320928671 102 101 0 0.0179153962
SW 282 268549.320928671 1 112 231 99 9
FT 283 268549.354265005 136 132 0 0.015351088
FT 284 268549.387601421 132 121 0 0.0105786183
FT 285 268549.420937796 121 118 0 0.0276000419
SW 285 268549.420937796 1 116 246 102 12
FT 286 268549.454274171 144 138 0 0.0190861314
FT 287 268549.487610546 138 133 0 0.0127259807
FT 288 268549.520946921 133 126 0 0.0151368021
SW 288 268549.520946921 1 54 249 93 12
FT 289 268549.554283380 150 147 0 0.0204291942
FT 290 268549.587619713 147 140 0 0.0189904989
FT 291 268549.620956088 140 135 0 0.0230347921
SW 291 268549.620956088 1 58 177 98 10
FT 292 268549.654292380 160 153 0 0.0242349335
FT 293 268549.687628880 153 146 0 0.0195748288
FT 294 268549.720965255 146 139 0 0.0122364529
SW 294 268549.720965255 1 71 182 103 4
FT 295 268549.754301505 156 154 0 0.0112476828
FT 296 268549.787637963 154 138 0 0.0192849289
FT 297 268549.820974338 138 135 0 0.0184641243
SW 297 268549.820974338 1 88 190 95 2
FT 298 268549.854310630 168 162 0 0.0189186587
FT 299 268549.887647130 162 148 0 0.0188381247
FT 300 268549.920983421 148 142 0 0.0212962889
SW 300 268549.920983421 1 100 209 96 2
FT 301 268549.954319838 161 149 0 0.0271801991
FT 302 268549.987656255 149 133 0 0.0331582451
FT 303 268550.020992546 133 124 0 0.0239135899
SW 303 268550.020992546 1 104 208 91 2
FT 304 268550.054329005 157 143 0 0.0192155553
FT 305 268550.087665380 143 126 0 0.0321785467
FT 306 268550.121001713 126 112 0 0.0323312293
SW 306 268550.121001713 1 114 214 84 2
FT 307 268550.154338130 133 121 0 0.0247874025
FT 308 268550.187674421 121 110 0 0.0253917837
FT 309 268550.221010755 110 100 0 0.0325166946
SW 309 268550.221010755 1 115 209 78 2
FT 310 268550.254347213 132 111 0 0.0302774902
FT 311 268550.287683588 111 99 0 0.0283097592
FT 312 268550.321019921 99 88 0 0.0320412923
SW 312 268550.321019921 1 117 204 68 2
FT 313 268550.354356380 121 107 0 0.0254672037
FT 314 268550.387692630 107 98 0 0.0167908089
FT 315 268550.421029088 98 89 0 0.0161151846
SW 315 268550.421029088 1 116 203 57 2
FT 316 268550.454365505 114 103 0 0.0139111096
FT 317 268550.487701796 103 93 0 0.00326278646
FT 318 268550.521038213 93 86 0 0.00701436487
SW 318 268550.521038213 1 98 188 59 2
FT 319 268550.554374630 117 99 0 0.0210655182
FT 320 268550.587710838 99 91 0 0.0176852104
FT 321 268550.621047338 91 81 0 0.0213350185
SW 321 268550.621047338 1 96 172 53 2
FT 322 268550.654383755 111 95 0 0.0146006084
FT 323 268550.687720005 95 88 0 0.0128612186
FT 324 268550.721056421 88 76 0 0.0271322754
SW 324 268550.721056421 1 89 162 50 2
FT 325 268550.754392713 102 85 0 0.0308624877
FT 326 268550.787729130 85 81 0 0.0195654193
FT 327 268550.821065505 81 77 0 0.0124715247
SW 327 268550.821065505 1 90 152 45 2
FT 328 268550.854401880 95 88 0 0.021703279
FT 329 268550.887738296 88 78 0 0.0262677984
FT 330 268550.921074713 78 69 0 0.0390074917
SW 330 268550.921074713 1 88 145 40 2
FT 331 268550.954411005 97 93 0 0.0201851531
FT 332 268550.987747421 93 89 0 0.0258844355
FT 333 268551.021083796 89 51 0 0.0554412814
SW 333 268551.021083796 1 74 132 39 1
FT 334 268551.054420171 89 62 0 0.0705130463
FT 335 268551.087756546 62 56 0 0.0247238913
FT 336 268551.121092921 56 56 0 0.0181236951
SW 336 268551.121092921 1 74 130 39 1
FT 337 268551.154429213 107 95 0 0.0187025762
FT 338 268551.187765546 95 89 0 0.0128128866
FT 339 268551.221101963 89 87 0 0.00480416831
SW 339 268551.221101963 1 93 151 47 1
FT 340 268551.254438296 118 115 0 0.00300437604
FT 341 268551.287774671 115 114 0 0.00478738678
FT 342 268551.321111005 114 112 0 0.00424029641
SW 342 268551.321111005 1 106 168 46 1
FT 343 268551.354447421 130 126 0 0.00223538422
FT 344 268551.387783755 126 118 0 0.00672966778
FT 345 268551.421120171 118 115 0 0.00466455578
SW 345 268551.421120171 1 102 166 43 0
FT 346 268551.454456421 128 123 0 0.01336058
FT 347 268551.487792880 123 116 0 0.0155861415
FT 348 268551.521129213 116 115 0 0.00966804238
SW 348 268551.521129213 1 95 156 50 0
FT 349 268551.554465630 125 116 0 0.00430222185
FT 350 268551.587802005 116 108 0 0.00872797517
FT 351 268551.621138296 108 104 0 0.0103632185
SW 351 268551.621138296 1 106 151 39 0
FT 352 268551.654474630 121 110 0 0.0104597604
FT 353 268551.687810963 110 102 0 0.0133510868
FT 354 268551.721147380 102 94 0 0.0115791371
SW 354 268551.721147380 1 121 157 34 0
FT 355 268551.754483755 116 102 0 0.00928078284
FT 356 268551.787820088 102 94 0 0.00675349008
FT 357 268551.821156463 94 83 0 0.00380244261
SW 357 268551.821156463 1 121 165 33 0
FT 358 268551.854492880 120 104 0 0.0053392369
FT 359 268551.887829088 104 91 0 0.00692653539
FT 360 268551.921165505 91 79 0 0.0127466763
SW 360 268551.921165505 1 127 170 32 0
FT 361 268551.954501838 120 106 0 0.00937792621
FT 362 268551.987838213 106 89 0 0.0107130628
FT 363 268552.021174588 89 81 0 0.00784332032
SW 363 268552.021174588 1 132 178 29 0
FT 364 268552.054510880 111 101 0 0.0126083048
FT 365 268552.087847255 101 93 0 0.012740936
FT 366 268552.121183671 93 88 0 0.0132192649
SW 366 268552.121183671 1 123 176 31 0
FT 367 268552.154519963 110 101 0 0.0132294477
FT 368 268552.187856338 101 98 0 0.00718242382
FT 369 268552.221192796 98 92 0 0.00910696151
SW 369 268552.221192796 1 114 169 34 0
FT 370 268552.254529005 121 110 0 0.00603550664
FT 371 268552.287865380 110 100 0 0.00433129483
FT 372 268552.321201838 100 97 0 0.0103559258
SW 372 268552.321201838 1 118 165 27 0
FT 373 268552.354538088 112 107 0 0.0136335413
FT 374 268552.387874505 107 98 0 0.0117155217
FT 375 268552.421210838 98 94 0 0.00864584517
SW 375 268552.421210838 1 112 158 29 0
FT 376 268552.454547171 114 101 0 0.00933930027
FT 377 268552.487883421 101 90 0 0.00564284328
FT 378 268552.521219963 90 87 0 0.00252436487
SW 378 268552.521219963 1 120 154 26 0
FT 379 268552.554556255 109 105 0 0.0111511578
FT 380 268552.587892505 105 96 0 0.0077078317
FT 381 268552.621228963 96 88 0 0.0174482144
SW 381 268552.621228963 1 136 164 17 0
FT 382 268552.654565255 105 94 0 0.0161301726
FT 383 268552.687901671 94 80 0 0.0213246537
FT 384 268552.721238005 80 74 0 0.0193776682
SW 384 268552.721238005 1 127 160 21 0
FT 385 268552.754574338 107 88 0 0.0116820729
FT 386 268552.787910671 88 76 0 0.0102419831
FT 387 268552.821247088 76 68 0 0.0137646383
SW 387 268552.821247088 1 122 163 25 0
FT 388 268552.854583463 100 88 0 0.0120213136
FT 389 268552.887919755 88 78 0 0.0205512968
FT 390 268552.921256130 78 75 0 0.0178063321
SW 390 268552.921256130 1 117 165 28 0
FT 391 268552.954592505 110 93 0 0.0152195071
FT 392 268552.987928838 93 89 0 0.023716433
FT 393 268553.021265088 89 84 0 0.0225554534
SW 393 268553.021265088 1 124 164 23 0
FT 394 268553.054601463 107 97 0 0.0082198518
FT 395 268553.087937838 97 93 0 0.00656642148
FT 396 268553.121274171 93 87 0 0.0126550278
SW 396 268553.121274171 1 115 162 26 0
FT 397 268553.154610546 120 111 0 0.00828318598
FT 398 268553.187946880 111 108 0 0.0098660365
FT 399 268553.225098262 108 100 0 0.01394691
SW 399 268553.225098262 1 118 161 22 0
FT 400 268553.258403929 137 129 0 0.0139943989
FT 401 268553.291740137 129 123 0 0.0122075493
FT 402 268553.325076304 123 119 0 0.0140047252
SW 402 268553.325076304 1 138 169 20 0
FT 403 268553.358412346 136 130 0 0.0181589414
FT 404 268553.391748387 130 117 0 0.0189384932
FT 405 268553.425084596 117 108 0 0.0124672262
SW 405 268553.425084596 1 140 170 20 0
FT 406 268553.458420596 148 139 0 0.0137548589
FT 407 268553.491756721 139 133 0 0.0105092025
FT 408 268553.525092929 133 127 0 0.008842211
SW 408 268553.525092929 1 154 185 19 0
FT 409 268553.558428971 149 140 0 0.00851311531
FT 410 268553.591765054 140 119 0 0.00748776406
FT 411 268553.625101262 119 104 0 0.00877397748
SW 411 268553.625101262 1 153 180 20 0
FT 412 268553.658437346 118 109 0 0.00867806768
FT 413 268553.691773429 109 100 0 0.00708543814
FT 414 268553.725109471 100 97 0 0.00587638235
SW 414 268553.725109471 1 150 183 23 0
FT 415 268553.758445637 113 109 0 0.00648528405
FT 416 268553.791781762 109 102 0 0.0134335002
FT 417 268553.825117887 102 92 0 0.0135016634
SW 417 268553.825117887 1 135 180 22 0
FT 418 268553.858453971 115 111 0 0.00426774347
FT 419 268553.891790012 111 102 0 0.00569324517
FT 420 268553.925126221 102 95 0 0.00879103702
SW 420 268553.925126221 1 145 173 22 0
FT 421 268553.958462304 105 96 0 0.00786535937
FT 422 268553.991798387 96 92 0 0.00570693221
FT 423 268554.025134554 92 86 0 0.0129872292
SW 423 268554.025134554 1 120 174 24 0
FT 424 268554.058470596 103 100 0 0.006558203
FT 425 268554.091806721 100 96 0 0.00746341402
FT 426 268554.125142887 96 87 0 0.0150260184
SW 426 268554.125142887 1 117 158 24 0
FT 427 268554.158478971 109 96 0 0.0164573385
FT 428 268554.191815054 96 91 0 0.0124296431
FT 429 268554.225151221 91 87 0 0.013714743
SW 429 268554.225151221 1 122 156 22 0
FT 430 268554.258487262 130 126 0 0.0100157949
FT 431 268554.291823346 126 121 0 0.0110048831
FT 432 268554.325159554 121 116 0 0.00753901604
SW 432 268554.325159554 1 147 180 20 0
FT 433 268554.358495637 151 147 0 0.00605042026
FT 434 268554.391831679 147 134 0 0.010545758
FT 435 268554.425167804 134 122 0 0.0160773866
SW 435 268554.425167804 1 151 186 19 0
FT 436 268554.458503929 153 144 0 0.0223580374
FT 437 268554.491839971 144 134 0 0.0236120627
FT 438 268554.525176054 134 125 0 0.0271463132
SW 438 268554.525176054 1 155 191 23 0
FT 439 268554.558512096 151 146 0 0.0131360374
FT 440 268554.591848304 146 140 0 0.00885832743
FT 441 268554.625184512 140 134 0 0.0128129965
SW 441 268554.625184512 1 159 201 27 0
FT 442 268554.658520512 157 145 0 0.00804005251
FT 443 268554.691856596 145 131 0 0.014516192
FT 444 268554.725192679 131 125 0 0.0139909784
SW 444 268554.725192679 1 164 200 29 0
FT 445 268554.758528887 153 143 0 0.00368779015
FT 446 268554.791864929 143 122 0 0.00909636227
FT 447 268554.825201012 122 111 0 0.00934222339
SW 447 268554.825201012 1 162 208 33 0
FT 448 268554.858537054 144 135 0 0.0163241599
FT 449 268554.891873179 135 119 0 0.00751407055
FT 450 268554.925209221 119 114 0 0.0107574727
SW 450 268554.925209221 1 163 216 35 0
FT 451 268554.958545471 147 137 0 0.0113635614
FT 452 268554.991881554 137 129 0 0.0202402182
FT 453 268555.025217637 129 123 0 0.0156620308
SW 453 268555.025217637 1 172 222 36 0
FT 454 268555.058553637 154 150 0 0.00807009194
FT 455 268555.091889804 150 143 0 0.00865441364
FT 456 268555.125225971 143 136 0 0.00812951936
SW 456 268555.125225971 1 181 236 32 0
FT 457 268555.158562096 162 157 0 0.0082062366
FT 458 268555.191898137 157 149 0 0.0129010073
FT 459 268555.225234221 149 141 0 0.0124879882
SW 459 268555.225234221 1 178 234 27 0
FT 460 268555.258570304 162 150 0 0.00814572329
FT 461 268555.291906471 150 142 0 0.00542626563
FT 462 268555.325242471 142 135 0 0.00967835651
SW 462 268555.325242471 1 188 223 17 0
FT 463 268555.358578596 157 147 0 0.010641619
FT 464 268555.391914721 147 139 0 0.0101666759
FT 465 268555.425250887 139 127 0 0.0107020907
SW 465 268555.425250887 1 188 219 16 0
FT 466 268555.458586804 149 139 0 0.00927670479
FT 467 268555.491922971 139 133 0 0.0103693286
FT 468 268555.525259137 133 127 0 0.0118443361
SW 468 268555.525259137 1 195 223 13 0
FT 469 268555.558595221 155 144 0 0.00994397322
FT 470 268555.591931304 144 138 0 0.00882154982
FT 471 268555.625267429 138 138 0 0.00803547548
SW 471 268555.625267429 1 199 230 15 0
FT 472 268555.658603512 167 164 0 0.00923107948
FT 473 268555.691939596 164 156 0 0.00945916507
FT 474 268555.725275637 156 148 0 0.0169151627
SW 474 268555.725275637 1 196 233 13 0
FT 475 268555.758611846 164 153 0 0.0197497159
FT 476 268555.791947846 153 142 0 0.0133220409
FT 477 268555.825283929 142 138 0 0.0186668132
SW 477 268555.825283929 1 178 221 21 0
FT 478 268555.858620096 167 158 0 0.017126888
FT 479 268555.891956137 158 148 0 0.0122672796
FT 480 268555.925292346 148 140 0 0.0117160131
SW 480 268555.925292346 1 181 220 20 0
FT 481 268555.958628304 165 159 0 0.018925339
FT 482 268555.991964387 159 146 0 0.0167214042
FT 483 268556.025300471 146 136 0 0.0168771361
SW 483 268556.025300471 1 186 217 20 0
FT 484 268556.058636721 168 158 0 0.021367999
FT 485 268556.091972637 158 144 0 0.0212892937
FT 486 268556.125308804 144 133 0 0.0246652559
SW 486 268556.125308804 1 190 225 26 0
FT 487 268556.158644762 168 155 0 0.029189417
FT 488 268556.191980971 155 144 0 0.0168653262
FT 489 268556.225317054 144 141 0 0.0179669632
SW 489 268556.225317054 1 175 239 37 5
FT 490 268556.258653096 180 166 0 0.0122646184
FT 491 268556.291989221 166 155 0 0.0165979417
FT 492 268556.325325429 155 152 0 0.0158443234
SW 492 268556.325325429 1 183 242 35 5
FT 493 268556.358661471 173 172 0 0.023667606
FT 494 268556.391997471 172 164 0 0.0273318805
FT 495 268556.425333554 164 146 0 0.0250296274
SW 495 268556.425333554 1 147 236 63 5
FT 496 268556.458669846 173 137 0 0.0724604935
FT 497 268556.492005721 137 117 0 0.0456747142
FT 498 268556.525341846 117 113 0 0.0207761278
SW 498 268556.525341846 1 120 223 76 5
FT 499 268556.558677971 155 152 0 0.0203923064
FT 500 268556.592014012 152 140 0 0.0195719611
FT 501 268556.625350054 140 133 0 0.0214207761
SW 501 268556.625350054 1 123 230 85 5
FT 502 268556.658686137 170 159 0 0.0142061064
FT 503 268556.692022262 159 155 0 0.0143377157
FT 504 268556.725358304 155 142 0 0.021028918
SW 504 268556.725358304 1 137 239 91 0
FT 505 268556.758694387 171 141 0 0.031766579
FT 506 268556.792030512 141 118 0 0.0381481471
FT 507 268556.825366554 118 86 0 0.0132156662
SW 507 268556.825366554 1 128 238 91 0
FT 508 268556.858702679 152 143 0 0.02300015
FT 509 268556.892038762 143 133 0 0.0343266197
FT 510 268556.925374887 133 125 0 0.0232009326
SW 510 268556.925374887 1 153 268 74 0
FT 511 268556.958710846 155 148 0 0.014602897
FT 512 268556.992046929 148 141 0 0.0100533562
FT 513 268557.025383096 141 137 0 0.0171391193
SW 513 268557.025383096 1 179 250 62 0
FT 514 268557.058719179 158 156 0 0.0147654871
FT 515 268557.092055387 156 145 0 0.0119721353
FT 516 268557.125391262 145 128 0 0.0168274553
SW 516 268557.125391262 1 201 255 37 0
FT 517 268557.158727429 156 149 0 0.010094946
FT 518 268557.192063512 149 144 0 0.015806465
FT 519 268557.225399637 144 135 0 0.00930303929
SW 519 268557.225399637 1 159 258 33 0
FT 520 268557.258735762 157 149 0 0.00991835291
FT 521 268557.292071762 149 141 0 0.0227178041
FT 522 268557.325407804 141 135 0 0.0262606009
SW 522 268557.325407804 1 165 204 29 0
FT 523 268557.358743887 150 138 0 0.0359349839
FT 524 268557.392079971 138 108 0 0.0515640638
FT 525 268557.425416179 108 97 0 0.0525865398
SW 525 268557.425416179 1 174 204 19 0
FT 526 268557.458752137 135 127 0 0.0275318705
FT 527 268557.492088346 127 124 0 0.015118494
FT 528 268557.525424304 124 117 0 0.0254731902
SW 528 268557.525424304 1 182 222 17 0
FT 529 268557.558760387 143 135 0 0.0262116673
FT 530 268557.592096429 135 130 0 0.021131694
FT 531 268557.625432554 130 125 0 0.0281046994
SW 531 268557.625432554 1 188 220 19 0
FT 532 268557.658768554 152 146 0 0.0296442074
FT 533 268557.692104679 146 138 0 0.0191973954
FT 534 268557.725440762 138 132 0 0.0251650059
SW 534 268557.725440762 1 193 225 20 0
FT 535 268557.758776887 156 140 0 0.0410065767
FT 536 268557.792112887 140 128 0 0.0334432345
FT 537 268557.825449012 128 110 0 0.0291831091
SW 537 268557.825449012 1 127 226 51 0
FT 538 268557.858785137 154 135 0 0.0204130316
FT 539 268557.892121304 135 127 0 0.0198272573
FT 540 268557.925457262 127 124 0 0.0254941855
SW 540 268557.925457262 1 140 206 57 0
FT 541 268557.958793262 164 157 0 0.0259895196
FT 542 268557.992129387 157 150 0 0.0292889102
FT 543 268558.025465679 150 145 0 0.0274219997
SW 543 268558.025465679 1 163 230 54 0
FT 544 268558.058801554 165 158 0 0.0202366044
FT 545 268558.092137596 158 152 0 0.022940919
FT 546 268558.125473721 152 135 0 0.0373157977
SW 546 268558.125473721 1 169 233 53 0
FT 547 268558.158809929 158 142 0 0.0366221347
FT 548 268558.192145846 142 133 0 0.0325146303
FT 549 268558.225481971 133 111 0 0.0365468995
SW 549 268558.225481971 1 145 235 55 0
FT 550 268558.258817929 138 126 0 0.0405110462
FT 551 268558.292154054 126 106 0 0.0400006808
FT 552 268558.325490179 106 99 0 0.0306929935
SW 552 268558.325490179 1 157 216 45 0
FT 553 268558.358826221 149 137 0 0.0257427796
FT 554 268558.392162262 137 118 0 0.0364416075
FT 555 268558.425498387 118 112 0 0.0415134219
SW 555 268558.425498387 1 183 231 36 0
FT 556 268558.458834429 148 106 0 0.0225691819
FT 557 268558.492170512 106 83 0 0.0254105963
FT 558 268558.525506637 83 73 0 0.0316792519
SW 558 268558.525506637 1 167 232 39 0
FT 559 268558.558842679 137 125 0 0.0369050581
FT 560 268558.592178637 125 101 0 0.0367006903
FT 561 268558.625514887 101 99 0 0.0314229952
SW 561 268558.625514887 1 171 247 39 0
FT 562 268558.658850762 149 140 0 0.0225165855
FT 563 268558.692186929 140 126 0 0.0282940866
FT 564 268558.725522887 126 119 0 0.0250258308
SW 564 268558.725522887 1 171 244 45 0
FT 565 268558.758859179 160 150 0 0.018199101
FT 566 268558.792195137 150 144 0 0.0222105956
FT 567 268558.825531262 144 141 0 0.0185961407
SW 567 268558.825531262 1 201 250 33 0
FT 568 268558.858867221 159 158 0 0.0169256833
FT 569 268558.892203429 158 154 0 0.0181721615
FT 570 268558.925539429 154 144 0 0.0157797881
SW 570 268558.925539429 1 165 246 29 0
FT 571 268558.958875471 165 157 0 0.0126285349
FT 572 268558.992211471 157 146 0 0.0231051251
FT 573 268559.025547637 146 137 0 0.0135873218
SW 573 268559.025547637 1 163 206 28 0
FT 574 268559.058883679 152 129 0 0.00766913702
FT 575 268559.092219804 129 118 0 0.0167411747
FT 576 268559.125555762 118 114 0 0.0148525902
SW 576 268559.125555762 1 160 198 24 0
FT 577 268559.158891887 143 131 0 0.00952472489
FT 578 268559.192227887 131 124 0 0.015510505
FT 579 268559.225564012 124 119 0 0.0173830101
SW 579 268559.225564012 1 170 206 24 0
FT 580 268559.258900096 143 133 0 0.0118419866
FT 581 268559.292236179 133 125 1 0.0134237819
FT 582 268559.325572387 125 123 0 0.0121917342
SW 582 268559.325572387 1 178 209 22 0
FT 583 268559.358908346 144 139 1 0.00668375757
FT 584 268559.392244304 139 135 1 0.0101630369
FT 585 268559.425580346 135 134 1 0.00741812123
SW 585 268559.425580346 0 178 0 0 0
FT 586 268559.458916471 162 161 0 0.00391489317
FT 587 268559.492252596 161 148 0 0.0158100448
FT 588 268559.525588637 148 138 1 0.0226726714
SW 588 268559.525588637 0 178 0 0 0
FT 589 268559.558924554 155 151 0 0.0202396538
FT 590 268559.592260721 151 149 0 0.00911897831
FT 591 268559.625596846 149 146 1 0.0194941103
SW 591 268559.625596846 0 178 0 0 0
FT 592 268559.658932846 162 162 1 0.010741891
FT 593 268559.692268887 162 159 0 0.0135395427
FT 594 268559.725605096 159 154 0 0.0147504312
SW 594 268559.725605096 1 150 251 54 0
FT 595 268559.758941054 166 162 1 0.00867868334
FT 596 268559.792277137 162 153 0 0.0115690748
FT 597 268559.822098202 153 138 0 0.0233745538
SW 597 268559.822098202 1 142 212 53 0
FT 598 268559.855074921 155 152 0 0.0071662711
FT 599 268559.888411296 152 150 0 0.0167564413
FT 600 268559.921747505 150 140 0 0.0121902352
SW 600 268559.921747505 1 143 205 51 0
FT 601 268559.955083838 157 147 0 0.0276706555
FT 602 268559.988420088 147 139 1 0.0246163902
FT 603 268560.021756380 139 138 1 0.00948490403
SW 603 268560.021756380 0 143 0 0 0
FT 604 268560.055092671 158 154 0 0.0127242329
FT 605 268560.088428963 154 151 1 0.0138085797
FT 606 268560.121765213 151 151 1 0.0118076232
SW 606 268560.121765213 0 143 0 0 0
FT 607 268560.155101588 161 159 1 0.0122154135
FT 608 268560.188437838 159 157 1 0.0138211602
FT 609 268560.221774171 157 152 1 0.0108905482
SW 609 268560.221774171 0 143 0 0 0
FT 610 268560.255110421 160 157 1 0.0125000899
FT 611 268560.288446671 157 157 1 0.00981542004
FT 612 268560.321783046 157 156 1 0.0124952342
SW 612 268560.321783046 0 143 0 0 0
FT 613 268560.355119296 165 165 1 0.0108991842
FT 614 268560.388455630 165 155 0 0.0148903487
FT 615 268560.421791963 155 84 0 0.0391851096
SW 615 268560.421791963 1 92 204 85 0
FT 616 268560.455128255 121 42 0 0.0715825456
FT 617 268560.488464463 42 20 0 0.0833397128
FT 618 268560.521800838 20 16 0 0.0479727574
SW 618 268560.521800838 1 120 178 38 1
FT 619 268560.555136963 132 129 0 0.0117041363
FT 620 268560.588473338 129 121 0 0.0121424668
FT 621 268560.621809630 121 105 0 0.0344101064
SW 621 268560.621809630 1 203 250 38 1
FT 622 268560.655145921 142 127 0 0.0293925184
FT 623 268560.688482213 127 111 0 0.0262079172
FT 624 268560.721818546 111 94 0 0.0395922294
SW 624 268560.721818546 1 211 259 29 1
FT 625 268560.755154838 119 75 0 0.0513723895
FT 626 268560.788491130 75 47 0 0.0501432173
FT 627 268560.821827380 47 41 0 0.0492243194
SW 627 268560.821827380 1 169 252 24 8
FT 628 268560.855163713 76 63 0 0.044904287
FT 629 268560.888500005 63 57 0 0.0361435295
FT 630 268560.921836255 57 46 0 0.0337835045
SW 630 268560.921836255 1 119 222 34 1
FT 631 268560.955172588 129 113 0 0.0353515201
FT 632 268560.988508838 113 99 0 0.0353559943
FT 633 268561.021845130 99 85 0 0.0263416138
SW 633 268561.021845130 1 167 205 37 0
FT 634 268561.055181338 132 101 0 0.0104054526
FT 635 268561.088517713 101 71 0 0.0269660917
FT 636 268561.121853963 71 58 0 0.0323079789
SW 636 268561.121853963 1 152 218 38 0
FT 637 268561.155190213 98 85 0 0.00966590353
FT 638 268561.188526505 85 74 0 0.0128946043
FT 639 268561.221862838 74 62 0 0.0328510596
SW 639 268561.221862838 1 106 213 44 0
FT 640 268561.255199130 93 76 0 0.0346827897
FT 641 268561.288535338 76 66 0 0.0291264455
FT 642 268561.321871630 66 47 0 0.0238279956
SW 642 268561.321871630 1 107 164 41 0
FT 643 268561.355207963 74 58 0 0.0341452147
FT 644 268561.388544255 58 48 0 0.0216010155
FT 645 268561.421880505 48 37 0 0.0271175612
SW 645 268561.421880505 1 117 160 31 0
FT 646 268561.455216838 85 71 0 0.0228499728
FT 647 268561.488553213 71 59 0 0.0108490828
FT 648 268561.521889421 59 55 0 0.0149055986
SW 648 268561.521889421 1 102 174 31 0
FT 649 268561.555225630 112 95 0 0.0259090996
FT 650 268561.588561963 95 78 0 0.017843517
FT 651 268561.621898213 78 71 0 0.0158154621
SW 651 268561.621898213 1 109 163 35 0
FT 652 268561.655234505 106 75 0 0.0218495106
FT 653 268561.688570713 75 60 0 0.0263124077
FT 654 268561.721907005 60 56 0 0.0182940175
SW 654 268561.721907005 1 100 158 28 1
FT 655 268561.755243296 102 87 0 0.0243718108
FT 656 268561.788579671 87 76 0 0.0224049537
FT 657 268561.821915921 76 72 0 0.0214756725
SW 657 268561.821915921 1 110 155 23 1
FT 658 268561.855252171 114 100 0 0.0205960116
FT 659 268561.888588421 100 87 0 0.0230278293
FT 660 268561.921924796 87 79 0 0.0262171866
SW 660 268561.921924796 1 123 157 26 0
FT 661 268561.955261088 132 110 0 0.0289717119
FT 662 268561.988597338 110 97 0 0.0297676844
FT 663 268562.021933630 97 93 0 0.0279034981
SW 663 268562.021933630 1 145 183 24 0
FT 664 268562.055269880 125 117 0 0.024239699
FT 665 268562.088606171 117 106 0 0.0211335377
FT 666 268562.121942380 106 98 0 0.0207620074
SW 666 268562.121942380 1 127 189 33 0
FT 667 268562.155278671 133 128 0 0.0132206321
FT 668 268562.188614921 128 123 0 0.0124028712
FT 669 268562.221951255 123 115 0 0.0181414413
SW 669 268562.221951255 1 146 188 32 0
FT 670 268562.255287463 138 123 0 0.0258745295
FT 671 268562.288623796 123 115 0 0.0272892989
FT 672 268562.321960130 115 111 0 0.0225350016
SW 672 268562.321960130 1 149 192 26 0
FT 673 268562.355296296 141 136 0 0.0102712701
FT 674 268562.388632630 136 132 0 0.0107560495
FT 675 268562.421968963 132 125 0 0.0142590324
SW 675 268562.421968963 1 156 198 22 0
FT 676 268562.455305213 137 131 0 0.00584849267
FT 677 268562.488641463 131 128 0 0.00780220475
FT 678 268562.521977755 128 121 0 0.0112027842
SW 678 268562.521977755 1 153 187 19 0
FT 679 268562.555314046 139 132 0 0.0074659664
FT 680 268562.588650338 132 127 0 0.0148564437
FT 681 268562.621986671 127 122 0 0.0145199791
SW 681 268562.621986671 1 161 187 15 0
FT 682 268562.655322838 141 133 0 0.0131913419
FT 683 268562.688659130 133 127 0 0.0122628251
FT 684 268562.721995421 127 123 0 0.00772900199
SW 684 268562.721995421 1 157 188 12 1
FT 685 268562.755331630 138 130 0 0.0130767699
FT 686 268562.788667921 130 122 0 0.00703414261
FT 687 268562.822004171 122 119 0 0.012605272
SW 687 268562.822004171 1 159 179 10 1
FT 688 268562.855340421 133 126 0 0.0151785137
FT 689 268562.888676838 126 114 0 0.0169385788
FT 690 268562.922013130 114 103 0 0.0305234845
SW 690 268562.922013130 1 153 179 12 1
FT 691 268562.955349338 125 114 0 0.0241731509
FT 692 268562.988685630 114 107 0 0.0170978741
FT 693 268563.022021838 107 105 0 0.018812577
SW 693 268563.022021838 1 153 183 15 1
FT 694 268563.055358088 124 122 0 0.0183027384
FT 695 268563.088694463 122 121 0 0.0210290317
FT 696 268563.122030671 121 118 0 0.0193887298
SW 696 268563.122030671 1 153 183 17 1
FT 697 268563.155366963 133 131 0 0.0215293027
FT 698 268563.188703255 131 120 0 0.0118092091
FT 699 268563.222039505 120 115 0 0.0189653963
SW 699 268563.222039505 1 147 180 21 0
FT 700 268563.255375755 139 132 0 0.0214959491
FT 701 268563.288712005 132 129 0 0.0203749405
FT 702 268563.322048255 129 119 0 0.019111508
SW 702 268563.322048255 1 134 183 24 0
FT 703 268563.355384505 146 131 0 0.0221547816
FT 704 268563.388720796 131 125 0 0.0278791239
FT 705 268563.422057088 125 118 0 0.0236390205
SW 705 268563.422057088 1 132 176 29 0
FT 706 268563.455393421 136 125 0 0.0249847398
FT 707 268563.488729671 125 120 0 0.0157598548
FT 708 268563.522065921 120 116 0 0.0209374494
SW 708 268563.522065921 1 140 172 31 0
FT 709 268563.555402171 146 143 0 0.013704564
FT 710 268563.588738463 143 137 0 0.00810163376
FT 711 268563.622074713 137 135 0 0.0118117377
SW 711 268563.622074713 1 149 196 35 0
FT 712 268563.655411005 154 139 0 0.0301288811
FT 713 268563.688747255 139 137 0 0.0156596813
FT 714 268563.722083505 137 131 0 0.0236600888
SW 714 268563.722083505 1 149 196 36 0
FT 715 268563.755419796 144 135 0 0.0296395371
FT 716 268563.788756130 135 127 0 0.0343247937
FT 717 268563.822092380 127 122 0 0.0198586728
SW 717 268563.822092380 1 142 195 34 0
FT 718 268563.855428630 140 132 0 0.0147229523
FT 719 268563.888764796 132 126 0 0.00421126715
FT 720 268563.922101213 126 122 0 0.00785269568
SW 720 268563.922101213 1 148 187 26 0
FT 721 268563.955437463 144 139 0 0.0091933553
FT 722 268563.988773713 139 134 0 0.013888928
FT 723 268564.022109963 134 117 0 0.0264243457
SW 723 268564.022109963 1 157 191 28 0
FT 724 268564.055446255 144 135 0 0.0267043061
FT 725 268564.088782505 135 127 0 0.014306109
FT 726 268564.122118838 127 112 0 0.0217847378
SW 726 268564.122118838 1 152 204 36 0
FT 727 268564.155455005 139 127 0 0.0224737901
FT 728 268564.188791296 127 117 0 0.0303869464
FT 729 268564.222127630 117 108 0 0.0356713126
SW 729 268564.222127630 1 166 208 23 0
FT 730 268564.255463713 146 136 0 0.0390047327
FT 731 268564.288800171 136 130 0 0.044114833
FT 732 268564.322136380 130 106 0 0.055177134
SW 732 268564.322136380 1 181 211 19 0
FT 733 268564.355472755 133 110 0 0.0644236264
FT 734 268564.388809005 110 106 0 0.0361510835
FT 735 268564.422145255 106 101 0 0.0168779746
SW 735 268564.422145255 1 165 216 29 0
FT 736 268564.455481380 134 104 0 0.0613420373
FT 737 268564.488817713 104 79 0 0.0499818981
FT 738 268564.522154046 79 69 0 0.0383953498
SW 738 268564.522154046 1 165 209 20 0
FT 739 268564.555490213 125 109 0 0.044269631
FT 740 268564.588826588 109 102 0 0.0638260503
FT 741 268564.622162838 102 86 0 0.0854678979
SW 741 268564.622162838 1 161 215 30 0
FT 742 268564.655499005 113 88 0 0.0751979815
FT 743 268564.688835255 88 66 0 0.0707044404
FT 744 268564.722171671 66 53 0 0.0746865756
SW 744 268564.722171671 1 135 197 38 0
FT 745 268564.755507838 116 99 0 0.031686159
FT 746 268564.788844088 99 87 0 0.0335351236
FT 747 268564.822180421 87 73 0 0.0412578925
SW 747 268564.822180421 1 139 203 43 0
FT 748 268564.855516755 114 87 0 0.0393278256
FT 749 268564.888852880 87 76 0 0.0500430872
FT 750 268564.922189296 76 69 0 0.0508197771
SW 750 268564.922189296 1 106 195 42 0
FT 751 268564.955525421 107 92 0 0.0499453924
FT 752 268564.988861671 92 84 0 0.0476844382
FT 753 268565.022197963 84 80 0 0.0239250999
SW 753 268565.022197963 1 94 169 59 0
FT 754 268565.055534255 108 101 0 0.0225083145
FT 755 268565.088870505 101 92 0 0.0251378165
FT 756 268565.122206755 92 88 0 0.0303768126
SW 756 268565.122206755 1 51 170 83 0
FT 757 268565.155542921 111 102 0 0.0405896593
FT 758 268565.188879296 102 93 0 0.0475930753
FT 759 268565.222215463 93 82 0 0.0518285395
SW 759 268565.222215463 1 55 146 81 0
FT 760 268565.255551796 110 96 0 0.0523361223
FT 761 268565.288888088 96 92 0 0.0366506759
FT 762 268565.322224255 92 91 0 0.0295158333
SW 762 268565.322224255 1 62 157 78 0
FT 763 268565.355560588 120 110 1 0.0310607985
FT 764 268565.388896838 110 106 0 0.0278243115
FT 765 268565.422233171 106 101 0 0.023068136
SW 765 268565.422233171 1 76 159 73 0
FT 766 268565.455569380 119 105 0 0.0246973132
FT 767 268565.488905713 105 101 0 0.0261827215
FT 768 268565.522241880 101 91 0 0.0257097478
SW 768 268565.522241880 1 79 157 69 0
FT 769 268565.555578171 114 99 0 0.0155662644
FT 770 268565.588914380 99 91 0 0.0119441637
FT 771 268565.622250755 91 81 0 0.0225763582
SW 771 268565.622250755 1 102 163 43 0
FT 772 268565.655586880 104 95 0 0.0147815313
FT 773 268565.688923171 95 85 0 0.0176180248
FT 774 268565.722259380 85 72 0 0.0353941635
SW 774 268565.722259380 1 103 158 43 0
FT 775 268565.755595755 97 88 0 0.0301099771
FT 776 268565.788931963 88 80 0 0.0317810962
FT 777 268565.822268213 80 76 0 0.0282678015
SW 777 268565.822268213 1 124 163 30 0
FT 778 268565.855604463 97 81 0 0.0263293463
FT 779 268565.888940755 81 65 0 0.0315288948
FT 780 268565.922276963 65 59 0 0.0205171769
SW 780 268565.922276963 1 109 160 33 0
FT 781 268565.955613296 101 92 0 0.0208293956
FT 782 268565.988949588 92 79 0 0.0338037797
FT 783 268566.022285838 79 64 0 0.0428891507
SW 783 268566.022285838 1 106 164 33 0
FT 784 268566.055622005 102 84 0 0.0311091248
FT 785 268566.088958255 84 71 0 0.0261021981
FT 786 268566.122294546 71 65 0 0.0261437106
SW 786 268566.122294546 1 107 162 33 0
FT 787 268566.155630713 97 83 0 0.0213943913
FT 788 268566.188967046 83 62 0 0.0234066429
FT 789 268566.222303338 62 43 0 0.0383699481
SW 789 268566.222303338 1 93 147 41 0
FT 790 268566.255639546 75 60 0 0.0330360954
FT 791 268566.288975796 60 54 0 0.0294545536
FT 792 268566.322312088 54 51 0 0.0345290263
SW 792 268566.322312088 1 91 154 40 0
FT 793 268566.359463346 85 72 0 0.0387793079
FT 794 268566.392769012 72 62 0 0.0416420808
FT 795 268566.426105012 62 51 0 0.0367072218
SW 795 268566.426105012 1 85 144 42 0
FT 796 268566.459441012 89 79 0 0.0360834956
FT 797 268566.492777054 79 69 0 0.0394774104
FT 798 268566.526113137 69 62 0 0.042297783
SW 798 268566.526113137 1 87 148 39 0
FT 799 268566.559449096 89 81 0 0.0346675571
FT 800 268566.592785137 81 77 0 0.0213375347
FT 801 268566.626121304 77 74 0 0.0276463492
SW 801 268566.626121304 1 47 145 69 0
FT 802 268566.659457137 96 84 0 0.0324444276
FT 803 268566.692793137 84 76 0 0.0401178176
FT 804 268566.726129262 76 68 0 0.0283137087
SW 804 268566.726129262 1 40 124 72 0
FT 805 268566.759465346 89 76 0 0.0294022839
FT 806 268566.792801221 76 67 0 0.0391678529
FT 807 268566.826137221 67 57 0 0.0358933381
SW 807 268566.826137221 1 35 119 71 0
FT 808 268566.859473304 75 60 0 0.027057668
FT 809 268566.892809262 60 51 0 0.015512054
FT 810 268566.926145387 51 45 0 0.0112182563
SW 810 268566.926145387 1 28 112 74 0
FT 811 268566.959481387 76 51 0 0.0131053437
FT 812 268566.992817387 51 36 0 0.0276575595
FT 813 268567.026153387 36 27 0 0.03400877
SW 813 268567.026153387 1 26 110 77 0
FT 814 268567.059489387 75 52 0 0.0168285315
FT 815 268567.092825429 52 38 0 0.00576111552
FT 816 268567.126161387 38 37 0 0.0211975281
SW 816 268567.126161387 1 39 122 69 0
FT 817 268567.159497429 87 69 0 0.0238133931
FT 818 268567.192833512 69 61 0 0.0198189911
FT 819 268567.226169471 61 58 0 0.0138599472
SW 819 268567.226169471 1 53 138 67 0
FT 820 268567.259505387 110 91 0 0.0319267013
FT 821 268567.292841554 91 84 0 0.0127253759
FT 822 268567.326177429 84 82 0 0.00579285489
SW 822 268567.326177429 1 63 145 64 0
FT 823 268567.359513429 127 115 0 0.00868139614
FT 824 268567.392849512 115 92 0 0.0176623681
FT 825 268567.426185596 92 79 0 0.0160715231
SW 825 268567.426185596 1 63 145 55 1
FT 826 268567.459521637 112 100 0 0.0128832442
FT 827 268567.492857512 100 87 0 0.0288519491
FT 828 268567.526193554 87 80 0 0.0388313074
SW 828 268567.526193554 1 61 130 59 1
FT 829 268567.559529596 102 84 0 0.0303069826
FT 830 268567.592865596 84 63 0 0.0284065273
FT 831 268567.626201679 63 46 0 0.0490831931
SW 831 268567.626201679 1 58 124 56 1
FT 832 268567.659537554 123 78 0 0.0287499111
FT 833 268567.692873596 78 59 0 0.0240577979
FT 834 268567.726209637 59 55 0 0.027161391
SW 834 268567.726209637 1 77 138 59 1
FT 835 268567.759545721 105 76 0 0.0243014519
FT 836 268567.792881637 76 56 0 0.0271926821
FT 837 268567.826217637 56 43 0 0.0264746975
SW 837 268567.826217637 1 62 144 60 1
FT 838 268567.859553721 103 67 0 0.0115549881
FT 839 268567.892889721 67 58 0 0.0161449359
FT 840 268567.926225762 58 52 0 0.0228204558
SW 840 268567.926225762 1 68 143 65 0
FT 841 268567.959561846 98 70 0 0.0232075671
FT 842 268567.992897721 70 55 0 0.0215657661
FT 843 268568.026233804 55 49 0 0.0204011431
SW 843 268568.026233804 1 54 146 55 0
FT 844 268568.059569762 100 77 0 0.0284110027
FT 845 268568.092905762 77 66 0 0.0330998455
FT 846 268568.126241804 66 58 0 0.0294059587
SW 846 268568.126241804 1 63 128 51 0
FT 847 268568.159577887 94 72 0 0.027213849
FT 848 268568.192913846 72 60 0 0.0298457806
FT 849 268568.226249887 60 49 0 0.035768927
SW 849 268568.226249887 1 58 121 44 0
FT 850 268568.259585679 87 52 0 0.0438305917
FT 851 268568.292921762 52 41 0 0.0633297058
FT 852 268568.326257929 41 35 0 0.065030858
SW 852 268568.326257929 1 61 106 34 0
FT 853 268568.359593887 63 39 0 0.0414105986
FT 854 268568.392929887 39 33 0 0.0319206989
FT 855 268568.426265971 33 33 0 0.0320247489
SW 855 268568.426265971 1 47 100 37 0
FT 856 268568.459601929 70 44 0 0.0249737101
FT 857 268568.492937887 44 34 0 0.0301728046
FT 858 268568.526273929 34 26 0 0.00540342297
SW 858 268568.526273929 1 53 95 32 0
FT 859 268568.559609846 67 49 0 0.0340425215
FT 860 268568.592945804 49 41 0 0.0337069736
FT 861 268568.626281929 41 37 0 0.0165765174
SW 861 268568.626281929 1 56 102 30 0
FT 862 268568.659617887 82 60 0 0.0118698194
FT 863 268568.692953929 60 49 0 0.0191273785
FT 864 268568.726289887 49 45 0 0.0245893441
SW 864 268568.726289887 1 51 102 33 0
FT 865 268568.759625846 95 65 0 0.0417607034
FT 866 268568.792961846 65 31 0 0.0728111589
FT 867 268568.826297929 31 15 0 0.0497961754
SW 867 268568.826297929 1 44 85 34 0
FT 868 268568.859633887 52 30 0 0.0166478371
FT 869 268568.892969887 30 21 0 0.0254258974
FT 870 268568.926305929 21 12 0 0.00802602937
SW 870 268568.926305929 1 43 83 22 0
FT 871 268568.959641804 52 31 0 0.0142803833
FT 872 268568.992977846 31 25 0 0.00814577906
FT 873 268569.026313929 25 18 0 0.0130994091
SW 873 268569.026313929 1 47 77 24 0
FT 874 268569.059649929 54 34 0 0.0115650979
FT 875 268569.092985929 34 30 0 0.0143919492
FT 876 268569.126321887 30 30 0 0.031380422
SW 876 268569.126321887 1 50 84 26 0
FT 877 268569.159657971 72 62 0 0.0361852889
FT 878 268569.192993929 62 59 0 0.0287954584
FT 879 268569.226329887 59 50 0 0.0218869367
SW 879 268569.226329887 1 43 100 26 0
FT 880 268569.259665929 97 72 0 0.0259314989
FT 881 268569.293001971 72 66 0 0.0282553305
FT 882 268569.326337846 66 47 0 0.0347878091
SW 882 268569.326337846 1 32 81 41 0
FT 883 268569.359673887 93 62 0 0.0294154647
FT 884 268569.393009887 62 53 0 0.0152160313
FT 885 268569.426345971 53 44 0 0.0119831816
SW 885 268569.426345971 1 34 88 48 0
FT 886 268569.459681887 88 75 0 0.00291097854
FT 887 268569.493017846 75 47 0 0.0239586739
FT 888 268569.526353846 47 35 0 0.045965028
SW 888 268569.526353846 1 32 95 62 0
FT 889 268569.559689971 76 47 0 0.0456776001
FT 890 268569.593025804 47 35 0 0.0315346517
FT 891 268569.626361887 35 30 0 0.0139268157
SW 891 268569.626361887 1 37 106 65 0
FT 892 268569.659697929 104 83 0 0.0130627395
FT 893 268569.693033971 83 69 0 0.0160578414
FT 894 268569.726369929 69 65 0 0.0120211657
SW 894 268569.726369929 1 54 141 72 0
FT 895 268569.759706012 109 98 0 0.00728364147
FT 896 268569.793041929 98 88 0 0.00164726709
FT 897 268569.826377887 88 72 0 0.0186468238
SW 897 268569.826377887 1 51 148 79 0
FT 898 268569.859713887 96 68 0 0.0349063988
FT 899 268569.893050054 68 55 0 0.0192926359
