REPLAY src_db=/Users/kaidongwang/.config/superpowers/worktrees/pocketworld_research_benchmarks/pocketworld-repro-contract-20260714/experiments/multiview_site_matcher_2026-07-15/cap56_postgeom_site_assignment_seed0_20260715_v2.db pair_db=/Users/kaidongwang/.config/superpowers/worktrees/pocketworld_research_benchmarks/pocketworld-repro-contract-20260714/experiments/multiview_site_matcher_2026-07-15/cap56_raynorm_knownpose_12px_20260715.db poses=/tmp/pocketworld_cap56_reconcile_20260714/sfm_fed_frames.jsonl intrinsics=/Users/kaidongwang/.config/superpowers/worktrees/pocketworld_research_benchmarks/pocketworld-repro-contract-20260714/experiments/multiview_site_matcher_2026-07-15/cap56_intrinsics_fxfycxcy.tsv out=/Users/kaidongwang/.config/superpowers/worktrees/Aether3D-cross/incremental-ba-ab-20260714/aether_cpp/third_party/glomap_vendor/bench_runs/cap56_current_source_replay_20260715/raynorm_knownpose_12px k=19 max_frames=0 AETHER_INCREMENTAL_GLOBAL_BA=(unset)
SOURCE n_images=20 n_poses=20 n_intrinsics=20
STORED_PAIRS matches=172 nonempty_matches=172 two_view=172 nonempty_two_view=172 geometry_missing=0 geometry_only=0
W20260715 04:11:13.665690 0x1fb6b2080 aether_sfm_c.cc:4979] [aether_sfm] host replay reusing stored pairs from /Users/kaidongwang/.config/superpowers/worktrees/pocketworld_research_benchmarks/pocketworld-repro-contract-20260714/experiments/multiview_site_matcher_2026-07-15/cap56_raynorm_knownpose_12px_20260715.db (matches=172, verified=172)
I20260715 04:11:13.684102 0x1fb6b2080 bundle_adjustment_ceres.cc:842] [AETHER] solver_used=DENSE_SCHUR sparse_backend=EIGEN_SPARSE dense_backend=EIGEN mixed=0 threads=1
I20260715 04:11:13.723058 0x1fb6b2080 bundle_adjustment_ceres.cc:842] [AETHER] solver_used=DENSE_SCHUR sparse_backend=EIGEN_SPARSE dense_backend=EIGEN mixed=0 threads=1
I20260715 04:11:13.753731 0x1fb6b2080 bundle_adjustment_ceres.cc:842] [AETHER] solver_used=DENSE_SCHUR sparse_backend=EIGEN_SPARSE dense_backend=EIGEN mixed=0 threads=1
I20260715 04:11:13.786365 0x1fb6b2080 bundle_adjustment_ceres.cc:842] [AETHER] solver_used=DENSE_SCHUR sparse_backend=EIGEN_SPARSE dense_backend=EIGEN mixed=0 threads=1
I20260715 04:11:13.836925 0x1fb6b2080 bundle_adjustment_ceres.cc:842] [AETHER] solver_used=DENSE_SCHUR sparse_backend=EIGEN_SPARSE dense_backend=EIGEN mixed=0 threads=1
I20260715 04:11:13.883067 0x1fb6b2080 bundle_adjustment_ceres.cc:842] [AETHER] solver_used=DENSE_SCHUR sparse_backend=EIGEN_SPARSE dense_backend=EIGEN mixed=0 threads=1
I20260715 04:11:13.935814 0x1fb6b2080 bundle_adjustment_ceres.cc:842] [AETHER] solver_used=DENSE_SCHUR sparse_backend=EIGEN_SPARSE dense_backend=EIGEN mixed=0 threads=1
I20260715 04:11:14.008406 0x1fb6b2080 bundle_adjustment_ceres.cc:842] [AETHER] solver_used=DENSE_SCHUR sparse_backend=EIGEN_SPARSE dense_backend=EIGEN mixed=0 threads=1
I20260715 04:11:14.080277 0x1fb6b2080 bundle_adjustment_ceres.cc:842] [AETHER] solver_used=DENSE_SCHUR sparse_backend=EIGEN_SPARSE dense_backend=EIGEN mixed=0 threads=1
I20260715 04:11:14.159297 0x1fb6b2080 bundle_adjustment_ceres.cc:842] [AETHER] solver_used=DENSE_SCHUR sparse_backend=EIGEN_SPARSE dense_backend=EIGEN mixed=0 threads=1
I20260715 04:11:14.237801 0x1fb6b2080 bundle_adjustment_ceres.cc:842] [AETHER] solver_used=DENSE_SCHUR sparse_backend=EIGEN_SPARSE dense_backend=EIGEN mixed=0 threads=1
I20260715 04:11:14.304247 0x1fb6b2080 bundle_adjustment_ceres.cc:842] [AETHER] solver_used=DENSE_SCHUR sparse_backend=EIGEN_SPARSE dense_backend=EIGEN mixed=0 threads=1
I20260715 04:11:14.375718 0x1fb6b2080 bundle_adjustment_ceres.cc:842] [AETHER] solver_used=DENSE_SCHUR sparse_backend=EIGEN_SPARSE dense_backend=EIGEN mixed=0 threads=1
I20260715 04:11:14.446110 0x1fb6b2080 bundle_adjustment_ceres.cc:842] [AETHER] solver_used=DENSE_SCHUR sparse_backend=EIGEN_SPARSE dense_backend=EIGEN mixed=0 threads=1
I20260715 04:11:14.507801 0x1fb6b2080 bundle_adjustment_ceres.cc:842] [AETHER] solver_used=DENSE_SCHUR sparse_backend=EIGEN_SPARSE dense_backend=EIGEN mixed=0 threads=1
I20260715 04:11:14.568984 0x1fb6b2080 bundle_adjustment_ceres.cc:842] [AETHER] solver_used=DENSE_SCHUR sparse_backend=EIGEN_SPARSE dense_backend=EIGEN mixed=0 threads=1
I20260715 04:11:14.635831 0x1fb6b2080 bundle_adjustment_ceres.cc:842] [AETHER] solver_used=DENSE_SCHUR sparse_backend=EIGEN_SPARSE dense_backend=EIGEN mixed=0 threads=1
I20260715 04:11:14.698665 0x1fb6b2080 bundle_adjustment_ceres.cc:842] [AETHER] solver_used=DENSE_SCHUR sparse_backend=EIGEN_SPARSE dense_backend=EIGEN mixed=0 threads=1
STREAMED fed=20 missing_pose=0 stream_ms=1039.8
FINALIZE_ASYNC phase1={"solve_ms":0.6,"n_models":1,"n_registered":20,"n_points3d":15500,"reproj_px":0.8185,"track_len":2.133,"phase1":"live_reuse"}
I20260715 04:11:14.702770 0x16bad7000 database_cache.cc:72] Loading rigs...
I20260715 04:11:14.702785 0x16bad7000 database_cache.cc:82]  0 in 0.000s
I20260715 04:11:14.702792 0x16bad7000 database_cache.cc:90] Loading cameras...
I20260715 04:11:14.702804 0x16bad7000 database_cache.cc:108]  1 in 0.000s
I20260715 04:11:14.702809 0x16bad7000 database_cache.cc:116] Loading frames...
I20260715 04:11:14.702817 0x16bad7000 database_cache.cc:126]  0 in 0.000s
I20260715 04:11:14.702821 0x16bad7000 database_cache.cc:134] Loading matches...
I20260715 04:11:14.703120 0x16bad7000 database_cache.cc:139]  172 in 0.000s
I20260715 04:11:14.703126 0x16bad7000 database_cache.cc:147] Loading images...
I20260715 04:11:14.704342 0x16bad7000 database_cache.cc:236]  20 in 0.001s (loaded all 20)
I20260715 04:11:14.704347 0x16bad7000 database_cache.cc:255] Loading pose priors...
I20260715 04:11:14.704354 0x16bad7000 database_cache.cc:263]  0 in 0.000s
I20260715 04:11:14.704358 0x16bad7000 database_cache.cc:271] Building correspondence graph...
I20260715 04:11:14.708701 0x16bad7000 database_cache.cc:300]  in 0.004s (ignored 0)
I20260715 04:11:14.725845 0x16bad7000 incremental_pipeline.cc:320] Loading database
I20260715 04:11:14.725871 0x16bad7000 database_cache.cc:72] Loading rigs...
I20260715 04:11:14.725878 0x16bad7000 database_cache.cc:82]  0 in 0.000s
I20260715 04:11:14.725883 0x16bad7000 database_cache.cc:90] Loading cameras...
I20260715 04:11:14.725891 0x16bad7000 database_cache.cc:108]  1 in 0.000s
I20260715 04:11:14.725895 0x16bad7000 database_cache.cc:116] Loading frames...
I20260715 04:11:14.725900 0x16bad7000 database_cache.cc:126]  0 in 0.000s
I20260715 04:11:14.725904 0x16bad7000 database_cache.cc:134] Loading matches...
I20260715 04:11:14.726200 0x16bad7000 database_cache.cc:139]  172 in 0.000s
I20260715 04:11:14.726205 0x16bad7000 database_cache.cc:147] Loading images...
I20260715 04:11:14.727400 0x16bad7000 database_cache.cc:236]  20 in 0.001s (loaded all 20)
I20260715 04:11:14.727406 0x16bad7000 database_cache.cc:255] Loading pose priors...
I20260715 04:11:14.727413 0x16bad7000 database_cache.cc:263]  0 in 0.000s
I20260715 04:11:14.727416 0x16bad7000 database_cache.cc:271] Building correspondence graph...
I20260715 04:11:14.731401 0x16bad7000 database_cache.cc:300]  in 0.004s (ignored 0)
I20260715 04:11:14.731410 0x16bad7000 timer.cc:90] Elapsed time: 0.000 [minutes]
I20260715 04:11:15.406704 0x16bad7000 bundle_adjustment_ceres.cc:842] [AETHER] solver_used=DENSE_SCHUR sparse_backend=EIGEN_SPARSE dense_backend=EIGEN mixed=0 threads=6
I20260715 04:11:16.048962 0x16bad7000 bundle_adjustment_ceres.cc:842] [AETHER] solver_used=DENSE_SCHUR sparse_backend=EIGEN_SPARSE dense_backend=EIGEN mixed=0 threads=6
I20260715 04:11:16.714815 0x16bad7000 bundle_adjustment_ceres.cc:842] [AETHER] solver_used=DENSE_SCHUR sparse_backend=EIGEN_SPARSE dense_backend=EIGEN mixed=0 threads=6
I20260715 04:11:17.150666 0x16bad7000 bundle_adjustment_ceres.cc:842] [AETHER] solver_used=DENSE_SCHUR sparse_backend=EIGEN_SPARSE dense_backend=EIGEN mixed=0 threads=6
I20260715 04:11:17.575597 0x16bad7000 bundle_adjustment_ceres.cc:842] [AETHER] solver_used=DENSE_SCHUR sparse_backend=EIGEN_SPARSE dense_backend=EIGEN mixed=0 threads=6
W20260715 04:11:17.592114 0x16bad7000 aether_sfm_c.cc:4494] [aether_sfm] finalize worker: cache_pre=5ms enrich=8ms stage1=14ms (ok, rounds=0) stage2=2863ms (rounds<=5) temporal=5ms upgrade=0ms total=2889ms
REFINED finalize_ms=2896.6
RESULT incr=off n_reg=20 n_points=14108 track3plus=3739 n_obs=37094 mean_reproj_px=1.0331 stream_ms=1039.8 finalize_ms=2896.6 total_ms=3936.5
        3.97 real         8.88 user         3.64 sys
           106577920  maximum resident set size
                   0  average shared memory size
                   0  average unshared data size
                   0  average unshared stack size
                7999  page reclaims
                  27  page faults
                   0  swaps
                   0  block input operations
                   0  block output operations
                   0  messages sent
                   0  messages received
                   0  signals received
                 376  voluntary context switches
              758297  involuntary context switches
        108323656125  instructions retired
         43086027125  cycles elapsed
            96289248  peak memory footprint
