[DawnKernelHarness] limits: invocations/wg=512 wgSizeX=512 storageBufs=10 maxBuffer=1073741824 maxStorageBinding=1073741824 (adapter: 1024 1024 10 4294967295 4294967295)
[pwofficial_gpu_match_dawn] backend=blocked(fma4x4+direct+w64+nopb+f16+keyscan3+ptr+kp,V8) adapter="Apple M3 Pro" subgroups=1 sgmatrix=1 f32_8x8x8=1 f16_f32=1 mixed=0 subgroup=[4,64] packed_dot=1 timestamp=1 limits[storage=32768 invocations=1024 sizeX=1024]
WARNING: Logging before InitGoogleLogging() is written to STDERR
I20260925 18:01:41.374337 0x1fecf6080 database_cache.cc:72] Loading rigs...
I20260925 18:01:41.374371 0x1fecf6080 database_cache.cc:82]  0 in 0.000s
I20260925 18:01:41.374379 0x1fecf6080 database_cache.cc:90] Loading cameras...
I20260925 18:01:41.374392 0x1fecf6080 database_cache.cc:108]  2 in 0.000s
I20260925 18:01:41.374398 0x1fecf6080 database_cache.cc:116] Loading frames...
I20260925 18:01:41.374407 0x1fecf6080 database_cache.cc:126]  0 in 0.000s
I20260925 18:01:41.374411 0x1fecf6080 database_cache.cc:134] Loading matches...
I20260925 18:01:41.374420 0x1fecf6080 database_cache.cc:139]  1 in 0.000s
I20260925 18:01:41.374424 0x1fecf6080 database_cache.cc:147] Loading images...
I20260925 18:01:41.374556 0x1fecf6080 database_cache.cc:236]  2 in 0.000s (loaded all 2)
I20260925 18:01:41.374562 0x1fecf6080 database_cache.cc:255] Loading pose priors...
I20260925 18:01:41.374569 0x1fecf6080 database_cache.cc:263]  0 in 0.000s
I20260925 18:01:41.374573 0x1fecf6080 database_cache.cc:271] Building correspondence graph...
I20260925 18:01:41.374617 0x1fecf6080 database_cache.cc:300]  in 0.000s (ignored 0)
I20260925 18:01:41.427957 0x1fecf6080 official_bundle_adjustment_ceres.cc:1648] [AETHER gravity] injected 3/3 roll/pitch anchors, sigma_rad=0.00872665
[AETHER BA-ORDERING] blocks=362 pts(g0)=353 cams(g1)=3 g1_all_pose=1 proven=1
I20260925 18:01:41.432852 0x1fecf6080 official_bundle_adjustment_ceres.cc:1137] [AETHER] solver_used=DENSE_SCHUR sparse_backend=EIGEN_SPARSE dense_backend=EIGEN mixed=0 threads=1
I20260925 18:01:41.433362 0x1fecf6080 official_bundle_adjustment_ceres.cc:1648] [AETHER gravity] injected 3/3 roll/pitch anchors, sigma_rad=0.00872665
[AETHER BA-ORDERING] blocks=351 pts(g0)=342 cams(g1)=3 g1_all_pose=1 proven=1
I20260925 18:01:41.434999 0x1fecf6080 official_bundle_adjustment_ceres.cc:1137] [AETHER] solver_used=DENSE_SCHUR sparse_backend=EIGEN_SPARSE dense_backend=EIGEN mixed=0 threads=1
I20260925 18:01:41.506377 0x1fecf6080 official_bundle_adjustment_ceres.cc:1648] [AETHER gravity] injected 4/4 roll/pitch anchors, sigma_rad=0.00872665
[AETHER BA-ORDERING] blocks=546 pts(g0)=535 cams(g1)=4 g1_all_pose=1 proven=1
I20260925 18:01:41.516053 0x1fecf6080 official_bundle_adjustment_ceres.cc:1137] [AETHER] solver_used=DENSE_SCHUR sparse_backend=EIGEN_SPARSE dense_backend=EIGEN mixed=0 threads=1
I20260925 18:01:41.516856 0x1fecf6080 official_bundle_adjustment_ceres.cc:1648] [AETHER gravity] injected 4/4 roll/pitch anchors, sigma_rad=0.00872665
I20260925 18:01:41.518090 0x1fecf6080 official_bundle_adjustment_ceres.cc:1137] [AETHER] solver_used=DENSE_SCHUR sparse_backend=EIGEN_SPARSE dense_backend=EIGEN mixed=0 threads=1
I20260925 18:01:41.614156 0x1fecf6080 official_bundle_adjustment_ceres.cc:1648] [AETHER gravity] injected 5/5 roll/pitch anchors, sigma_rad=0.00872665
I20260925 18:01:41.626606 0x1fecf6080 official_bundle_adjustment_ceres.cc:1137] [AETHER] solver_used=DENSE_SCHUR sparse_backend=EIGEN_SPARSE dense_backend=EIGEN mixed=0 threads=1
I20260925 18:01:41.627488 0x1fecf6080 official_bundle_adjustment_ceres.cc:1648] [AETHER gravity] injected 5/5 roll/pitch anchors, sigma_rad=0.00872665
I20260925 18:01:41.629065 0x1fecf6080 official_bundle_adjustment_ceres.cc:1137] [AETHER] solver_used=DENSE_SCHUR sparse_backend=EIGEN_SPARSE dense_backend=EIGEN mixed=0 threads=1
I20260925 18:01:41.687035 0x1fecf6080 official_bundle_adjustment_ceres.cc:1648] [AETHER gravity] injected 4/4 roll/pitch anchors, sigma_rad=0.00872665
I20260925 18:01:41.692167 0x1fecf6080 official_bundle_adjustment_ceres.cc:1137] [AETHER] solver_used=DENSE_SCHUR sparse_backend=EIGEN_SPARSE dense_backend=EIGEN mixed=0 threads=1
I20260925 18:01:41.692858 0x1fecf6080 official_bundle_adjustment_ceres.cc:1648] [AETHER gravity] injected 4/4 roll/pitch anchors, sigma_rad=0.00872665
I20260925 18:01:41.694591 0x1fecf6080 official_bundle_adjustment_ceres.cc:1137] [AETHER] solver_used=DENSE_SCHUR sparse_backend=EIGEN_SPARSE dense_backend=EIGEN mixed=0 threads=1
I20260925 18:01:41.775774 0x1fecf6080 official_bundle_adjustment_ceres.cc:1648] [AETHER gravity] injected 3/3 roll/pitch anchors, sigma_rad=0.00872665
I20260925 18:01:41.777362 0x1fecf6080 official_bundle_adjustment_ceres.cc:1137] [AETHER] solver_used=DENSE_SCHUR sparse_backend=EIGEN_SPARSE dense_backend=EIGEN mixed=0 threads=1
I20260925 18:01:41.777667 0x1fecf6080 official_bundle_adjustment_ceres.cc:1648] [AETHER gravity] injected 3/3 roll/pitch anchors, sigma_rad=0.00872665
I20260925 18:01:41.778452 0x1fecf6080 official_bundle_adjustment_ceres.cc:1137] [AETHER] solver_used=DENSE_SCHUR sparse_backend=EIGEN_SPARSE dense_backend=EIGEN mixed=0 threads=1
I20260925 18:01:41.860930 0x1fecf6080 official_bundle_adjustment_ceres.cc:1648] [AETHER gravity] injected 3/3 roll/pitch anchors, sigma_rad=0.00872665
I20260925 18:01:41.862790 0x1fecf6080 official_bundle_adjustment_ceres.cc:1137] [AETHER] solver_used=DENSE_SCHUR sparse_backend=EIGEN_SPARSE dense_backend=EIGEN mixed=0 threads=1
I20260925 18:01:41.863517 0x1fecf6080 official_bundle_adjustment_ceres.cc:1648] [AETHER gravity] injected 3/3 roll/pitch anchors, sigma_rad=0.00872665
I20260925 18:01:41.864067 0x1fecf6080 official_bundle_adjustment_ceres.cc:1137] [AETHER] solver_used=DENSE_SCHUR sparse_backend=EIGEN_SPARSE dense_backend=EIGEN mixed=0 threads=1
I20260925 18:01:42.089623 0x1fecf6080 official_bundle_adjustment_ceres.cc:1648] [AETHER gravity] injected 2/2 roll/pitch anchors, sigma_rad=0.00872665
I20260925 18:01:42.089893 0x1fecf6080 official_bundle_adjustment_ceres.cc:1137] [AETHER] solver_used=DENSE_SCHUR sparse_backend=EIGEN_SPARSE dense_backend=EIGEN mixed=0 threads=1
I20260925 18:01:42.090038 0x1fecf6080 official_bundle_adjustment_ceres.cc:1648] [AETHER gravity] injected 2/2 roll/pitch anchors, sigma_rad=0.00872665
I20260925 18:01:42.090082 0x1fecf6080 official_bundle_adjustment_ceres.cc:1137] [AETHER] solver_used=DENSE_SCHUR sparse_backend=EIGEN_SPARSE dense_backend=EIGEN mixed=0 threads=1
I20260925 18:01:42.187224 0x1fecf6080 official_bundle_adjustment_ceres.cc:1648] [AETHER gravity] injected 2/2 roll/pitch anchors, sigma_rad=0.00872665
I20260925 18:01:42.189089 0x1fecf6080 official_bundle_adjustment_ceres.cc:1137] [AETHER] solver_used=DENSE_SCHUR sparse_backend=EIGEN_SPARSE dense_backend=EIGEN mixed=0 threads=1
I20260925 18:01:42.189574 0x1fecf6080 official_bundle_adjustment_ceres.cc:1648] [AETHER gravity] injected 3/3 roll/pitch anchors, sigma_rad=0.00872665
I20260925 18:01:42.190635 0x1fecf6080 official_bundle_adjustment_ceres.cc:1137] [AETHER] solver_used=DENSE_SCHUR sparse_backend=EIGEN_SPARSE dense_backend=EIGEN mixed=0 threads=1
I20260925 18:01:42.244141 0x1fecf6080 official_bundle_adjustment_ceres.cc:1648] [AETHER gravity] injected 2/2 roll/pitch anchors, sigma_rad=0.00872665
I20260925 18:01:42.244632 0x1fecf6080 official_bundle_adjustment_ceres.cc:1137] [AETHER] solver_used=DENSE_SCHUR sparse_backend=EIGEN_SPARSE dense_backend=EIGEN mixed=0 threads=1
I20260925 18:01:42.328822 0x1fecf6080 official_bundle_adjustment_ceres.cc:1648] [AETHER gravity] injected 5/5 roll/pitch anchors, sigma_rad=0.00872665
I20260925 18:01:42.335464 0x1fecf6080 official_bundle_adjustment_ceres.cc:1137] [AETHER] solver_used=DENSE_SCHUR sparse_backend=EIGEN_SPARSE dense_backend=EIGEN mixed=0 threads=1
I20260925 18:01:42.336366 0x1fecf6080 official_bundle_adjustment_ceres.cc:1648] [AETHER gravity] injected 5/5 roll/pitch anchors, sigma_rad=0.00872665
I20260925 18:01:42.337685 0x1fecf6080 official_bundle_adjustment_ceres.cc:1137] [AETHER] solver_used=DENSE_SCHUR sparse_backend=EIGEN_SPARSE dense_backend=EIGEN mixed=0 threads=1
I20260925 18:01:42.385044 0x1fecf6080 official_bundle_adjustment_ceres.cc:1648] [AETHER gravity] injected 4/4 roll/pitch anchors, sigma_rad=0.00872665
I20260925 18:01:42.388539 0x1fecf6080 official_bundle_adjustment_ceres.cc:1137] [AETHER] solver_used=DENSE_SCHUR sparse_backend=EIGEN_SPARSE dense_backend=EIGEN mixed=0 threads=1
I20260925 18:01:42.389301 0x1fecf6080 official_bundle_adjustment_ceres.cc:1648] [AETHER gravity] injected 6/6 roll/pitch anchors, sigma_rad=0.00872665
I20260925 18:01:42.390928 0x1fecf6080 official_bundle_adjustment_ceres.cc:1137] [AETHER] solver_used=DENSE_SCHUR sparse_backend=EIGEN_SPARSE dense_backend=EIGEN mixed=0 threads=1
I20260925 18:01:42.461000 0x1fecf6080 official_bundle_adjustment_ceres.cc:1648] [AETHER gravity] injected 5/5 roll/pitch anchors, sigma_rad=0.00872665
I20260925 18:01:42.466801 0x1fecf6080 official_bundle_adjustment_ceres.cc:1137] [AETHER] solver_used=DENSE_SCHUR sparse_backend=EIGEN_SPARSE dense_backend=EIGEN mixed=0 threads=1
I20260925 18:01:42.467777 0x1fecf6080 official_bundle_adjustment_ceres.cc:1648] [AETHER gravity] injected 5/5 roll/pitch anchors, sigma_rad=0.00872665
I20260925 18:01:42.468988 0x1fecf6080 official_bundle_adjustment_ceres.cc:1137] [AETHER] solver_used=DENSE_SCHUR sparse_backend=EIGEN_SPARSE dense_backend=EIGEN mixed=0 threads=1
I20260925 18:01:42.619276 0x1fecf6080 official_bundle_adjustment_ceres.cc:1648] [AETHER gravity] injected 3/3 roll/pitch anchors, sigma_rad=0.00872665
W20260925 18:01:42.621430 0x1fecf6080 levenberg_marquardt_strategy.cc:123] Linear solver failure. Failed to compute a step: Eigen failure. Unable to perform dense Cholesky factorization.
I20260925 18:01:42.621456 0x1fecf6080 official_bundle_adjustment_ceres.cc:1137] [AETHER] solver_used=DENSE_SCHUR sparse_backend=EIGEN_SPARSE dense_backend=EIGEN mixed=0 threads=1
I20260925 18:01:42.621927 0x1fecf6080 official_bundle_adjustment_ceres.cc:1648] [AETHER gravity] injected 3/3 roll/pitch anchors, sigma_rad=0.00872665
I20260925 18:01:42.622816 0x1fecf6080 official_bundle_adjustment_ceres.cc:1137] [AETHER] solver_used=DENSE_SCHUR sparse_backend=EIGEN_SPARSE dense_backend=EIGEN mixed=0 threads=1
I20260925 18:01:42.656974 0x1fecf6080 official_bundle_adjustment_ceres.cc:1648] [AETHER gravity] injected 4/4 roll/pitch anchors, sigma_rad=0.00872665
I20260925 18:01:42.660637 0x1fecf6080 official_bundle_adjustment_ceres.cc:1137] [AETHER] solver_used=DENSE_SCHUR sparse_backend=EIGEN_SPARSE dense_backend=EIGEN mixed=0 threads=1
I20260925 18:01:42.661293 0x1fecf6080 official_bundle_adjustment_ceres.cc:1648] [AETHER gravity] injected 4/4 roll/pitch anchors, sigma_rad=0.00872665
I20260925 18:01:42.662507 0x1fecf6080 official_bundle_adjustment_ceres.cc:1137] [AETHER] solver_used=DENSE_SCHUR sparse_backend=EIGEN_SPARSE dense_backend=EIGEN mixed=0 threads=1
I20260925 18:01:42.663440 0x16feff000 database_cache.cc:72] Loading rigs...
I20260925 18:01:42.663457 0x16feff000 database_cache.cc:82]  0 in 0.000s
I20260925 18:01:42.663463 0x16feff000 database_cache.cc:90] Loading cameras...
I20260925 18:01:42.663479 0x16feff000 database_cache.cc:108]  20 in 0.000s
I20260925 18:01:42.663483 0x16feff000 database_cache.cc:116] Loading frames...
I20260925 18:01:42.663490 0x16feff000 database_cache.cc:126]  0 in 0.000s
I20260925 18:01:42.663494 0x16feff000 database_cache.cc:134] Loading matches...
I20260925 18:01:42.663538 0x16feff000 database_cache.cc:139]  51 in 0.000s
I20260925 18:01:42.663543 0x16feff000 database_cache.cc:147] Loading images...
I20260925 18:01:42.664600 0x16feff000 database_cache.cc:236]  20 in 0.001s (loaded all 20)
I20260925 18:01:42.664634 0x16feff000 database_cache.cc:255] Loading pose priors...
I20260925 18:01:42.664650 0x16feff000 database_cache.cc:263]  0 in 0.000s
I20260925 18:01:42.664657 0x16feff000 database_cache.cc:271] Building correspondence graph...
I20260925 18:01:42.665671 0x16feff000 database_cache.cc:300]  in 0.001s (ignored 0)
I20260925 18:01:42.668948 0x16feff000 official_bundle_adjustment_ceres.cc:1648] [AETHER gravity] injected 17/18 roll/pitch anchors, sigma_rad=0.00872665
I20260925 18:01:42.734719 0x16feff000 official_bundle_adjustment_ceres.cc:1137] [AETHER] solver_used=DENSE_SCHUR sparse_backend=EIGEN_SPARSE dense_backend=EIGEN mixed=0 threads=6
I20260925 18:01:42.737339 0x16feff000 official_bundle_adjustment_ceres.cc:1648] [AETHER gravity] injected 17/18 roll/pitch anchors, sigma_rad=0.00872665
I20260925 18:01:42.771745 0x16feff000 official_bundle_adjustment_ceres.cc:1137] [AETHER] solver_used=DENSE_SCHUR sparse_backend=EIGEN_SPARSE dense_backend=EIGEN mixed=0 threads=6
I20260925 18:01:42.774093 0x16feff000 official_bundle_adjustment_ceres.cc:1648] [AETHER gravity] injected 17/18 roll/pitch anchors, sigma_rad=0.00872665
I20260925 18:01:42.826388 0x16feff000 official_bundle_adjustment_ceres.cc:1137] [AETHER] solver_used=DENSE_SCHUR sparse_backend=EIGEN_SPARSE dense_backend=EIGEN mixed=0 threads=6
I20260925 18:01:42.828801 0x16feff000 official_bundle_adjustment_ceres.cc:1648] [AETHER gravity] injected 17/18 roll/pitch anchors, sigma_rad=0.00872665
I20260925 18:01:42.851849 0x16feff000 official_bundle_adjustment_ceres.cc:1137] [AETHER] solver_used=DENSE_SCHUR sparse_backend=EIGEN_SPARSE dense_backend=EIGEN mixed=0 threads=6
I20260925 18:01:42.858421 0x16feff000 official_bundle_adjustment_ceres.cc:1648] [AETHER gravity] injected 17/18 roll/pitch anchors, sigma_rad=0.00872665
I20260925 18:01:42.873741 0x16feff000 official_bundle_adjustment_ceres.cc:1137] [AETHER] solver_used=DENSE_SCHUR sparse_backend=EIGEN_SPARSE dense_backend=EIGEN mixed=0 threads=6
W20260925 18:01:42.894714 0x16ff8b000 official_aether_sfm_c.cc:6907] [aether_sfm] finalize re-match: starved_frames=10 candidates=114 attempted=114 written=0 inliers=0 failed=0 gpu_fail_capture=0 probe_debt_repaid=0 probe_debt_left=0
W20260925 18:01:42.964235 0x16ff8b000 official_aether_sfm_c.cc:7348] [aether_sfm] official quadratic overlap: overlap=10 candidates=42 written=0 in 69.3899 ms
I20260925 18:01:42.969256 0x16feff000 official_incremental_pipeline.cc:323] Loading database
I20260925 18:01:42.969293 0x16feff000 database_cache.cc:72] Loading rigs...
I20260925 18:01:42.969303 0x16feff000 database_cache.cc:82]  0 in 0.000s
I20260925 18:01:42.969309 0x16feff000 database_cache.cc:90] Loading cameras...
I20260925 18:01:42.969323 0x16feff000 database_cache.cc:108]  20 in 0.000s
I20260925 18:01:42.969327 0x16feff000 database_cache.cc:116] Loading frames...
I20260925 18:01:42.969334 0x16feff000 database_cache.cc:126]  0 in 0.000s
I20260925 18:01:42.969341 0x16feff000 database_cache.cc:134] Loading matches...
I20260925 18:01:42.969390 0x16feff000 database_cache.cc:139]  51 in 0.000s
I20260925 18:01:42.969395 0x16feff000 database_cache.cc:147] Loading images...
I20260925 18:01:42.970182 0x16feff000 database_cache.cc:236]  20 in 0.001s (loaded all 20)
I20260925 18:01:42.970188 0x16feff000 database_cache.cc:255] Loading pose priors...
I20260925 18:01:42.970196 0x16feff000 database_cache.cc:263]  0 in 0.000s
I20260925 18:01:42.970199 0x16feff000 database_cache.cc:271] Building correspondence graph...
I20260925 18:01:42.970598 0x16feff000 database_cache.cc:300]  in 0.000s (ignored 0)
I20260925 18:01:42.970603 0x16feff000 timer.cc:90] Elapsed time: 0.000 [minutes]
I20260925 18:01:42.972810 0x16feff000 official_bundle_adjustment_ceres.cc:1648] [AETHER gravity] injected 17/18 roll/pitch anchors, sigma_rad=0.00872665
I20260925 18:01:42.990630 0x16feff000 official_bundle_adjustment_ceres.cc:1137] [AETHER] solver_used=DENSE_SCHUR sparse_backend=EIGEN_SPARSE dense_backend=EIGEN mixed=0 threads=6
W20260925 18:01:42.991777 0x16feff000 official_aether_sfm_c.cc:9530] [frame-loss] before=20 after=18 lost_zero_obs=2 lost_with_obs=0 | frame_000008.jpg(obs=0) frame_000016.jpg(obs=0)
W20260925 18:01:42.992030 0x16feff000 official_aether_sfm_c.cc:9614] [aether_sfm] finalize worker: cache_pre=2ms enrich=301ms stage1=209ms (ok, rounds=5) stage2=24ms (rounds<=1) temporal=0ms upgrade=0ms total=328ms
W20260925 18:01:42.992235 0x16feff000 official_aether_sfm_c.cc:9643] [aether_sfm] delivered-point provenance: live-created=1343 official-retriangulated=380 live-dropped-by-official-filtering=121 (live model had 1464; capture-time official TriangulateImage added 0 obs)
W20260925 18:01:42.992339 0x16feff000 official_aether_sfm_c.cc:8066] [device-align-v1] status=aligned pairs=18 inliers=18 max_error_m=0.111819 scale=1.02279 centre_err_median_m=0.0238644 centre_err_max_m=0.0724798 outliers=0
W20260925 18:01:43.096836 0x1fecf6080 official_aether_sfm_c.cc:13097] [aether_sfm] deliver-filter(get_points_tracked): kept 1710/1723 (min_tri_angle=3deg, mirror_ghost=0, isolated_floater=12, killed_union=12)
[pwofficial_gpu_match_dawn] device lost #1 reason=2 rc=8: Device was destroyed.
        1.93 real         0.77 user         0.51 sys
           115933184  maximum resident set size
                   0  average shared memory size
                   0  average unshared data size
                   0  average unshared stack size
               34828  page reclaims
                  14  page faults
                   0  swaps
                   0  block input operations
                   0  block output operations
                   0  messages sent
                   0  messages received
                   0  signals received
                  27  voluntary context switches
               54255  involuntary context switches
         10426146820  instructions retired
          4426598611  cycles elapsed
           309084832  peak memory footprint
