{
  "acceptance": {
    "all_below_floor_points_after_ownership": 0,
    "all_c_gates_match_independent_python_bit_exact": true,
    "all_depth_conflict_candidates_born": 0,
    "all_original_sparse_points_removed": 0,
    "all_retained_depths_bit_identical": true,
    "each_reference_sparse_max_error_non_regression": true,
    "each_reference_sparse_median_p90_p95_non_regression": true,
    "each_reference_sparse_within_5cm_10cm_20cm_non_regression": true,
    "minimum_comparable_final_pixels_per_reference": 10,
    "strict_benefit_requires_at_least_one_depth_conflict_rejected": true
  },
  "capture": "cap50",
  "config": {
    "absolute_depth_tolerance_m": 0.08,
    "coarse_to_fine_refinement": false,
    "depth_count": 48,
    "depth_max_m": 4.3,
    "depth_min_m": 0.8,
    "floor_ownership_slab_m": 0.08,
    "height": 72,
    "learned_model_or_training_data_consumed": false,
    "lidar_or_scene_depth_consumed": false,
    "minimum_parallax_deg": 8.0,
    "minimum_reciprocal_views": 2,
    "minimum_views": 4,
    "relative_depth_tolerance": 0.05,
    "single_pass_parabolic_interpolation": true,
    "source_views": "4_to_7_pose_overlap_views",
    "third_party_matcher_output_consumed": false,
    "width": 128
  },
  "decision": "FAIL_RECIPROCAL_BIRTH_QUALITY_GATE",
  "elapsed_s": 4.441357500007143,
  "library": "/Users/kaidongwang/Developer/Aether3D-cross/aether_cpp/build/libaether3d_ffi.dylib",
  "library_sha256": "cc5efd43d110e51a7855379468ceee63de48054d5f509c14b7ab793d1322e4d7",
  "ordered_capture_bundle_sha256": "932cb559ced40ed2f046efdd67a663703c8c6898f958459a2c461cb6b39737cd",
  "peak_rss_mb": 246.359375,
  "references": [
    {
      "baseline_births": 2339,
      "baseline_sparse_error": {
        "count": 1320,
        "max_m": 2.8873870767807848,
        "median_m": 0.08292075413163258,
        "p90_m": 1.2858939756783314,
        "p95_m": 1.8419384718876812,
        "within_0_05_m": 0.3446969696969697,
        "within_0_10_m": 0.5325757575757576,
        "within_0_20_m": 0.6416666666666667
      },
      "below_floor_after_ownership": 0,
      "below_floor_before_ownership": 43,
      "c_vs_independent_python_gate_bit_exact": false,
      "coarse_c_vs_independent_python_gate_bit_exact": false,
      "coarse_kernel_ms": [
        23.76383400405757,
        5.775249999715015,
        5.098791007185355,
        5.273416987620294,
        5.317333008861169,
        4.83375001931563,
        5.433667014585808,
        5.167499999515712
      ],
      "coarse_only_births": 38,
      "coarse_primary_births": 2339,
      "coarse_reciprocal_births": 1430,
      "coarse_vs_refined_birth_intersection": 1392,
      "depth_conflict_candidates": 344,
      "depth_conflict_candidates_born": 0,
      "final_births": 1259,
      "final_sparse_error": {
        "count": 723,
        "max_m": 1.6954595636279342,
        "median_m": 0.04923814659786552,
        "p90_m": 0.2884507626616153,
        "p95_m": 0.44230783802076695,
        "within_0_05_m": 0.5076071922544951,
        "within_0_10_m": 0.7372060857538036,
        "within_0_20_m": 0.8478561549100968
      },
      "floor_owned_candidates_not_born": 171,
      "interpolation_structural_fallbacks": 110,
      "kernel_ms": [
        23.76383400405757,
        5.775249999715015,
        5.098791007185355,
        5.273416987620294,
        5.317333008861169,
        4.83375001931563,
        5.433667014585808,
        5.167499999515712
      ],
      "metric_depth_reciprocal_births": 1450,
      "npz": "experiments/detector_free_a16_bench_2026-07-15/runs/interpolated_safe_cap50_sixrefs/artifacts/cap50_ref0_product_quality.npz",
      "npz_sha256": "692ed30ebdda20f3bc60e32512f2893a43a5d21f73fe02d449f432bb21322cce",
      "pass": false,
      "primary_frame_excluded_from_all_reciprocal_support": true,
      "reciprocal_births": 1430,
      "reciprocal_sparse_error": {
        "count": 845,
        "max_m": 1.6954595636279342,
        "median_m": 0.05126578132220039,
        "p90_m": 0.2746776199977079,
        "p95_m": 0.43841311555148704,
        "within_0_05_m": 0.4863905325443787,
        "within_0_10_m": 0.7431952662721893,
        "within_0_20_m": 0.8591715976331361
      },
      "reciprocal_support_frame_indices": {
        "1": [
          4,
          5,
          3,
          6,
          7,
          2,
          9
        ],
        "2": [
          4,
          7,
          6,
          5,
          3,
          1,
          8
        ],
        "4": [
          1,
          2,
          3,
          6,
          7,
          22,
          8
        ],
        "9": [
          10,
          8,
          1,
          7,
          2,
          13,
          11
        ],
        "10": [
          9,
          13,
          11,
          12,
          1,
          14,
          8
        ],
        "13": [
          14,
          10,
          11,
          12,
          15,
          21,
          9
        ],
        "14": [
          15,
          13,
          16,
          21,
          22,
          17,
          10
        ]
      },
      "reference_index": 0,
      "refine_kernel_ms": [
        0.0,
        0.0,
        0.0,
        0.0,
        0.0,
        0.0,
        0.0,
        0.0
      ],
      "refined_only_births": 58,
      "retained_candidate_depths_bit_identical": true,
      "safe_interpolated_births": 813,
      "selected_frame_ids": [
        0,
        1,
        13,
        10,
        2,
        14,
        9,
        4
      ],
      "selected_frame_indices": [
        0,
        1,
        13,
        10,
        2,
        14,
        9,
        4
      ],
      "session_and_kernel_ms": [
        360.77158301486634,
        6.023792026098818,
        5.33166597597301,
        5.505832989001647,
        5.556499992962927,
        5.0602919945959,
        5.662166979163885,
        5.415790976257995
      ],
      "source_view_count": 7,
      "sparse_points_removed": 0
    },
    {
      "baseline_births": 1934,
      "baseline_sparse_error": {
        "count": 1289,
        "max_m": 3.6129746273316856,
        "median_m": 0.13550974914987357,
        "p90_m": 1.549797648144824,
        "p95_m": 1.9519180391299364,
        "within_0_05_m": 0.22575640031031807,
        "within_0_10_m": 0.4072924747866563,
        "within_0_20_m": 0.6051202482544609
      },
      "below_floor_after_ownership": 0,
      "below_floor_before_ownership": 0,
      "c_vs_independent_python_gate_bit_exact": true,
      "coarse_c_vs_independent_python_gate_bit_exact": true,
      "coarse_kernel_ms": [
        18.44229199923575,
        5.237791978288442,
        5.265250016236678,
        4.010874981759116,
        5.033082998124883,
        5.232208000961691,
        4.7799999883864075,
        5.556500022066757
      ],
      "coarse_only_births": 19,
      "coarse_primary_births": 1934,
      "coarse_reciprocal_births": 178,
      "coarse_vs_refined_birth_intersection": 159,
      "depth_conflict_candidates": 370,
      "depth_conflict_candidates_born": 0,
      "final_births": 169,
      "final_sparse_error": {
        "count": 93,
        "max_m": 1.0092585004951609,
        "median_m": 0.06429939642505533,
        "p90_m": 0.23191892360473115,
        "p95_m": 0.5237902854821204,
        "within_0_05_m": 0.44086021505376344,
        "within_0_10_m": 0.7204301075268817,
        "within_0_20_m": 0.8817204301075269
      },
      "floor_owned_candidates_not_born": 9,
      "interpolation_structural_fallbacks": 6,
      "kernel_ms": [
        18.44229199923575,
        5.237791978288442,
        5.265250016236678,
        4.010874981759116,
        5.033082998124883,
        5.232208000961691,
        4.7799999883864075,
        5.556500022066757
      ],
      "metric_depth_reciprocal_births": 171,
      "npz": "experiments/detector_free_a16_bench_2026-07-15/runs/interpolated_safe_cap50_sixrefs/artifacts/cap50_ref20_product_quality.npz",
      "npz_sha256": "0972c212a656f74e242d69ff6561d854a927584e4f560b77fee6ec2451fa26be",
      "pass": true,
      "primary_frame_excluded_from_all_reciprocal_support": true,
      "reciprocal_births": 178,
      "reciprocal_sparse_error": {
        "count": 102,
        "max_m": 1.0092585004951609,
        "median_m": 0.06526860418820846,
        "p90_m": 0.25012791434637976,
        "p95_m": 0.5265887263046181,
        "within_0_05_m": 0.4117647058823529,
        "within_0_10_m": 0.7156862745098039,
        "within_0_20_m": 0.8725490196078431
      },
      "reciprocal_support_frame_indices": {
        "0": [
          1,
          13,
          10,
          2,
          14,
          9,
          4
        ],
        "1": [
          4,
          5,
          3,
          6,
          0,
          7,
          2
        ],
        "18": [
          15,
          19,
          16,
          17,
          21,
          14,
          22
        ],
        "19": [
          17,
          15,
          18,
          16,
          21,
          22,
          14
        ],
        "21": [
          22,
          23,
          14,
          114,
          16,
          13,
          15
        ],
        "22": [
          23,
          21,
          114,
          24,
          14,
          25,
          15
        ],
        "23": [
          24,
          22,
          21,
          25,
          114,
          113,
          4
        ]
      },
      "reference_index": 20,
      "refine_kernel_ms": [
        0.0,
        0.0,
        0.0,
        0.0,
        0.0,
        0.0,
        0.0,
        0.0
      ],
      "refined_only_births": 12,
      "retained_candidate_depths_bit_identical": true,
      "safe_interpolated_births": 101,
      "selected_frame_ids": [
        20,
        22,
        19,
        23,
        18,
        0,
        21,
        1
      ],
      "selected_frame_indices": [
        20,
        22,
        19,
        23,
        18,
        0,
        21,
        1
      ],
      "session_and_kernel_ms": [
        18.804874998750165,
        5.488958006026223,
        5.496750003658235,
        4.248458018992096,
        5.2548750245478,
        5.4427919967565686,
        5.0051249854732305,
        5.767791997641325
      ],
      "source_view_count": 7,
      "sparse_points_removed": 0
    },
    {
      "baseline_births": 805,
      "baseline_sparse_error": {
        "count": 457,
        "max_m": 1.6697911720344298,
        "median_m": 0.06367910958528888,
        "p90_m": 0.24685984341089362,
        "p95_m": 0.33887917005340434,
        "within_0_05_m": 0.43326039387308535,
        "within_0_10_m": 0.6170678336980306,
        "within_0_20_m": 0.8293216630196937
      },
      "below_floor_after_ownership": 0,
      "below_floor_before_ownership": 0,
      "c_vs_independent_python_gate_bit_exact": true,
      "coarse_c_vs_independent_python_gate_bit_exact": true,
      "coarse_kernel_ms": [
        14.435832999879494,
        6.374207994667813,
        3.4631250018719584,
        5.013083020457998,
        5.283584003336728,
        5.661500006681308
      ],
      "coarse_only_births": 15,
      "coarse_primary_births": 805,
      "coarse_reciprocal_births": 339,
      "coarse_vs_refined_birth_intersection": 324,
      "depth_conflict_candidates": 244,
      "depth_conflict_candidates_born": 0,
      "final_births": 339,
      "final_sparse_error": {
        "count": 233,
        "max_m": 0.26040046199431055,
        "median_m": 0.05067739210049638,
        "p90_m": 0.19754374865354757,
        "p95_m": 0.22197587583998096,
        "within_0_05_m": 0.4978540772532189,
        "within_0_10_m": 0.6995708154506438,
        "within_0_20_m": 0.9012875536480687
      },
      "floor_owned_candidates_not_born": 0,
      "interpolation_structural_fallbacks": 0,
      "kernel_ms": [
        14.435832999879494,
        6.374207994667813,
        3.4631250018719584,
        5.013083020457998,
        5.283584003336728,
        5.661500006681308
      ],
      "metric_depth_reciprocal_births": 366,
      "npz": "experiments/detector_free_a16_bench_2026-07-15/runs/interpolated_safe_cap50_sixrefs/artifacts/cap50_ref40_product_quality.npz",
      "npz_sha256": "72799921d77a3eb296ce4131112dbb9d87efbefae340d2dd9052b9aeaec28aa0",
      "pass": true,
      "primary_frame_excluded_from_all_reciprocal_support": true,
      "reciprocal_births": 339,
      "reciprocal_sparse_error": {
        "count": 233,
        "max_m": 0.26040046199431055,
        "median_m": 0.05067739210049638,
        "p90_m": 0.19754374865354757,
        "p95_m": 0.22197587583998096,
        "within_0_05_m": 0.4978540772532189,
        "within_0_10_m": 0.6995708154506438,
        "within_0_20_m": 0.9012875536480687
      },
      "reciprocal_support_frame_indices": {
        "38": [
          39,
          41,
          37,
          42
        ],
        "41": [
          42,
          43,
          39,
          38,
          44,
          45,
          28
        ],
        "42": [
          41,
          43,
          44,
          39,
          38,
          28,
          45
        ],
        "43": [
          42,
          44,
          41,
          45,
          26,
          55,
          46
        ],
        "44": [
          45,
          43,
          46,
          42,
          47,
          103,
          41
        ]
      },
      "reference_index": 40,
      "refine_kernel_ms": [
        0.0,
        0.0,
        0.0,
        0.0,
        0.0,
        0.0
      ],
      "refined_only_births": 42,
      "retained_candidate_depths_bit_identical": true,
      "safe_interpolated_births": 214,
      "selected_frame_ids": [
        56,
        59,
        53,
        58,
        60,
        61
      ],
      "selected_frame_indices": [
        40,
        42,
        38,
        41,
        43,
        44
      ],
      "session_and_kernel_ms": [
        14.721457991981879,
        6.634124991251156,
        3.6760829971171916,
        5.2668339922092855,
        5.504917004145682,
        5.876790994079784
      ],
      "source_view_count": 5,
      "sparse_points_removed": 0
    },
    {
      "baseline_births": 322,
      "baseline_sparse_error": {
        "count": 208,
        "max_m": 1.0030578847728435,
        "median_m": 0.08594910413900436,
        "p90_m": 0.1976856876106716,
        "p95_m": 0.410233858936293,
        "within_0_05_m": 0.15384615384615385,
        "within_0_10_m": 0.5865384615384616,
        "within_0_20_m": 0.9038461538461539
      },
      "below_floor_after_ownership": 0,
      "below_floor_before_ownership": 0,
      "c_vs_independent_python_gate_bit_exact": true,
      "coarse_c_vs_independent_python_gate_bit_exact": true,
      "coarse_kernel_ms": [
        14.009749982506037,
        7.338374998653308,
        6.147917010821402,
        5.333583016181365,
        5.36795798689127,
        4.762042022775859,
        5.190374999074265,
        5.461666005430743
      ],
      "coarse_only_births": 5,
      "coarse_primary_births": 322,
      "coarse_reciprocal_births": 246,
      "coarse_vs_refined_birth_intersection": 241,
      "depth_conflict_candidates": 61,
      "depth_conflict_candidates_born": 0,
      "final_births": 246,
      "final_sparse_error": {
        "count": 172,
        "max_m": 0.22375789232810916,
        "median_m": 0.0797950807984833,
        "p90_m": 0.13788316063315378,
        "p95_m": 0.1454136863642237,
        "within_0_05_m": 0.1744186046511628,
        "within_0_10_m": 0.6744186046511628,
        "within_0_20_m": 0.9941860465116279
      },
      "floor_owned_candidates_not_born": 0,
      "interpolation_structural_fallbacks": 0,
      "kernel_ms": [
        14.009749982506037,
        7.338374998653308,
        6.147917010821402,
        5.333583016181365,
        5.36795798689127,
        4.762042022775859,
        5.190374999074265,
        5.461666005430743
      ],
      "metric_depth_reciprocal_births": 244,
      "npz": "experiments/detector_free_a16_bench_2026-07-15/runs/interpolated_safe_cap50_sixrefs/artifacts/cap50_ref60_product_quality.npz",
      "npz_sha256": "ae20fd768a62950cf119c39cfb384884af2dd0c78d5d116e2ad20f28dd40598b",
      "pass": true,
      "primary_frame_excluded_from_all_reciprocal_support": true,
      "reciprocal_births": 246,
      "reciprocal_sparse_error": {
        "count": 172,
        "max_m": 0.22375789232810916,
        "median_m": 0.0797950807984833,
        "p90_m": 0.13788316063315378,
        "p95_m": 0.1454136863642237,
        "within_0_05_m": 0.1744186046511628,
        "within_0_10_m": 0.6744186046511628,
        "within_0_20_m": 0.9941860465116279
      },
      "reciprocal_support_frame_indices": {
        "50": [
          53,
          47,
          61,
          64,
          48,
          49,
          62
        ],
        "52": [
          62,
          49,
          61,
          47,
          54,
          64,
          50
        ],
        "55": [
          53,
          56,
          54,
          57,
          52,
          50,
          51
        ],
        "56": [
          54,
          53,
          58,
          55,
          57,
          61,
          59
        ],
        "57": [
          56,
          54,
          53,
          55,
          59,
          61,
          58
        ],
        "59": [
          58,
          56,
          53,
          61,
          57,
          54,
          55
        ],
        "61": [
          53,
          50,
          52,
          51,
          56,
          54,
          59
        ]
      },
      "reference_index": 60,
      "refine_kernel_ms": [
        0.0,
        0.0,
        0.0,
        0.0,
        0.0,
        0.0,
        0.0,
        0.0
      ],
      "refined_only_births": 3,
      "retained_candidate_depths_bit_identical": true,
      "safe_interpolated_births": 175,
      "selected_frame_ids": [
        77,
        78,
        76,
        73,
        67,
        69,
        74,
        72
      ],
      "selected_frame_indices": [
        60,
        61,
        59,
        56,
        50,
        52,
        57,
        55
      ],
      "session_and_kernel_ms": [
        14.395209000213072,
        7.582375023048371,
        6.404207990271971,
        5.562417005421594,
        5.607041006442159,
        4.977750009857118,
        5.402792012318969,
        5.682541988790035
      ],
      "source_view_count": 7,
      "sparse_points_removed": 0
    },
    {
      "baseline_births": 1348,
      "baseline_sparse_error": {
        "count": 807,
        "max_m": 0.9605366197573479,
        "median_m": 0.10496705960845798,
        "p90_m": 0.3011133481226581,
        "p95_m": 0.5034683625178107,
        "within_0_05_m": 0.23543990086741015,
        "within_0_10_m": 0.4721189591078067,
        "within_0_20_m": 0.7769516728624535
      },
      "below_floor_after_ownership": 0,
      "below_floor_before_ownership": 0,
      "c_vs_independent_python_gate_bit_exact": true,
      "coarse_c_vs_independent_python_gate_bit_exact": true,
      "coarse_kernel_ms": [
        11.019333003787324,
        4.908999981125817,
        3.9326669939327985,
        4.0101670019794255,
        3.839542012428865,
        3.7151669966988266
      ],
      "coarse_only_births": 5,
      "coarse_primary_births": 1348,
      "coarse_reciprocal_births": 34,
      "coarse_vs_refined_birth_intersection": 29,
      "depth_conflict_candidates": 13,
      "depth_conflict_candidates_born": 0,
      "final_births": 34,
      "final_sparse_error": {
        "count": 17,
        "max_m": 0.13191096101528466,
        "median_m": 0.06655373768150952,
        "p90_m": 0.11029919194468078,
        "p95_m": 0.11768111245406238,
        "within_0_05_m": 0.29411764705882354,
        "within_0_10_m": 0.8235294117647058,
        "within_0_20_m": 1.0
      },
      "floor_owned_candidates_not_born": 0,
      "interpolation_structural_fallbacks": 0,
      "kernel_ms": [
        11.019333003787324,
        4.908999981125817,
        3.9326669939327985,
        4.0101670019794255,
        3.839542012428865,
        3.7151669966988266
      ],
      "metric_depth_reciprocal_births": 31,
      "npz": "experiments/detector_free_a16_bench_2026-07-15/runs/interpolated_safe_cap50_sixrefs/artifacts/cap50_ref80_product_quality.npz",
      "npz_sha256": "36e81ff1f47fa1b456ce5523f7dc9f8f681052ae239979f65991c6c5bdcc7648",
      "pass": true,
      "primary_frame_excluded_from_all_reciprocal_support": true,
      "reciprocal_births": 34,
      "reciprocal_sparse_error": {
        "count": 17,
        "max_m": 0.13191096101528466,
        "median_m": 0.06655373768150952,
        "p90_m": 0.11029919194468078,
        "p95_m": 0.11768111245406238,
        "within_0_05_m": 0.29411764705882354,
        "within_0_10_m": 0.8235294117647058,
        "within_0_20_m": 1.0
      },
      "reciprocal_support_frame_indices": {
        "79": [
          81,
          82,
          83,
          84
        ],
        "81": [
          79,
          82,
          83,
          84
        ],
        "82": [
          83,
          81,
          84,
          79
        ],
        "83": [
          84,
          82,
          81,
          79
        ],
        "84": [
          83,
          82,
          81,
          79
        ]
      },
      "reference_index": 80,
      "refine_kernel_ms": [
        0.0,
        0.0,
        0.0,
        0.0,
        0.0,
        0.0
      ],
      "refined_only_births": 2,
      "retained_candidate_depths_bit_identical": true,
      "safe_interpolated_births": 21,
      "selected_frame_ids": [
        104,
        106,
        100,
        105,
        107,
        108
      ],
      "selected_frame_indices": [
        80,
        82,
        79,
        81,
        83,
        84
      ],
      "session_and_kernel_ms": [
        11.318042001221329,
        5.076375004136935,
        4.095167008927092,
        4.174375004367903,
        3.9999580185394734,
        3.8858339830767363
      ],
      "source_view_count": 5,
      "sparse_points_removed": 0
    },
    {
      "baseline_births": 1071,
      "baseline_sparse_error": {
        "count": 491,
        "max_m": 1.343094386750801,
        "median_m": 0.08241564741490315,
        "p90_m": 0.2657149864629229,
        "p95_m": 0.3646278227507267,
        "within_0_05_m": 0.319755600814664,
        "within_0_10_m": 0.5763747454175153,
        "within_0_20_m": 0.835030549898167
      },
      "below_floor_after_ownership": 0,
      "below_floor_before_ownership": 74,
      "c_vs_independent_python_gate_bit_exact": true,
      "coarse_c_vs_independent_python_gate_bit_exact": true,
      "coarse_kernel_ms": [
        16.41058298991993,
        7.94016697909683,
        6.0370830178726465,
        5.86854200810194,
        5.054542009020224,
        4.221000010147691,
        4.559291992336512,
        5.256499978713691
      ],
      "coarse_only_births": 10,
      "coarse_primary_births": 1071,
      "coarse_reciprocal_births": 627,
      "coarse_vs_refined_birth_intersection": 617,
      "depth_conflict_candidates": 303,
      "depth_conflict_candidates_born": 0,
      "final_births": 519,
      "final_sparse_error": {
        "count": 279,
        "max_m": 0.29097935471686576,
        "median_m": 0.06210774915510875,
        "p90_m": 0.15174713430821254,
        "p95_m": 0.19213144705458407,
        "within_0_05_m": 0.41935483870967744,
        "within_0_10_m": 0.7455197132616488,
        "within_0_20_m": 0.956989247311828
      },
      "floor_owned_candidates_not_born": 108,
      "interpolation_structural_fallbacks": 87,
      "kernel_ms": [
        16.41058298991993,
        7.94016697909683,
        6.0370830178726465,
        5.86854200810194,
        5.054542009020224,
        4.221000010147691,
        4.559291992336512,
        5.256499978713691
      ],
      "metric_depth_reciprocal_births": 633,
      "npz": "experiments/detector_free_a16_bench_2026-07-15/runs/interpolated_safe_cap50_sixrefs/artifacts/cap50_ref100_product_quality.npz",
      "npz_sha256": "8177cf404698e121e15ddd513ea9d16f9937836ccb43d8e97c0998fa4fdf9748",
      "pass": true,
      "primary_frame_excluded_from_all_reciprocal_support": true,
      "reciprocal_births": 627,
      "reciprocal_sparse_error": {
        "count": 306,
        "max_m": 0.29097935471686576,
        "median_m": 0.057153886104991614,
        "p90_m": 0.146249310032589,
        "p95_m": 0.18787709706830658,
        "within_0_05_m": 0.434640522875817,
        "within_0_10_m": 0.7679738562091504,
        "within_0_20_m": 0.9607843137254902
      },
      "reciprocal_support_frame_indices": {
        "30": [
          97,
          31,
          98,
          32,
          29,
          99,
          96
        ],
        "97": [
          32,
          98,
          96,
          31,
          30,
          33,
          34
        ],
        "98": [
          99,
          97,
          30,
          31,
          32,
          101,
          96
        ],
        "99": [
          98,
          97,
          101,
          30,
          102,
          31,
          32
        ],
        "101": [
          102,
          103,
          99,
          63,
          98,
          30
        ],
        "102": [
          101,
          103,
          64,
          63,
          47,
          48,
          46
        ],
        "103": [
          102,
          46,
          63,
          47,
          64,
          45,
          48
        ]
      },
      "reference_index": 100,
      "refine_kernel_ms": [
        0.0,
        0.0,
        0.0,
        0.0,
        0.0,
        0.0,
        0.0,
        0.0
      ],
      "refined_only_births": 16,
      "retained_candidate_depths_bit_identical": true,
      "safe_interpolated_births": 389,
      "selected_frame_ids": [
        124,
        123,
        125,
        122,
        126,
        35,
        121,
        127
      ],
      "selected_frame_indices": [
        100,
        99,
        101,
        98,
        102,
        30,
        97,
        103
      ],
      "session_and_kernel_ms": [
        16.738625010475516,
        8.163124992279336,
        6.234916974790394,
        6.077416997868568,
        5.264457984594628,
        4.436249990249053,
        4.790208011399955,
        5.492500000400469
      ],
      "source_view_count": 7,
      "sparse_points_removed": 0
    }
  ],
  "schema": "pocketworld_detector_free_multireference_product_quality_v1",
  "sparse_path": "/Users/kaidongwang/.config/superpowers/worktrees/pocketworld_research_benchmarks/pocketworld-repro-contract-20260714/data/pocketworld_captures/cap50/sfm/sfm_sparse.ply",
  "sparse_sha256": "a41bd10f9d5832f9f98bbbaf8d566890d21d2bffa7d3142da27db0bfdb8f36df",
  "totals": {
    "baseline_births": 7819,
    "depth_conflict_candidates": 1335,
    "depth_conflict_candidates_born": 0,
    "final_births": 2566,
    "floor_owned_candidates_not_born": 288,
    "reciprocal_births": 2854,
    "sparse_points_removed": 0
  }
}
