{"acceptance_rate": 0.03852828878861506, "accepted": 111, "base_accepted": 111, "coverage_cells_5cm": 111, "decoded_image_loads": 1450, "depth_competition_offsets_m": [-0.1, -0.05, 0.05, 0.1], "depth_ncc_margin_observed_median": 0.044870346934829164, "depth_ncc_margin_observed_min": 0.029286224182491716, "depth_ncc_margin_required": 0.02, "elapsed_s": 39.740918416995555, "grid_candidates": 2881, "kind": "floor", "parallax_median_deg": 22.656981255600048, "peak_loaded_image_bytes": 248832000, "plane_offset_m": 0.0, "rejected": {"ambiguous_depth": 48, "few_geometry_views": 316, "few_texture_views": 787, "few_zncc_views": 1520, "low_parallax": 99, "rescue_quality": 0}, "rescue_accepted": 0, "surface_id": "floor_proposal_0", "tiles": 46, "views_median": 5.0, "zncc_median": 0.8943257590998877, "zncc_p10": 0.8592133022206105}
{"acceptance_rate": 0.0, "accepted": 0, "base_accepted": 0, "coverage_cells_5cm": 0, "decoded_image_loads": 54, "depth_competition_offsets_m": [-0.1, -0.05, 0.05, 0.1], "depth_ncc_margin_observed_median": null, "depth_ncc_margin_observed_min": null, "depth_ncc_margin_required": 0.02, "elapsed_s": 2.508568416000344, "final_rejected_after_all_scales": 1505, "grid_candidates": 1505, "kind": "wall", "parallax_median_deg": null, "peak_loaded_image_bytes": 248832000, "plane_offset_m": 0.0, "rejected": {"ambiguous_depth": 25, "few_geometry_views": 659, "few_texture_views": 521, "few_zncc_views": 287, "low_parallax": 13, "rescue_quality": 0}, "rescue_accepted": 0, "scale_rescue": {"accepted_after_rescue_quality_gate": 0, "accepted_in_rescue_arm": 0, "added_unique_points": 0, "baseline_metrics": {"acceptance_rate": 0.0, "accepted": 0, "base_accepted": 0, "coverage_cells_5cm": 0, "decoded_image_loads": 27, "depth_competition_offsets_m": [-0.1, -0.05, 0.05, 0.1], "depth_ncc_margin_observed_median": null, "depth_ncc_margin_observed_min": null, "depth_ncc_margin_required": 0.02, "elapsed_s": 1.22906400001375, "grid_candidates": 1505, "kind": "wall", "parallax_median_deg": null, "peak_loaded_image_bytes": 248832000, "plane_offset_m": 0.0, "rejected": {"ambiguous_depth": 25, "few_geometry_views": 659, "few_texture_views": 521, "few_zncc_views": 287, "low_parallax": 13, "rescue_quality": 0}, "rescue_accepted": 0, "surface_id": "wall_proposal_0", "tiles": 24, "views_median": null, "zncc_median": null, "zncc_p10": null}, "baseline_prefix_sha256": "e3b0c44298fc1c149afbf4c8996fb92427ae41e4649b934ca495991b7852b855", "baseline_xyz_sha256": "e3b0c44298fc1c149afbf4c8996fb92427ae41e4649b934ca495991b7852b855", "nonregression_checks": {"accepted_not_lower": true, "baseline_point_prefix_exact": true, "coverage_cells_5cm_not_lower": true, "depth_margin_median_not_lower": true, "depth_margin_min_not_lower": true, "parallax_median_not_lower": true, "views_median_not_lower": true, "zncc_median_not_lower": true, "zncc_p10_not_lower": true}, "patch_n": 9, "patch_radius_m": 0.06, "policy": "retain_all_baseline_births_append_unique_rescue_births", "quality_gate": {"baseline_median_ncc": null, "baseline_median_parallax_deg": null, "baseline_median_views": null, "depth_ncc_margin": 0.06, "frozen_min_ncc": 0.9, "frozen_min_parallax_deg": 18.0, "frozen_min_views": 5, "min_ncc": 0.9, "min_parallax_deg": 18.0, "min_views": 5}, "rescue_metrics": {"acceptance_rate": 0.0, "accepted": 0, "base_accepted": 0, "coverage_cells_5cm": 0, "decoded_image_loads": 27, "depth_competition_offsets_m": [-0.1, -0.05, 0.05, 0.1], "depth_ncc_margin_observed_median": null, "depth_ncc_margin_observed_min": null, "depth_ncc_margin_required": 0.06, "elapsed_s": 1.2795044159865938, "grid_candidates": 1505, "kind": "wall", "parallax_median_deg": null, "peak_loaded_image_bytes": 248832000, "plane_offset_m": 0.0, "rejected": {"ambiguous_depth": 40, "few_geometry_views": 696, "few_texture_views": 443, "few_zncc_views": 303, "low_parallax": 23, "rescue_quality": 0}, "rescue_accepted": 0, "surface_id": "wall_proposal_0", "tiles": 24, "views_median": null, "zncc_median": null, "zncc_p10": null}}, "scale_rescue_accepted": 0, "surface_id": "wall_proposal_0", "tiles": 48, "views_median": null, "zncc_median": null, "zncc_p10": null}
{"acceptance_rate": 0.0, "accepted": 0, "base_accepted": 0, "coverage_cells_5cm": 0, "decoded_image_loads": 42, "depth_competition_offsets_m": [-0.1, -0.05, 0.05, 0.1], "depth_ncc_margin_observed_median": null, "depth_ncc_margin_observed_min": null, "depth_ncc_margin_required": 0.02, "elapsed_s": 1.4774117500055581, "final_rejected_after_all_scales": 805, "grid_candidates": 805, "kind": "wall", "parallax_median_deg": null, "peak_loaded_image_bytes": 248832000, "plane_offset_m": 0.0, "rejected": {"ambiguous_depth": 0, "few_geometry_views": 374, "few_texture_views": 249, "few_zncc_views": 182, "low_parallax": 0, "rescue_quality": 0}, "rescue_accepted": 0, "scale_rescue": {"accepted_after_rescue_quality_gate": 0, "accepted_in_rescue_arm": 0, "added_unique_points": 0, "baseline_metrics": {"acceptance_rate": 0.0, "accepted": 0, "base_accepted": 0, "coverage_cells_5cm": 0, "decoded_image_loads": 21, "depth_competition_offsets_m": [-0.1, -0.05, 0.05, 0.1], "depth_ncc_margin_observed_median": null, "depth_ncc_margin_observed_min": null, "depth_ncc_margin_required": 0.02, "elapsed_s": 0.7401422499679029, "grid_candidates": 805, "kind": "wall", "parallax_median_deg": null, "peak_loaded_image_bytes": 248832000, "plane_offset_m": 0.0, "rejected": {"ambiguous_depth": 0, "few_geometry_views": 374, "few_texture_views": 249, "few_zncc_views": 182, "low_parallax": 0, "rescue_quality": 0}, "rescue_accepted": 0, "surface_id": "wall_proposal_1", "tiles": 13, "views_median": null, "zncc_median": null, "zncc_p10": null}, "baseline_prefix_sha256": "e3b0c44298fc1c149afbf4c8996fb92427ae41e4649b934ca495991b7852b855", "baseline_xyz_sha256": "e3b0c44298fc1c149afbf4c8996fb92427ae41e4649b934ca495991b7852b855", "nonregression_checks": {"accepted_not_lower": true, "baseline_point_prefix_exact": true, "coverage_cells_5cm_not_lower": true, "depth_margin_median_not_lower": true, "depth_margin_min_not_lower": true, "parallax_median_not_lower": true, "views_median_not_lower": true, "zncc_median_not_lower": true, "zncc_p10_not_lower": true}, "patch_n": 9, "patch_radius_m": 0.06, "policy": "retain_all_baseline_births_append_unique_rescue_births", "quality_gate": {"baseline_median_ncc": null, "baseline_median_parallax_deg": null, "baseline_median_views": null, "depth_ncc_margin": 0.06, "frozen_min_ncc": 0.9, "frozen_min_parallax_deg": 18.0, "frozen_min_views": 5, "min_ncc": 0.9, "min_parallax_deg": 18.0, "min_views": 5}, "rescue_metrics": {"acceptance_rate": 0.0, "accepted": 0, "base_accepted": 0, "coverage_cells_5cm": 0, "decoded_image_loads": 21, "depth_competition_offsets_m": [-0.1, -0.05, 0.05, 0.1], "depth_ncc_margin_observed_median": null, "depth_ncc_margin_observed_min": null, "depth_ncc_margin_required": 0.06, "elapsed_s": 0.7372695000376552, "grid_candidates": 805, "kind": "wall", "parallax_median_deg": null, "peak_loaded_image_bytes": 248832000, "plane_offset_m": 0.0, "rejected": {"ambiguous_depth": 0, "few_geometry_views": 385, "few_texture_views": 230, "few_zncc_views": 190, "low_parallax": 0, "rescue_quality": 0}, "rescue_accepted": 0, "surface_id": "wall_proposal_1", "tiles": 13, "views_median": null, "zncc_median": null, "zncc_p10": null}}, "scale_rescue_accepted": 0, "surface_id": "wall_proposal_1", "tiles": 26, "views_median": null, "zncc_median": null, "zncc_p10": null}
{"acceptance_rate": 0.001388888888888889, "accepted": 3, "base_accepted": 3, "coverage_cells_5cm": 3, "decoded_image_loads": 60, "depth_competition_offsets_m": [-0.1, -0.05, 0.05, 0.1], "depth_ncc_margin_observed_median": null, "depth_ncc_margin_observed_min": null, "depth_ncc_margin_required": 0.02, "elapsed_s": 3.0188492910237983, "final_rejected_after_all_scales": 2157, "grid_candidates": 2160, "kind": "wall", "parallax_median_deg": 71.47648673178058, "peak_loaded_image_bytes": 248832000, "plane_offset_m": 0.0, "rejected": {"ambiguous_depth": 30, "few_geometry_views": 1050, "few_texture_views": 539, "few_zncc_views": 515, "low_parallax": 23, "rescue_quality": 0}, "rescue_accepted": 0, "scale_rescue": {"accepted_after_rescue_quality_gate": 0, "accepted_in_rescue_arm": 0, "added_unique_points": 0, "baseline_metrics": {"acceptance_rate": 0.001388888888888889, "accepted": 3, "base_accepted": 3, "coverage_cells_5cm": 3, "decoded_image_loads": 30, "depth_competition_offsets_m": [-0.1, -0.05, 0.05, 0.1], "depth_ncc_margin_observed_median": null, "depth_ncc_margin_observed_min": null, "depth_ncc_margin_required": 0.02, "elapsed_s": 1.4792531250277534, "grid_candidates": 2160, "kind": "wall", "parallax_median_deg": 71.47648673178058, "peak_loaded_image_bytes": 248832000, "plane_offset_m": 0.0, "rejected": {"ambiguous_depth": 30, "few_geometry_views": 1050, "few_texture_views": 539, "few_zncc_views": 515, "low_parallax": 23, "rescue_quality": 0}, "rescue_accepted": 0, "surface_id": "wall_proposal_2", "tiles": 34, "views_median": 4.0, "zncc_median": 0.8677826490982165, "zncc_p10": 0.8605468472317386}, "baseline_prefix_sha256": "2548f1b7c256f2bfebb9d2b190e0541db5cb5143827ce00146fc2856535ddadc", "baseline_xyz_sha256": "2548f1b7c256f2bfebb9d2b190e0541db5cb5143827ce00146fc2856535ddadc", "nonregression_checks": {"accepted_not_lower": true, "baseline_point_prefix_exact": true, "coverage_cells_5cm_not_lower": true, "depth_margin_median_not_lower": true, "depth_margin_min_not_lower": true, "parallax_median_not_lower": true, "views_median_not_lower": true, "zncc_median_not_lower": true, "zncc_p10_not_lower": true}, "patch_n": 9, "patch_radius_m": 0.06, "policy": "retain_all_baseline_births_append_unique_rescue_births", "quality_gate": {"baseline_median_ncc": 0.8677826490982165, "baseline_median_parallax_deg": 71.47648673178058, "baseline_median_views": 4.0, "depth_ncc_margin": 0.06, "frozen_min_ncc": 0.9, "frozen_min_parallax_deg": 18.0, "frozen_min_views": 5, "min_ncc": 0.9, "min_parallax_deg": 71.47648673178058, "min_views": 5}, "rescue_metrics": {"acceptance_rate": 0.0, "accepted": 0, "base_accepted": 0, "coverage_cells_5cm": 0, "decoded_image_loads": 30, "depth_competition_offsets_m": [-0.1, -0.05, 0.05, 0.1], "depth_ncc_margin_observed_median": null, "depth_ncc_margin_observed_min": null, "depth_ncc_margin_required": 0.06, "elapsed_s": 1.5395961659960449, "grid_candidates": 2160, "kind": "wall", "parallax_median_deg": null, "peak_loaded_image_bytes": 248832000, "plane_offset_m": 0.0, "rejected": {"ambiguous_depth": 47, "few_geometry_views": 1081, "few_texture_views": 490, "few_zncc_views": 515, "low_parallax": 27, "rescue_quality": 0}, "rescue_accepted": 0, "surface_id": "wall_proposal_2", "tiles": 34, "views_median": null, "zncc_median": null, "zncc_p10": null}}, "scale_rescue_accepted": 0, "surface_id": "wall_proposal_2", "tiles": 68, "views_median": 4.0, "zncc_median": 0.8677826490982165, "zncc_p10": 0.8605468472317386}
{"acceptance_rate": 0.0, "accepted": 0, "base_accepted": 0, "coverage_cells_5cm": 0, "decoded_image_loads": 64, "depth_competition_offsets_m": [-0.1, -0.05, 0.05, 0.1], "depth_ncc_margin_observed_median": null, "depth_ncc_margin_observed_min": null, "depth_ncc_margin_required": 0.02, "elapsed_s": 3.1047364579862915, "final_rejected_after_all_scales": 2210, "grid_candidates": 2210, "kind": "wall", "parallax_median_deg": null, "peak_loaded_image_bytes": 248832000, "plane_offset_m": 0.0, "rejected": {"ambiguous_depth": 31, "few_geometry_views": 1058, "few_texture_views": 662, "few_zncc_views": 451, "low_parallax": 8, "rescue_quality": 0}, "rescue_accepted": 0, "scale_rescue": {"accepted_after_rescue_quality_gate": 0, "accepted_in_rescue_arm": 0, "added_unique_points": 0, "baseline_metrics": {"acceptance_rate": 0.0, "accepted": 0, "base_accepted": 0, "coverage_cells_5cm": 0, "decoded_image_loads": 32, "depth_competition_offsets_m": [-0.1, -0.05, 0.05, 0.1], "depth_ncc_margin_observed_median": null, "depth_ncc_margin_observed_min": null, "depth_ncc_margin_required": 0.02, "elapsed_s": 1.520151500008069, "grid_candidates": 2210, "kind": "wall", "parallax_median_deg": null, "peak_loaded_image_bytes": 248832000, "plane_offset_m": 0.0, "rejected": {"ambiguous_depth": 31, "few_geometry_views": 1058, "few_texture_views": 662, "few_zncc_views": 451, "low_parallax": 8, "rescue_quality": 0}, "rescue_accepted": 0, "surface_id": "wall_proposal_3", "tiles": 35, "views_median": null, "zncc_median": null, "zncc_p10": null}, "baseline_prefix_sha256": "e3b0c44298fc1c149afbf4c8996fb92427ae41e4649b934ca495991b7852b855", "baseline_xyz_sha256": "e3b0c44298fc1c149afbf4c8996fb92427ae41e4649b934ca495991b7852b855", "nonregression_checks": {"accepted_not_lower": true, "baseline_point_prefix_exact": true, "coverage_cells_5cm_not_lower": true, "depth_margin_median_not_lower": true, "depth_margin_min_not_lower": true, "parallax_median_not_lower": true, "views_median_not_lower": true, "zncc_median_not_lower": true, "zncc_p10_not_lower": true}, "patch_n": 9, "patch_radius_m": 0.06, "policy": "retain_all_baseline_births_append_unique_rescue_births", "quality_gate": {"baseline_median_ncc": null, "baseline_median_parallax_deg": null, "baseline_median_views": null, "depth_ncc_margin": 0.06, "frozen_min_ncc": 0.9, "frozen_min_parallax_deg": 18.0, "frozen_min_views": 5, "min_ncc": 0.9, "min_parallax_deg": 18.0, "min_views": 5}, "rescue_metrics": {"acceptance_rate": 0.0, "accepted": 0, "base_accepted": 0, "coverage_cells_5cm": 0, "decoded_image_loads": 32, "depth_competition_offsets_m": [-0.1, -0.05, 0.05, 0.1], "depth_ncc_margin_observed_median": null, "depth_ncc_margin_observed_min": null, "depth_ncc_margin_required": 0.06, "elapsed_s": 1.5845849579782225, "grid_candidates": 2210, "kind": "wall", "parallax_median_deg": null, "peak_loaded_image_bytes": 248832000, "plane_offset_m": 0.0, "rejected": {"ambiguous_depth": 46, "few_geometry_views": 1093, "few_texture_views": 618, "few_zncc_views": 440, "low_parallax": 13, "rescue_quality": 0}, "rescue_accepted": 0, "surface_id": "wall_proposal_3", "tiles": 35, "views_median": null, "zncc_median": null, "zncc_p10": null}}, "scale_rescue_accepted": 0, "surface_id": "wall_proposal_3", "tiles": 70, "views_median": null, "zncc_median": null, "zncc_p10": null}
{"acceptance_rate": 0.0, "accepted": 0, "base_accepted": 0, "coverage_cells_5cm": 0, "decoded_image_loads": 28, "depth_competition_offsets_m": [-0.1, -0.05, 0.05, 0.1], "depth_ncc_margin_observed_median": null, "depth_ncc_margin_observed_min": null, "depth_ncc_margin_required": 0.02, "elapsed_s": 0.9662530420464464, "final_rejected_after_all_scales": 490, "grid_candidates": 490, "kind": "wall", "parallax_median_deg": null, "peak_loaded_image_bytes": 248832000, "plane_offset_m": 0.0, "rejected": {"ambiguous_depth": 0, "few_geometry_views": 217, "few_texture_views": 160, "few_zncc_views": 113, "low_parallax": 0, "rescue_quality": 0}, "rescue_accepted": 0, "scale_rescue": {"accepted_after_rescue_quality_gate": 0, "accepted_in_rescue_arm": 0, "added_unique_points": 0, "baseline_metrics": {"acceptance_rate": 0.0, "accepted": 0, "base_accepted": 0, "coverage_cells_5cm": 0, "decoded_image_loads": 14, "depth_competition_offsets_m": [-0.1, -0.05, 0.05, 0.1], "depth_ncc_margin_observed_median": null, "depth_ncc_margin_observed_min": null, "depth_ncc_margin_required": 0.02, "elapsed_s": 0.4851165420259349, "grid_candidates": 490, "kind": "wall", "parallax_median_deg": null, "peak_loaded_image_bytes": 248832000, "plane_offset_m": 0.0, "rejected": {"ambiguous_depth": 0, "few_geometry_views": 217, "few_texture_views": 160, "few_zncc_views": 113, "low_parallax": 0, "rescue_quality": 0}, "rescue_accepted": 0, "surface_id": "wall_proposal_4", "tiles": 8, "views_median": null, "zncc_median": null, "zncc_p10": null}, "baseline_prefix_sha256": "e3b0c44298fc1c149afbf4c8996fb92427ae41e4649b934ca495991b7852b855", "baseline_xyz_sha256": "e3b0c44298fc1c149afbf4c8996fb92427ae41e4649b934ca495991b7852b855", "nonregression_checks": {"accepted_not_lower": true, "baseline_point_prefix_exact": true, "coverage_cells_5cm_not_lower": true, "depth_margin_median_not_lower": true, "depth_margin_min_not_lower": true, "parallax_median_not_lower": true, "views_median_not_lower": true, "zncc_median_not_lower": true, "zncc_p10_not_lower": true}, "patch_n": 9, "patch_radius_m": 0.06, "policy": "retain_all_baseline_births_append_unique_rescue_births", "quality_gate": {"baseline_median_ncc": null, "baseline_median_parallax_deg": null, "baseline_median_views": null, "depth_ncc_margin": 0.06, "frozen_min_ncc": 0.9, "frozen_min_parallax_deg": 18.0, "frozen_min_views": 5, "min_ncc": 0.9, "min_parallax_deg": 18.0, "min_views": 5}, "rescue_metrics": {"acceptance_rate": 0.0, "accepted": 0, "base_accepted": 0, "coverage_cells_5cm": 0, "decoded_image_loads": 14, "depth_competition_offsets_m": [-0.1, -0.05, 0.05, 0.1], "depth_ncc_margin_observed_median": null, "depth_ncc_margin_observed_min": null, "depth_ncc_margin_required": 0.06, "elapsed_s": 0.48113650002051145, "grid_candidates": 490, "kind": "wall", "parallax_median_deg": null, "peak_loaded_image_bytes": 248832000, "plane_offset_m": 0.0, "rejected": {"ambiguous_depth": 0, "few_geometry_views": 224, "few_texture_views": 141, "few_zncc_views": 125, "low_parallax": 0, "rescue_quality": 0}, "rescue_accepted": 0, "surface_id": "wall_proposal_4", "tiles": 8, "views_median": null, "zncc_median": null, "zncc_p10": null}}, "scale_rescue_accepted": 0, "surface_id": "wall_proposal_4", "tiles": 16, "views_median": null, "zncc_median": null, "zncc_p10": null}
{"acceptance_rate": 0.001038961038961039, "accepted": 2, "base_accepted": 2, "coverage_cells_5cm": 2, "decoded_image_loads": 56, "depth_competition_offsets_m": [-0.1, -0.05, 0.05, 0.1], "depth_ncc_margin_observed_median": null, "depth_ncc_margin_observed_min": null, "depth_ncc_margin_required": 0.02, "elapsed_s": 2.8591572499717586, "final_rejected_after_all_scales": 1923, "grid_candidates": 1925, "kind": "wall", "parallax_median_deg": 34.62740677948599, "peak_loaded_image_bytes": 248832000, "plane_offset_m": 0.0, "rejected": {"ambiguous_depth": 29, "few_geometry_views": 823, "few_texture_views": 626, "few_zncc_views": 442, "low_parallax": 3, "rescue_quality": 0}, "rescue_accepted": 0, "scale_rescue": {"accepted_after_rescue_quality_gate": 0, "accepted_in_rescue_arm": 0, "added_unique_points": 0, "baseline_metrics": {"acceptance_rate": 0.001038961038961039, "accepted": 2, "base_accepted": 2, "coverage_cells_5cm": 2, "decoded_image_loads": 28, "depth_competition_offsets_m": [-0.1, -0.05, 0.05, 0.1], "depth_ncc_margin_observed_median": null, "depth_ncc_margin_observed_min": null, "depth_ncc_margin_required": 0.02, "elapsed_s": 1.4023098750039935, "grid_candidates": 1925, "kind": "wall", "parallax_median_deg": 34.62740677948599, "peak_loaded_image_bytes": 248832000, "plane_offset_m": 0.0, "rejected": {"ambiguous_depth": 29, "few_geometry_views": 823, "few_texture_views": 626, "few_zncc_views": 442, "low_parallax": 3, "rescue_quality": 0}, "rescue_accepted": 0, "surface_id": "wall_proposal_5", "tiles": 31, "views_median": 4.0, "zncc_median": 0.8859334313994673, "zncc_p10": 0.8576044951539821}, "baseline_prefix_sha256": "841ed2e9cc022d2ea6d684436cb3eaafd33891f5d7083ec60cbbeaceeea3a0e0", "baseline_xyz_sha256": "841ed2e9cc022d2ea6d684436cb3eaafd33891f5d7083ec60cbbeaceeea3a0e0", "nonregression_checks": {"accepted_not_lower": true, "baseline_point_prefix_exact": true, "coverage_cells_5cm_not_lower": true, "depth_margin_median_not_lower": true, "depth_margin_min_not_lower": true, "parallax_median_not_lower": true, "views_median_not_lower": true, "zncc_median_not_lower": true, "zncc_p10_not_lower": true}, "patch_n": 9, "patch_radius_m": 0.06, "policy": "retain_all_baseline_births_append_unique_rescue_births", "quality_gate": {"baseline_median_ncc": 0.8859334313994673, "baseline_median_parallax_deg": 34.62740677948599, "baseline_median_views": 4.0, "depth_ncc_margin": 0.06, "frozen_min_ncc": 0.9, "frozen_min_parallax_deg": 18.0, "frozen_min_views": 5, "min_ncc": 0.9, "min_parallax_deg": 34.62740677948599, "min_views": 5}, "rescue_metrics": {"acceptance_rate": 0.0, "accepted": 0, "base_accepted": 0, "coverage_cells_5cm": 0, "decoded_image_loads": 28, "depth_competition_offsets_m": [-0.1, -0.05, 0.05, 0.1], "depth_ncc_margin_observed_median": null, "depth_ncc_margin_observed_min": null, "depth_ncc_margin_required": 0.06, "elapsed_s": 1.456847374967765, "grid_candidates": 1925, "kind": "wall", "parallax_median_deg": null, "peak_loaded_image_bytes": 248832000, "plane_offset_m": 0.0, "rejected": {"ambiguous_depth": 44, "few_geometry_views": 853, "few_texture_views": 595, "few_zncc_views": 427, "low_parallax": 6, "rescue_quality": 0}, "rescue_accepted": 0, "surface_id": "wall_proposal_5", "tiles": 31, "views_median": null, "zncc_median": null, "zncc_p10": null}}, "scale_rescue_accepted": 0, "surface_id": "wall_proposal_5", "tiles": 62, "views_median": 4.0, "zncc_median": 0.8859334313994673, "zncc_p10": 0.8576044951539821}
{
  "config": {
    "base_max_views": 0,
    "depth_competition_offsets_m": [
      -0.1,
      -0.05,
      0.05,
      0.1
    ],
    "depth_ncc_margin": 0.02,
    "grid_m": 0.05,
    "image_cache_images": 10,
    "image_margin_px": 2.0,
    "max_graze_deg": 72.0,
    "max_views": 10,
    "min_parallax_deg": 10.0,
    "min_std": 6.0,
    "min_views": 4,
    "ncc_min": 0.8,
    "patch_n": 9,
    "patch_radius_m": 0.03,
    "rescue_min_ncc": null,
    "rescue_min_parallax_deg": null,
    "rescue_min_views": 0,
    "scale_rescue_depth_ncc_margin": 0.06,
    "scale_rescue_min_ncc": 0.9,
    "scale_rescue_min_parallax_deg": 18.0,
    "scale_rescue_min_views": 5,
    "scale_rescue_patch_radius_m": 0.06,
    "tile_points": 64
  },
  "forbidden_matcher_outputs_consumed": false,
  "inputs": {
    "frame_meta": {
      "path": "experiments/cross_platform_planesweep_core_2026-07-15/runs/cap40_bed_scene_20260716/frame_meta.json",
      "sha256": "b2501b2c42235186fbd31462debda3afb2b4ddbd621c16a1ae51259072e109ce"
    },
    "ledger": {
      "path": "data/pocketworld_captures/cap40/device_2026-07-16/sfm_fed_frames.jsonl",
      "sha256": "ca29102b7dc93cd6932f8e8d0679c541de1caf7110868584472dbfbaeaee79b9"
    },
    "photo_count": 61,
    "planes": {
      "path": "experiments/cross_platform_planesweep_core_2026-07-15/runs/cap40_bed_scene_20260716/wall_proposals_c_abi_v1.json",
      "sha256": "cf2ee93c1b6d3b1f0f28900b0471bf46dc1d304e122b123c6011a556645f32bb"
    }
  },
  "is_wrong_acceptance_probe": false,
  "method": "known_or_sparse_fitted_plane_tiled_multiscale_zncc_unique_depth",
  "output": {
    "ply": "experiments/cross_platform_planesweep_core_2026-07-15/runs/cap40_bed_scene_20260716/wall_sweep_all_proposals_diagnostic_v1/structural_planesweep_main.ply",
    "sha256": "9469786c9043288b5de12dd3501f081eaaa77db4a993548a6c5ffb7daf8a1d96"
  },
  "plane_offset_m": 0.0,
  "schema": "aether_pure_a_structural_planesweep_v3",
  "surfaces": [
    {
      "acceptance_rate": 0.03852828878861506,
      "accepted": 111,
      "base_accepted": 111,
      "coverage_cells_5cm": 111,
      "decoded_image_loads": 1450,
      "depth_competition_offsets_m": [
        -0.1,
        -0.05,
        0.05,
        0.1
      ],
      "depth_ncc_margin_observed_median": 0.044870346934829164,
      "depth_ncc_margin_observed_min": 0.029286224182491716,
      "depth_ncc_margin_required": 0.02,
      "elapsed_s": 39.740918416995555,
      "grid_candidates": 2881,
      "kind": "floor",
      "parallax_median_deg": 22.656981255600048,
      "peak_loaded_image_bytes": 248832000,
      "plane_offset_m": 0.0,
      "rejected": {
        "ambiguous_depth": 48,
        "few_geometry_views": 316,
        "few_texture_views": 787,
        "few_zncc_views": 1520,
        "low_parallax": 99,
        "rescue_quality": 0
      },
      "rescue_accepted": 0,
      "surface_id": "floor_proposal_0",
      "tiles": 46,
      "views_median": 5.0,
      "zncc_median": 0.8943257590998877,
      "zncc_p10": 0.8592133022206105
    },
    {
      "acceptance_rate": 0.0,
      "accepted": 0,
      "base_accepted": 0,
      "coverage_cells_5cm": 0,
      "decoded_image_loads": 54,
      "depth_competition_offsets_m": [
        -0.1,
        -0.05,
        0.05,
        0.1
      ],
      "depth_ncc_margin_observed_median": null,
      "depth_ncc_margin_observed_min": null,
      "depth_ncc_margin_required": 0.02,
      "elapsed_s": 2.508568416000344,
      "final_rejected_after_all_scales": 1505,
      "grid_candidates": 1505,
      "kind": "wall",
      "parallax_median_deg": null,
      "peak_loaded_image_bytes": 248832000,
      "plane_offset_m": 0.0,
      "rejected": {
        "ambiguous_depth": 25,
        "few_geometry_views": 659,
        "few_texture_views": 521,
        "few_zncc_views": 287,
        "low_parallax": 13,
        "rescue_quality": 0
      },
      "rescue_accepted": 0,
      "scale_rescue": {
        "accepted_after_rescue_quality_gate": 0,
        "accepted_in_rescue_arm": 0,
        "added_unique_points": 0,
        "baseline_metrics": {
          "acceptance_rate": 0.0,
          "accepted": 0,
          "base_accepted": 0,
          "coverage_cells_5cm": 0,
          "decoded_image_loads": 27,
          "depth_competition_offsets_m": [
            -0.1,
            -0.05,
            0.05,
            0.1
          ],
          "depth_ncc_margin_observed_median": null,
          "depth_ncc_margin_observed_min": null,
          "depth_ncc_margin_required": 0.02,
          "elapsed_s": 1.22906400001375,
          "grid_candidates": 1505,
          "kind": "wall",
          "parallax_median_deg": null,
          "peak_loaded_image_bytes": 248832000,
          "plane_offset_m": 0.0,
          "rejected": {
            "ambiguous_depth": 25,
            "few_geometry_views": 659,
            "few_texture_views": 521,
            "few_zncc_views": 287,
            "low_parallax": 13,
            "rescue_quality": 0
          },
          "rescue_accepted": 0,
          "surface_id": "wall_proposal_0",
          "tiles": 24,
          "views_median": null,
          "zncc_median": null,
          "zncc_p10": null
        },
        "baseline_prefix_sha256": "e3b0c44298fc1c149afbf4c8996fb92427ae41e4649b934ca495991b7852b855",
        "baseline_xyz_sha256": "e3b0c44298fc1c149afbf4c8996fb92427ae41e4649b934ca495991b7852b855",
        "nonregression_checks": {
          "accepted_not_lower": true,
          "baseline_point_prefix_exact": true,
          "coverage_cells_5cm_not_lower": true,
          "depth_margin_median_not_lower": true,
          "depth_margin_min_not_lower": true,
          "parallax_median_not_lower": true,
          "views_median_not_lower": true,
          "zncc_median_not_lower": true,
          "zncc_p10_not_lower": true
        },
        "patch_n": 9,
        "patch_radius_m": 0.06,
        "policy": "retain_all_baseline_births_append_unique_rescue_births",
        "quality_gate": {
          "baseline_median_ncc": null,
          "baseline_median_parallax_deg": null,
          "baseline_median_views": null,
          "depth_ncc_margin": 0.06,
          "frozen_min_ncc": 0.9,
          "frozen_min_parallax_deg": 18.0,
          "frozen_min_views": 5,
          "min_ncc": 0.9,
          "min_parallax_deg": 18.0,
          "min_views": 5
        },
        "rescue_metrics": {
          "acceptance_rate": 0.0,
          "accepted": 0,
          "base_accepted": 0,
          "coverage_cells_5cm": 0,
          "decoded_image_loads": 27,
          "depth_competition_offsets_m": [
            -0.1,
            -0.05,
            0.05,
            0.1
          ],
          "depth_ncc_margin_observed_median": null,
          "depth_ncc_margin_observed_min": null,
          "depth_ncc_margin_required": 0.06,
          "elapsed_s": 1.2795044159865938,
          "grid_candidates": 1505,
          "kind": "wall",
          "parallax_median_deg": null,
          "peak_loaded_image_bytes": 248832000,
          "plane_offset_m": 0.0,
          "rejected": {
            "ambiguous_depth": 40,
            "few_geometry_views": 696,
            "few_texture_views": 443,
            "few_zncc_views": 303,
            "low_parallax": 23,
            "rescue_quality": 0
          },
          "rescue_accepted": 0,
          "surface_id": "wall_proposal_0",
          "tiles": 24,
          "views_median": null,
          "zncc_median": null,
          "zncc_p10": null
        }
      },
      "scale_rescue_accepted": 0,
      "surface_id": "wall_proposal_0",
      "tiles": 48,
      "views_median": null,
      "zncc_median": null,
      "zncc_p10": null
    },
    {
      "acceptance_rate": 0.0,
      "accepted": 0,
      "base_accepted": 0,
      "coverage_cells_5cm": 0,
      "decoded_image_loads": 42,
      "depth_competition_offsets_m": [
        -0.1,
        -0.05,
        0.05,
        0.1
      ],
      "depth_ncc_margin_observed_median": null,
      "depth_ncc_margin_observed_min": null,
      "depth_ncc_margin_required": 0.02,
      "elapsed_s": 1.4774117500055581,
      "final_rejected_after_all_scales": 805,
      "grid_candidates": 805,
      "kind": "wall",
      "parallax_median_deg": null,
      "peak_loaded_image_bytes": 248832000,
      "plane_offset_m": 0.0,
      "rejected": {
        "ambiguous_depth": 0,
        "few_geometry_views": 374,
        "few_texture_views": 249,
        "few_zncc_views": 182,
        "low_parallax": 0,
        "rescue_quality": 0
      },
      "rescue_accepted": 0,
      "scale_rescue": {
        "accepted_after_rescue_quality_gate": 0,
        "accepted_in_rescue_arm": 0,
        "added_unique_points": 0,
        "baseline_metrics": {
          "acceptance_rate": 0.0,
          "accepted": 0,
          "base_accepted": 0,
          "coverage_cells_5cm": 0,
          "decoded_image_loads": 21,
          "depth_competition_offsets_m": [
            -0.1,
            -0.05,
            0.05,
            0.1
          ],
          "depth_ncc_margin_observed_median": null,
          "depth_ncc_margin_observed_min": null,
          "depth_ncc_margin_required": 0.02,
          "elapsed_s": 0.7401422499679029,
          "grid_candidates": 805,
          "kind": "wall",
          "parallax_median_deg": null,
          "peak_loaded_image_bytes": 248832000,
          "plane_offset_m": 0.0,
          "rejected": {
            "ambiguous_depth": 0,
            "few_geometry_views": 374,
            "few_texture_views": 249,
            "few_zncc_views": 182,
            "low_parallax": 0,
            "rescue_quality": 0
          },
          "rescue_accepted": 0,
          "surface_id": "wall_proposal_1",
          "tiles": 13,
          "views_median": null,
          "zncc_median": null,
          "zncc_p10": null
        },
        "baseline_prefix_sha256": "e3b0c44298fc1c149afbf4c8996fb92427ae41e4649b934ca495991b7852b855",
        "baseline_xyz_sha256": "e3b0c44298fc1c149afbf4c8996fb92427ae41e4649b934ca495991b7852b855",
        "nonregression_checks": {
          "accepted_not_lower": true,
          "baseline_point_prefix_exact": true,
          "coverage_cells_5cm_not_lower": true,
          "depth_margin_median_not_lower": true,
          "depth_margin_min_not_lower": true,
          "parallax_median_not_lower": true,
          "views_median_not_lower": true,
          "zncc_median_not_lower": true,
          "zncc_p10_not_lower": true
        },
        "patch_n": 9,
        "patch_radius_m": 0.06,
        "policy": "retain_all_baseline_births_append_unique_rescue_births",
        "quality_gate": {
          "baseline_median_ncc": null,
          "baseline_median_parallax_deg": null,
          "baseline_median_views": null,
          "depth_ncc_margin": 0.06,
          "frozen_min_ncc": 0.9,
          "frozen_min_parallax_deg": 18.0,
          "frozen_min_views": 5,
          "min_ncc": 0.9,
          "min_parallax_deg": 18.0,
          "min_views": 5
        },
        "rescue_metrics": {
          "acceptance_rate": 0.0,
          "accepted": 0,
          "base_accepted": 0,
          "coverage_cells_5cm": 0,
          "decoded_image_loads": 21,
          "depth_competition_offsets_m": [
            -0.1,
            -0.05,
            0.05,
            0.1
          ],
          "depth_ncc_margin_observed_median": null,
          "depth_ncc_margin_observed_min": null,
          "depth_ncc_margin_required": 0.06,
          "elapsed_s": 0.7372695000376552,
          "grid_candidates": 805,
          "kind": "wall",
          "parallax_median_deg": null,
          "peak_loaded_image_bytes": 248832000,
          "plane_offset_m": 0.0,
          "rejected": {
            "ambiguous_depth": 0,
            "few_geometry_views": 385,
            "few_texture_views": 230,
            "few_zncc_views": 190,
            "low_parallax": 0,
            "rescue_quality": 0
          },
          "rescue_accepted": 0,
          "surface_id": "wall_proposal_1",
          "tiles": 13,
          "views_median": null,
          "zncc_median": null,
          "zncc_p10": null
        }
      },
      "scale_rescue_accepted": 0,
      "surface_id": "wall_proposal_1",
      "tiles": 26,
      "views_median": null,
      "zncc_median": null,
      "zncc_p10": null
    },
    {
      "acceptance_rate": 0.001388888888888889,
      "accepted": 3,
      "base_accepted": 3,
      "coverage_cells_5cm": 3,
      "decoded_image_loads": 60,
      "depth_competition_offsets_m": [
        -0.1,
        -0.05,
        0.05,
        0.1
      ],
      "depth_ncc_margin_observed_median": null,
      "depth_ncc_margin_observed_min": null,
      "depth_ncc_margin_required": 0.02,
      "elapsed_s": 3.0188492910237983,
      "final_rejected_after_all_scales": 2157,
      "grid_candidates": 2160,
      "kind": "wall",
      "parallax_median_deg": 71.47648673178058,
      "peak_loaded_image_bytes": 248832000,
      "plane_offset_m": 0.0,
      "rejected": {
        "ambiguous_depth": 30,
        "few_geometry_views": 1050,
        "few_texture_views": 539,
        "few_zncc_views": 515,
        "low_parallax": 23,
        "rescue_quality": 0
      },
      "rescue_accepted": 0,
      "scale_rescue": {
        "accepted_after_rescue_quality_gate": 0,
        "accepted_in_rescue_arm": 0,
        "added_unique_points": 0,
        "baseline_metrics": {
          "acceptance_rate": 0.001388888888888889,
          "accepted": 3,
          "base_accepted": 3,
          "coverage_cells_5cm": 3,
          "decoded_image_loads": 30,
          "depth_competition_offsets_m": [
            -0.1,
            -0.05,
            0.05,
            0.1
          ],
          "depth_ncc_margin_observed_median": null,
          "depth_ncc_margin_observed_min": null,
          "depth_ncc_margin_required": 0.02,
          "elapsed_s": 1.4792531250277534,
          "grid_candidates": 2160,
          "kind": "wall",
          "parallax_median_deg": 71.47648673178058,
          "peak_loaded_image_bytes": 248832000,
          "plane_offset_m": 0.0,
          "rejected": {
            "ambiguous_depth": 30,
            "few_geometry_views": 1050,
            "few_texture_views": 539,
            "few_zncc_views": 515,
            "low_parallax": 23,
            "rescue_quality": 0
          },
          "rescue_accepted": 0,
          "surface_id": "wall_proposal_2",
          "tiles": 34,
          "views_median": 4.0,
          "zncc_median": 0.8677826490982165,
          "zncc_p10": 0.8605468472317386
        },
        "baseline_prefix_sha256": "2548f1b7c256f2bfebb9d2b190e0541db5cb5143827ce00146fc2856535ddadc",
        "baseline_xyz_sha256": "2548f1b7c256f2bfebb9d2b190e0541db5cb5143827ce00146fc2856535ddadc",
        "nonregression_checks": {
          "accepted_not_lower": true,
          "baseline_point_prefix_exact": true,
          "coverage_cells_5cm_not_lower": true,
          "depth_margin_median_not_lower": true,
          "depth_margin_min_not_lower": true,
          "parallax_median_not_lower": true,
          "views_median_not_lower": true,
          "zncc_median_not_lower": true,
          "zncc_p10_not_lower": true
        },
        "patch_n": 9,
        "patch_radius_m": 0.06,
        "policy": "retain_all_baseline_births_append_unique_rescue_births",
        "quality_gate": {
          "baseline_median_ncc": 0.8677826490982165,
          "baseline_median_parallax_deg": 71.47648673178058,
          "baseline_median_views": 4.0,
          "depth_ncc_margin": 0.06,
          "frozen_min_ncc": 0.9,
          "frozen_min_parallax_deg": 18.0,
          "frozen_min_views": 5,
          "min_ncc": 0.9,
          "min_parallax_deg": 71.47648673178058,
          "min_views": 5
        },
        "rescue_metrics": {
          "acceptance_rate": 0.0,
          "accepted": 0,
          "base_accepted": 0,
          "coverage_cells_5cm": 0,
          "decoded_image_loads": 30,
          "depth_competition_offsets_m": [
            -0.1,
            -0.05,
            0.05,
            0.1
          ],
          "depth_ncc_margin_observed_median": null,
          "depth_ncc_margin_observed_min": null,
          "depth_ncc_margin_required": 0.06,
          "elapsed_s": 1.5395961659960449,
          "grid_candidates": 2160,
          "kind": "wall",
          "parallax_median_deg": null,
          "peak_loaded_image_bytes": 248832000,
          "plane_offset_m": 0.0,
          "rejected": {
            "ambiguous_depth": 47,
            "few_geometry_views": 1081,
            "few_texture_views": 490,
            "few_zncc_views": 515,
            "low_parallax": 27,
            "rescue_quality": 0
          },
          "rescue_accepted": 0,
          "surface_id": "wall_proposal_2",
          "tiles": 34,
          "views_median": null,
          "zncc_median": null,
          "zncc_p10": null
        }
      },
      "scale_rescue_accepted": 0,
      "surface_id": "wall_proposal_2",
      "tiles": 68,
      "views_median": 4.0,
      "zncc_median": 0.8677826490982165,
      "zncc_p10": 0.8605468472317386
    },
    {
      "acceptance_rate": 0.0,
      "accepted": 0,
      "base_accepted": 0,
      "coverage_cells_5cm": 0,
      "decoded_image_loads": 64,
      "depth_competition_offsets_m": [
        -0.1,
        -0.05,
        0.05,
        0.1
      ],
      "depth_ncc_margin_observed_median": null,
      "depth_ncc_margin_observed_min": null,
      "depth_ncc_margin_required": 0.02,
      "elapsed_s": 3.1047364579862915,
      "final_rejected_after_all_scales": 2210,
      "grid_candidates": 2210,
      "kind": "wall",
      "parallax_median_deg": null,
      "peak_loaded_image_bytes": 248832000,
      "plane_offset_m": 0.0,
      "rejected": {
        "ambiguous_depth": 31,
        "few_geometry_views": 1058,
        "few_texture_views": 662,
        "few_zncc_views": 451,
        "low_parallax": 8,
        "rescue_quality": 0
      },
      "rescue_accepted": 0,
      "scale_rescue": {
        "accepted_after_rescue_quality_gate": 0,
        "accepted_in_rescue_arm": 0,
        "added_unique_points": 0,
        "baseline_metrics": {
          "acceptance_rate": 0.0,
          "accepted": 0,
          "base_accepted": 0,
          "coverage_cells_5cm": 0,
          "decoded_image_loads": 32,
          "depth_competition_offsets_m": [
            -0.1,
            -0.05,
            0.05,
            0.1
          ],
          "depth_ncc_margin_observed_median": null,
          "depth_ncc_margin_observed_min": null,
          "depth_ncc_margin_required": 0.02,
          "elapsed_s": 1.520151500008069,
          "grid_candidates": 2210,
          "kind": "wall",
          "parallax_median_deg": null,
          "peak_loaded_image_bytes": 248832000,
          "plane_offset_m": 0.0,
          "rejected": {
            "ambiguous_depth": 31,
            "few_geometry_views": 1058,
            "few_texture_views": 662,
            "few_zncc_views": 451,
            "low_parallax": 8,
            "rescue_quality": 0
          },
          "rescue_accepted": 0,
          "surface_id": "wall_proposal_3",
          "tiles": 35,
          "views_median": null,
          "zncc_median": null,
          "zncc_p10": null
        },
        "baseline_prefix_sha256": "e3b0c44298fc1c149afbf4c8996fb92427ae41e4649b934ca495991b7852b855",
        "baseline_xyz_sha256": "e3b0c44298fc1c149afbf4c8996fb92427ae41e4649b934ca495991b7852b855",
        "nonregression_checks": {
          "accepted_not_lower": true,
          "baseline_point_prefix_exact": true,
          "coverage_cells_5cm_not_lower": true,
          "depth_margin_median_not_lower": true,
          "depth_margin_min_not_lower": true,
          "parallax_median_not_lower": true,
          "views_median_not_lower": true,
          "zncc_median_not_lower": true,
          "zncc_p10_not_lower": true
        },
        "patch_n": 9,
        "patch_radius_m": 0.06,
        "policy": "retain_all_baseline_births_append_unique_rescue_births",
        "quality_gate": {
          "baseline_median_ncc": null,
          "baseline_median_parallax_deg": null,
          "baseline_median_views": null,
          "depth_ncc_margin": 0.06,
          "frozen_min_ncc": 0.9,
          "frozen_min_parallax_deg": 18.0,
          "frozen_min_views": 5,
          "min_ncc": 0.9,
          "min_parallax_deg": 18.0,
          "min_views": 5
        },
        "rescue_metrics": {
          "acceptance_rate": 0.0,
          "accepted": 0,
          "base_accepted": 0,
          "coverage_cells_5cm": 0,
          "decoded_image_loads": 32,
          "depth_competition_offsets_m": [
            -0.1,
            -0.05,
            0.05,
            0.1
          ],
          "depth_ncc_margin_observed_median": null,
          "depth_ncc_margin_observed_min": null,
          "depth_ncc_margin_required": 0.06,
          "elapsed_s": 1.5845849579782225,
          "grid_candidates": 2210,
          "kind": "wall",
          "parallax_median_deg": null,
          "peak_loaded_image_bytes": 248832000,
          "plane_offset_m": 0.0,
          "rejected": {
            "ambiguous_depth": 46,
            "few_geometry_views": 1093,
            "few_texture_views": 618,
            "few_zncc_views": 440,
            "low_parallax": 13,
            "rescue_quality": 0
          },
          "rescue_accepted": 0,
          "surface_id": "wall_proposal_3",
          "tiles": 35,
          "views_median": null,
          "zncc_median": null,
          "zncc_p10": null
        }
      },
      "scale_rescue_accepted": 0,
      "surface_id": "wall_proposal_3",
      "tiles": 70,
      "views_median": null,
      "zncc_median": null,
      "zncc_p10": null
    },
    {
      "acceptance_rate": 0.0,
      "accepted": 0,
      "base_accepted": 0,
      "coverage_cells_5cm": 0,
      "decoded_image_loads": 28,
      "depth_competition_offsets_m": [
        -0.1,
        -0.05,
        0.05,
        0.1
      ],
      "depth_ncc_margin_observed_median": null,
      "depth_ncc_margin_observed_min": null,
      "depth_ncc_margin_required": 0.02,
      "elapsed_s": 0.9662530420464464,
      "final_rejected_after_all_scales": 490,
      "grid_candidates": 490,
      "kind": "wall",
      "parallax_median_deg": null,
      "peak_loaded_image_bytes": 248832000,
      "plane_offset_m": 0.0,
      "rejected": {
        "ambiguous_depth": 0,
        "few_geometry_views": 217,
        "few_texture_views": 160,
        "few_zncc_views": 113,
        "low_parallax": 0,
        "rescue_quality": 0
      },
      "rescue_accepted": 0,
      "scale_rescue": {
        "accepted_after_rescue_quality_gate": 0,
        "accepted_in_rescue_arm": 0,
        "added_unique_points": 0,
        "baseline_metrics": {
          "acceptance_rate": 0.0,
          "accepted": 0,
          "base_accepted": 0,
          "coverage_cells_5cm": 0,
          "decoded_image_loads": 14,
          "depth_competition_offsets_m": [
            -0.1,
            -0.05,
            0.05,
            0.1
          ],
          "depth_ncc_margin_observed_median": null,
          "depth_ncc_margin_observed_min": null,
          "depth_ncc_margin_required": 0.02,
          "elapsed_s": 0.4851165420259349,
          "grid_candidates": 490,
          "kind": "wall",
          "parallax_median_deg": null,
          "peak_loaded_image_bytes": 248832000,
          "plane_offset_m": 0.0,
          "rejected": {
            "ambiguous_depth": 0,
            "few_geometry_views": 217,
            "few_texture_views": 160,
            "few_zncc_views": 113,
            "low_parallax": 0,
            "rescue_quality": 0
          },
          "rescue_accepted": 0,
          "surface_id": "wall_proposal_4",
          "tiles": 8,
          "views_median": null,
          "zncc_median": null,
          "zncc_p10": null
        },
        "baseline_prefix_sha256": "e3b0c44298fc1c149afbf4c8996fb92427ae41e4649b934ca495991b7852b855",
        "baseline_xyz_sha256": "e3b0c44298fc1c149afbf4c8996fb92427ae41e4649b934ca495991b7852b855",
        "nonregression_checks": {
          "accepted_not_lower": true,
          "baseline_point_prefix_exact": true,
          "coverage_cells_5cm_not_lower": true,
          "depth_margin_median_not_lower": true,
          "depth_margin_min_not_lower": true,
          "parallax_median_not_lower": true,
          "views_median_not_lower": true,
          "zncc_median_not_lower": true,
          "zncc_p10_not_lower": true
        },
        "patch_n": 9,
        "patch_radius_m": 0.06,
        "policy": "retain_all_baseline_births_append_unique_rescue_births",
        "quality_gate": {
          "baseline_median_ncc": null,
          "baseline_median_parallax_deg": null,
          "baseline_median_views": null,
          "depth_ncc_margin": 0.06,
          "frozen_min_ncc": 0.9,
          "frozen_min_parallax_deg": 18.0,
          "frozen_min_views": 5,
          "min_ncc": 0.9,
          "min_parallax_deg": 18.0,
          "min_views": 5
        },
        "rescue_metrics": {
          "acceptance_rate": 0.0,
          "accepted": 0,
          "base_accepted": 0,
          "coverage_cells_5cm": 0,
          "decoded_image_loads": 14,
          "depth_competition_offsets_m": [
            -0.1,
            -0.05,
            0.05,
            0.1
          ],
          "depth_ncc_margin_observed_median": null,
          "depth_ncc_margin_observed_min": null,
          "depth_ncc_margin_required": 0.06,
          "elapsed_s": 0.48113650002051145,
          "grid_candidates": 490,
          "kind": "wall",
          "parallax_median_deg": null,
          "peak_loaded_image_bytes": 248832000,
          "plane_offset_m": 0.0,
          "rejected": {
            "ambiguous_depth": 0,
            "few_geometry_views": 224,
            "few_texture_views": 141,
            "few_zncc_views": 125,
            "low_parallax": 0,
            "rescue_quality": 0
          },
          "rescue_accepted": 0,
          "surface_id": "wall_proposal_4",
          "tiles": 8,
          "views_median": null,
          "zncc_median": null,
          "zncc_p10": null
        }
      },
      "scale_rescue_accepted": 0,
      "surface_id": "wall_proposal_4",
      "tiles": 16,
      "views_median": null,
      "zncc_median": null,
      "zncc_p10": null
    },
    {
      "acceptance_rate": 0.001038961038961039,
      "accepted": 2,
      "base_accepted": 2,
      "coverage_cells_5cm": 2,
      "decoded_image_loads": 56,
      "depth_competition_offsets_m": [
        -0.1,
        -0.05,
        0.05,
        0.1
      ],
      "depth_ncc_margin_observed_median": null,
      "depth_ncc_margin_observed_min": null,
      "depth_ncc_margin_required": 0.02,
      "elapsed_s": 2.8591572499717586,
      "final_rejected_after_all_scales": 1923,
      "grid_candidates": 1925,
      "kind": "wall",
      "parallax_median_deg": 34.62740677948599,
      "peak_loaded_image_bytes": 248832000,
      "plane_offset_m": 0.0,
      "rejected": {
        "ambiguous_depth": 29,
        "few_geometry_views": 823,
        "few_texture_views": 626,
        "few_zncc_views": 442,
        "low_parallax": 3,
        "rescue_quality": 0
      },
      "rescue_accepted": 0,
      "scale_rescue": {
        "accepted_after_rescue_quality_gate": 0,
        "accepted_in_rescue_arm": 0,
        "added_unique_points": 0,
        "baseline_metrics": {
          "acceptance_rate": 0.001038961038961039,
          "accepted": 2,
          "base_accepted": 2,
          "coverage_cells_5cm": 2,
          "decoded_image_loads": 28,
          "depth_competition_offsets_m": [
            -0.1,
            -0.05,
            0.05,
            0.1
          ],
          "depth_ncc_margin_observed_median": null,
          "depth_ncc_margin_observed_min": null,
          "depth_ncc_margin_required": 0.02,
          "elapsed_s": 1.4023098750039935,
          "grid_candidates": 1925,
          "kind": "wall",
          "parallax_median_deg": 34.62740677948599,
          "peak_loaded_image_bytes": 248832000,
          "plane_offset_m": 0.0,
          "rejected": {
            "ambiguous_depth": 29,
            "few_geometry_views": 823,
            "few_texture_views": 626,
            "few_zncc_views": 442,
            "low_parallax": 3,
            "rescue_quality": 0
          },
          "rescue_accepted": 0,
          "surface_id": "wall_proposal_5",
          "tiles": 31,
          "views_median": 4.0,
          "zncc_median": 0.8859334313994673,
          "zncc_p10": 0.8576044951539821
        },
        "baseline_prefix_sha256": "841ed2e9cc022d2ea6d684436cb3eaafd33891f5d7083ec60cbbeaceeea3a0e0",
        "baseline_xyz_sha256": "841ed2e9cc022d2ea6d684436cb3eaafd33891f5d7083ec60cbbeaceeea3a0e0",
        "nonregression_checks": {
          "accepted_not_lower": true,
          "baseline_point_prefix_exact": true,
          "coverage_cells_5cm_not_lower": true,
          "depth_margin_median_not_lower": true,
          "depth_margin_min_not_lower": true,
          "parallax_median_not_lower": true,
          "views_median_not_lower": true,
          "zncc_median_not_lower": true,
          "zncc_p10_not_lower": true
        },
        "patch_n": 9,
        "patch_radius_m": 0.06,
        "policy": "retain_all_baseline_births_append_unique_rescue_births",
        "quality_gate": {
          "baseline_median_ncc": 0.8859334313994673,
          "baseline_median_parallax_deg": 34.62740677948599,
          "baseline_median_views": 4.0,
          "depth_ncc_margin": 0.06,
          "frozen_min_ncc": 0.9,
          "frozen_min_parallax_deg": 18.0,
          "frozen_min_views": 5,
          "min_ncc": 0.9,
          "min_parallax_deg": 34.62740677948599,
          "min_views": 5
        },
        "rescue_metrics": {
          "acceptance_rate": 0.0,
          "accepted": 0,
          "base_accepted": 0,
          "coverage_cells_5cm": 0,
          "decoded_image_loads": 28,
          "depth_competition_offsets_m": [
            -0.1,
            -0.05,
            0.05,
            0.1
          ],
          "depth_ncc_margin_observed_median": null,
          "depth_ncc_margin_observed_min": null,
          "depth_ncc_margin_required": 0.06,
          "elapsed_s": 1.456847374967765,
          "grid_candidates": 1925,
          "kind": "wall",
          "parallax_median_deg": null,
          "peak_loaded_image_bytes": 248832000,
          "plane_offset_m": 0.0,
          "rejected": {
            "ambiguous_depth": 44,
            "few_geometry_views": 853,
            "few_texture_views": 595,
            "few_zncc_views": 427,
            "low_parallax": 6,
            "rescue_quality": 0
          },
          "rescue_accepted": 0,
          "surface_id": "wall_proposal_5",
          "tiles": 31,
          "views_median": null,
          "zncc_median": null,
          "zncc_p10": null
        }
      },
      "scale_rescue_accepted": 0,
      "surface_id": "wall_proposal_5",
      "tiles": 62,
      "views_median": 4.0,
      "zncc_median": 0.8859334313994673,
      "zncc_p10": 0.8576044951539821
    }
  ],
  "totals": {
    "accepted": 116,
    "coverage_cells_5cm_sum": 116,
    "elapsed_s": 53.68057141598547,
    "grid_candidates": 11976,
    "max_tile_loaded_image_bytes": 248832000,
    "peak_rss_bytes": 514179072
  }
}
