REPLAY src_db=/Users/kaidongwang/.config/superpowers/worktrees/pocketworld_research_benchmarks/pocketworld-repro-contract-20260714/experiments/multiview_site_matcher_2026-07-15/cap56_postgeom_site_assignment_seed0_20260715_v2.db pair_db=/Users/kaidongwang/.config/superpowers/worktrees/pocketworld_research_benchmarks/pocketworld-repro-contract-20260714/experiments/multiview_site_matcher_2026-07-15/cap56_postgeom_site_assignment_seed0_20260715_v2.db poses=/tmp/pocketworld_cap56_reconcile_20260714/sfm_fed_frames.jsonl intrinsics=(db-camera) out=/Users/kaidongwang/.config/superpowers/worktrees/Aether3D-cross/incremental-ba-ab-20260714/aether_cpp/third_party/glomap_vendor/bench_runs/cap56_current_source_replay_20260715/control_oncode_binary k=19 max_frames=0 AETHER_INCREMENTAL_GLOBAL_BA=(unset)
SOURCE n_images=20 n_poses=20 n_intrinsics=0
STORED_PAIRS matches=190 nonempty_matches=190 two_view=187 nonempty_two_view=187 geometry_missing=3 geometry_only=0
W20260715 04:02:51.576264 0x1fb6b2080 aether_sfm_c.cc:4979] [aether_sfm] host replay reusing stored pairs from /Users/kaidongwang/.config/superpowers/worktrees/pocketworld_research_benchmarks/pocketworld-repro-contract-20260714/experiments/multiview_site_matcher_2026-07-15/cap56_postgeom_site_assignment_seed0_20260715_v2.db (matches=190, verified=187)
I20260715 04:02:51.606394 0x1fb6b2080 bundle_adjustment_ceres.cc:842] [AETHER] solver_used=DENSE_SCHUR sparse_backend=EIGEN_SPARSE dense_backend=EIGEN mixed=0 threads=1
I20260715 04:02:51.646317 0x1fb6b2080 bundle_adjustment_ceres.cc:842] [AETHER] solver_used=DENSE_SCHUR sparse_backend=EIGEN_SPARSE dense_backend=EIGEN mixed=0 threads=1
I20260715 04:02:51.676288 0x1fb6b2080 bundle_adjustment_ceres.cc:842] [AETHER] solver_used=DENSE_SCHUR sparse_backend=EIGEN_SPARSE dense_backend=EIGEN mixed=0 threads=1
I20260715 04:02:51.709746 0x1fb6b2080 bundle_adjustment_ceres.cc:842] [AETHER] solver_used=DENSE_SCHUR sparse_backend=EIGEN_SPARSE dense_backend=EIGEN mixed=0 threads=1
I20260715 04:02:51.761569 0x1fb6b2080 bundle_adjustment_ceres.cc:842] [AETHER] solver_used=DENSE_SCHUR sparse_backend=EIGEN_SPARSE dense_backend=EIGEN mixed=0 threads=1
I20260715 04:02:51.809298 0x1fb6b2080 bundle_adjustment_ceres.cc:842] [AETHER] solver_used=DENSE_SCHUR sparse_backend=EIGEN_SPARSE dense_backend=EIGEN mixed=0 threads=1
I20260715 04:02:51.862847 0x1fb6b2080 bundle_adjustment_ceres.cc:842] [AETHER] solver_used=DENSE_SCHUR sparse_backend=EIGEN_SPARSE dense_backend=EIGEN mixed=0 threads=1
I20260715 04:02:51.926487 0x1fb6b2080 bundle_adjustment_ceres.cc:842] [AETHER] solver_used=DENSE_SCHUR sparse_backend=EIGEN_SPARSE dense_backend=EIGEN mixed=0 threads=1
I20260715 04:02:51.993685 0x1fb6b2080 bundle_adjustment_ceres.cc:842] [AETHER] solver_used=DENSE_SCHUR sparse_backend=EIGEN_SPARSE dense_backend=EIGEN mixed=0 threads=1
I20260715 04:02:52.069785 0x1fb6b2080 bundle_adjustment_ceres.cc:842] [AETHER] solver_used=DENSE_SCHUR sparse_backend=EIGEN_SPARSE dense_backend=EIGEN mixed=0 threads=1
I20260715 04:02:52.148346 0x1fb6b2080 bundle_adjustment_ceres.cc:842] [AETHER] solver_used=DENSE_SCHUR sparse_backend=EIGEN_SPARSE dense_backend=EIGEN mixed=0 threads=1
I20260715 04:02:52.212203 0x1fb6b2080 bundle_adjustment_ceres.cc:842] [AETHER] solver_used=DENSE_SCHUR sparse_backend=EIGEN_SPARSE dense_backend=EIGEN mixed=0 threads=1
I20260715 04:02:52.280359 0x1fb6b2080 bundle_adjustment_ceres.cc:842] [AETHER] solver_used=DENSE_SCHUR sparse_backend=EIGEN_SPARSE dense_backend=EIGEN mixed=0 threads=1
I20260715 04:02:52.351848 0x1fb6b2080 bundle_adjustment_ceres.cc:842] [AETHER] solver_used=DENSE_SCHUR sparse_backend=EIGEN_SPARSE dense_backend=EIGEN mixed=0 threads=1
I20260715 04:02:52.419320 0x1fb6b2080 bundle_adjustment_ceres.cc:842] [AETHER] solver_used=DENSE_SCHUR sparse_backend=EIGEN_SPARSE dense_backend=EIGEN mixed=0 threads=1
I20260715 04:02:52.485246 0x1fb6b2080 bundle_adjustment_ceres.cc:842] [AETHER] solver_used=DENSE_SCHUR sparse_backend=EIGEN_SPARSE dense_backend=EIGEN mixed=0 threads=1
I20260715 04:02:52.562906 0x1fb6b2080 bundle_adjustment_ceres.cc:842] [AETHER] solver_used=DENSE_SCHUR sparse_backend=EIGEN_SPARSE dense_backend=EIGEN mixed=0 threads=1
I20260715 04:02:52.626762 0x1fb6b2080 bundle_adjustment_ceres.cc:842] [AETHER] solver_used=DENSE_SCHUR sparse_backend=EIGEN_SPARSE dense_backend=EIGEN mixed=0 threads=1
STREAMED fed=20 missing_pose=0 stream_ms=1059.8
FINALIZE_ASYNC phase1={"solve_ms":0.7,"n_models":1,"n_registered":20,"n_points3d":15779,"reproj_px":0.8272,"track_len":2.098,"phase1":"live_reuse"}
I20260715 04:02:52.631244 0x16db33000 database_cache.cc:72] Loading rigs...
I20260715 04:02:52.631257 0x16db33000 database_cache.cc:82]  0 in 0.000s
I20260715 04:02:52.631261 0x16db33000 database_cache.cc:90] Loading cameras...
I20260715 04:02:52.631273 0x16db33000 database_cache.cc:108]  1 in 0.000s
I20260715 04:02:52.631277 0x16db33000 database_cache.cc:116] Loading frames...
I20260715 04:02:52.631283 0x16db33000 database_cache.cc:126]  0 in 0.000s
I20260715 04:02:52.631285 0x16db33000 database_cache.cc:134] Loading matches...
I20260715 04:02:52.631657 0x16db33000 database_cache.cc:139]  187 in 0.000s
I20260715 04:02:52.631664 0x16db33000 database_cache.cc:147] Loading images...
I20260715 04:02:52.632897 0x16db33000 database_cache.cc:236]  20 in 0.001s (loaded all 20)
I20260715 04:02:52.632904 0x16db33000 database_cache.cc:255] Loading pose priors...
I20260715 04:02:52.632911 0x16db33000 database_cache.cc:263]  0 in 0.000s
I20260715 04:02:52.632913 0x16db33000 database_cache.cc:271] Building correspondence graph...
I20260715 04:02:52.637810 0x16db33000 database_cache.cc:300]  in 0.005s (ignored 0)
I20260715 04:02:52.655392 0x16db33000 incremental_pipeline.cc:320] Loading database
I20260715 04:02:52.655432 0x16db33000 database_cache.cc:72] Loading rigs...
I20260715 04:02:52.655440 0x16db33000 database_cache.cc:82]  0 in 0.000s
I20260715 04:02:52.655445 0x16db33000 database_cache.cc:90] Loading cameras...
I20260715 04:02:52.655453 0x16db33000 database_cache.cc:108]  1 in 0.000s
I20260715 04:02:52.655455 0x16db33000 database_cache.cc:116] Loading frames...
I20260715 04:02:52.655459 0x16db33000 database_cache.cc:126]  0 in 0.000s
I20260715 04:02:52.655461 0x16db33000 database_cache.cc:134] Loading matches...
I20260715 04:02:52.655835 0x16db33000 database_cache.cc:139]  187 in 0.000s
I20260715 04:02:52.655839 0x16db33000 database_cache.cc:147] Loading images...
I20260715 04:02:52.657107 0x16db33000 database_cache.cc:236]  20 in 0.001s (loaded all 20)
I20260715 04:02:52.657114 0x16db33000 database_cache.cc:255] Loading pose priors...
I20260715 04:02:52.657122 0x16db33000 database_cache.cc:263]  0 in 0.000s
I20260715 04:02:52.657124 0x16db33000 database_cache.cc:271] Building correspondence graph...
I20260715 04:02:52.662013 0x16db33000 database_cache.cc:300]  in 0.005s (ignored 0)
I20260715 04:02:52.662018 0x16db33000 timer.cc:90] Elapsed time: 0.000 [minutes]
I20260715 04:02:53.381369 0x16db33000 bundle_adjustment_ceres.cc:842] [AETHER] solver_used=DENSE_SCHUR sparse_backend=EIGEN_SPARSE dense_backend=EIGEN mixed=0 threads=6
I20260715 04:02:54.035241 0x16db33000 bundle_adjustment_ceres.cc:842] [AETHER] solver_used=DENSE_SCHUR sparse_backend=EIGEN_SPARSE dense_backend=EIGEN mixed=0 threads=6
I20260715 04:02:54.707517 0x16db33000 bundle_adjustment_ceres.cc:842] [AETHER] solver_used=DENSE_SCHUR sparse_backend=EIGEN_SPARSE dense_backend=EIGEN mixed=0 threads=6
I20260715 04:02:55.360296 0x16db33000 bundle_adjustment_ceres.cc:842] [AETHER] solver_used=DENSE_SCHUR sparse_backend=EIGEN_SPARSE dense_backend=EIGEN mixed=0 threads=6
I20260715 04:02:55.858517 0x16db33000 bundle_adjustment_ceres.cc:842] [AETHER] solver_used=DENSE_SCHUR sparse_backend=EIGEN_SPARSE dense_backend=EIGEN mixed=0 threads=6
W20260715 04:02:55.878362 0x16db33000 aether_sfm_c.cc:4494] [aether_sfm] finalize worker: cache_pre=6ms enrich=8ms stage1=15ms (ok, rounds=0) stage2=3216ms (rounds<=5) temporal=8ms upgrade=0ms total=3247ms
REFINED finalize_ms=3342.1
RESULT incr=off n_reg=20 n_points=14864 track3plus=4165 n_obs=39511 mean_reproj_px=1.0733 stream_ms=1059.8 finalize_ms=3342.1 total_ms=4401.9
        5.40 real         9.93 user         4.13 sys
           108675072  maximum resident set size
                   0  average shared memory size
                   0  average unshared data size
                   0  average unshared stack size
                7954  page reclaims
                 209  page faults
                   0  swaps
                   0  block input operations
                   0  block output operations
                   0  messages sent
                   0  messages received
                   0  signals received
                 245  voluntary context switches
              875401  involuntary context switches
        120611787073  instructions retired
         48120633193  cycles elapsed
            98288096  peak memory footprint
