[32mActivated conda/uv virtual environment at [36m/venv/main[0m
current time 20260816_115935
creating new summary file
argv: ['--mode=train', '--dataset=blend_cached', '--trainpath=/workspace/data/BlendedMVS', '--trainlist', 'lists/blend/train.txt', '--testlist', 'lists/blend/val.txt', '--batch_size=4', '--trainviews=9', '--testviews=9', '--numdepth=384', '--numdepth_initial=48', '--stage_iters', '1', '3', '3', '--cost_dim_stage', '4', '4', '4', '--CostNum', '0', '4', '4', '--min_radius', '0.125', '--max_radius', '8', '--hidden_dim', '0', '32', '20', '--context_dim', '32', '32', '16', '--unet_dim', '0', '16', '8', '--lr_sche', 'onecycle', '--conf_weight', '0.05', '--logdir', '/workspace/runs/probe2', '--epochs=16', '--train_epochs=1', '--lr=0.001', '--scale', '0', '0.25', '0.05']
################################  args  ################################
mode      	train                         	<class 'str'>       
device    	cuda                          	<class 'str'>       
dataset   	blend_cached                  	<class 'str'>       
trainpath 	/workspace/data/BlendedMVS    	<class 'str'>       
testpath  	/workspace/data/BlendedMVS    	<class 'str'>       
trainlist 	lists/blend/train.txt         	<class 'str'>       
testlist  	lists/blend/val.txt           	<class 'str'>       
trainviews	9                             	<class 'int'>       
testviews 	9                             	<class 'int'>       
epochs    	16                            	<class 'int'>       
lr        	0.001                         	<class 'float'>     
lr_sche   	onecycle                      	<class 'str'>       
lrepochs  	10,12,14:2                    	<class 'str'>       
wd        	0.001                         	<class 'float'>     
train_epochs	1                             	<class 'int'>       
batch_size	4                             	<class 'int'>       
seed      	123                           	<class 'int'>       
loadckpt  	None                          	<class 'NoneType'>  
logdir    	/workspace/runs/probe2        	<class 'str'>       
resume    	False                         	<class 'bool'>      
summary_freq	20                            	<class 'int'>       
save_freq 	1                             	<class 'int'>       
eval_freq 	1                             	<class 'int'>       
numdepth_initial	48                            	<class 'int'>       
numdepth  	384                           	<class 'int'>       
ddim_eta  	[0.01, 0.01, 0.01]            	<class 'list'>      
scale     	[0.0, 0.25, 0.05]             	<class 'list'>      
timesteps 	[1000, 1000, 1000]            	<class 'list'>      
sampling_timesteps	[1, 1, 1]                     	<class 'list'>      
hidden_dim	[0, 32, 20]                   	<class 'list'>      
context_dim	[32, 32, 16]                  	<class 'list'>      
stage_iters	[1, 3, 3]                     	<class 'list'>      
cost_dim_stage	[4, 4, 4]                     	<class 'list'>      
CostNum   	[0, 4, 4]                     	<class 'list'>      
unet_dim  	[0, 16, 8]                    	<class 'list'>      
conf_weight	0.05                          	<class 'float'>     
min_radius	0.125                         	<class 'float'>     
max_radius	8.0                           	<class 'float'>     
########################################################################
start at epoch 0
Number of model parameters: 925435
Let's use 1 GPUs!
less ref_view small 8
less ref_view small 8
less ref_view small 8
less ref_view small 8
less ref_view small 8
less ref_view small 8
less ref_view small 8
less ref_view small 8
less ref_view small 8
less ref_view small 8
less ref_view small 8
less ref_view small 8
less ref_view small 8
less ref_view small 8
less ref_view small 8
less ref_view small 8
less ref_view small 8
less ref_view small 8
less ref_view small 8
less ref_view small 8
less ref_view small 8
less ref_view small 8
less ref_view small 8
less ref_view small 8
less ref_view small 8
less ref_view small 8
less ref_view small 8
less ref_view small 8
less ref_view small 8
less ref_view small 8
less ref_view small 8
dataset train metas: 16873
[blend_cached] 缓存目录 /workspace/cache
less ref_view small 8
dataset test metas: 914
[blend_cached] 缓存目录 /workspace/cache
Epoch 0:
/venv/main/lib/python3.12/site-packages/torch/functional.py:504: UserWarning: torch.meshgrid: in an upcoming release, it will be required to pass the indexing argument. (Triggered internally at /__w/pytorch/pytorch/aten/src/ATen/native/TensorShape.cpp:4215.)
  return _VF.meshgrid(tensors, **kwargs)  # type: ignore[attr-defined]
Epoch 0/16, Iter 0/4218, lr 0.000040, train loss = 3.393, depth loss = 0.242, time = 21.336
Epoch 0/16, Iter 1/4218, lr 0.000041, train loss = 3.357, depth loss = 0.174, time = 1.128
Epoch 0/16, Iter 2/4218, lr 0.000041, train loss = 3.203, depth loss = 0.186, time = 0.725
Epoch 0/16, Iter 3/4218, lr 0.000041, train loss = 2.977, depth loss = 0.204, time = 1.370
Epoch 0/16, Iter 4/4218, lr 0.000041, train loss = 2.764, depth loss = 0.177, time = 0.898
Epoch 0/16, Iter 5/4218, lr 0.000042, train loss = 2.912, depth loss = 0.198, time = 0.837
Epoch 0/16, Iter 6/4218, lr 0.000042, train loss = 2.716, depth loss = 0.158, time = 0.832
Epoch 0/16, Iter 7/4218, lr 0.000042, train loss = 2.530, depth loss = 0.177, time = 0.966
Epoch 0/16, Iter 8/4218, lr 0.000043, train loss = 3.193, depth loss = 0.236, time = 0.973
Epoch 0/16, Iter 9/4218, lr 0.000043, train loss = 2.536, depth loss = 0.155, time = 0.956
Epoch 0/16, Iter 10/4218, lr 0.000043, train loss = 2.573, depth loss = 0.157, time = 0.982
Epoch 0/16, Iter 11/4218, lr 0.000043, train loss = 2.522, depth loss = 0.167, time = 0.560
Epoch 0/16, Iter 12/4218, lr 0.000044, train loss = 2.372, depth loss = 0.149, time = 0.942
Epoch 0/16, Iter 13/4218, lr 0.000044, train loss = 2.362, depth loss = 0.137, time = 1.009
Epoch 0/16, Iter 14/4218, lr 0.000044, train loss = 2.401, depth loss = 0.170, time = 0.956
Epoch 0/16, Iter 15/4218, lr 0.000045, train loss = 2.257, depth loss = 0.162, time = 0.948
Epoch 0/16, Iter 16/4218, lr 0.000045, train loss = 2.389, depth loss = 0.185, time = 0.950
Epoch 0/16, Iter 17/4218, lr 0.000045, train loss = 2.367, depth loss = 0.160, time = 0.977
Epoch 0/16, Iter 18/4218, lr 0.000045, train loss = 2.059, depth loss = 0.150, time = 0.989
Epoch 0/16, Iter 19/4218, lr 0.000046, train loss = 2.527, depth loss = 0.216, time = 0.909
Epoch 0/16, Iter 20/4218, lr 0.000046, train loss = 2.167, depth loss = 0.181, time = 0.908
Epoch 0/16, Iter 21/4218, lr 0.000046, train loss = 2.009, depth loss = 0.157, time = 0.810
Epoch 0/16, Iter 22/4218, lr 0.000047, train loss = 2.125, depth loss = 0.179, time = 0.887
Epoch 0/16, Iter 23/4218, lr 0.000047, train loss = 1.870, depth loss = 0.148, time = 0.976
Epoch 0/16, Iter 24/4218, lr 0.000047, train loss = 1.743, depth loss = 0.124, time = 0.933
Epoch 0/16, Iter 25/4218, lr 0.000047, train loss = 2.064, depth loss = 0.172, time = 0.995
Epoch 0/16, Iter 26/4218, lr 0.000048, train loss = 1.970, depth loss = 0.138, time = 0.963
Epoch 0/16, Iter 27/4218, lr 0.000048, train loss = 1.798, depth loss = 0.134, time = 0.981
Epoch 0/16, Iter 28/4218, lr 0.000048, train loss = 1.925, depth loss = 0.159, time = 0.982
Epoch 0/16, Iter 29/4218, lr 0.000049, train loss = 1.831, depth loss = 0.148, time = 0.996
Epoch 0/16, Iter 30/4218, lr 0.000049, train loss = 1.964, depth loss = 0.150, time = 0.991
Epoch 0/16, Iter 31/4218, lr 0.000049, train loss = 1.691, depth loss = 0.130, time = 0.994
Epoch 0/16, Iter 32/4218, lr 0.000049, train loss = 1.602, depth loss = 0.126, time = 0.966
Epoch 0/16, Iter 33/4218, lr 0.000050, train loss = 1.620, depth loss = 0.146, time = 0.934
Epoch 0/16, Iter 34/4218, lr 0.000050, train loss = 1.697, depth loss = 0.130, time = 0.981
Epoch 0/16, Iter 35/4218, lr 0.000050, train loss = 1.383, depth loss = 0.119, time = 0.986
Epoch 0/16, Iter 36/4218, lr 0.000051, train loss = 1.696, depth loss = 0.140, time = 0.935
Epoch 0/16, Iter 37/4218, lr 0.000051, train loss = 1.576, depth loss = 0.136, time = 0.957
Epoch 0/16, Iter 38/4218, lr 0.000051, train loss = 1.758, depth loss = 0.147, time = 0.971
Epoch 0/16, Iter 39/4218, lr 0.000051, train loss = 1.489, depth loss = 0.123, time = 0.977
Epoch 0/16, Iter 40/4218, lr 0.000052, train loss = 1.580, depth loss = 0.142, time = 0.971
Epoch 0/16, Iter 41/4218, lr 0.000052, train loss = 1.366, depth loss = 0.118, time = 1.046
Epoch 0/16, Iter 42/4218, lr 0.000052, train loss = 1.442, depth loss = 0.138, time = 0.917
Epoch 0/16, Iter 43/4218, lr 0.000053, train loss = 1.194, depth loss = 0.111, time = 0.978
Epoch 0/16, Iter 44/4218, lr 0.000053, train loss = 1.365, depth loss = 0.126, time = 0.972
Epoch 0/16, Iter 45/4218, lr 0.000053, train loss = 1.462, depth loss = 0.133, time = 0.966
Epoch 0/16, Iter 46/4218, lr 0.000053, train loss = 1.412, depth loss = 0.115, time = 0.978
Epoch 0/16, Iter 47/4218, lr 0.000054, train loss = 1.118, depth loss = 0.104, time = 0.952
Epoch 0/16, Iter 48/4218, lr 0.000054, train loss = 1.185, depth loss = 0.101, time = 0.956
Epoch 0/16, Iter 49/4218, lr 0.000054, train loss = 1.243, depth loss = 0.114, time = 0.985
Epoch 0/16, Iter 50/4218, lr 0.000054, train loss = 1.436, depth loss = 0.128, time = 0.972
Epoch 0/16, Iter 51/4218, lr 0.000055, train loss = 1.250, depth loss = 0.119, time = 0.961
Epoch 0/16, Iter 52/4218, lr 0.000055, train loss = 1.184, depth loss = 0.130, time = 0.976
Epoch 0/16, Iter 53/4218, lr 0.000055, train loss = 1.368, depth loss = 0.133, time = 0.973
Epoch 0/16, Iter 54/4218, lr 0.000056, train loss = 1.132, depth loss = 0.098, time = 0.965
Epoch 0/16, Iter 55/4218, lr 0.000056, train loss = 1.011, depth loss = 0.114, time = 0.981
Epoch 0/16, Iter 56/4218, lr 0.000056, train loss = 1.223, depth loss = 0.118, time = 0.945
Epoch 0/16, Iter 57/4218, lr 0.000056, train loss = 1.020, depth loss = 0.116, time = 0.966
Epoch 0/16, Iter 58/4218, lr 0.000057, train loss = 1.059, depth loss = 0.107, time = 0.954
Epoch 0/16, Iter 59/4218, lr 0.000057, train loss = 1.002, depth loss = 0.093, time = 0.957
Epoch 0/16, Iter 60/4218, lr 0.000057, train loss = 1.196, depth loss = 0.136, time = 0.982
Epoch 0/16, Iter 61/4218, lr 0.000058, train loss = 1.105, depth loss = 0.109, time = 1.001
Epoch 0/16, Iter 62/4218, lr 0.000058, train loss = 1.092, depth loss = 0.099, time = 0.988
Epoch 0/16, Iter 63/4218, lr 0.000058, train loss = 1.098, depth loss = 0.111, time = 0.987
Epoch 0/16, Iter 64/4218, lr 0.000058, train loss = 1.049, depth loss = 0.089, time = 0.943
Epoch 0/16, Iter 65/4218, lr 0.000059, train loss = 1.512, depth loss = 0.150, time = 0.960
Epoch 0/16, Iter 66/4218, lr 0.000059, train loss = 1.145, depth loss = 0.110, time = 1.006
Epoch 0/16, Iter 67/4218, lr 0.000059, train loss = 1.366, depth loss = 0.129, time = 0.912
Epoch 0/16, Iter 68/4218, lr 0.000060, train loss = 1.284, depth loss = 0.136, time = 0.869
Epoch 0/16, Iter 69/4218, lr 0.000060, train loss = 0.908, depth loss = 0.094, time = 0.913
Epoch 0/16, Iter 70/4218, lr 0.000060, train loss = 0.921, depth loss = 0.093, time = 0.892
Epoch 0/16, Iter 71/4218, lr 0.000060, train loss = 1.209, depth loss = 0.113, time = 0.919
Epoch 0/16, Iter 72/4218, lr 0.000061, train loss = 0.999, depth loss = 0.074, time = 0.941
Epoch 0/16, Iter 73/4218, lr 0.000061, train loss = 1.329, depth loss = 0.124, time = 1.008
Epoch 0/16, Iter 74/4218, lr 0.000061, train loss = 1.303, depth loss = 0.099, time = 0.941
Epoch 0/16, Iter 75/4218, lr 0.000062, train loss = 0.849, depth loss = 0.098, time = 0.969
Epoch 0/16, Iter 76/4218, lr 0.000062, train loss = 0.927, depth loss = 0.078, time = 0.972
Epoch 0/16, Iter 77/4218, lr 0.000062, train loss = 1.055, depth loss = 0.088, time = 0.997
Epoch 0/16, Iter 78/4218, lr 0.000062, train loss = 1.015, depth loss = 0.091, time = 0.976
Epoch 0/16, Iter 79/4218, lr 0.000063, train loss = 1.227, depth loss = 0.106, time = 0.776
Epoch 0/16, Iter 80/4218, lr 0.000063, train loss = 1.146, depth loss = 0.125, time = 0.954
Epoch 0/16, Iter 81/4218, lr 0.000063, train loss = 1.105, depth loss = 0.109, time = 0.803
Epoch 0/16, Iter 82/4218, lr 0.000064, train loss = 1.121, depth loss = 0.108, time = 0.960
Epoch 0/16, Iter 83/4218, lr 0.000064, train loss = 1.081, depth loss = 0.112, time = 0.954
Epoch 0/16, Iter 84/4218, lr 0.000064, train loss = 1.028, depth loss = 0.122, time = 0.965
Epoch 0/16, Iter 85/4218, lr 0.000064, train loss = 0.870, depth loss = 0.081, time = 0.995
Epoch 0/16, Iter 86/4218, lr 0.000065, train loss = 1.232, depth loss = 0.130, time = 0.733
Epoch 0/16, Iter 87/4218, lr 0.000065, train loss = 0.986, depth loss = 0.115, time = 0.824
Epoch 0/16, Iter 88/4218, lr 0.000065, train loss = 0.967, depth loss = 0.095, time = 0.938
Epoch 0/16, Iter 89/4218, lr 0.000066, train loss = 1.211, depth loss = 0.110, time = 0.977
Epoch 0/16, Iter 90/4218, lr 0.000066, train loss = 0.898, depth loss = 0.072, time = 0.975
Epoch 0/16, Iter 91/4218, lr 0.000066, train loss = 0.940, depth loss = 0.090, time = 0.966
Epoch 0/16, Iter 92/4218, lr 0.000066, train loss = 0.911, depth loss = 0.084, time = 1.033
Epoch 0/16, Iter 93/4218, lr 0.000067, train loss = 0.935, depth loss = 0.100, time = 0.900
Epoch 0/16, Iter 94/4218, lr 0.000067, train loss = 1.162, depth loss = 0.120, time = 0.976
Epoch 0/16, Iter 95/4218, lr 0.000067, train loss = 0.979, depth loss = 0.100, time = 0.955
Epoch 0/16, Iter 96/4218, lr 0.000068, train loss = 1.053, depth loss = 0.105, time = 0.971
Epoch 0/16, Iter 97/4218, lr 0.000068, train loss = 1.049, depth loss = 0.091, time = 0.959
Epoch 0/16, Iter 98/4218, lr 0.000068, train loss = 0.886, depth loss = 0.091, time = 0.949
Epoch 0/16, Iter 99/4218, lr 0.000068, train loss = 1.082, depth loss = 0.117, time = 0.961
Epoch 0/16, Iter 100/4218, lr 0.000069, train loss = 1.013, depth loss = 0.093, time = 0.970
Epoch 0/16, Iter 101/4218, lr 0.000069, train loss = 1.243, depth loss = 0.114, time = 0.967
Epoch 0/16, Iter 102/4218, lr 0.000069, train loss = 0.986, depth loss = 0.106, time = 0.965
Epoch 0/16, Iter 103/4218, lr 0.000070, train loss = 1.079, depth loss = 0.103, time = 0.895
Epoch 0/16, Iter 104/4218, lr 0.000070, train loss = 0.977, depth loss = 0.100, time = 0.935
Epoch 0/16, Iter 105/4218, lr 0.000070, train loss = 1.084, depth loss = 0.116, time = 0.983
Epoch 0/16, Iter 106/4218, lr 0.000070, train loss = 1.272, depth loss = 0.116, time = 0.982
Epoch 0/16, Iter 107/4218, lr 0.000071, train loss = 0.760, depth loss = 0.070, time = 0.993
Epoch 0/16, Iter 108/4218, lr 0.000071, train loss = 0.930, depth loss = 0.112, time = 0.951
Epoch 0/16, Iter 109/4218, lr 0.000071, train loss = 0.922, depth loss = 0.095, time = 0.980
Epoch 0/16, Iter 110/4218, lr 0.000072, train loss = 0.953, depth loss = 0.093, time = 0.946
Epoch 0/16, Iter 111/4218, lr 0.000072, train loss = 1.067, depth loss = 0.109, time = 0.994
Epoch 0/16, Iter 112/4218, lr 0.000072, train loss = 0.835, depth loss = 0.084, time = 0.967
Epoch 0/16, Iter 113/4218, lr 0.000072, train loss = 1.126, depth loss = 0.118, time = 0.970
Epoch 0/16, Iter 114/4218, lr 0.000073, train loss = 0.629, depth loss = 0.056, time = 0.948
Epoch 0/16, Iter 115/4218, lr 0.000073, train loss = 0.815, depth loss = 0.070, time = 0.994
Epoch 0/16, Iter 116/4218, lr 0.000073, train loss = 1.034, depth loss = 0.106, time = 0.971
Epoch 0/16, Iter 117/4218, lr 0.000074, train loss = 0.790, depth loss = 0.071, time = 0.960
Epoch 0/16, Iter 118/4218, lr 0.000074, train loss = 0.810, depth loss = 0.076, time = 0.977
Epoch 0/16, Iter 119/4218, lr 0.000074, train loss = 0.828, depth loss = 0.092, time = 0.972
Epoch 0/16, Iter 120/4218, lr 0.000074, train loss = 0.717, depth loss = 0.074, time = 0.972
Epoch 0/16, Iter 121/4218, lr 0.000075, train loss = 0.783, depth loss = 0.082, time = 0.970
Epoch 0/16, Iter 122/4218, lr 0.000075, train loss = 0.694, depth loss = 0.059, time = 0.964
Epoch 0/16, Iter 123/4218, lr 0.000075, train loss = 0.783, depth loss = 0.080, time = 0.974
Epoch 0/16, Iter 124/4218, lr 0.000076, train loss = 0.890, depth loss = 0.105, time = 0.969
Epoch 0/16, Iter 125/4218, lr 0.000076, train loss = 0.700, depth loss = 0.074, time = 0.903
Epoch 0/16, Iter 126/4218, lr 0.000076, train loss = 0.698, depth loss = 0.056, time = 0.847
Epoch 0/16, Iter 127/4218, lr 0.000076, train loss = 0.729, depth loss = 0.071, time = 0.736
Epoch 0/16, Iter 128/4218, lr 0.000077, train loss = 0.977, depth loss = 0.105, time = 0.955
Epoch 0/16, Iter 129/4218, lr 0.000077, train loss = 0.796, depth loss = 0.096, time = 1.043
Epoch 0/16, Iter 130/4218, lr 0.000077, train loss = 0.579, depth loss = 0.062, time = 0.888
Epoch 0/16, Iter 131/4218, lr 0.000078, train loss = 0.675, depth loss = 0.060, time = 0.941
Epoch 0/16, Iter 132/4218, lr 0.000078, train loss = 0.700, depth loss = 0.077, time = 0.974
Epoch 0/16, Iter 133/4218, lr 0.000078, train loss = 0.782, depth loss = 0.069, time = 0.981
Epoch 0/16, Iter 134/4218, lr 0.000078, train loss = 0.873, depth loss = 0.091, time = 0.988
Epoch 0/16, Iter 135/4218, lr 0.000079, train loss = 0.673, depth loss = 0.055, time = 0.967
Epoch 0/16, Iter 136/4218, lr 0.000079, train loss = 0.907, depth loss = 0.086, time = 0.892
Epoch 0/16, Iter 137/4218, lr 0.000079, train loss = 0.637, depth loss = 0.065, time = 0.771
Epoch 0/16, Iter 138/4218, lr 0.000079, train loss = 0.627, depth loss = 0.068, time = 0.868
Epoch 0/16, Iter 139/4218, lr 0.000080, train loss = 0.867, depth loss = 0.079, time = 0.931
Epoch 0/16, Iter 140/4218, lr 0.000080, train loss = 0.808, depth loss = 0.092, time = 0.968
Epoch 0/16, Iter 141/4218, lr 0.000080, train loss = 0.719, depth loss = 0.078, time = 0.969
Epoch 0/16, Iter 142/4218, lr 0.000081, train loss = 0.809, depth loss = 0.071, time = 0.978
Epoch 0/16, Iter 143/4218, lr 0.000081, train loss = 0.807, depth loss = 0.070, time = 0.810
Epoch 0/16, Iter 144/4218, lr 0.000081, train loss = 0.782, depth loss = 0.072, time = 0.813
Epoch 0/16, Iter 145/4218, lr 0.000081, train loss = 0.818, depth loss = 0.074, time = 0.962
Epoch 0/16, Iter 146/4218, lr 0.000082, train loss = 0.703, depth loss = 0.050, time = 0.960
Epoch 0/16, Iter 147/4218, lr 0.000082, train loss = 0.799, depth loss = 0.091, time = 0.968
Epoch 0/16, Iter 148/4218, lr 0.000082, train loss = 0.711, depth loss = 0.058, time = 0.970
Epoch 0/16, Iter 149/4218, lr 0.000083, train loss = 0.944, depth loss = 0.102, time = 0.964
Epoch 0/16, Iter 150/4218, lr 0.000083, train loss = 0.668, depth loss = 0.064, time = 0.948
Epoch 0/16, Iter 151/4218, lr 0.000083, train loss = 0.798, depth loss = 0.085, time = 0.971
Epoch 0/16, Iter 152/4218, lr 0.000083, train loss = 0.946, depth loss = 0.114, time = 0.985
Epoch 0/16, Iter 153/4218, lr 0.000084, train loss = 0.794, depth loss = 0.056, time = 0.969
Epoch 0/16, Iter 154/4218, lr 0.000084, train loss = 0.768, depth loss = 0.065, time = 0.898
Epoch 0/16, Iter 155/4218, lr 0.000084, train loss = 0.681, depth loss = 0.057, time = 1.062
Epoch 0/16, Iter 156/4218, lr 0.000085, train loss = 0.577, depth loss = 0.066, time = 0.983
Epoch 0/16, Iter 157/4218, lr 0.000085, train loss = 0.696, depth loss = 0.090, time = 0.949
Epoch 0/16, Iter 158/4218, lr 0.000085, train loss = 0.713, depth loss = 0.074, time = 0.843
Epoch 0/16, Iter 159/4218, lr 0.000085, train loss = 0.994, depth loss = 0.117, time = 1.067
Epoch 0/16, Iter 160/4218, lr 0.000086, train loss = 0.758, depth loss = 0.067, time = 1.063
Epoch 0/16, Iter 161/4218, lr 0.000086, train loss = 0.641, depth loss = 0.062, time = 0.981
Epoch 0/16, Iter 162/4218, lr 0.000086, train loss = 0.668, depth loss = 0.061, time = 0.976
Epoch 0/16, Iter 163/4218, lr 0.000087, train loss = 0.699, depth loss = 0.068, time = 0.886
Epoch 0/16, Iter 164/4218, lr 0.000087, train loss = 0.631, depth loss = 0.076, time = 1.079
Epoch 0/16, Iter 165/4218, lr 0.000087, train loss = 0.740, depth loss = 0.106, time = 0.995
Epoch 0/16, Iter 166/4218, lr 0.000087, train loss = 0.703, depth loss = 0.073, time = 0.982
Epoch 0/16, Iter 167/4218, lr 0.000088, train loss = 0.633, depth loss = 0.077, time = 0.980
Epoch 0/16, Iter 168/4218, lr 0.000088, train loss = 0.587, depth loss = 0.066, time = 0.961
Epoch 0/16, Iter 169/4218, lr 0.000088, train loss = 0.595, depth loss = 0.057, time = 0.973
Epoch 0/16, Iter 170/4218, lr 0.000089, train loss = 0.653, depth loss = 0.068, time = 0.969
Epoch 0/16, Iter 171/4218, lr 0.000089, train loss = 0.600, depth loss = 0.053, time = 0.984
Epoch 0/16, Iter 172/4218, lr 0.000089, train loss = 0.534, depth loss = 0.059, time = 0.962
Epoch 0/16, Iter 173/4218, lr 0.000089, train loss = 0.839, depth loss = 0.078, time = 1.058
Epoch 0/16, Iter 174/4218, lr 0.000090, train loss = 0.599, depth loss = 0.056, time = 0.929
Epoch 0/16, Iter 175/4218, lr 0.000090, train loss = 0.564, depth loss = 0.053, time = 0.971
Epoch 0/16, Iter 176/4218, lr 0.000090, train loss = 0.347, depth loss = 0.041, time = 1.056
Epoch 0/16, Iter 177/4218, lr 0.000091, train loss = 0.606, depth loss = 0.059, time = 0.894
Epoch 0/16, Iter 178/4218, lr 0.000091, train loss = 0.680, depth loss = 0.076, time = 0.976
Epoch 0/16, Iter 179/4218, lr 0.000091, train loss = 0.557, depth loss = 0.056, time = 0.983
Epoch 0/16, Iter 180/4218, lr 0.000091, train loss = 0.453, depth loss = 0.042, time = 0.928
Epoch 0/16, Iter 181/4218, lr 0.000092, train loss = 0.667, depth loss = 0.069, time = 0.953
Epoch 0/16, Iter 182/4218, lr 0.000092, train loss = 0.697, depth loss = 0.072, time = 0.987
Epoch 0/16, Iter 183/4218, lr 0.000092, train loss = 0.974, depth loss = 0.113, time = 0.971
Epoch 0/16, Iter 184/4218, lr 0.000093, train loss = 0.472, depth loss = 0.042, time = 0.967
Epoch 0/16, Iter 185/4218, lr 0.000093, train loss = 0.482, depth loss = 0.038, time = 0.962
Epoch 0/16, Iter 186/4218, lr 0.000093, train loss = 0.506, depth loss = 0.053, time = 0.980
Epoch 0/16, Iter 187/4218, lr 0.000093, train loss = 0.559, depth loss = 0.059, time = 0.907
Epoch 0/16, Iter 188/4218, lr 0.000094, train loss = 0.576, depth loss = 0.076, time = 0.768
Epoch 0/16, Iter 189/4218, lr 0.000094, train loss = 0.560, depth loss = 0.061, time = 0.903
Epoch 0/16, Iter 190/4218, lr 0.000094, train loss = 0.498, depth loss = 0.044, time = 0.966
Epoch 0/16, Iter 191/4218, lr 0.000095, train loss = 0.475, depth loss = 0.039, time = 0.976
Epoch 0/16, Iter 192/4218, lr 0.000095, train loss = 0.627, depth loss = 0.062, time = 0.964
Epoch 0/16, Iter 193/4218, lr 0.000095, train loss = 0.478, depth loss = 0.047, time = 0.948
Epoch 0/16, Iter 194/4218, lr 0.000095, train loss = 0.452, depth loss = 0.039, time = 0.929
Epoch 0/16, Iter 195/4218, lr 0.000096, train loss = 0.519, depth loss = 0.059, time = 0.960
Epoch 0/16, Iter 196/4218, lr 0.000096, train loss = 0.545, depth loss = 0.064, time = 0.911
Epoch 0/16, Iter 197/4218, lr 0.000096, train loss = 0.454, depth loss = 0.045, time = 1.018
Epoch 0/16, Iter 198/4218, lr 0.000097, train loss = 0.487, depth loss = 0.032, time = 0.967
Epoch 0/16, Iter 199/4218, lr 0.000097, train loss = 0.507, depth loss = 0.044, time = 0.903
Epoch 0/16, Iter 200/4218, lr 0.000097, train loss = 0.552, depth loss = 0.062, time = 0.802
Epoch 0/16, Iter 201/4218, lr 0.000097, train loss = 0.725, depth loss = 0.086, time = 0.836
Epoch 0/16, Iter 202/4218, lr 0.000098, train loss = 0.549, depth loss = 0.060, time = 0.969
Epoch 0/16, Iter 203/4218, lr 0.000098, train loss = 0.464, depth loss = 0.041, time = 0.951
Epoch 0/16, Iter 204/4218, lr 0.000098, train loss = 0.626, depth loss = 0.070, time = 0.961
Epoch 0/16, Iter 205/4218, lr 0.000099, train loss = 0.538, depth loss = 0.071, time = 0.974
Epoch 0/16, Iter 206/4218, lr 0.000099, train loss = 0.605, depth loss = 0.068, time = 0.921
Epoch 0/16, Iter 207/4218, lr 0.000099, train loss = 0.669, depth loss = 0.076, time = 1.060
Epoch 0/16, Iter 208/4218, lr 0.000099, train loss = 0.403, depth loss = 0.050, time = 0.995
Epoch 0/16, Iter 209/4218, lr 0.000100, train loss = 0.535, depth loss = 0.055, time = 0.995
Epoch 0/16, Iter 210/4218, lr 0.000100, train loss = 0.421, depth loss = 0.043, time = 0.985
Epoch 0/16, Iter 211/4218, lr 0.000100, train loss = 0.515, depth loss = 0.043, time = 0.963
Epoch 0/16, Iter 212/4218, lr 0.000101, train loss = 0.537, depth loss = 0.068, time = 0.975
Epoch 0/16, Iter 213/4218, lr 0.000101, train loss = 0.388, depth loss = 0.051, time = 0.975
Epoch 0/16, Iter 214/4218, lr 0.000101, train loss = 0.542, depth loss = 0.058, time = 0.987
Epoch 0/16, Iter 215/4218, lr 0.000101, train loss = 0.571, depth loss = 0.080, time = 0.955
Epoch 0/16, Iter 216/4218, lr 0.000102, train loss = 0.488, depth loss = 0.061, time = 0.980
Epoch 0/16, Iter 217/4218, lr 0.000102, train loss = 0.472, depth loss = 0.043, time = 1.081
Epoch 0/16, Iter 218/4218, lr 0.000102, train loss = 0.478, depth loss = 0.041, time = 1.046
Epoch 0/16, Iter 219/4218, lr 0.000103, train loss = 0.439, depth loss = 0.038, time = 0.964
Epoch 0/16, Iter 220/4218, lr 0.000103, train loss = 0.429, depth loss = 0.041, time = 0.917
Epoch 0/16, Iter 221/4218, lr 0.000103, train loss = 0.422, depth loss = 0.051, time = 0.913
Epoch 0/16, Iter 222/4218, lr 0.000103, train loss = 0.570, depth loss = 0.082, time = 0.907
Epoch 0/16, Iter 223/4218, lr 0.000104, train loss = 0.658, depth loss = 0.091, time = 0.959
Epoch 0/16, Iter 224/4218, lr 0.000104, train loss = 0.577, depth loss = 0.088, time = 0.968
Epoch 0/16, Iter 225/4218, lr 0.000104, train loss = 0.530, depth loss = 0.061, time = 0.948
Epoch 0/16, Iter 226/4218, lr 0.000105, train loss = 0.508, depth loss = 0.049, time = 0.994
Epoch 0/16, Iter 227/4218, lr 0.000105, train loss = 0.523, depth loss = 0.051, time = 0.961
Epoch 0/16, Iter 228/4218, lr 0.000105, train loss = 0.479, depth loss = 0.047, time = 0.952
Epoch 0/16, Iter 229/4218, lr 0.000105, train loss = 0.451, depth loss = 0.051, time = 0.989
Epoch 0/16, Iter 230/4218, lr 0.000106, train loss = 0.515, depth loss = 0.055, time = 0.954
Epoch 0/16, Iter 231/4218, lr 0.000106, train loss = 0.353, depth loss = 0.035, time = 0.951
Epoch 0/16, Iter 232/4218, lr 0.000106, train loss = 0.384, depth loss = 0.048, time = 0.972
Epoch 0/16, Iter 233/4218, lr 0.000106, train loss = 0.476, depth loss = 0.067, time = 0.968
Epoch 0/16, Iter 234/4218, lr 0.000107, train loss = 0.452, depth loss = 0.058, time = 0.945
Epoch 0/16, Iter 235/4218, lr 0.000107, train loss = 0.406, depth loss = 0.048, time = 0.954
