[cap50] regenerated K12 debt pairs: 514 (audit banked: 514)
[cap50] debt pairs with registered production poses (verifiable): 514
[cap50] 100/514 debt matched, accepted 0, match 41s verify 0s
[cap50] 200/514 debt matched, accepted 2, match 84s verify 0s
[cap50] 300/514 debt matched, accepted 10, match 125s verify 0s
[cap50] 400/514 debt matched, accepted 12, match 162s verify 0s
[cap50] 500/514 debt matched, accepted 12, match 196s verify 0s
[cap50] 514/514 debt matched, accepted 12, match 201s verify 0s
[cap50] DONE {
 "debt_definition": "temporal pairs frame-dist 1..12 with no matches row (certified schedule starvation)",
 "debt_regenerated": 514,
 "debt_audit_banked": 514,
 "debt_verifiable_posed": 514,
 "accepted": 12,
 "acceptance_rate": 0.0233,
 "match_corrs_written": 1523,
 "tvg_inliers_written": 1033,
 "src_db_sha256": "380b23d0eae515cc266daa868f5c56a6364b0009e3f725f11d1cf36b863690c2",
 "debtfix_db_sha256": "4e5a3b8c958ee8c25b2a32d3d85a010996d1a132cc342315bd923c67a2f2074e",
 "host_match_wall_s": 201.2,
 "host_verify_wall_s": 0.0,
 "capture_idle_cost_at_16ms_per_pair_s": 8.2,
 "gauge": "production refined meta poses, frozen K, NO Sim3 (S1 recipe)"
}
