[0.2s] loaded 115 frames; union 13488 pts (sha fdf5b105e552); testing 3211 points (roi 2466, clean subsample 745 of 10422); offsets 16
[9.1s] 200/3211 RSS 1.79GB mismatches 0
[15.2s] 400/3211 RSS 1.79GB mismatches 0
[21.0s] 600/3211 RSS 1.79GB mismatches 0
[26.8s] 800/3211 RSS 1.80GB mismatches 0
[32.8s] 1000/3211 RSS 1.80GB mismatches 0
[38.8s] 1200/3211 RSS 1.80GB mismatches 0
[45.2s] 1400/3211 RSS 1.80GB mismatches 0
[51.3s] 1600/3211 RSS 1.80GB mismatches 0
[57.5s] 1800/3211 RSS 1.80GB mismatches 0
[64.2s] 2000/3211 RSS 1.80GB mismatches 0
[70.7s] 2200/3211 RSS 1.80GB mismatches 0
[77.2s] 2400/3211 RSS 1.80GB mismatches 0
[83.7s] 2600/3211 RSS 1.80GB mismatches 0
[90.3s] 2800/3211 RSS 1.80GB mismatches 0
[96.5s] 3000/3211 RSS 1.80GB mismatches 0
[103.4s] 3200/3211 RSS 1.80GB mismatches 0
{
  "capture": "cap50",
  "chair_roi": {
    "n": 2466,
    "n_fp_color": 642,
    "survives_ncconly_0.05": {
      "fp_hole": 591,
      "fp_kill_rate": 0.9205607476635514,
      "fp_survive": 51,
      "hole": 2005,
      "hole_rate": 0.8130575831305759,
      "survive": 461
    },
    "survives_pinned_0.02": {
      "fp_hole": 591,
      "fp_kill_rate": 0.9205607476635514,
      "fp_survive": 51,
      "hole": 1980,
      "hole_rate": 0.8029197080291971,
      "survive": 486
    },
    "survives_viewdom_0.05": {
      "fp_hole": 596,
      "fp_kill_rate": 0.9283489096573209,
      "fp_survive": 46,
      "hole": 2042,
      "hole_rate": 0.8280616382806164,
      "survive": 424
    }
  },
  "clean_floor_subsample": {
    "n": 745,
    "n_fp_color": 0,
    "survives_ncconly_0.05": {
      "fp_hole": 0,
      "fp_kill_rate": 0.0,
      "fp_survive": 0,
      "hole": 535,
      "hole_rate": 0.7181208053691275,
      "survive": 210
    },
    "survives_pinned_0.02": {
      "fp_hole": 0,
      "fp_kill_rate": 0.0,
      "fp_survive": 0,
      "hole": 515,
      "hole_rate": 0.6912751677852349,
      "survive": 230
    },
    "survives_viewdom_0.05": {
      "fp_hole": 0,
      "fp_kill_rate": 0.0,
      "fp_survive": 0,
      "hole": 553,
      "hole_rate": 0.7422818791946308,
      "survive": 192
    }
  },
  "clean_subsample_stride": 14,
  "depth_offsets_m": [
    0.03,
    0.05,
    0.08,
    0.12,
    0.18,
    0.25,
    0.35,
    0.5,
    -0.03,
    -0.05,
    -0.08,
    -0.12,
    -0.18,
    -0.25,
    -0.35,
    -0.5
  ],
  "diagnostic_only": true,
  "max_ply_to_grid_error_m": 8.197677027734161e-08,
  "n_offsets": 16,
  "pinned_margin": 0.02,
  "replay_center_mismatches": 0,
  "roi_box_xz": {
    "X0": 0.25,
    "X1": 1.05,
    "Z0": -1.7,
    "Z1": -0.55
  },
  "roi_fp_hole_best_offset_attribution_pinned": {
    "+0.03": 44,
    "+0.05": 27,
    "+0.08": 58,
    "+0.12": 45,
    "+0.18": 41,
    "+0.25": 47,
    "+0.35": 46,
    "+0.50": 123,
    "-0.03": 38,
    "-0.05": 27,
    "-0.08": 20,
    "-0.12": 17,
    "-0.18": 20,
    "-0.25": 16,
    "-0.35": 15,
    "-0.50": 7
  },
  "schema": "u3_offplane_depth_competition_v1",
  "surface_id": "floor_0",
  "task_margin": 0.05,
  "union_clean_out_of_roi": 10422,
  "union_roi_fp_color": 642,
  "union_roi_points": 2466,
  "union_total": 13488
}
[103.8s] done; RSS 1.80GB loads 106 peakimg 1.59GB
EXIT 0
