[DawnKernelHarness] limits: invocations/wg=512 wgSizeX=512 storageBufs=10 maxBuffer=1073741824 maxStorageBinding=1073741824 (adapter: 1024 1024 10 4294967295 4294967295)
[pwofficial_gpu_match_dawn] backend=blocked(fma4x4+direct+w64+nopb+f16+keyscan3+ptr+kp,V8) adapter="Apple M3 Pro" subgroups=1 sgmatrix=1 f32_8x8x8=1 f16_f32=1 mixed=0 subgroup=[4,64] packed_dot=1 timestamp=1 limits[storage=32768 invocations=1024 sizeX=1024]
WARNING: Logging before InitGoogleLogging() is written to STDERR
I20260925 17:55:50.586478 0x1fecf6080 database_cache.cc:72] Loading rigs...
I20260925 17:55:50.586511 0x1fecf6080 database_cache.cc:82]  0 in 0.000s
I20260925 17:55:50.586520 0x1fecf6080 database_cache.cc:90] Loading cameras...
I20260925 17:55:50.586534 0x1fecf6080 database_cache.cc:108]  2 in 0.000s
I20260925 17:55:50.586539 0x1fecf6080 database_cache.cc:116] Loading frames...
I20260925 17:55:50.586548 0x1fecf6080 database_cache.cc:126]  0 in 0.000s
I20260925 17:55:50.586553 0x1fecf6080 database_cache.cc:134] Loading matches...
I20260925 17:55:50.586562 0x1fecf6080 database_cache.cc:139]  1 in 0.000s
I20260925 17:55:50.586567 0x1fecf6080 database_cache.cc:147] Loading images...
I20260925 17:55:50.586693 0x1fecf6080 database_cache.cc:236]  2 in 0.000s (loaded all 2)
I20260925 17:55:50.586699 0x1fecf6080 database_cache.cc:255] Loading pose priors...
I20260925 17:55:50.586705 0x1fecf6080 database_cache.cc:263]  0 in 0.000s
I20260925 17:55:50.586710 0x1fecf6080 database_cache.cc:271] Building correspondence graph...
I20260925 17:55:50.586753 0x1fecf6080 database_cache.cc:300]  in 0.000s (ignored 0)
I20260925 17:55:50.626885 0x1fecf6080 official_bundle_adjustment_ceres.cc:1648] [AETHER gravity] injected 3/3 roll/pitch anchors, sigma_rad=0.00872665
[AETHER BA-ORDERING] blocks=524 pts(g0)=515 cams(g1)=3 g1_all_pose=1 proven=1
I20260925 17:55:50.633348 0x1fecf6080 official_bundle_adjustment_ceres.cc:1137] [AETHER] solver_used=DENSE_SCHUR sparse_backend=EIGEN_SPARSE dense_backend=EIGEN mixed=0 threads=1
I20260925 17:55:50.633986 0x1fecf6080 official_bundle_adjustment_ceres.cc:1648] [AETHER gravity] injected 3/3 roll/pitch anchors, sigma_rad=0.00872665
[AETHER BA-ORDERING] blocks=521 pts(g0)=512 cams(g1)=3 g1_all_pose=1 proven=1
I20260925 17:55:50.636250 0x1fecf6080 official_bundle_adjustment_ceres.cc:1137] [AETHER] solver_used=DENSE_SCHUR sparse_backend=EIGEN_SPARSE dense_backend=EIGEN mixed=0 threads=1
I20260925 17:55:50.681545 0x1fecf6080 official_bundle_adjustment_ceres.cc:1648] [AETHER gravity] injected 4/4 roll/pitch anchors, sigma_rad=0.00872665
[AETHER BA-ORDERING] blocks=792 pts(g0)=781 cams(g1)=4 g1_all_pose=1 proven=1
I20260925 17:55:50.694194 0x1fecf6080 official_bundle_adjustment_ceres.cc:1137] [AETHER] solver_used=DENSE_SCHUR sparse_backend=EIGEN_SPARSE dense_backend=EIGEN mixed=0 threads=1
I20260925 17:55:50.695096 0x1fecf6080 official_bundle_adjustment_ceres.cc:1648] [AETHER gravity] injected 4/4 roll/pitch anchors, sigma_rad=0.00872665
I20260925 17:55:50.698217 0x1fecf6080 official_bundle_adjustment_ceres.cc:1137] [AETHER] solver_used=DENSE_SCHUR sparse_backend=EIGEN_SPARSE dense_backend=EIGEN mixed=0 threads=1
I20260925 17:55:50.751503 0x1fecf6080 official_bundle_adjustment_ceres.cc:1648] [AETHER gravity] injected 5/5 roll/pitch anchors, sigma_rad=0.00872665
I20260925 17:55:50.766801 0x1fecf6080 official_bundle_adjustment_ceres.cc:1137] [AETHER] solver_used=DENSE_SCHUR sparse_backend=EIGEN_SPARSE dense_backend=EIGEN mixed=0 threads=1
I20260925 17:55:50.767893 0x1fecf6080 official_bundle_adjustment_ceres.cc:1648] [AETHER gravity] injected 5/5 roll/pitch anchors, sigma_rad=0.00872665
I20260925 17:55:50.770447 0x1fecf6080 official_bundle_adjustment_ceres.cc:1137] [AETHER] solver_used=DENSE_SCHUR sparse_backend=EIGEN_SPARSE dense_backend=EIGEN mixed=0 threads=1
I20260925 17:55:50.821975 0x1fecf6080 official_bundle_adjustment_ceres.cc:1648] [AETHER gravity] injected 5/5 roll/pitch anchors, sigma_rad=0.00872665
I20260925 17:55:50.833840 0x1fecf6080 official_bundle_adjustment_ceres.cc:1137] [AETHER] solver_used=DENSE_SCHUR sparse_backend=EIGEN_SPARSE dense_backend=EIGEN mixed=0 threads=1
I20260925 17:55:50.834796 0x1fecf6080 official_bundle_adjustment_ceres.cc:1648] [AETHER gravity] injected 5/5 roll/pitch anchors, sigma_rad=0.00872665
I20260925 17:55:50.836395 0x1fecf6080 official_bundle_adjustment_ceres.cc:1137] [AETHER] solver_used=DENSE_SCHUR sparse_backend=EIGEN_SPARSE dense_backend=EIGEN mixed=0 threads=1
I20260925 17:55:50.906523 0x1fecf6080 official_bundle_adjustment_ceres.cc:1648] [AETHER gravity] injected 6/6 roll/pitch anchors, sigma_rad=0.00872665
I20260925 17:55:50.923974 0x1fecf6080 official_bundle_adjustment_ceres.cc:1137] [AETHER] solver_used=DENSE_SCHUR sparse_backend=EIGEN_SPARSE dense_backend=EIGEN mixed=0 threads=1
I20260925 17:55:50.925459 0x1fecf6080 official_bundle_adjustment_ceres.cc:1648] [AETHER gravity] injected 6/6 roll/pitch anchors, sigma_rad=0.00872665
I20260925 17:55:50.929575 0x1fecf6080 official_bundle_adjustment_ceres.cc:1137] [AETHER] solver_used=DENSE_SCHUR sparse_backend=EIGEN_SPARSE dense_backend=EIGEN mixed=0 threads=1
I20260925 17:55:50.993214 0x1fecf6080 official_bundle_adjustment_ceres.cc:1648] [AETHER gravity] injected 6/6 roll/pitch anchors, sigma_rad=0.00872665
I20260925 17:55:51.012052 0x1fecf6080 official_bundle_adjustment_ceres.cc:1137] [AETHER] solver_used=DENSE_SCHUR sparse_backend=EIGEN_SPARSE dense_backend=EIGEN mixed=0 threads=1
I20260925 17:55:51.013879 0x1fecf6080 official_bundle_adjustment_ceres.cc:1648] [AETHER gravity] injected 6/6 roll/pitch anchors, sigma_rad=0.00872665
I20260925 17:55:51.017936 0x1fecf6080 official_bundle_adjustment_ceres.cc:1137] [AETHER] solver_used=DENSE_SCHUR sparse_backend=EIGEN_SPARSE dense_backend=EIGEN mixed=0 threads=1
I20260925 17:55:51.074504 0x1fecf6080 official_bundle_adjustment_ceres.cc:1648] [AETHER gravity] injected 6/6 roll/pitch anchors, sigma_rad=0.00872665
I20260925 17:55:51.092802 0x1fecf6080 official_bundle_adjustment_ceres.cc:1137] [AETHER] solver_used=DENSE_SCHUR sparse_backend=EIGEN_SPARSE dense_backend=EIGEN mixed=0 threads=1
I20260925 17:55:51.094315 0x1fecf6080 official_bundle_adjustment_ceres.cc:1648] [AETHER gravity] injected 6/6 roll/pitch anchors, sigma_rad=0.00872665
I20260925 17:55:51.097551 0x1fecf6080 official_bundle_adjustment_ceres.cc:1137] [AETHER] solver_used=DENSE_SCHUR sparse_backend=EIGEN_SPARSE dense_backend=EIGEN mixed=0 threads=1
I20260925 17:55:51.431148 0x1fecf6080 official_bundle_adjustment_ceres.cc:1648] [AETHER gravity] injected 2/2 roll/pitch anchors, sigma_rad=0.00872665
I20260925 17:55:51.431751 0x1fecf6080 official_bundle_adjustment_ceres.cc:1137] [AETHER] solver_used=DENSE_SCHUR sparse_backend=EIGEN_SPARSE dense_backend=EIGEN mixed=0 threads=1
I20260925 17:55:51.432287 0x1fecf6080 official_bundle_adjustment_ceres.cc:1648] [AETHER gravity] injected 2/2 roll/pitch anchors, sigma_rad=0.00872665
I20260925 17:55:51.432652 0x1fecf6080 official_bundle_adjustment_ceres.cc:1137] [AETHER] solver_used=DENSE_SCHUR sparse_backend=EIGEN_SPARSE dense_backend=EIGEN mixed=0 threads=1
I20260925 17:55:51.505863 0x1fecf6080 official_bundle_adjustment_ceres.cc:1648] [AETHER gravity] injected 5/5 roll/pitch anchors, sigma_rad=0.00872665
I20260925 17:55:51.514126 0x1fecf6080 official_bundle_adjustment_ceres.cc:1137] [AETHER] solver_used=DENSE_SCHUR sparse_backend=EIGEN_SPARSE dense_backend=EIGEN mixed=0 threads=1
I20260925 17:55:51.515359 0x1fecf6080 official_bundle_adjustment_ceres.cc:1648] [AETHER gravity] injected 5/5 roll/pitch anchors, sigma_rad=0.00872665
I20260925 17:55:51.517511 0x1fecf6080 official_bundle_adjustment_ceres.cc:1137] [AETHER] solver_used=DENSE_SCHUR sparse_backend=EIGEN_SPARSE dense_backend=EIGEN mixed=0 threads=1
I20260925 17:55:51.552143 0x1fecf6080 official_bundle_adjustment_ceres.cc:1648] [AETHER gravity] injected 4/4 roll/pitch anchors, sigma_rad=0.00872665
I20260925 17:55:51.558817 0x1fecf6080 official_bundle_adjustment_ceres.cc:1137] [AETHER] solver_used=DENSE_SCHUR sparse_backend=EIGEN_SPARSE dense_backend=EIGEN mixed=0 threads=1
I20260925 17:55:51.559943 0x1fecf6080 official_bundle_adjustment_ceres.cc:1648] [AETHER gravity] injected 5/5 roll/pitch anchors, sigma_rad=0.00872665
I20260925 17:55:51.562812 0x1fecf6080 official_bundle_adjustment_ceres.cc:1137] [AETHER] solver_used=DENSE_SCHUR sparse_backend=EIGEN_SPARSE dense_backend=EIGEN mixed=0 threads=1
I20260925 17:55:51.591228 0x1fecf6080 official_bundle_adjustment_ceres.cc:1648] [AETHER gravity] injected 3/3 roll/pitch anchors, sigma_rad=0.00872665
I20260925 17:55:51.592818 0x1fecf6080 official_bundle_adjustment_ceres.cc:1137] [AETHER] solver_used=DENSE_SCHUR sparse_backend=EIGEN_SPARSE dense_backend=EIGEN mixed=0 threads=1
I20260925 17:55:51.593507 0x1fecf6080 official_bundle_adjustment_ceres.cc:1648] [AETHER gravity] injected 4/4 roll/pitch anchors, sigma_rad=0.00872665
I20260925 17:55:51.594990 0x1fecf6080 official_bundle_adjustment_ceres.cc:1137] [AETHER] solver_used=DENSE_SCHUR sparse_backend=EIGEN_SPARSE dense_backend=EIGEN mixed=0 threads=1
I20260925 17:55:51.637342 0x1fecf6080 official_bundle_adjustment_ceres.cc:1648] [AETHER gravity] injected 6/6 roll/pitch anchors, sigma_rad=0.00872665
I20260925 17:55:51.648441 0x1fecf6080 official_bundle_adjustment_ceres.cc:1137] [AETHER] solver_used=DENSE_SCHUR sparse_backend=EIGEN_SPARSE dense_backend=EIGEN mixed=0 threads=1
I20260925 17:55:51.649776 0x1fecf6080 official_bundle_adjustment_ceres.cc:1648] [AETHER gravity] injected 6/6 roll/pitch anchors, sigma_rad=0.00872665
I20260925 17:55:51.652473 0x1fecf6080 official_bundle_adjustment_ceres.cc:1137] [AETHER] solver_used=DENSE_SCHUR sparse_backend=EIGEN_SPARSE dense_backend=EIGEN mixed=0 threads=1
I20260925 17:55:51.706817 0x1fecf6080 official_bundle_adjustment_ceres.cc:1648] [AETHER gravity] injected 6/6 roll/pitch anchors, sigma_rad=0.00872665
I20260925 17:55:51.719424 0x1fecf6080 official_bundle_adjustment_ceres.cc:1137] [AETHER] solver_used=DENSE_SCHUR sparse_backend=EIGEN_SPARSE dense_backend=EIGEN mixed=0 threads=1
I20260925 17:55:51.720828 0x1fecf6080 official_bundle_adjustment_ceres.cc:1648] [AETHER gravity] injected 6/6 roll/pitch anchors, sigma_rad=0.00872665
I20260925 17:55:51.723075 0x1fecf6080 official_bundle_adjustment_ceres.cc:1137] [AETHER] solver_used=DENSE_SCHUR sparse_backend=EIGEN_SPARSE dense_backend=EIGEN mixed=0 threads=1
I20260925 17:55:51.778310 0x1fecf6080 official_bundle_adjustment_ceres.cc:1648] [AETHER gravity] injected 6/6 roll/pitch anchors, sigma_rad=0.00872665
I20260925 17:55:51.786269 0x1fecf6080 official_bundle_adjustment_ceres.cc:1137] [AETHER] solver_used=DENSE_SCHUR sparse_backend=EIGEN_SPARSE dense_backend=EIGEN mixed=0 threads=1
I20260925 17:55:51.787630 0x1fecf6080 official_bundle_adjustment_ceres.cc:1648] [AETHER gravity] injected 6/6 roll/pitch anchors, sigma_rad=0.00872665
I20260925 17:55:51.789668 0x1fecf6080 official_bundle_adjustment_ceres.cc:1137] [AETHER] solver_used=DENSE_SCHUR sparse_backend=EIGEN_SPARSE dense_backend=EIGEN mixed=0 threads=1
I20260925 17:55:51.790927 0x16dc93000 database_cache.cc:72] Loading rigs...
I20260925 17:55:51.790940 0x16dc93000 database_cache.cc:82]  0 in 0.000s
I20260925 17:55:51.790946 0x16dc93000 database_cache.cc:90] Loading cameras...
I20260925 17:55:51.790963 0x16dc93000 database_cache.cc:108]  19 in 0.000s
I20260925 17:55:51.790968 0x16dc93000 database_cache.cc:116] Loading frames...
I20260925 17:55:51.790977 0x16dc93000 database_cache.cc:126]  0 in 0.000s
I20260925 17:55:51.790981 0x16dc93000 database_cache.cc:134] Loading matches...
I20260925 17:55:51.791026 0x16dc93000 database_cache.cc:139]  65 in 0.000s
I20260925 17:55:51.791030 0x16dc93000 database_cache.cc:147] Loading images...
I20260925 17:55:51.791895 0x16dc93000 database_cache.cc:236]  19 in 0.001s (loaded all 19)
I20260925 17:55:51.791902 0x16dc93000 database_cache.cc:255] Loading pose priors...
I20260925 17:55:51.791913 0x16dc93000 database_cache.cc:263]  0 in 0.000s
I20260925 17:55:51.791917 0x16dc93000 database_cache.cc:271] Building correspondence graph...
I20260925 17:55:51.792456 0x16dc93000 database_cache.cc:300]  in 0.001s (ignored 0)
I20260925 17:55:51.795598 0x16dc93000 official_bundle_adjustment_ceres.cc:1648] [AETHER gravity] injected 15/16 roll/pitch anchors, sigma_rad=0.00872665
I20260925 17:55:51.843299 0x16dc93000 official_bundle_adjustment_ceres.cc:1137] [AETHER] solver_used=DENSE_SCHUR sparse_backend=EIGEN_SPARSE dense_backend=EIGEN mixed=0 threads=6
I20260925 17:55:51.846741 0x16dc93000 official_bundle_adjustment_ceres.cc:1648] [AETHER gravity] injected 15/16 roll/pitch anchors, sigma_rad=0.00872665
I20260925 17:55:51.882227 0x16dc93000 official_bundle_adjustment_ceres.cc:1137] [AETHER] solver_used=DENSE_SCHUR sparse_backend=EIGEN_SPARSE dense_backend=EIGEN mixed=0 threads=6
I20260925 17:55:51.885283 0x16dc93000 official_bundle_adjustment_ceres.cc:1648] [AETHER gravity] injected 15/16 roll/pitch anchors, sigma_rad=0.00872665
I20260925 17:55:51.923454 0x16dc93000 official_bundle_adjustment_ceres.cc:1137] [AETHER] solver_used=DENSE_SCHUR sparse_backend=EIGEN_SPARSE dense_backend=EIGEN mixed=0 threads=6
I20260925 17:55:51.926430 0x16dc93000 official_bundle_adjustment_ceres.cc:1648] [AETHER gravity] injected 15/16 roll/pitch anchors, sigma_rad=0.00872665
W20260925 17:55:51.942614 0x16dd1f000 official_aether_sfm_c.cc:6907] [aether_sfm] finalize re-match: starved_frames=6 candidates=84 attempted=84 written=0 inliers=0 failed=0 gpu_fail_capture=0 probe_debt_repaid=0 probe_debt_left=0
I20260925 17:55:51.955497 0x16dc93000 official_bundle_adjustment_ceres.cc:1137] [AETHER] solver_used=DENSE_SCHUR sparse_backend=EIGEN_SPARSE dense_backend=EIGEN mixed=0 threads=6
I20260925 17:55:51.958449 0x16dc93000 official_bundle_adjustment_ceres.cc:1648] [AETHER gravity] injected 15/16 roll/pitch anchors, sigma_rad=0.00872665
I20260925 17:55:51.975197 0x16dc93000 official_bundle_adjustment_ceres.cc:1137] [AETHER] solver_used=DENSE_SCHUR sparse_backend=EIGEN_SPARSE dense_backend=EIGEN mixed=0 threads=6
W20260925 17:55:51.998840 0x16dd1f000 official_aether_sfm_c.cc:7348] [aether_sfm] official quadratic overlap: overlap=10 candidates=37 written=0 in 56.066 ms
I20260925 17:55:52.002366 0x16dc93000 official_incremental_pipeline.cc:323] Loading database
I20260925 17:55:52.002398 0x16dc93000 database_cache.cc:72] Loading rigs...
I20260925 17:55:52.002407 0x16dc93000 database_cache.cc:82]  0 in 0.000s
I20260925 17:55:52.002413 0x16dc93000 database_cache.cc:90] Loading cameras...
I20260925 17:55:52.002426 0x16dc93000 database_cache.cc:108]  19 in 0.000s
I20260925 17:55:52.002430 0x16dc93000 database_cache.cc:116] Loading frames...
I20260925 17:55:52.002436 0x16dc93000 database_cache.cc:126]  0 in 0.000s
I20260925 17:55:52.002440 0x16dc93000 database_cache.cc:134] Loading matches...
I20260925 17:55:52.002496 0x16dc93000 database_cache.cc:139]  65 in 0.000s
I20260925 17:55:52.002501 0x16dc93000 database_cache.cc:147] Loading images...
I20260925 17:55:52.003195 0x16dc93000 database_cache.cc:236]  19 in 0.001s (loaded all 19)
I20260925 17:55:52.003200 0x16dc93000 database_cache.cc:255] Loading pose priors...
I20260925 17:55:52.003208 0x16dc93000 database_cache.cc:263]  0 in 0.000s
I20260925 17:55:52.003211 0x16dc93000 database_cache.cc:271] Building correspondence graph...
I20260925 17:55:52.003698 0x16dc93000 database_cache.cc:300]  in 0.000s (ignored 0)
I20260925 17:55:52.003706 0x16dc93000 timer.cc:90] Elapsed time: 0.000 [minutes]
I20260925 17:55:52.006516 0x16dc93000 official_bundle_adjustment_ceres.cc:1648] [AETHER gravity] injected 15/16 roll/pitch anchors, sigma_rad=0.00872665
I20260925 17:55:52.019507 0x16dc93000 official_bundle_adjustment_ceres.cc:1137] [AETHER] solver_used=DENSE_SCHUR sparse_backend=EIGEN_SPARSE dense_backend=EIGEN mixed=0 threads=6
W20260925 17:55:52.021151 0x16dc93000 official_aether_sfm_c.cc:9530] [frame-loss] before=19 after=19 lost_zero_obs=0 lost_with_obs=0 |
W20260925 17:55:52.021337 0x16dc93000 official_aether_sfm_c.cc:9614] [aether_sfm] finalize worker: cache_pre=1ms enrich=207ms stage1=184ms (ok, rounds=5) stage2=20ms (rounds<=1) temporal=0ms upgrade=0ms total=230ms
W20260925 17:55:52.021545 0x16dc93000 official_aether_sfm_c.cc:9643] [aether_sfm] delivered-point provenance: live-created=2211 official-retriangulated=71 live-dropped-by-official-filtering=294 (live model had 2505; capture-time official TriangulateImage added 0 obs)
W20260925 17:55:52.021657 0x16dc93000 official_aether_sfm_c.cc:8066] [device-align-v1] status=aligned pairs=19 inliers=19 max_error_m=0.111819 scale=0.995393 centre_err_median_m=0.0098328 centre_err_max_m=0.0191573 outliers=0
W20260925 17:55:52.105108 0x1fecf6080 official_aether_sfm_c.cc:13097] [aether_sfm] deliver-filter(get_points_tracked): kept 2122/2282 (min_tri_angle=3deg, mirror_ghost=0, isolated_floater=2, killed_union=2)
[pwofficial_gpu_match_dawn] device lost #1 reason=2 rc=8: Device was destroyed.
        1.74 real         0.86 user         0.45 sys
           110870528  maximum resident set size
                   0  average shared memory size
                   0  average unshared data size
                   0  average unshared stack size
               32141  page reclaims
                 402  page faults
                   0  swaps
                   0  block input operations
                   0  block output operations
                   0  messages sent
                   0  messages received
                   0  signals received
                  45  voluntary context switches
               52918  involuntary context switches
         12374177938  instructions retired
          4566506756  cycles elapsed
           297730720  peak memory footprint
