[DawnKernelHarness] limits: invocations/wg=512 wgSizeX=512 storageBufs=10 maxBuffer=1073741824 maxStorageBinding=1073741824 (adapter: 1024 1024 10 4294967295 4294967295)
[pwofficial_gpu_match_dawn] backend=blocked(fma4x4+direct+w64+nopb+f16+keyscan3+ptr+kp,V8) adapter="Apple M3 Pro" subgroups=1 sgmatrix=1 f32_8x8x8=1 f16_f32=1 mixed=0 subgroup=[4,64] packed_dot=1 timestamp=1 limits[storage=32768 invocations=1024 sizeX=1024]
WARNING: Logging before InitGoogleLogging() is written to STDERR
I20260925 14:54:35.935038 0x1fecf6080 database_cache.cc:72] Loading rigs...
I20260925 14:54:35.935067 0x1fecf6080 database_cache.cc:82]  0 in 0.000s
I20260925 14:54:35.935074 0x1fecf6080 database_cache.cc:90] Loading cameras...
I20260925 14:54:35.935085 0x1fecf6080 database_cache.cc:108]  2 in 0.000s
I20260925 14:54:35.935091 0x1fecf6080 database_cache.cc:116] Loading frames...
I20260925 14:54:35.935098 0x1fecf6080 database_cache.cc:126]  0 in 0.000s
I20260925 14:54:35.935102 0x1fecf6080 database_cache.cc:134] Loading matches...
I20260925 14:54:35.935111 0x1fecf6080 database_cache.cc:139]  1 in 0.000s
I20260925 14:54:35.935116 0x1fecf6080 database_cache.cc:147] Loading images...
I20260925 14:54:35.935239 0x1fecf6080 database_cache.cc:236]  2 in 0.000s (loaded all 2)
I20260925 14:54:35.935245 0x1fecf6080 database_cache.cc:255] Loading pose priors...
I20260925 14:54:35.935252 0x1fecf6080 database_cache.cc:263]  0 in 0.000s
I20260925 14:54:35.935256 0x1fecf6080 database_cache.cc:271] Building correspondence graph...
I20260925 14:54:35.935305 0x1fecf6080 database_cache.cc:300]  in 0.000s (ignored 0)
I20260925 14:54:35.984997 0x1fecf6080 official_bundle_adjustment_ceres.cc:1648] [AETHER gravity] injected 3/3 roll/pitch anchors, sigma_rad=0.00872665
[AETHER BA-ORDERING] blocks=523 pts(g0)=514 cams(g1)=3 g1_all_pose=1 proven=1
I20260925 14:54:35.993211 0x1fecf6080 official_bundle_adjustment_ceres.cc:1137] [AETHER] solver_used=DENSE_SCHUR sparse_backend=EIGEN_SPARSE dense_backend=EIGEN mixed=0 threads=1
I20260925 14:54:35.993918 0x1fecf6080 official_bundle_adjustment_ceres.cc:1648] [AETHER gravity] injected 3/3 roll/pitch anchors, sigma_rad=0.00872665
[AETHER BA-ORDERING] blocks=521 pts(g0)=512 cams(g1)=3 g1_all_pose=1 proven=1
I20260925 14:54:35.996492 0x1fecf6080 official_bundle_adjustment_ceres.cc:1137] [AETHER] solver_used=DENSE_SCHUR sparse_backend=EIGEN_SPARSE dense_backend=EIGEN mixed=0 threads=1
I20260925 14:54:36.049238 0x1fecf6080 official_bundle_adjustment_ceres.cc:1648] [AETHER gravity] injected 4/4 roll/pitch anchors, sigma_rad=0.00872665
[AETHER BA-ORDERING] blocks=785 pts(g0)=774 cams(g1)=4 g1_all_pose=1 proven=1
I20260925 14:54:36.062201 0x1fecf6080 official_bundle_adjustment_ceres.cc:1137] [AETHER] solver_used=DENSE_SCHUR sparse_backend=EIGEN_SPARSE dense_backend=EIGEN mixed=0 threads=1
I20260925 14:54:36.063058 0x1fecf6080 official_bundle_adjustment_ceres.cc:1648] [AETHER gravity] injected 4/4 roll/pitch anchors, sigma_rad=0.00872665
I20260925 14:54:36.066030 0x1fecf6080 official_bundle_adjustment_ceres.cc:1137] [AETHER] solver_used=DENSE_SCHUR sparse_backend=EIGEN_SPARSE dense_backend=EIGEN mixed=0 threads=1
I20260925 14:54:36.111976 0x1fecf6080 official_bundle_adjustment_ceres.cc:1648] [AETHER gravity] injected 5/5 roll/pitch anchors, sigma_rad=0.00872665
I20260925 14:54:36.126725 0x1fecf6080 official_bundle_adjustment_ceres.cc:1137] [AETHER] solver_used=DENSE_SCHUR sparse_backend=EIGEN_SPARSE dense_backend=EIGEN mixed=0 threads=1
I20260925 14:54:36.127724 0x1fecf6080 official_bundle_adjustment_ceres.cc:1648] [AETHER gravity] injected 5/5 roll/pitch anchors, sigma_rad=0.00872665
I20260925 14:54:36.130831 0x1fecf6080 official_bundle_adjustment_ceres.cc:1137] [AETHER] solver_used=DENSE_SCHUR sparse_backend=EIGEN_SPARSE dense_backend=EIGEN mixed=0 threads=1
I20260925 14:54:36.176740 0x1fecf6080 official_bundle_adjustment_ceres.cc:1648] [AETHER gravity] injected 6/6 roll/pitch anchors, sigma_rad=0.00872665
I20260925 14:54:36.193176 0x1fecf6080 official_bundle_adjustment_ceres.cc:1137] [AETHER] solver_used=DENSE_SCHUR sparse_backend=EIGEN_SPARSE dense_backend=EIGEN mixed=0 threads=1
I20260925 14:54:36.194235 0x1fecf6080 official_bundle_adjustment_ceres.cc:1648] [AETHER gravity] injected 6/6 roll/pitch anchors, sigma_rad=0.00872665
I20260925 14:54:36.196405 0x1fecf6080 official_bundle_adjustment_ceres.cc:1137] [AETHER] solver_used=DENSE_SCHUR sparse_backend=EIGEN_SPARSE dense_backend=EIGEN mixed=0 threads=1
I20260925 14:54:36.245059 0x1fecf6080 official_bundle_adjustment_ceres.cc:1648] [AETHER gravity] injected 6/6 roll/pitch anchors, sigma_rad=0.00872665
I20260925 14:54:36.261447 0x1fecf6080 official_bundle_adjustment_ceres.cc:1137] [AETHER] solver_used=DENSE_SCHUR sparse_backend=EIGEN_SPARSE dense_backend=EIGEN mixed=0 threads=1
I20260925 14:54:36.262850 0x1fecf6080 official_bundle_adjustment_ceres.cc:1648] [AETHER gravity] injected 6/6 roll/pitch anchors, sigma_rad=0.00872665
I20260925 14:54:36.266083 0x1fecf6080 official_bundle_adjustment_ceres.cc:1137] [AETHER] solver_used=DENSE_SCHUR sparse_backend=EIGEN_SPARSE dense_backend=EIGEN mixed=0 threads=1
I20260925 14:54:36.316329 0x1fecf6080 official_bundle_adjustment_ceres.cc:1648] [AETHER gravity] injected 6/6 roll/pitch anchors, sigma_rad=0.00872665
I20260925 14:54:36.329469 0x1fecf6080 official_bundle_adjustment_ceres.cc:1137] [AETHER] solver_used=DENSE_SCHUR sparse_backend=EIGEN_SPARSE dense_backend=EIGEN mixed=0 threads=1
I20260925 14:54:36.331223 0x1fecf6080 official_bundle_adjustment_ceres.cc:1648] [AETHER gravity] injected 6/6 roll/pitch anchors, sigma_rad=0.00872665
I20260925 14:54:36.334332 0x1fecf6080 official_bundle_adjustment_ceres.cc:1137] [AETHER] solver_used=DENSE_SCHUR sparse_backend=EIGEN_SPARSE dense_backend=EIGEN mixed=0 threads=1
I20260925 14:54:36.390704 0x1fecf6080 official_bundle_adjustment_ceres.cc:1648] [AETHER gravity] injected 6/6 roll/pitch anchors, sigma_rad=0.00872665
I20260925 14:54:36.408439 0x1fecf6080 official_bundle_adjustment_ceres.cc:1137] [AETHER] solver_used=DENSE_SCHUR sparse_backend=EIGEN_SPARSE dense_backend=EIGEN mixed=0 threads=1
I20260925 14:54:36.409755 0x1fecf6080 official_bundle_adjustment_ceres.cc:1648] [AETHER gravity] injected 6/6 roll/pitch anchors, sigma_rad=0.00872665
I20260925 14:54:36.412773 0x1fecf6080 official_bundle_adjustment_ceres.cc:1137] [AETHER] solver_used=DENSE_SCHUR sparse_backend=EIGEN_SPARSE dense_backend=EIGEN mixed=0 threads=1
I20260925 14:54:36.639444 0x1fecf6080 official_bundle_adjustment_ceres.cc:1648] [AETHER gravity] injected 3/3 roll/pitch anchors, sigma_rad=0.00872665
I20260925 14:54:36.642470 0x1fecf6080 official_bundle_adjustment_ceres.cc:1137] [AETHER] solver_used=DENSE_SCHUR sparse_backend=EIGEN_SPARSE dense_backend=EIGEN mixed=0 threads=1
I20260925 14:54:36.643098 0x1fecf6080 official_bundle_adjustment_ceres.cc:1648] [AETHER gravity] injected 3/3 roll/pitch anchors, sigma_rad=0.00872665
I20260925 14:54:36.644317 0x1fecf6080 official_bundle_adjustment_ceres.cc:1137] [AETHER] solver_used=DENSE_SCHUR sparse_backend=EIGEN_SPARSE dense_backend=EIGEN mixed=0 threads=1
I20260925 14:54:36.710208 0x1fecf6080 official_bundle_adjustment_ceres.cc:1648] [AETHER gravity] injected 3/3 roll/pitch anchors, sigma_rad=0.00872665
I20260925 14:54:36.712215 0x1fecf6080 official_bundle_adjustment_ceres.cc:1137] [AETHER] solver_used=DENSE_SCHUR sparse_backend=EIGEN_SPARSE dense_backend=EIGEN mixed=0 threads=1
I20260925 14:54:36.713041 0x1fecf6080 official_bundle_adjustment_ceres.cc:1648] [AETHER gravity] injected 5/5 roll/pitch anchors, sigma_rad=0.00872665
I20260925 14:54:36.715587 0x1fecf6080 official_bundle_adjustment_ceres.cc:1137] [AETHER] solver_used=DENSE_SCHUR sparse_backend=EIGEN_SPARSE dense_backend=EIGEN mixed=0 threads=1
I20260925 14:54:36.746947 0x1fecf6080 official_bundle_adjustment_ceres.cc:1648] [AETHER gravity] injected 3/3 roll/pitch anchors, sigma_rad=0.00872665
I20260925 14:54:36.750392 0x1fecf6080 official_bundle_adjustment_ceres.cc:1137] [AETHER] solver_used=DENSE_SCHUR sparse_backend=EIGEN_SPARSE dense_backend=EIGEN mixed=0 threads=1
I20260925 14:54:36.751395 0x1fecf6080 official_bundle_adjustment_ceres.cc:1648] [AETHER gravity] injected 5/5 roll/pitch anchors, sigma_rad=0.00872665
I20260925 14:54:36.753499 0x1fecf6080 official_bundle_adjustment_ceres.cc:1137] [AETHER] solver_used=DENSE_SCHUR sparse_backend=EIGEN_SPARSE dense_backend=EIGEN mixed=0 threads=1
I20260925 14:54:36.782419 0x1fecf6080 official_bundle_adjustment_ceres.cc:1648] [AETHER gravity] injected 4/4 roll/pitch anchors, sigma_rad=0.00872665
I20260925 14:54:36.786939 0x1fecf6080 official_bundle_adjustment_ceres.cc:1137] [AETHER] solver_used=DENSE_SCHUR sparse_backend=EIGEN_SPARSE dense_backend=EIGEN mixed=0 threads=1
I20260925 14:54:36.787668 0x1fecf6080 official_bundle_adjustment_ceres.cc:1648] [AETHER gravity] injected 4/4 roll/pitch anchors, sigma_rad=0.00872665
I20260925 14:54:36.789196 0x1fecf6080 official_bundle_adjustment_ceres.cc:1137] [AETHER] solver_used=DENSE_SCHUR sparse_backend=EIGEN_SPARSE dense_backend=EIGEN mixed=0 threads=1
I20260925 14:54:36.830969 0x1fecf6080 official_bundle_adjustment_ceres.cc:1648] [AETHER gravity] injected 6/6 roll/pitch anchors, sigma_rad=0.00872665
I20260925 14:54:36.843637 0x1fecf6080 official_bundle_adjustment_ceres.cc:1137] [AETHER] solver_used=DENSE_SCHUR sparse_backend=EIGEN_SPARSE dense_backend=EIGEN mixed=0 threads=1
I20260925 14:54:36.845230 0x1fecf6080 official_bundle_adjustment_ceres.cc:1648] [AETHER gravity] injected 6/6 roll/pitch anchors, sigma_rad=0.00872665
I20260925 14:54:36.847738 0x1fecf6080 official_bundle_adjustment_ceres.cc:1137] [AETHER] solver_used=DENSE_SCHUR sparse_backend=EIGEN_SPARSE dense_backend=EIGEN mixed=0 threads=1
I20260925 14:54:36.910632 0x1fecf6080 official_bundle_adjustment_ceres.cc:1648] [AETHER gravity] injected 6/6 roll/pitch anchors, sigma_rad=0.00872665
I20260925 14:54:36.924103 0x1fecf6080 official_bundle_adjustment_ceres.cc:1137] [AETHER] solver_used=DENSE_SCHUR sparse_backend=EIGEN_SPARSE dense_backend=EIGEN mixed=0 threads=1
I20260925 14:54:36.925544 0x1fecf6080 official_bundle_adjustment_ceres.cc:1648] [AETHER gravity] injected 6/6 roll/pitch anchors, sigma_rad=0.00872665
I20260925 14:54:36.927981 0x1fecf6080 official_bundle_adjustment_ceres.cc:1137] [AETHER] solver_used=DENSE_SCHUR sparse_backend=EIGEN_SPARSE dense_backend=EIGEN mixed=0 threads=1
I20260925 14:54:36.989050 0x1fecf6080 official_bundle_adjustment_ceres.cc:1648] [AETHER gravity] injected 6/6 roll/pitch anchors, sigma_rad=0.00872665
I20260925 14:54:36.999890 0x1fecf6080 official_bundle_adjustment_ceres.cc:1137] [AETHER] solver_used=DENSE_SCHUR sparse_backend=EIGEN_SPARSE dense_backend=EIGEN mixed=0 threads=1
I20260925 14:54:37.000973 0x1fecf6080 official_bundle_adjustment_ceres.cc:1648] [AETHER gravity] injected 5/5 roll/pitch anchors, sigma_rad=0.00872665
I20260925 14:54:37.002752 0x1fecf6080 official_bundle_adjustment_ceres.cc:1137] [AETHER] solver_used=DENSE_SCHUR sparse_backend=EIGEN_SPARSE dense_backend=EIGEN mixed=0 threads=1
I20260925 14:54:37.003929 0x16b75f000 database_cache.cc:72] Loading rigs...
I20260925 14:54:37.003944 0x16b75f000 database_cache.cc:82]  0 in 0.000s
I20260925 14:54:37.003950 0x16b75f000 database_cache.cc:90] Loading cameras...
I20260925 14:54:37.003966 0x16b75f000 database_cache.cc:108]  19 in 0.000s
I20260925 14:54:37.003971 0x16b75f000 database_cache.cc:116] Loading frames...
I20260925 14:54:37.003980 0x16b75f000 database_cache.cc:126]  0 in 0.000s
I20260925 14:54:37.003984 0x16b75f000 database_cache.cc:134] Loading matches...
I20260925 14:54:37.004026 0x16b75f000 database_cache.cc:139]  65 in 0.000s
I20260925 14:54:37.004031 0x16b75f000 database_cache.cc:147] Loading images...
I20260925 14:54:37.004792 0x16b75f000 database_cache.cc:236]  19 in 0.001s (loaded all 19)
I20260925 14:54:37.004798 0x16b75f000 database_cache.cc:255] Loading pose priors...
I20260925 14:54:37.004808 0x16b75f000 database_cache.cc:263]  0 in 0.000s
I20260925 14:54:37.004812 0x16b75f000 database_cache.cc:271] Building correspondence graph...
I20260925 14:54:37.005341 0x16b75f000 database_cache.cc:300]  in 0.001s (ignored 0)
I20260925 14:54:37.008605 0x16b75f000 official_bundle_adjustment_ceres.cc:1648] [AETHER gravity] injected 15/16 roll/pitch anchors, sigma_rad=0.00872665
I20260925 14:54:37.061276 0x16b75f000 official_bundle_adjustment_ceres.cc:1137] [AETHER] solver_used=DENSE_SCHUR sparse_backend=EIGEN_SPARSE dense_backend=EIGEN mixed=0 threads=6
I20260925 14:54:37.064477 0x16b75f000 official_bundle_adjustment_ceres.cc:1648] [AETHER gravity] injected 15/16 roll/pitch anchors, sigma_rad=0.00872665
I20260925 14:54:37.129376 0x16b75f000 official_bundle_adjustment_ceres.cc:1137] [AETHER] solver_used=DENSE_SCHUR sparse_backend=EIGEN_SPARSE dense_backend=EIGEN mixed=0 threads=6
I20260925 14:54:37.132423 0x16b75f000 official_bundle_adjustment_ceres.cc:1648] [AETHER gravity] injected 15/16 roll/pitch anchors, sigma_rad=0.00872665
I20260925 14:54:37.168189 0x16b75f000 official_bundle_adjustment_ceres.cc:1137] [AETHER] solver_used=DENSE_SCHUR sparse_backend=EIGEN_SPARSE dense_backend=EIGEN mixed=0 threads=6
I20260925 14:54:37.171165 0x16b75f000 official_bundle_adjustment_ceres.cc:1648] [AETHER gravity] injected 15/16 roll/pitch anchors, sigma_rad=0.00872665
I20260925 14:54:37.195550 0x16b75f000 official_bundle_adjustment_ceres.cc:1137] [AETHER] solver_used=DENSE_SCHUR sparse_backend=EIGEN_SPARSE dense_backend=EIGEN mixed=0 threads=6
W20260925 14:54:37.196328 0x16b7eb000 official_aether_sfm_c.cc:6907] [aether_sfm] finalize re-match: starved_frames=6 candidates=84 attempted=84 written=0 inliers=0 failed=0 gpu_fail_capture=0 probe_debt_repaid=0 probe_debt_left=0
I20260925 14:54:37.198516 0x16b75f000 official_bundle_adjustment_ceres.cc:1648] [AETHER gravity] injected 15/16 roll/pitch anchors, sigma_rad=0.00872665
I20260925 14:54:37.227351 0x16b75f000 official_bundle_adjustment_ceres.cc:1137] [AETHER] solver_used=DENSE_SCHUR sparse_backend=EIGEN_SPARSE dense_backend=EIGEN mixed=0 threads=6
W20260925 14:54:37.252634 0x16b7eb000 official_aether_sfm_c.cc:7348] [aether_sfm] official quadratic overlap: overlap=10 candidates=37 written=0 in 56.1545 ms
I20260925 14:54:37.258974 0x16b75f000 official_incremental_pipeline.cc:323] Loading database
I20260925 14:54:37.259005 0x16b75f000 database_cache.cc:72] Loading rigs...
I20260925 14:54:37.259015 0x16b75f000 database_cache.cc:82]  0 in 0.000s
I20260925 14:54:37.259020 0x16b75f000 database_cache.cc:90] Loading cameras...
I20260925 14:54:37.259034 0x16b75f000 database_cache.cc:108]  19 in 0.000s
I20260925 14:54:37.259037 0x16b75f000 database_cache.cc:116] Loading frames...
I20260925 14:54:37.259043 0x16b75f000 database_cache.cc:126]  0 in 0.000s
I20260925 14:54:37.259047 0x16b75f000 database_cache.cc:134] Loading matches...
I20260925 14:54:37.259099 0x16b75f000 database_cache.cc:139]  65 in 0.000s
I20260925 14:54:37.259103 0x16b75f000 database_cache.cc:147] Loading images...
I20260925 14:54:37.259765 0x16b75f000 database_cache.cc:236]  19 in 0.001s (loaded all 19)
I20260925 14:54:37.259770 0x16b75f000 database_cache.cc:255] Loading pose priors...
I20260925 14:54:37.259776 0x16b75f000 database_cache.cc:263]  0 in 0.000s
I20260925 14:54:37.259780 0x16b75f000 database_cache.cc:271] Building correspondence graph...
I20260925 14:54:37.260252 0x16b75f000 database_cache.cc:300]  in 0.000s (ignored 0)
I20260925 14:54:37.260256 0x16b75f000 timer.cc:90] Elapsed time: 0.000 [minutes]
I20260925 14:54:37.263001 0x16b75f000 official_bundle_adjustment_ceres.cc:1648] [AETHER gravity] injected 15/16 roll/pitch anchors, sigma_rad=0.00872665
I20260925 14:54:37.278803 0x16b75f000 official_bundle_adjustment_ceres.cc:1137] [AETHER] solver_used=DENSE_SCHUR sparse_backend=EIGEN_SPARSE dense_backend=EIGEN mixed=0 threads=6
W20260925 14:54:37.280142 0x16b75f000 official_aether_sfm_c.cc:9530] [frame-loss] before=19 after=19 lost_zero_obs=0 lost_with_obs=0 |
W20260925 14:54:37.280317 0x16b75f000 official_aether_sfm_c.cc:9614] [aether_sfm] finalize worker: cache_pre=1ms enrich=251ms stage1=223ms (ok, rounds=5) stage2=23ms (rounds<=1) temporal=0ms upgrade=0ms total=276ms
W20260925 14:54:37.280523 0x16b75f000 official_aether_sfm_c.cc:9643] [aether_sfm] delivered-point provenance: live-created=2235 official-retriangulated=74 live-dropped-by-official-filtering=292 (live model had 2527; capture-time official TriangulateImage added 0 obs)
W20260925 14:54:37.280648 0x16b75f000 official_aether_sfm_c.cc:8066] [device-align-v1] status=aligned pairs=19 inliers=19 max_error_m=0.111819 scale=1.01428 centre_err_median_m=0.01719 centre_err_max_m=0.0331081 outliers=0
W20260925 14:54:37.316753 0x1fecf6080 official_aether_sfm_c.cc:13097] [aether_sfm] deliver-filter(get_points_tracked): kept 2155/2309 (min_tri_angle=3deg, mirror_ghost=0, isolated_floater=2, killed_union=2)
[pwofficial_gpu_match_dawn] device lost #1 reason=2 rc=8: Device was destroyed.
        1.54 real         0.97 user         0.52 sys
           112754688  maximum resident set size
                   0  average shared memory size
                   0  average unshared data size
                   0  average unshared stack size
               32533  page reclaims
                  14  page faults
                   0  swaps
                   0  block input operations
                   0  block output operations
                   0  messages sent
                   0  messages received
                   0  signals received
                  24  voluntary context switches
               84863  involuntary context switches
         14347825090  instructions retired
          5184760957  cycles elapsed
           297681568  peak memory footprint
