会话建立 0.6s   EP=['WebGpuExecutionProvider', 'CPUExecutionProvider']
  in  imgs           [1, 10, 3, 576, 768]
  in  pm_stage1      [1, 10, 2, 4, 4]
  in  pm_stage2      [1, 10, 2, 4, 4]
  in  pm_stage3      [1, 10, 2, 4, 4]
  in  depth_values   [1, 384]
  in  noise_stage2   [1, 1, 144, 192]
  in  noise_stage3   [1, 1, 288, 384]
  (图未使用的输入已自动跳过)
  帧  0/97      515 ms  最大相对差 0.1374%
  帧 10/97      505 ms  最大相对差 8.7216%
  帧 20/97      501 ms  最大相对差 1.9391%
  帧 30/97      505 ms  最大相对差 0.0655%
  帧 40/97      509 ms  最大相对差 0.0410%
  帧 50/97      480 ms  最大相对差 0.0457%
  帧 60/97      482 ms  最大相对差 0.1399%
  帧 70/97      485 ms  最大相对差 1.0051%
  帧 80/97      481 ms  最大相对差 0.4840%
  帧 90/97      481 ms  最大相对差 0.0075%

══ ORT-WebGpu ══
  492 ms/帧 (p50 483)   97 帧 47.7s

══ 与 PyTorch 参考逐像素比 ══
  非有限计数 0
  不同像素 37,652,401/42,909,696 (87.75%)
  相对差 p50 0.000025%   最大 8.7216%
  >1% 的像素 0.0149%

  ⇒ 🔴 有实质差异,需定位
