[DawnKernelHarness] limits: invocations/wg=512 wgSizeX=512 storageBufs=10 maxBuffer=1073741824 maxStorageBinding=1073741824 (adapter: 1024 1024 10 4294967295 4294967295)
[pwofficial_gpu_match_dawn] backend=blocked(fma4x4+direct+w64+nopb+f16+keyscan3+ptr+kp,V8) adapter="Apple M3 Pro" subgroups=1 sgmatrix=1 f32_8x8x8=1 f16_f32=1 mixed=0 subgroup=[4,64] packed_dot=1 timestamp=1 limits[storage=32768 invocations=1024 sizeX=1024]
WARNING: Logging before InitGoogleLogging() is written to STDERR
I20260925 14:45:45.152764 0x1fecf6080 database_cache.cc:72] Loading rigs...
I20260925 14:45:45.152799 0x1fecf6080 database_cache.cc:82]  0 in 0.000s
I20260925 14:45:45.152808 0x1fecf6080 database_cache.cc:90] Loading cameras...
I20260925 14:45:45.152822 0x1fecf6080 database_cache.cc:108]  2 in 0.000s
I20260925 14:45:45.152828 0x1fecf6080 database_cache.cc:116] Loading frames...
I20260925 14:45:45.152839 0x1fecf6080 database_cache.cc:126]  0 in 0.000s
I20260925 14:45:45.152844 0x1fecf6080 database_cache.cc:134] Loading matches...
I20260925 14:45:45.152854 0x1fecf6080 database_cache.cc:139]  1 in 0.000s
I20260925 14:45:45.152859 0x1fecf6080 database_cache.cc:147] Loading images...
I20260925 14:45:45.153009 0x1fecf6080 database_cache.cc:236]  2 in 0.000s (loaded all 2)
I20260925 14:45:45.153015 0x1fecf6080 database_cache.cc:255] Loading pose priors...
I20260925 14:45:45.153023 0x1fecf6080 database_cache.cc:263]  0 in 0.000s
I20260925 14:45:45.153028 0x1fecf6080 database_cache.cc:271] Building correspondence graph...
I20260925 14:45:45.153077 0x1fecf6080 database_cache.cc:300]  in 0.000s (ignored 0)
I20260925 14:45:45.222399 0x1fecf6080 official_bundle_adjustment_ceres.cc:1648] [AETHER gravity] injected 3/3 roll/pitch anchors, sigma_rad=0.00872665
[AETHER BA-ORDERING] blocks=523 pts(g0)=514 cams(g1)=3 g1_all_pose=1 proven=1
I20260925 14:45:45.230655 0x1fecf6080 official_bundle_adjustment_ceres.cc:1137] [AETHER] solver_used=DENSE_SCHUR sparse_backend=EIGEN_SPARSE dense_backend=EIGEN mixed=0 threads=1
I20260925 14:45:45.231444 0x1fecf6080 official_bundle_adjustment_ceres.cc:1648] [AETHER gravity] injected 3/3 roll/pitch anchors, sigma_rad=0.00872665
[AETHER BA-ORDERING] blocks=520 pts(g0)=511 cams(g1)=3 g1_all_pose=1 proven=1
I20260925 14:45:45.234275 0x1fecf6080 official_bundle_adjustment_ceres.cc:1137] [AETHER] solver_used=DENSE_SCHUR sparse_backend=EIGEN_SPARSE dense_backend=EIGEN mixed=0 threads=1
I20260925 14:45:45.307147 0x1fecf6080 official_bundle_adjustment_ceres.cc:1648] [AETHER gravity] injected 4/4 roll/pitch anchors, sigma_rad=0.00872665
[AETHER BA-ORDERING] blocks=782 pts(g0)=771 cams(g1)=4 g1_all_pose=1 proven=1
I20260925 14:45:45.322129 0x1fecf6080 official_bundle_adjustment_ceres.cc:1137] [AETHER] solver_used=DENSE_SCHUR sparse_backend=EIGEN_SPARSE dense_backend=EIGEN mixed=0 threads=1
I20260925 14:45:45.323078 0x1fecf6080 official_bundle_adjustment_ceres.cc:1648] [AETHER gravity] injected 4/4 roll/pitch anchors, sigma_rad=0.00872665
I20260925 14:45:45.326321 0x1fecf6080 official_bundle_adjustment_ceres.cc:1137] [AETHER] solver_used=DENSE_SCHUR sparse_backend=EIGEN_SPARSE dense_backend=EIGEN mixed=0 threads=1
I20260925 14:45:45.383930 0x1fecf6080 official_bundle_adjustment_ceres.cc:1648] [AETHER gravity] injected 5/5 roll/pitch anchors, sigma_rad=0.00872665
I20260925 14:45:45.400043 0x1fecf6080 official_bundle_adjustment_ceres.cc:1137] [AETHER] solver_used=DENSE_SCHUR sparse_backend=EIGEN_SPARSE dense_backend=EIGEN mixed=0 threads=1
I20260925 14:45:45.401168 0x1fecf6080 official_bundle_adjustment_ceres.cc:1648] [AETHER gravity] injected 5/5 roll/pitch anchors, sigma_rad=0.00872665
I20260925 14:45:45.403908 0x1fecf6080 official_bundle_adjustment_ceres.cc:1137] [AETHER] solver_used=DENSE_SCHUR sparse_backend=EIGEN_SPARSE dense_backend=EIGEN mixed=0 threads=1
I20260925 14:45:45.453462 0x1fecf6080 official_bundle_adjustment_ceres.cc:1648] [AETHER gravity] injected 6/6 roll/pitch anchors, sigma_rad=0.00872665
I20260925 14:45:45.470454 0x1fecf6080 official_bundle_adjustment_ceres.cc:1137] [AETHER] solver_used=DENSE_SCHUR sparse_backend=EIGEN_SPARSE dense_backend=EIGEN mixed=0 threads=1
I20260925 14:45:45.471636 0x1fecf6080 official_bundle_adjustment_ceres.cc:1648] [AETHER gravity] injected 6/6 roll/pitch anchors, sigma_rad=0.00872665
I20260925 14:45:45.473913 0x1fecf6080 official_bundle_adjustment_ceres.cc:1137] [AETHER] solver_used=DENSE_SCHUR sparse_backend=EIGEN_SPARSE dense_backend=EIGEN mixed=0 threads=1
I20260925 14:45:45.526424 0x1fecf6080 official_bundle_adjustment_ceres.cc:1648] [AETHER gravity] injected 6/6 roll/pitch anchors, sigma_rad=0.00872665
I20260925 14:45:45.542500 0x1fecf6080 official_bundle_adjustment_ceres.cc:1137] [AETHER] solver_used=DENSE_SCHUR sparse_backend=EIGEN_SPARSE dense_backend=EIGEN mixed=0 threads=1
I20260925 14:45:45.543914 0x1fecf6080 official_bundle_adjustment_ceres.cc:1648] [AETHER gravity] injected 6/6 roll/pitch anchors, sigma_rad=0.00872665
I20260925 14:45:45.547149 0x1fecf6080 official_bundle_adjustment_ceres.cc:1137] [AETHER] solver_used=DENSE_SCHUR sparse_backend=EIGEN_SPARSE dense_backend=EIGEN mixed=0 threads=1
I20260925 14:45:45.599464 0x1fecf6080 official_bundle_adjustment_ceres.cc:1648] [AETHER gravity] injected 6/6 roll/pitch anchors, sigma_rad=0.00872665
I20260925 14:45:45.614173 0x1fecf6080 official_bundle_adjustment_ceres.cc:1137] [AETHER] solver_used=DENSE_SCHUR sparse_backend=EIGEN_SPARSE dense_backend=EIGEN mixed=0 threads=1
I20260925 14:45:45.616117 0x1fecf6080 official_bundle_adjustment_ceres.cc:1648] [AETHER gravity] injected 6/6 roll/pitch anchors, sigma_rad=0.00872665
I20260925 14:45:45.619354 0x1fecf6080 official_bundle_adjustment_ceres.cc:1137] [AETHER] solver_used=DENSE_SCHUR sparse_backend=EIGEN_SPARSE dense_backend=EIGEN mixed=0 threads=1
I20260925 14:45:45.674525 0x1fecf6080 official_bundle_adjustment_ceres.cc:1648] [AETHER gravity] injected 6/6 roll/pitch anchors, sigma_rad=0.00872665
I20260925 14:45:45.693168 0x1fecf6080 official_bundle_adjustment_ceres.cc:1137] [AETHER] solver_used=DENSE_SCHUR sparse_backend=EIGEN_SPARSE dense_backend=EIGEN mixed=0 threads=1
I20260925 14:45:45.694680 0x1fecf6080 official_bundle_adjustment_ceres.cc:1648] [AETHER gravity] injected 6/6 roll/pitch anchors, sigma_rad=0.00872665
I20260925 14:45:45.697794 0x1fecf6080 official_bundle_adjustment_ceres.cc:1137] [AETHER] solver_used=DENSE_SCHUR sparse_backend=EIGEN_SPARSE dense_backend=EIGEN mixed=0 threads=1
I20260925 14:45:45.938501 0x1fecf6080 official_bundle_adjustment_ceres.cc:1648] [AETHER gravity] injected 3/3 roll/pitch anchors, sigma_rad=0.00872665
I20260925 14:45:45.941647 0x1fecf6080 official_bundle_adjustment_ceres.cc:1137] [AETHER] solver_used=DENSE_SCHUR sparse_backend=EIGEN_SPARSE dense_backend=EIGEN mixed=0 threads=1
I20260925 14:45:45.942312 0x1fecf6080 official_bundle_adjustment_ceres.cc:1648] [AETHER gravity] injected 3/3 roll/pitch anchors, sigma_rad=0.00872665
I20260925 14:45:45.943778 0x1fecf6080 official_bundle_adjustment_ceres.cc:1137] [AETHER] solver_used=DENSE_SCHUR sparse_backend=EIGEN_SPARSE dense_backend=EIGEN mixed=0 threads=1
I20260925 14:45:46.013661 0x1fecf6080 official_bundle_adjustment_ceres.cc:1648] [AETHER gravity] injected 6/6 roll/pitch anchors, sigma_rad=0.00872665
I20260925 14:45:46.024127 0x1fecf6080 official_bundle_adjustment_ceres.cc:1137] [AETHER] solver_used=DENSE_SCHUR sparse_backend=EIGEN_SPARSE dense_backend=EIGEN mixed=0 threads=1
I20260925 14:45:46.025404 0x1fecf6080 official_bundle_adjustment_ceres.cc:1648] [AETHER gravity] injected 6/6 roll/pitch anchors, sigma_rad=0.00872665
I20260925 14:45:46.028377 0x1fecf6080 official_bundle_adjustment_ceres.cc:1137] [AETHER] solver_used=DENSE_SCHUR sparse_backend=EIGEN_SPARSE dense_backend=EIGEN mixed=0 threads=1
I20260925 14:45:46.060794 0x1fecf6080 official_bundle_adjustment_ceres.cc:1648] [AETHER gravity] injected 4/4 roll/pitch anchors, sigma_rad=0.00872665
I20260925 14:45:46.067122 0x1fecf6080 official_bundle_adjustment_ceres.cc:1137] [AETHER] solver_used=DENSE_SCHUR sparse_backend=EIGEN_SPARSE dense_backend=EIGEN mixed=0 threads=1
I20260925 14:45:46.068281 0x1fecf6080 official_bundle_adjustment_ceres.cc:1648] [AETHER gravity] injected 5/5 roll/pitch anchors, sigma_rad=0.00872665
I20260925 14:45:46.071090 0x1fecf6080 official_bundle_adjustment_ceres.cc:1137] [AETHER] solver_used=DENSE_SCHUR sparse_backend=EIGEN_SPARSE dense_backend=EIGEN mixed=0 threads=1
I20260925 14:45:46.098299 0x1fecf6080 official_bundle_adjustment_ceres.cc:1648] [AETHER gravity] injected 3/3 roll/pitch anchors, sigma_rad=0.00872665
I20260925 14:45:46.099761 0x1fecf6080 official_bundle_adjustment_ceres.cc:1137] [AETHER] solver_used=DENSE_SCHUR sparse_backend=EIGEN_SPARSE dense_backend=EIGEN mixed=0 threads=1
I20260925 14:45:46.100263 0x1fecf6080 official_bundle_adjustment_ceres.cc:1648] [AETHER gravity] injected 3/3 roll/pitch anchors, sigma_rad=0.00872665
I20260925 14:45:46.101076 0x1fecf6080 official_bundle_adjustment_ceres.cc:1137] [AETHER] solver_used=DENSE_SCHUR sparse_backend=EIGEN_SPARSE dense_backend=EIGEN mixed=0 threads=1
I20260925 14:45:46.151852 0x1fecf6080 official_bundle_adjustment_ceres.cc:1648] [AETHER gravity] injected 6/6 roll/pitch anchors, sigma_rad=0.00872665
I20260925 14:45:46.162090 0x1fecf6080 official_bundle_adjustment_ceres.cc:1137] [AETHER] solver_used=DENSE_SCHUR sparse_backend=EIGEN_SPARSE dense_backend=EIGEN mixed=0 threads=1
I20260925 14:45:46.163673 0x1fecf6080 official_bundle_adjustment_ceres.cc:1648] [AETHER gravity] injected 6/6 roll/pitch anchors, sigma_rad=0.00872665
I20260925 14:45:46.166147 0x1fecf6080 official_bundle_adjustment_ceres.cc:1137] [AETHER] solver_used=DENSE_SCHUR sparse_backend=EIGEN_SPARSE dense_backend=EIGEN mixed=0 threads=1
I20260925 14:45:46.287079 0x1fecf6080 official_bundle_adjustment_ceres.cc:1648] [AETHER gravity] injected 6/6 roll/pitch anchors, sigma_rad=0.00872665
I20260925 14:45:46.301326 0x1fecf6080 official_bundle_adjustment_ceres.cc:1137] [AETHER] solver_used=DENSE_SCHUR sparse_backend=EIGEN_SPARSE dense_backend=EIGEN mixed=0 threads=1
I20260925 14:45:46.302805 0x1fecf6080 official_bundle_adjustment_ceres.cc:1648] [AETHER gravity] injected 6/6 roll/pitch anchors, sigma_rad=0.00872665
I20260925 14:45:46.305229 0x1fecf6080 official_bundle_adjustment_ceres.cc:1137] [AETHER] solver_used=DENSE_SCHUR sparse_backend=EIGEN_SPARSE dense_backend=EIGEN mixed=0 threads=1
I20260925 14:45:46.395339 0x1fecf6080 official_bundle_adjustment_ceres.cc:1648] [AETHER gravity] injected 5/5 roll/pitch anchors, sigma_rad=0.00872665
I20260925 14:45:46.404173 0x1fecf6080 official_bundle_adjustment_ceres.cc:1137] [AETHER] solver_used=DENSE_SCHUR sparse_backend=EIGEN_SPARSE dense_backend=EIGEN mixed=0 threads=1
I20260925 14:45:46.405621 0x1fecf6080 official_bundle_adjustment_ceres.cc:1648] [AETHER gravity] injected 6/6 roll/pitch anchors, sigma_rad=0.00872665
I20260925 14:45:46.408004 0x1fecf6080 official_bundle_adjustment_ceres.cc:1137] [AETHER] solver_used=DENSE_SCHUR sparse_backend=EIGEN_SPARSE dense_backend=EIGEN mixed=0 threads=1
I20260925 14:45:46.409404 0x16daff000 database_cache.cc:72] Loading rigs...
I20260925 14:45:46.409419 0x16daff000 database_cache.cc:82]  0 in 0.000s
I20260925 14:45:46.409426 0x16daff000 database_cache.cc:90] Loading cameras...
I20260925 14:45:46.409445 0x16daff000 database_cache.cc:108]  19 in 0.000s
I20260925 14:45:46.409450 0x16daff000 database_cache.cc:116] Loading frames...
I20260925 14:45:46.409458 0x16daff000 database_cache.cc:126]  0 in 0.000s
I20260925 14:45:46.409463 0x16daff000 database_cache.cc:134] Loading matches...
I20260925 14:45:46.409523 0x16daff000 database_cache.cc:139]  66 in 0.000s
I20260925 14:45:46.409527 0x16daff000 database_cache.cc:147] Loading images...
I20260925 14:45:46.410376 0x16daff000 database_cache.cc:236]  19 in 0.001s (loaded all 19)
I20260925 14:45:46.410381 0x16daff000 database_cache.cc:255] Loading pose priors...
I20260925 14:45:46.410390 0x16daff000 database_cache.cc:263]  0 in 0.000s
I20260925 14:45:46.410394 0x16daff000 database_cache.cc:271] Building correspondence graph...
I20260925 14:45:46.410994 0x16daff000 database_cache.cc:300]  in 0.001s (ignored 0)
I20260925 14:45:46.414435 0x16daff000 official_bundle_adjustment_ceres.cc:1648] [AETHER gravity] injected 15/16 roll/pitch anchors, sigma_rad=0.00872665
I20260925 14:45:46.482834 0x16daff000 official_bundle_adjustment_ceres.cc:1137] [AETHER] solver_used=DENSE_SCHUR sparse_backend=EIGEN_SPARSE dense_backend=EIGEN mixed=0 threads=6
I20260925 14:45:46.486247 0x16daff000 official_bundle_adjustment_ceres.cc:1648] [AETHER gravity] injected 15/16 roll/pitch anchors, sigma_rad=0.00872665
I20260925 14:45:46.539414 0x16daff000 official_bundle_adjustment_ceres.cc:1137] [AETHER] solver_used=DENSE_SCHUR sparse_backend=EIGEN_SPARSE dense_backend=EIGEN mixed=0 threads=6
I20260925 14:45:46.542600 0x16daff000 official_bundle_adjustment_ceres.cc:1648] [AETHER gravity] injected 15/16 roll/pitch anchors, sigma_rad=0.00872665
W20260925 14:45:46.577996 0x16db8b000 official_aether_sfm_c.cc:6907] [aether_sfm] finalize re-match: starved_frames=6 candidates=84 attempted=84 written=0 inliers=0 failed=0 gpu_fail_capture=0 probe_debt_repaid=0 probe_debt_left=0
I20260925 14:45:46.587256 0x16daff000 official_bundle_adjustment_ceres.cc:1137] [AETHER] solver_used=DENSE_SCHUR sparse_backend=EIGEN_SPARSE dense_backend=EIGEN mixed=0 threads=6
I20260925 14:45:46.590216 0x16daff000 official_bundle_adjustment_ceres.cc:1648] [AETHER gravity] injected 15/16 roll/pitch anchors, sigma_rad=0.00872665
I20260925 14:45:46.612102 0x16daff000 official_bundle_adjustment_ceres.cc:1137] [AETHER] solver_used=DENSE_SCHUR sparse_backend=EIGEN_SPARSE dense_backend=EIGEN mixed=0 threads=6
I20260925 14:45:46.615266 0x16daff000 official_bundle_adjustment_ceres.cc:1648] [AETHER gravity] injected 15/16 roll/pitch anchors, sigma_rad=0.00872665
W20260925 14:45:46.636206 0x16db8b000 official_aether_sfm_c.cc:7348] [aether_sfm] official quadratic overlap: overlap=10 candidates=37 written=0 in 58.0743 ms
I20260925 14:45:46.640954 0x16daff000 official_bundle_adjustment_ceres.cc:1137] [AETHER] solver_used=DENSE_SCHUR sparse_backend=EIGEN_SPARSE dense_backend=EIGEN mixed=0 threads=6
I20260925 14:45:46.643577 0x16daff000 official_incremental_pipeline.cc:323] Loading database
I20260925 14:45:46.643614 0x16daff000 database_cache.cc:72] Loading rigs...
I20260925 14:45:46.643623 0x16daff000 database_cache.cc:82]  0 in 0.000s
I20260925 14:45:46.643628 0x16daff000 database_cache.cc:90] Loading cameras...
I20260925 14:45:46.643643 0x16daff000 database_cache.cc:108]  19 in 0.000s
I20260925 14:45:46.643647 0x16daff000 database_cache.cc:116] Loading frames...
I20260925 14:45:46.643654 0x16daff000 database_cache.cc:126]  0 in 0.000s
I20260925 14:45:46.643658 0x16daff000 database_cache.cc:134] Loading matches...
I20260925 14:45:46.643728 0x16daff000 database_cache.cc:139]  66 in 0.000s
I20260925 14:45:46.643732 0x16daff000 database_cache.cc:147] Loading images...
I20260925 14:45:46.644511 0x16daff000 database_cache.cc:236]  19 in 0.001s (loaded all 19)
I20260925 14:45:46.644519 0x16daff000 database_cache.cc:255] Loading pose priors...
I20260925 14:45:46.644528 0x16daff000 database_cache.cc:263]  0 in 0.000s
I20260925 14:45:46.644532 0x16daff000 database_cache.cc:271] Building correspondence graph...
I20260925 14:45:46.645131 0x16daff000 database_cache.cc:300]  in 0.001s (ignored 0)
I20260925 14:45:46.645138 0x16daff000 timer.cc:90] Elapsed time: 0.000 [minutes]
I20260925 14:45:46.648287 0x16daff000 official_bundle_adjustment_ceres.cc:1648] [AETHER gravity] injected 15/16 roll/pitch anchors, sigma_rad=0.00872665
I20260925 14:45:46.659214 0x16daff000 official_bundle_adjustment_ceres.cc:1137] [AETHER] solver_used=DENSE_SCHUR sparse_backend=EIGEN_SPARSE dense_backend=EIGEN mixed=0 threads=6
W20260925 14:45:46.660987 0x16daff000 official_aether_sfm_c.cc:9530] [frame-loss] before=19 after=19 lost_zero_obs=0 lost_with_obs=0 |
W20260925 14:45:46.661220 0x16daff000 official_aether_sfm_c.cc:9614] [aether_sfm] finalize worker: cache_pre=1ms enrich=227ms stage1=231ms (ok, rounds=5) stage2=18ms (rounds<=1) temporal=0ms upgrade=0ms total=251ms
W20260925 14:45:46.661443 0x16daff000 official_aether_sfm_c.cc:9643] [aether_sfm] delivered-point provenance: live-created=2246 official-retriangulated=60 live-dropped-by-official-filtering=257 (live model had 2503; capture-time official TriangulateImage added 0 obs)
W20260925 14:45:46.661568 0x16daff000 official_aether_sfm_c.cc:8066] [device-align-v1] status=aligned pairs=19 inliers=19 max_error_m=0.111819 scale=1.00996 centre_err_median_m=0.016468 centre_err_max_m=0.0311761 outliers=0
W20260925 14:45:46.721971 0x1fecf6080 official_aether_sfm_c.cc:13097] [aether_sfm] deliver-filter(get_points_tracked): kept 2146/2306 (min_tri_angle=3deg, mirror_ghost=0, isolated_floater=1, killed_union=1)
[pwofficial_gpu_match_dawn] device lost #1 reason=2 rc=8: Device was destroyed.
        1.76 real         1.02 user         0.55 sys
           103874560  maximum resident set size
                   0  average shared memory size
                   0  average unshared data size
                   0  average unshared stack size
               32489  page reclaims
                 416  page faults
                   0  swaps
                   0  block input operations
                   0  block output operations
                   0  messages sent
                   0  messages received
                   0  signals received
                  50  voluntary context switches
               74791  involuntary context switches
         14172034197  instructions retired
          5403307165  cycles elapsed
           297714336  peak memory footprint
