[DawnKernelHarness] limits: invocations/wg=512 wgSizeX=512 storageBufs=10 maxBuffer=1073741824 maxStorageBinding=1073741824 (adapter: 1024 1024 10 4294967295 4294967295)
[pwofficial_gpu_match_dawn] backend=blocked(fma4x4+direct+w64+nopb+f16+keyscan3+ptr+kp,V8) adapter="Apple M3 Pro" subgroups=1 sgmatrix=1 f32_8x8x8=1 f16_f32=1 mixed=0 subgroup=[4,64] packed_dot=1 timestamp=1 limits[storage=32768 invocations=1024 sizeX=1024]
WARNING: Logging before InitGoogleLogging() is written to STDERR
I20260925 18:05:43.204088 0x1fecf6080 database_cache.cc:72] Loading rigs...
I20260925 18:05:43.204115 0x1fecf6080 database_cache.cc:82]  0 in 0.000s
I20260925 18:05:43.204122 0x1fecf6080 database_cache.cc:90] Loading cameras...
I20260925 18:05:43.204134 0x1fecf6080 database_cache.cc:108]  2 in 0.000s
I20260925 18:05:43.204140 0x1fecf6080 database_cache.cc:116] Loading frames...
I20260925 18:05:43.204148 0x1fecf6080 database_cache.cc:126]  0 in 0.000s
I20260925 18:05:43.204152 0x1fecf6080 database_cache.cc:134] Loading matches...
I20260925 18:05:43.204162 0x1fecf6080 database_cache.cc:139]  1 in 0.000s
I20260925 18:05:43.204166 0x1fecf6080 database_cache.cc:147] Loading images...
I20260925 18:05:43.204273 0x1fecf6080 database_cache.cc:236]  2 in 0.000s (loaded all 2)
I20260925 18:05:43.204279 0x1fecf6080 database_cache.cc:255] Loading pose priors...
I20260925 18:05:43.204286 0x1fecf6080 database_cache.cc:263]  0 in 0.000s
I20260925 18:05:43.204291 0x1fecf6080 database_cache.cc:271] Building correspondence graph...
I20260925 18:05:43.204321 0x1fecf6080 database_cache.cc:300]  in 0.000s (ignored 0)
I20260925 18:05:43.262126 0x1fecf6080 official_bundle_adjustment_ceres.cc:1648] [AETHER gravity] injected 3/3 roll/pitch anchors, sigma_rad=0.00872665
[AETHER BA-ORDERING] blocks=167 pts(g0)=158 cams(g1)=3 g1_all_pose=1 proven=1
I20260925 18:05:43.264521 0x1fecf6080 official_bundle_adjustment_ceres.cc:1137] [AETHER] solver_used=DENSE_SCHUR sparse_backend=EIGEN_SPARSE dense_backend=EIGEN mixed=0 threads=1
I20260925 18:05:43.264796 0x1fecf6080 official_bundle_adjustment_ceres.cc:1648] [AETHER gravity] injected 3/3 roll/pitch anchors, sigma_rad=0.00872665
[AETHER BA-ORDERING] blocks=162 pts(g0)=153 cams(g1)=3 g1_all_pose=1 proven=1
I20260925 18:05:43.265192 0x1fecf6080 official_bundle_adjustment_ceres.cc:1137] [AETHER] solver_used=DENSE_SCHUR sparse_backend=EIGEN_SPARSE dense_backend=EIGEN mixed=0 threads=1
I20260925 18:05:43.342318 0x1fecf6080 official_bundle_adjustment_ceres.cc:1648] [AETHER gravity] injected 2/2 roll/pitch anchors, sigma_rad=0.00872665
[AETHER BA-ORDERING] blocks=187 pts(g0)=62 cams(g1)=2 g1_all_pose=1 proven=1
I20260925 18:05:43.343734 0x1fecf6080 official_bundle_adjustment_ceres.cc:1137] [AETHER] solver_used=DENSE_SCHUR sparse_backend=EIGEN_SPARSE dense_backend=EIGEN mixed=0 threads=1
I20260925 18:05:43.395392 0x1fecf6080 official_bundle_adjustment_ceres.cc:1648] [AETHER gravity] injected 4/4 roll/pitch anchors, sigma_rad=0.00872665
I20260925 18:05:43.399618 0x1fecf6080 official_bundle_adjustment_ceres.cc:1137] [AETHER] solver_used=DENSE_SCHUR sparse_backend=EIGEN_SPARSE dense_backend=EIGEN mixed=0 threads=1
I20260925 18:05:43.399996 0x1fecf6080 official_bundle_adjustment_ceres.cc:1648] [AETHER gravity] injected 4/4 roll/pitch anchors, sigma_rad=0.00872665
I20260925 18:05:43.400720 0x1fecf6080 official_bundle_adjustment_ceres.cc:1137] [AETHER] solver_used=DENSE_SCHUR sparse_backend=EIGEN_SPARSE dense_backend=EIGEN mixed=0 threads=1
I20260925 18:05:43.451670 0x1fecf6080 official_bundle_adjustment_ceres.cc:1648] [AETHER gravity] injected 3/3 roll/pitch anchors, sigma_rad=0.00872665
I20260925 18:05:43.454087 0x1fecf6080 official_bundle_adjustment_ceres.cc:1137] [AETHER] solver_used=DENSE_SCHUR sparse_backend=EIGEN_SPARSE dense_backend=EIGEN mixed=0 threads=1
I20260925 18:05:43.454491 0x1fecf6080 official_bundle_adjustment_ceres.cc:1648] [AETHER gravity] injected 3/3 roll/pitch anchors, sigma_rad=0.00872665
I20260925 18:05:43.455115 0x1fecf6080 official_bundle_adjustment_ceres.cc:1137] [AETHER] solver_used=DENSE_SCHUR sparse_backend=EIGEN_SPARSE dense_backend=EIGEN mixed=0 threads=1
I20260925 18:05:43.492651 0x1fecf6080 official_bundle_adjustment_ceres.cc:1648] [AETHER gravity] injected 3/3 roll/pitch anchors, sigma_rad=0.00872665
I20260925 18:05:43.495820 0x1fecf6080 official_bundle_adjustment_ceres.cc:1137] [AETHER] solver_used=DENSE_SCHUR sparse_backend=EIGEN_SPARSE dense_backend=EIGEN mixed=0 threads=1
I20260925 18:05:43.496422 0x1fecf6080 official_bundle_adjustment_ceres.cc:1648] [AETHER gravity] injected 4/4 roll/pitch anchors, sigma_rad=0.00872665
I20260925 18:05:43.497777 0x1fecf6080 official_bundle_adjustment_ceres.cc:1137] [AETHER] solver_used=DENSE_SCHUR sparse_backend=EIGEN_SPARSE dense_backend=EIGEN mixed=0 threads=1
I20260925 18:05:43.599767 0x1fecf6080 official_bundle_adjustment_ceres.cc:1648] [AETHER gravity] injected 2/2 roll/pitch anchors, sigma_rad=0.00872665
I20260925 18:05:43.599917 0x1fecf6080 official_bundle_adjustment_ceres.cc:1137] [AETHER] solver_used=DENSE_SCHUR sparse_backend=EIGEN_SPARSE dense_backend=EIGEN mixed=0 threads=1
I20260925 18:05:43.661439 0x1fecf6080 official_bundle_adjustment_ceres.cc:1648] [AETHER gravity] injected 2/2 roll/pitch anchors, sigma_rad=0.00872665
I20260925 18:05:43.665514 0x1fecf6080 official_bundle_adjustment_ceres.cc:1137] [AETHER] solver_used=DENSE_SCHUR sparse_backend=EIGEN_SPARSE dense_backend=EIGEN mixed=0 threads=1
I20260925 18:05:43.665724 0x1fecf6080 official_bundle_adjustment_ceres.cc:1648] [AETHER gravity] injected 2/2 roll/pitch anchors, sigma_rad=0.00872665
I20260925 18:05:43.666019 0x1fecf6080 official_bundle_adjustment_ceres.cc:1137] [AETHER] solver_used=DENSE_SCHUR sparse_backend=EIGEN_SPARSE dense_backend=EIGEN mixed=0 threads=1
I20260925 18:05:43.769709 0x1fecf6080 official_bundle_adjustment_ceres.cc:1648] [AETHER gravity] injected 3/3 roll/pitch anchors, sigma_rad=0.00872665
I20260925 18:05:43.772448 0x1fecf6080 official_bundle_adjustment_ceres.cc:1137] [AETHER] solver_used=DENSE_SCHUR sparse_backend=EIGEN_SPARSE dense_backend=EIGEN mixed=0 threads=1
I20260925 18:05:43.772832 0x1fecf6080 official_bundle_adjustment_ceres.cc:1648] [AETHER gravity] injected 3/3 roll/pitch anchors, sigma_rad=0.00872665
I20260925 18:05:43.773815 0x1fecf6080 official_bundle_adjustment_ceres.cc:1137] [AETHER] solver_used=DENSE_SCHUR sparse_backend=EIGEN_SPARSE dense_backend=EIGEN mixed=0 threads=1
I20260925 18:05:43.864822 0x1fecf6080 official_bundle_adjustment_ceres.cc:1648] [AETHER gravity] injected 3/3 roll/pitch anchors, sigma_rad=0.00872665
I20260925 18:05:43.865830 0x1fecf6080 official_bundle_adjustment_ceres.cc:1137] [AETHER] solver_used=DENSE_SCHUR sparse_backend=EIGEN_SPARSE dense_backend=EIGEN mixed=0 threads=1
I20260925 18:05:43.866230 0x1fecf6080 official_bundle_adjustment_ceres.cc:1648] [AETHER gravity] injected 3/3 roll/pitch anchors, sigma_rad=0.00872665
I20260925 18:05:43.866587 0x1fecf6080 official_bundle_adjustment_ceres.cc:1137] [AETHER] solver_used=DENSE_SCHUR sparse_backend=EIGEN_SPARSE dense_backend=EIGEN mixed=0 threads=1
I20260925 18:05:43.965376 0x1fecf6080 official_bundle_adjustment_ceres.cc:1648] [AETHER gravity] injected 2/2 roll/pitch anchors, sigma_rad=0.00872665
I20260925 18:05:43.965616 0x1fecf6080 official_bundle_adjustment_ceres.cc:1137] [AETHER] solver_used=DENSE_SCHUR sparse_backend=EIGEN_SPARSE dense_backend=EIGEN mixed=0 threads=1
I20260925 18:05:43.966601 0x1fecf6080 official_bundle_adjustment_ceres.cc:1648] [AETHER gravity] injected 2/2 roll/pitch anchors, sigma_rad=0.00872665
I20260925 18:05:43.966723 0x1fecf6080 official_bundle_adjustment_ceres.cc:1137] [AETHER] solver_used=DENSE_SCHUR sparse_backend=EIGEN_SPARSE dense_backend=EIGEN mixed=0 threads=1
I20260925 18:05:44.026253 0x1fecf6080 official_bundle_adjustment_ceres.cc:1648] [AETHER gravity] injected 2/2 roll/pitch anchors, sigma_rad=0.00872665
I20260925 18:05:44.026985 0x1fecf6080 official_bundle_adjustment_ceres.cc:1137] [AETHER] solver_used=DENSE_SCHUR sparse_backend=EIGEN_SPARSE dense_backend=EIGEN mixed=0 threads=1
I20260925 18:05:44.027209 0x1fecf6080 official_bundle_adjustment_ceres.cc:1648] [AETHER gravity] injected 2/2 roll/pitch anchors, sigma_rad=0.00872665
I20260925 18:05:44.027430 0x1fecf6080 official_bundle_adjustment_ceres.cc:1137] [AETHER] solver_used=DENSE_SCHUR sparse_backend=EIGEN_SPARSE dense_backend=EIGEN mixed=0 threads=1
I20260925 18:05:44.101022 0x1fecf6080 official_bundle_adjustment_ceres.cc:1648] [AETHER gravity] injected 4/4 roll/pitch anchors, sigma_rad=0.00872665
I20260925 18:05:44.107145 0x1fecf6080 official_bundle_adjustment_ceres.cc:1137] [AETHER] solver_used=DENSE_SCHUR sparse_backend=EIGEN_SPARSE dense_backend=EIGEN mixed=0 threads=1
I20260925 18:05:44.108618 0x1fecf6080 official_bundle_adjustment_ceres.cc:1648] [AETHER gravity] injected 6/6 roll/pitch anchors, sigma_rad=0.00872665
I20260925 18:05:44.111561 0x1fecf6080 official_bundle_adjustment_ceres.cc:1137] [AETHER] solver_used=DENSE_SCHUR sparse_backend=EIGEN_SPARSE dense_backend=EIGEN mixed=0 threads=1
I20260925 18:05:44.189003 0x1fecf6080 official_bundle_adjustment_ceres.cc:1648] [AETHER gravity] injected 4/4 roll/pitch anchors, sigma_rad=0.00872665
I20260925 18:05:44.196208 0x1fecf6080 official_bundle_adjustment_ceres.cc:1137] [AETHER] solver_used=DENSE_SCHUR sparse_backend=EIGEN_SPARSE dense_backend=EIGEN mixed=0 threads=1
I20260925 18:05:44.197064 0x1fecf6080 official_bundle_adjustment_ceres.cc:1648] [AETHER gravity] injected 4/4 roll/pitch anchors, sigma_rad=0.00872665
I20260925 18:05:44.198442 0x1fecf6080 official_bundle_adjustment_ceres.cc:1137] [AETHER] solver_used=DENSE_SCHUR sparse_backend=EIGEN_SPARSE dense_backend=EIGEN mixed=0 threads=1
I20260925 18:05:44.268479 0x1fecf6080 official_bundle_adjustment_ceres.cc:1648] [AETHER gravity] injected 2/2 roll/pitch anchors, sigma_rad=0.00872665
I20260925 18:05:44.269191 0x1fecf6080 official_bundle_adjustment_ceres.cc:1137] [AETHER] solver_used=DENSE_SCHUR sparse_backend=EIGEN_SPARSE dense_backend=EIGEN mixed=0 threads=1
I20260925 18:05:44.269522 0x1fecf6080 official_bundle_adjustment_ceres.cc:1648] [AETHER gravity] injected 2/2 roll/pitch anchors, sigma_rad=0.00872665
I20260925 18:05:44.269780 0x1fecf6080 official_bundle_adjustment_ceres.cc:1137] [AETHER] solver_used=DENSE_SCHUR sparse_backend=EIGEN_SPARSE dense_backend=EIGEN mixed=0 threads=1
I20260925 18:05:44.312957 0x1fecf6080 official_bundle_adjustment_ceres.cc:1648] [AETHER gravity] injected 3/3 roll/pitch anchors, sigma_rad=0.00872665
I20260925 18:05:44.316253 0x1fecf6080 official_bundle_adjustment_ceres.cc:1137] [AETHER] solver_used=DENSE_SCHUR sparse_backend=EIGEN_SPARSE dense_backend=EIGEN mixed=0 threads=1
I20260925 18:05:44.317084 0x1fecf6080 official_bundle_adjustment_ceres.cc:1648] [AETHER gravity] injected 3/3 roll/pitch anchors, sigma_rad=0.00872665
I20260925 18:05:44.318257 0x1fecf6080 official_bundle_adjustment_ceres.cc:1137] [AETHER] solver_used=DENSE_SCHUR sparse_backend=EIGEN_SPARSE dense_backend=EIGEN mixed=0 threads=1
I20260925 18:05:44.356752 0x1fecf6080 official_bundle_adjustment_ceres.cc:1648] [AETHER gravity] injected 4/4 roll/pitch anchors, sigma_rad=0.00872665
I20260925 18:05:44.359782 0x1fecf6080 official_bundle_adjustment_ceres.cc:1137] [AETHER] solver_used=DENSE_SCHUR sparse_backend=EIGEN_SPARSE dense_backend=EIGEN mixed=0 threads=1
I20260925 18:05:44.360460 0x1fecf6080 official_bundle_adjustment_ceres.cc:1648] [AETHER gravity] injected 6/6 roll/pitch anchors, sigma_rad=0.00872665
I20260925 18:05:44.362472 0x1fecf6080 official_bundle_adjustment_ceres.cc:1137] [AETHER] solver_used=DENSE_SCHUR sparse_backend=EIGEN_SPARSE dense_backend=EIGEN mixed=0 threads=1
I20260925 18:05:44.416140 0x1fecf6080 official_bundle_adjustment_ceres.cc:1648] [AETHER gravity] injected 2/2 roll/pitch anchors, sigma_rad=0.00872665
I20260925 18:05:44.416799 0x1fecf6080 official_bundle_adjustment_ceres.cc:1137] [AETHER] solver_used=DENSE_SCHUR sparse_backend=EIGEN_SPARSE dense_backend=EIGEN mixed=0 threads=1
I20260925 18:05:44.417300 0x1fecf6080 official_bundle_adjustment_ceres.cc:1648] [AETHER gravity] injected 2/2 roll/pitch anchors, sigma_rad=0.00872665
I20260925 18:05:44.417393 0x1fecf6080 official_bundle_adjustment_ceres.cc:1137] [AETHER] solver_used=DENSE_SCHUR sparse_backend=EIGEN_SPARSE dense_backend=EIGEN mixed=0 threads=1
I20260925 18:05:44.418380 0x16d4bb000 database_cache.cc:72] Loading rigs...
I20260925 18:05:44.418399 0x16d4bb000 database_cache.cc:82]  0 in 0.000s
I20260925 18:05:44.418405 0x16d4bb000 database_cache.cc:90] Loading cameras...
I20260925 18:05:44.418424 0x16d4bb000 database_cache.cc:108]  20 in 0.000s
I20260925 18:05:44.418428 0x16d4bb000 database_cache.cc:116] Loading frames...
I20260925 18:05:44.418438 0x16d4bb000 database_cache.cc:126]  0 in 0.000s
I20260925 18:05:44.418442 0x16d4bb000 database_cache.cc:134] Loading matches...
I20260925 18:05:44.418498 0x16d4bb000 database_cache.cc:139]  51 in 0.000s
I20260925 18:05:44.418503 0x16d4bb000 database_cache.cc:147] Loading images...
I20260925 18:05:44.419447 0x16d4bb000 database_cache.cc:236]  20 in 0.001s (loaded all 20)
I20260925 18:05:44.419452 0x16d4bb000 database_cache.cc:255] Loading pose priors...
I20260925 18:05:44.419462 0x16d4bb000 database_cache.cc:263]  0 in 0.000s
I20260925 18:05:44.419466 0x16d4bb000 database_cache.cc:271] Building correspondence graph...
I20260925 18:05:44.419935 0x16d4bb000 database_cache.cc:300]  in 0.000s (ignored 0)
I20260925 18:05:44.423686 0x16d4bb000 official_bundle_adjustment_ceres.cc:1648] [AETHER gravity] injected 19/20 roll/pitch anchors, sigma_rad=0.00872665
I20260925 18:05:44.474107 0x16d4bb000 official_bundle_adjustment_ceres.cc:1137] [AETHER] solver_used=DENSE_SCHUR sparse_backend=EIGEN_SPARSE dense_backend=EIGEN mixed=0 threads=6
I20260925 18:05:44.476806 0x16d4bb000 official_bundle_adjustment_ceres.cc:1648] [AETHER gravity] injected 19/20 roll/pitch anchors, sigma_rad=0.00872665
I20260925 18:05:44.503331 0x16d4bb000 official_bundle_adjustment_ceres.cc:1137] [AETHER] solver_used=DENSE_SCHUR sparse_backend=EIGEN_SPARSE dense_backend=EIGEN mixed=0 threads=6
I20260925 18:05:44.505830 0x16d4bb000 official_bundle_adjustment_ceres.cc:1648] [AETHER gravity] injected 19/20 roll/pitch anchors, sigma_rad=0.00872665
I20260925 18:05:44.529336 0x16d4bb000 official_bundle_adjustment_ceres.cc:1137] [AETHER] solver_used=DENSE_SCHUR sparse_backend=EIGEN_SPARSE dense_backend=EIGEN mixed=0 threads=6
I20260925 18:05:44.531710 0x16d4bb000 official_bundle_adjustment_ceres.cc:1648] [AETHER gravity] injected 19/20 roll/pitch anchors, sigma_rad=0.00872665
I20260925 18:05:44.548712 0x16d4bb000 official_bundle_adjustment_ceres.cc:1137] [AETHER] solver_used=DENSE_SCHUR sparse_backend=EIGEN_SPARSE dense_backend=EIGEN mixed=0 threads=6
I20260925 18:05:44.551000 0x16d4bb000 official_bundle_adjustment_ceres.cc:1648] [AETHER gravity] injected 19/20 roll/pitch anchors, sigma_rad=0.00872665
I20260925 18:05:44.560818 0x16d4bb000 official_bundle_adjustment_ceres.cc:1137] [AETHER] solver_used=DENSE_SCHUR sparse_backend=EIGEN_SPARSE dense_backend=EIGEN mixed=0 threads=6
W20260925 18:05:44.633931 0x16d547000 official_aether_sfm_c.cc:6907] [aether_sfm] finalize re-match: starved_frames=11 candidates=110 attempted=110 written=0 inliers=0 failed=0 gpu_fail_capture=0 probe_debt_repaid=0 probe_debt_left=0
W20260925 18:05:44.721732 0x16d547000 official_aether_sfm_c.cc:7348] [aether_sfm] official quadratic overlap: overlap=10 candidates=41 written=0 in 87.7245 ms
I20260925 18:05:44.739638 0x16d4bb000 official_incremental_pipeline.cc:323] Loading database
I20260925 18:05:44.739691 0x16d4bb000 database_cache.cc:72] Loading rigs...
I20260925 18:05:44.739703 0x16d4bb000 database_cache.cc:82]  0 in 0.000s
I20260925 18:05:44.739710 0x16d4bb000 database_cache.cc:90] Loading cameras...
I20260925 18:05:44.739730 0x16d4bb000 database_cache.cc:108]  20 in 0.000s
I20260925 18:05:44.739736 0x16d4bb000 database_cache.cc:116] Loading frames...
I20260925 18:05:44.739744 0x16d4bb000 database_cache.cc:126]  0 in 0.000s
I20260925 18:05:44.739749 0x16d4bb000 database_cache.cc:134] Loading matches...
I20260925 18:05:44.739820 0x16d4bb000 database_cache.cc:139]  51 in 0.000s
I20260925 18:05:44.739825 0x16d4bb000 database_cache.cc:147] Loading images...
I20260925 18:05:44.740873 0x16d4bb000 database_cache.cc:236]  20 in 0.001s (loaded all 20)
I20260925 18:05:44.740886 0x16d4bb000 database_cache.cc:255] Loading pose priors...
I20260925 18:05:44.740897 0x16d4bb000 database_cache.cc:263]  0 in 0.000s
I20260925 18:05:44.740903 0x16d4bb000 database_cache.cc:271] Building correspondence graph...
I20260925 18:05:44.741425 0x16d4bb000 database_cache.cc:300]  in 0.001s (ignored 0)
I20260925 18:05:44.741431 0x16d4bb000 timer.cc:90] Elapsed time: 0.000 [minutes]
I20260925 18:05:44.744476 0x16d4bb000 official_bundle_adjustment_ceres.cc:1648] [AETHER gravity] injected 19/20 roll/pitch anchors, sigma_rad=0.00872665
I20260925 18:05:44.797806 0x16d4bb000 official_bundle_adjustment_ceres.cc:1137] [AETHER] solver_used=DENSE_SCHUR sparse_backend=EIGEN_SPARSE dense_backend=EIGEN mixed=0 threads=6
W20260925 18:05:44.799052 0x16d4bb000 official_aether_sfm_c.cc:9530] [frame-loss] before=20 after=20 lost_zero_obs=0 lost_with_obs=0 |
W20260925 18:05:44.800422 0x16d4bb000 official_aether_sfm_c.cc:9614] [aether_sfm] finalize worker: cache_pre=1ms enrich=318ms stage1=141ms (ok, rounds=5) stage2=60ms (rounds<=1) temporal=0ms upgrade=0ms total=382ms
W20260925 18:05:44.800656 0x16d4bb000 official_aether_sfm_c.cc:9643] [aether_sfm] delivered-point provenance: live-created=1334 official-retriangulated=666 live-dropped-by-official-filtering=102 (live model had 1436; capture-time official TriangulateImage added 0 obs)
W20260925 18:05:44.800770 0x16d4bb000 official_aether_sfm_c.cc:8066] [device-align-v1] status=aligned pairs=20 inliers=20 max_error_m=0.111819 scale=1.03647 centre_err_median_m=0.0195627 centre_err_max_m=0.0420004 outliers=0
W20260925 18:05:44.841960 0x1fecf6080 official_aether_sfm_c.cc:13097] [aether_sfm] deliver-filter(get_points_tracked): kept 1935/2000 (min_tri_angle=3deg, mirror_ghost=0, isolated_floater=0, killed_union=0)
[pwofficial_gpu_match_dawn] device lost #1 reason=2 rc=8: Device was destroyed.
        1.81 real         0.76 user         0.49 sys
           119259136  maximum resident set size
                   0  average shared memory size
                   0  average unshared data size
                   0  average unshared stack size
               35056  page reclaims
                 515  page faults
                   0  swaps
                   0  block input operations
                   0  block output operations
                   0  messages sent
                   0  messages received
                   0  signals received
                 134  voluntary context switches
               65352  involuntary context switches
         10414922934  instructions retired
          4047230788  cycles elapsed
           307069624  peak memory footprint
