=== cap50 ===
pairs re-extracted with node ids: 48226 (identity vs E6 provenance asserted)
v1.1 baseline reconstructed: 103702 pts (92132 stock + 11570 injected), PLY identity asserted
obs recovery: stock ge2-obs=11732/92132, 1-obs=19765, 0-obs=60635 (2.1s)
edges: A(shared-track)=58782 B(pair-bridge)=2101 (cross-point bridges 2843/13630 both-side hits; G1-excluded-pair bridges 1147) union=59715 roots skipped fanout>20: 41
 merge pass 1: merged 9035 (total 9035)
 merge pass 2: merged 91 (total 9126)
 merge pass 3: merged 0 (total 9126)
merged groups=6457 members=15583 -> after cloud 94576 pts (delta -9126)
{
 "merge_funnel": {
  "attempted": 149151,
  "skip_dist_gt5cm": 73896,
  "dlt_fallback_trial": 4735,
  "fail_reproj_gt4px": 66111,
  "dlt_used": 4409,
  "cov_guard_veto": 18,
  "merged_total": 9126,
  "passes": 3
 },
 "groups": {
  "n_groups": 6457,
  "n_member_points": 15583,
  "group_size_hist": {
   "2": 4847,
   "3": 993,
   "4": 368,
   "5": 152,
   "6": 49,
   "7": 22,
   "8": 13,
   "9": 8,
   "10": 2,
   "11": 2,
   "12": 1
  },
  "member_displacement_m": {
   "p10": 0.0,
   "p50": 0.00222,
   "p90": 0.01514
  },
  "consensus_nobs": {
   "p10": 1.0,
   "p50": 2.0,
   "p90": 4.0
  }
 },
 "ruler_2_floor_thickness": {
  "y_floor": -1.1109,
  "before": {
   "n_floor_slab": 10760,
   "thickness_med_cell_p90p10_m": 0.048382031917572066,
   "thickness_p90_cell_m": 0.07759971141815176,
   "n_thickness_cells": 398,
   "thickness_global_std_m": 0.02723013300180175,
   "cover_cells_2cm": 2416,
   "cover_area_m2": 0.9664
  },
  "after": {
   "n_floor_slab": 10233,
   "thickness_med_cell_p90p10_m": 0.0490010261535645,
   "thickness_p90_cell_m": 0.07733157157897944,
   "n_thickness_cells": 389,
   "thickness_global_std_m": 0.02716845876672669,
   "cover_cells_2cm": 2416,
   "cover_area_m2": 0.9664
  },
  "med_cell_change_pct": 1.28
 },
 "ruler_3_coverage_hard_gate": {
  "before_cells_2cm": 2416,
  "after_cells_2cm": 2416,
  "delta": 0,
  "pass": true,
  "constructive_vetoes": 18
 },
 "ghost_shell": {
  "double_floor_band": {
   "band_floor_h_m": [
    -0.06,
    -0.015
   ],
   "before": 3917,
   "after": 3752,
   "delta": -165
  },
  "below_floor": {
   "before": 0,
   "after": 0
  },
  "band_evidence_accounting": {
   "band_points_before": 3917,
   "band_points_with_ge2_obs": 99,
   "band_points_touching_any_edge": 405,
   "band_points_merged": 262,
   "note": "answers: does connectivity evidence actually reach the shell?"
  }
 }
}
ALL DONE
