[DawnKernelHarness] limits: invocations/wg=512 wgSizeX=512 storageBufs=10 maxBuffer=1073741824 maxStorageBinding=1073741824 (adapter: 1024 1024 10 4294967295 4294967295)
[pwofficial_gpu_match_dawn] backend=blocked(fma4x4+direct+w64+nopb+f16+keyscan3+ptr+kp,V8) adapter="Apple M3 Pro" subgroups=1 sgmatrix=1 f32_8x8x8=1 f16_f32=1 mixed=0 subgroup=[4,64] packed_dot=1 timestamp=1 limits[storage=32768 invocations=1024 sizeX=1024]
WARNING: Logging before InitGoogleLogging() is written to STDERR
I20260925 13:42:06.631371 0x1fecf6080 database_cache.cc:72] Loading rigs...
I20260925 13:42:06.631402 0x1fecf6080 database_cache.cc:82]  0 in 0.000s
I20260925 13:42:06.631409 0x1fecf6080 database_cache.cc:90] Loading cameras...
I20260925 13:42:06.631421 0x1fecf6080 database_cache.cc:108]  2 in 0.000s
I20260925 13:42:06.631426 0x1fecf6080 database_cache.cc:116] Loading frames...
I20260925 13:42:06.631436 0x1fecf6080 database_cache.cc:126]  0 in 0.000s
I20260925 13:42:06.631440 0x1fecf6080 database_cache.cc:134] Loading matches...
I20260925 13:42:06.631454 0x1fecf6080 database_cache.cc:139]  1 in 0.000s
I20260925 13:42:06.631458 0x1fecf6080 database_cache.cc:147] Loading images...
I20260925 13:42:06.631687 0x1fecf6080 database_cache.cc:236]  2 in 0.000s (loaded all 2)
I20260925 13:42:06.631695 0x1fecf6080 database_cache.cc:255] Loading pose priors...
I20260925 13:42:06.631703 0x1fecf6080 database_cache.cc:263]  0 in 0.000s
I20260925 13:42:06.631708 0x1fecf6080 database_cache.cc:271] Building correspondence graph...
I20260925 13:42:06.631872 0x1fecf6080 database_cache.cc:300]  in 0.000s (ignored 0)
I20260925 13:42:06.732278 0x1fecf6080 official_bundle_adjustment_ceres.cc:1648] [AETHER gravity] injected 3/3 roll/pitch anchors, sigma_rad=0.00872665
[AETHER BA-ORDERING] blocks=2004 pts(g0)=1995 cams(g1)=3 g1_all_pose=1 proven=1
I20260925 13:42:06.771410 0x1fecf6080 official_bundle_adjustment_ceres.cc:1137] [AETHER] solver_used=DENSE_SCHUR sparse_backend=EIGEN_SPARSE dense_backend=EIGEN mixed=0 threads=6
I20260925 13:42:06.773474 0x1fecf6080 official_bundle_adjustment_ceres.cc:1648] [AETHER gravity] injected 3/3 roll/pitch anchors, sigma_rad=0.00872665
[AETHER BA-ORDERING] blocks=1996 pts(g0)=1987 cams(g1)=3 g1_all_pose=1 proven=1
I20260925 13:42:06.778006 0x1fecf6080 official_bundle_adjustment_ceres.cc:1137] [AETHER] solver_used=DENSE_SCHUR sparse_backend=EIGEN_SPARSE dense_backend=EIGEN mixed=0 threads=6
I20260925 13:42:06.888852 0x1fecf6080 official_bundle_adjustment_ceres.cc:1648] [AETHER gravity] injected 4/4 roll/pitch anchors, sigma_rad=0.00872665
[AETHER BA-ORDERING] blocks=2913 pts(g0)=2902 cams(g1)=4 g1_all_pose=1 proven=1
I20260925 13:42:06.943087 0x1fecf6080 official_bundle_adjustment_ceres.cc:1137] [AETHER] solver_used=DENSE_SCHUR sparse_backend=EIGEN_SPARSE dense_backend=EIGEN mixed=0 threads=6
I20260925 13:42:06.946667 0x1fecf6080 official_bundle_adjustment_ceres.cc:1648] [AETHER gravity] injected 4/4 roll/pitch anchors, sigma_rad=0.00872665
I20260925 13:42:06.972112 0x1fecf6080 official_bundle_adjustment_ceres.cc:1137] [AETHER] solver_used=DENSE_SCHUR sparse_backend=EIGEN_SPARSE dense_backend=EIGEN mixed=0 threads=6
I20260925 13:42:07.082703 0x1fecf6080 official_bundle_adjustment_ceres.cc:1648] [AETHER gravity] injected 5/5 roll/pitch anchors, sigma_rad=0.00872665
I20260925 13:42:07.153162 0x1fecf6080 official_bundle_adjustment_ceres.cc:1137] [AETHER] solver_used=DENSE_SCHUR sparse_backend=EIGEN_SPARSE dense_backend=EIGEN mixed=0 threads=6
I20260925 13:42:07.157478 0x1fecf6080 official_bundle_adjustment_ceres.cc:1648] [AETHER gravity] injected 5/5 roll/pitch anchors, sigma_rad=0.00872665
I20260925 13:42:07.194027 0x1fecf6080 official_bundle_adjustment_ceres.cc:1137] [AETHER] solver_used=DENSE_SCHUR sparse_backend=EIGEN_SPARSE dense_backend=EIGEN mixed=0 threads=6
I20260925 13:42:07.341905 0x1fecf6080 official_bundle_adjustment_ceres.cc:1648] [AETHER gravity] injected 3/3 roll/pitch anchors, sigma_rad=0.00872665
I20260925 13:42:07.357138 0x1fecf6080 official_bundle_adjustment_ceres.cc:1137] [AETHER] solver_used=DENSE_SCHUR sparse_backend=EIGEN_SPARSE dense_backend=EIGEN mixed=0 threads=6
I20260925 13:42:07.362125 0x1fecf6080 official_bundle_adjustment_ceres.cc:1648] [AETHER gravity] injected 5/5 roll/pitch anchors, sigma_rad=0.00872665
I20260925 13:42:07.372701 0x1fecf6080 official_bundle_adjustment_ceres.cc:1137] [AETHER] solver_used=DENSE_SCHUR sparse_backend=EIGEN_SPARSE dense_backend=EIGEN mixed=0 threads=6
I20260925 13:42:07.502519 0x1fecf6080 official_bundle_adjustment_ceres.cc:1648] [AETHER gravity] injected 6/6 roll/pitch anchors, sigma_rad=0.00872665
I20260925 13:42:07.584645 0x1fecf6080 official_bundle_adjustment_ceres.cc:1137] [AETHER] solver_used=DENSE_SCHUR sparse_backend=EIGEN_SPARSE dense_backend=EIGEN mixed=0 threads=6
I20260925 13:42:07.591207 0x1fecf6080 official_bundle_adjustment_ceres.cc:1648] [AETHER gravity] injected 6/6 roll/pitch anchors, sigma_rad=0.00872665
I20260925 13:42:07.605629 0x1fecf6080 official_bundle_adjustment_ceres.cc:1137] [AETHER] solver_used=DENSE_SCHUR sparse_backend=EIGEN_SPARSE dense_backend=EIGEN mixed=0 threads=6
I20260925 13:42:07.747254 0x1fecf6080 official_bundle_adjustment_ceres.cc:1648] [AETHER gravity] injected 6/6 roll/pitch anchors, sigma_rad=0.00872665
I20260925 13:42:07.830206 0x1fecf6080 official_bundle_adjustment_ceres.cc:1137] [AETHER] solver_used=DENSE_SCHUR sparse_backend=EIGEN_SPARSE dense_backend=EIGEN mixed=0 threads=6
I20260925 13:42:07.836543 0x1fecf6080 official_bundle_adjustment_ceres.cc:1648] [AETHER gravity] injected 6/6 roll/pitch anchors, sigma_rad=0.00872665
I20260925 13:42:07.850449 0x1fecf6080 official_bundle_adjustment_ceres.cc:1137] [AETHER] solver_used=DENSE_SCHUR sparse_backend=EIGEN_SPARSE dense_backend=EIGEN mixed=0 threads=6
I20260925 13:42:07.971800 0x1fecf6080 official_bundle_adjustment_ceres.cc:1648] [AETHER gravity] injected 6/6 roll/pitch anchors, sigma_rad=0.00872665
I20260925 13:42:08.059501 0x1fecf6080 official_bundle_adjustment_ceres.cc:1137] [AETHER] solver_used=DENSE_SCHUR sparse_backend=EIGEN_SPARSE dense_backend=EIGEN mixed=0 threads=6
I20260925 13:42:08.064841 0x1fecf6080 official_bundle_adjustment_ceres.cc:1648] [AETHER gravity] injected 6/6 roll/pitch anchors, sigma_rad=0.00872665
I20260925 13:42:08.078930 0x1fecf6080 official_bundle_adjustment_ceres.cc:1137] [AETHER] solver_used=DENSE_SCHUR sparse_backend=EIGEN_SPARSE dense_backend=EIGEN mixed=0 threads=6
I20260925 13:42:08.208925 0x1fecf6080 official_bundle_adjustment_ceres.cc:1648] [AETHER gravity] injected 6/6 roll/pitch anchors, sigma_rad=0.00872665
I20260925 13:42:08.280921 0x1fecf6080 official_bundle_adjustment_ceres.cc:1137] [AETHER] solver_used=DENSE_SCHUR sparse_backend=EIGEN_SPARSE dense_backend=EIGEN mixed=0 threads=6
I20260925 13:42:08.287208 0x1fecf6080 official_bundle_adjustment_ceres.cc:1648] [AETHER gravity] injected 6/6 roll/pitch anchors, sigma_rad=0.00872665
I20260925 13:42:08.302166 0x1fecf6080 official_bundle_adjustment_ceres.cc:1137] [AETHER] solver_used=DENSE_SCHUR sparse_backend=EIGEN_SPARSE dense_backend=EIGEN mixed=0 threads=6
I20260925 13:42:08.379099 0x1fecf6080 official_bundle_adjustment_ceres.cc:1648] [AETHER gravity] injected 6/6 roll/pitch anchors, sigma_rad=0.00872665
I20260925 13:42:08.419734 0x1fecf6080 official_bundle_adjustment_ceres.cc:1137] [AETHER] solver_used=DENSE_SCHUR sparse_backend=EIGEN_SPARSE dense_backend=EIGEN mixed=0 threads=6
I20260925 13:42:08.425082 0x1fecf6080 official_bundle_adjustment_ceres.cc:1648] [AETHER gravity] injected 6/6 roll/pitch anchors, sigma_rad=0.00872665
I20260925 13:42:08.434687 0x1fecf6080 official_bundle_adjustment_ceres.cc:1137] [AETHER] solver_used=DENSE_SCHUR sparse_backend=EIGEN_SPARSE dense_backend=EIGEN mixed=0 threads=6
I20260925 13:42:08.562670 0x1fecf6080 official_bundle_adjustment_ceres.cc:1648] [AETHER gravity] injected 6/6 roll/pitch anchors, sigma_rad=0.00872665
I20260925 13:42:08.610512 0x1fecf6080 official_bundle_adjustment_ceres.cc:1137] [AETHER] solver_used=DENSE_SCHUR sparse_backend=EIGEN_SPARSE dense_backend=EIGEN mixed=0 threads=6
I20260925 13:42:08.615888 0x1fecf6080 official_bundle_adjustment_ceres.cc:1648] [AETHER gravity] injected 6/6 roll/pitch anchors, sigma_rad=0.00872665
I20260925 13:42:08.623354 0x1fecf6080 official_bundle_adjustment_ceres.cc:1137] [AETHER] solver_used=DENSE_SCHUR sparse_backend=EIGEN_SPARSE dense_backend=EIGEN mixed=0 threads=6
I20260925 13:42:08.747950 0x1fecf6080 official_bundle_adjustment_ceres.cc:1648] [AETHER gravity] injected 6/6 roll/pitch anchors, sigma_rad=0.00872665
I20260925 13:42:08.818865 0x1fecf6080 official_bundle_adjustment_ceres.cc:1137] [AETHER] solver_used=DENSE_SCHUR sparse_backend=EIGEN_SPARSE dense_backend=EIGEN mixed=0 threads=6
I20260925 13:42:08.825133 0x1fecf6080 official_bundle_adjustment_ceres.cc:1648] [AETHER gravity] injected 6/6 roll/pitch anchors, sigma_rad=0.00872665
I20260925 13:42:08.837065 0x1fecf6080 official_bundle_adjustment_ceres.cc:1137] [AETHER] solver_used=DENSE_SCHUR sparse_backend=EIGEN_SPARSE dense_backend=EIGEN mixed=0 threads=6
I20260925 13:42:08.994004 0x1fecf6080 official_bundle_adjustment_ceres.cc:1648] [AETHER gravity] injected 6/6 roll/pitch anchors, sigma_rad=0.00872665
I20260925 13:42:09.053813 0x1fecf6080 official_bundle_adjustment_ceres.cc:1137] [AETHER] solver_used=DENSE_SCHUR sparse_backend=EIGEN_SPARSE dense_backend=EIGEN mixed=0 threads=6
I20260925 13:42:09.059540 0x1fecf6080 official_bundle_adjustment_ceres.cc:1648] [AETHER gravity] injected 6/6 roll/pitch anchors, sigma_rad=0.00872665
I20260925 13:42:09.069341 0x1fecf6080 official_bundle_adjustment_ceres.cc:1137] [AETHER] solver_used=DENSE_SCHUR sparse_backend=EIGEN_SPARSE dense_backend=EIGEN mixed=0 threads=6
I20260925 13:42:09.264754 0x1fecf6080 official_bundle_adjustment_ceres.cc:1648] [AETHER gravity] injected 5/5 roll/pitch anchors, sigma_rad=0.00872665
I20260925 13:42:09.295594 0x1fecf6080 official_bundle_adjustment_ceres.cc:1137] [AETHER] solver_used=DENSE_SCHUR sparse_backend=EIGEN_SPARSE dense_backend=EIGEN mixed=0 threads=6
I20260925 13:42:09.300190 0x1fecf6080 official_bundle_adjustment_ceres.cc:1648] [AETHER gravity] injected 5/5 roll/pitch anchors, sigma_rad=0.00872665
I20260925 13:42:09.306800 0x1fecf6080 official_bundle_adjustment_ceres.cc:1137] [AETHER] solver_used=DENSE_SCHUR sparse_backend=EIGEN_SPARSE dense_backend=EIGEN mixed=0 threads=6
I20260925 13:42:09.434465 0x1fecf6080 official_bundle_adjustment_ceres.cc:1648] [AETHER gravity] injected 6/6 roll/pitch anchors, sigma_rad=0.00872665
I20260925 13:42:09.477583 0x1fecf6080 official_bundle_adjustment_ceres.cc:1137] [AETHER] solver_used=DENSE_SCHUR sparse_backend=EIGEN_SPARSE dense_backend=EIGEN mixed=0 threads=6
I20260925 13:42:09.483844 0x1fecf6080 official_bundle_adjustment_ceres.cc:1648] [AETHER gravity] injected 6/6 roll/pitch anchors, sigma_rad=0.00872665
I20260925 13:42:09.492965 0x1fecf6080 official_bundle_adjustment_ceres.cc:1137] [AETHER] solver_used=DENSE_SCHUR sparse_backend=EIGEN_SPARSE dense_backend=EIGEN mixed=0 threads=6
I20260925 13:42:09.581538 0x1fecf6080 official_bundle_adjustment_ceres.cc:1648] [AETHER gravity] injected 4/4 roll/pitch anchors, sigma_rad=0.00872665
I20260925 13:42:09.609014 0x1fecf6080 official_bundle_adjustment_ceres.cc:1137] [AETHER] solver_used=DENSE_SCHUR sparse_backend=EIGEN_SPARSE dense_backend=EIGEN mixed=0 threads=6
I20260925 13:42:09.613661 0x1fecf6080 official_bundle_adjustment_ceres.cc:1648] [AETHER gravity] injected 5/5 roll/pitch anchors, sigma_rad=0.00872665
I20260925 13:42:09.623546 0x1fecf6080 official_bundle_adjustment_ceres.cc:1137] [AETHER] solver_used=DENSE_SCHUR sparse_backend=EIGEN_SPARSE dense_backend=EIGEN mixed=0 threads=6
I20260925 13:42:09.733876 0x1fecf6080 official_bundle_adjustment_ceres.cc:1648] [AETHER gravity] injected 6/6 roll/pitch anchors, sigma_rad=0.00872665
I20260925 13:42:09.792214 0x1fecf6080 official_bundle_adjustment_ceres.cc:1137] [AETHER] solver_used=DENSE_SCHUR sparse_backend=EIGEN_SPARSE dense_backend=EIGEN mixed=0 threads=6
I20260925 13:42:09.800344 0x1fecf6080 official_bundle_adjustment_ceres.cc:1648] [AETHER gravity] injected 6/6 roll/pitch anchors, sigma_rad=0.00872665
I20260925 13:42:09.808936 0x1fecf6080 official_bundle_adjustment_ceres.cc:1137] [AETHER] solver_used=DENSE_SCHUR sparse_backend=EIGEN_SPARSE dense_backend=EIGEN mixed=0 threads=6
I20260925 13:42:09.915957 0x1fecf6080 official_bundle_adjustment_ceres.cc:1648] [AETHER gravity] injected 6/6 roll/pitch anchors, sigma_rad=0.00872665
I20260925 13:42:09.983645 0x1fecf6080 official_bundle_adjustment_ceres.cc:1137] [AETHER] solver_used=DENSE_SCHUR sparse_backend=EIGEN_SPARSE dense_backend=EIGEN mixed=0 threads=6
I20260925 13:42:09.989390 0x1fecf6080 official_bundle_adjustment_ceres.cc:1648] [AETHER gravity] injected 6/6 roll/pitch anchors, sigma_rad=0.00872665
I20260925 13:42:09.998792 0x1fecf6080 official_bundle_adjustment_ceres.cc:1137] [AETHER] solver_used=DENSE_SCHUR sparse_backend=EIGEN_SPARSE dense_backend=EIGEN mixed=0 threads=6
I20260925 13:42:10.002663 0x16de8b000 database_cache.cc:72] Loading rigs...
I20260925 13:42:10.002677 0x16de8b000 database_cache.cc:82]  0 in 0.000s
I20260925 13:42:10.002682 0x16de8b000 database_cache.cc:90] Loading cameras...
I20260925 13:42:10.002697 0x16de8b000 database_cache.cc:108]  20 in 0.000s
I20260925 13:42:10.002701 0x16de8b000 database_cache.cc:116] Loading frames...
I20260925 13:42:10.002709 0x16de8b000 database_cache.cc:126]  0 in 0.000s
I20260925 13:42:10.002713 0x16de8b000 database_cache.cc:134] Loading matches...
I20260925 13:42:10.002848 0x16de8b000 database_cache.cc:139]  88 in 0.000s
I20260925 13:42:10.002854 0x16de8b000 database_cache.cc:147] Loading images...
I20260925 13:42:10.004370 0x16de8b000 database_cache.cc:236]  20 in 0.002s (loaded all 20)
I20260925 13:42:10.004381 0x16de8b000 database_cache.cc:255] Loading pose priors...
I20260925 13:42:10.004392 0x16de8b000 database_cache.cc:263]  0 in 0.000s
I20260925 13:42:10.004396 0x16de8b000 database_cache.cc:271] Building correspondence graph...
I20260925 13:42:10.006595 0x16de8b000 database_cache.cc:300]  in 0.002s (ignored 0)
I20260925 13:42:10.022716 0x16de8b000 official_bundle_adjustment_ceres.cc:1648] [AETHER gravity] injected 19/20 roll/pitch anchors, sigma_rad=0.00872665
W20260925 13:42:10.215057 0x16df17000 official_aether_sfm_c.cc:6907] [aether_sfm] finalize re-match: starved_frames=3 candidates=43 attempted=43 written=0 inliers=0 failed=0 gpu_fail_capture=0 probe_debt_repaid=0 probe_debt_left=0
I20260925 13:42:10.235080 0x16de8b000 official_bundle_adjustment_ceres.cc:1137] [AETHER] solver_used=DENSE_SCHUR sparse_backend=EIGEN_SPARSE dense_backend=EIGEN mixed=0 threads=6
I20260925 13:42:10.250775 0x16de8b000 official_bundle_adjustment_ceres.cc:1648] [AETHER gravity] injected 19/20 roll/pitch anchors, sigma_rad=0.00872665
W20260925 13:42:10.375646 0x16df17000 official_aether_sfm_c.cc:7348] [aether_sfm] official quadratic overlap: overlap=10 candidates=33 written=0 in 160.475 ms
I20260925 13:42:10.467980 0x16de8b000 official_bundle_adjustment_ceres.cc:1137] [AETHER] solver_used=DENSE_SCHUR sparse_backend=EIGEN_SPARSE dense_backend=EIGEN mixed=0 threads=6
I20260925 13:42:10.476310 0x16de8b000 official_incremental_pipeline.cc:323] Loading database
I20260925 13:42:10.476342 0x16de8b000 database_cache.cc:72] Loading rigs...
I20260925 13:42:10.476351 0x16de8b000 database_cache.cc:82]  0 in 0.000s
I20260925 13:42:10.476357 0x16de8b000 database_cache.cc:90] Loading cameras...
I20260925 13:42:10.476370 0x16de8b000 database_cache.cc:108]  20 in 0.000s
I20260925 13:42:10.476375 0x16de8b000 database_cache.cc:116] Loading frames...
I20260925 13:42:10.476381 0x16de8b000 database_cache.cc:126]  0 in 0.000s
I20260925 13:42:10.476385 0x16de8b000 database_cache.cc:134] Loading matches...
I20260925 13:42:10.476531 0x16de8b000 database_cache.cc:139]  88 in 0.000s
I20260925 13:42:10.476535 0x16de8b000 database_cache.cc:147] Loading images...
I20260925 13:42:10.478041 0x16de8b000 database_cache.cc:236]  20 in 0.002s (loaded all 20)
I20260925 13:42:10.478049 0x16de8b000 database_cache.cc:255] Loading pose priors...
I20260925 13:42:10.478057 0x16de8b000 database_cache.cc:263]  0 in 0.000s
I20260925 13:42:10.478061 0x16de8b000 database_cache.cc:271] Building correspondence graph...
I20260925 13:42:10.480076 0x16de8b000 database_cache.cc:300]  in 0.002s (ignored 0)
I20260925 13:42:10.480093 0x16de8b000 timer.cc:90] Elapsed time: 0.000 [minutes]
I20260925 13:42:10.494408 0x16de8b000 official_bundle_adjustment_ceres.cc:1648] [AETHER gravity] injected 19/20 roll/pitch anchors, sigma_rad=0.00872665
I20260925 13:42:10.639756 0x16de8b000 official_bundle_adjustment_ceres.cc:1137] [AETHER] solver_used=DENSE_SCHUR sparse_backend=EIGEN_SPARSE dense_backend=EIGEN mixed=0 threads=6
I20260925 13:42:10.654815 0x16de8b000 official_bundle_adjustment_ceres.cc:1648] [AETHER gravity] injected 19/20 roll/pitch anchors, sigma_rad=0.00872665
I20260925 13:42:10.754938 0x16de8b000 official_bundle_adjustment_ceres.cc:1137] [AETHER] solver_used=DENSE_SCHUR sparse_backend=EIGEN_SPARSE dense_backend=EIGEN mixed=0 threads=6
I20260925 13:42:10.769927 0x16de8b000 official_bundle_adjustment_ceres.cc:1648] [AETHER gravity] injected 19/20 roll/pitch anchors, sigma_rad=0.00872665
I20260925 13:42:10.842187 0x16de8b000 official_bundle_adjustment_ceres.cc:1137] [AETHER] solver_used=DENSE_SCHUR sparse_backend=EIGEN_SPARSE dense_backend=EIGEN mixed=0 threads=6
W20260925 13:42:10.849226 0x16de8b000 official_aether_sfm_c.cc:9530] [frame-loss] before=20 after=20 lost_zero_obs=0 lost_with_obs=0 |
W20260925 13:42:10.849455 0x16de8b000 official_aether_sfm_c.cc:9614] [aether_sfm] finalize worker: cache_pre=3ms enrich=371ms stage1=468ms (ok, rounds=2) stage2=373ms (rounds<=3) temporal=0ms upgrade=0ms total=847ms
W20260925 13:42:10.849678 0x16de8b000 official_aether_sfm_c.cc:9643] [aether_sfm] delivered-point provenance: live-created=10924 official-retriangulated=823 live-dropped-by-official-filtering=1469 (live model had 12393; capture-time official TriangulateImage added 0 obs)
W20260925 13:42:10.849804 0x16de8b000 official_aether_sfm_c.cc:8066] [device-align-v1] status=aligned pairs=20 inliers=20 max_error_m=0.111819 scale=1.03406 centre_err_median_m=0.0206899 centre_err_max_m=0.0524324 outliers=0
W20260925 13:42:10.901420 0x1fecf6080 official_aether_sfm_c.cc:13097] [aether_sfm] deliver-filter(get_points_tracked): kept 11519/11747 (min_tri_angle=3deg, mirror_ghost=171, isolated_floater=57, killed_union=228)
[pwofficial_gpu_match_dawn] device lost #1 reason=2 rc=8: Device was destroyed.
        4.53 real         4.93 user         3.76 sys
           195936256  maximum resident set size
                   0  average shared memory size
                   0  average unshared data size
                   0  average unshared stack size
               48838  page reclaims
                  14  page faults
                   0  swaps
                   0  block input operations
                   0  block output operations
                   0  messages sent
                   0  messages received
                   0  signals received
                  44  voluntary context switches
              803026  involuntary context switches
         70808565218  instructions retired
         30325882916  cycles elapsed
           445317840  peak memory footprint
