[dkm] frames=115 candidate_pairs=406 selected=8 slice=96:104 available=6.55GB
/opt/homebrew/lib/python3.11/site-packages/torchvision/models/_utils.py:208: UserWarning: The parameter 'pretrained' is deprecated since 0.13 and may be removed in the future, please use 'weights' instead.
  warnings.warn(
/opt/homebrew/lib/python3.11/site-packages/torchvision/models/_utils.py:223: UserWarning: Arguments other than a weight enum or `None` for 'weights' are deprecated since 0.13 and may be removed in the future. The current behavior is equivalent to passing `weights=None`.
  warnings.warn(msg)
[dkm] model loaded on mps in 0.61s
/opt/homebrew/lib/python3.11/site-packages/torch/functional.py:505: UserWarning: torch.meshgrid: in an upcoming release, it will be required to pass the indexing argument. (Triggered internally at /Users/runner/work/pytorch/pytorch/aten/src/ATen/native/TensorShape.cpp:4384.)
  return _VF.meshgrid(tensors, **kwargs)  # type: ignore[attr-defined]
[dkm] 1/8 024_113 grid=509 arkit_inlier=0.833 magsac_inlier=0.986 median=1.197px time=0.58s
[dkm] 2/8 024_111 grid=615 arkit_inlier=0.911 magsac_inlier=0.958 median=1.045px time=0.45s
[dkm] 3/8 024_112 grid=909 arkit_inlier=0.989 magsac_inlier=0.987 median=0.914px time=0.48s
[dkm] 4/8 024_025 grid=2222 arkit_inlier=1.000 magsac_inlier=1.000 median=0.339px time=0.51s
[dkm] 5/8 025_111 grid=612 arkit_inlier=0.922 magsac_inlier=0.977 median=1.101px time=0.50s
[dkm] 6/8 025_112 grid=908 arkit_inlier=0.988 magsac_inlier=1.000 median=0.923px time=0.46s
[dkm] 7/8 025_110 grid=580 arkit_inlier=0.948 magsac_inlier=0.997 median=1.549px time=0.42s
[dkm] 8/8 025_113 grid=816 arkit_inlier=0.891 magsac_inlier=0.998 median=1.305px time=0.46s
[dkm] matches_sha256=c44e8cdb1e3b84646f63bc581e789e98c0d1ef38d1ce94180aeba5cada48fd78
[dkm] metrics_sha256=f9fad68c7cbf3e916c5dd7d0a3765f64b1a1c54f76013041c1147e9fecd6f03d
DKM_CAP50_DONE
        6.61 real         2.64 user         1.34 sys
           948240384  maximum resident set size
                   0  average shared memory size
                   0  average unshared data size
                   0  average unshared stack size
              149799  page reclaims
                 158  page faults
                   0  swaps
                   0  block input operations
                   0  block output operations
                   0  messages sent
                   0  messages received
                   0  signals received
                 181  voluntary context switches
               25119  involuntary context switches
         34761260111  instructions retired
         13828504649  cycles elapsed
          3441526608  peak memory footprint
