[DawnKernelHarness] limits: invocations/wg=512 wgSizeX=512 storageBufs=10 maxBuffer=1073741824 maxStorageBinding=1073741824 (adapter: 1024 1024 10 4294967295 4294967295)
[pwofficial_gpu_match_dawn] backend=blocked(fma4x4+direct+w64+nopb+f16+keyscan3+ptr+kp,V8) adapter="Apple M3 Pro" subgroups=1 sgmatrix=1 f32_8x8x8=1 f16_f32=1 mixed=0 subgroup=[4,64] packed_dot=1 timestamp=1 limits[storage=32768 invocations=1024 sizeX=1024]
WARNING: Logging before InitGoogleLogging() is written to STDERR
I20260925 17:51:59.368856 0x1fecf6080 database_cache.cc:72] Loading rigs...
I20260925 17:51:59.368883 0x1fecf6080 database_cache.cc:82]  0 in 0.000s
I20260925 17:51:59.368891 0x1fecf6080 database_cache.cc:90] Loading cameras...
I20260925 17:51:59.368906 0x1fecf6080 database_cache.cc:108]  2 in 0.000s
I20260925 17:51:59.368912 0x1fecf6080 database_cache.cc:116] Loading frames...
I20260925 17:51:59.368922 0x1fecf6080 database_cache.cc:126]  0 in 0.000s
I20260925 17:51:59.368927 0x1fecf6080 database_cache.cc:134] Loading matches...
I20260925 17:51:59.368936 0x1fecf6080 database_cache.cc:139]  1 in 0.000s
I20260925 17:51:59.368941 0x1fecf6080 database_cache.cc:147] Loading images...
I20260925 17:51:59.369052 0x1fecf6080 database_cache.cc:236]  2 in 0.000s (loaded all 2)
I20260925 17:51:59.369059 0x1fecf6080 database_cache.cc:255] Loading pose priors...
I20260925 17:51:59.369066 0x1fecf6080 database_cache.cc:263]  0 in 0.000s
I20260925 17:51:59.369070 0x1fecf6080 database_cache.cc:271] Building correspondence graph...
I20260925 17:51:59.369114 0x1fecf6080 database_cache.cc:300]  in 0.000s (ignored 0)
I20260925 17:51:59.451593 0x1fecf6080 official_bundle_adjustment_ceres.cc:1648] [AETHER gravity] injected 3/3 roll/pitch anchors, sigma_rad=0.00872665
[AETHER BA-ORDERING] blocks=524 pts(g0)=515 cams(g1)=3 g1_all_pose=1 proven=1
I20260925 17:51:59.461925 0x1fecf6080 official_bundle_adjustment_ceres.cc:1137] [AETHER] solver_used=DENSE_SCHUR sparse_backend=EIGEN_SPARSE dense_backend=EIGEN mixed=0 threads=1
I20260925 17:51:59.462655 0x1fecf6080 official_bundle_adjustment_ceres.cc:1648] [AETHER gravity] injected 3/3 roll/pitch anchors, sigma_rad=0.00872665
[AETHER BA-ORDERING] blocks=519 pts(g0)=510 cams(g1)=3 g1_all_pose=1 proven=1
I20260925 17:51:59.464916 0x1fecf6080 official_bundle_adjustment_ceres.cc:1137] [AETHER] solver_used=DENSE_SCHUR sparse_backend=EIGEN_SPARSE dense_backend=EIGEN mixed=0 threads=1
I20260925 17:51:59.533975 0x1fecf6080 official_bundle_adjustment_ceres.cc:1648] [AETHER gravity] injected 4/4 roll/pitch anchors, sigma_rad=0.00872665
[AETHER BA-ORDERING] blocks=867 pts(g0)=856 cams(g1)=4 g1_all_pose=1 proven=1
I20260925 17:51:59.547349 0x1fecf6080 official_bundle_adjustment_ceres.cc:1137] [AETHER] solver_used=DENSE_SCHUR sparse_backend=EIGEN_SPARSE dense_backend=EIGEN mixed=0 threads=1
I20260925 17:51:59.548346 0x1fecf6080 official_bundle_adjustment_ceres.cc:1648] [AETHER gravity] injected 4/4 roll/pitch anchors, sigma_rad=0.00872665
I20260925 17:51:59.551668 0x1fecf6080 official_bundle_adjustment_ceres.cc:1137] [AETHER] solver_used=DENSE_SCHUR sparse_backend=EIGEN_SPARSE dense_backend=EIGEN mixed=0 threads=1
I20260925 17:51:59.609579 0x1fecf6080 official_bundle_adjustment_ceres.cc:1648] [AETHER gravity] injected 5/5 roll/pitch anchors, sigma_rad=0.00872665
I20260925 17:51:59.627958 0x1fecf6080 official_bundle_adjustment_ceres.cc:1137] [AETHER] solver_used=DENSE_SCHUR sparse_backend=EIGEN_SPARSE dense_backend=EIGEN mixed=0 threads=1
I20260925 17:51:59.629244 0x1fecf6080 official_bundle_adjustment_ceres.cc:1648] [AETHER gravity] injected 5/5 roll/pitch anchors, sigma_rad=0.00872665
I20260925 17:51:59.633666 0x1fecf6080 official_bundle_adjustment_ceres.cc:1137] [AETHER] solver_used=DENSE_SCHUR sparse_backend=EIGEN_SPARSE dense_backend=EIGEN mixed=0 threads=1
I20260925 17:51:59.685990 0x1fecf6080 official_bundle_adjustment_ceres.cc:1648] [AETHER gravity] injected 6/6 roll/pitch anchors, sigma_rad=0.00872665
I20260925 17:51:59.706294 0x1fecf6080 official_bundle_adjustment_ceres.cc:1137] [AETHER] solver_used=DENSE_SCHUR sparse_backend=EIGEN_SPARSE dense_backend=EIGEN mixed=0 threads=1
I20260925 17:51:59.707601 0x1fecf6080 official_bundle_adjustment_ceres.cc:1648] [AETHER gravity] injected 6/6 roll/pitch anchors, sigma_rad=0.00872665
I20260925 17:51:59.713196 0x1fecf6080 official_bundle_adjustment_ceres.cc:1137] [AETHER] solver_used=DENSE_SCHUR sparse_backend=EIGEN_SPARSE dense_backend=EIGEN mixed=0 threads=1
I20260925 17:51:59.775002 0x1fecf6080 official_bundle_adjustment_ceres.cc:1648] [AETHER gravity] injected 6/6 roll/pitch anchors, sigma_rad=0.00872665
I20260925 17:51:59.791677 0x1fecf6080 official_bundle_adjustment_ceres.cc:1137] [AETHER] solver_used=DENSE_SCHUR sparse_backend=EIGEN_SPARSE dense_backend=EIGEN mixed=0 threads=1
I20260925 17:51:59.792841 0x1fecf6080 official_bundle_adjustment_ceres.cc:1648] [AETHER gravity] injected 6/6 roll/pitch anchors, sigma_rad=0.00872665
I20260925 17:51:59.794946 0x1fecf6080 official_bundle_adjustment_ceres.cc:1137] [AETHER] solver_used=DENSE_SCHUR sparse_backend=EIGEN_SPARSE dense_backend=EIGEN mixed=0 threads=1
I20260925 17:51:59.850492 0x1fecf6080 official_bundle_adjustment_ceres.cc:1648] [AETHER gravity] injected 6/6 roll/pitch anchors, sigma_rad=0.00872665
I20260925 17:51:59.870781 0x1fecf6080 official_bundle_adjustment_ceres.cc:1137] [AETHER] solver_used=DENSE_SCHUR sparse_backend=EIGEN_SPARSE dense_backend=EIGEN mixed=0 threads=6
I20260925 17:51:59.872697 0x1fecf6080 official_bundle_adjustment_ceres.cc:1648] [AETHER gravity] injected 6/6 roll/pitch anchors, sigma_rad=0.00872665
I20260925 17:51:59.876238 0x1fecf6080 official_bundle_adjustment_ceres.cc:1137] [AETHER] solver_used=DENSE_SCHUR sparse_backend=EIGEN_SPARSE dense_backend=EIGEN mixed=0 threads=6
I20260925 17:51:59.941675 0x1fecf6080 official_bundle_adjustment_ceres.cc:1648] [AETHER gravity] injected 5/5 roll/pitch anchors, sigma_rad=0.00872665
I20260925 17:51:59.952624 0x1fecf6080 official_bundle_adjustment_ceres.cc:1137] [AETHER] solver_used=DENSE_SCHUR sparse_backend=EIGEN_SPARSE dense_backend=EIGEN mixed=0 threads=1
I20260925 17:51:59.954352 0x1fecf6080 official_bundle_adjustment_ceres.cc:1648] [AETHER gravity] injected 6/6 roll/pitch anchors, sigma_rad=0.00872665
I20260925 17:51:59.957180 0x1fecf6080 official_bundle_adjustment_ceres.cc:1137] [AETHER] solver_used=DENSE_SCHUR sparse_backend=EIGEN_SPARSE dense_backend=EIGEN mixed=0 threads=6
I20260925 17:52:00.016024 0x1fecf6080 official_bundle_adjustment_ceres.cc:1648] [AETHER gravity] injected 3/3 roll/pitch anchors, sigma_rad=0.00872665
I20260925 17:52:00.019030 0x1fecf6080 official_bundle_adjustment_ceres.cc:1137] [AETHER] solver_used=DENSE_SCHUR sparse_backend=EIGEN_SPARSE dense_backend=EIGEN mixed=0 threads=1
I20260925 17:52:00.019808 0x1fecf6080 official_bundle_adjustment_ceres.cc:1648] [AETHER gravity] injected 4/4 roll/pitch anchors, sigma_rad=0.00872665
I20260925 17:52:00.021244 0x1fecf6080 official_bundle_adjustment_ceres.cc:1137] [AETHER] solver_used=DENSE_SCHUR sparse_backend=EIGEN_SPARSE dense_backend=EIGEN mixed=0 threads=1
I20260925 17:52:00.332442 0x1fecf6080 official_bundle_adjustment_ceres.cc:1648] [AETHER gravity] injected 3/3 roll/pitch anchors, sigma_rad=0.00872665
I20260925 17:52:00.335502 0x1fecf6080 official_bundle_adjustment_ceres.cc:1137] [AETHER] solver_used=DENSE_SCHUR sparse_backend=EIGEN_SPARSE dense_backend=EIGEN mixed=0 threads=1
I20260925 17:52:00.336870 0x1fecf6080 official_bundle_adjustment_ceres.cc:1648] [AETHER gravity] injected 4/4 roll/pitch anchors, sigma_rad=0.00872665
I20260925 17:52:00.340719 0x1fecf6080 official_bundle_adjustment_ceres.cc:1137] [AETHER] solver_used=DENSE_SCHUR sparse_backend=EIGEN_SPARSE dense_backend=EIGEN mixed=0 threads=1
I20260925 17:52:00.482541 0x1fecf6080 official_bundle_adjustment_ceres.cc:1648] [AETHER gravity] injected 6/6 roll/pitch anchors, sigma_rad=0.00872665
I20260925 17:52:00.497274 0x1fecf6080 official_bundle_adjustment_ceres.cc:1137] [AETHER] solver_used=DENSE_SCHUR sparse_backend=EIGEN_SPARSE dense_backend=EIGEN mixed=0 threads=1
I20260925 17:52:00.498573 0x1fecf6080 official_bundle_adjustment_ceres.cc:1648] [AETHER gravity] injected 6/6 roll/pitch anchors, sigma_rad=0.00872665
I20260925 17:52:00.501859 0x1fecf6080 official_bundle_adjustment_ceres.cc:1137] [AETHER] solver_used=DENSE_SCHUR sparse_backend=EIGEN_SPARSE dense_backend=EIGEN mixed=0 threads=1
I20260925 17:52:00.563058 0x1fecf6080 official_bundle_adjustment_ceres.cc:1648] [AETHER gravity] injected 6/6 roll/pitch anchors, sigma_rad=0.00872665
I20260925 17:52:00.575856 0x1fecf6080 official_bundle_adjustment_ceres.cc:1137] [AETHER] solver_used=DENSE_SCHUR sparse_backend=EIGEN_SPARSE dense_backend=EIGEN mixed=0 threads=1
I20260925 17:52:00.577297 0x1fecf6080 official_bundle_adjustment_ceres.cc:1648] [AETHER gravity] injected 6/6 roll/pitch anchors, sigma_rad=0.00872665
I20260925 17:52:00.580916 0x1fecf6080 official_bundle_adjustment_ceres.cc:1137] [AETHER] solver_used=DENSE_SCHUR sparse_backend=EIGEN_SPARSE dense_backend=EIGEN mixed=0 threads=1
I20260925 17:52:00.620164 0x1fecf6080 official_bundle_adjustment_ceres.cc:1648] [AETHER gravity] injected 2/2 roll/pitch anchors, sigma_rad=0.00872665
I20260925 17:52:00.620442 0x1fecf6080 official_bundle_adjustment_ceres.cc:1137] [AETHER] solver_used=DENSE_SCHUR sparse_backend=EIGEN_SPARSE dense_backend=EIGEN mixed=0 threads=1
I20260925 17:52:00.620645 0x1fecf6080 official_bundle_adjustment_ceres.cc:1648] [AETHER gravity] injected 2/2 roll/pitch anchors, sigma_rad=0.00872665
I20260925 17:52:00.620765 0x1fecf6080 official_bundle_adjustment_ceres.cc:1137] [AETHER] solver_used=DENSE_SCHUR sparse_backend=EIGEN_SPARSE dense_backend=EIGEN mixed=0 threads=1
I20260925 17:52:00.662961 0x1fecf6080 official_bundle_adjustment_ceres.cc:1648] [AETHER gravity] injected 2/2 roll/pitch anchors, sigma_rad=0.00872665
I20260925 17:52:00.664792 0x1fecf6080 official_bundle_adjustment_ceres.cc:1137] [AETHER] solver_used=DENSE_SCHUR sparse_backend=EIGEN_SPARSE dense_backend=EIGEN mixed=0 threads=1
I20260925 17:52:00.666038 0x1fecf6080 official_bundle_adjustment_ceres.cc:1648] [AETHER gravity] injected 5/5 roll/pitch anchors, sigma_rad=0.00872665
I20260925 17:52:00.671645 0x1fecf6080 official_bundle_adjustment_ceres.cc:1137] [AETHER] solver_used=DENSE_SCHUR sparse_backend=EIGEN_SPARSE dense_backend=EIGEN mixed=0 threads=1
I20260925 17:52:00.721487 0x1fecf6080 official_bundle_adjustment_ceres.cc:1648] [AETHER gravity] injected 6/6 roll/pitch anchors, sigma_rad=0.00872665
I20260925 17:52:00.735896 0x1fecf6080 official_bundle_adjustment_ceres.cc:1137] [AETHER] solver_used=DENSE_SCHUR sparse_backend=EIGEN_SPARSE dense_backend=EIGEN mixed=0 threads=1
I20260925 17:52:00.737680 0x1fecf6080 official_bundle_adjustment_ceres.cc:1648] [AETHER gravity] injected 6/6 roll/pitch anchors, sigma_rad=0.00872665
I20260925 17:52:00.741711 0x1fecf6080 official_bundle_adjustment_ceres.cc:1137] [AETHER] solver_used=DENSE_SCHUR sparse_backend=EIGEN_SPARSE dense_backend=EIGEN mixed=0 threads=6
I20260925 17:52:00.804645 0x1fecf6080 official_bundle_adjustment_ceres.cc:1648] [AETHER gravity] injected 4/4 roll/pitch anchors, sigma_rad=0.00872665
I20260925 17:52:00.808805 0x1fecf6080 official_bundle_adjustment_ceres.cc:1137] [AETHER] solver_used=DENSE_SCHUR sparse_backend=EIGEN_SPARSE dense_backend=EIGEN mixed=0 threads=1
I20260925 17:52:00.809816 0x1fecf6080 official_bundle_adjustment_ceres.cc:1648] [AETHER gravity] injected 5/5 roll/pitch anchors, sigma_rad=0.00872665
I20260925 17:52:00.811925 0x1fecf6080 official_bundle_adjustment_ceres.cc:1137] [AETHER] solver_used=DENSE_SCHUR sparse_backend=EIGEN_SPARSE dense_backend=EIGEN mixed=0 threads=1
I20260925 17:52:00.877358 0x1fecf6080 official_bundle_adjustment_ceres.cc:1648] [AETHER gravity] injected 2/2 roll/pitch anchors, sigma_rad=0.00872665
I20260925 17:52:00.878305 0x1fecf6080 official_bundle_adjustment_ceres.cc:1137] [AETHER] solver_used=DENSE_SCHUR sparse_backend=EIGEN_SPARSE dense_backend=EIGEN mixed=0 threads=1
I20260925 17:52:00.879145 0x16f4df000 database_cache.cc:72] Loading rigs...
I20260925 17:52:00.879157 0x16f4df000 database_cache.cc:82]  0 in 0.000s
I20260925 17:52:00.879164 0x16f4df000 database_cache.cc:90] Loading cameras...
I20260925 17:52:00.879188 0x16f4df000 database_cache.cc:108]  20 in 0.000s
I20260925 17:52:00.879194 0x16f4df000 database_cache.cc:116] Loading frames...
I20260925 17:52:00.879201 0x16f4df000 database_cache.cc:126]  0 in 0.000s
I20260925 17:52:00.879206 0x16f4df000 database_cache.cc:134] Loading matches...
I20260925 17:52:00.879282 0x16f4df000 database_cache.cc:139]  68 in 0.000s
I20260925 17:52:00.879287 0x16f4df000 database_cache.cc:147] Loading images...
I20260925 17:52:00.880350 0x16f4df000 database_cache.cc:236]  20 in 0.001s (loaded all 20)
I20260925 17:52:00.880358 0x16f4df000 database_cache.cc:255] Loading pose priors...
I20260925 17:52:00.880367 0x16f4df000 database_cache.cc:263]  0 in 0.000s
I20260925 17:52:00.880371 0x16f4df000 database_cache.cc:271] Building correspondence graph...
I20260925 17:52:00.881042 0x16f4df000 database_cache.cc:300]  in 0.001s (ignored 0)
I20260925 17:52:00.884995 0x16f4df000 official_bundle_adjustment_ceres.cc:1648] [AETHER gravity] injected 18/19 roll/pitch anchors, sigma_rad=0.00872665
I20260925 17:52:00.959462 0x16f4df000 official_bundle_adjustment_ceres.cc:1137] [AETHER] solver_used=DENSE_SCHUR sparse_backend=EIGEN_SPARSE dense_backend=EIGEN mixed=0 threads=6
I20260925 17:52:00.962975 0x16f4df000 official_bundle_adjustment_ceres.cc:1648] [AETHER gravity] injected 18/19 roll/pitch anchors, sigma_rad=0.00872665
I20260925 17:52:01.022673 0x16f4df000 official_bundle_adjustment_ceres.cc:1137] [AETHER] solver_used=DENSE_SCHUR sparse_backend=EIGEN_SPARSE dense_backend=EIGEN mixed=0 threads=6
I20260925 17:52:01.025889 0x16f4df000 official_bundle_adjustment_ceres.cc:1648] [AETHER gravity] injected 18/19 roll/pitch anchors, sigma_rad=0.00872665
I20260925 17:52:01.056569 0x16f4df000 official_bundle_adjustment_ceres.cc:1137] [AETHER] solver_used=DENSE_SCHUR sparse_backend=EIGEN_SPARSE dense_backend=EIGEN mixed=0 threads=6
I20260925 17:52:01.059767 0x16f4df000 official_bundle_adjustment_ceres.cc:1648] [AETHER gravity] injected 18/19 roll/pitch anchors, sigma_rad=0.00872665
I20260925 17:52:01.092800 0x16f4df000 official_bundle_adjustment_ceres.cc:1137] [AETHER] solver_used=DENSE_SCHUR sparse_backend=EIGEN_SPARSE dense_backend=EIGEN mixed=0 threads=6
W20260925 17:52:01.094338 0x16f56b000 official_aether_sfm_c.cc:6907] [aether_sfm] finalize re-match: starved_frames=9 candidates=96 attempted=96 written=1 inliers=30 failed=0 gpu_fail_capture=0 probe_debt_repaid=0 probe_debt_left=0
I20260925 17:52:01.096078 0x16f4df000 official_bundle_adjustment_ceres.cc:1648] [AETHER gravity] injected 18/19 roll/pitch anchors, sigma_rad=0.00872665
I20260925 17:52:01.115305 0x16f4df000 official_bundle_adjustment_ceres.cc:1137] [AETHER] solver_used=DENSE_SCHUR sparse_backend=EIGEN_SPARSE dense_backend=EIGEN mixed=0 threads=6
W20260925 17:52:01.165094 0x16f56b000 official_aether_sfm_c.cc:7348] [aether_sfm] official quadratic overlap: overlap=10 candidates=42 written=0 in 70.6233 ms
I20260925 17:52:01.174443 0x16f4df000 official_incremental_pipeline.cc:323] Loading database
I20260925 17:52:01.174476 0x16f4df000 database_cache.cc:72] Loading rigs...
I20260925 17:52:01.174484 0x16f4df000 database_cache.cc:82]  0 in 0.000s
I20260925 17:52:01.174491 0x16f4df000 database_cache.cc:90] Loading cameras...
I20260925 17:52:01.174504 0x16f4df000 database_cache.cc:108]  20 in 0.000s
I20260925 17:52:01.174508 0x16f4df000 database_cache.cc:116] Loading frames...
I20260925 17:52:01.174514 0x16f4df000 database_cache.cc:126]  0 in 0.000s
I20260925 17:52:01.174518 0x16f4df000 database_cache.cc:134] Loading matches...
I20260925 17:52:01.174580 0x16f4df000 database_cache.cc:139]  69 in 0.000s
I20260925 17:52:01.174584 0x16f4df000 database_cache.cc:147] Loading images...
I20260925 17:52:01.175460 0x16f4df000 database_cache.cc:236]  20 in 0.001s (loaded all 20)
I20260925 17:52:01.175467 0x16f4df000 database_cache.cc:255] Loading pose priors...
I20260925 17:52:01.175474 0x16f4df000 database_cache.cc:263]  0 in 0.000s
I20260925 17:52:01.175477 0x16f4df000 database_cache.cc:271] Building correspondence graph...
I20260925 17:52:01.176025 0x16f4df000 database_cache.cc:300]  in 0.001s (ignored 0)
I20260925 17:52:01.176037 0x16f4df000 timer.cc:90] Elapsed time: 0.000 [minutes]
I20260925 17:52:01.179189 0x16f4df000 official_bundle_adjustment_ceres.cc:1648] [AETHER gravity] injected 18/19 roll/pitch anchors, sigma_rad=0.00872665
I20260925 17:52:01.197412 0x16f4df000 official_bundle_adjustment_ceres.cc:1137] [AETHER] solver_used=DENSE_SCHUR sparse_backend=EIGEN_SPARSE dense_backend=EIGEN mixed=0 threads=6
W20260925 17:52:01.199222 0x16f4df000 official_aether_sfm_c.cc:9530] [frame-loss] before=20 after=19 lost_zero_obs=1 lost_with_obs=0 | frame_000010.jpg(obs=0)
W20260925 17:52:01.199441 0x16f4df000 official_aether_sfm_c.cc:9614] [aether_sfm] finalize worker: cache_pre=1ms enrich=292ms stage1=235ms (ok, rounds=5) stage2=25ms (rounds<=1) temporal=0ms upgrade=0ms total=320ms
W20260925 17:52:01.199652 0x16f4df000 official_aether_sfm_c.cc:9643] [aether_sfm] delivered-point provenance: live-created=2395 official-retriangulated=94 live-dropped-by-official-filtering=252 (live model had 2647; capture-time official TriangulateImage added 0 obs)
W20260925 17:52:01.199749 0x16f4df000 official_aether_sfm_c.cc:8066] [device-align-v1] status=aligned pairs=19 inliers=19 max_error_m=0.111819 scale=1.02662 centre_err_median_m=0.0105753 centre_err_max_m=0.0237605 outliers=0
W20260925 17:52:01.296031 0x1fecf6080 official_aether_sfm_c.cc:13097] [aether_sfm] deliver-filter(get_points_tracked): kept 2363/2489 (min_tri_angle=3deg, mirror_ghost=0, isolated_floater=1, killed_union=1)
[pwofficial_gpu_match_dawn] device lost #1 reason=2 rc=8: Device was destroyed.
        2.11 real         1.11 user         0.66 sys
           120537088  maximum resident set size
                   0  average shared memory size
                   0  average unshared data size
                   0  average unshared stack size
               35827  page reclaims
                 451  page faults
                   0  swaps
                   0  block input operations
                   0  block output operations
                   0  messages sent
                   0  messages received
                   0  signals received
                  67  voluntary context switches
               98874  involuntary context switches
         15802167316  instructions retired
          6009096765  cycles elapsed
           321110712  peak memory footprint
