W20260718 14:03:02.237061 0x208442080 aether_sfm_c.cc:6952] [aether_sfm] host replay reusing stored pairs from /Users/kaidongwang/.config/superpowers/worktrees/pocketworld_research_benchmarks/pocketworld-repro-contract-20260714/experiments/rs_replication_exec_2026-07-19/E9_birth_alias/runs/cap50_conflict_mv/input_db/sfm_live.db (matches=1076, verified=1076)
W20260718 14:03:02.244319 0x208442080 aether_sfm_c.cc:7765] [aether_sfm] conflict-multiview frames=2 deferred=239 committed_observations=0 site_obs_attempted=0 site_obs_rejected=0
I20260718 14:03:02.267273 0x208442080 bundle_adjustment_ceres.cc:1051] [AETHER] solver_used=DENSE_SCHUR sparse_backend=EIGEN_SPARSE dense_backend=EIGEN mixed=0 threads=1
I20260718 14:03:02.299670 0x208442080 bundle_adjustment_ceres.cc:1051] [AETHER] solver_used=DENSE_SCHUR sparse_backend=EIGEN_SPARSE dense_backend=EIGEN mixed=0 threads=1
I20260718 14:03:02.345594 0x208442080 bundle_adjustment_ceres.cc:1051] [AETHER] solver_used=DENSE_SCHUR sparse_backend=EIGEN_SPARSE dense_backend=EIGEN mixed=0 threads=1
I20260718 14:03:02.418541 0x208442080 bundle_adjustment_ceres.cc:1051] [AETHER] solver_used=DENSE_SCHUR sparse_backend=EIGEN_SPARSE dense_backend=EIGEN mixed=0 threads=1
I20260718 14:03:02.502483 0x208442080 bundle_adjustment_ceres.cc:1051] [AETHER] solver_used=DENSE_SCHUR sparse_backend=EIGEN_SPARSE dense_backend=EIGEN mixed=0 threads=1
I20260718 14:03:02.592079 0x208442080 bundle_adjustment_ceres.cc:1051] [AETHER] solver_used=DENSE_SCHUR sparse_backend=EIGEN_SPARSE dense_backend=EIGEN mixed=0 threads=1
I20260718 14:03:02.691406 0x208442080 bundle_adjustment_ceres.cc:1051] [AETHER] solver_used=DENSE_SCHUR sparse_backend=EIGEN_SPARSE dense_backend=EIGEN mixed=0 threads=1
I20260718 14:03:02.788220 0x208442080 bundle_adjustment_ceres.cc:1051] [AETHER] solver_used=DENSE_SCHUR sparse_backend=EIGEN_SPARSE dense_backend=EIGEN mixed=0 threads=1
I20260718 14:03:02.886617 0x208442080 bundle_adjustment_ceres.cc:1051] [AETHER] solver_used=DENSE_SCHUR sparse_backend=EIGEN_SPARSE dense_backend=EIGEN mixed=0 threads=1
I20260718 14:03:02.996252 0x208442080 bundle_adjustment_ceres.cc:1051] [AETHER] solver_used=DENSE_SCHUR sparse_backend=EIGEN_SPARSE dense_backend=EIGEN mixed=0 threads=1
I20260718 14:03:03.084443 0x208442080 bundle_adjustment_ceres.cc:1051] [AETHER] solver_used=DENSE_SCHUR sparse_backend=EIGEN_SPARSE dense_backend=EIGEN mixed=0 threads=1
I20260718 14:03:03.163684 0x208442080 bundle_adjustment_ceres.cc:1051] [AETHER] solver_used=DENSE_SCHUR sparse_backend=EIGEN_SPARSE dense_backend=EIGEN mixed=0 threads=1
I20260718 14:03:03.233627 0x208442080 bundle_adjustment_ceres.cc:1051] [AETHER] solver_used=DENSE_SCHUR sparse_backend=EIGEN_SPARSE dense_backend=EIGEN mixed=0 threads=1
I20260718 14:03:03.282686 0x208442080 bundle_adjustment_ceres.cc:1051] [AETHER] solver_used=DENSE_SCHUR sparse_backend=EIGEN_SPARSE dense_backend=EIGEN mixed=0 threads=1
I20260718 14:03:03.332636 0x208442080 bundle_adjustment_ceres.cc:1051] [AETHER] solver_used=DENSE_SCHUR sparse_backend=EIGEN_SPARSE dense_backend=EIGEN mixed=0 threads=1
I20260718 14:03:03.385873 0x208442080 bundle_adjustment_ceres.cc:1051] [AETHER] solver_used=DENSE_SCHUR sparse_backend=EIGEN_SPARSE dense_backend=EIGEN mixed=0 threads=1
I20260718 14:03:03.432914 0x208442080 bundle_adjustment_ceres.cc:1051] [AETHER] solver_used=DENSE_SCHUR sparse_backend=EIGEN_SPARSE dense_backend=EIGEN mixed=0 threads=1
W20260718 14:03:03.444623 0x208442080 aether_sfm_c.cc:7765] [aether_sfm] conflict-multiview frames=20 deferred=12354 committed_observations=4242 site_obs_attempted=0 site_obs_rejected=0
I20260718 14:03:03.480545 0x208442080 bundle_adjustment_ceres.cc:1051] [AETHER] solver_used=DENSE_SCHUR sparse_backend=EIGEN_SPARSE dense_backend=EIGEN mixed=0 threads=1
I20260718 14:03:03.530473 0x208442080 bundle_adjustment_ceres.cc:1051] [AETHER] solver_used=DENSE_SCHUR sparse_backend=EIGEN_SPARSE dense_backend=EIGEN mixed=0 threads=1
I20260718 14:03:03.580946 0x208442080 bundle_adjustment_ceres.cc:1051] [AETHER] solver_used=DENSE_SCHUR sparse_backend=EIGEN_SPARSE dense_backend=EIGEN mixed=0 threads=1
I20260718 14:03:03.629041 0x208442080 bundle_adjustment_ceres.cc:1051] [AETHER] solver_used=DENSE_SCHUR sparse_backend=EIGEN_SPARSE dense_backend=EIGEN mixed=0 threads=1
I20260718 14:03:03.680507 0x208442080 bundle_adjustment_ceres.cc:1051] [AETHER] solver_used=DENSE_SCHUR sparse_backend=EIGEN_SPARSE dense_backend=EIGEN mixed=0 threads=1
I20260718 14:03:03.726962 0x208442080 bundle_adjustment_ceres.cc:1051] [AETHER] solver_used=DENSE_SCHUR sparse_backend=EIGEN_SPARSE dense_backend=EIGEN mixed=0 threads=1
I20260718 14:03:03.778630 0x208442080 bundle_adjustment_ceres.cc:1051] [AETHER] solver_used=DENSE_SCHUR sparse_backend=EIGEN_SPARSE dense_backend=EIGEN mixed=0 threads=1
I20260718 14:03:03.835241 0x208442080 bundle_adjustment_ceres.cc:1051] [AETHER] solver_used=DENSE_SCHUR sparse_backend=EIGEN_SPARSE dense_backend=EIGEN mixed=0 threads=1
I20260718 14:03:03.893906 0x208442080 bundle_adjustment_ceres.cc:1051] [AETHER] solver_used=DENSE_SCHUR sparse_backend=EIGEN_SPARSE dense_backend=EIGEN mixed=0 threads=1
I20260718 14:03:03.967686 0x208442080 bundle_adjustment_ceres.cc:1051] [AETHER] solver_used=DENSE_SCHUR sparse_backend=EIGEN_SPARSE dense_backend=EIGEN mixed=0 threads=1
I20260718 14:03:04.040022 0x208442080 bundle_adjustment_ceres.cc:1051] [AETHER] solver_used=DENSE_SCHUR sparse_backend=EIGEN_SPARSE dense_backend=EIGEN mixed=0 threads=1
I20260718 14:03:04.105177 0x208442080 bundle_adjustment_ceres.cc:1051] [AETHER] solver_used=DENSE_SCHUR sparse_backend=EIGEN_SPARSE dense_backend=EIGEN mixed=0 threads=1
I20260718 14:03:04.170832 0x208442080 bundle_adjustment_ceres.cc:1051] [AETHER] solver_used=DENSE_SCHUR sparse_backend=EIGEN_SPARSE dense_backend=EIGEN mixed=0 threads=1
I20260718 14:03:04.249314 0x208442080 bundle_adjustment_ceres.cc:1051] [AETHER] solver_used=DENSE_SCHUR sparse_backend=EIGEN_SPARSE dense_backend=EIGEN mixed=0 threads=1
I20260718 14:03:04.327160 0x208442080 bundle_adjustment_ceres.cc:1051] [AETHER] solver_used=DENSE_SCHUR sparse_backend=EIGEN_SPARSE dense_backend=EIGEN mixed=0 threads=1
I20260718 14:03:04.421789 0x208442080 bundle_adjustment_ceres.cc:1051] [AETHER] solver_used=DENSE_SCHUR sparse_backend=EIGEN_SPARSE dense_backend=EIGEN mixed=0 threads=1
I20260718 14:03:04.530298 0x208442080 bundle_adjustment_ceres.cc:1051] [AETHER] solver_used=DENSE_SCHUR sparse_backend=EIGEN_SPARSE dense_backend=EIGEN mixed=0 threads=1
I20260718 14:03:04.639965 0x208442080 bundle_adjustment_ceres.cc:1051] [AETHER] solver_used=DENSE_SCHUR sparse_backend=EIGEN_SPARSE dense_backend=EIGEN mixed=0 threads=1
I20260718 14:03:04.757034 0x208442080 bundle_adjustment_ceres.cc:1051] [AETHER] solver_used=DENSE_SCHUR sparse_backend=EIGEN_SPARSE dense_backend=EIGEN mixed=0 threads=1
I20260718 14:03:04.886267 0x208442080 bundle_adjustment_ceres.cc:1051] [AETHER] solver_used=DENSE_SCHUR sparse_backend=EIGEN_SPARSE dense_backend=EIGEN mixed=0 threads=1
W20260718 14:03:04.903842 0x208442080 aether_sfm_c.cc:7765] [aether_sfm] conflict-multiview frames=40 deferred=33130 committed_observations=11691 site_obs_attempted=0 site_obs_rejected=0
I20260718 14:03:05.009717 0x208442080 bundle_adjustment_ceres.cc:1051] [AETHER] solver_used=DENSE_SCHUR sparse_backend=EIGEN_SPARSE dense_backend=EIGEN mixed=0 threads=1
I20260718 14:03:05.115935 0x208442080 bundle_adjustment_ceres.cc:1051] [AETHER] solver_used=DENSE_SCHUR sparse_backend=EIGEN_SPARSE dense_backend=EIGEN mixed=0 threads=1
I20260718 14:03:05.239827 0x208442080 bundle_adjustment_ceres.cc:1051] [AETHER] solver_used=DENSE_SCHUR sparse_backend=EIGEN_SPARSE dense_backend=EIGEN mixed=0 threads=1
I20260718 14:03:05.356630 0x208442080 bundle_adjustment_ceres.cc:1051] [AETHER] solver_used=DENSE_SCHUR sparse_backend=EIGEN_SPARSE dense_backend=EIGEN mixed=0 threads=1
I20260718 14:03:05.483425 0x208442080 bundle_adjustment_ceres.cc:1051] [AETHER] solver_used=DENSE_SCHUR sparse_backend=EIGEN_SPARSE dense_backend=EIGEN mixed=0 threads=1
I20260718 14:03:05.612245 0x208442080 bundle_adjustment_ceres.cc:1051] [AETHER] solver_used=DENSE_SCHUR sparse_backend=EIGEN_SPARSE dense_backend=EIGEN mixed=0 threads=1
I20260718 14:03:05.715622 0x208442080 bundle_adjustment_ceres.cc:1051] [AETHER] solver_used=DENSE_SCHUR sparse_backend=EIGEN_SPARSE dense_backend=EIGEN mixed=0 threads=1
I20260718 14:03:05.815851 0x208442080 bundle_adjustment_ceres.cc:1051] [AETHER] solver_used=DENSE_SCHUR sparse_backend=EIGEN_SPARSE dense_backend=EIGEN mixed=0 threads=1
I20260718 14:03:05.916624 0x208442080 bundle_adjustment_ceres.cc:1051] [AETHER] solver_used=DENSE_SCHUR sparse_backend=EIGEN_SPARSE dense_backend=EIGEN mixed=0 threads=1
I20260718 14:03:06.006734 0x208442080 bundle_adjustment_ceres.cc:1051] [AETHER] solver_used=DENSE_SCHUR sparse_backend=EIGEN_SPARSE dense_backend=EIGEN mixed=0 threads=1
I20260718 14:03:06.100922 0x208442080 bundle_adjustment_ceres.cc:1051] [AETHER] solver_used=DENSE_SCHUR sparse_backend=EIGEN_SPARSE dense_backend=EIGEN mixed=0 threads=1
I20260718 14:03:06.207018 0x208442080 bundle_adjustment_ceres.cc:1051] [AETHER] solver_used=DENSE_SCHUR sparse_backend=EIGEN_SPARSE dense_backend=EIGEN mixed=0 threads=1
I20260718 14:03:06.302421 0x208442080 bundle_adjustment_ceres.cc:1051] [AETHER] solver_used=DENSE_SCHUR sparse_backend=EIGEN_SPARSE dense_backend=EIGEN mixed=0 threads=1
I20260718 14:03:06.400648 0x208442080 bundle_adjustment_ceres.cc:1051] [AETHER] solver_used=DENSE_SCHUR sparse_backend=EIGEN_SPARSE dense_backend=EIGEN mixed=0 threads=1
I20260718 14:03:06.514335 0x208442080 bundle_adjustment_ceres.cc:1051] [AETHER] solver_used=DENSE_SCHUR sparse_backend=EIGEN_SPARSE dense_backend=EIGEN mixed=0 threads=1
I20260718 14:03:06.611417 0x208442080 bundle_adjustment_ceres.cc:1051] [AETHER] solver_used=DENSE_SCHUR sparse_backend=EIGEN_SPARSE dense_backend=EIGEN mixed=0 threads=1
I20260718 14:03:06.704421 0x208442080 bundle_adjustment_ceres.cc:1051] [AETHER] solver_used=DENSE_SCHUR sparse_backend=EIGEN_SPARSE dense_backend=EIGEN mixed=0 threads=1
I20260718 14:03:06.808476 0x208442080 bundle_adjustment_ceres.cc:1051] [AETHER] solver_used=DENSE_SCHUR sparse_backend=EIGEN_SPARSE dense_backend=EIGEN mixed=0 threads=1
I20260718 14:03:06.904863 0x208442080 bundle_adjustment_ceres.cc:1051] [AETHER] solver_used=DENSE_SCHUR sparse_backend=EIGEN_SPARSE dense_backend=EIGEN mixed=0 threads=1
I20260718 14:03:07.007343 0x208442080 bundle_adjustment_ceres.cc:1051] [AETHER] solver_used=DENSE_SCHUR sparse_backend=EIGEN_SPARSE dense_backend=EIGEN mixed=0 threads=1
W20260718 14:03:07.035369 0x208442080 aether_sfm_c.cc:7765] [aether_sfm] conflict-multiview frames=60 deferred=56314 committed_observations=18599 site_obs_attempted=0 site_obs_rejected=0
I20260718 14:03:07.128876 0x208442080 bundle_adjustment_ceres.cc:1051] [AETHER] solver_used=DENSE_SCHUR sparse_backend=EIGEN_SPARSE dense_backend=EIGEN mixed=0 threads=1
I20260718 14:03:07.239712 0x208442080 bundle_adjustment_ceres.cc:1051] [AETHER] solver_used=DENSE_SCHUR sparse_backend=EIGEN_SPARSE dense_backend=EIGEN mixed=0 threads=1
I20260718 14:03:07.345213 0x208442080 bundle_adjustment_ceres.cc:1051] [AETHER] solver_used=DENSE_SCHUR sparse_backend=EIGEN_SPARSE dense_backend=EIGEN mixed=0 threads=1
I20260718 14:03:07.453785 0x208442080 bundle_adjustment_ceres.cc:1051] [AETHER] solver_used=DENSE_SCHUR sparse_backend=EIGEN_SPARSE dense_backend=EIGEN mixed=0 threads=1
I20260718 14:03:07.551827 0x208442080 bundle_adjustment_ceres.cc:1051] [AETHER] solver_used=DENSE_SCHUR sparse_backend=EIGEN_SPARSE dense_backend=EIGEN mixed=0 threads=1
I20260718 14:03:07.642861 0x208442080 bundle_adjustment_ceres.cc:1051] [AETHER] solver_used=DENSE_SCHUR sparse_backend=EIGEN_SPARSE dense_backend=EIGEN mixed=0 threads=1
I20260718 14:03:07.728689 0x208442080 bundle_adjustment_ceres.cc:1051] [AETHER] solver_used=DENSE_SCHUR sparse_backend=EIGEN_SPARSE dense_backend=EIGEN mixed=0 threads=1
I20260718 14:03:07.807656 0x208442080 bundle_adjustment_ceres.cc:1051] [AETHER] solver_used=DENSE_SCHUR sparse_backend=EIGEN_SPARSE dense_backend=EIGEN mixed=0 threads=1
I20260718 14:03:07.883546 0x208442080 bundle_adjustment_ceres.cc:1051] [AETHER] solver_used=DENSE_SCHUR sparse_backend=EIGEN_SPARSE dense_backend=EIGEN mixed=0 threads=1
I20260718 14:03:07.961119 0x208442080 bundle_adjustment_ceres.cc:1051] [AETHER] solver_used=DENSE_SCHUR sparse_backend=EIGEN_SPARSE dense_backend=EIGEN mixed=0 threads=1
I20260718 14:03:08.033385 0x208442080 bundle_adjustment_ceres.cc:1051] [AETHER] solver_used=DENSE_SCHUR sparse_backend=EIGEN_SPARSE dense_backend=EIGEN mixed=0 threads=1
I20260718 14:03:08.095023 0x208442080 bundle_adjustment_ceres.cc:1051] [AETHER] solver_used=DENSE_SCHUR sparse_backend=EIGEN_SPARSE dense_backend=EIGEN mixed=0 threads=1
I20260718 14:03:08.158355 0x208442080 bundle_adjustment_ceres.cc:1051] [AETHER] solver_used=DENSE_SCHUR sparse_backend=EIGEN_SPARSE dense_backend=EIGEN mixed=0 threads=1
I20260718 14:03:08.223698 0x208442080 bundle_adjustment_ceres.cc:1051] [AETHER] solver_used=DENSE_SCHUR sparse_backend=EIGEN_SPARSE dense_backend=EIGEN mixed=0 threads=1
I20260718 14:03:08.278101 0x208442080 bundle_adjustment_ceres.cc:1051] [AETHER] solver_used=DENSE_SCHUR sparse_backend=EIGEN_SPARSE dense_backend=EIGEN mixed=0 threads=1
I20260718 14:03:08.334165 0x208442080 bundle_adjustment_ceres.cc:1051] [AETHER] solver_used=DENSE_SCHUR sparse_backend=EIGEN_SPARSE dense_backend=EIGEN mixed=0 threads=1
I20260718 14:03:08.388963 0x208442080 bundle_adjustment_ceres.cc:1051] [AETHER] solver_used=DENSE_SCHUR sparse_backend=EIGEN_SPARSE dense_backend=EIGEN mixed=0 threads=1
I20260718 14:03:08.449369 0x208442080 bundle_adjustment_ceres.cc:1051] [AETHER] solver_used=DENSE_SCHUR sparse_backend=EIGEN_SPARSE dense_backend=EIGEN mixed=0 threads=1
I20260718 14:03:08.509506 0x208442080 bundle_adjustment_ceres.cc:1051] [AETHER] solver_used=DENSE_SCHUR sparse_backend=EIGEN_SPARSE dense_backend=EIGEN mixed=0 threads=1
I20260718 14:03:08.560815 0x208442080 bundle_adjustment_ceres.cc:1051] [AETHER] solver_used=DENSE_SCHUR sparse_backend=EIGEN_SPARSE dense_backend=EIGEN mixed=0 threads=1
W20260718 14:03:08.574080 0x208442080 aether_sfm_c.cc:7765] [aether_sfm] conflict-multiview frames=80 deferred=69568 committed_observations=21888 site_obs_attempted=0 site_obs_rejected=0
I20260718 14:03:08.616873 0x208442080 bundle_adjustment_ceres.cc:1051] [AETHER] solver_used=DENSE_SCHUR sparse_backend=EIGEN_SPARSE dense_backend=EIGEN mixed=0 threads=1
I20260718 14:03:08.667055 0x208442080 bundle_adjustment_ceres.cc:1051] [AETHER] solver_used=DENSE_SCHUR sparse_backend=EIGEN_SPARSE dense_backend=EIGEN mixed=0 threads=1
I20260718 14:03:08.713198 0x208442080 bundle_adjustment_ceres.cc:1051] [AETHER] solver_used=DENSE_SCHUR sparse_backend=EIGEN_SPARSE dense_backend=EIGEN mixed=0 threads=1
I20260718 14:03:08.755396 0x208442080 bundle_adjustment_ceres.cc:1051] [AETHER] solver_used=DENSE_SCHUR sparse_backend=EIGEN_SPARSE dense_backend=EIGEN mixed=0 threads=1
I20260718 14:03:08.796620 0x208442080 bundle_adjustment_ceres.cc:1051] [AETHER] solver_used=DENSE_SCHUR sparse_backend=EIGEN_SPARSE dense_backend=EIGEN mixed=0 threads=1
I20260718 14:03:08.841516 0x208442080 bundle_adjustment_ceres.cc:1051] [AETHER] solver_used=DENSE_SCHUR sparse_backend=EIGEN_SPARSE dense_backend=EIGEN mixed=0 threads=1
I20260718 14:03:08.879440 0x208442080 bundle_adjustment_ceres.cc:1051] [AETHER] solver_used=DENSE_SCHUR sparse_backend=EIGEN_SPARSE dense_backend=EIGEN mixed=0 threads=1
I20260718 14:03:08.917417 0x208442080 bundle_adjustment_ceres.cc:1051] [AETHER] solver_used=DENSE_SCHUR sparse_backend=EIGEN_SPARSE dense_backend=EIGEN mixed=0 threads=1
I20260718 14:03:08.968825 0x208442080 bundle_adjustment_ceres.cc:1051] [AETHER] solver_used=DENSE_SCHUR sparse_backend=EIGEN_SPARSE dense_backend=EIGEN mixed=0 threads=1
I20260718 14:03:09.020908 0x208442080 bundle_adjustment_ceres.cc:1051] [AETHER] solver_used=DENSE_SCHUR sparse_backend=EIGEN_SPARSE dense_backend=EIGEN mixed=0 threads=1
I20260718 14:03:09.084132 0x208442080 bundle_adjustment_ceres.cc:1051] [AETHER] solver_used=DENSE_SCHUR sparse_backend=EIGEN_SPARSE dense_backend=EIGEN mixed=0 threads=1
I20260718 14:03:09.158223 0x208442080 bundle_adjustment_ceres.cc:1051] [AETHER] solver_used=DENSE_SCHUR sparse_backend=EIGEN_SPARSE dense_backend=EIGEN mixed=0 threads=1
I20260718 14:03:09.229747 0x208442080 bundle_adjustment_ceres.cc:1051] [AETHER] solver_used=DENSE_SCHUR sparse_backend=EIGEN_SPARSE dense_backend=EIGEN mixed=0 threads=1
I20260718 14:03:09.316132 0x208442080 bundle_adjustment_ceres.cc:1051] [AETHER] solver_used=DENSE_SCHUR sparse_backend=EIGEN_SPARSE dense_backend=EIGEN mixed=0 threads=1
I20260718 14:03:09.396406 0x208442080 bundle_adjustment_ceres.cc:1051] [AETHER] solver_used=DENSE_SCHUR sparse_backend=EIGEN_SPARSE dense_backend=EIGEN mixed=0 threads=1
I20260718 14:03:09.472786 0x208442080 bundle_adjustment_ceres.cc:1051] [AETHER] solver_used=DENSE_SCHUR sparse_backend=EIGEN_SPARSE dense_backend=EIGEN mixed=0 threads=1
I20260718 14:03:09.547455 0x208442080 bundle_adjustment_ceres.cc:1051] [AETHER] solver_used=DENSE_SCHUR sparse_backend=EIGEN_SPARSE dense_backend=EIGEN mixed=0 threads=1
I20260718 14:03:09.631532 0x208442080 bundle_adjustment_ceres.cc:1051] [AETHER] solver_used=DENSE_SCHUR sparse_backend=EIGEN_SPARSE dense_backend=EIGEN mixed=0 threads=1
I20260718 14:03:09.700178 0x208442080 bundle_adjustment_ceres.cc:1051] [AETHER] solver_used=DENSE_SCHUR sparse_backend=EIGEN_SPARSE dense_backend=EIGEN mixed=0 threads=1
I20260718 14:03:09.769117 0x208442080 bundle_adjustment_ceres.cc:1051] [AETHER] solver_used=DENSE_SCHUR sparse_backend=EIGEN_SPARSE dense_backend=EIGEN mixed=0 threads=1
W20260718 14:03:09.785540 0x208442080 aether_sfm_c.cc:7765] [aether_sfm] conflict-multiview frames=100 deferred=76834 committed_observations=24105 site_obs_attempted=0 site_obs_rejected=0
I20260718 14:03:09.828988 0x208442080 bundle_adjustment_ceres.cc:1051] [AETHER] solver_used=DENSE_SCHUR sparse_backend=EIGEN_SPARSE dense_backend=EIGEN mixed=0 threads=1
I20260718 14:03:09.883692 0x208442080 bundle_adjustment_ceres.cc:1051] [AETHER] solver_used=DENSE_SCHUR sparse_backend=EIGEN_SPARSE dense_backend=EIGEN mixed=0 threads=1
I20260718 14:03:09.937428 0x208442080 bundle_adjustment_ceres.cc:1051] [AETHER] solver_used=DENSE_SCHUR sparse_backend=EIGEN_SPARSE dense_backend=EIGEN mixed=0 threads=1
I20260718 14:03:09.994932 0x208442080 bundle_adjustment_ceres.cc:1051] [AETHER] solver_used=DENSE_SCHUR sparse_backend=EIGEN_SPARSE dense_backend=EIGEN mixed=0 threads=1
I20260718 14:03:10.044812 0x208442080 bundle_adjustment_ceres.cc:1051] [AETHER] solver_used=DENSE_SCHUR sparse_backend=EIGEN_SPARSE dense_backend=EIGEN mixed=0 threads=1
I20260718 14:03:10.093788 0x208442080 bundle_adjustment_ceres.cc:1051] [AETHER] solver_used=DENSE_SCHUR sparse_backend=EIGEN_SPARSE dense_backend=EIGEN mixed=0 threads=1
I20260718 14:03:10.147627 0x208442080 bundle_adjustment_ceres.cc:1051] [AETHER] solver_used=DENSE_SCHUR sparse_backend=EIGEN_SPARSE dense_backend=EIGEN mixed=0 threads=1
I20260718 14:03:10.204648 0x208442080 bundle_adjustment_ceres.cc:1051] [AETHER] solver_used=DENSE_SCHUR sparse_backend=EIGEN_SPARSE dense_backend=EIGEN mixed=0 threads=1
I20260718 14:03:10.257164 0x208442080 bundle_adjustment_ceres.cc:1051] [AETHER] solver_used=DENSE_SCHUR sparse_backend=EIGEN_SPARSE dense_backend=EIGEN mixed=0 threads=1
I20260718 14:03:10.316985 0x208442080 bundle_adjustment_ceres.cc:1051] [AETHER] solver_used=DENSE_SCHUR sparse_backend=EIGEN_SPARSE dense_backend=EIGEN mixed=0 threads=1
I20260718 14:03:10.363071 0x208442080 bundle_adjustment_ceres.cc:1051] [AETHER] solver_used=DENSE_SCHUR sparse_backend=EIGEN_SPARSE dense_backend=EIGEN mixed=0 threads=1
I20260718 14:03:10.415991 0x208442080 bundle_adjustment_ceres.cc:1051] [AETHER] solver_used=DENSE_SCHUR sparse_backend=EIGEN_SPARSE dense_backend=EIGEN mixed=0 threads=1
I20260718 14:03:10.471596 0x208442080 bundle_adjustment_ceres.cc:1051] [AETHER] solver_used=DENSE_SCHUR sparse_backend=EIGEN_SPARSE dense_backend=EIGEN mixed=0 threads=1
I20260718 14:03:10.521083 0x208442080 bundle_adjustment_ceres.cc:1051] [AETHER] solver_used=DENSE_SCHUR sparse_backend=EIGEN_SPARSE dense_backend=EIGEN mixed=0 threads=1
I20260718 14:03:10.568826 0x208442080 bundle_adjustment_ceres.cc:1051] [AETHER] solver_used=DENSE_SCHUR sparse_backend=EIGEN_SPARSE dense_backend=EIGEN mixed=0 threads=1
I20260718 14:03:10.615869 0x208442080 bundle_adjustment_ceres.cc:1051] [AETHER] solver_used=DENSE_SCHUR sparse_backend=EIGEN_SPARSE dense_backend=EIGEN mixed=0 threads=1
I20260718 14:03:10.671446 0x208442080 bundle_adjustment_ceres.cc:1051] [AETHER] solver_used=DENSE_SCHUR sparse_backend=EIGEN_SPARSE dense_backend=EIGEN mixed=0 threads=1
I20260718 14:03:10.719267 0x208442080 bundle_adjustment_ceres.cc:1051] [AETHER] solver_used=DENSE_SCHUR sparse_backend=EIGEN_SPARSE dense_backend=EIGEN mixed=0 threads=1
I20260718 14:03:10.759097 0x208442080 bundle_adjustment_ceres.cc:1051] [AETHER] solver_used=DENSE_SCHUR sparse_backend=EIGEN_SPARSE dense_backend=EIGEN mixed=0 threads=1
I20260718 14:03:10.805306 0x208442080 bundle_adjustment_ceres.cc:1051] [AETHER] solver_used=DENSE_SCHUR sparse_backend=EIGEN_SPARSE dense_backend=EIGEN mixed=0 threads=1
W20260718 14:03:10.817967 0x208442080 aether_sfm_c.cc:7765] [aether_sfm] conflict-multiview frames=120 deferred=84548 committed_observations=25439 site_obs_attempted=0 site_obs_rejected=0
I20260718 14:03:10.845981 0x208442080 bundle_adjustment_ceres.cc:1051] [AETHER] solver_used=DENSE_SCHUR sparse_backend=EIGEN_SPARSE dense_backend=EIGEN mixed=0 threads=1
I20260718 14:03:10.882540 0x208442080 bundle_adjustment_ceres.cc:1051] [AETHER] solver_used=DENSE_SCHUR sparse_backend=EIGEN_SPARSE dense_backend=EIGEN mixed=0 threads=1
I20260718 14:03:10.926114 0x208442080 bundle_adjustment_ceres.cc:1051] [AETHER] solver_used=DENSE_SCHUR sparse_backend=EIGEN_SPARSE dense_backend=EIGEN mixed=0 threads=1
I20260718 14:03:10.966468 0x208442080 bundle_adjustment_ceres.cc:1051] [AETHER] solver_used=DENSE_SCHUR sparse_backend=EIGEN_SPARSE dense_backend=EIGEN mixed=0 threads=1
I20260718 14:03:11.012682 0x208442080 bundle_adjustment_ceres.cc:1051] [AETHER] solver_used=DENSE_SCHUR sparse_backend=EIGEN_SPARSE dense_backend=EIGEN mixed=0 threads=1
I20260718 14:03:11.065834 0x208442080 bundle_adjustment_ceres.cc:1051] [AETHER] solver_used=DENSE_SCHUR sparse_backend=EIGEN_SPARSE dense_backend=EIGEN mixed=0 threads=1
I20260718 14:03:11.130572 0x208442080 bundle_adjustment_ceres.cc:1051] [AETHER] solver_used=DENSE_SCHUR sparse_backend=EIGEN_SPARSE dense_backend=EIGEN mixed=0 threads=1
I20260718 14:03:11.186915 0x208442080 bundle_adjustment_ceres.cc:1051] [AETHER] solver_used=DENSE_SCHUR sparse_backend=EIGEN_SPARSE dense_backend=EIGEN mixed=0 threads=1
I20260718 14:03:11.260432 0x208442080 bundle_adjustment_ceres.cc:1051] [AETHER] solver_used=DENSE_SCHUR sparse_backend=EIGEN_SPARSE dense_backend=EIGEN mixed=0 threads=1
I20260718 14:03:11.323602 0x208442080 bundle_adjustment_ceres.cc:1051] [AETHER] solver_used=DENSE_SCHUR sparse_backend=EIGEN_SPARSE dense_backend=EIGEN mixed=0 threads=1
I20260718 14:03:11.384596 0x208442080 bundle_adjustment_ceres.cc:1051] [AETHER] solver_used=DENSE_SCHUR sparse_backend=EIGEN_SPARSE dense_backend=EIGEN mixed=0 threads=1
I20260718 14:03:11.456458 0x208442080 bundle_adjustment_ceres.cc:1051] [AETHER] solver_used=DENSE_SCHUR sparse_backend=EIGEN_SPARSE dense_backend=EIGEN mixed=0 threads=1
I20260718 14:03:11.538824 0x208442080 bundle_adjustment_ceres.cc:1051] [AETHER] solver_used=DENSE_SCHUR sparse_backend=EIGEN_SPARSE dense_backend=EIGEN mixed=0 threads=1
I20260718 14:03:11.610283 0x208442080 bundle_adjustment_ceres.cc:1051] [AETHER] solver_used=DENSE_SCHUR sparse_backend=EIGEN_SPARSE dense_backend=EIGEN mixed=0 threads=1
I20260718 14:03:11.674255 0x208442080 bundle_adjustment_ceres.cc:1051] [AETHER] solver_used=DENSE_SCHUR sparse_backend=EIGEN_SPARSE dense_backend=EIGEN mixed=0 threads=1
I20260718 14:03:11.739630 0x208442080 bundle_adjustment_ceres.cc:1051] [AETHER] solver_used=DENSE_SCHUR sparse_backend=EIGEN_SPARSE dense_backend=EIGEN mixed=0 threads=1
I20260718 14:03:11.798452 0x208442080 bundle_adjustment_ceres.cc:1051] [AETHER] solver_used=DENSE_SCHUR sparse_backend=EIGEN_SPARSE dense_backend=EIGEN mixed=0 threads=1
I20260718 14:03:11.851915 0x208442080 bundle_adjustment_ceres.cc:1051] [AETHER] solver_used=DENSE_SCHUR sparse_backend=EIGEN_SPARSE dense_backend=EIGEN mixed=0 threads=1
I20260718 14:03:11.903096 0x208442080 bundle_adjustment_ceres.cc:1051] [AETHER] solver_used=DENSE_SCHUR sparse_backend=EIGEN_SPARSE dense_backend=EIGEN mixed=0 threads=1
I20260718 14:03:11.948384 0x208442080 bundle_adjustment_ceres.cc:1051] [AETHER] solver_used=DENSE_SCHUR sparse_backend=EIGEN_SPARSE dense_backend=EIGEN mixed=0 threads=1
I20260718 14:03:12.831756 0x16bcaf000 database_cache.cc:72] Loading rigs...
I20260718 14:03:12.832138 0x16bcaf000 database_cache.cc:82]  0 in 0.000s
I20260718 14:03:12.832156 0x16bcaf000 database_cache.cc:90] Loading cameras...
I20260718 14:03:12.832202 0x16bcaf000 database_cache.cc:108]  1 in 0.000s
I20260718 14:03:12.832212 0x16bcaf000 database_cache.cc:116] Loading frames...
I20260718 14:03:12.832253 0x16bcaf000 database_cache.cc:126]  0 in 0.000s
I20260718 14:03:12.832261 0x16bcaf000 database_cache.cc:134] Loading matches...
I20260718 14:03:12.834925 0x16bcaf000 database_cache.cc:139]  751 in 0.003s
I20260718 14:03:12.834976 0x16bcaf000 database_cache.cc:147] Loading images...
I20260718 14:03:12.853920 0x16bcaf000 database_cache.cc:236]  139 in 0.019s (loaded all 139)
I20260718 14:03:12.853959 0x16bcaf000 database_cache.cc:255] Loading pose priors...
I20260718 14:03:12.854042 0x16bcaf000 database_cache.cc:263]  0 in 0.000s
I20260718 14:03:12.854054 0x16bcaf000 database_cache.cc:271] Building correspondence graph...
I20260718 14:03:12.894134 0x16bcaf000 database_cache.cc:300]  in 0.040s (ignored 13)
W20260718 14:03:12.894454 0x16bd3b000 aether_sfm_c.cc:6091] [aether_sfm] stored-pair replay: finalize enrichment skipped (matcher_calls=0)
I20260718 14:03:12.933158 0x16bcaf000 incremental_pipeline.cc:325] Loading database
I20260718 14:03:12.933236 0x16bcaf000 database_cache.cc:72] Loading rigs...
I20260718 14:03:12.933250 0x16bcaf000 database_cache.cc:82]  0 in 0.000s
I20260718 14:03:12.933258 0x16bcaf000 database_cache.cc:90] Loading cameras...
I20260718 14:03:12.933273 0x16bcaf000 database_cache.cc:108]  1 in 0.000s
I20260718 14:03:12.933279 0x16bcaf000 database_cache.cc:116] Loading frames...
I20260718 14:03:12.933288 0x16bcaf000 database_cache.cc:126]  0 in 0.000s
I20260718 14:03:12.933293 0x16bcaf000 database_cache.cc:134] Loading matches...
I20260718 14:03:12.935685 0x16bcaf000 database_cache.cc:139]  751 in 0.002s
I20260718 14:03:12.935719 0x16bcaf000 database_cache.cc:147] Loading images...
I20260718 14:03:12.955409 0x16bcaf000 database_cache.cc:236]  139 in 0.020s (loaded all 139)
I20260718 14:03:12.955498 0x16bcaf000 database_cache.cc:255] Loading pose priors...
I20260718 14:03:12.955549 0x16bcaf000 database_cache.cc:263]  0 in 0.000s
I20260718 14:03:12.955565 0x16bcaf000 database_cache.cc:271] Building correspondence graph...
I20260718 14:03:12.994634 0x16bcaf000 database_cache.cc:300]  in 0.039s (ignored 13)
I20260718 14:03:12.994800 0x16bcaf000 timer.cc:90] Elapsed time: 0.001 [minutes]
W20260718 14:03:16.706124 0x16bcaf000 levenberg_marquardt_strategy.cc:123] Linear solver failure. Failed to compute a step: Eigen failure. Unable to perform dense Cholesky factorization.
W20260718 14:03:16.856335 0x16bcaf000 levenberg_marquardt_strategy.cc:123] Linear solver failure. Failed to compute a step: Eigen failure. Unable to perform dense Cholesky factorization.
W20260718 14:03:16.919167 0x16bcaf000 levenberg_marquardt_strategy.cc:123] Linear solver failure. Failed to compute a step: Eigen failure. Unable to perform dense Cholesky factorization.
W20260718 14:03:17.063868 0x16bcaf000 levenberg_marquardt_strategy.cc:123] Linear solver failure. Failed to compute a step: Eigen failure. Unable to perform dense Cholesky factorization.
W20260718 14:03:17.212376 0x16bcaf000 levenberg_marquardt_strategy.cc:123] Linear solver failure. Failed to compute a step: Eigen failure. Unable to perform dense Cholesky factorization.
W20260718 14:03:17.357404 0x16bcaf000 levenberg_marquardt_strategy.cc:123] Linear solver failure. Failed to compute a step: Eigen failure. Unable to perform dense Cholesky factorization.
W20260718 14:03:17.420029 0x16bcaf000 levenberg_marquardt_strategy.cc:123] Linear solver failure. Failed to compute a step: Eigen failure. Unable to perform dense Cholesky factorization.
W20260718 14:03:17.651288 0x16bcaf000 levenberg_marquardt_strategy.cc:123] Linear solver failure. Failed to compute a step: Eigen failure. Unable to perform dense Cholesky factorization.
I20260718 14:03:17.666820 0x16bcaf000 bundle_adjustment_ceres.cc:1051] [AETHER] solver_used=DENSE_SCHUR sparse_backend=EIGEN_SPARSE dense_backend=EIGEN mixed=0 threads=6
W20260718 14:03:20.335242 0x16bcaf000 levenberg_marquardt_strategy.cc:123] Linear solver failure. Failed to compute a step: Eigen failure. Unable to perform dense Cholesky factorization.
W20260718 14:03:20.400995 0x16bcaf000 levenberg_marquardt_strategy.cc:123] Linear solver failure. Failed to compute a step: Eigen failure. Unable to perform dense Cholesky factorization.
W20260718 14:03:20.551414 0x16bcaf000 levenberg_marquardt_strategy.cc:123] Linear solver failure. Failed to compute a step: Eigen failure. Unable to perform dense Cholesky factorization.
W20260718 14:03:20.701473 0x16bcaf000 levenberg_marquardt_strategy.cc:123] Linear solver failure. Failed to compute a step: Eigen failure. Unable to perform dense Cholesky factorization.
W20260718 14:03:20.765734 0x16bcaf000 levenberg_marquardt_strategy.cc:123] Linear solver failure. Failed to compute a step: Eigen failure. Unable to perform dense Cholesky factorization.
W20260718 14:03:21.003985 0x16bcaf000 levenberg_marquardt_strategy.cc:123] Linear solver failure. Failed to compute a step: Eigen failure. Unable to perform dense Cholesky factorization.
W20260718 14:03:21.146155 0x16bcaf000 levenberg_marquardt_strategy.cc:123] Linear solver failure. Failed to compute a step: Eigen failure. Unable to perform dense Cholesky factorization.
W20260718 14:03:21.206481 0x16bcaf000 levenberg_marquardt_strategy.cc:123] Linear solver failure. Failed to compute a step: Eigen failure. Unable to perform dense Cholesky factorization.
W20260718 14:03:21.434706 0x16bcaf000 levenberg_marquardt_strategy.cc:123] Linear solver failure. Failed to compute a step: Eigen failure. Unable to perform dense Cholesky factorization.
W20260718 14:03:21.499172 0x16bcaf000 levenberg_marquardt_strategy.cc:123] Linear solver failure. Failed to compute a step: Eigen failure. Unable to perform dense Cholesky factorization.
W20260718 14:03:21.650607 0x16bcaf000 levenberg_marquardt_strategy.cc:123] Linear solver failure. Failed to compute a step: Eigen failure. Unable to perform dense Cholesky factorization.
W20260718 14:03:21.801617 0x16bcaf000 levenberg_marquardt_strategy.cc:123] Linear solver failure. Failed to compute a step: Eigen failure. Unable to perform dense Cholesky factorization.
W20260718 14:03:21.951601 0x16bcaf000 levenberg_marquardt_strategy.cc:123] Linear solver failure. Failed to compute a step: Eigen failure. Unable to perform dense Cholesky factorization.
W20260718 14:03:22.016147 0x16bcaf000 levenberg_marquardt_strategy.cc:123] Linear solver failure. Failed to compute a step: Eigen failure. Unable to perform dense Cholesky factorization.
I20260718 14:03:22.113175 0x16bcaf000 bundle_adjustment_ceres.cc:1051] [AETHER] solver_used=DENSE_SCHUR sparse_backend=EIGEN_SPARSE dense_backend=EIGEN mixed=0 threads=6
W20260718 14:03:24.989989 0x16bcaf000 levenberg_marquardt_strategy.cc:123] Linear solver failure. Failed to compute a step: Eigen failure. Unable to perform dense Cholesky factorization.
W20260718 14:03:25.140135 0x16bcaf000 levenberg_marquardt_strategy.cc:123] Linear solver failure. Failed to compute a step: Eigen failure. Unable to perform dense Cholesky factorization.
W20260718 14:03:25.202111 0x16bcaf000 levenberg_marquardt_strategy.cc:123] Linear solver failure. Failed to compute a step: Eigen failure. Unable to perform dense Cholesky factorization.
W20260718 14:03:25.425952 0x16bcaf000 levenberg_marquardt_strategy.cc:123] Linear solver failure. Failed to compute a step: Eigen failure. Unable to perform dense Cholesky factorization.
W20260718 14:03:25.485434 0x16bcaf000 levenberg_marquardt_strategy.cc:123] Linear solver failure. Failed to compute a step: Eigen failure. Unable to perform dense Cholesky factorization.
W20260718 14:03:25.631541 0x16bcaf000 levenberg_marquardt_strategy.cc:123] Linear solver failure. Failed to compute a step: Eigen failure. Unable to perform dense Cholesky factorization.
W20260718 14:03:25.780188 0x16bcaf000 levenberg_marquardt_strategy.cc:123] Linear solver failure. Failed to compute a step: Eigen failure. Unable to perform dense Cholesky factorization.
W20260718 14:03:25.931011 0x16bcaf000 levenberg_marquardt_strategy.cc:123] Linear solver failure. Failed to compute a step: Eigen failure. Unable to perform dense Cholesky factorization.
W20260718 14:03:26.079846 0x16bcaf000 levenberg_marquardt_strategy.cc:123] Linear solver failure. Failed to compute a step: Eigen failure. Unable to perform dense Cholesky factorization.
W20260718 14:03:26.143777 0x16bcaf000 levenberg_marquardt_strategy.cc:123] Linear solver failure. Failed to compute a step: Eigen failure. Unable to perform dense Cholesky factorization.
W20260718 14:03:26.292954 0x16bcaf000 levenberg_marquardt_strategy.cc:123] Linear solver failure. Failed to compute a step: Eigen failure. Unable to perform dense Cholesky factorization.
W20260718 14:03:26.443413 0x16bcaf000 levenberg_marquardt_strategy.cc:123] Linear solver failure. Failed to compute a step: Eigen failure. Unable to perform dense Cholesky factorization.
W20260718 14:03:26.507759 0x16bcaf000 levenberg_marquardt_strategy.cc:123] Linear solver failure. Failed to compute a step: Eigen failure. Unable to perform dense Cholesky factorization.
I20260718 14:03:26.603792 0x16bcaf000 bundle_adjustment_ceres.cc:1051] [AETHER] solver_used=DENSE_SCHUR sparse_backend=EIGEN_SPARSE dense_backend=EIGEN mixed=0 threads=6
W20260718 14:03:29.202831 0x16bcaf000 levenberg_marquardt_strategy.cc:123] Linear solver failure. Failed to compute a step: Eigen failure. Unable to perform dense Cholesky factorization.
W20260718 14:03:29.266701 0x16bcaf000 levenberg_marquardt_strategy.cc:123] Linear solver failure. Failed to compute a step: Eigen failure. Unable to perform dense Cholesky factorization.
W20260718 14:03:29.495014 0x16bcaf000 levenberg_marquardt_strategy.cc:123] Linear solver failure. Failed to compute a step: Eigen failure. Unable to perform dense Cholesky factorization.
W20260718 14:03:29.554721 0x16bcaf000 levenberg_marquardt_strategy.cc:123] Linear solver failure. Failed to compute a step: Eigen failure. Unable to perform dense Cholesky factorization.
W20260718 14:03:29.698020 0x16bcaf000 levenberg_marquardt_strategy.cc:123] Linear solver failure. Failed to compute a step: Eigen failure. Unable to perform dense Cholesky factorization.
W20260718 14:03:29.845580 0x16bcaf000 levenberg_marquardt_strategy.cc:123] Linear solver failure. Failed to compute a step: Eigen failure. Unable to perform dense Cholesky factorization.
W20260718 14:03:29.909730 0x16bcaf000 levenberg_marquardt_strategy.cc:123] Linear solver failure. Failed to compute a step: Eigen failure. Unable to perform dense Cholesky factorization.
W20260718 14:03:30.145494 0x16bcaf000 levenberg_marquardt_strategy.cc:123] Linear solver failure. Failed to compute a step: Eigen failure. Unable to perform dense Cholesky factorization.
W20260718 14:03:30.209052 0x16bcaf000 levenberg_marquardt_strategy.cc:123] Linear solver failure. Failed to compute a step: Eigen failure. Unable to perform dense Cholesky factorization.
W20260718 14:03:30.442556 0x16bcaf000 levenberg_marquardt_strategy.cc:123] Linear solver failure. Failed to compute a step: Eigen failure. Unable to perform dense Cholesky factorization.
W20260718 14:03:30.505992 0x16bcaf000 levenberg_marquardt_strategy.cc:123] Linear solver failure. Failed to compute a step: Eigen failure. Unable to perform dense Cholesky factorization.
W20260718 14:03:30.654773 0x16bcaf000 levenberg_marquardt_strategy.cc:123] Linear solver failure. Failed to compute a step: Eigen failure. Unable to perform dense Cholesky factorization.
W20260718 14:03:30.797612 0x16bcaf000 levenberg_marquardt_strategy.cc:123] Linear solver failure. Failed to compute a step: Eigen failure. Unable to perform dense Cholesky factorization.
W20260718 14:03:30.938931 0x16bcaf000 levenberg_marquardt_strategy.cc:123] Linear solver failure. Failed to compute a step: Eigen failure. Unable to perform dense Cholesky factorization.
I20260718 14:03:30.951392 0x16bcaf000 bundle_adjustment_ceres.cc:1051] [AETHER] solver_used=DENSE_SCHUR sparse_backend=EIGEN_SPARSE dense_backend=EIGEN mixed=0 threads=6
W20260718 14:03:33.589597 0x16bcaf000 levenberg_marquardt_strategy.cc:123] Linear solver failure. Failed to compute a step: Eigen failure. Unable to perform dense Cholesky factorization.
W20260718 14:03:33.649765 0x16bcaf000 levenberg_marquardt_strategy.cc:123] Linear solver failure. Failed to compute a step: Eigen failure. Unable to perform dense Cholesky factorization.
W20260718 14:03:33.877832 0x16bcaf000 levenberg_marquardt_strategy.cc:123] Linear solver failure. Failed to compute a step: Eigen failure. Unable to perform dense Cholesky factorization.
W20260718 14:03:33.941530 0x16bcaf000 levenberg_marquardt_strategy.cc:123] Linear solver failure. Failed to compute a step: Eigen failure. Unable to perform dense Cholesky factorization.
W20260718 14:03:34.089239 0x16bcaf000 levenberg_marquardt_strategy.cc:123] Linear solver failure. Failed to compute a step: Eigen failure. Unable to perform dense Cholesky factorization.
W20260718 14:03:34.238601 0x16bcaf000 levenberg_marquardt_strategy.cc:123] Linear solver failure. Failed to compute a step: Eigen failure. Unable to perform dense Cholesky factorization.
W20260718 14:03:34.302291 0x16bcaf000 levenberg_marquardt_strategy.cc:123] Linear solver failure. Failed to compute a step: Eigen failure. Unable to perform dense Cholesky factorization.
W20260718 14:03:34.451350 0x16bcaf000 levenberg_marquardt_strategy.cc:123] Linear solver failure. Failed to compute a step: Eigen failure. Unable to perform dense Cholesky factorization.
W20260718 14:03:34.600678 0x16bcaf000 levenberg_marquardt_strategy.cc:123] Linear solver failure. Failed to compute a step: Eigen failure. Unable to perform dense Cholesky factorization.
W20260718 14:03:34.750204 0x16bcaf000 levenberg_marquardt_strategy.cc:123] Linear solver failure. Failed to compute a step: Eigen failure. Unable to perform dense Cholesky factorization.
W20260718 14:03:34.813908 0x16bcaf000 levenberg_marquardt_strategy.cc:123] Linear solver failure. Failed to compute a step: Eigen failure. Unable to perform dense Cholesky factorization.
W20260718 14:03:35.037052 0x16bcaf000 levenberg_marquardt_strategy.cc:123] Linear solver failure. Failed to compute a step: Eigen failure. Unable to perform dense Cholesky factorization.
W20260718 14:03:35.096842 0x16bcaf000 levenberg_marquardt_strategy.cc:123] Linear solver failure. Failed to compute a step: Eigen failure. Unable to perform dense Cholesky factorization.
I20260718 14:03:35.175087 0x16bcaf000 bundle_adjustment_ceres.cc:1051] [AETHER] solver_used=DENSE_SCHUR sparse_backend=EIGEN_SPARSE dense_backend=EIGEN mixed=0 threads=6
W20260718 14:03:35.482248 0x16bcaf000 aether_sfm_c.cc:4466] [aether_sfm] track-upgrade: eligible=68942 attempted=12300 accepted=4591 obs_added=4695 pre{n=92297 2view=68382 lt3=7510 theta_p50=7.75703deg} post{n=92297 2view=63833 lt3=6998 theta_p50=8.0305deg} in 120ms
W20260718 14:03:35.507041 0x16bcaf000 aether_sfm_c.cc:5918] [aether_sfm] ghost_mask: n=92297 region=12190 band15=5055 cell_ghost=2144 bim_cells=44/90 (17ms)
W20260718 14:03:35.507081 0x16bcaf000 aether_sfm_c.cc:5740] [aether_sfm] l1_plan: sfm_fed_frames.jsonl missing/empty — no JPEG mapping, plan skipped
W20260718 14:03:35.507093 0x16bcaf000 aether_sfm_c.cc:6270] [aether_sfm] finalize worker: cache_pre=63ms enrich=8ms stage1=35ms (ok, rounds=0) stage2=22323ms (rounds<=5) temporal=106ms upgrade=120ms total=22681ms
       33.78 real        66.24 user        29.49 sys
           693420032  maximum resident set size
                   0  average shared memory size
                   0  average unshared data size
                   0  average unshared stack size
               61061  page reclaims
                  56  page faults
                   0  swaps
                   0  block input operations
                   0  block output operations
                   0  messages sent
                   0  messages received
                   0  signals received
                 140  voluntary context switches
             4295808  involuntary context switches
        540520176452  instructions retired
        243979454427  cycles elapsed
           668959656  peak memory footprint
