[DawnKernelHarness] limits: invocations/wg=512 wgSizeX=512 storageBufs=10 maxBuffer=1073741824 maxStorageBinding=1073741824 (adapter: 1024 1024 10 4294967295 4294967295)
[pwofficial_gpu_match_dawn] backend=blocked(fma4x4+direct+w64+nopb+f16+keyscan3+ptr+kp,V8) adapter="Apple M3 Pro" subgroups=1 sgmatrix=1 f32_8x8x8=1 f16_f32=1 mixed=0 subgroup=[4,64] packed_dot=1 timestamp=1 limits[storage=32768 invocations=1024 sizeX=1024]
WARNING: Logging before InitGoogleLogging() is written to STDERR
I20260925 18:02:07.745901 0x1fecf6080 database_cache.cc:72] Loading rigs...
I20260925 18:02:07.745930 0x1fecf6080 database_cache.cc:82]  0 in 0.000s
I20260925 18:02:07.745937 0x1fecf6080 database_cache.cc:90] Loading cameras...
I20260925 18:02:07.745949 0x1fecf6080 database_cache.cc:108]  2 in 0.000s
I20260925 18:02:07.745954 0x1fecf6080 database_cache.cc:116] Loading frames...
I20260925 18:02:07.745962 0x1fecf6080 database_cache.cc:126]  0 in 0.000s
I20260925 18:02:07.745968 0x1fecf6080 database_cache.cc:134] Loading matches...
I20260925 18:02:07.745977 0x1fecf6080 database_cache.cc:139]  1 in 0.000s
I20260925 18:02:07.745981 0x1fecf6080 database_cache.cc:147] Loading images...
I20260925 18:02:07.746075 0x1fecf6080 database_cache.cc:236]  2 in 0.000s (loaded all 2)
I20260925 18:02:07.746083 0x1fecf6080 database_cache.cc:255] Loading pose priors...
I20260925 18:02:07.746091 0x1fecf6080 database_cache.cc:263]  0 in 0.000s
I20260925 18:02:07.746096 0x1fecf6080 database_cache.cc:271] Building correspondence graph...
I20260925 18:02:07.746131 0x1fecf6080 database_cache.cc:300]  in 0.000s (ignored 0)
I20260925 18:02:07.829264 0x1fecf6080 official_bundle_adjustment_ceres.cc:1648] [AETHER gravity] injected 3/3 roll/pitch anchors, sigma_rad=0.00872665
[AETHER BA-ORDERING] blocks=225 pts(g0)=216 cams(g1)=3 g1_all_pose=1 proven=1
I20260925 18:02:07.832660 0x1fecf6080 official_bundle_adjustment_ceres.cc:1137] [AETHER] solver_used=DENSE_SCHUR sparse_backend=EIGEN_SPARSE dense_backend=EIGEN mixed=0 threads=1
I20260925 18:02:07.833059 0x1fecf6080 official_bundle_adjustment_ceres.cc:1648] [AETHER gravity] injected 3/3 roll/pitch anchors, sigma_rad=0.00872665
[AETHER BA-ORDERING] blocks=215 pts(g0)=206 cams(g1)=3 g1_all_pose=1 proven=1
I20260925 18:02:07.833958 0x1fecf6080 official_bundle_adjustment_ceres.cc:1137] [AETHER] solver_used=DENSE_SCHUR sparse_backend=EIGEN_SPARSE dense_backend=EIGEN mixed=0 threads=1
I20260925 18:02:07.899152 0x1fecf6080 official_bundle_adjustment_ceres.cc:1648] [AETHER gravity] injected 4/4 roll/pitch anchors, sigma_rad=0.00872665
[AETHER BA-ORDERING] blocks=330 pts(g0)=319 cams(g1)=4 g1_all_pose=1 proven=1
I20260925 18:02:07.904729 0x1fecf6080 official_bundle_adjustment_ceres.cc:1137] [AETHER] solver_used=DENSE_SCHUR sparse_backend=EIGEN_SPARSE dense_backend=EIGEN mixed=0 threads=1
I20260925 18:02:07.905176 0x1fecf6080 official_bundle_adjustment_ceres.cc:1648] [AETHER gravity] injected 4/4 roll/pitch anchors, sigma_rad=0.00872665
I20260925 18:02:07.905927 0x1fecf6080 official_bundle_adjustment_ceres.cc:1137] [AETHER] solver_used=DENSE_SCHUR sparse_backend=EIGEN_SPARSE dense_backend=EIGEN mixed=0 threads=1
I20260925 18:02:07.963475 0x1fecf6080 official_bundle_adjustment_ceres.cc:1648] [AETHER gravity] injected 3/3 roll/pitch anchors, sigma_rad=0.00872665
I20260925 18:02:07.969021 0x1fecf6080 official_bundle_adjustment_ceres.cc:1137] [AETHER] solver_used=DENSE_SCHUR sparse_backend=EIGEN_SPARSE dense_backend=EIGEN mixed=0 threads=1
I20260925 18:02:08.028914 0x1fecf6080 official_bundle_adjustment_ceres.cc:1648] [AETHER gravity] injected 3/3 roll/pitch anchors, sigma_rad=0.00872665
I20260925 18:02:08.033384 0x1fecf6080 official_bundle_adjustment_ceres.cc:1137] [AETHER] solver_used=DENSE_SCHUR sparse_backend=EIGEN_SPARSE dense_backend=EIGEN mixed=0 threads=1
I20260925 18:02:08.033879 0x1fecf6080 official_bundle_adjustment_ceres.cc:1648] [AETHER gravity] injected 3/3 roll/pitch anchors, sigma_rad=0.00872665
I20260925 18:02:08.034764 0x1fecf6080 official_bundle_adjustment_ceres.cc:1137] [AETHER] solver_used=DENSE_SCHUR sparse_backend=EIGEN_SPARSE dense_backend=EIGEN mixed=0 threads=1
I20260925 18:02:08.091978 0x1fecf6080 official_bundle_adjustment_ceres.cc:1648] [AETHER gravity] injected 6/6 roll/pitch anchors, sigma_rad=0.00872665
I20260925 18:02:08.097110 0x1fecf6080 official_bundle_adjustment_ceres.cc:1137] [AETHER] solver_used=DENSE_SCHUR sparse_backend=EIGEN_SPARSE dense_backend=EIGEN mixed=0 threads=1
I20260925 18:02:08.098080 0x1fecf6080 official_bundle_adjustment_ceres.cc:1648] [AETHER gravity] injected 6/6 roll/pitch anchors, sigma_rad=0.00872665
I20260925 18:02:08.100398 0x1fecf6080 official_bundle_adjustment_ceres.cc:1137] [AETHER] solver_used=DENSE_SCHUR sparse_backend=EIGEN_SPARSE dense_backend=EIGEN mixed=0 threads=1
I20260925 18:02:08.194852 0x1fecf6080 official_bundle_adjustment_ceres.cc:1648] [AETHER gravity] injected 4/4 roll/pitch anchors, sigma_rad=0.00872665
I20260925 18:02:08.199410 0x1fecf6080 official_bundle_adjustment_ceres.cc:1137] [AETHER] solver_used=DENSE_SCHUR sparse_backend=EIGEN_SPARSE dense_backend=EIGEN mixed=0 threads=1
I20260925 18:02:08.200106 0x1fecf6080 official_bundle_adjustment_ceres.cc:1648] [AETHER gravity] injected 4/4 roll/pitch anchors, sigma_rad=0.00872665
I20260925 18:02:08.204100 0x1fecf6080 official_bundle_adjustment_ceres.cc:1137] [AETHER] solver_used=DENSE_SCHUR sparse_backend=EIGEN_SPARSE dense_backend=EIGEN mixed=0 threads=1
I20260925 18:02:08.256291 0x1fecf6080 official_bundle_adjustment_ceres.cc:1648] [AETHER gravity] injected 2/2 roll/pitch anchors, sigma_rad=0.00872665
I20260925 18:02:08.256665 0x1fecf6080 official_bundle_adjustment_ceres.cc:1137] [AETHER] solver_used=DENSE_SCHUR sparse_backend=EIGEN_SPARSE dense_backend=EIGEN mixed=0 threads=1
I20260925 18:02:08.320335 0x1fecf6080 official_bundle_adjustment_ceres.cc:1648] [AETHER gravity] injected 2/2 roll/pitch anchors, sigma_rad=0.00872665
I20260925 18:02:08.320612 0x1fecf6080 official_bundle_adjustment_ceres.cc:1137] [AETHER] solver_used=DENSE_SCHUR sparse_backend=EIGEN_SPARSE dense_backend=EIGEN mixed=0 threads=1
I20260925 18:02:08.419262 0x1fecf6080 official_bundle_adjustment_ceres.cc:1648] [AETHER gravity] injected 4/4 roll/pitch anchors, sigma_rad=0.00872665
I20260925 18:02:08.420595 0x1fecf6080 official_bundle_adjustment_ceres.cc:1137] [AETHER] solver_used=DENSE_SCHUR sparse_backend=EIGEN_SPARSE dense_backend=EIGEN mixed=0 threads=1
I20260925 18:02:08.421165 0x1fecf6080 official_bundle_adjustment_ceres.cc:1648] [AETHER gravity] injected 4/4 roll/pitch anchors, sigma_rad=0.00872665
I20260925 18:02:08.422086 0x1fecf6080 official_bundle_adjustment_ceres.cc:1137] [AETHER] solver_used=DENSE_SCHUR sparse_backend=EIGEN_SPARSE dense_backend=EIGEN mixed=0 threads=1
I20260925 18:02:08.543931 0x1fecf6080 official_bundle_adjustment_ceres.cc:1648] [AETHER gravity] injected 2/2 roll/pitch anchors, sigma_rad=0.00872665
I20260925 18:02:08.544321 0x1fecf6080 official_bundle_adjustment_ceres.cc:1137] [AETHER] solver_used=DENSE_SCHUR sparse_backend=EIGEN_SPARSE dense_backend=EIGEN mixed=0 threads=1
I20260925 18:02:08.678710 0x1fecf6080 official_bundle_adjustment_ceres.cc:1648] [AETHER gravity] injected 2/2 roll/pitch anchors, sigma_rad=0.00872665
I20260925 18:02:08.682295 0x1fecf6080 official_bundle_adjustment_ceres.cc:1137] [AETHER] solver_used=DENSE_SCHUR sparse_backend=EIGEN_SPARSE dense_backend=EIGEN mixed=0 threads=1
I20260925 18:02:08.682827 0x1fecf6080 official_bundle_adjustment_ceres.cc:1648] [AETHER gravity] injected 3/3 roll/pitch anchors, sigma_rad=0.00872665
I20260925 18:02:08.683936 0x1fecf6080 official_bundle_adjustment_ceres.cc:1137] [AETHER] solver_used=DENSE_SCHUR sparse_backend=EIGEN_SPARSE dense_backend=EIGEN mixed=0 threads=1
I20260925 18:02:08.728224 0x1fecf6080 official_bundle_adjustment_ceres.cc:1648] [AETHER gravity] injected 2/2 roll/pitch anchors, sigma_rad=0.00872665
I20260925 18:02:08.728877 0x1fecf6080 official_bundle_adjustment_ceres.cc:1137] [AETHER] solver_used=DENSE_SCHUR sparse_backend=EIGEN_SPARSE dense_backend=EIGEN mixed=0 threads=1
I20260925 18:02:08.808178 0x1fecf6080 official_bundle_adjustment_ceres.cc:1648] [AETHER gravity] injected 3/3 roll/pitch anchors, sigma_rad=0.00872665
I20260925 18:02:08.809798 0x1fecf6080 official_bundle_adjustment_ceres.cc:1137] [AETHER] solver_used=DENSE_SCHUR sparse_backend=EIGEN_SPARSE dense_backend=EIGEN mixed=0 threads=1
I20260925 18:02:08.810222 0x1fecf6080 official_bundle_adjustment_ceres.cc:1648] [AETHER gravity] injected 3/3 roll/pitch anchors, sigma_rad=0.00872665
I20260925 18:02:08.810730 0x1fecf6080 official_bundle_adjustment_ceres.cc:1137] [AETHER] solver_used=DENSE_SCHUR sparse_backend=EIGEN_SPARSE dense_backend=EIGEN mixed=0 threads=1
I20260925 18:02:08.860952 0x1fecf6080 official_bundle_adjustment_ceres.cc:1648] [AETHER gravity] injected 2/2 roll/pitch anchors, sigma_rad=0.00872665
I20260925 18:02:08.861300 0x1fecf6080 official_bundle_adjustment_ceres.cc:1137] [AETHER] solver_used=DENSE_SCHUR sparse_backend=EIGEN_SPARSE dense_backend=EIGEN mixed=0 threads=1
I20260925 18:02:08.861467 0x1fecf6080 official_bundle_adjustment_ceres.cc:1648] [AETHER gravity] injected 2/2 roll/pitch anchors, sigma_rad=0.00872665
I20260925 18:02:08.861571 0x1fecf6080 official_bundle_adjustment_ceres.cc:1137] [AETHER] solver_used=DENSE_SCHUR sparse_backend=EIGEN_SPARSE dense_backend=EIGEN mixed=0 threads=1
I20260925 18:02:08.908680 0x1fecf6080 official_bundle_adjustment_ceres.cc:1648] [AETHER gravity] injected 3/3 roll/pitch anchors, sigma_rad=0.00872665
I20260925 18:02:08.909902 0x1fecf6080 official_bundle_adjustment_ceres.cc:1137] [AETHER] solver_used=DENSE_SCHUR sparse_backend=EIGEN_SPARSE dense_backend=EIGEN mixed=0 threads=1
I20260925 18:02:08.910494 0x1fecf6080 official_bundle_adjustment_ceres.cc:1648] [AETHER gravity] injected 3/3 roll/pitch anchors, sigma_rad=0.00872665
I20260925 18:02:08.911018 0x1fecf6080 official_bundle_adjustment_ceres.cc:1137] [AETHER] solver_used=DENSE_SCHUR sparse_backend=EIGEN_SPARSE dense_backend=EIGEN mixed=0 threads=1
I20260925 18:02:08.954465 0x1fecf6080 official_bundle_adjustment_ceres.cc:1648] [AETHER gravity] injected 4/4 roll/pitch anchors, sigma_rad=0.00872665
I20260925 18:02:08.958034 0x1fecf6080 official_bundle_adjustment_ceres.cc:1137] [AETHER] solver_used=DENSE_SCHUR sparse_backend=EIGEN_SPARSE dense_backend=EIGEN mixed=0 threads=1
I20260925 18:02:08.958676 0x1fecf6080 official_bundle_adjustment_ceres.cc:1648] [AETHER gravity] injected 5/5 roll/pitch anchors, sigma_rad=0.00872665
I20260925 18:02:08.959607 0x1fecf6080 official_bundle_adjustment_ceres.cc:1137] [AETHER] solver_used=DENSE_SCHUR sparse_backend=EIGEN_SPARSE dense_backend=EIGEN mixed=0 threads=1
I20260925 18:02:09.000442 0x1fecf6080 official_bundle_adjustment_ceres.cc:1648] [AETHER gravity] injected 2/2 roll/pitch anchors, sigma_rad=0.00872665
I20260925 18:02:09.000795 0x1fecf6080 official_bundle_adjustment_ceres.cc:1137] [AETHER] solver_used=DENSE_SCHUR sparse_backend=EIGEN_SPARSE dense_backend=EIGEN mixed=0 threads=1
I20260925 18:02:09.001134 0x1fecf6080 official_bundle_adjustment_ceres.cc:1648] [AETHER gravity] injected 3/3 roll/pitch anchors, sigma_rad=0.00872665
I20260925 18:02:09.001722 0x1fecf6080 official_bundle_adjustment_ceres.cc:1137] [AETHER] solver_used=DENSE_SCHUR sparse_backend=EIGEN_SPARSE dense_backend=EIGEN mixed=0 threads=1
I20260925 18:02:09.002420 0x16b5ff000 database_cache.cc:72] Loading rigs...
I20260925 18:02:09.002438 0x16b5ff000 database_cache.cc:82]  0 in 0.000s
I20260925 18:02:09.002443 0x16b5ff000 database_cache.cc:90] Loading cameras...
I20260925 18:02:09.002461 0x16b5ff000 database_cache.cc:108]  20 in 0.000s
I20260925 18:02:09.002466 0x16b5ff000 database_cache.cc:116] Loading frames...
I20260925 18:02:09.002475 0x16b5ff000 database_cache.cc:126]  0 in 0.000s
I20260925 18:02:09.002479 0x16b5ff000 database_cache.cc:134] Loading matches...
I20260925 18:02:09.002511 0x16b5ff000 database_cache.cc:139]  42 in 0.000s
I20260925 18:02:09.002515 0x16b5ff000 database_cache.cc:147] Loading images...
I20260925 18:02:09.003268 0x16b5ff000 database_cache.cc:236]  20 in 0.001s (loaded all 20)
I20260925 18:02:09.003274 0x16b5ff000 database_cache.cc:255] Loading pose priors...
I20260925 18:02:09.003282 0x16b5ff000 database_cache.cc:263]  0 in 0.000s
I20260925 18:02:09.003290 0x16b5ff000 database_cache.cc:271] Building correspondence graph...
I20260925 18:02:09.003622 0x16b5ff000 database_cache.cc:300]  in 0.000s (ignored 0)
I20260925 18:02:09.005774 0x16b5ff000 official_bundle_adjustment_ceres.cc:1648] [AETHER gravity] injected 19/20 roll/pitch anchors, sigma_rad=0.00872665
W20260925 18:02:09.029225 0x16b5ff000 levenberg_marquardt_strategy.cc:123] Linear solver failure. Failed to compute a step: Eigen failure. Unable to perform dense Cholesky factorization.
I20260925 18:02:09.041808 0x16b5ff000 official_bundle_adjustment_ceres.cc:1137] [AETHER] solver_used=DENSE_SCHUR sparse_backend=EIGEN_SPARSE dense_backend=EIGEN mixed=0 threads=6
I20260925 18:02:09.043767 0x16b5ff000 official_bundle_adjustment_ceres.cc:1648] [AETHER gravity] injected 19/20 roll/pitch anchors, sigma_rad=0.00872665
I20260925 18:02:09.072113 0x16b5ff000 official_bundle_adjustment_ceres.cc:1137] [AETHER] solver_used=DENSE_SCHUR sparse_backend=EIGEN_SPARSE dense_backend=EIGEN mixed=0 threads=1
I20260925 18:02:09.073966 0x16b5ff000 official_bundle_adjustment_ceres.cc:1648] [AETHER gravity] injected 19/20 roll/pitch anchors, sigma_rad=0.00872665
I20260925 18:02:09.089468 0x16b5ff000 official_bundle_adjustment_ceres.cc:1137] [AETHER] solver_used=DENSE_SCHUR sparse_backend=EIGEN_SPARSE dense_backend=EIGEN mixed=0 threads=1
I20260925 18:02:09.091277 0x16b5ff000 official_bundle_adjustment_ceres.cc:1648] [AETHER gravity] injected 19/20 roll/pitch anchors, sigma_rad=0.00872665
I20260925 18:02:09.104081 0x16b5ff000 official_bundle_adjustment_ceres.cc:1137] [AETHER] solver_used=DENSE_SCHUR sparse_backend=EIGEN_SPARSE dense_backend=EIGEN mixed=0 threads=1
I20260925 18:02:09.105759 0x16b5ff000 official_bundle_adjustment_ceres.cc:1648] [AETHER gravity] injected 19/20 roll/pitch anchors, sigma_rad=0.00872665
I20260925 18:02:09.111531 0x16b5ff000 official_bundle_adjustment_ceres.cc:1137] [AETHER] solver_used=DENSE_SCHUR sparse_backend=EIGEN_SPARSE dense_backend=EIGEN mixed=0 threads=1
W20260925 18:02:09.317562 0x16b68b000 official_aether_sfm_c.cc:6907] [aether_sfm] finalize re-match: starved_frames=14 candidates=127 attempted=127 written=0 inliers=0 failed=0 gpu_fail_capture=0 probe_debt_repaid=0 probe_debt_left=0
W20260925 18:02:09.393284 0x16b68b000 official_aether_sfm_c.cc:7348] [aether_sfm] official quadratic overlap: overlap=10 candidates=46 written=0 in 75.5815 ms
I20260925 18:02:09.400754 0x16b5ff000 official_incremental_pipeline.cc:323] Loading database
I20260925 18:02:09.400790 0x16b5ff000 database_cache.cc:72] Loading rigs...
I20260925 18:02:09.400800 0x16b5ff000 database_cache.cc:82]  0 in 0.000s
I20260925 18:02:09.400805 0x16b5ff000 database_cache.cc:90] Loading cameras...
I20260925 18:02:09.400820 0x16b5ff000 database_cache.cc:108]  20 in 0.000s
I20260925 18:02:09.400825 0x16b5ff000 database_cache.cc:116] Loading frames...
I20260925 18:02:09.400831 0x16b5ff000 database_cache.cc:126]  0 in 0.000s
I20260925 18:02:09.400835 0x16b5ff000 database_cache.cc:134] Loading matches...
I20260925 18:02:09.400875 0x16b5ff000 database_cache.cc:139]  42 in 0.000s
I20260925 18:02:09.400880 0x16b5ff000 database_cache.cc:147] Loading images...
I20260925 18:02:09.401616 0x16b5ff000 database_cache.cc:236]  20 in 0.001s (loaded all 20)
I20260925 18:02:09.401623 0x16b5ff000 database_cache.cc:255] Loading pose priors...
I20260925 18:02:09.401630 0x16b5ff000 database_cache.cc:263]  0 in 0.000s
I20260925 18:02:09.401634 0x16b5ff000 database_cache.cc:271] Building correspondence graph...
I20260925 18:02:09.401944 0x16b5ff000 database_cache.cc:300]  in 0.000s (ignored 0)
I20260925 18:02:09.401949 0x16b5ff000 timer.cc:90] Elapsed time: 0.000 [minutes]
I20260925 18:02:09.403798 0x16b5ff000 official_bundle_adjustment_ceres.cc:1648] [AETHER gravity] injected 19/20 roll/pitch anchors, sigma_rad=0.00872665
I20260925 18:02:09.407806 0x16b5ff000 official_bundle_adjustment_ceres.cc:1137] [AETHER] solver_used=DENSE_SCHUR sparse_backend=EIGEN_SPARSE dense_backend=EIGEN mixed=0 threads=1
W20260925 18:02:09.409043 0x16b5ff000 official_aether_sfm_c.cc:9530] [frame-loss] before=20 after=20 lost_zero_obs=0 lost_with_obs=0 |
W20260925 18:02:09.409378 0x16b5ff000 official_aether_sfm_c.cc:9614] [aether_sfm] finalize worker: cache_pre=1ms enrich=396ms stage1=108ms (ok, rounds=5) stage2=9ms (rounds<=1) temporal=0ms upgrade=0ms total=407ms
W20260925 18:02:09.409671 0x16b5ff000 official_aether_sfm_c.cc:9643] [aether_sfm] delivered-point provenance: live-created=1202 official-retriangulated=116 live-dropped-by-official-filtering=104 (live model had 1306; capture-time official TriangulateImage added 0 obs)
W20260925 18:02:09.409805 0x16b5ff000 official_aether_sfm_c.cc:8066] [device-align-v1] status=aligned pairs=20 inliers=20 max_error_m=0.111819 scale=1.00397 centre_err_median_m=0.020013 centre_err_max_m=0.0380667 outliers=0
W20260925 18:02:09.435863 0x1fecf6080 official_aether_sfm_c.cc:13097] [aether_sfm] deliver-filter(get_points_tracked): kept 1255/1318 (min_tri_angle=3deg, mirror_ghost=0, isolated_floater=12, killed_union=12)
[pwofficial_gpu_match_dawn] device lost #1 reason=2 rc=8: Device was destroyed.
        1.91 real         0.49 user         0.25 sys
           124829696  maximum resident set size
                   0  average shared memory size
                   0  average unshared data size
                   0  average unshared stack size
               33781  page reclaims
                  14  page faults
                   0  swaps
                   0  block input operations
                   0  block output operations
                   0  messages sent
                   0  messages received
                   0  signals received
                  34  voluntary context switches
               13841  involuntary context switches
          6966327155  instructions retired
          2613384057  cycles elapsed
           305676984  peak memory footprint
