inputs: {"sfm_live.db": "380b23d0eae515cc266daa868f5c56a6364b0009e3f725f11d1cf36b863690c2", "sfm_sparse_meta.json": "bdd31a0adc8b1654bc1871592e3b9483c21bb79d0f1645550f5ef12aaedda9fd", "sfm_fed_frames.jsonl": "d3970be1d4f152b605525b75e4495d2c14c2b17138617ed94fca19711cc1603b"}
frames with 4K image: 115
building tracks (image-backed obs only)...
image-backed tracks: 65402
class lowpar_2view: pool=2839 selected=5
class highpar_control: pool=10300 selected=5
class chair_roi_2view: pool=3529 selected=5
class chair_roi_multiview: pool=2963 selected=5
  [0] lowpar_2view: par=1.2345deg w_geo=0.05442 photo_w=0.0 modes=1 zpeak=0.8371 peak_at_tri=True
  [1] lowpar_2view: par=1.2345deg w_geo=0.05442 photo_w=0.0 modes=1 zpeak=0.8371 peak_at_tri=True
  [2] lowpar_2view: par=1.4799deg w_geo=0.04539 photo_w=0.0 modes=1 zpeak=0.8901 peak_at_tri=True
  [3] lowpar_2view: par=1.2862deg w_geo=0.05223 photo_w=0.0 modes=4 zpeak=0.9157 peak_at_tri=False
  [4] lowpar_2view: par=1.3814deg w_geo=0.04863 photo_w=0.03084 modes=2 zpeak=0.8656 peak_at_tri=True
  [5] highpar_control: par=30.902deg w_geo=0.00228 photo_w=0.0 modes=9 zpeak=0.4183 peak_at_tri=False
  [6] highpar_control: par=35.1005deg w_geo=0.00204 photo_w=0.0 modes=1 zpeak=0.402 peak_at_tri=True
  [7] highpar_control: par=23.0224deg w_geo=0.003 photo_w=0.0 modes=4 zpeak=0.6351 peak_at_tri=False
  [8] highpar_control: par=28.5061deg w_geo=0.00246 photo_w=0.0 modes=2 zpeak=0.3934 peak_at_tri=False
  [9] highpar_control: par=28.1198deg w_geo=0.00249 photo_w=0.0 modes=1 zpeak=0.5858 peak_at_tri=True
  [10] chair_roi_2view: par=6.5788deg w_geo=0.01023 photo_w=0.01496 modes=2 zpeak=0.9595 peak_at_tri=True
  [11] chair_roi_2view: par=4.2215deg w_geo=0.01593 photo_w=0.0 modes=1 zpeak=0.857 peak_at_tri=True
  [12] chair_roi_2view: par=15.093deg w_geo=0.0045 photo_w=0.0 modes=4 zpeak=0.9019 peak_at_tri=False
  [13] chair_roi_2view: par=3.513deg w_geo=0.01913 photo_w=0.03098 modes=5 zpeak=0.7695 peak_at_tri=False
  [14] chair_roi_2view: par=15.6497deg w_geo=0.00435 photo_w=0.00878 modes=3 zpeak=0.6979 peak_at_tri=False
  [15] chair_roi_multiview: par=8.6872deg w_geo=0.00776 photo_w=0.0 modes=1 zpeak=0.7953 peak_at_tri=True
  [16] chair_roi_multiview: par=21.0348deg w_geo=0.00327 photo_w=0.0 modes=6 zpeak=0.6186 peak_at_tri=False
  [17] chair_roi_multiview: par=4.1453deg w_geo=0.01622 photo_w=0.0 modes=1 zpeak=0.8022 peak_at_tri=True
  [18] chair_roi_multiview: par=5.0979deg w_geo=0.01319 photo_w=0.02967 modes=3 zpeak=0.432 peak_at_tri=False
  [19] chair_roi_multiview: par=19.4247deg w_geo=0.00353 photo_w=0.0 modes=1 zpeak=0.4162 peak_at_tri=True
peak RSS MB: 1339.3 elapsed_s: 92.59
