4ad6_960_N_p1_r1 rc 0 sec 34 n 790 k=0.9709 ci [0.964, 0.9779] ate_sim3 1.41cm 
4ad6_1280_N_p1_r1 rc 0 sec 34 n 790 k=0.9790 ci [0.9742, 0.984] ate_sim3 1.03cm 
5966_960_N_p1_r1 rc 0 sec 30 n 756 k=1.0303 ci [1.0158, 1.0447] ate_sim3 2.20cm 
5966_1280_N_p1_r1 rc 0 sec 30 n 752 k=1.0376 ci [1.021, 1.0545] ate_sim3 2.54cm 
6e2d_960_N_p1_r1 rc 0 sec 29 n 811 k=1.0628 ci [1.0521, 1.0787] ate_sim3 2.12cm 
6e2d_1280_N_p1_r1 rc 0 sec 29 n 808 k=1.0658 ci [1.0563, 1.0826] ate_sim3 2.20cm 
6e2d_1920_N_p1_r1 rc 0 sec 29 n 794 k=1.0734 ci [1.0644, 1.0915] ate_sim3 2.03cm 
4ad6_960_N_p1_r2 rc 0 sec 35 n 790 k=0.9716 ci [0.9651, 0.9784] ate_sim3 1.39cm 
4ad6_1280_N_p1_r2 rc 0 sec 35 n 790 k=0.9757 ci [0.9704, 0.98] ate_sim3 1.05cm 
4ad6_1920_N_p1_r2 rc 0 sec 35 n 773 k=0.9634 ci [0.9514, 0.9775] ate_sim3 2.14cm 
5966_960_N_p1_r2 rc 0 sec 31 n 756 k=1.0302 ci [1.0156, 1.0446] ate_sim3 2.20cm 
5966_1280_N_p1_r2 rc 0 sec 30 n 754 k=1.0365 ci [1.0196, 1.0532] ate_sim3 2.53cm 
5966_1920_N_p1_r2 rc 0 sec 30 n 749 k=1.0318 ci [1.0194, 1.044] ate_sim3 2.22cm 
6e2d_960_N_p1_r2 rc 0 sec 29 n 812 k=1.0674 ci [1.0576, 1.0821] ate_sim3 2.07cm 
6e2d_1280_N_p1_r2 rc 0 sec 29 n 802 k=1.0663 ci [1.0563, 1.0837] ate_sim3 2.09cm 
6e2d_1920_N_p1_r2 rc 0 sec 29 n 802 k=1.0743 ci [1.0657, 1.0916] ate_sim3 1.99cm 
4ad6_1920_N_td0.004 rc 0 sec 34 n 774 k=0.9681 ci [0.9604, 0.9771] ate_sim3 1.52cm 
4ad6_1280_N_td0.004 rc 0 sec 34 n 790 k=0.9784 ci [0.9731, 0.9853] ate_sim3 1.06cm 
4ad6_1920_N_td-0.004 rc 0 sec 35 n 774 k=0.9624 ci [0.9477, 0.9787] ate_sim3 2.37cm 
4ad6_1280_N_td-0.004 rc 0 sec 35 n 790 k=0.9732 ci [0.9668, 0.98] ate_sim3 1.33cm 
4ad6_1920_N_g08 rc 0 sec 35 n 775 k=0.9651 ci [0.9523, 0.98] ate_sim3 2.15cm 
4ad6_1280_N_g08 rc 0 sec 34 n 791 k=0.9792 ci [0.9754, 0.9839] ate_sim3 0.91cm 
4ad6_1920_N_p025 rc 0 sec 137 n 774 k=0.9623 ci [0.9502, 0.9763] ate_sim3 2.15cm 
5966_1920_N_td0.004 rc 0 sec 30 n 749 k=1.0271 ci [1.0164, 1.0397] ate_sim3 1.89cm 
5966_1280_N_td0.004 rc 0 sec 30 n 754 k=1.0270 ci [1.0165, 1.0396] ate_sim3 1.93cm 
5966_1920_N_td-0.004 rc 0 sec 31 n 749 k=1.0815 ci [1.0436, 1.1156] ate_sim3 4.06cm 
5966_1280_N_td-0.004 rc 0 sec 30 n 755 k=1.0805 ci [1.045, 1.1138] ate_sim3 4.16cm 
5966_1920_N_g08 rc 0 sec 30 n 751 k=1.0599 ci [1.0357, 1.0829] ate_sim3 2.93cm 
5966_1280_N_g08 rc 0 sec 30 n 755 k=1.0487 ci [1.0292, 1.0683] ate_sim3 2.65cm 
5966_1920_N_p025 rc 0 sec 120 n 750 k=1.0319 ci [1.0196, 1.0438] ate_sim3 2.23cm 
6e2d_1920_N_td0.004 rc 0 sec 29 n 801 k=1.0865 ci [1.0797, 1.0975] ate_sim3 1.47cm 
6e2d_1280_N_td0.004 rc 0 sec 29 n 809 k=1.0790 ci [1.0708, 1.0912] ate_sim3 1.71cm 
6e2d_1920_N_td-0.004 rc 0 sec 29 n 801 k=1.0675 ci [1.0523, 1.0933] ate_sim3 2.72cm 
6e2d_1280_N_td-0.004 rc 0 sec 29 n 809 k=1.0545 ci [1.0415, 1.0814] ate_sim3 2.97cm 
6e2d_1920_N_g08 rc 0 sec 29 n 803 k=1.0751 ci [1.0657, 1.0923] ate_sim3 2.03cm 
6e2d_1280_N_g08 rc 0 sec 29 n 809 k=1.0665 ci [1.0565, 1.0835] ate_sim3 2.21cm 
6e2d_1920_N_p025 rc 0 sec 114 n 802 k=1.0763 ci [1.0671, 1.0932] ate_sim3 1.97cm 
BATCH3_DONE
