DISK<2GiB (1906260 KiB) -> abort 4ad6_640_O_p1_r2
DISK<2GiB (1906252 KiB) -> abort 4ad6_960_O_p1_r2
DISK<2GiB (1906252 KiB) -> abort 4ad6_1280_O_p1_r2
DISK<2GiB (1906176 KiB) -> abort 4ad6_1920_O_p1_r2
DISK<2GiB (1906176 KiB) -> abort 4ad6_960_S_p1_r2
DISK<2GiB (1906144 KiB) -> abort 4ad6_1280_S_p1_r2
DISK<2GiB (1906144 KiB) -> abort 4ad6_1920_S_p1_r2
DISK<2GiB (1906000 KiB) -> abort 4ad6_1920_A1noiseOnly_p1_r1
DISK<2GiB (1906000 KiB) -> abort 4ad6_1920_A2SnoNoise_p1_r1
DISK<2GiB (1906000 KiB) -> abort 4ad6_1920_A3Sblock9_p1_r1
DISK<2GiB (1906000 KiB) -> abort 4ad6_1920_A4yamlOnly_p1_r1
DISK<2GiB (1906000 KiB) -> abort 5966_640_O_p1_r2
DISK<2GiB (1905752 KiB) -> abort 5966_960_O_p1_r2
DISK<2GiB (1905752 KiB) -> abort 5966_1280_O_p1_r2
DISK<2GiB (1905752 KiB) -> abort 5966_1920_O_p1_r2
DISK<2GiB (1905752 KiB) -> abort 5966_960_S_p1_r2
DISK<2GiB (1905752 KiB) -> abort 5966_1280_S_p1_r2
DISK<2GiB (1905752 KiB) -> abort 5966_1920_S_p1_r2
DISK<2GiB (1905752 KiB) -> abort 5966_1920_A1noiseOnly_p1_r1
DISK<2GiB (1905752 KiB) -> abort 5966_1920_A2SnoNoise_p1_r1
DISK<2GiB (1905732 KiB) -> abort 5966_1920_A3Sblock9_p1_r1
DISK<2GiB (1905484 KiB) -> abort 5966_1920_A4yamlOnly_p1_r1
DISK<2GiB (1911528 KiB) -> abort 6e2d_640_O_p1_r2
DISK<2GiB (1913684 KiB) -> abort 6e2d_960_O_p1_r2
DISK<2GiB (1913668 KiB) -> abort 6e2d_1280_O_p1_r2
DISK<2GiB (1913668 KiB) -> abort 6e2d_1920_O_p1_r2
DISK<2GiB (1913668 KiB) -> abort 6e2d_960_S_p1_r2
DISK<2GiB (1913668 KiB) -> abort 6e2d_1280_S_p1_r2
DISK<2GiB (1913660 KiB) -> abort 6e2d_1920_S_p1_r2
DISK<2GiB (1913648 KiB) -> abort 6e2d_1920_A1noiseOnly_p1_r1
DISK<2GiB (1913648 KiB) -> abort 6e2d_1920_A2SnoNoise_p1_r1
DISK<2GiB (1913648 KiB) -> abort 6e2d_1920_A3Sblock9_p1_r1
DISK<2GiB (1913648 KiB) -> abort 6e2d_1920_A4yamlOnly_p1_r1
DISK<2GiB (1913648 KiB) -> abort 4ad6_640_O_td0.004
DISK<2GiB (1913632 KiB) -> abort 4ad6_1280_S_td0.004
DISK<2GiB (1913632 KiB) -> abort 4ad6_1920_O_td0.004
DISK<2GiB (1913632 KiB) -> abort 4ad6_1920_S_td0.004
DISK<2GiB (1913632 KiB) -> abort 4ad6_640_O_td-0.004
DISK<2GiB (1913632 KiB) -> abort 4ad6_1280_S_td-0.004
DISK<2GiB (1913624 KiB) -> abort 4ad6_1920_O_td-0.004
DISK<2GiB (1913612 KiB) -> abort 4ad6_1920_S_td-0.004
DISK<2GiB (1913612 KiB) -> abort 4ad6_640_O_g08
DISK<2GiB (1913612 KiB) -> abort 4ad6_1280_S_g08
DISK<2GiB (1913612 KiB) -> abort 4ad6_1920_O_g08
DISK<2GiB (1913612 KiB) -> abort 4ad6_1920_S_g08
DISK<2GiB (1913612 KiB) -> abort 5966_640_O_td0.004
DISK<2GiB (1913612 KiB) -> abort 5966_1280_S_td0.004
DISK<2GiB (1913596 KiB) -> abort 5966_1920_O_td0.004
DISK<2GiB (1913596 KiB) -> abort 5966_1920_S_td0.004
DISK<2GiB (1913596 KiB) -> abort 5966_640_O_td-0.004
DISK<2GiB (1913596 KiB) -> abort 5966_1280_S_td-0.004
DISK<2GiB (1913596 KiB) -> abort 5966_1920_O_td-0.004
DISK<2GiB (1913596 KiB) -> abort 5966_1920_S_td-0.004
DISK<2GiB (1913552 KiB) -> abort 5966_640_O_g08
DISK<2GiB (1913668 KiB) -> abort 5966_1280_S_g08
DISK<2GiB (1913652 KiB) -> abort 5966_1920_O_g08
DISK<2GiB (1913652 KiB) -> abort 5966_1920_S_g08
DISK<2GiB (1913652 KiB) -> abort 6e2d_640_O_td0.004
DISK<2GiB (1913652 KiB) -> abort 6e2d_1280_S_td0.004
DISK<2GiB (1913652 KiB) -> abort 6e2d_1920_O_td0.004
DISK<2GiB (1913652 KiB) -> abort 6e2d_1920_S_td0.004
DISK<2GiB (1913652 KiB) -> abort 6e2d_640_O_td-0.004
DISK<2GiB (1913652 KiB) -> abort 6e2d_1280_S_td-0.004
DISK<2GiB (1913652 KiB) -> abort 6e2d_1920_O_td-0.004
DISK<2GiB (1913652 KiB) -> abort 6e2d_1920_S_td-0.004
DISK<2GiB (1913652 KiB) -> abort 6e2d_640_O_g08
DISK<2GiB (1913652 KiB) -> abort 6e2d_1280_S_g08
DISK<2GiB (1913652 KiB) -> abort 6e2d_1920_O_g08
DISK<2GiB (1913652 KiB) -> abort 6e2d_1920_S_g08
DISK<2GiB (1913652 KiB) -> abort 4ad6_1920_S_p025
DISK<2GiB (1913652 KiB) -> abort 4ad6_1920_O_p025
DISK<2GiB (1913652 KiB) -> abort 5966_1920_S_p025
DISK<2GiB (1913652 KiB) -> abort 5966_1920_O_p025
DISK<2GiB (1913652 KiB) -> abort 6e2d_1920_S_p025
DISK<2GiB (1913652 KiB) -> abort 6e2d_1920_O_p025
BATCH2_DONE
