[DawnKernelHarness] limits: invocations/wg=512 wgSizeX=512 storageBufs=10 maxBuffer=1073741824 maxStorageBinding=1073741824 (adapter: 1024 1024 10 4294967295 4294967295)
[pwofficial_gpu_match_dawn] backend=blocked(fma4x4+direct+w64+nopb+f16+keyscan3+ptr+kp,V8) adapter="Apple M3 Pro" subgroups=1 sgmatrix=1 f32_8x8x8=1 f16_f32=1 mixed=0 subgroup=[4,64] packed_dot=1 timestamp=1 limits[storage=32768 invocations=1024 sizeX=1024]
WARNING: Logging before InitGoogleLogging() is written to STDERR
I20260925 14:49:16.386237 0x1fecf6080 database_cache.cc:72] Loading rigs...
I20260925 14:49:16.386262 0x1fecf6080 database_cache.cc:82]  0 in 0.000s
I20260925 14:49:16.386269 0x1fecf6080 database_cache.cc:90] Loading cameras...
I20260925 14:49:16.386281 0x1fecf6080 database_cache.cc:108]  2 in 0.000s
I20260925 14:49:16.386287 0x1fecf6080 database_cache.cc:116] Loading frames...
I20260925 14:49:16.386295 0x1fecf6080 database_cache.cc:126]  0 in 0.000s
I20260925 14:49:16.386300 0x1fecf6080 database_cache.cc:134] Loading matches...
I20260925 14:49:16.386308 0x1fecf6080 database_cache.cc:139]  1 in 0.000s
I20260925 14:49:16.386312 0x1fecf6080 database_cache.cc:147] Loading images...
I20260925 14:49:16.386399 0x1fecf6080 database_cache.cc:236]  2 in 0.000s (loaded all 2)
I20260925 14:49:16.386404 0x1fecf6080 database_cache.cc:255] Loading pose priors...
I20260925 14:49:16.386411 0x1fecf6080 database_cache.cc:263]  0 in 0.000s
I20260925 14:49:16.386415 0x1fecf6080 database_cache.cc:271] Building correspondence graph...
I20260925 14:49:16.386444 0x1fecf6080 database_cache.cc:300]  in 0.000s (ignored 0)
I20260925 14:49:16.423977 0x1fecf6080 official_bundle_adjustment_ceres.cc:1648] [AETHER gravity] injected 3/3 roll/pitch anchors, sigma_rad=0.00872665
[AETHER BA-ORDERING] blocks=167 pts(g0)=158 cams(g1)=3 g1_all_pose=1 proven=1
I20260925 14:49:16.426619 0x1fecf6080 official_bundle_adjustment_ceres.cc:1137] [AETHER] solver_used=DENSE_SCHUR sparse_backend=EIGEN_SPARSE dense_backend=EIGEN mixed=0 threads=1
I20260925 14:49:16.426880 0x1fecf6080 official_bundle_adjustment_ceres.cc:1648] [AETHER gravity] injected 3/3 roll/pitch anchors, sigma_rad=0.00872665
[AETHER BA-ORDERING] blocks=173 pts(g0)=164 cams(g1)=3 g1_all_pose=1 proven=1
I20260925 14:49:16.427548 0x1fecf6080 official_bundle_adjustment_ceres.cc:1137] [AETHER] solver_used=DENSE_SCHUR sparse_backend=EIGEN_SPARSE dense_backend=EIGEN mixed=0 threads=1
I20260925 14:49:16.483159 0x1fecf6080 official_bundle_adjustment_ceres.cc:1648] [AETHER gravity] injected 4/4 roll/pitch anchors, sigma_rad=0.00872665
[AETHER BA-ORDERING] blocks=297 pts(g0)=286 cams(g1)=4 g1_all_pose=1 proven=1
I20260925 14:49:16.487944 0x1fecf6080 official_bundle_adjustment_ceres.cc:1137] [AETHER] solver_used=DENSE_SCHUR sparse_backend=EIGEN_SPARSE dense_backend=EIGEN mixed=0 threads=1
I20260925 14:49:16.488312 0x1fecf6080 official_bundle_adjustment_ceres.cc:1648] [AETHER gravity] injected 4/4 roll/pitch anchors, sigma_rad=0.00872665
I20260925 14:49:16.489096 0x1fecf6080 official_bundle_adjustment_ceres.cc:1137] [AETHER] solver_used=DENSE_SCHUR sparse_backend=EIGEN_SPARSE dense_backend=EIGEN mixed=0 threads=1
I20260925 14:49:16.531752 0x1fecf6080 official_bundle_adjustment_ceres.cc:1648] [AETHER gravity] injected 2/2 roll/pitch anchors, sigma_rad=0.00872665
I20260925 14:49:16.533835 0x1fecf6080 official_bundle_adjustment_ceres.cc:1137] [AETHER] solver_used=DENSE_SCHUR sparse_backend=EIGEN_SPARSE dense_backend=EIGEN mixed=0 threads=1
I20260925 14:49:16.576403 0x1fecf6080 official_bundle_adjustment_ceres.cc:1648] [AETHER gravity] injected 2/2 roll/pitch anchors, sigma_rad=0.00872665
I20260925 14:49:16.577307 0x1fecf6080 official_bundle_adjustment_ceres.cc:1137] [AETHER] solver_used=DENSE_SCHUR sparse_backend=EIGEN_SPARSE dense_backend=EIGEN mixed=0 threads=1
I20260925 14:49:16.612286 0x1fecf6080 official_bundle_adjustment_ceres.cc:1648] [AETHER gravity] injected 3/3 roll/pitch anchors, sigma_rad=0.00872665
I20260925 14:49:16.613368 0x1fecf6080 official_bundle_adjustment_ceres.cc:1137] [AETHER] solver_used=DENSE_SCHUR sparse_backend=EIGEN_SPARSE dense_backend=EIGEN mixed=0 threads=1
I20260925 14:49:16.613958 0x1fecf6080 official_bundle_adjustment_ceres.cc:1648] [AETHER gravity] injected 4/4 roll/pitch anchors, sigma_rad=0.00872665
I20260925 14:49:16.615507 0x1fecf6080 official_bundle_adjustment_ceres.cc:1137] [AETHER] solver_used=DENSE_SCHUR sparse_backend=EIGEN_SPARSE dense_backend=EIGEN mixed=0 threads=1
I20260925 14:49:16.652083 0x1fecf6080 official_bundle_adjustment_ceres.cc:1648] [AETHER gravity] injected 2/2 roll/pitch anchors, sigma_rad=0.00872665
I20260925 14:49:16.652886 0x1fecf6080 official_bundle_adjustment_ceres.cc:1137] [AETHER] solver_used=DENSE_SCHUR sparse_backend=EIGEN_SPARSE dense_backend=EIGEN mixed=0 threads=1
I20260925 14:49:16.653222 0x1fecf6080 official_bundle_adjustment_ceres.cc:1648] [AETHER gravity] injected 3/3 roll/pitch anchors, sigma_rad=0.00872665
I20260925 14:49:16.653923 0x1fecf6080 official_bundle_adjustment_ceres.cc:1137] [AETHER] solver_used=DENSE_SCHUR sparse_backend=EIGEN_SPARSE dense_backend=EIGEN mixed=0 threads=1
I20260925 14:49:16.722508 0x1fecf6080 official_bundle_adjustment_ceres.cc:1648] [AETHER gravity] injected 2/2 roll/pitch anchors, sigma_rad=0.00872665
I20260925 14:49:16.722700 0x1fecf6080 official_bundle_adjustment_ceres.cc:1137] [AETHER] solver_used=DENSE_SCHUR sparse_backend=EIGEN_SPARSE dense_backend=EIGEN mixed=0 threads=1
I20260925 14:49:16.722812 0x1fecf6080 official_bundle_adjustment_ceres.cc:1648] [AETHER gravity] injected 2/2 roll/pitch anchors, sigma_rad=0.00872665
I20260925 14:49:16.722868 0x1fecf6080 official_bundle_adjustment_ceres.cc:1137] [AETHER] solver_used=DENSE_SCHUR sparse_backend=EIGEN_SPARSE dense_backend=EIGEN mixed=0 threads=1
I20260925 14:49:16.778603 0x1fecf6080 official_bundle_adjustment_ceres.cc:1648] [AETHER gravity] injected 3/3 roll/pitch anchors, sigma_rad=0.00872665
I20260925 14:49:16.779305 0x1fecf6080 official_bundle_adjustment_ceres.cc:1137] [AETHER] solver_used=DENSE_SCHUR sparse_backend=EIGEN_SPARSE dense_backend=EIGEN mixed=0 threads=1
I20260925 14:49:16.779528 0x1fecf6080 official_bundle_adjustment_ceres.cc:1648] [AETHER gravity] injected 3/3 roll/pitch anchors, sigma_rad=0.00872665
I20260925 14:49:16.779765 0x1fecf6080 official_bundle_adjustment_ceres.cc:1137] [AETHER] solver_used=DENSE_SCHUR sparse_backend=EIGEN_SPARSE dense_backend=EIGEN mixed=0 threads=1
I20260925 14:49:16.903122 0x1fecf6080 official_bundle_adjustment_ceres.cc:1648] [AETHER gravity] injected 2/2 roll/pitch anchors, sigma_rad=0.00872665
I20260925 14:49:16.903454 0x1fecf6080 official_bundle_adjustment_ceres.cc:1137] [AETHER] solver_used=DENSE_SCHUR sparse_backend=EIGEN_SPARSE dense_backend=EIGEN mixed=0 threads=1
I20260925 14:49:16.903745 0x1fecf6080 official_bundle_adjustment_ceres.cc:1648] [AETHER gravity] injected 2/2 roll/pitch anchors, sigma_rad=0.00872665
I20260925 14:49:16.903993 0x1fecf6080 official_bundle_adjustment_ceres.cc:1137] [AETHER] solver_used=DENSE_SCHUR sparse_backend=EIGEN_SPARSE dense_backend=EIGEN mixed=0 threads=1
I20260925 14:49:16.999526 0x1fecf6080 official_bundle_adjustment_ceres.cc:1648] [AETHER gravity] injected 5/5 roll/pitch anchors, sigma_rad=0.00872665
I20260925 14:49:17.007535 0x1fecf6080 official_bundle_adjustment_ceres.cc:1137] [AETHER] solver_used=DENSE_SCHUR sparse_backend=EIGEN_SPARSE dense_backend=EIGEN mixed=0 threads=1
I20260925 14:49:17.008437 0x1fecf6080 official_bundle_adjustment_ceres.cc:1648] [AETHER gravity] injected 5/5 roll/pitch anchors, sigma_rad=0.00872665
I20260925 14:49:17.015202 0x1fecf6080 official_bundle_adjustment_ceres.cc:1137] [AETHER] solver_used=DENSE_SCHUR sparse_backend=EIGEN_SPARSE dense_backend=EIGEN mixed=0 threads=1
I20260925 14:49:17.064209 0x1fecf6080 official_bundle_adjustment_ceres.cc:1648] [AETHER gravity] injected 2/2 roll/pitch anchors, sigma_rad=0.00872665
I20260925 14:49:17.064727 0x1fecf6080 official_bundle_adjustment_ceres.cc:1137] [AETHER] solver_used=DENSE_SCHUR sparse_backend=EIGEN_SPARSE dense_backend=EIGEN mixed=0 threads=1
I20260925 14:49:17.065246 0x1fecf6080 official_bundle_adjustment_ceres.cc:1648] [AETHER gravity] injected 2/2 roll/pitch anchors, sigma_rad=0.00872665
I20260925 14:49:17.065533 0x1fecf6080 official_bundle_adjustment_ceres.cc:1137] [AETHER] solver_used=DENSE_SCHUR sparse_backend=EIGEN_SPARSE dense_backend=EIGEN mixed=0 threads=1
I20260925 14:49:17.126673 0x1fecf6080 official_bundle_adjustment_ceres.cc:1648] [AETHER gravity] injected 3/3 roll/pitch anchors, sigma_rad=0.00872665
I20260925 14:49:17.128952 0x1fecf6080 official_bundle_adjustment_ceres.cc:1137] [AETHER] solver_used=DENSE_SCHUR sparse_backend=EIGEN_SPARSE dense_backend=EIGEN mixed=0 threads=1
I20260925 14:49:17.129497 0x1fecf6080 official_bundle_adjustment_ceres.cc:1648] [AETHER gravity] injected 3/3 roll/pitch anchors, sigma_rad=0.00872665
I20260925 14:49:17.130184 0x1fecf6080 official_bundle_adjustment_ceres.cc:1137] [AETHER] solver_used=DENSE_SCHUR sparse_backend=EIGEN_SPARSE dense_backend=EIGEN mixed=0 threads=1
I20260925 14:49:17.179602 0x1fecf6080 official_bundle_adjustment_ceres.cc:1648] [AETHER gravity] injected 2/2 roll/pitch anchors, sigma_rad=0.00872665
I20260925 14:49:17.179989 0x1fecf6080 official_bundle_adjustment_ceres.cc:1137] [AETHER] solver_used=DENSE_SCHUR sparse_backend=EIGEN_SPARSE dense_backend=EIGEN mixed=0 threads=1
I20260925 14:49:17.220011 0x1fecf6080 official_bundle_adjustment_ceres.cc:1648] [AETHER gravity] injected 2/2 roll/pitch anchors, sigma_rad=0.00872665
I20260925 14:49:17.220291 0x1fecf6080 official_bundle_adjustment_ceres.cc:1137] [AETHER] solver_used=DENSE_SCHUR sparse_backend=EIGEN_SPARSE dense_backend=EIGEN mixed=0 threads=1
I20260925 14:49:17.220564 0x1fecf6080 official_bundle_adjustment_ceres.cc:1648] [AETHER gravity] injected 2/2 roll/pitch anchors, sigma_rad=0.00872665
I20260925 14:49:17.220701 0x1fecf6080 official_bundle_adjustment_ceres.cc:1137] [AETHER] solver_used=DENSE_SCHUR sparse_backend=EIGEN_SPARSE dense_backend=EIGEN mixed=0 threads=1
I20260925 14:49:17.331567 0x1fecf6080 official_bundle_adjustment_ceres.cc:1648] [AETHER gravity] injected 5/5 roll/pitch anchors, sigma_rad=0.00872665
I20260925 14:49:17.347214 0x1fecf6080 official_bundle_adjustment_ceres.cc:1137] [AETHER] solver_used=DENSE_SCHUR sparse_backend=EIGEN_SPARSE dense_backend=EIGEN mixed=0 threads=1
I20260925 14:49:17.349175 0x1fecf6080 official_bundle_adjustment_ceres.cc:1648] [AETHER gravity] injected 6/6 roll/pitch anchors, sigma_rad=0.00872665
I20260925 14:49:17.354347 0x1fecf6080 official_bundle_adjustment_ceres.cc:1137] [AETHER] solver_used=DENSE_SCHUR sparse_backend=EIGEN_SPARSE dense_backend=EIGEN mixed=0 threads=1
I20260925 14:49:17.355786 0x16bb17000 database_cache.cc:72] Loading rigs...
I20260925 14:49:17.355800 0x16bb17000 database_cache.cc:82]  0 in 0.000s
I20260925 14:49:17.355807 0x16bb17000 database_cache.cc:90] Loading cameras...
I20260925 14:49:17.355826 0x16bb17000 database_cache.cc:108]  20 in 0.000s
I20260925 14:49:17.355832 0x16bb17000 database_cache.cc:116] Loading frames...
I20260925 14:49:17.355841 0x16bb17000 database_cache.cc:126]  0 in 0.000s
I20260925 14:49:17.355847 0x16bb17000 database_cache.cc:134] Loading matches...
I20260925 14:49:17.355891 0x16bb17000 database_cache.cc:139]  50 in 0.000s
I20260925 14:49:17.355896 0x16bb17000 database_cache.cc:147] Loading images...
I20260925 14:49:17.356953 0x16bb17000 database_cache.cc:236]  20 in 0.001s (loaded all 20)
I20260925 14:49:17.356961 0x16bb17000 database_cache.cc:255] Loading pose priors...
I20260925 14:49:17.356971 0x16bb17000 database_cache.cc:263]  0 in 0.000s
I20260925 14:49:17.356976 0x16bb17000 database_cache.cc:271] Building correspondence graph...
I20260925 14:49:17.357497 0x16bb17000 database_cache.cc:300]  in 0.001s (ignored 0)
I20260925 14:49:17.361015 0x16bb17000 official_bundle_adjustment_ceres.cc:1648] [AETHER gravity] injected 19/20 roll/pitch anchors, sigma_rad=0.00872665
I20260925 14:49:17.412136 0x16bb17000 official_bundle_adjustment_ceres.cc:1137] [AETHER] solver_used=DENSE_SCHUR sparse_backend=EIGEN_SPARSE dense_backend=EIGEN mixed=0 threads=6
I20260925 14:49:17.414396 0x16bb17000 official_bundle_adjustment_ceres.cc:1648] [AETHER gravity] injected 19/20 roll/pitch anchors, sigma_rad=0.00872665
I20260925 14:49:17.462905 0x16bb17000 official_bundle_adjustment_ceres.cc:1137] [AETHER] solver_used=DENSE_SCHUR sparse_backend=EIGEN_SPARSE dense_backend=EIGEN mixed=0 threads=6
I20260925 14:49:17.464926 0x16bb17000 official_bundle_adjustment_ceres.cc:1648] [AETHER gravity] injected 19/20 roll/pitch anchors, sigma_rad=0.00872665
I20260925 14:49:17.480442 0x16bb17000 official_bundle_adjustment_ceres.cc:1137] [AETHER] solver_used=DENSE_SCHUR sparse_backend=EIGEN_SPARSE dense_backend=EIGEN mixed=0 threads=6
I20260925 14:49:17.482395 0x16bb17000 official_bundle_adjustment_ceres.cc:1648] [AETHER gravity] injected 19/20 roll/pitch anchors, sigma_rad=0.00872665
I20260925 14:49:17.510374 0x16bb17000 official_bundle_adjustment_ceres.cc:1137] [AETHER] solver_used=DENSE_SCHUR sparse_backend=EIGEN_SPARSE dense_backend=EIGEN mixed=0 threads=6
I20260925 14:49:17.512362 0x16bb17000 official_bundle_adjustment_ceres.cc:1648] [AETHER gravity] injected 19/20 roll/pitch anchors, sigma_rad=0.00872665
I20260925 14:49:17.529509 0x16bb17000 official_bundle_adjustment_ceres.cc:1137] [AETHER] solver_used=DENSE_SCHUR sparse_backend=EIGEN_SPARSE dense_backend=EIGEN mixed=0 threads=6
W20260925 14:49:17.565111 0x16bba3000 official_aether_sfm_c.cc:6907] [aether_sfm] finalize re-match: starved_frames=10 candidates=105 attempted=105 written=0 inliers=0 failed=0 gpu_fail_capture=0 probe_debt_repaid=0 probe_debt_left=0
W20260925 14:49:17.637850 0x16bba3000 official_aether_sfm_c.cc:7348] [aether_sfm] official quadratic overlap: overlap=10 candidates=43 written=0 in 72.6507 ms
I20260925 14:49:17.645812 0x16bb17000 official_incremental_pipeline.cc:323] Loading database
I20260925 14:49:17.645845 0x16bb17000 database_cache.cc:72] Loading rigs...
I20260925 14:49:17.645855 0x16bb17000 database_cache.cc:82]  0 in 0.000s
I20260925 14:49:17.645860 0x16bb17000 database_cache.cc:90] Loading cameras...
I20260925 14:49:17.645876 0x16bb17000 database_cache.cc:108]  20 in 0.000s
I20260925 14:49:17.645881 0x16bb17000 database_cache.cc:116] Loading frames...
I20260925 14:49:17.645888 0x16bb17000 database_cache.cc:126]  0 in 0.000s
I20260925 14:49:17.645892 0x16bb17000 database_cache.cc:134] Loading matches...
I20260925 14:49:17.645945 0x16bb17000 database_cache.cc:139]  50 in 0.000s
I20260925 14:49:17.645950 0x16bb17000 database_cache.cc:147] Loading images...
I20260925 14:49:17.646879 0x16bb17000 database_cache.cc:236]  20 in 0.001s (loaded all 20)
I20260925 14:49:17.646885 0x16bb17000 database_cache.cc:255] Loading pose priors...
I20260925 14:49:17.646894 0x16bb17000 database_cache.cc:263]  0 in 0.000s
I20260925 14:49:17.646898 0x16bb17000 database_cache.cc:271] Building correspondence graph...
I20260925 14:49:17.647330 0x16bb17000 database_cache.cc:300]  in 0.000s (ignored 0)
I20260925 14:49:17.647338 0x16bb17000 timer.cc:90] Elapsed time: 0.000 [minutes]
I20260925 14:49:17.649708 0x16bb17000 official_bundle_adjustment_ceres.cc:1648] [AETHER gravity] injected 19/20 roll/pitch anchors, sigma_rad=0.00872665
I20260925 14:49:17.671270 0x16bb17000 official_bundle_adjustment_ceres.cc:1137] [AETHER] solver_used=DENSE_SCHUR sparse_backend=EIGEN_SPARSE dense_backend=EIGEN mixed=0 threads=6
W20260925 14:49:17.672209 0x16bb17000 official_aether_sfm_c.cc:9530] [frame-loss] before=20 after=20 lost_zero_obs=0 lost_with_obs=0 |
W20260925 14:49:17.672369 0x16bb17000 official_aether_sfm_c.cc:9614] [aether_sfm] finalize worker: cache_pre=1ms enrich=287ms stage1=172ms (ok, rounds=5) stage2=27ms (rounds<=1) temporal=0ms upgrade=0ms total=316ms
W20260925 14:49:17.672558 0x16bb17000 official_aether_sfm_c.cc:9643] [aether_sfm] delivered-point provenance: live-created=1432 official-retriangulated=172 live-dropped-by-official-filtering=158 (live model had 1590; capture-time official TriangulateImage added 0 obs)
W20260925 14:49:17.672685 0x16bb17000 official_aether_sfm_c.cc:8066] [device-align-v1] status=aligned pairs=20 inliers=20 max_error_m=0.111819 scale=1.06847 centre_err_median_m=0.0361807 centre_err_max_m=0.0602466 outliers=0
W20260925 14:49:17.774731 0x1fecf6080 official_aether_sfm_c.cc:13097] [aether_sfm] deliver-filter(get_points_tracked): kept 1524/1604 (min_tri_angle=3deg, mirror_ghost=0, isolated_floater=9, killed_union=9)
[pwofficial_gpu_match_dawn] device lost #1 reason=2 rc=8: Device was destroyed.
        1.54 real         0.72 user         0.49 sys
           116015104  maximum resident set size
                   0  average shared memory size
                   0  average unshared data size
                   0  average unshared stack size
               34769  page reclaims
                  38  page faults
                   0  swaps
                   0  block input operations
                   0  block output operations
                   0  messages sent
                   0  messages received
                   0  signals received
                  34  voluntary context switches
               69466  involuntary context switches
         10302064807  instructions retired
          4010321842  cycles elapsed
           315949752  peak memory footprint
