[DawnKernelHarness] limits: invocations/wg=512 wgSizeX=512 storageBufs=10 maxBuffer=1073741824 maxStorageBinding=1073741824 (adapter: 1024 1024 10 4294967295 4294967295)
[pwofficial_gpu_match_dawn] backend=blocked(fma4x4+direct+w64+nopb+f16+keyscan3+ptr+kp,V8) adapter="Apple M3 Pro" subgroups=1 sgmatrix=1 f32_8x8x8=1 f16_f32=1 mixed=0 subgroup=[4,64] packed_dot=1 timestamp=1 limits[storage=32768 invocations=1024 sizeX=1024]
WARNING: Logging before InitGoogleLogging() is written to STDERR
I20260925 17:55:14.602632 0x1fecf6080 database_cache.cc:72] Loading rigs...
I20260925 17:55:14.602658 0x1fecf6080 database_cache.cc:82]  0 in 0.000s
I20260925 17:55:14.602665 0x1fecf6080 database_cache.cc:90] Loading cameras...
I20260925 17:55:14.602677 0x1fecf6080 database_cache.cc:108]  2 in 0.000s
I20260925 17:55:14.602683 0x1fecf6080 database_cache.cc:116] Loading frames...
I20260925 17:55:14.602690 0x1fecf6080 database_cache.cc:126]  0 in 0.000s
I20260925 17:55:14.602695 0x1fecf6080 database_cache.cc:134] Loading matches...
I20260925 17:55:14.602703 0x1fecf6080 database_cache.cc:139]  1 in 0.000s
I20260925 17:55:14.602708 0x1fecf6080 database_cache.cc:147] Loading images...
I20260925 17:55:14.602800 0x1fecf6080 database_cache.cc:236]  2 in 0.000s (loaded all 2)
I20260925 17:55:14.602806 0x1fecf6080 database_cache.cc:255] Loading pose priors...
I20260925 17:55:14.602812 0x1fecf6080 database_cache.cc:263]  0 in 0.000s
I20260925 17:55:14.602816 0x1fecf6080 database_cache.cc:271] Building correspondence graph...
I20260925 17:55:14.602858 0x1fecf6080 database_cache.cc:300]  in 0.000s (ignored 0)
I20260925 17:55:14.665897 0x1fecf6080 official_bundle_adjustment_ceres.cc:1648] [AETHER gravity] injected 3/3 roll/pitch anchors, sigma_rad=0.00872665
[AETHER BA-ORDERING] blocks=479 pts(g0)=470 cams(g1)=3 g1_all_pose=1 proven=1
I20260925 17:55:14.671274 0x1fecf6080 official_bundle_adjustment_ceres.cc:1137] [AETHER] solver_used=DENSE_SCHUR sparse_backend=EIGEN_SPARSE dense_backend=EIGEN mixed=0 threads=1
I20260925 17:55:14.671835 0x1fecf6080 official_bundle_adjustment_ceres.cc:1648] [AETHER gravity] injected 3/3 roll/pitch anchors, sigma_rad=0.00872665
[AETHER BA-ORDERING] blocks=477 pts(g0)=468 cams(g1)=3 g1_all_pose=1 proven=1
I20260925 17:55:14.673356 0x1fecf6080 official_bundle_adjustment_ceres.cc:1137] [AETHER] solver_used=DENSE_SCHUR sparse_backend=EIGEN_SPARSE dense_backend=EIGEN mixed=0 threads=1
I20260925 17:55:14.743661 0x1fecf6080 official_bundle_adjustment_ceres.cc:1648] [AETHER gravity] injected 4/4 roll/pitch anchors, sigma_rad=0.00872665
[AETHER BA-ORDERING] blocks=679 pts(g0)=668 cams(g1)=4 g1_all_pose=1 proven=1
I20260925 17:55:14.751697 0x1fecf6080 official_bundle_adjustment_ceres.cc:1137] [AETHER] solver_used=DENSE_SCHUR sparse_backend=EIGEN_SPARSE dense_backend=EIGEN mixed=0 threads=1
I20260925 17:55:14.752443 0x1fecf6080 official_bundle_adjustment_ceres.cc:1648] [AETHER gravity] injected 4/4 roll/pitch anchors, sigma_rad=0.00872665
I20260925 17:55:14.754959 0x1fecf6080 official_bundle_adjustment_ceres.cc:1137] [AETHER] solver_used=DENSE_SCHUR sparse_backend=EIGEN_SPARSE dense_backend=EIGEN mixed=0 threads=1
I20260925 17:55:14.832674 0x1fecf6080 official_bundle_adjustment_ceres.cc:1648] [AETHER gravity] injected 5/5 roll/pitch anchors, sigma_rad=0.00872665
I20260925 17:55:14.852820 0x1fecf6080 official_bundle_adjustment_ceres.cc:1137] [AETHER] solver_used=DENSE_SCHUR sparse_backend=EIGEN_SPARSE dense_backend=EIGEN mixed=0 threads=1
I20260925 17:55:14.854212 0x1fecf6080 official_bundle_adjustment_ceres.cc:1648] [AETHER gravity] injected 5/5 roll/pitch anchors, sigma_rad=0.00872665
I20260925 17:55:14.860400 0x1fecf6080 official_bundle_adjustment_ceres.cc:1137] [AETHER] solver_used=DENSE_SCHUR sparse_backend=EIGEN_SPARSE dense_backend=EIGEN mixed=0 threads=1
I20260925 17:55:14.918291 0x1fecf6080 official_bundle_adjustment_ceres.cc:1648] [AETHER gravity] injected 6/6 roll/pitch anchors, sigma_rad=0.00872665
I20260925 17:55:14.940373 0x1fecf6080 official_bundle_adjustment_ceres.cc:1137] [AETHER] solver_used=DENSE_SCHUR sparse_backend=EIGEN_SPARSE dense_backend=EIGEN mixed=0 threads=1
I20260925 17:55:14.941747 0x1fecf6080 official_bundle_adjustment_ceres.cc:1648] [AETHER gravity] injected 6/6 roll/pitch anchors, sigma_rad=0.00872665
I20260925 17:55:14.946206 0x1fecf6080 official_bundle_adjustment_ceres.cc:1137] [AETHER] solver_used=DENSE_SCHUR sparse_backend=EIGEN_SPARSE dense_backend=EIGEN mixed=0 threads=1
I20260925 17:55:15.023933 0x1fecf6080 official_bundle_adjustment_ceres.cc:1648] [AETHER gravity] injected 6/6 roll/pitch anchors, sigma_rad=0.00872665
I20260925 17:55:15.039818 0x1fecf6080 official_bundle_adjustment_ceres.cc:1137] [AETHER] solver_used=DENSE_SCHUR sparse_backend=EIGEN_SPARSE dense_backend=EIGEN mixed=0 threads=1
I20260925 17:55:15.041047 0x1fecf6080 official_bundle_adjustment_ceres.cc:1648] [AETHER gravity] injected 6/6 roll/pitch anchors, sigma_rad=0.00872665
I20260925 17:55:15.043152 0x1fecf6080 official_bundle_adjustment_ceres.cc:1137] [AETHER] solver_used=DENSE_SCHUR sparse_backend=EIGEN_SPARSE dense_backend=EIGEN mixed=0 threads=1
I20260925 17:55:15.105774 0x1fecf6080 official_bundle_adjustment_ceres.cc:1648] [AETHER gravity] injected 6/6 roll/pitch anchors, sigma_rad=0.00872665
I20260925 17:55:15.122148 0x1fecf6080 official_bundle_adjustment_ceres.cc:1137] [AETHER] solver_used=DENSE_SCHUR sparse_backend=EIGEN_SPARSE dense_backend=EIGEN mixed=0 threads=1
I20260925 17:55:15.123620 0x1fecf6080 official_bundle_adjustment_ceres.cc:1648] [AETHER gravity] injected 6/6 roll/pitch anchors, sigma_rad=0.00872665
I20260925 17:55:15.126731 0x1fecf6080 official_bundle_adjustment_ceres.cc:1137] [AETHER] solver_used=DENSE_SCHUR sparse_backend=EIGEN_SPARSE dense_backend=EIGEN mixed=0 threads=1
I20260925 17:55:15.185435 0x1fecf6080 official_bundle_adjustment_ceres.cc:1648] [AETHER gravity] injected 6/6 roll/pitch anchors, sigma_rad=0.00872665
I20260925 17:55:15.198377 0x1fecf6080 official_bundle_adjustment_ceres.cc:1137] [AETHER] solver_used=DENSE_SCHUR sparse_backend=EIGEN_SPARSE dense_backend=EIGEN mixed=0 threads=1
I20260925 17:55:15.200079 0x1fecf6080 official_bundle_adjustment_ceres.cc:1648] [AETHER gravity] injected 6/6 roll/pitch anchors, sigma_rad=0.00872665
I20260925 17:55:15.202399 0x1fecf6080 official_bundle_adjustment_ceres.cc:1137] [AETHER] solver_used=DENSE_SCHUR sparse_backend=EIGEN_SPARSE dense_backend=EIGEN mixed=0 threads=1
I20260925 17:55:15.276792 0x1fecf6080 official_bundle_adjustment_ceres.cc:1648] [AETHER gravity] injected 6/6 roll/pitch anchors, sigma_rad=0.00872665
I20260925 17:55:15.296129 0x1fecf6080 official_bundle_adjustment_ceres.cc:1137] [AETHER] solver_used=DENSE_SCHUR sparse_backend=EIGEN_SPARSE dense_backend=EIGEN mixed=0 threads=1
I20260925 17:55:15.297618 0x1fecf6080 official_bundle_adjustment_ceres.cc:1648] [AETHER gravity] injected 6/6 roll/pitch anchors, sigma_rad=0.00872665
I20260925 17:55:15.300247 0x1fecf6080 official_bundle_adjustment_ceres.cc:1137] [AETHER] solver_used=DENSE_SCHUR sparse_backend=EIGEN_SPARSE dense_backend=EIGEN mixed=0 threads=1
I20260925 17:55:15.516301 0x1fecf6080 official_bundle_adjustment_ceres.cc:1648] [AETHER gravity] injected 3/3 roll/pitch anchors, sigma_rad=0.00872665
I20260925 17:55:15.520365 0x1fecf6080 official_bundle_adjustment_ceres.cc:1137] [AETHER] solver_used=DENSE_SCHUR sparse_backend=EIGEN_SPARSE dense_backend=EIGEN mixed=0 threads=1
I20260925 17:55:15.521172 0x1fecf6080 official_bundle_adjustment_ceres.cc:1648] [AETHER gravity] injected 4/4 roll/pitch anchors, sigma_rad=0.00872665
I20260925 17:55:15.522777 0x1fecf6080 official_bundle_adjustment_ceres.cc:1137] [AETHER] solver_used=DENSE_SCHUR sparse_backend=EIGEN_SPARSE dense_backend=EIGEN mixed=0 threads=1
I20260925 17:55:15.606031 0x1fecf6080 official_bundle_adjustment_ceres.cc:1648] [AETHER gravity] injected 3/3 roll/pitch anchors, sigma_rad=0.00872665
I20260925 17:55:15.610031 0x1fecf6080 official_bundle_adjustment_ceres.cc:1137] [AETHER] solver_used=DENSE_SCHUR sparse_backend=EIGEN_SPARSE dense_backend=EIGEN mixed=0 threads=1
I20260925 17:55:15.610767 0x1fecf6080 official_bundle_adjustment_ceres.cc:1648] [AETHER gravity] injected 3/3 roll/pitch anchors, sigma_rad=0.00872665
I20260925 17:55:15.611715 0x1fecf6080 official_bundle_adjustment_ceres.cc:1137] [AETHER] solver_used=DENSE_SCHUR sparse_backend=EIGEN_SPARSE dense_backend=EIGEN mixed=0 threads=1
I20260925 17:55:15.672891 0x1fecf6080 official_bundle_adjustment_ceres.cc:1648] [AETHER gravity] injected 6/6 roll/pitch anchors, sigma_rad=0.00872665
I20260925 17:55:15.690179 0x1fecf6080 official_bundle_adjustment_ceres.cc:1137] [AETHER] solver_used=DENSE_SCHUR sparse_backend=EIGEN_SPARSE dense_backend=EIGEN mixed=0 threads=1
I20260925 17:55:15.691820 0x1fecf6080 official_bundle_adjustment_ceres.cc:1648] [AETHER gravity] injected 6/6 roll/pitch anchors, sigma_rad=0.00872665
I20260925 17:55:15.695806 0x1fecf6080 official_bundle_adjustment_ceres.cc:1137] [AETHER] solver_used=DENSE_SCHUR sparse_backend=EIGEN_SPARSE dense_backend=EIGEN mixed=0 threads=1
I20260925 17:55:15.798266 0x1fecf6080 official_bundle_adjustment_ceres.cc:1648] [AETHER gravity] injected 6/6 roll/pitch anchors, sigma_rad=0.00872665
I20260925 17:55:15.810080 0x1fecf6080 official_bundle_adjustment_ceres.cc:1137] [AETHER] solver_used=DENSE_SCHUR sparse_backend=EIGEN_SPARSE dense_backend=EIGEN mixed=0 threads=1
I20260925 17:55:15.811969 0x1fecf6080 official_bundle_adjustment_ceres.cc:1648] [AETHER gravity] injected 6/6 roll/pitch anchors, sigma_rad=0.00872665
I20260925 17:55:15.817294 0x1fecf6080 official_bundle_adjustment_ceres.cc:1137] [AETHER] solver_used=DENSE_SCHUR sparse_backend=EIGEN_SPARSE dense_backend=EIGEN mixed=0 threads=6
I20260925 17:55:15.881343 0x1fecf6080 official_bundle_adjustment_ceres.cc:1648] [AETHER gravity] injected 6/6 roll/pitch anchors, sigma_rad=0.00872665
I20260925 17:55:15.892641 0x1fecf6080 official_bundle_adjustment_ceres.cc:1137] [AETHER] solver_used=DENSE_SCHUR sparse_backend=EIGEN_SPARSE dense_backend=EIGEN mixed=0 threads=1
I20260925 17:55:15.894137 0x1fecf6080 official_bundle_adjustment_ceres.cc:1648] [AETHER gravity] injected 6/6 roll/pitch anchors, sigma_rad=0.00872665
I20260925 17:55:15.896237 0x1fecf6080 official_bundle_adjustment_ceres.cc:1137] [AETHER] solver_used=DENSE_SCHUR sparse_backend=EIGEN_SPARSE dense_backend=EIGEN mixed=0 threads=1
I20260925 17:55:15.968283 0x1fecf6080 official_bundle_adjustment_ceres.cc:1648] [AETHER gravity] injected 6/6 roll/pitch anchors, sigma_rad=0.00872665
I20260925 17:55:15.982625 0x1fecf6080 official_bundle_adjustment_ceres.cc:1137] [AETHER] solver_used=DENSE_SCHUR sparse_backend=EIGEN_SPARSE dense_backend=EIGEN mixed=0 threads=1
I20260925 17:55:15.984205 0x1fecf6080 official_bundle_adjustment_ceres.cc:1648] [AETHER gravity] injected 6/6 roll/pitch anchors, sigma_rad=0.00872665
I20260925 17:55:15.987081 0x1fecf6080 official_bundle_adjustment_ceres.cc:1137] [AETHER] solver_used=DENSE_SCHUR sparse_backend=EIGEN_SPARSE dense_backend=EIGEN mixed=0 threads=1
I20260925 17:55:15.988616 0x16de73000 database_cache.cc:72] Loading rigs...
I20260925 17:55:15.988627 0x16de73000 database_cache.cc:82]  0 in 0.000s
I20260925 17:55:15.988633 0x16de73000 database_cache.cc:90] Loading cameras...
I20260925 17:55:15.988648 0x16de73000 database_cache.cc:108]  20 in 0.000s
I20260925 17:55:15.988652 0x16de73000 database_cache.cc:116] Loading frames...
I20260925 17:55:15.988659 0x16de73000 database_cache.cc:126]  0 in 0.000s
I20260925 17:55:15.988663 0x16de73000 database_cache.cc:134] Loading matches...
I20260925 17:55:15.988717 0x16de73000 database_cache.cc:139]  72 in 0.000s
I20260925 17:55:15.988721 0x16de73000 database_cache.cc:147] Loading images...
I20260925 17:55:15.989576 0x16de73000 database_cache.cc:236]  20 in 0.001s (loaded all 20)
I20260925 17:55:15.989583 0x16de73000 database_cache.cc:255] Loading pose priors...
I20260925 17:55:15.989592 0x16de73000 database_cache.cc:263]  0 in 0.000s
I20260925 17:55:15.989596 0x16de73000 database_cache.cc:271] Building correspondence graph...
I20260925 17:55:15.990228 0x16de73000 database_cache.cc:300]  in 0.001s (ignored 0)
I20260925 17:55:15.994172 0x16de73000 official_bundle_adjustment_ceres.cc:1648] [AETHER gravity] injected 17/18 roll/pitch anchors, sigma_rad=0.00872665
I20260925 17:55:16.079421 0x16de73000 official_bundle_adjustment_ceres.cc:1137] [AETHER] solver_used=DENSE_SCHUR sparse_backend=EIGEN_SPARSE dense_backend=EIGEN mixed=0 threads=6
I20260925 17:55:16.083440 0x16de73000 official_bundle_adjustment_ceres.cc:1648] [AETHER gravity] injected 17/18 roll/pitch anchors, sigma_rad=0.00872665
I20260925 17:55:16.141258 0x16de73000 official_bundle_adjustment_ceres.cc:1137] [AETHER] solver_used=DENSE_SCHUR sparse_backend=EIGEN_SPARSE dense_backend=EIGEN mixed=0 threads=6
I20260925 17:55:16.145105 0x16de73000 official_bundle_adjustment_ceres.cc:1648] [AETHER gravity] injected 17/18 roll/pitch anchors, sigma_rad=0.00872665
I20260925 17:55:16.181742 0x16de73000 official_bundle_adjustment_ceres.cc:1137] [AETHER] solver_used=DENSE_SCHUR sparse_backend=EIGEN_SPARSE dense_backend=EIGEN mixed=0 threads=6
I20260925 17:55:16.185511 0x16de73000 official_bundle_adjustment_ceres.cc:1648] [AETHER gravity] injected 17/18 roll/pitch anchors, sigma_rad=0.00872665
W20260925 17:55:16.190592 0x16deff000 official_aether_sfm_c.cc:6907] [aether_sfm] finalize re-match: starved_frames=6 candidates=86 attempted=86 written=0 inliers=0 failed=0 gpu_fail_capture=0 probe_debt_repaid=0 probe_debt_left=0
I20260925 17:55:16.210023 0x16de73000 official_bundle_adjustment_ceres.cc:1137] [AETHER] solver_used=DENSE_SCHUR sparse_backend=EIGEN_SPARSE dense_backend=EIGEN mixed=0 threads=6
I20260925 17:55:16.213765 0x16de73000 official_bundle_adjustment_ceres.cc:1648] [AETHER gravity] injected 17/18 roll/pitch anchors, sigma_rad=0.00872665
I20260925 17:55:16.247949 0x16de73000 official_bundle_adjustment_ceres.cc:1137] [AETHER] solver_used=DENSE_SCHUR sparse_backend=EIGEN_SPARSE dense_backend=EIGEN mixed=0 threads=6
W20260925 17:55:16.252240 0x16deff000 official_aether_sfm_c.cc:7348] [aether_sfm] official quadratic overlap: overlap=10 candidates=40 written=0 in 61.4803 ms
I20260925 17:55:16.256327 0x16de73000 official_incremental_pipeline.cc:323] Loading database
I20260925 17:55:16.256357 0x16de73000 database_cache.cc:72] Loading rigs...
I20260925 17:55:16.256366 0x16de73000 database_cache.cc:82]  0 in 0.000s
I20260925 17:55:16.256371 0x16de73000 database_cache.cc:90] Loading cameras...
I20260925 17:55:16.256384 0x16de73000 database_cache.cc:108]  20 in 0.000s
I20260925 17:55:16.256388 0x16de73000 database_cache.cc:116] Loading frames...
I20260925 17:55:16.256394 0x16de73000 database_cache.cc:126]  0 in 0.000s
I20260925 17:55:16.256398 0x16de73000 database_cache.cc:134] Loading matches...
I20260925 17:55:16.256463 0x16de73000 database_cache.cc:139]  72 in 0.000s
I20260925 17:55:16.256467 0x16de73000 database_cache.cc:147] Loading images...
I20260925 17:55:16.257227 0x16de73000 database_cache.cc:236]  20 in 0.001s (loaded all 20)
I20260925 17:55:16.257234 0x16de73000 database_cache.cc:255] Loading pose priors...
I20260925 17:55:16.257242 0x16de73000 database_cache.cc:263]  0 in 0.000s
I20260925 17:55:16.257246 0x16de73000 database_cache.cc:271] Building correspondence graph...
I20260925 17:55:16.257832 0x16de73000 database_cache.cc:300]  in 0.001s (ignored 0)
I20260925 17:55:16.257838 0x16de73000 timer.cc:90] Elapsed time: 0.000 [minutes]
I20260925 17:55:16.261210 0x16de73000 official_bundle_adjustment_ceres.cc:1648] [AETHER gravity] injected 17/18 roll/pitch anchors, sigma_rad=0.00872665
I20260925 17:55:16.296485 0x16de73000 official_bundle_adjustment_ceres.cc:1137] [AETHER] solver_used=DENSE_SCHUR sparse_backend=EIGEN_SPARSE dense_backend=EIGEN mixed=0 threads=6
W20260925 17:55:16.298381 0x16de73000 official_aether_sfm_c.cc:9530] [frame-loss] before=20 after=18 lost_zero_obs=2 lost_with_obs=0 | frame_000011.jpg(obs=0) frame_000016.jpg(obs=0)
W20260925 17:55:16.298597 0x16de73000 official_aether_sfm_c.cc:9614] [aether_sfm] finalize worker: cache_pre=1ms enrich=263ms stage1=259ms (ok, rounds=5) stage2=44ms (rounds<=1) temporal=0ms upgrade=0ms total=310ms
W20260925 17:55:16.298813 0x16de73000 official_aether_sfm_c.cc:9643] [aether_sfm] delivered-point provenance: live-created=2663 official-retriangulated=150 live-dropped-by-official-filtering=331 (live model had 2994; capture-time official TriangulateImage added 0 obs)
W20260925 17:55:16.298914 0x16de73000 official_aether_sfm_c.cc:8066] [device-align-v1] status=aligned pairs=18 inliers=18 max_error_m=0.111819 scale=1.00634 centre_err_median_m=0.0125825 centre_err_max_m=0.0201216 outliers=0
W20260925 17:55:16.408608 0x1fecf6080 official_aether_sfm_c.cc:13097] [aether_sfm] deliver-filter(get_points_tracked): kept 2694/2813 (min_tri_angle=3deg, mirror_ghost=0, isolated_floater=6, killed_union=6)
[pwofficial_gpu_match_dawn] device lost #1 reason=2 rc=8: Device was destroyed.
        2.03 real         1.17 user         0.62 sys
           126943232  maximum resident set size
                   0  average shared memory size
                   0  average unshared data size
                   0  average unshared stack size
               34475  page reclaims
                 423  page faults
                   0  swaps
                   0  block input operations
                   0  block output operations
                   0  messages sent
                   0  messages received
                   0  signals received
                  55  voluntary context switches
               84138  involuntary context switches
         16629483415  instructions retired
          6169941088  cycles elapsed
           309412536  peak memory footprint
