REPLAY src_db=/Users/kaidongwang/.config/superpowers/worktrees/pocketworld_research_benchmarks/pocketworld-repro-contract-20260714/data/pocketworld_captures/cap51/fresh_device_pull_2026-07-14T085404+0800/retry/sfm_live.db poses=/Users/kaidongwang/.config/superpowers/worktrees/pocketworld_research_benchmarks/pocketworld-repro-contract-20260714/data/pocketworld_captures/cap51/private_manifests/sfm_fed_frames.jsonl out=aether_cpp/third_party/glomap_vendor/bench_runs/cap51_multiview_birth_20260715 k=12 max_frames=0 AETHER_INCREMENTAL_GLOBAL_BA=(unset)
SOURCE n_images=105 n_poses=105
STORED_PAIRS matches=858 nonempty_matches=858 two_view=579 nonempty_two_view=570 geometry_missing=279 geometry_only=0
W20260715 06:53:18.883813 0x1fb6b2080 aether_sfm_c_replay.cc:4668] [aether_sfm] host replay reusing stored pairs from /Users/kaidongwang/.config/superpowers/worktrees/pocketworld_research_benchmarks/pocketworld-repro-contract-20260714/data/pocketworld_captures/cap51/fresh_device_pull_2026-07-14T085404+0800/retry/sfm_live.db (matches=858, verified=858)
I20260715 06:53:18.946749 0x1fb6b2080 bundle_adjustment_ceres.cc:842] [AETHER] solver_used=DENSE_SCHUR sparse_backend=EIGEN_SPARSE dense_backend=EIGEN mixed=0 threads=1
I20260715 06:53:18.970519 0x1fb6b2080 bundle_adjustment_ceres.cc:842] [AETHER] solver_used=DENSE_SCHUR sparse_backend=EIGEN_SPARSE dense_backend=EIGEN mixed=0 threads=1
I20260715 06:53:19.004842 0x1fb6b2080 bundle_adjustment_ceres.cc:842] [AETHER] solver_used=DENSE_SCHUR sparse_backend=EIGEN_SPARSE dense_backend=EIGEN mixed=0 threads=1
I20260715 06:53:19.060377 0x1fb6b2080 bundle_adjustment_ceres.cc:842] [AETHER] solver_used=DENSE_SCHUR sparse_backend=EIGEN_SPARSE dense_backend=EIGEN mixed=0 threads=1
I20260715 06:53:19.102471 0x1fb6b2080 bundle_adjustment_ceres.cc:842] [AETHER] solver_used=DENSE_SCHUR sparse_backend=EIGEN_SPARSE dense_backend=EIGEN mixed=0 threads=1
I20260715 06:53:19.150339 0x1fb6b2080 bundle_adjustment_ceres.cc:842] [AETHER] solver_used=DENSE_SCHUR sparse_backend=EIGEN_SPARSE dense_backend=EIGEN mixed=0 threads=1
I20260715 06:53:19.244804 0x1fb6b2080 bundle_adjustment_ceres.cc:842] [AETHER] solver_used=DENSE_SCHUR sparse_backend=EIGEN_SPARSE dense_backend=EIGEN mixed=0 threads=1
I20260715 06:53:19.326523 0x1fb6b2080 bundle_adjustment_ceres.cc:842] [AETHER] solver_used=DENSE_SCHUR sparse_backend=EIGEN_SPARSE dense_backend=EIGEN mixed=0 threads=1
I20260715 06:53:19.409366 0x1fb6b2080 bundle_adjustment_ceres.cc:842] [AETHER] solver_used=DENSE_SCHUR sparse_backend=EIGEN_SPARSE dense_backend=EIGEN mixed=0 threads=1
I20260715 06:53:19.510437 0x1fb6b2080 bundle_adjustment_ceres.cc:842] [AETHER] solver_used=DENSE_SCHUR sparse_backend=EIGEN_SPARSE dense_backend=EIGEN mixed=0 threads=1
I20260715 06:53:19.567998 0x1fb6b2080 bundle_adjustment_ceres.cc:842] [AETHER] solver_used=DENSE_SCHUR sparse_backend=EIGEN_SPARSE dense_backend=EIGEN mixed=0 threads=1
I20260715 06:53:19.622651 0x1fb6b2080 bundle_adjustment_ceres.cc:842] [AETHER] solver_used=DENSE_SCHUR sparse_backend=EIGEN_SPARSE dense_backend=EIGEN mixed=0 threads=1
I20260715 06:53:19.722244 0x1fb6b2080 bundle_adjustment_ceres.cc:842] [AETHER] solver_used=DENSE_SCHUR sparse_backend=EIGEN_SPARSE dense_backend=EIGEN mixed=0 threads=1
I20260715 06:53:19.813440 0x1fb6b2080 bundle_adjustment_ceres.cc:842] [AETHER] solver_used=DENSE_SCHUR sparse_backend=EIGEN_SPARSE dense_backend=EIGEN mixed=0 threads=1
I20260715 06:53:19.861035 0x1fb6b2080 bundle_adjustment_ceres.cc:842] [AETHER] solver_used=DENSE_SCHUR sparse_backend=EIGEN_SPARSE dense_backend=EIGEN mixed=0 threads=1
I20260715 06:53:19.934409 0x1fb6b2080 bundle_adjustment_ceres.cc:842] [AETHER] solver_used=DENSE_SCHUR sparse_backend=EIGEN_SPARSE dense_backend=EIGEN mixed=0 threads=1
I20260715 06:53:19.980759 0x1fb6b2080 bundle_adjustment_ceres.cc:842] [AETHER] solver_used=DENSE_SCHUR sparse_backend=EIGEN_SPARSE dense_backend=EIGEN mixed=0 threads=1
I20260715 06:53:20.020829 0x1fb6b2080 bundle_adjustment_ceres.cc:842] [AETHER] solver_used=DENSE_SCHUR sparse_backend=EIGEN_SPARSE dense_backend=EIGEN mixed=0 threads=1
I20260715 06:53:20.078560 0x1fb6b2080 bundle_adjustment_ceres.cc:842] [AETHER] solver_used=DENSE_SCHUR sparse_backend=EIGEN_SPARSE dense_backend=EIGEN mixed=0 threads=1
I20260715 06:53:20.117467 0x1fb6b2080 bundle_adjustment_ceres.cc:842] [AETHER] solver_used=DENSE_SCHUR sparse_backend=EIGEN_SPARSE dense_backend=EIGEN mixed=0 threads=1
I20260715 06:53:20.162893 0x1fb6b2080 bundle_adjustment_ceres.cc:842] [AETHER] solver_used=DENSE_SCHUR sparse_backend=EIGEN_SPARSE dense_backend=EIGEN mixed=0 threads=1
I20260715 06:53:20.243632 0x1fb6b2080 bundle_adjustment_ceres.cc:842] [AETHER] solver_used=DENSE_SCHUR sparse_backend=EIGEN_SPARSE dense_backend=EIGEN mixed=0 threads=1
I20260715 06:53:20.289815 0x1fb6b2080 bundle_adjustment_ceres.cc:842] [AETHER] solver_used=DENSE_SCHUR sparse_backend=EIGEN_SPARSE dense_backend=EIGEN mixed=0 threads=1
  fed 25/105 frames (last n_kp=8192)
I20260715 06:53:20.335988 0x1fb6b2080 bundle_adjustment_ceres.cc:842] [AETHER] solver_used=DENSE_SCHUR sparse_backend=EIGEN_SPARSE dense_backend=EIGEN mixed=0 threads=1
I20260715 06:53:20.403767 0x1fb6b2080 bundle_adjustment_ceres.cc:842] [AETHER] solver_used=DENSE_SCHUR sparse_backend=EIGEN_SPARSE dense_backend=EIGEN mixed=0 threads=1
I20260715 06:53:20.466801 0x1fb6b2080 bundle_adjustment_ceres.cc:842] [AETHER] solver_used=DENSE_SCHUR sparse_backend=EIGEN_SPARSE dense_backend=EIGEN mixed=0 threads=1
I20260715 06:53:20.524197 0x1fb6b2080 bundle_adjustment_ceres.cc:842] [AETHER] solver_used=DENSE_SCHUR sparse_backend=EIGEN_SPARSE dense_backend=EIGEN mixed=0 threads=1
I20260715 06:53:20.593750 0x1fb6b2080 bundle_adjustment_ceres.cc:842] [AETHER] solver_used=DENSE_SCHUR sparse_backend=EIGEN_SPARSE dense_backend=EIGEN mixed=0 threads=1
I20260715 06:53:20.640997 0x1fb6b2080 bundle_adjustment_ceres.cc:842] [AETHER] solver_used=DENSE_SCHUR sparse_backend=EIGEN_SPARSE dense_backend=EIGEN mixed=0 threads=1
I20260715 06:53:20.690209 0x1fb6b2080 bundle_adjustment_ceres.cc:842] [AETHER] solver_used=DENSE_SCHUR sparse_backend=EIGEN_SPARSE dense_backend=EIGEN mixed=0 threads=1
I20260715 06:53:20.733357 0x1fb6b2080 bundle_adjustment_ceres.cc:842] [AETHER] solver_used=DENSE_SCHUR sparse_backend=EIGEN_SPARSE dense_backend=EIGEN mixed=0 threads=1
I20260715 06:53:20.794014 0x1fb6b2080 bundle_adjustment_ceres.cc:842] [AETHER] solver_used=DENSE_SCHUR sparse_backend=EIGEN_SPARSE dense_backend=EIGEN mixed=0 threads=1
I20260715 06:53:20.849403 0x1fb6b2080 bundle_adjustment_ceres.cc:842] [AETHER] solver_used=DENSE_SCHUR sparse_backend=EIGEN_SPARSE dense_backend=EIGEN mixed=0 threads=1
I20260715 06:53:20.882117 0x1fb6b2080 bundle_adjustment_ceres.cc:842] [AETHER] solver_used=DENSE_SCHUR sparse_backend=EIGEN_SPARSE dense_backend=EIGEN mixed=0 threads=1
I20260715 06:53:20.934531 0x1fb6b2080 bundle_adjustment_ceres.cc:842] [AETHER] solver_used=DENSE_SCHUR sparse_backend=EIGEN_SPARSE dense_backend=EIGEN mixed=0 threads=1
I20260715 06:53:20.960839 0x1fb6b2080 bundle_adjustment_ceres.cc:842] [AETHER] solver_used=DENSE_SCHUR sparse_backend=EIGEN_SPARSE dense_backend=EIGEN mixed=0 threads=1
I20260715 06:53:20.978725 0x1fb6b2080 bundle_adjustment_ceres.cc:842] [AETHER] solver_used=DENSE_SCHUR sparse_backend=EIGEN_SPARSE dense_backend=EIGEN mixed=0 threads=1
I20260715 06:53:21.026940 0x1fb6b2080 bundle_adjustment_ceres.cc:842] [AETHER] solver_used=DENSE_SCHUR sparse_backend=EIGEN_SPARSE dense_backend=EIGEN mixed=0 threads=1
I20260715 06:53:21.050685 0x1fb6b2080 bundle_adjustment_ceres.cc:842] [AETHER] solver_used=DENSE_SCHUR sparse_backend=EIGEN_SPARSE dense_backend=EIGEN mixed=0 threads=1
I20260715 06:53:21.079372 0x1fb6b2080 bundle_adjustment_ceres.cc:842] [AETHER] solver_used=DENSE_SCHUR sparse_backend=EIGEN_SPARSE dense_backend=EIGEN mixed=0 threads=1
I20260715 06:53:21.141332 0x1fb6b2080 bundle_adjustment_ceres.cc:842] [AETHER] solver_used=DENSE_SCHUR sparse_backend=EIGEN_SPARSE dense_backend=EIGEN mixed=0 threads=1
I20260715 06:53:21.199525 0x1fb6b2080 bundle_adjustment_ceres.cc:842] [AETHER] solver_used=DENSE_SCHUR sparse_backend=EIGEN_SPARSE dense_backend=EIGEN mixed=0 threads=1
I20260715 06:53:21.260320 0x1fb6b2080 bundle_adjustment_ceres.cc:842] [AETHER] solver_used=DENSE_SCHUR sparse_backend=EIGEN_SPARSE dense_backend=EIGEN mixed=0 threads=1
I20260715 06:53:21.357798 0x1fb6b2080 bundle_adjustment_ceres.cc:842] [AETHER] solver_used=DENSE_SCHUR sparse_backend=EIGEN_SPARSE dense_backend=EIGEN mixed=0 threads=1
I20260715 06:53:21.424489 0x1fb6b2080 bundle_adjustment_ceres.cc:842] [AETHER] solver_used=DENSE_SCHUR sparse_backend=EIGEN_SPARSE dense_backend=EIGEN mixed=0 threads=1
I20260715 06:53:21.496446 0x1fb6b2080 bundle_adjustment_ceres.cc:842] [AETHER] solver_used=DENSE_SCHUR sparse_backend=EIGEN_SPARSE dense_backend=EIGEN mixed=0 threads=1
I20260715 06:53:21.648995 0x1fb6b2080 bundle_adjustment_ceres.cc:842] [AETHER] solver_used=DENSE_SCHUR sparse_backend=EIGEN_SPARSE dense_backend=EIGEN mixed=0 threads=1
I20260715 06:53:21.743204 0x1fb6b2080 bundle_adjustment_ceres.cc:842] [AETHER] solver_used=DENSE_SCHUR sparse_backend=EIGEN_SPARSE dense_backend=EIGEN mixed=0 threads=1
  fed 50/105 frames (last n_kp=8192)
I20260715 06:53:21.835587 0x1fb6b2080 bundle_adjustment_ceres.cc:842] [AETHER] solver_used=DENSE_SCHUR sparse_backend=EIGEN_SPARSE dense_backend=EIGEN mixed=0 threads=12
I20260715 06:53:21.940659 0x1fb6b2080 bundle_adjustment_ceres.cc:842] [AETHER] solver_used=DENSE_SCHUR sparse_backend=EIGEN_SPARSE dense_backend=EIGEN mixed=0 threads=12
I20260715 06:53:22.037593 0x1fb6b2080 bundle_adjustment_ceres.cc:842] [AETHER] solver_used=DENSE_SCHUR sparse_backend=EIGEN_SPARSE dense_backend=EIGEN mixed=0 threads=12
I20260715 06:53:22.155058 0x1fb6b2080 bundle_adjustment_ceres.cc:842] [AETHER] solver_used=DENSE_SCHUR sparse_backend=EIGEN_SPARSE dense_backend=EIGEN mixed=0 threads=12
I20260715 06:53:22.256120 0x1fb6b2080 bundle_adjustment_ceres.cc:842] [AETHER] solver_used=DENSE_SCHUR sparse_backend=EIGEN_SPARSE dense_backend=EIGEN mixed=0 threads=12
I20260715 06:53:22.350955 0x1fb6b2080 bundle_adjustment_ceres.cc:842] [AETHER] solver_used=DENSE_SCHUR sparse_backend=EIGEN_SPARSE dense_backend=EIGEN mixed=0 threads=12
I20260715 06:53:22.492522 0x1fb6b2080 bundle_adjustment_ceres.cc:842] [AETHER] solver_used=DENSE_SCHUR sparse_backend=EIGEN_SPARSE dense_backend=EIGEN mixed=0 threads=12
I20260715 06:53:22.600500 0x1fb6b2080 bundle_adjustment_ceres.cc:842] [AETHER] solver_used=DENSE_SCHUR sparse_backend=EIGEN_SPARSE dense_backend=EIGEN mixed=0 threads=12
I20260715 06:53:22.720233 0x1fb6b2080 bundle_adjustment_ceres.cc:842] [AETHER] solver_used=DENSE_SCHUR sparse_backend=EIGEN_SPARSE dense_backend=EIGEN mixed=0 threads=12
I20260715 06:53:22.859048 0x1fb6b2080 bundle_adjustment_ceres.cc:842] [AETHER] solver_used=DENSE_SCHUR sparse_backend=EIGEN_SPARSE dense_backend=EIGEN mixed=0 threads=12
I20260715 06:53:22.993262 0x1fb6b2080 bundle_adjustment_ceres.cc:842] [AETHER] solver_used=DENSE_SCHUR sparse_backend=EIGEN_SPARSE dense_backend=EIGEN mixed=0 threads=12
I20260715 06:53:23.126905 0x1fb6b2080 bundle_adjustment_ceres.cc:842] [AETHER] solver_used=DENSE_SCHUR sparse_backend=EIGEN_SPARSE dense_backend=EIGEN mixed=0 threads=12
I20260715 06:53:23.260044 0x1fb6b2080 bundle_adjustment_ceres.cc:842] [AETHER] solver_used=DENSE_SCHUR sparse_backend=EIGEN_SPARSE dense_backend=EIGEN mixed=0 threads=12
I20260715 06:53:23.434565 0x1fb6b2080 bundle_adjustment_ceres.cc:842] [AETHER] solver_used=DENSE_SCHUR sparse_backend=EIGEN_SPARSE dense_backend=EIGEN mixed=0 threads=12
I20260715 06:53:23.713095 0x1fb6b2080 bundle_adjustment_ceres.cc:842] [AETHER] solver_used=DENSE_SCHUR sparse_backend=EIGEN_SPARSE dense_backend=EIGEN mixed=0 threads=12
I20260715 06:53:23.894897 0x1fb6b2080 bundle_adjustment_ceres.cc:842] [AETHER] solver_used=DENSE_SCHUR sparse_backend=EIGEN_SPARSE dense_backend=EIGEN mixed=0 threads=12
I20260715 06:53:24.033153 0x1fb6b2080 bundle_adjustment_ceres.cc:842] [AETHER] solver_used=DENSE_SCHUR sparse_backend=EIGEN_SPARSE dense_backend=EIGEN mixed=0 threads=12
I20260715 06:53:24.223605 0x1fb6b2080 bundle_adjustment_ceres.cc:842] [AETHER] solver_used=DENSE_SCHUR sparse_backend=EIGEN_SPARSE dense_backend=EIGEN mixed=0 threads=12
I20260715 06:53:24.352522 0x1fb6b2080 bundle_adjustment_ceres.cc:842] [AETHER] solver_used=DENSE_SCHUR sparse_backend=EIGEN_SPARSE dense_backend=EIGEN mixed=0 threads=12
I20260715 06:53:24.432637 0x1fb6b2080 bundle_adjustment_ceres.cc:842] [AETHER] solver_used=DENSE_SCHUR sparse_backend=EIGEN_SPARSE dense_backend=EIGEN mixed=0 threads=1
I20260715 06:53:24.501973 0x1fb6b2080 bundle_adjustment_ceres.cc:842] [AETHER] solver_used=DENSE_SCHUR sparse_backend=EIGEN_SPARSE dense_backend=EIGEN mixed=0 threads=1
I20260715 06:53:24.594216 0x1fb6b2080 bundle_adjustment_ceres.cc:842] [AETHER] solver_used=DENSE_SCHUR sparse_backend=EIGEN_SPARSE dense_backend=EIGEN mixed=0 threads=1
I20260715 06:53:24.674771 0x1fb6b2080 bundle_adjustment_ceres.cc:842] [AETHER] solver_used=DENSE_SCHUR sparse_backend=EIGEN_SPARSE dense_backend=EIGEN mixed=0 threads=1
I20260715 06:53:24.745566 0x1fb6b2080 bundle_adjustment_ceres.cc:842] [AETHER] solver_used=DENSE_SCHUR sparse_backend=EIGEN_SPARSE dense_backend=EIGEN mixed=0 threads=1
I20260715 06:53:24.837038 0x1fb6b2080 bundle_adjustment_ceres.cc:842] [AETHER] solver_used=DENSE_SCHUR sparse_backend=EIGEN_SPARSE dense_backend=EIGEN mixed=0 threads=1
  fed 75/105 frames (last n_kp=8192)
I20260715 06:53:24.905380 0x1fb6b2080 bundle_adjustment_ceres.cc:842] [AETHER] solver_used=DENSE_SCHUR sparse_backend=EIGEN_SPARSE dense_backend=EIGEN mixed=0 threads=1
I20260715 06:53:24.965632 0x1fb6b2080 bundle_adjustment_ceres.cc:842] [AETHER] solver_used=DENSE_SCHUR sparse_backend=EIGEN_SPARSE dense_backend=EIGEN mixed=0 threads=1
I20260715 06:53:25.060407 0x1fb6b2080 bundle_adjustment_ceres.cc:842] [AETHER] solver_used=DENSE_SCHUR sparse_backend=EIGEN_SPARSE dense_backend=EIGEN mixed=0 threads=1
I20260715 06:53:25.189944 0x1fb6b2080 bundle_adjustment_ceres.cc:842] [AETHER] solver_used=DENSE_SCHUR sparse_backend=EIGEN_SPARSE dense_backend=EIGEN mixed=0 threads=1
I20260715 06:53:25.282106 0x1fb6b2080 bundle_adjustment_ceres.cc:842] [AETHER] solver_used=DENSE_SCHUR sparse_backend=EIGEN_SPARSE dense_backend=EIGEN mixed=0 threads=1
I20260715 06:53:25.455558 0x1fb6b2080 bundle_adjustment_ceres.cc:842] [AETHER] solver_used=DENSE_SCHUR sparse_backend=EIGEN_SPARSE dense_backend=EIGEN mixed=0 threads=1
I20260715 06:53:25.594285 0x1fb6b2080 bundle_adjustment_ceres.cc:842] [AETHER] solver_used=DENSE_SCHUR sparse_backend=EIGEN_SPARSE dense_backend=EIGEN mixed=0 threads=1
I20260715 06:53:25.728372 0x1fb6b2080 bundle_adjustment_ceres.cc:842] [AETHER] solver_used=DENSE_SCHUR sparse_backend=EIGEN_SPARSE dense_backend=EIGEN mixed=0 threads=1
I20260715 06:53:25.998776 0x1fb6b2080 bundle_adjustment_ceres.cc:842] [AETHER] solver_used=DENSE_SCHUR sparse_backend=EIGEN_SPARSE dense_backend=EIGEN mixed=0 threads=1
I20260715 06:53:26.108043 0x1fb6b2080 bundle_adjustment_ceres.cc:842] [AETHER] solver_used=DENSE_SCHUR sparse_backend=EIGEN_SPARSE dense_backend=EIGEN mixed=0 threads=1
I20260715 06:53:26.228917 0x1fb6b2080 bundle_adjustment_ceres.cc:842] [AETHER] solver_used=DENSE_SCHUR sparse_backend=EIGEN_SPARSE dense_backend=EIGEN mixed=0 threads=1
I20260715 06:53:26.400160 0x1fb6b2080 bundle_adjustment_ceres.cc:842] [AETHER] solver_used=DENSE_SCHUR sparse_backend=EIGEN_SPARSE dense_backend=EIGEN mixed=0 threads=1
I20260715 06:53:26.483325 0x1fb6b2080 bundle_adjustment_ceres.cc:842] [AETHER] solver_used=DENSE_SCHUR sparse_backend=EIGEN_SPARSE dense_backend=EIGEN mixed=0 threads=1
I20260715 06:53:26.571781 0x1fb6b2080 bundle_adjustment_ceres.cc:842] [AETHER] solver_used=DENSE_SCHUR sparse_backend=EIGEN_SPARSE dense_backend=EIGEN mixed=0 threads=1
I20260715 06:53:26.703279 0x1fb6b2080 bundle_adjustment_ceres.cc:842] [AETHER] solver_used=DENSE_SCHUR sparse_backend=EIGEN_SPARSE dense_backend=EIGEN mixed=0 threads=1
I20260715 06:53:26.774352 0x1fb6b2080 bundle_adjustment_ceres.cc:842] [AETHER] solver_used=DENSE_SCHUR sparse_backend=EIGEN_SPARSE dense_backend=EIGEN mixed=0 threads=1
I20260715 06:53:26.865069 0x1fb6b2080 bundle_adjustment_ceres.cc:842] [AETHER] solver_used=DENSE_SCHUR sparse_backend=EIGEN_SPARSE dense_backend=EIGEN mixed=0 threads=1
I20260715 06:53:27.029949 0x1fb6b2080 bundle_adjustment_ceres.cc:842] [AETHER] solver_used=DENSE_SCHUR sparse_backend=EIGEN_SPARSE dense_backend=EIGEN mixed=0 threads=1
I20260715 06:53:27.092522 0x1fb6b2080 bundle_adjustment_ceres.cc:842] [AETHER] solver_used=DENSE_SCHUR sparse_backend=EIGEN_SPARSE dense_backend=EIGEN mixed=0 threads=1
I20260715 06:53:27.156999 0x1fb6b2080 bundle_adjustment_ceres.cc:842] [AETHER] solver_used=DENSE_SCHUR sparse_backend=EIGEN_SPARSE dense_backend=EIGEN mixed=0 threads=1
I20260715 06:53:27.230686 0x1fb6b2080 bundle_adjustment_ceres.cc:842] [AETHER] solver_used=DENSE_SCHUR sparse_backend=EIGEN_SPARSE dense_backend=EIGEN mixed=0 threads=1
I20260715 06:53:27.462383 0x1fb6b2080 bundle_adjustment_ceres.cc:842] [AETHER] solver_used=DENSE_SCHUR sparse_backend=EIGEN_SPARSE dense_backend=EIGEN mixed=0 threads=1
I20260715 06:53:27.562388 0x1fb6b2080 bundle_adjustment_ceres.cc:842] [AETHER] solver_used=DENSE_SCHUR sparse_backend=EIGEN_SPARSE dense_backend=EIGEN mixed=0 threads=1
I20260715 06:53:27.694254 0x1fb6b2080 bundle_adjustment_ceres.cc:842] [AETHER] solver_used=DENSE_SCHUR sparse_backend=EIGEN_SPARSE dense_backend=EIGEN mixed=0 threads=1
I20260715 06:53:27.918557 0x1fb6b2080 bundle_adjustment_ceres.cc:842] [AETHER] solver_used=DENSE_SCHUR sparse_backend=EIGEN_SPARSE dense_backend=EIGEN mixed=0 threads=1
  fed 100/105 frames (last n_kp=8192)
I20260715 06:53:28.028069 0x1fb6b2080 bundle_adjustment_ceres.cc:842] [AETHER] solver_used=DENSE_SCHUR sparse_backend=EIGEN_SPARSE dense_backend=EIGEN mixed=0 threads=1
I20260715 06:53:28.161508 0x1fb6b2080 bundle_adjustment_ceres.cc:842] [AETHER] solver_used=DENSE_SCHUR sparse_backend=EIGEN_SPARSE dense_backend=EIGEN mixed=0 threads=1
I20260715 06:53:28.472681 0x1fb6b2080 bundle_adjustment_ceres.cc:842] [AETHER] solver_used=DENSE_SCHUR sparse_backend=EIGEN_SPARSE dense_backend=EIGEN mixed=0 threads=1
I20260715 06:53:28.620625 0x1fb6b2080 bundle_adjustment_ceres.cc:842] [AETHER] solver_used=DENSE_SCHUR sparse_backend=EIGEN_SPARSE dense_backend=EIGEN mixed=0 threads=1
I20260715 06:53:28.736266 0x1fb6b2080 bundle_adjustment_ceres.cc:842] [AETHER] solver_used=DENSE_SCHUR sparse_backend=EIGEN_SPARSE dense_backend=EIGEN mixed=0 threads=1
STREAMED fed=105 missing_pose=0 stream_ms=9872.2
FINALIZE_ASYNC phase1={"solve_ms":4.0,"n_models":1,"n_registered":105,"n_points3d":71209,"reproj_px":0.6596,"track_len":2.125,"phase1":"live_reuse"}
I20260715 06:53:28.746706 0x16d2db000 database_cache.cc:72] Loading rigs...
I20260715 06:53:28.746726 0x16d2db000 database_cache.cc:82]  0 in 0.000s
I20260715 06:53:28.746730 0x16d2db000 database_cache.cc:90] Loading cameras...
I20260715 06:53:28.746745 0x16d2db000 database_cache.cc:108]  1 in 0.000s
I20260715 06:53:28.746748 0x16d2db000 database_cache.cc:116] Loading frames...
I20260715 06:53:28.746756 0x16d2db000 database_cache.cc:126]  0 in 0.000s
I20260715 06:53:28.746758 0x16d2db000 database_cache.cc:134] Loading matches...
I20260715 06:53:28.870870 0x16d2db000 database_cache.cc:139]  527 in 0.124s
I20260715 06:53:28.870882 0x16d2db000 database_cache.cc:147] Loading images...
I20260715 06:53:28.979991 0x16d2db000 database_cache.cc:236]  105 in 0.109s (loaded all 105)
I20260715 06:53:28.980008 0x16d2db000 database_cache.cc:255] Loading pose priors...
I20260715 06:53:28.980019 0x16d2db000 database_cache.cc:263]  0 in 0.000s
I20260715 06:53:28.980023 0x16d2db000 database_cache.cc:271] Building correspondence graph...
I20260715 06:53:29.000781 0x16d2db000 database_cache.cc:300]  in 0.021s (ignored 6)
I20260715 06:53:29.012620 0x16d367000 sift.cc:1565] Creating SIFT CPU feature matcher
I20260715 06:53:32.127899 0x16d2db000 bundle_adjustment_ceres.cc:842] [AETHER] solver_used=DENSE_SCHUR sparse_backend=EIGEN_SPARSE dense_backend=EIGEN mixed=0 threads=3
I20260715 06:53:34.832282 0x16d2db000 bundle_adjustment_ceres.cc:842] [AETHER] solver_used=DENSE_SCHUR sparse_backend=EIGEN_SPARSE dense_backend=EIGEN mixed=0 threads=3
W20260715 06:53:37.116813 0x16d2db000 levenberg_marquardt_strategy.cc:123] Linear solver failure. Failed to compute a step: Eigen failure. Unable to perform dense Cholesky factorization.
W20260715 06:53:37.260024 0x16d2db000 levenberg_marquardt_strategy.cc:123] Linear solver failure. Failed to compute a step: Eigen failure. Unable to perform dense Cholesky factorization.
W20260715 06:53:37.290807 0x16d2db000 levenberg_marquardt_strategy.cc:123] Linear solver failure. Failed to compute a step: Eigen failure. Unable to perform dense Cholesky factorization.
W20260715 06:53:37.375945 0x16d2db000 levenberg_marquardt_strategy.cc:123] Linear solver failure. Failed to compute a step: Eigen failure. Unable to perform dense Cholesky factorization.
W20260715 06:53:37.405328 0x16d2db000 levenberg_marquardt_strategy.cc:123] Linear solver failure. Failed to compute a step: Eigen failure. Unable to perform dense Cholesky factorization.
W20260715 06:53:37.545709 0x16d2db000 levenberg_marquardt_strategy.cc:123] Linear solver failure. Failed to compute a step: Eigen failure. Unable to perform dense Cholesky factorization.
W20260715 06:53:37.574851 0x16d2db000 levenberg_marquardt_strategy.cc:123] Linear solver failure. Failed to compute a step: Eigen failure. Unable to perform dense Cholesky factorization.
W20260715 06:53:37.661055 0x16d2db000 levenberg_marquardt_strategy.cc:123] Linear solver failure. Failed to compute a step: Eigen failure. Unable to perform dense Cholesky factorization.
I20260715 06:53:37.670938 0x16d2db000 bundle_adjustment_ceres.cc:842] [AETHER] solver_used=DENSE_SCHUR sparse_backend=EIGEN_SPARSE dense_backend=EIGEN mixed=0 threads=3
W20260715 06:53:39.353059 0x16d2db000 levenberg_marquardt_strategy.cc:123] Linear solver failure. Failed to compute a step: Eigen failure. Unable to perform dense Cholesky factorization.
W20260715 06:53:39.439217 0x16d2db000 levenberg_marquardt_strategy.cc:123] Linear solver failure. Failed to compute a step: Eigen failure. Unable to perform dense Cholesky factorization.
W20260715 06:53:39.468197 0x16d2db000 levenberg_marquardt_strategy.cc:123] Linear solver failure. Failed to compute a step: Eigen failure. Unable to perform dense Cholesky factorization.
W20260715 06:53:39.554321 0x16d2db000 levenberg_marquardt_strategy.cc:123] Linear solver failure. Failed to compute a step: Eigen failure. Unable to perform dense Cholesky factorization.
W20260715 06:53:39.639526 0x16d2db000 levenberg_marquardt_strategy.cc:123] Linear solver failure. Failed to compute a step: Eigen failure. Unable to perform dense Cholesky factorization.
W20260715 06:53:39.724821 0x16d2db000 levenberg_marquardt_strategy.cc:123] Linear solver failure. Failed to compute a step: Eigen failure. Unable to perform dense Cholesky factorization.
W20260715 06:53:39.810558 0x16d2db000 levenberg_marquardt_strategy.cc:123] Linear solver failure. Failed to compute a step: Eigen failure. Unable to perform dense Cholesky factorization.
W20260715 06:53:39.840480 0x16d2db000 levenberg_marquardt_strategy.cc:123] Linear solver failure. Failed to compute a step: Eigen failure. Unable to perform dense Cholesky factorization.
W20260715 06:53:39.926803 0x16d2db000 levenberg_marquardt_strategy.cc:123] Linear solver failure. Failed to compute a step: Eigen failure. Unable to perform dense Cholesky factorization.
W20260715 06:53:39.956140 0x16d2db000 levenberg_marquardt_strategy.cc:123] Linear solver failure. Failed to compute a step: Eigen failure. Unable to perform dense Cholesky factorization.
W20260715 06:53:40.099482 0x16d2db000 levenberg_marquardt_strategy.cc:123] Linear solver failure. Failed to compute a step: Eigen failure. Unable to perform dense Cholesky factorization.
W20260715 06:53:40.184767 0x16d2db000 levenberg_marquardt_strategy.cc:123] Linear solver failure. Failed to compute a step: Eigen failure. Unable to perform dense Cholesky factorization.
W20260715 06:53:40.270679 0x16d2db000 levenberg_marquardt_strategy.cc:123] Linear solver failure. Failed to compute a step: Eigen failure. Unable to perform dense Cholesky factorization.
W20260715 06:53:40.300737 0x16d2db000 levenberg_marquardt_strategy.cc:123] Linear solver failure. Failed to compute a step: Eigen failure. Unable to perform dense Cholesky factorization.
I20260715 06:53:40.428515 0x16d2db000 bundle_adjustment_ceres.cc:842] [AETHER] solver_used=DENSE_SCHUR sparse_backend=EIGEN_SPARSE dense_backend=EIGEN mixed=0 threads=3
W20260715 06:53:42.050908 0x16d2db000 levenberg_marquardt_strategy.cc:123] Linear solver failure. Failed to compute a step: Eigen failure. Unable to perform dense Cholesky factorization.
W20260715 06:53:42.136319 0x16d2db000 levenberg_marquardt_strategy.cc:123] Linear solver failure. Failed to compute a step: Eigen failure. Unable to perform dense Cholesky factorization.
W20260715 06:53:42.221201 0x16d2db000 levenberg_marquardt_strategy.cc:123] Linear solver failure. Failed to compute a step: Eigen failure. Unable to perform dense Cholesky factorization.
W20260715 06:53:42.305858 0x16d2db000 levenberg_marquardt_strategy.cc:123] Linear solver failure. Failed to compute a step: Eigen failure. Unable to perform dense Cholesky factorization.
W20260715 06:53:42.390626 0x16d2db000 levenberg_marquardt_strategy.cc:123] Linear solver failure. Failed to compute a step: Eigen failure. Unable to perform dense Cholesky factorization.
W20260715 06:53:42.419667 0x16d2db000 levenberg_marquardt_strategy.cc:123] Linear solver failure. Failed to compute a step: Eigen failure. Unable to perform dense Cholesky factorization.
W20260715 06:53:42.503522 0x16d2db000 levenberg_marquardt_strategy.cc:123] Linear solver failure. Failed to compute a step: Eigen failure. Unable to perform dense Cholesky factorization.
W20260715 06:53:42.590210 0x16d2db000 levenberg_marquardt_strategy.cc:123] Linear solver failure. Failed to compute a step: Eigen failure. Unable to perform dense Cholesky factorization.
W20260715 06:53:42.679240 0x16d2db000 levenberg_marquardt_strategy.cc:123] Linear solver failure. Failed to compute a step: Eigen failure. Unable to perform dense Cholesky factorization.
W20260715 06:53:42.709642 0x16d2db000 levenberg_marquardt_strategy.cc:123] Linear solver failure. Failed to compute a step: Eigen failure. Unable to perform dense Cholesky factorization.
W20260715 06:53:42.793005 0x16d2db000 levenberg_marquardt_strategy.cc:123] Linear solver failure. Failed to compute a step: Eigen failure. Unable to perform dense Cholesky factorization.
W20260715 06:53:42.877846 0x16d2db000 levenberg_marquardt_strategy.cc:123] Linear solver failure. Failed to compute a step: Eigen failure. Unable to perform dense Cholesky factorization.
W20260715 06:53:42.906606 0x16d2db000 levenberg_marquardt_strategy.cc:123] Linear solver failure. Failed to compute a step: Eigen failure. Unable to perform dense Cholesky factorization.
I20260715 06:53:43.010621 0x16d2db000 bundle_adjustment_ceres.cc:842] [AETHER] solver_used=DENSE_SCHUR sparse_backend=EIGEN_SPARSE dense_backend=EIGEN mixed=0 threads=3
I20260715 06:53:43.443467 0x16d367000 sift.cc:1565] Creating SIFT CPU feature matcher
I20260715 06:53:55.689367 0x16d367000 sift.cc:1565] Creating SIFT CPU feature matcher
W20260715 06:54:07.975290 0x16d367000 aether_sfm_c_replay.cc:3328] [aether_sfm] finalize re-match stopped by the enrichment time budget: 223 of 226 candidate pairs left unattempted
W20260715 06:54:07.975302 0x16d367000 aether_sfm_c_replay.cc:3382] [aether_sfm] finalize re-match: starved_frames=15 candidates=226 attempted=3 written=3 inliers=36 failed=0 gpu_fail_capture=0
I20260715 06:54:08.026777 0x16d2db000 incremental_pipeline.cc:320] Loading database
I20260715 06:54:08.027005 0x16d2db000 database_cache.cc:72] Loading rigs...
I20260715 06:54:08.027013 0x16d2db000 database_cache.cc:82]  0 in 0.000s
I20260715 06:54:08.027017 0x16d2db000 database_cache.cc:90] Loading cameras...
I20260715 06:54:08.027024 0x16d2db000 database_cache.cc:108]  1 in 0.000s
I20260715 06:54:08.027029 0x16d2db000 database_cache.cc:116] Loading frames...
I20260715 06:54:08.027033 0x16d2db000 database_cache.cc:126]  0 in 0.000s
I20260715 06:54:08.027035 0x16d2db000 database_cache.cc:134] Loading matches...
I20260715 06:54:08.090947 0x16d2db000 database_cache.cc:139]  529 in 0.064s
I20260715 06:54:08.090960 0x16d2db000 database_cache.cc:147] Loading images...
I20260715 06:54:08.151896 0x16d2db000 database_cache.cc:236]  105 in 0.061s (loaded all 105)
I20260715 06:54:08.151905 0x16d2db000 database_cache.cc:255] Loading pose priors...
I20260715 06:54:08.151913 0x16d2db000 database_cache.cc:263]  0 in 0.000s
I20260715 06:54:08.151916 0x16d2db000 database_cache.cc:271] Building correspondence graph...
I20260715 06:54:08.170136 0x16d2db000 database_cache.cc:300]  in 0.018s (ignored 6)
I20260715 06:54:08.170151 0x16d2db000 timer.cc:90] Elapsed time: 0.002 [minutes]
I20260715 06:54:11.470917 0x16d2db000 bundle_adjustment_ceres.cc:842] [AETHER] solver_used=DENSE_SCHUR sparse_backend=EIGEN_SPARSE dense_backend=EIGEN mixed=0 threads=6
W20260715 06:54:11.555761 0x16d2db000 aether_sfm_c_replay.cc:4390] [aether_sfm] finalize worker: cache_pre=254ms enrich=39062ms stage1=14079ms (ok, rounds=5) stage2=3501ms (rounds<=1) temporal=29ms upgrade=0ms total=42847ms
REFINED finalize_ms=42951.8
RESULT incr=off n_reg=105 n_points=65658 track3plus=19097 n_obs=170075 mean_reproj_px=0.8260 stream_ms=9872.2 finalize_ms=42951.8 total_ms=52824.0
       53.08 real        86.77 user        13.34 sys
          1002520576  maximum resident set size
                   0  average shared memory size
                   0  average unshared data size
                   0  average unshared stack size
               68402  page reclaims
                 220  page faults
                   0  swaps
                   0  block input operations
                   0  block output operations
                   0  messages sent
                   0  messages received
                   0  signals received
                3830  voluntary context switches
             1763165  involuntary context switches
        783845481839  instructions retired
        355983335575  cycles elapsed
           845399192  peak memory footprint
