[93m[WARN ] Dependency `gsplat` is required for rendering 3DGS. Install via: pip install git+https://github.com/nerfstudio-project/gsplat.git@0b4dddf04cb687367602c01196913cde6a743d70[0m
[expAI 21:48:40] frames: 100 (spatial-order first 100)
[expAI 21:48:40] loading DA3METRIC-LARGE …
[97m[INFO ] using MLP layer as FFN[0m
Loading weights from local directory
[expAI 21:48:43] model ready
[97m[INFO ] Processed Images Done taking 0.1442570686340332 seconds. Shape:  torch.Size([1, 3, 280, 504])[0m
[97m[INFO ] Model Forward Pass Done. Time: 0.4645962715148926 seconds[0m
[97m[INFO ] Conversion to Prediction Done. Time: 0.0009043216705322266 seconds[0m
[expAI 21:48:44] frame 0/100, 0.0M pts, 1s
[97m[INFO ] Processed Images Done taking 0.07692074775695801 seconds. Shape:  torch.Size([1, 3, 280, 504])[0m
[97m[INFO ] Model Forward Pass Done. Time: 0.24001812934875488 seconds[0m
[97m[INFO ] Conversion to Prediction Done. Time: 0.0006010532379150391 seconds[0m
[97m[INFO ] Processed Images Done taking 0.07791996002197266 seconds. Shape:  torch.Size([1, 3, 280, 504])[0m
[97m[INFO ] Model Forward Pass Done. Time: 0.24138903617858887 seconds[0m
[97m[INFO ] Conversion to Prediction Done. Time: 0.001049041748046875 seconds[0m
[97m[INFO ] Processed Images Done taking 0.08594012260437012 seconds. Shape:  torch.Size([1, 3, 280, 504])[0m
[97m[INFO ] Model Forward Pass Done. Time: 0.24558711051940918 seconds[0m
[97m[INFO ] Conversion to Prediction Done. Time: 0.0005090236663818359 seconds[0m
[97m[INFO ] Processed Images Done taking 0.07502985000610352 seconds. Shape:  torch.Size([1, 3, 280, 504])[0m
[97m[INFO ] Model Forward Pass Done. Time: 0.24361395835876465 seconds[0m
[97m[INFO ] Conversion to Prediction Done. Time: 0.0005979537963867188 seconds[0m
[97m[INFO ] Processed Images Done taking 0.08353209495544434 seconds. Shape:  torch.Size([1, 3, 280, 504])[0m
[97m[INFO ] Model Forward Pass Done. Time: 0.248399019241333 seconds[0m
[97m[INFO ] Conversion to Prediction Done. Time: 0.0008320808410644531 seconds[0m
[97m[INFO ] Processed Images Done taking 0.08202290534973145 seconds. Shape:  torch.Size([1, 3, 280, 504])[0m
[97m[INFO ] Model Forward Pass Done. Time: 0.23919892311096191 seconds[0m
[97m[INFO ] Conversion to Prediction Done. Time: 0.0006823539733886719 seconds[0m
[97m[INFO ] Processed Images Done taking 0.0839853286743164 seconds. Shape:  torch.Size([1, 3, 280, 504])[0m
[97m[INFO ] Model Forward Pass Done. Time: 0.2424182891845703 seconds[0m
[97m[INFO ] Conversion to Prediction Done. Time: 0.0004448890686035156 seconds[0m
[97m[INFO ] Processed Images Done taking 0.07812690734863281 seconds. Shape:  torch.Size([1, 3, 280, 504])[0m
[97m[INFO ] Model Forward Pass Done. Time: 0.24196386337280273 seconds[0m
[97m[INFO ] Conversion to Prediction Done. Time: 0.0005841255187988281 seconds[0m
[97m[INFO ] Processed Images Done taking 0.07295584678649902 seconds. Shape:  torch.Size([1, 3, 280, 504])[0m
[97m[INFO ] Model Forward Pass Done. Time: 0.2391970157623291 seconds[0m
[97m[INFO ] Conversion to Prediction Done. Time: 0.0010211467742919922 seconds[0m
[97m[INFO ] Processed Images Done taking 0.0826408863067627 seconds. Shape:  torch.Size([1, 3, 280, 504])[0m
[97m[INFO ] Model Forward Pass Done. Time: 0.2395792007446289 seconds[0m
[97m[INFO ] Conversion to Prediction Done. Time: 0.0007250308990478516 seconds[0m
[97m[INFO ] Processed Images Done taking 0.08148813247680664 seconds. Shape:  torch.Size([1, 3, 280, 504])[0m
[97m[INFO ] Model Forward Pass Done. Time: 0.24062490463256836 seconds[0m
[97m[INFO ] Conversion to Prediction Done. Time: 0.0006530284881591797 seconds[0m
[97m[INFO ] Processed Images Done taking 0.08639264106750488 seconds. Shape:  torch.Size([1, 3, 280, 504])[0m
[97m[INFO ] Model Forward Pass Done. Time: 0.30611085891723633 seconds[0m
[97m[INFO ] Conversion to Prediction Done. Time: 0.00046515464782714844 seconds[0m
[97m[INFO ] Processed Images Done taking 0.06655097007751465 seconds. Shape:  torch.Size([1, 3, 280, 504])[0m
[97m[INFO ] Model Forward Pass Done. Time: 0.24622416496276855 seconds[0m
[97m[INFO ] Conversion to Prediction Done. Time: 0.0006761550903320312 seconds[0m
[97m[INFO ] Processed Images Done taking 0.07972478866577148 seconds. Shape:  torch.Size([1, 3, 280, 504])[0m
[97m[INFO ] Model Forward Pass Done. Time: 0.2494950294494629 seconds[0m
[97m[INFO ] Conversion to Prediction Done. Time: 0.0007071495056152344 seconds[0m
[97m[INFO ] Processed Images Done taking 0.07979893684387207 seconds. Shape:  torch.Size([1, 3, 280, 504])[0m
[97m[INFO ] Model Forward Pass Done. Time: 0.24025487899780273 seconds[0m
[97m[INFO ] Conversion to Prediction Done. Time: 0.000797271728515625 seconds[0m
[97m[INFO ] Processed Images Done taking 0.07979893684387207 seconds. Shape:  torch.Size([1, 3, 280, 504])[0m
[97m[INFO ] Model Forward Pass Done. Time: 0.24595212936401367 seconds[0m
[97m[INFO ] Conversion to Prediction Done. Time: 0.0007202625274658203 seconds[0m
[97m[INFO ] Processed Images Done taking 0.08114218711853027 seconds. Shape:  torch.Size([1, 3, 280, 504])[0m
[97m[INFO ] Model Forward Pass Done. Time: 0.2457599639892578 seconds[0m
[97m[INFO ] Conversion to Prediction Done. Time: 0.0009572505950927734 seconds[0m
[97m[INFO ] Processed Images Done taking 0.07883691787719727 seconds. Shape:  torch.Size([1, 3, 280, 504])[0m
[97m[INFO ] Model Forward Pass Done. Time: 0.24159002304077148 seconds[0m
[97m[INFO ] Conversion to Prediction Done. Time: 0.0006201267242431641 seconds[0m
[97m[INFO ] Processed Images Done taking 0.07115602493286133 seconds. Shape:  torch.Size([1, 3, 280, 504])[0m
[97m[INFO ] Model Forward Pass Done. Time: 0.2405409812927246 seconds[0m
[97m[INFO ] Conversion to Prediction Done. Time: 0.0005948543548583984 seconds[0m
[97m[INFO ] Processed Images Done taking 0.08223199844360352 seconds. Shape:  torch.Size([1, 3, 280, 504])[0m
[97m[INFO ] Model Forward Pass Done. Time: 0.24128270149230957 seconds[0m
[97m[INFO ] Conversion to Prediction Done. Time: 0.0006339550018310547 seconds[0m
[expAI 21:48:51] frame 20/100, 0.7M pts, 7s
[97m[INFO ] Processed Images Done taking 0.07995009422302246 seconds. Shape:  torch.Size([1, 3, 280, 504])[0m
[97m[INFO ] Model Forward Pass Done. Time: 0.2397310733795166 seconds[0m
[97m[INFO ] Conversion to Prediction Done. Time: 0.0007328987121582031 seconds[0m
[97m[INFO ] Processed Images Done taking 0.08010196685791016 seconds. Shape:  torch.Size([1, 3, 280, 504])[0m
[97m[INFO ] Model Forward Pass Done. Time: 0.23943400382995605 seconds[0m
[97m[INFO ] Conversion to Prediction Done. Time: 0.0005917549133300781 seconds[0m
[97m[INFO ] Processed Images Done taking 0.08002495765686035 seconds. Shape:  torch.Size([1, 3, 280, 504])[0m
[97m[INFO ] Model Forward Pass Done. Time: 0.23958921432495117 seconds[0m
[97m[INFO ] Conversion to Prediction Done. Time: 0.0009589195251464844 seconds[0m
[97m[INFO ] Processed Images Done taking 0.07883095741271973 seconds. Shape:  torch.Size([1, 3, 280, 504])[0m
[97m[INFO ] Model Forward Pass Done. Time: 0.24070382118225098 seconds[0m
[97m[INFO ] Conversion to Prediction Done. Time: 0.0004820823669433594 seconds[0m
[97m[INFO ] Processed Images Done taking 0.06497502326965332 seconds. Shape:  torch.Size([1, 3, 280, 504])[0m
[97m[INFO ] Model Forward Pass Done. Time: 0.24170875549316406 seconds[0m
[97m[INFO ] Conversion to Prediction Done. Time: 0.000698089599609375 seconds[0m
[97m[INFO ] Processed Images Done taking 0.07848286628723145 seconds. Shape:  torch.Size([1, 3, 280, 504])[0m
[97m[INFO ] Model Forward Pass Done. Time: 0.23898696899414062 seconds[0m
[97m[INFO ] Conversion to Prediction Done. Time: 0.0007679462432861328 seconds[0m
[97m[INFO ] Processed Images Done taking 0.08092689514160156 seconds. Shape:  torch.Size([1, 3, 280, 504])[0m
[97m[INFO ] Model Forward Pass Done. Time: 0.23981213569641113 seconds[0m
[97m[INFO ] Conversion to Prediction Done. Time: 0.0006821155548095703 seconds[0m
[97m[INFO ] Processed Images Done taking 0.0795447826385498 seconds. Shape:  torch.Size([1, 3, 280, 504])[0m
[97m[INFO ] Model Forward Pass Done. Time: 0.23799991607666016 seconds[0m
[97m[INFO ] Conversion to Prediction Done. Time: 0.0006930828094482422 seconds[0m
[97m[INFO ] Processed Images Done taking 0.07982015609741211 seconds. Shape:  torch.Size([1, 3, 280, 504])[0m
[97m[INFO ] Model Forward Pass Done. Time: 0.2421870231628418 seconds[0m
[97m[INFO ] Conversion to Prediction Done. Time: 0.0008449554443359375 seconds[0m
[97m[INFO ] Processed Images Done taking 0.07735896110534668 seconds. Shape:  torch.Size([1, 3, 280, 504])[0m
[97m[INFO ] Model Forward Pass Done. Time: 0.24003982543945312 seconds[0m
[97m[INFO ] Conversion to Prediction Done. Time: 0.000392913818359375 seconds[0m
[97m[INFO ] Processed Images Done taking 0.0633399486541748 seconds. Shape:  torch.Size([1, 3, 280, 504])[0m
[97m[INFO ] Model Forward Pass Done. Time: 0.24104809761047363 seconds[0m
[97m[INFO ] Conversion to Prediction Done. Time: 0.0007212162017822266 seconds[0m
[97m[INFO ] Processed Images Done taking 0.08014988899230957 seconds. Shape:  torch.Size([1, 3, 280, 504])[0m
[97m[INFO ] Model Forward Pass Done. Time: 0.2407832145690918 seconds[0m
[97m[INFO ] Conversion to Prediction Done. Time: 0.0007989406585693359 seconds[0m
[97m[INFO ] Processed Images Done taking 0.07525229454040527 seconds. Shape:  torch.Size([1, 3, 280, 504])[0m
[97m[INFO ] Model Forward Pass Done. Time: 0.240584135055542 seconds[0m
[97m[INFO ] Conversion to Prediction Done. Time: 0.0004382133483886719 seconds[0m
[97m[INFO ] Processed Images Done taking 0.05255913734436035 seconds. Shape:  torch.Size([1, 3, 280, 504])[0m
[97m[INFO ] Model Forward Pass Done. Time: 0.24028992652893066 seconds[0m
[97m[INFO ] Conversion to Prediction Done. Time: 0.0008449554443359375 seconds[0m
[97m[INFO ] Processed Images Done taking 0.07746624946594238 seconds. Shape:  torch.Size([1, 3, 280, 504])[0m
[97m[INFO ] Model Forward Pass Done. Time: 0.24733996391296387 seconds[0m
[97m[INFO ] Conversion to Prediction Done. Time: 0.0007390975952148438 seconds[0m
[97m[INFO ] Processed Images Done taking 0.07489991188049316 seconds. Shape:  torch.Size([1, 3, 280, 504])[0m
[97m[INFO ] Model Forward Pass Done. Time: 0.2404470443725586 seconds[0m
[97m[INFO ] Conversion to Prediction Done. Time: 0.0007770061492919922 seconds[0m
[97m[INFO ] Processed Images Done taking 0.07848095893859863 seconds. Shape:  torch.Size([1, 3, 280, 504])[0m
[97m[INFO ] Model Forward Pass Done. Time: 0.2464299201965332 seconds[0m
[97m[INFO ] Conversion to Prediction Done. Time: 0.0006618499755859375 seconds[0m
[97m[INFO ] Processed Images Done taking 0.07532572746276855 seconds. Shape:  torch.Size([1, 3, 280, 504])[0m
[97m[INFO ] Model Forward Pass Done. Time: 0.24225878715515137 seconds[0m
[97m[INFO ] Conversion to Prediction Done. Time: 0.0006678104400634766 seconds[0m
[97m[INFO ] Processed Images Done taking 0.07720303535461426 seconds. Shape:  torch.Size([1, 3, 280, 504])[0m
[97m[INFO ] Model Forward Pass Done. Time: 0.23798894882202148 seconds[0m
[97m[INFO ] Conversion to Prediction Done. Time: 0.0006151199340820312 seconds[0m
[97m[INFO ] Processed Images Done taking 0.07645511627197266 seconds. Shape:  torch.Size([1, 3, 280, 504])[0m
[97m[INFO ] Model Forward Pass Done. Time: 0.24020099639892578 seconds[0m
[97m[INFO ] Conversion to Prediction Done. Time: 0.0006468296051025391 seconds[0m
[expAI 21:48:57] frame 40/100, 1.4M pts, 14s
[97m[INFO ] Processed Images Done taking 0.07938313484191895 seconds. Shape:  torch.Size([1, 3, 280, 504])[0m
[97m[INFO ] Model Forward Pass Done. Time: 0.23978590965270996 seconds[0m
[97m[INFO ] Conversion to Prediction Done. Time: 0.0006191730499267578 seconds[0m
[97m[INFO ] Processed Images Done taking 0.07836532592773438 seconds. Shape:  torch.Size([1, 3, 280, 504])[0m
[97m[INFO ] Model Forward Pass Done. Time: 0.24142885208129883 seconds[0m
[97m[INFO ] Conversion to Prediction Done. Time: 0.0007648468017578125 seconds[0m
[97m[INFO ] Processed Images Done taking 0.07720804214477539 seconds. Shape:  torch.Size([1, 3, 280, 504])[0m
[97m[INFO ] Model Forward Pass Done. Time: 0.23925471305847168 seconds[0m
[97m[INFO ] Conversion to Prediction Done. Time: 0.0007507801055908203 seconds[0m
[97m[INFO ] Processed Images Done taking 0.07820796966552734 seconds. Shape:  torch.Size([1, 3, 280, 504])[0m
[97m[INFO ] Model Forward Pass Done. Time: 0.23997807502746582 seconds[0m
[97m[INFO ] Conversion to Prediction Done. Time: 0.0009677410125732422 seconds[0m
[97m[INFO ] Processed Images Done taking 0.07984209060668945 seconds. Shape:  torch.Size([1, 3, 280, 504])[0m
[97m[INFO ] Model Forward Pass Done. Time: 0.24274778366088867 seconds[0m
[97m[INFO ] Conversion to Prediction Done. Time: 0.0004968643188476562 seconds[0m
[97m[INFO ] Processed Images Done taking 0.06646180152893066 seconds. Shape:  torch.Size([1, 3, 280, 504])[0m
[97m[INFO ] Model Forward Pass Done. Time: 0.24162507057189941 seconds[0m
[97m[INFO ] Conversion to Prediction Done. Time: 0.0007429122924804688 seconds[0m
[97m[INFO ] Processed Images Done taking 0.07893800735473633 seconds. Shape:  torch.Size([1, 3, 280, 504])[0m
[97m[INFO ] Model Forward Pass Done. Time: 0.23926401138305664 seconds[0m
[97m[INFO ] Conversion to Prediction Done. Time: 0.0008831024169921875 seconds[0m
[97m[INFO ] Processed Images Done taking 0.08149886131286621 seconds. Shape:  torch.Size([1, 3, 280, 504])[0m
[97m[INFO ] Model Forward Pass Done. Time: 0.2398378849029541 seconds[0m
[97m[INFO ] Conversion to Prediction Done. Time: 0.0006761550903320312 seconds[0m
[97m[INFO ] Processed Images Done taking 0.07967305183410645 seconds. Shape:  torch.Size([1, 3, 280, 504])[0m
[97m[INFO ] Model Forward Pass Done. Time: 0.24156904220581055 seconds[0m
[97m[INFO ] Conversion to Prediction Done. Time: 0.0007617473602294922 seconds[0m
[97m[INFO ] Processed Images Done taking 0.076171875 seconds. Shape:  torch.Size([1, 3, 280, 504])[0m
[97m[INFO ] Model Forward Pass Done. Time: 0.23839902877807617 seconds[0m
[97m[INFO ] Conversion to Prediction Done. Time: 0.0007467269897460938 seconds[0m
[97m[INFO ] Processed Images Done taking 0.07985091209411621 seconds. Shape:  torch.Size([1, 3, 280, 504])[0m
[97m[INFO ] Model Forward Pass Done. Time: 0.23972201347351074 seconds[0m
[97m[INFO ] Conversion to Prediction Done. Time: 0.0008487701416015625 seconds[0m
[97m[INFO ] Processed Images Done taking 0.07947611808776855 seconds. Shape:  torch.Size([1, 3, 280, 504])[0m
[97m[INFO ] Model Forward Pass Done. Time: 0.2413640022277832 seconds[0m
[97m[INFO ] Conversion to Prediction Done. Time: 0.0007789134979248047 seconds[0m
[97m[INFO ] Processed Images Done taking 0.07911300659179688 seconds. Shape:  torch.Size([1, 3, 280, 504])[0m
[97m[INFO ] Model Forward Pass Done. Time: 0.23877191543579102 seconds[0m
[97m[INFO ] Conversion to Prediction Done. Time: 0.0007002353668212891 seconds[0m
[97m[INFO ] Processed Images Done taking 0.0798032283782959 seconds. Shape:  torch.Size([1, 3, 280, 504])[0m
[97m[INFO ] Model Forward Pass Done. Time: 0.25067996978759766 seconds[0m
[97m[INFO ] Conversion to Prediction Done. Time: 0.000823974609375 seconds[0m
[97m[INFO ] Processed Images Done taking 0.07858037948608398 seconds. Shape:  torch.Size([1, 3, 280, 504])[0m
[97m[INFO ] Model Forward Pass Done. Time: 0.23965001106262207 seconds[0m
[97m[INFO ] Conversion to Prediction Done. Time: 0.0007829666137695312 seconds[0m
[97m[INFO ] Processed Images Done taking 0.07700490951538086 seconds. Shape:  torch.Size([1, 3, 280, 504])[0m
[97m[INFO ] Model Forward Pass Done. Time: 0.23868179321289062 seconds[0m
[97m[INFO ] Conversion to Prediction Done. Time: 0.0008299350738525391 seconds[0m
[97m[INFO ] Processed Images Done taking 0.0837240219116211 seconds. Shape:  torch.Size([1, 3, 280, 504])[0m
[97m[INFO ] Model Forward Pass Done. Time: 0.23973298072814941 seconds[0m
[97m[INFO ] Conversion to Prediction Done. Time: 0.0007531642913818359 seconds[0m
[97m[INFO ] Processed Images Done taking 0.08488988876342773 seconds. Shape:  torch.Size([1, 3, 280, 504])[0m
[97m[INFO ] Model Forward Pass Done. Time: 0.23880720138549805 seconds[0m
[97m[INFO ] Conversion to Prediction Done. Time: 0.0006561279296875 seconds[0m
[97m[INFO ] Processed Images Done taking 0.07627391815185547 seconds. Shape:  torch.Size([1, 3, 280, 504])[0m
[97m[INFO ] Model Forward Pass Done. Time: 0.242811918258667 seconds[0m
[97m[INFO ] Conversion to Prediction Done. Time: 0.0007069110870361328 seconds[0m
[97m[INFO ] Processed Images Done taking 0.08458805084228516 seconds. Shape:  torch.Size([1, 3, 280, 504])[0m
[97m[INFO ] Model Forward Pass Done. Time: 0.24104690551757812 seconds[0m
[97m[INFO ] Conversion to Prediction Done. Time: 0.0006692409515380859 seconds[0m
[expAI 21:49:04] frame 60/100, 2.1M pts, 20s
[97m[INFO ] Processed Images Done taking 0.0794820785522461 seconds. Shape:  torch.Size([1, 3, 280, 504])[0m
[97m[INFO ] Model Forward Pass Done. Time: 0.23916411399841309 seconds[0m
[97m[INFO ] Conversion to Prediction Done. Time: 0.0007381439208984375 seconds[0m
[97m[INFO ] Processed Images Done taking 0.08090496063232422 seconds. Shape:  torch.Size([1, 3, 280, 504])[0m
[97m[INFO ] Model Forward Pass Done. Time: 0.23930096626281738 seconds[0m
[97m[INFO ] Conversion to Prediction Done. Time: 0.0007879734039306641 seconds[0m
[97m[INFO ] Processed Images Done taking 0.08375096321105957 seconds. Shape:  torch.Size([1, 3, 280, 504])[0m
[97m[INFO ] Model Forward Pass Done. Time: 0.23937201499938965 seconds[0m
[97m[INFO ] Conversion to Prediction Done. Time: 0.0006668567657470703 seconds[0m
[97m[INFO ] Processed Images Done taking 0.08287477493286133 seconds. Shape:  torch.Size([1, 3, 280, 504])[0m
[97m[INFO ] Model Forward Pass Done. Time: 0.2398390769958496 seconds[0m
[97m[INFO ] Conversion to Prediction Done. Time: 0.0006358623504638672 seconds[0m
[97m[INFO ] Processed Images Done taking 0.07520699501037598 seconds. Shape:  torch.Size([1, 3, 280, 504])[0m
[97m[INFO ] Model Forward Pass Done. Time: 0.24111199378967285 seconds[0m
[97m[INFO ] Conversion to Prediction Done. Time: 0.0007569789886474609 seconds[0m
[97m[INFO ] Processed Images Done taking 0.07789206504821777 seconds. Shape:  torch.Size([1, 3, 280, 504])[0m
[97m[INFO ] Model Forward Pass Done. Time: 0.23964500427246094 seconds[0m
[97m[INFO ] Conversion to Prediction Done. Time: 0.0009391307830810547 seconds[0m
[97m[INFO ] Processed Images Done taking 0.08075499534606934 seconds. Shape:  torch.Size([1, 3, 280, 504])[0m
[97m[INFO ] Model Forward Pass Done. Time: 0.23795795440673828 seconds[0m
[97m[INFO ] Conversion to Prediction Done. Time: 0.0005540847778320312 seconds[0m
[97m[INFO ] Processed Images Done taking 0.07668304443359375 seconds. Shape:  torch.Size([1, 3, 280, 504])[0m
[97m[INFO ] Model Forward Pass Done. Time: 0.24766111373901367 seconds[0m
[97m[INFO ] Conversion to Prediction Done. Time: 0.0005588531494140625 seconds[0m
[97m[INFO ] Processed Images Done taking 0.07097291946411133 seconds. Shape:  torch.Size([1, 3, 280, 504])[0m
[97m[INFO ] Model Forward Pass Done. Time: 0.24170899391174316 seconds[0m
[97m[INFO ] Conversion to Prediction Done. Time: 0.0006740093231201172 seconds[0m
[97m[INFO ] Processed Images Done taking 0.08191394805908203 seconds. Shape:  torch.Size([1, 3, 280, 504])[0m
[97m[INFO ] Model Forward Pass Done. Time: 0.24086499214172363 seconds[0m
[97m[INFO ] Conversion to Prediction Done. Time: 0.0006978511810302734 seconds[0m
[97m[INFO ] Processed Images Done taking 0.09654617309570312 seconds. Shape:  torch.Size([1, 3, 280, 504])[0m
[97m[INFO ] Model Forward Pass Done. Time: 0.23858094215393066 seconds[0m
[97m[INFO ] Conversion to Prediction Done. Time: 0.0006289482116699219 seconds[0m
[97m[INFO ] Processed Images Done taking 0.08166074752807617 seconds. Shape:  torch.Size([1, 3, 280, 504])[0m
[97m[INFO ] Model Forward Pass Done. Time: 0.2386031150817871 seconds[0m
[97m[INFO ] Conversion to Prediction Done. Time: 0.0007050037384033203 seconds[0m
[97m[INFO ] Processed Images Done taking 0.08381485939025879 seconds. Shape:  torch.Size([1, 3, 280, 504])[0m
[97m[INFO ] Model Forward Pass Done. Time: 0.24081897735595703 seconds[0m
[97m[INFO ] Conversion to Prediction Done. Time: 0.0006818771362304688 seconds[0m
[97m[INFO ] Processed Images Done taking 0.08192300796508789 seconds. Shape:  torch.Size([1, 3, 280, 504])[0m
[97m[INFO ] Model Forward Pass Done. Time: 0.24051904678344727 seconds[0m
[97m[INFO ] Conversion to Prediction Done. Time: 0.0007789134979248047 seconds[0m
[97m[INFO ] Processed Images Done taking 0.0811302661895752 seconds. Shape:  torch.Size([1, 3, 280, 504])[0m
[97m[INFO ] Model Forward Pass Done. Time: 0.23926520347595215 seconds[0m
[97m[INFO ] Conversion to Prediction Done. Time: 0.0007259845733642578 seconds[0m
[97m[INFO ] Processed Images Done taking 0.0817258358001709 seconds. Shape:  torch.Size([1, 3, 280, 504])[0m
[97m[INFO ] Model Forward Pass Done. Time: 0.23929715156555176 seconds[0m
[97m[INFO ] Conversion to Prediction Done. Time: 0.00047898292541503906 seconds[0m
[97m[INFO ] Processed Images Done taking 0.07373189926147461 seconds. Shape:  torch.Size([1, 3, 280, 504])[0m
[97m[INFO ] Model Forward Pass Done. Time: 0.23854899406433105 seconds[0m
[97m[INFO ] Conversion to Prediction Done. Time: 0.0006399154663085938 seconds[0m
[97m[INFO ] Processed Images Done taking 0.08174991607666016 seconds. Shape:  torch.Size([1, 3, 280, 504])[0m
[97m[INFO ] Model Forward Pass Done. Time: 0.23991870880126953 seconds[0m
[97m[INFO ] Conversion to Prediction Done. Time: 0.0006289482116699219 seconds[0m
[97m[INFO ] Processed Images Done taking 0.08092689514160156 seconds. Shape:  torch.Size([1, 3, 280, 504])[0m
[97m[INFO ] Model Forward Pass Done. Time: 0.2389061450958252 seconds[0m
[97m[INFO ] Conversion to Prediction Done. Time: 0.0005180835723876953 seconds[0m
[97m[INFO ] Processed Images Done taking 0.0744180679321289 seconds. Shape:  torch.Size([1, 3, 280, 504])[0m
[97m[INFO ] Model Forward Pass Done. Time: 0.2407519817352295 seconds[0m
[97m[INFO ] Conversion to Prediction Done. Time: 0.0006399154663085938 seconds[0m
[expAI 21:49:10] frame 80/100, 2.8M pts, 27s
[97m[INFO ] Processed Images Done taking 0.08147501945495605 seconds. Shape:  torch.Size([1, 3, 280, 504])[0m
[97m[INFO ] Model Forward Pass Done. Time: 0.24052691459655762 seconds[0m
[97m[INFO ] Conversion to Prediction Done. Time: 0.000576019287109375 seconds[0m
[97m[INFO ] Processed Images Done taking 0.080963134765625 seconds. Shape:  torch.Size([1, 3, 280, 504])[0m
[97m[INFO ] Model Forward Pass Done. Time: 0.23889994621276855 seconds[0m
[97m[INFO ] Conversion to Prediction Done. Time: 0.0004811286926269531 seconds[0m
[97m[INFO ] Processed Images Done taking 0.07112503051757812 seconds. Shape:  torch.Size([1, 3, 280, 504])[0m
[97m[INFO ] Model Forward Pass Done. Time: 0.23744583129882812 seconds[0m
[97m[INFO ] Conversion to Prediction Done. Time: 0.0009927749633789062 seconds[0m
[97m[INFO ] Processed Images Done taking 0.08068203926086426 seconds. Shape:  torch.Size([1, 3, 280, 504])[0m
[97m[INFO ] Model Forward Pass Done. Time: 0.23975706100463867 seconds[0m
[97m[INFO ] Conversion to Prediction Done. Time: 0.0006818771362304688 seconds[0m
[97m[INFO ] Processed Images Done taking 0.08041119575500488 seconds. Shape:  torch.Size([1, 3, 280, 504])[0m
[97m[INFO ] Model Forward Pass Done. Time: 0.241624116897583 seconds[0m
[97m[INFO ] Conversion to Prediction Done. Time: 0.0005118846893310547 seconds[0m
[97m[INFO ] Processed Images Done taking 0.08269882202148438 seconds. Shape:  torch.Size([1, 3, 280, 504])[0m
[97m[INFO ] Model Forward Pass Done. Time: 0.24079108238220215 seconds[0m
[97m[INFO ] Conversion to Prediction Done. Time: 0.0005881786346435547 seconds[0m
[97m[INFO ] Processed Images Done taking 0.08284282684326172 seconds. Shape:  torch.Size([1, 3, 280, 504])[0m
[97m[INFO ] Model Forward Pass Done. Time: 0.2413921356201172 seconds[0m
[97m[INFO ] Conversion to Prediction Done. Time: 0.0007166862487792969 seconds[0m
[97m[INFO ] Processed Images Done taking 0.08104228973388672 seconds. Shape:  torch.Size([1, 3, 280, 504])[0m
[97m[INFO ] Model Forward Pass Done. Time: 0.23879122734069824 seconds[0m
[97m[INFO ] Conversion to Prediction Done. Time: 0.0007359981536865234 seconds[0m
[97m[INFO ] Processed Images Done taking 0.08413171768188477 seconds. Shape:  torch.Size([1, 3, 280, 504])[0m
[97m[INFO ] Model Forward Pass Done. Time: 0.23859715461730957 seconds[0m
[97m[INFO ] Conversion to Prediction Done. Time: 0.0007207393646240234 seconds[0m
[97m[INFO ] Processed Images Done taking 0.08428430557250977 seconds. Shape:  torch.Size([1, 3, 280, 504])[0m
[97m[INFO ] Model Forward Pass Done. Time: 0.23900604248046875 seconds[0m
[97m[INFO ] Conversion to Prediction Done. Time: 0.0006289482116699219 seconds[0m
[97m[INFO ] Processed Images Done taking 0.0838768482208252 seconds. Shape:  torch.Size([1, 3, 280, 504])[0m
[97m[INFO ] Model Forward Pass Done. Time: 0.23949527740478516 seconds[0m
[97m[INFO ] Conversion to Prediction Done. Time: 0.0006768703460693359 seconds[0m
[97m[INFO ] Processed Images Done taking 0.08469915390014648 seconds. Shape:  torch.Size([1, 3, 280, 504])[0m
[97m[INFO ] Model Forward Pass Done. Time: 0.2475578784942627 seconds[0m
[97m[INFO ] Conversion to Prediction Done. Time: 0.0006740093231201172 seconds[0m
[97m[INFO ] Processed Images Done taking 0.0809330940246582 seconds. Shape:  torch.Size([1, 3, 280, 504])[0m
[97m[INFO ] Model Forward Pass Done. Time: 0.2423081398010254 seconds[0m
[97m[INFO ] Conversion to Prediction Done. Time: 0.0006427764892578125 seconds[0m
[97m[INFO ] Processed Images Done taking 0.08095192909240723 seconds. Shape:  torch.Size([1, 3, 280, 504])[0m
[97m[INFO ] Model Forward Pass Done. Time: 0.23872733116149902 seconds[0m
[97m[INFO ] Conversion to Prediction Done. Time: 0.0007197856903076172 seconds[0m
[97m[INFO ] Processed Images Done taking 0.08841323852539062 seconds. Shape:  torch.Size([1, 3, 280, 504])[0m
[97m[INFO ] Model Forward Pass Done. Time: 0.2394869327545166 seconds[0m
[97m[INFO ] Conversion to Prediction Done. Time: 0.0007350444793701172 seconds[0m
[97m[INFO ] Processed Images Done taking 0.08103203773498535 seconds. Shape:  torch.Size([1, 3, 280, 504])[0m
[97m[INFO ] Model Forward Pass Done. Time: 0.24245619773864746 seconds[0m
[97m[INFO ] Conversion to Prediction Done. Time: 0.0008020401000976562 seconds[0m
[97m[INFO ] Processed Images Done taking 0.07976198196411133 seconds. Shape:  torch.Size([1, 3, 280, 504])[0m
[97m[INFO ] Model Forward Pass Done. Time: 0.23920726776123047 seconds[0m
[97m[INFO ] Conversion to Prediction Done. Time: 0.0006699562072753906 seconds[0m
[97m[INFO ] Processed Images Done taking 0.07988190650939941 seconds. Shape:  torch.Size([1, 3, 280, 504])[0m
[97m[INFO ] Model Forward Pass Done. Time: 0.24122881889343262 seconds[0m
[97m[INFO ] Conversion to Prediction Done. Time: 0.0006191730499267578 seconds[0m
[97m[INFO ] Processed Images Done taking 0.07868695259094238 seconds. Shape:  torch.Size([1, 3, 280, 504])[0m
[97m[INFO ] Model Forward Pass Done. Time: 0.23755288124084473 seconds[0m
[97m[INFO ] Conversion to Prediction Done. Time: 0.00046896934509277344 seconds[0m
[expAI 21:49:17] metric_mono_first100.ply: 3,397,625 pts -> /Users/kaidongwang/Desktop/expF2_easy_clouds_2026_06_12/metric_mono_first100.ply
[expAI 21:49:17] EXPAI-DONE
