[93m[WARN ] Dependency `gsplat` is required for rendering 3DGS. Install via: pip install git+https://github.com/nerfstudio-project/gsplat.git@0b4dddf04cb687367602c01196913cde6a743d70[0m
[97m[INFO ] using MLP layer as FFN[0m
Loading weights from local directory
[97m[INFO ] Processed Images Done taking 0.14482617378234863 seconds. Shape:  torch.Size([1, 3, 280, 504])[0m
[97m[INFO ] Model Forward Pass Done. Time: 0.4062960147857666 seconds[0m
[97m[INFO ] Conversion to Prediction Done. Time: 0.0013930797576904297 seconds[0m
[97m[INFO ] Processed Images Done taking 0.08357095718383789 seconds. Shape:  torch.Size([1, 3, 280, 504])[0m
[97m[INFO ] Model Forward Pass Done. Time: 0.23862886428833008 seconds[0m
[97m[INFO ] Conversion to Prediction Done. Time: 0.0007040500640869141 seconds[0m
[97m[INFO ] Processed Images Done taking 0.08826994895935059 seconds. Shape:  torch.Size([1, 3, 280, 504])[0m
[97m[INFO ] Model Forward Pass Done. Time: 0.24045276641845703 seconds[0m
[97m[INFO ] Conversion to Prediction Done. Time: 0.000885009765625 seconds[0m
[97m[INFO ] Processed Images Done taking 0.08736610412597656 seconds. Shape:  torch.Size([1, 3, 280, 504])[0m
[97m[INFO ] Model Forward Pass Done. Time: 0.2413167953491211 seconds[0m
[97m[INFO ] Conversion to Prediction Done. Time: 0.0007560253143310547 seconds[0m
[97m[INFO ] Processed Images Done taking 0.08700180053710938 seconds. Shape:  torch.Size([1, 3, 280, 504])[0m
[97m[INFO ] Model Forward Pass Done. Time: 0.2387862205505371 seconds[0m
[97m[INFO ] Conversion to Prediction Done. Time: 0.0004551410675048828 seconds[0m
[97m[INFO ] Processed Images Done taking 0.0690469741821289 seconds. Shape:  torch.Size([1, 3, 280, 504])[0m
[97m[INFO ] Model Forward Pass Done. Time: 0.24147295951843262 seconds[0m
[97m[INFO ] Conversion to Prediction Done. Time: 0.0006749629974365234 seconds[0m
[97m[INFO ] Processed Images Done taking 0.08948588371276855 seconds. Shape:  torch.Size([1, 3, 280, 504])[0m
[97m[INFO ] Model Forward Pass Done. Time: 0.24063420295715332 seconds[0m
[97m[INFO ] Conversion to Prediction Done. Time: 0.0008072853088378906 seconds[0m
[97m[INFO ] Processed Images Done taking 0.08951783180236816 seconds. Shape:  torch.Size([1, 3, 280, 504])[0m
[97m[INFO ] Model Forward Pass Done. Time: 0.23890304565429688 seconds[0m
[97m[INFO ] Conversion to Prediction Done. Time: 0.0007469654083251953 seconds[0m
[97m[INFO ] Processed Images Done taking 0.08829379081726074 seconds. Shape:  torch.Size([1, 3, 280, 504])[0m
[97m[INFO ] Model Forward Pass Done. Time: 0.23945903778076172 seconds[0m
[97m[INFO ] Conversion to Prediction Done. Time: 0.0008080005645751953 seconds[0m
[97m[INFO ] Processed Images Done taking 0.08729195594787598 seconds. Shape:  torch.Size([1, 3, 280, 504])[0m
[97m[INFO ] Model Forward Pass Done. Time: 0.24124574661254883 seconds[0m
[97m[INFO ] Conversion to Prediction Done. Time: 0.0009670257568359375 seconds[0m
[97m[INFO ] Processed Images Done taking 0.08650326728820801 seconds. Shape:  torch.Size([1, 3, 280, 504])[0m
[97m[INFO ] Model Forward Pass Done. Time: 0.24151229858398438 seconds[0m
[97m[INFO ] Conversion to Prediction Done. Time: 0.00127410888671875 seconds[0m
[97m[INFO ] Processed Images Done taking 0.08891797065734863 seconds. Shape:  torch.Size([1, 3, 280, 504])[0m
[97m[INFO ] Model Forward Pass Done. Time: 0.2386760711669922 seconds[0m
[97m[INFO ] Conversion to Prediction Done. Time: 0.0006768703460693359 seconds[0m
[97m[INFO ] Processed Images Done taking 0.08851408958435059 seconds. Shape:  torch.Size([1, 3, 280, 504])[0m
[97m[INFO ] Model Forward Pass Done. Time: 0.29932188987731934 seconds[0m
[97m[INFO ] Conversion to Prediction Done. Time: 0.0004220008850097656 seconds[0m
[97m[INFO ] Processed Images Done taking 0.06873178482055664 seconds. Shape:  torch.Size([1, 3, 280, 504])[0m
[97m[INFO ] Model Forward Pass Done. Time: 0.24628090858459473 seconds[0m
[97m[INFO ] Conversion to Prediction Done. Time: 0.0007870197296142578 seconds[0m
[97m[INFO ] Processed Images Done taking 0.0847311019897461 seconds. Shape:  torch.Size([1, 3, 280, 504])[0m
[97m[INFO ] Model Forward Pass Done. Time: 0.24648404121398926 seconds[0m
[97m[INFO ] Conversion to Prediction Done. Time: 0.0007522106170654297 seconds[0m
[97m[INFO ] Processed Images Done taking 0.08439803123474121 seconds. Shape:  torch.Size([1, 3, 280, 504])[0m
[97m[INFO ] Model Forward Pass Done. Time: 0.23894906044006348 seconds[0m
[97m[INFO ] Conversion to Prediction Done. Time: 0.0005311965942382812 seconds[0m
[97m[INFO ] Processed Images Done taking 0.0724949836730957 seconds. Shape:  torch.Size([1, 3, 280, 504])[0m
[97m[INFO ] Model Forward Pass Done. Time: 0.2473888397216797 seconds[0m
[97m[INFO ] Conversion to Prediction Done. Time: 0.0007088184356689453 seconds[0m
[97m[INFO ] Processed Images Done taking 0.08334684371948242 seconds. Shape:  torch.Size([1, 3, 280, 504])[0m
[97m[INFO ] Model Forward Pass Done. Time: 0.24467706680297852 seconds[0m
[97m[INFO ] Conversion to Prediction Done. Time: 0.0014448165893554688 seconds[0m
[97m[INFO ] Processed Images Done taking 0.06908106803894043 seconds. Shape:  torch.Size([1, 3, 280, 504])[0m
[97m[INFO ] Model Forward Pass Done. Time: 0.24103331565856934 seconds[0m
[97m[INFO ] Conversion to Prediction Done. Time: 0.000675201416015625 seconds[0m
[97m[INFO ] Processed Images Done taking 0.08121299743652344 seconds. Shape:  torch.Size([1, 3, 280, 504])[0m
[97m[INFO ] Model Forward Pass Done. Time: 0.24150919914245605 seconds[0m
[97m[INFO ] Conversion to Prediction Done. Time: 0.0007460117340087891 seconds[0m
[97m[INFO ] Processed Images Done taking 0.08401703834533691 seconds. Shape:  torch.Size([1, 3, 280, 504])[0m
[97m[INFO ] Model Forward Pass Done. Time: 0.24078607559204102 seconds[0m
[97m[INFO ] Conversion to Prediction Done. Time: 0.0006721019744873047 seconds[0m
[97m[INFO ] Processed Images Done taking 0.08493709564208984 seconds. Shape:  torch.Size([1, 3, 280, 504])[0m
[97m[INFO ] Model Forward Pass Done. Time: 0.2419888973236084 seconds[0m
[97m[INFO ] Conversion to Prediction Done. Time: 0.0007879734039306641 seconds[0m
[97m[INFO ] Processed Images Done taking 0.08115100860595703 seconds. Shape:  torch.Size([1, 3, 280, 504])[0m
[97m[INFO ] Model Forward Pass Done. Time: 0.23790788650512695 seconds[0m
[97m[INFO ] Conversion to Prediction Done. Time: 0.00080108642578125 seconds[0m
[97m[INFO ] Processed Images Done taking 0.08551502227783203 seconds. Shape:  torch.Size([1, 3, 280, 504])[0m
[97m[INFO ] Model Forward Pass Done. Time: 0.24138689041137695 seconds[0m
[97m[INFO ] Conversion to Prediction Done. Time: 0.0006382465362548828 seconds[0m
[97m[INFO ] Processed Images Done taking 0.08335494995117188 seconds. Shape:  torch.Size([1, 3, 280, 504])[0m
[97m[INFO ] Model Forward Pass Done. Time: 0.23957419395446777 seconds[0m
[97m[INFO ] Conversion to Prediction Done. Time: 0.0007641315460205078 seconds[0m
[97m[INFO ] Processed Images Done taking 0.08772826194763184 seconds. Shape:  torch.Size([1, 3, 280, 504])[0m
[97m[INFO ] Model Forward Pass Done. Time: 0.24351263046264648 seconds[0m
[97m[INFO ] Conversion to Prediction Done. Time: 0.0006561279296875 seconds[0m
[97m[INFO ] Processed Images Done taking 0.08467602729797363 seconds. Shape:  torch.Size([1, 3, 280, 504])[0m
[97m[INFO ] Model Forward Pass Done. Time: 0.2445669174194336 seconds[0m
[97m[INFO ] Conversion to Prediction Done. Time: 0.0007841587066650391 seconds[0m
[97m[INFO ] Processed Images Done taking 0.07959818840026855 seconds. Shape:  torch.Size([1, 3, 280, 504])[0m
[97m[INFO ] Model Forward Pass Done. Time: 0.23851585388183594 seconds[0m
[97m[INFO ] Conversion to Prediction Done. Time: 0.00067901611328125 seconds[0m
[97m[INFO ] Processed Images Done taking 0.08426403999328613 seconds. Shape:  torch.Size([1, 3, 280, 504])[0m
[97m[INFO ] Model Forward Pass Done. Time: 0.23904180526733398 seconds[0m
[97m[INFO ] Conversion to Prediction Done. Time: 0.0009748935699462891 seconds[0m
[97m[INFO ] Processed Images Done taking 0.0849301815032959 seconds. Shape:  torch.Size([1, 3, 280, 504])[0m
[97m[INFO ] Model Forward Pass Done. Time: 0.2411210536956787 seconds[0m
[97m[INFO ] Conversion to Prediction Done. Time: 0.0007970333099365234 seconds[0m
[97m[INFO ] Processed Images Done taking 0.08221197128295898 seconds. Shape:  torch.Size([1, 3, 280, 504])[0m
[97m[INFO ] Model Forward Pass Done. Time: 0.24082517623901367 seconds[0m
[97m[INFO ] Conversion to Prediction Done. Time: 0.0008220672607421875 seconds[0m
[97m[INFO ] Processed Images Done taking 0.08234810829162598 seconds. Shape:  torch.Size([1, 3, 280, 504])[0m
[97m[INFO ] Model Forward Pass Done. Time: 0.24003076553344727 seconds[0m
[97m[INFO ] Conversion to Prediction Done. Time: 0.0006411075592041016 seconds[0m
[97m[INFO ] Processed Images Done taking 0.08469080924987793 seconds. Shape:  torch.Size([1, 3, 280, 504])[0m
[97m[INFO ] Model Forward Pass Done. Time: 0.23982000350952148 seconds[0m
[97m[INFO ] Conversion to Prediction Done. Time: 0.0007171630859375 seconds[0m
[97m[INFO ] Processed Images Done taking 0.08481073379516602 seconds. Shape:  torch.Size([1, 3, 280, 504])[0m
[97m[INFO ] Model Forward Pass Done. Time: 0.2413618564605713 seconds[0m
[97m[INFO ] Conversion to Prediction Done. Time: 0.0010418891906738281 seconds[0m
[97m[INFO ] Processed Images Done taking 0.06810760498046875 seconds. Shape:  torch.Size([1, 3, 280, 504])[0m
[97m[INFO ] Model Forward Pass Done. Time: 0.23968815803527832 seconds[0m
[97m[INFO ] Conversion to Prediction Done. Time: 0.0004892349243164062 seconds[0m
[97m[INFO ] Processed Images Done taking 0.0628960132598877 seconds. Shape:  torch.Size([1, 3, 280, 504])[0m
[97m[INFO ] Model Forward Pass Done. Time: 0.254025936126709 seconds[0m
[97m[INFO ] Conversion to Prediction Done. Time: 0.0006542205810546875 seconds[0m
[97m[INFO ] Processed Images Done taking 0.0780801773071289 seconds. Shape:  torch.Size([1, 3, 280, 504])[0m
[97m[INFO ] Model Forward Pass Done. Time: 0.24504876136779785 seconds[0m
[97m[INFO ] Conversion to Prediction Done. Time: 0.000640869140625 seconds[0m
[97m[INFO ] Processed Images Done taking 0.0734410285949707 seconds. Shape:  torch.Size([1, 3, 280, 504])[0m
[97m[INFO ] Model Forward Pass Done. Time: 0.2477879524230957 seconds[0m
[97m[INFO ] Conversion to Prediction Done. Time: 0.0006968975067138672 seconds[0m
[97m[INFO ] Processed Images Done taking 0.0781557559967041 seconds. Shape:  torch.Size([1, 3, 280, 504])[0m
[97m[INFO ] Model Forward Pass Done. Time: 0.24128198623657227 seconds[0m
[97m[INFO ] Conversion to Prediction Done. Time: 0.0007498264312744141 seconds[0m
[97m[INFO ] Processed Images Done taking 0.07995009422302246 seconds. Shape:  torch.Size([1, 3, 280, 504])[0m
[97m[INFO ] Model Forward Pass Done. Time: 0.23888373374938965 seconds[0m
[97m[INFO ] Conversion to Prediction Done. Time: 0.0006890296936035156 seconds[0m
[97m[INFO ] Processed Images Done taking 0.0814049243927002 seconds. Shape:  torch.Size([1, 3, 280, 504])[0m
[97m[INFO ] Model Forward Pass Done. Time: 0.2392129898071289 seconds[0m
[97m[INFO ] Conversion to Prediction Done. Time: 0.0006470680236816406 seconds[0m
[97m[INFO ] Processed Images Done taking 0.08586716651916504 seconds. Shape:  torch.Size([1, 3, 280, 504])[0m
[97m[INFO ] Model Forward Pass Done. Time: 0.23870491981506348 seconds[0m
[97m[INFO ] Conversion to Prediction Done. Time: 0.0007727146148681641 seconds[0m
[97m[INFO ] Processed Images Done taking 0.08153820037841797 seconds. Shape:  torch.Size([1, 3, 280, 504])[0m
[97m[INFO ] Model Forward Pass Done. Time: 0.23975872993469238 seconds[0m
[97m[INFO ] Conversion to Prediction Done. Time: 0.0008420944213867188 seconds[0m
[97m[INFO ] Processed Images Done taking 0.08369207382202148 seconds. Shape:  torch.Size([1, 3, 280, 504])[0m
[97m[INFO ] Model Forward Pass Done. Time: 0.2388291358947754 seconds[0m
[97m[INFO ] Conversion to Prediction Done. Time: 0.0007219314575195312 seconds[0m
[97m[INFO ] Processed Images Done taking 0.08393406867980957 seconds. Shape:  torch.Size([1, 3, 280, 504])[0m
[97m[INFO ] Model Forward Pass Done. Time: 0.23816609382629395 seconds[0m
[97m[INFO ] Conversion to Prediction Done. Time: 0.0007190704345703125 seconds[0m
[97m[INFO ] Processed Images Done taking 0.08276486396789551 seconds. Shape:  torch.Size([1, 3, 280, 504])[0m
[97m[INFO ] Model Forward Pass Done. Time: 0.2394249439239502 seconds[0m
[97m[INFO ] Conversion to Prediction Done. Time: 0.0006542205810546875 seconds[0m
[97m[INFO ] Processed Images Done taking 0.08560705184936523 seconds. Shape:  torch.Size([1, 3, 280, 504])[0m
[97m[INFO ] Model Forward Pass Done. Time: 0.24277019500732422 seconds[0m
[97m[INFO ] Conversion to Prediction Done. Time: 0.0008780956268310547 seconds[0m
[97m[INFO ] Processed Images Done taking 0.08417987823486328 seconds. Shape:  torch.Size([1, 3, 280, 504])[0m
[97m[INFO ] Model Forward Pass Done. Time: 0.24080395698547363 seconds[0m
[97m[INFO ] Conversion to Prediction Done. Time: 0.0006401538848876953 seconds[0m
[97m[INFO ] Processed Images Done taking 0.08574795722961426 seconds. Shape:  torch.Size([1, 3, 280, 504])[0m
[97m[INFO ] Model Forward Pass Done. Time: 0.2408580780029297 seconds[0m
[97m[INFO ] Conversion to Prediction Done. Time: 0.0006129741668701172 seconds[0m
[97m[INFO ] Processed Images Done taking 0.08364081382751465 seconds. Shape:  torch.Size([1, 3, 280, 504])[0m
[97m[INFO ] Model Forward Pass Done. Time: 0.2410130500793457 seconds[0m
[97m[INFO ] Conversion to Prediction Done. Time: 0.0005691051483154297 seconds[0m
[97m[INFO ] Processed Images Done taking 0.08371210098266602 seconds. Shape:  torch.Size([1, 3, 280, 504])[0m
[97m[INFO ] Model Forward Pass Done. Time: 0.24078893661499023 seconds[0m
[97m[INFO ] Conversion to Prediction Done. Time: 0.0007078647613525391 seconds[0m
[97m[INFO ] Processed Images Done taking 0.08560991287231445 seconds. Shape:  torch.Size([1, 3, 280, 504])[0m
[97m[INFO ] Model Forward Pass Done. Time: 0.24319815635681152 seconds[0m
[97m[INFO ] Conversion to Prediction Done. Time: 0.0006341934204101562 seconds[0m
[97m[INFO ] Processed Images Done taking 0.08430218696594238 seconds. Shape:  torch.Size([1, 3, 280, 504])[0m
[97m[INFO ] Model Forward Pass Done. Time: 0.2399907112121582 seconds[0m
[97m[INFO ] Conversion to Prediction Done. Time: 0.0006220340728759766 seconds[0m
[97m[INFO ] Processed Images Done taking 0.08428001403808594 seconds. Shape:  torch.Size([1, 3, 280, 504])[0m
[97m[INFO ] Model Forward Pass Done. Time: 0.24126791954040527 seconds[0m
[97m[INFO ] Conversion to Prediction Done. Time: 0.0007889270782470703 seconds[0m
[97m[INFO ] Processed Images Done taking 0.08415412902832031 seconds. Shape:  torch.Size([1, 3, 280, 504])[0m
[97m[INFO ] Model Forward Pass Done. Time: 0.2501969337463379 seconds[0m
[97m[INFO ] Conversion to Prediction Done. Time: 0.0006787776947021484 seconds[0m
[97m[INFO ] Processed Images Done taking 0.07950997352600098 seconds. Shape:  torch.Size([1, 3, 280, 504])[0m
[97m[INFO ] Model Forward Pass Done. Time: 0.23775887489318848 seconds[0m
[97m[INFO ] Conversion to Prediction Done. Time: 0.0006577968597412109 seconds[0m
[97m[INFO ] Processed Images Done taking 0.0840141773223877 seconds. Shape:  torch.Size([1, 3, 280, 504])[0m
[97m[INFO ] Model Forward Pass Done. Time: 0.24025392532348633 seconds[0m
[97m[INFO ] Conversion to Prediction Done. Time: 0.0007979869842529297 seconds[0m
[97m[INFO ] Processed Images Done taking 0.0864267349243164 seconds. Shape:  torch.Size([1, 3, 280, 504])[0m
[97m[INFO ] Model Forward Pass Done. Time: 0.24227094650268555 seconds[0m
[97m[INFO ] Conversion to Prediction Done. Time: 0.0007269382476806641 seconds[0m
[97m[INFO ] Processed Images Done taking 0.08855581283569336 seconds. Shape:  torch.Size([1, 3, 280, 504])[0m
[97m[INFO ] Model Forward Pass Done. Time: 0.23963427543640137 seconds[0m
[97m[INFO ] Conversion to Prediction Done. Time: 0.0007081031799316406 seconds[0m
[97m[INFO ] Processed Images Done taking 0.08959507942199707 seconds. Shape:  torch.Size([1, 3, 280, 504])[0m
[97m[INFO ] Model Forward Pass Done. Time: 0.24137401580810547 seconds[0m
[97m[INFO ] Conversion to Prediction Done. Time: 0.0006551742553710938 seconds[0m
[97m[INFO ] Processed Images Done taking 0.0890340805053711 seconds. Shape:  torch.Size([1, 3, 280, 504])[0m
[97m[INFO ] Model Forward Pass Done. Time: 0.24161291122436523 seconds[0m
[97m[INFO ] Conversion to Prediction Done. Time: 0.0005431175231933594 seconds[0m
[97m[INFO ] Processed Images Done taking 0.08629703521728516 seconds. Shape:  torch.Size([1, 3, 280, 504])[0m
[97m[INFO ] Model Forward Pass Done. Time: 0.23820900917053223 seconds[0m
[97m[INFO ] Conversion to Prediction Done. Time: 0.0010540485382080078 seconds[0m
[97m[INFO ] Processed Images Done taking 0.0895688533782959 seconds. Shape:  torch.Size([1, 3, 280, 504])[0m
[97m[INFO ] Model Forward Pass Done. Time: 0.2388927936553955 seconds[0m
[97m[INFO ] Conversion to Prediction Done. Time: 0.0006389617919921875 seconds[0m
[97m[INFO ] Processed Images Done taking 0.08756875991821289 seconds. Shape:  torch.Size([1, 3, 280, 504])[0m
[97m[INFO ] Model Forward Pass Done. Time: 0.24126291275024414 seconds[0m
[97m[INFO ] Conversion to Prediction Done. Time: 0.0007410049438476562 seconds[0m
[97m[INFO ] Processed Images Done taking 0.08571290969848633 seconds. Shape:  torch.Size([1, 3, 280, 504])[0m
[97m[INFO ] Model Forward Pass Done. Time: 0.2393960952758789 seconds[0m
[97m[INFO ] Conversion to Prediction Done. Time: 0.0007491111755371094 seconds[0m
[97m[INFO ] Processed Images Done taking 0.08470511436462402 seconds. Shape:  torch.Size([1, 3, 280, 504])[0m
[97m[INFO ] Model Forward Pass Done. Time: 0.24141430854797363 seconds[0m
[97m[INFO ] Conversion to Prediction Done. Time: 0.0006821155548095703 seconds[0m
[97m[INFO ] Processed Images Done taking 0.08742284774780273 seconds. Shape:  torch.Size([1, 3, 280, 504])[0m
[97m[INFO ] Model Forward Pass Done. Time: 0.23896431922912598 seconds[0m
[97m[INFO ] Conversion to Prediction Done. Time: 0.0006282329559326172 seconds[0m
[97m[INFO ] Processed Images Done taking 0.08614397048950195 seconds. Shape:  torch.Size([1, 3, 280, 504])[0m
[97m[INFO ] Model Forward Pass Done. Time: 0.24224209785461426 seconds[0m
[97m[INFO ] Conversion to Prediction Done. Time: 0.0007240772247314453 seconds[0m
[97m[INFO ] Processed Images Done taking 0.08464598655700684 seconds. Shape:  torch.Size([1, 3, 280, 504])[0m
[97m[INFO ] Model Forward Pass Done. Time: 0.24054908752441406 seconds[0m
[97m[INFO ] Conversion to Prediction Done. Time: 0.0006682872772216797 seconds[0m
[97m[INFO ] Processed Images Done taking 0.0883791446685791 seconds. Shape:  torch.Size([1, 3, 280, 504])[0m
[97m[INFO ] Model Forward Pass Done. Time: 0.24092793464660645 seconds[0m
[97m[INFO ] Conversion to Prediction Done. Time: 0.0006320476531982422 seconds[0m
[97m[INFO ] Processed Images Done taking 0.08678913116455078 seconds. Shape:  torch.Size([1, 3, 280, 504])[0m
[97m[INFO ] Model Forward Pass Done. Time: 0.23898601531982422 seconds[0m
[97m[INFO ] Conversion to Prediction Done. Time: 0.0007989406585693359 seconds[0m
[97m[INFO ] Processed Images Done taking 0.08548521995544434 seconds. Shape:  torch.Size([1, 3, 280, 504])[0m
[97m[INFO ] Model Forward Pass Done. Time: 0.2404789924621582 seconds[0m
[97m[INFO ] Conversion to Prediction Done. Time: 0.0008292198181152344 seconds[0m
[97m[INFO ] Processed Images Done taking 0.08615398406982422 seconds. Shape:  torch.Size([1, 3, 280, 504])[0m
[97m[INFO ] Model Forward Pass Done. Time: 0.23996281623840332 seconds[0m
[97m[INFO ] Conversion to Prediction Done. Time: 0.0008389949798583984 seconds[0m
[97m[INFO ] Processed Images Done taking 0.09185409545898438 seconds. Shape:  torch.Size([1, 3, 280, 504])[0m
[97m[INFO ] Model Forward Pass Done. Time: 0.23958086967468262 seconds[0m
[97m[INFO ] Conversion to Prediction Done. Time: 0.0007252693176269531 seconds[0m
[97m[INFO ] Processed Images Done taking 0.08666205406188965 seconds. Shape:  torch.Size([1, 3, 280, 504])[0m
[97m[INFO ] Model Forward Pass Done. Time: 0.24169397354125977 seconds[0m
[97m[INFO ] Conversion to Prediction Done. Time: 0.0007469654083251953 seconds[0m
[97m[INFO ] Processed Images Done taking 0.08660101890563965 seconds. Shape:  torch.Size([1, 3, 280, 504])[0m
[97m[INFO ] Model Forward Pass Done. Time: 0.24130892753601074 seconds[0m
[97m[INFO ] Conversion to Prediction Done. Time: 0.0006871223449707031 seconds[0m
[97m[INFO ] Processed Images Done taking 0.08449530601501465 seconds. Shape:  torch.Size([1, 3, 280, 504])[0m
[97m[INFO ] Model Forward Pass Done. Time: 0.24159717559814453 seconds[0m
[97m[INFO ] Conversion to Prediction Done. Time: 0.0005629062652587891 seconds[0m
[97m[INFO ] Processed Images Done taking 0.0661931037902832 seconds. Shape:  torch.Size([1, 3, 280, 504])[0m
[97m[INFO ] Model Forward Pass Done. Time: 0.2392439842224121 seconds[0m
[97m[INFO ] Conversion to Prediction Done. Time: 0.0005958080291748047 seconds[0m
[97m[INFO ] Processed Images Done taking 0.0863790512084961 seconds. Shape:  torch.Size([1, 3, 280, 504])[0m
[97m[INFO ] Model Forward Pass Done. Time: 0.23883771896362305 seconds[0m
[97m[INFO ] Conversion to Prediction Done. Time: 0.0007040500640869141 seconds[0m
[97m[INFO ] Processed Images Done taking 0.08391118049621582 seconds. Shape:  torch.Size([1, 3, 280, 504])[0m
[97m[INFO ] Model Forward Pass Done. Time: 0.23977088928222656 seconds[0m
[97m[INFO ] Conversion to Prediction Done. Time: 0.0007979869842529297 seconds[0m
[97m[INFO ] Processed Images Done taking 0.08520913124084473 seconds. Shape:  torch.Size([1, 3, 280, 504])[0m
[97m[INFO ] Model Forward Pass Done. Time: 0.24192309379577637 seconds[0m
[97m[INFO ] Conversion to Prediction Done. Time: 0.0008380413055419922 seconds[0m
[97m[INFO ] Processed Images Done taking 0.08289504051208496 seconds. Shape:  torch.Size([1, 3, 280, 504])[0m
[97m[INFO ] Model Forward Pass Done. Time: 0.2398519515991211 seconds[0m
[97m[INFO ] Conversion to Prediction Done. Time: 0.0007596015930175781 seconds[0m
[97m[INFO ] Processed Images Done taking 0.08424615859985352 seconds. Shape:  torch.Size([1, 3, 280, 504])[0m
[97m[INFO ] Model Forward Pass Done. Time: 0.24296879768371582 seconds[0m
[97m[INFO ] Conversion to Prediction Done. Time: 0.0003910064697265625 seconds[0m
[97m[INFO ] Processed Images Done taking 0.06686687469482422 seconds. Shape:  torch.Size([1, 3, 280, 504])[0m
[97m[INFO ] Model Forward Pass Done. Time: 0.24396109580993652 seconds[0m
[97m[INFO ] Conversion to Prediction Done. Time: 0.0005772113800048828 seconds[0m
[97m[INFO ] Processed Images Done taking 0.07478117942810059 seconds. Shape:  torch.Size([1, 3, 280, 504])[0m
[97m[INFO ] Model Forward Pass Done. Time: 0.24101805686950684 seconds[0m
[97m[INFO ] Conversion to Prediction Done. Time: 0.0006687641143798828 seconds[0m
[97m[INFO ] Processed Images Done taking 0.08446311950683594 seconds. Shape:  torch.Size([1, 3, 280, 504])[0m
[97m[INFO ] Model Forward Pass Done. Time: 0.24027109146118164 seconds[0m
[97m[INFO ] Conversion to Prediction Done. Time: 0.0004069805145263672 seconds[0m
[97m[INFO ] Processed Images Done taking 0.08554506301879883 seconds. Shape:  torch.Size([1, 3, 280, 504])[0m
[97m[INFO ] Model Forward Pass Done. Time: 0.24352192878723145 seconds[0m
[97m[INFO ] Conversion to Prediction Done. Time: 0.0005562305450439453 seconds[0m
[97m[INFO ] Processed Images Done taking 0.07282900810241699 seconds. Shape:  torch.Size([1, 3, 280, 504])[0m
[97m[INFO ] Model Forward Pass Done. Time: 0.2440629005432129 seconds[0m
[97m[INFO ] Conversion to Prediction Done. Time: 0.0007920265197753906 seconds[0m
[97m[INFO ] Processed Images Done taking 0.08492016792297363 seconds. Shape:  torch.Size([1, 3, 280, 504])[0m
[97m[INFO ] Model Forward Pass Done. Time: 0.24172401428222656 seconds[0m
[97m[INFO ] Conversion to Prediction Done. Time: 0.0007221698760986328 seconds[0m
[97m[INFO ] Processed Images Done taking 0.08500099182128906 seconds. Shape:  torch.Size([1, 3, 280, 504])[0m
[97m[INFO ] Model Forward Pass Done. Time: 0.24374914169311523 seconds[0m
[97m[INFO ] Conversion to Prediction Done. Time: 0.001157999038696289 seconds[0m
[97m[INFO ] Processed Images Done taking 0.0688009262084961 seconds. Shape:  torch.Size([1, 3, 280, 504])[0m
[97m[INFO ] Model Forward Pass Done. Time: 0.244765043258667 seconds[0m
[97m[INFO ] Conversion to Prediction Done. Time: 0.0008080005645751953 seconds[0m
[97m[INFO ] Processed Images Done taking 0.08735179901123047 seconds. Shape:  torch.Size([1, 3, 280, 504])[0m
[97m[INFO ] Model Forward Pass Done. Time: 0.23937702178955078 seconds[0m
[97m[INFO ] Conversion to Prediction Done. Time: 0.0006477832794189453 seconds[0m
[97m[INFO ] Processed Images Done taking 0.08749794960021973 seconds. Shape:  torch.Size([1, 3, 280, 504])[0m
[97m[INFO ] Model Forward Pass Done. Time: 0.24858713150024414 seconds[0m
[97m[INFO ] Conversion to Prediction Done. Time: 0.0006921291351318359 seconds[0m
[97m[INFO ] Processed Images Done taking 0.08337998390197754 seconds. Shape:  torch.Size([1, 3, 280, 504])[0m
[97m[INFO ] Model Forward Pass Done. Time: 0.2409658432006836 seconds[0m
[97m[INFO ] Conversion to Prediction Done. Time: 0.0005331039428710938 seconds[0m
[97m[INFO ] Processed Images Done taking 0.0860750675201416 seconds. Shape:  torch.Size([1, 3, 280, 504])[0m
[97m[INFO ] Model Forward Pass Done. Time: 0.23844099044799805 seconds[0m
[97m[INFO ] Conversion to Prediction Done. Time: 0.0007419586181640625 seconds[0m
[97m[INFO ] Processed Images Done taking 0.08855605125427246 seconds. Shape:  torch.Size([1, 3, 280, 504])[0m
[97m[INFO ] Model Forward Pass Done. Time: 0.24246501922607422 seconds[0m
[97m[INFO ] Conversion to Prediction Done. Time: 0.0006167888641357422 seconds[0m
[97m[INFO ] Processed Images Done taking 0.08516693115234375 seconds. Shape:  torch.Size([1, 3, 280, 504])[0m
[97m[INFO ] Model Forward Pass Done. Time: 0.23951005935668945 seconds[0m
[97m[INFO ] Conversion to Prediction Done. Time: 0.001062154769897461 seconds[0m
[97m[INFO ] Processed Images Done taking 0.08112192153930664 seconds. Shape:  torch.Size([1, 3, 280, 504])[0m
[97m[INFO ] Model Forward Pass Done. Time: 0.24027180671691895 seconds[0m
[97m[INFO ] Conversion to Prediction Done. Time: 0.000598907470703125 seconds[0m
[97m[INFO ] Processed Images Done taking 0.07831406593322754 seconds. Shape:  torch.Size([1, 3, 280, 504])[0m
[97m[INFO ] Model Forward Pass Done. Time: 0.24381089210510254 seconds[0m
[97m[INFO ] Conversion to Prediction Done. Time: 0.0006628036499023438 seconds[0m
[97m[INFO ] Processed Images Done taking 0.0848839282989502 seconds. Shape:  torch.Size([1, 3, 280, 504])[0m
[97m[INFO ] Model Forward Pass Done. Time: 0.2383098602294922 seconds[0m
[97m[INFO ] Conversion to Prediction Done. Time: 0.0006258487701416016 seconds[0m
=== DA3METRIC vs ARKit 全局尺度 ===
观测点 1352486
全局比值(ARKit/metric) 中位 0.9497  → 该乘的全局标量
abs_rel 中位 12.3%  p90 41.3%
