{"acceptance_rate": 0.0, "accepted": 0, "coverage_cells_5cm": 0, "depth_competition_offsets_m": [], "depth_ncc_margin_observed_median": null, "depth_ncc_margin_observed_min": null, "depth_ncc_margin_required": 0.02, "elapsed_s": 0.81980591599131, "grid_candidates": 154, "kind": "ceiling", "parallax_median_deg": null, "peak_loaded_image_bytes": 248832000, "plane_offset_m": -0.1, "rejected": {"ambiguous_depth": 0, "few_geometry_views": 111, "few_texture_views": 31, "few_zncc_views": 12, "low_parallax": 0}, "surface_id": "ceiling_0", "tiles": 3, "views_median": null, "zncc_median": null, "zncc_p10": null}
{"acceptance_rate": 0.0, "accepted": 0, "coverage_cells_5cm": 0, "depth_competition_offsets_m": [], "depth_ncc_margin_observed_median": null, "depth_ncc_margin_observed_min": null, "depth_ncc_margin_required": 0.02, "elapsed_s": 0.7583527910173871, "grid_candidates": 154, "kind": "ceiling", "parallax_median_deg": null, "peak_loaded_image_bytes": 248832000, "plane_offset_m": -0.05, "rejected": {"ambiguous_depth": 0, "few_geometry_views": 91, "few_texture_views": 46, "few_zncc_views": 17, "low_parallax": 0}, "surface_id": "ceiling_0", "tiles": 3, "views_median": null, "zncc_median": null, "zncc_p10": null}
{"acceptance_rate": 0.0, "accepted": 0, "coverage_cells_5cm": 0, "depth_competition_offsets_m": [], "depth_ncc_margin_observed_median": null, "depth_ncc_margin_observed_min": null, "depth_ncc_margin_required": 0.02, "elapsed_s": 0.7488679170201067, "grid_candidates": 154, "kind": "ceiling", "parallax_median_deg": null, "peak_loaded_image_bytes": 248832000, "plane_offset_m": 0.0, "rejected": {"ambiguous_depth": 0, "few_geometry_views": 85, "few_texture_views": 51, "few_zncc_views": 18, "low_parallax": 0}, "surface_id": "ceiling_0", "tiles": 3, "views_median": null, "zncc_median": null, "zncc_p10": null}
{"acceptance_rate": 0.0, "accepted": 0, "coverage_cells_5cm": 0, "depth_competition_offsets_m": [], "depth_ncc_margin_observed_median": null, "depth_ncc_margin_observed_min": null, "depth_ncc_margin_required": 0.02, "elapsed_s": 0.7607073330145795, "grid_candidates": 154, "kind": "ceiling", "parallax_median_deg": null, "peak_loaded_image_bytes": 248832000, "plane_offset_m": 0.05, "rejected": {"ambiguous_depth": 0, "few_geometry_views": 77, "few_texture_views": 51, "few_zncc_views": 26, "low_parallax": 0}, "surface_id": "ceiling_0", "tiles": 3, "views_median": null, "zncc_median": null, "zncc_p10": null}
{"acceptance_rate": 0.0, "accepted": 0, "coverage_cells_5cm": 0, "depth_competition_offsets_m": [], "depth_ncc_margin_observed_median": null, "depth_ncc_margin_observed_min": null, "depth_ncc_margin_required": 0.02, "elapsed_s": 0.7570622079947498, "grid_candidates": 154, "kind": "ceiling", "parallax_median_deg": null, "peak_loaded_image_bytes": 248832000, "plane_offset_m": 0.1, "rejected": {"ambiguous_depth": 0, "few_geometry_views": 71, "few_texture_views": 56, "few_zncc_views": 27, "low_parallax": 0}, "surface_id": "ceiling_0", "tiles": 3, "views_median": null, "zncc_median": null, "zncc_p10": null}
{"accepted": [], "rejected": ["ceiling_0"]}
        3.98 real         3.78 user         0.12 sys
           385630208  maximum resident set size
                   0  average shared memory size
                   0  average unshared data size
                   0  average unshared stack size
               24868  page reclaims
                 130  page faults
                   0  swaps
                   0  block input operations
                   0  block output operations
                   0  messages sent
                   0  messages received
                   0  signals received
                 204  voluntary context switches
                 278  involuntary context switches
         45691872391  instructions retired
         14448117991  cycles elapsed
           373195424  peak memory footprint
