[dkm] frames=115 candidate_pairs=406 selected=8 slice=120:128 available=6.15GB
/opt/homebrew/lib/python3.11/site-packages/torchvision/models/_utils.py:208: UserWarning: The parameter 'pretrained' is deprecated since 0.13 and may be removed in the future, please use 'weights' instead.
  warnings.warn(
/opt/homebrew/lib/python3.11/site-packages/torchvision/models/_utils.py:223: UserWarning: Arguments other than a weight enum or `None` for 'weights' are deprecated since 0.13 and may be removed in the future. The current behavior is equivalent to passing `weights=None`.
  warnings.warn(msg)
[dkm] model loaded on mps in 0.61s
/opt/homebrew/lib/python3.11/site-packages/torch/functional.py:505: UserWarning: torch.meshgrid: in an upcoming release, it will be required to pass the indexing argument. (Triggered internally at /Users/runner/work/pytorch/pytorch/aten/src/ATen/native/TensorShape.cpp:4384.)
  return _VF.meshgrid(tensors, **kwargs)  # type: ignore[attr-defined]
[dkm] 1/8 030_031 grid=1214 arkit_inlier=1.000 magsac_inlier=1.000 median=0.447px time=0.61s
[dkm] 2/8 030_097 grid=2001 arkit_inlier=0.982 magsac_inlier=0.973 median=0.395px time=0.53s
[dkm] 3/8 030_098 grid=1612 arkit_inlier=0.757 magsac_inlier=0.999 median=2.521px time=0.47s
[dkm] 4/8 030_099 grid=1137 arkit_inlier=0.321 magsac_inlier=0.996 median=3.383px time=0.42s
[dkm] 5/8 031_097 grid=757 arkit_inlier=0.886 magsac_inlier=1.000 median=1.086px time=0.46s
[dkm] 6/8 031_032 grid=894 arkit_inlier=1.000 magsac_inlier=1.000 median=0.581px time=0.45s
[dkm] 7/8 031_096 grid=955 arkit_inlier=0.510 magsac_inlier=1.000 median=2.865px time=0.43s
[dkm] 8/8 031_033 grid=0 arkit_inlier=0.000 magsac_inlier=0.000 median=NA time=0.46s
[dkm] matches_sha256=2c89fd7297cd463845276ad5c1f1e5b065877fc2e4dac85d95b7f06884b1c4fd
[dkm] metrics_sha256=aeff4f9004338f6053aa25c52ea7c0556be369089f40dfff33f1ccdd5fad01e9
DKM_CAP50_DONE
        6.87 real         2.64 user         1.31 sys
           946700288  maximum resident set size
                   0  average shared memory size
                   0  average unshared data size
                   0  average unshared stack size
              147238  page reclaims
                2033  page faults
                   0  swaps
                   0  block input operations
                   0  block output operations
                   0  messages sent
                   0  messages received
                   0  signals received
                2283  voluntary context switches
               22227  involuntary context switches
         35156502863  instructions retired
         13896566078  cycles elapsed
          3441280872  peak memory footprint
