[DawnKernelHarness] limits: invocations/wg=512 wgSizeX=512 storageBufs=10 maxBuffer=1073741824 maxStorageBinding=1073741824 (adapter: 1024 1024 10 4294967295 4294967295)
[pwofficial_gpu_match_dawn] backend=blocked(fma4x4+direct+w64+nopb+f16+keyscan3+ptr+kp,V8) adapter="Apple M3 Pro" subgroups=1 sgmatrix=1 f32_8x8x8=1 f16_f32=1 mixed=0 subgroup=[4,64] packed_dot=1 timestamp=1 limits[storage=32768 invocations=1024 sizeX=1024]
WARNING: Logging before InitGoogleLogging() is written to STDERR
I20260925 12:45:56.450391 0x1fecf6080 database_cache.cc:72] Loading rigs...
I20260925 12:45:56.450421 0x1fecf6080 database_cache.cc:82]  0 in 0.000s
I20260925 12:45:56.450432 0x1fecf6080 database_cache.cc:90] Loading cameras...
I20260925 12:45:56.450444 0x1fecf6080 database_cache.cc:108]  2 in 0.000s
I20260925 12:45:56.450450 0x1fecf6080 database_cache.cc:116] Loading frames...
I20260925 12:45:56.450458 0x1fecf6080 database_cache.cc:126]  0 in 0.000s
I20260925 12:45:56.450463 0x1fecf6080 database_cache.cc:134] Loading matches...
I20260925 12:45:56.450472 0x1fecf6080 database_cache.cc:139]  1 in 0.000s
I20260925 12:45:56.450476 0x1fecf6080 database_cache.cc:147] Loading images...
I20260925 12:45:56.450577 0x1fecf6080 database_cache.cc:236]  2 in 0.000s (loaded all 2)
I20260925 12:45:56.450583 0x1fecf6080 database_cache.cc:255] Loading pose priors...
I20260925 12:45:56.450590 0x1fecf6080 database_cache.cc:263]  0 in 0.000s
I20260925 12:45:56.450594 0x1fecf6080 database_cache.cc:271] Building correspondence graph...
I20260925 12:45:56.450642 0x1fecf6080 database_cache.cc:300]  in 0.000s (ignored 0)
I20260925 12:45:56.514674 0x1fecf6080 official_bundle_adjustment_ceres.cc:1648] [AETHER gravity] injected 3/3 roll/pitch anchors, sigma_rad=0.00872665
[AETHER BA-ORDERING] blocks=479 pts(g0)=470 cams(g1)=3 g1_all_pose=1 proven=1
I20260925 12:45:56.521895 0x1fecf6080 official_bundle_adjustment_ceres.cc:1137] [AETHER] solver_used=DENSE_SCHUR sparse_backend=EIGEN_SPARSE dense_backend=EIGEN mixed=0 threads=1
I20260925 12:45:56.522560 0x1fecf6080 official_bundle_adjustment_ceres.cc:1648] [AETHER gravity] injected 3/3 roll/pitch anchors, sigma_rad=0.00872665
[AETHER BA-ORDERING] blocks=475 pts(g0)=466 cams(g1)=3 g1_all_pose=1 proven=1
I20260925 12:45:56.524674 0x1fecf6080 official_bundle_adjustment_ceres.cc:1137] [AETHER] solver_used=DENSE_SCHUR sparse_backend=EIGEN_SPARSE dense_backend=EIGEN mixed=0 threads=1
I20260925 12:45:56.587728 0x1fecf6080 official_bundle_adjustment_ceres.cc:1648] [AETHER gravity] injected 3/3 roll/pitch anchors, sigma_rad=0.00872665
[AETHER BA-ORDERING] blocks=675 pts(g0)=363 cams(g1)=3 g1_all_pose=1 proven=1
I20260925 12:45:56.592777 0x1fecf6080 official_bundle_adjustment_ceres.cc:1137] [AETHER] solver_used=DENSE_SCHUR sparse_backend=EIGEN_SPARSE dense_backend=EIGEN mixed=0 threads=1
I20260925 12:45:56.593394 0x1fecf6080 official_bundle_adjustment_ceres.cc:1648] [AETHER gravity] injected 3/3 roll/pitch anchors, sigma_rad=0.00872665
I20260925 12:45:56.594761 0x1fecf6080 official_bundle_adjustment_ceres.cc:1137] [AETHER] solver_used=DENSE_SCHUR sparse_backend=EIGEN_SPARSE dense_backend=EIGEN mixed=0 threads=1
I20260925 12:45:56.649277 0x1fecf6080 official_bundle_adjustment_ceres.cc:1648] [AETHER gravity] injected 5/5 roll/pitch anchors, sigma_rad=0.00872665
I20260925 12:45:56.667794 0x1fecf6080 official_bundle_adjustment_ceres.cc:1137] [AETHER] solver_used=DENSE_SCHUR sparse_backend=EIGEN_SPARSE dense_backend=EIGEN mixed=0 threads=1
I20260925 12:45:56.669055 0x1fecf6080 official_bundle_adjustment_ceres.cc:1648] [AETHER gravity] injected 5/5 roll/pitch anchors, sigma_rad=0.00872665
I20260925 12:45:56.673487 0x1fecf6080 official_bundle_adjustment_ceres.cc:1137] [AETHER] solver_used=DENSE_SCHUR sparse_backend=EIGEN_SPARSE dense_backend=EIGEN mixed=0 threads=1
I20260925 12:45:56.720540 0x1fecf6080 official_bundle_adjustment_ceres.cc:1648] [AETHER gravity] injected 6/6 roll/pitch anchors, sigma_rad=0.00872665
I20260925 12:45:56.740911 0x1fecf6080 official_bundle_adjustment_ceres.cc:1137] [AETHER] solver_used=DENSE_SCHUR sparse_backend=EIGEN_SPARSE dense_backend=EIGEN mixed=0 threads=1
I20260925 12:45:56.742221 0x1fecf6080 official_bundle_adjustment_ceres.cc:1648] [AETHER gravity] injected 6/6 roll/pitch anchors, sigma_rad=0.00872665
I20260925 12:45:56.745576 0x1fecf6080 official_bundle_adjustment_ceres.cc:1137] [AETHER] solver_used=DENSE_SCHUR sparse_backend=EIGEN_SPARSE dense_backend=EIGEN mixed=0 threads=1
I20260925 12:45:56.803433 0x1fecf6080 official_bundle_adjustment_ceres.cc:1648] [AETHER gravity] injected 6/6 roll/pitch anchors, sigma_rad=0.00872665
I20260925 12:45:56.818583 0x1fecf6080 official_bundle_adjustment_ceres.cc:1137] [AETHER] solver_used=DENSE_SCHUR sparse_backend=EIGEN_SPARSE dense_backend=EIGEN mixed=0 threads=1
I20260925 12:45:56.819746 0x1fecf6080 official_bundle_adjustment_ceres.cc:1648] [AETHER gravity] injected 6/6 roll/pitch anchors, sigma_rad=0.00872665
I20260925 12:45:56.822274 0x1fecf6080 official_bundle_adjustment_ceres.cc:1137] [AETHER] solver_used=DENSE_SCHUR sparse_backend=EIGEN_SPARSE dense_backend=EIGEN mixed=0 threads=1
I20260925 12:45:56.890807 0x1fecf6080 official_bundle_adjustment_ceres.cc:1648] [AETHER gravity] injected 6/6 roll/pitch anchors, sigma_rad=0.00872665
I20260925 12:45:56.905461 0x1fecf6080 official_bundle_adjustment_ceres.cc:1137] [AETHER] solver_used=DENSE_SCHUR sparse_backend=EIGEN_SPARSE dense_backend=EIGEN mixed=0 threads=1
I20260925 12:45:56.906967 0x1fecf6080 official_bundle_adjustment_ceres.cc:1648] [AETHER gravity] injected 6/6 roll/pitch anchors, sigma_rad=0.00872665
I20260925 12:45:56.910202 0x1fecf6080 official_bundle_adjustment_ceres.cc:1137] [AETHER] solver_used=DENSE_SCHUR sparse_backend=EIGEN_SPARSE dense_backend=EIGEN mixed=0 threads=1
I20260925 12:45:56.967957 0x1fecf6080 official_bundle_adjustment_ceres.cc:1648] [AETHER gravity] injected 6/6 roll/pitch anchors, sigma_rad=0.00872665
I20260925 12:45:56.991570 0x1fecf6080 official_bundle_adjustment_ceres.cc:1137] [AETHER] solver_used=DENSE_SCHUR sparse_backend=EIGEN_SPARSE dense_backend=EIGEN mixed=0 threads=6
I20260925 12:45:56.993208 0x1fecf6080 official_bundle_adjustment_ceres.cc:1648] [AETHER gravity] injected 6/6 roll/pitch anchors, sigma_rad=0.00872665
I20260925 12:45:56.997098 0x1fecf6080 official_bundle_adjustment_ceres.cc:1137] [AETHER] solver_used=DENSE_SCHUR sparse_backend=EIGEN_SPARSE dense_backend=EIGEN mixed=0 threads=6
I20260925 12:45:57.061966 0x1fecf6080 official_bundle_adjustment_ceres.cc:1648] [AETHER gravity] injected 6/6 roll/pitch anchors, sigma_rad=0.00872665
I20260925 12:45:57.079652 0x1fecf6080 official_bundle_adjustment_ceres.cc:1137] [AETHER] solver_used=DENSE_SCHUR sparse_backend=EIGEN_SPARSE dense_backend=EIGEN mixed=0 threads=1
I20260925 12:45:57.081128 0x1fecf6080 official_bundle_adjustment_ceres.cc:1648] [AETHER gravity] injected 6/6 roll/pitch anchors, sigma_rad=0.00872665
I20260925 12:45:57.083518 0x1fecf6080 official_bundle_adjustment_ceres.cc:1137] [AETHER] solver_used=DENSE_SCHUR sparse_backend=EIGEN_SPARSE dense_backend=EIGEN mixed=0 threads=1
I20260925 12:45:57.184560 0x1fecf6080 official_bundle_adjustment_ceres.cc:1648] [AETHER gravity] injected 3/3 roll/pitch anchors, sigma_rad=0.00872665
I20260925 12:45:57.187404 0x1fecf6080 official_bundle_adjustment_ceres.cc:1137] [AETHER] solver_used=DENSE_SCHUR sparse_backend=EIGEN_SPARSE dense_backend=EIGEN mixed=0 threads=1
I20260925 12:45:57.188100 0x1fecf6080 official_bundle_adjustment_ceres.cc:1648] [AETHER gravity] injected 3/3 roll/pitch anchors, sigma_rad=0.00872665
I20260925 12:45:57.188949 0x1fecf6080 official_bundle_adjustment_ceres.cc:1137] [AETHER] solver_used=DENSE_SCHUR sparse_backend=EIGEN_SPARSE dense_backend=EIGEN mixed=0 threads=1
I20260925 12:45:57.381210 0x1fecf6080 official_bundle_adjustment_ceres.cc:1648] [AETHER gravity] injected 3/3 roll/pitch anchors, sigma_rad=0.00872665
I20260925 12:45:57.384326 0x1fecf6080 official_bundle_adjustment_ceres.cc:1137] [AETHER] solver_used=DENSE_SCHUR sparse_backend=EIGEN_SPARSE dense_backend=EIGEN mixed=0 threads=1
I20260925 12:45:57.385082 0x1fecf6080 official_bundle_adjustment_ceres.cc:1648] [AETHER gravity] injected 3/3 roll/pitch anchors, sigma_rad=0.00872665
I20260925 12:45:57.386313 0x1fecf6080 official_bundle_adjustment_ceres.cc:1137] [AETHER] solver_used=DENSE_SCHUR sparse_backend=EIGEN_SPARSE dense_backend=EIGEN mixed=0 threads=1
I20260925 12:45:57.469778 0x1fecf6080 official_bundle_adjustment_ceres.cc:1648] [AETHER gravity] injected 3/3 roll/pitch anchors, sigma_rad=0.00872665
I20260925 12:45:57.474472 0x1fecf6080 official_bundle_adjustment_ceres.cc:1137] [AETHER] solver_used=DENSE_SCHUR sparse_backend=EIGEN_SPARSE dense_backend=EIGEN mixed=0 threads=1
I20260925 12:45:57.475171 0x1fecf6080 official_bundle_adjustment_ceres.cc:1648] [AETHER gravity] injected 3/3 roll/pitch anchors, sigma_rad=0.00872665
I20260925 12:45:57.476496 0x1fecf6080 official_bundle_adjustment_ceres.cc:1137] [AETHER] solver_used=DENSE_SCHUR sparse_backend=EIGEN_SPARSE dense_backend=EIGEN mixed=0 threads=1
I20260925 12:45:57.537795 0x1fecf6080 official_bundle_adjustment_ceres.cc:1648] [AETHER gravity] injected 6/6 roll/pitch anchors, sigma_rad=0.00872665
I20260925 12:45:57.554000 0x1fecf6080 official_bundle_adjustment_ceres.cc:1137] [AETHER] solver_used=DENSE_SCHUR sparse_backend=EIGEN_SPARSE dense_backend=EIGEN mixed=0 threads=1
I20260925 12:45:57.555605 0x1fecf6080 official_bundle_adjustment_ceres.cc:1648] [AETHER gravity] injected 6/6 roll/pitch anchors, sigma_rad=0.00872665
I20260925 12:45:57.560129 0x1fecf6080 official_bundle_adjustment_ceres.cc:1137] [AETHER] solver_used=DENSE_SCHUR sparse_backend=EIGEN_SPARSE dense_backend=EIGEN mixed=0 threads=1
I20260925 12:45:57.587151 0x1fecf6080 official_bundle_adjustment_ceres.cc:1648] [AETHER gravity] injected 2/2 roll/pitch anchors, sigma_rad=0.00872665
I20260925 12:45:57.587664 0x1fecf6080 official_bundle_adjustment_ceres.cc:1137] [AETHER] solver_used=DENSE_SCHUR sparse_backend=EIGEN_SPARSE dense_backend=EIGEN mixed=0 threads=1
I20260925 12:45:57.588143 0x1fecf6080 official_bundle_adjustment_ceres.cc:1648] [AETHER gravity] injected 2/2 roll/pitch anchors, sigma_rad=0.00872665
I20260925 12:45:57.588507 0x1fecf6080 official_bundle_adjustment_ceres.cc:1137] [AETHER] solver_used=DENSE_SCHUR sparse_backend=EIGEN_SPARSE dense_backend=EIGEN mixed=0 threads=1
I20260925 12:45:57.659916 0x1fecf6080 official_bundle_adjustment_ceres.cc:1648] [AETHER gravity] injected 6/6 roll/pitch anchors, sigma_rad=0.00872665
I20260925 12:45:57.672750 0x1fecf6080 official_bundle_adjustment_ceres.cc:1137] [AETHER] solver_used=DENSE_SCHUR sparse_backend=EIGEN_SPARSE dense_backend=EIGEN mixed=0 threads=1
I20260925 12:45:57.674986 0x1fecf6080 official_bundle_adjustment_ceres.cc:1648] [AETHER gravity] injected 6/6 roll/pitch anchors, sigma_rad=0.00872665
I20260925 12:45:57.680200 0x1fecf6080 official_bundle_adjustment_ceres.cc:1137] [AETHER] solver_used=DENSE_SCHUR sparse_backend=EIGEN_SPARSE dense_backend=EIGEN mixed=0 threads=6
I20260925 12:45:57.755722 0x1fecf6080 official_bundle_adjustment_ceres.cc:1648] [AETHER gravity] injected 6/6 roll/pitch anchors, sigma_rad=0.00872665
I20260925 12:45:57.774821 0x1fecf6080 official_bundle_adjustment_ceres.cc:1137] [AETHER] solver_used=DENSE_SCHUR sparse_backend=EIGEN_SPARSE dense_backend=EIGEN mixed=0 threads=1
I20260925 12:45:57.776273 0x1fecf6080 official_bundle_adjustment_ceres.cc:1648] [AETHER gravity] injected 6/6 roll/pitch anchors, sigma_rad=0.00872665
I20260925 12:45:57.778373 0x1fecf6080 official_bundle_adjustment_ceres.cc:1137] [AETHER] solver_used=DENSE_SCHUR sparse_backend=EIGEN_SPARSE dense_backend=EIGEN mixed=0 threads=1
I20260925 12:45:57.860950 0x1fecf6080 official_bundle_adjustment_ceres.cc:1648] [AETHER gravity] injected 6/6 roll/pitch anchors, sigma_rad=0.00872665
I20260925 12:45:57.882959 0x1fecf6080 official_bundle_adjustment_ceres.cc:1137] [AETHER] solver_used=DENSE_SCHUR sparse_backend=EIGEN_SPARSE dense_backend=EIGEN mixed=0 threads=1
I20260925 12:45:57.884670 0x1fecf6080 official_bundle_adjustment_ceres.cc:1648] [AETHER gravity] injected 6/6 roll/pitch anchors, sigma_rad=0.00872665
I20260925 12:45:57.888082 0x1fecf6080 official_bundle_adjustment_ceres.cc:1137] [AETHER] solver_used=DENSE_SCHUR sparse_backend=EIGEN_SPARSE dense_backend=EIGEN mixed=0 threads=1
I20260925 12:45:57.889877 0x16f0ef000 database_cache.cc:72] Loading rigs...
I20260925 12:45:57.889889 0x16f0ef000 database_cache.cc:82]  0 in 0.000s
I20260925 12:45:57.889894 0x16f0ef000 database_cache.cc:90] Loading cameras...
I20260925 12:45:57.889910 0x16f0ef000 database_cache.cc:108]  20 in 0.000s
I20260925 12:45:57.889914 0x16f0ef000 database_cache.cc:116] Loading frames...
I20260925 12:45:57.889921 0x16f0ef000 database_cache.cc:126]  0 in 0.000s
I20260925 12:45:57.889926 0x16f0ef000 database_cache.cc:134] Loading matches...
I20260925 12:45:57.889983 0x16f0ef000 database_cache.cc:139]  73 in 0.000s
I20260925 12:45:57.889987 0x16f0ef000 database_cache.cc:147] Loading images...
I20260925 12:45:57.890818 0x16f0ef000 database_cache.cc:236]  20 in 0.001s (loaded all 20)
I20260925 12:45:57.890824 0x16f0ef000 database_cache.cc:255] Loading pose priors...
I20260925 12:45:57.890832 0x16f0ef000 database_cache.cc:263]  0 in 0.000s
I20260925 12:45:57.890836 0x16f0ef000 database_cache.cc:271] Building correspondence graph...
I20260925 12:45:57.891460 0x16f0ef000 database_cache.cc:300]  in 0.001s (ignored 0)
I20260925 12:45:57.895323 0x16f0ef000 official_bundle_adjustment_ceres.cc:1648] [AETHER gravity] injected 17/18 roll/pitch anchors, sigma_rad=0.00872665
I20260925 12:45:57.959586 0x16f0ef000 official_bundle_adjustment_ceres.cc:1137] [AETHER] solver_used=DENSE_SCHUR sparse_backend=EIGEN_SPARSE dense_backend=EIGEN mixed=0 threads=6
I20260925 12:45:57.963454 0x16f0ef000 official_bundle_adjustment_ceres.cc:1648] [AETHER gravity] injected 17/18 roll/pitch anchors, sigma_rad=0.00872665
I20260925 12:45:58.022323 0x16f0ef000 official_bundle_adjustment_ceres.cc:1137] [AETHER] solver_used=DENSE_SCHUR sparse_backend=EIGEN_SPARSE dense_backend=EIGEN mixed=0 threads=6
I20260925 12:45:58.025898 0x16f0ef000 official_bundle_adjustment_ceres.cc:1648] [AETHER gravity] injected 17/18 roll/pitch anchors, sigma_rad=0.00872665
I20260925 12:45:58.062598 0x16f0ef000 official_bundle_adjustment_ceres.cc:1137] [AETHER] solver_used=DENSE_SCHUR sparse_backend=EIGEN_SPARSE dense_backend=EIGEN mixed=0 threads=6
I20260925 12:45:58.066182 0x16f0ef000 official_bundle_adjustment_ceres.cc:1648] [AETHER gravity] injected 17/18 roll/pitch anchors, sigma_rad=0.00872665
I20260925 12:45:58.085892 0x16f0ef000 official_bundle_adjustment_ceres.cc:1137] [AETHER] solver_used=DENSE_SCHUR sparse_backend=EIGEN_SPARSE dense_backend=EIGEN mixed=0 threads=6
W20260925 12:45:58.091543 0x16f17b000 official_aether_sfm_c.cc:6907] [aether_sfm] finalize re-match: starved_frames=6 candidates=86 attempted=86 written=0 inliers=0 failed=0 gpu_fail_capture=0 probe_debt_repaid=0 probe_debt_left=0
W20260925 12:45:58.154781 0x16f17b000 official_aether_sfm_c.cc:7348] [aether_sfm] official quadratic overlap: overlap=10 candidates=40 written=0 in 63.1833 ms
I20260925 12:45:58.157911 0x16f0ef000 official_incremental_pipeline.cc:323] Loading database
I20260925 12:45:58.157943 0x16f0ef000 database_cache.cc:72] Loading rigs...
I20260925 12:45:58.157953 0x16f0ef000 database_cache.cc:82]  0 in 0.000s
I20260925 12:45:58.157959 0x16f0ef000 database_cache.cc:90] Loading cameras...
I20260925 12:45:58.157974 0x16f0ef000 database_cache.cc:108]  20 in 0.000s
I20260925 12:45:58.157978 0x16f0ef000 database_cache.cc:116] Loading frames...
I20260925 12:45:58.157985 0x16f0ef000 database_cache.cc:126]  0 in 0.000s
I20260925 12:45:58.157990 0x16f0ef000 database_cache.cc:134] Loading matches...
I20260925 12:45:58.158061 0x16f0ef000 database_cache.cc:139]  73 in 0.000s
I20260925 12:45:58.158066 0x16f0ef000 database_cache.cc:147] Loading images...
I20260925 12:45:58.158913 0x16f0ef000 database_cache.cc:236]  20 in 0.001s (loaded all 20)
I20260925 12:45:58.158919 0x16f0ef000 database_cache.cc:255] Loading pose priors...
I20260925 12:45:58.158926 0x16f0ef000 database_cache.cc:263]  0 in 0.000s
I20260925 12:45:58.158930 0x16f0ef000 database_cache.cc:271] Building correspondence graph...
I20260925 12:45:58.159591 0x16f0ef000 database_cache.cc:300]  in 0.001s (ignored 0)
I20260925 12:45:58.159602 0x16f0ef000 timer.cc:90] Elapsed time: 0.000 [minutes]
I20260925 12:45:58.163331 0x16f0ef000 official_bundle_adjustment_ceres.cc:1648] [AETHER gravity] injected 17/18 roll/pitch anchors, sigma_rad=0.00872665
I20260925 12:45:58.175852 0x16f0ef000 official_bundle_adjustment_ceres.cc:1137] [AETHER] solver_used=DENSE_SCHUR sparse_backend=EIGEN_SPARSE dense_backend=EIGEN mixed=0 threads=6
W20260925 12:45:58.177552 0x16f0ef000 official_aether_sfm_c.cc:9530] [frame-loss] before=20 after=18 lost_zero_obs=2 lost_with_obs=0 | frame_000011.jpg(obs=0) frame_000016.jpg(obs=0)
W20260925 12:45:58.177747 0x16f0ef000 official_aether_sfm_c.cc:9614] [aether_sfm] finalize worker: cache_pre=1ms enrich=265ms stage1=196ms (ok, rounds=4) stage2=20ms (rounds<=1) temporal=0ms upgrade=0ms total=287ms
W20260925 12:45:58.177937 0x16f0ef000 official_aether_sfm_c.cc:9643] [aether_sfm] delivered-point provenance: live-created=2712 official-retriangulated=100 live-dropped-by-official-filtering=312 (live model had 3024; capture-time official TriangulateImage added 0 obs)
W20260925 12:45:58.178031 0x16f0ef000 official_aether_sfm_c.cc:8066] [device-align-v1] status=aligned pairs=18 inliers=18 max_error_m=0.111819 scale=1.01382 centre_err_median_m=0.0138148 centre_err_max_m=0.0218307 outliers=0
W20260925 12:45:58.207845 0x1fecf6080 official_aether_sfm_c.cc:13097] [aether_sfm] deliver-filter(get_points_tracked): kept 2696/2812 (min_tri_angle=3deg, mirror_ghost=0, isolated_floater=5, killed_union=5)
[pwofficial_gpu_match_dawn] device lost #1 reason=2 rc=8: Device was destroyed.
        1.91 real         1.07 user         0.54 sys
           126713856  maximum resident set size
                   0  average shared memory size
                   0  average unshared data size
                   0  average unshared stack size
               34890  page reclaims
                  14  page faults
                   0  swaps
                   0  block input operations
                   0  block output operations
                   0  messages sent
                   0  messages received
                   0  signals received
                  24  voluntary context switches
               83609  involuntary context switches
         15436236194  instructions retired
          5516150089  cycles elapsed
           309183136  peak memory footprint
