[DawnKernelHarness] limits: invocations/wg=512 wgSizeX=512 storageBufs=10 maxBuffer=1073741824 maxStorageBinding=1073741824 (adapter: 1024 1024 10 4294967295 4294967295)
[pwofficial_gpu_match_dawn] backend=blocked(fma4x4+direct+w64+nopb+f16+keyscan3+ptr+kp,V8) adapter="Apple M3 Pro" subgroups=1 sgmatrix=1 f32_8x8x8=1 f16_f32=1 mixed=0 subgroup=[4,64] packed_dot=1 timestamp=1 limits[storage=32768 invocations=1024 sizeX=1024]
WARNING: Logging before InitGoogleLogging() is written to STDERR
I20260925 18:06:06.107618 0x1fecf6080 database_cache.cc:72] Loading rigs...
I20260925 18:06:06.107642 0x1fecf6080 database_cache.cc:82]  0 in 0.000s
I20260925 18:06:06.107649 0x1fecf6080 database_cache.cc:90] Loading cameras...
I20260925 18:06:06.107660 0x1fecf6080 database_cache.cc:108]  2 in 0.000s
I20260925 18:06:06.107665 0x1fecf6080 database_cache.cc:116] Loading frames...
I20260925 18:06:06.107672 0x1fecf6080 database_cache.cc:126]  0 in 0.000s
I20260925 18:06:06.107677 0x1fecf6080 database_cache.cc:134] Loading matches...
I20260925 18:06:06.107685 0x1fecf6080 database_cache.cc:139]  1 in 0.000s
I20260925 18:06:06.107690 0x1fecf6080 database_cache.cc:147] Loading images...
I20260925 18:06:06.107785 0x1fecf6080 database_cache.cc:236]  2 in 0.000s (loaded all 2)
I20260925 18:06:06.107790 0x1fecf6080 database_cache.cc:255] Loading pose priors...
I20260925 18:06:06.107797 0x1fecf6080 database_cache.cc:263]  0 in 0.000s
I20260925 18:06:06.107801 0x1fecf6080 database_cache.cc:271] Building correspondence graph...
I20260925 18:06:06.107844 0x1fecf6080 database_cache.cc:300]  in 0.000s (ignored 0)
I20260925 18:06:06.172328 0x1fecf6080 official_bundle_adjustment_ceres.cc:1648] [AETHER gravity] injected 3/3 roll/pitch anchors, sigma_rad=0.00872665
[AETHER BA-ORDERING] blocks=482 pts(g0)=473 cams(g1)=3 g1_all_pose=1 proven=1
I20260925 18:06:06.180749 0x1fecf6080 official_bundle_adjustment_ceres.cc:1137] [AETHER] solver_used=DENSE_SCHUR sparse_backend=EIGEN_SPARSE dense_backend=EIGEN mixed=0 threads=1
I20260925 18:06:06.181361 0x1fecf6080 official_bundle_adjustment_ceres.cc:1648] [AETHER gravity] injected 3/3 roll/pitch anchors, sigma_rad=0.00872665
[AETHER BA-ORDERING] blocks=477 pts(g0)=468 cams(g1)=3 g1_all_pose=1 proven=1
I20260925 18:06:06.183288 0x1fecf6080 official_bundle_adjustment_ceres.cc:1137] [AETHER] solver_used=DENSE_SCHUR sparse_backend=EIGEN_SPARSE dense_backend=EIGEN mixed=0 threads=1
I20260925 18:06:06.254841 0x1fecf6080 official_bundle_adjustment_ceres.cc:1648] [AETHER gravity] injected 4/4 roll/pitch anchors, sigma_rad=0.00872665
[AETHER BA-ORDERING] blocks=676 pts(g0)=665 cams(g1)=4 g1_all_pose=1 proven=1
I20260925 18:06:06.265433 0x1fecf6080 official_bundle_adjustment_ceres.cc:1137] [AETHER] solver_used=DENSE_SCHUR sparse_backend=EIGEN_SPARSE dense_backend=EIGEN mixed=0 threads=1
I20260925 18:06:06.266173 0x1fecf6080 official_bundle_adjustment_ceres.cc:1648] [AETHER gravity] injected 4/4 roll/pitch anchors, sigma_rad=0.00872665
I20260925 18:06:06.269056 0x1fecf6080 official_bundle_adjustment_ceres.cc:1137] [AETHER] solver_used=DENSE_SCHUR sparse_backend=EIGEN_SPARSE dense_backend=EIGEN mixed=0 threads=1
I20260925 18:06:06.325129 0x1fecf6080 official_bundle_adjustment_ceres.cc:1648] [AETHER gravity] injected 5/5 roll/pitch anchors, sigma_rad=0.00872665
I20260925 18:06:06.344570 0x1fecf6080 official_bundle_adjustment_ceres.cc:1137] [AETHER] solver_used=DENSE_SCHUR sparse_backend=EIGEN_SPARSE dense_backend=EIGEN mixed=0 threads=1
I20260925 18:06:06.345951 0x1fecf6080 official_bundle_adjustment_ceres.cc:1648] [AETHER gravity] injected 5/5 roll/pitch anchors, sigma_rad=0.00872665
I20260925 18:06:06.351228 0x1fecf6080 official_bundle_adjustment_ceres.cc:1137] [AETHER] solver_used=DENSE_SCHUR sparse_backend=EIGEN_SPARSE dense_backend=EIGEN mixed=0 threads=1
I20260925 18:06:06.402123 0x1fecf6080 official_bundle_adjustment_ceres.cc:1648] [AETHER gravity] injected 6/6 roll/pitch anchors, sigma_rad=0.00872665
I20260925 18:06:06.424016 0x1fecf6080 official_bundle_adjustment_ceres.cc:1137] [AETHER] solver_used=DENSE_SCHUR sparse_backend=EIGEN_SPARSE dense_backend=EIGEN mixed=0 threads=1
I20260925 18:06:06.425401 0x1fecf6080 official_bundle_adjustment_ceres.cc:1648] [AETHER gravity] injected 6/6 roll/pitch anchors, sigma_rad=0.00872665
I20260925 18:06:06.429841 0x1fecf6080 official_bundle_adjustment_ceres.cc:1137] [AETHER] solver_used=DENSE_SCHUR sparse_backend=EIGEN_SPARSE dense_backend=EIGEN mixed=0 threads=1
I20260925 18:06:06.485709 0x1fecf6080 official_bundle_adjustment_ceres.cc:1648] [AETHER gravity] injected 6/6 roll/pitch anchors, sigma_rad=0.00872665
I20260925 18:06:06.500770 0x1fecf6080 official_bundle_adjustment_ceres.cc:1137] [AETHER] solver_used=DENSE_SCHUR sparse_backend=EIGEN_SPARSE dense_backend=EIGEN mixed=0 threads=1
I20260925 18:06:06.502055 0x1fecf6080 official_bundle_adjustment_ceres.cc:1648] [AETHER gravity] injected 6/6 roll/pitch anchors, sigma_rad=0.00872665
I20260925 18:06:06.504009 0x1fecf6080 official_bundle_adjustment_ceres.cc:1137] [AETHER] solver_used=DENSE_SCHUR sparse_backend=EIGEN_SPARSE dense_backend=EIGEN mixed=0 threads=1
I20260925 18:06:06.567421 0x1fecf6080 official_bundle_adjustment_ceres.cc:1648] [AETHER gravity] injected 6/6 roll/pitch anchors, sigma_rad=0.00872665
I20260925 18:06:06.583640 0x1fecf6080 official_bundle_adjustment_ceres.cc:1137] [AETHER] solver_used=DENSE_SCHUR sparse_backend=EIGEN_SPARSE dense_backend=EIGEN mixed=0 threads=1
I20260925 18:06:06.585340 0x1fecf6080 official_bundle_adjustment_ceres.cc:1648] [AETHER gravity] injected 6/6 roll/pitch anchors, sigma_rad=0.00872665
I20260925 18:06:06.588483 0x1fecf6080 official_bundle_adjustment_ceres.cc:1137] [AETHER] solver_used=DENSE_SCHUR sparse_backend=EIGEN_SPARSE dense_backend=EIGEN mixed=0 threads=1
I20260925 18:06:06.668592 0x1fecf6080 official_bundle_adjustment_ceres.cc:1648] [AETHER gravity] injected 6/6 roll/pitch anchors, sigma_rad=0.00872665
I20260925 18:06:06.685366 0x1fecf6080 official_bundle_adjustment_ceres.cc:1137] [AETHER] solver_used=DENSE_SCHUR sparse_backend=EIGEN_SPARSE dense_backend=EIGEN mixed=0 threads=1
I20260925 18:06:06.687120 0x1fecf6080 official_bundle_adjustment_ceres.cc:1648] [AETHER gravity] injected 6/6 roll/pitch anchors, sigma_rad=0.00872665
I20260925 18:06:06.690202 0x1fecf6080 official_bundle_adjustment_ceres.cc:1137] [AETHER] solver_used=DENSE_SCHUR sparse_backend=EIGEN_SPARSE dense_backend=EIGEN mixed=0 threads=6
I20260925 18:06:06.791060 0x1fecf6080 official_bundle_adjustment_ceres.cc:1648] [AETHER gravity] injected 6/6 roll/pitch anchors, sigma_rad=0.00872665
I20260925 18:06:06.810578 0x1fecf6080 official_bundle_adjustment_ceres.cc:1137] [AETHER] solver_used=DENSE_SCHUR sparse_backend=EIGEN_SPARSE dense_backend=EIGEN mixed=0 threads=1
I20260925 18:06:06.812082 0x1fecf6080 official_bundle_adjustment_ceres.cc:1648] [AETHER gravity] injected 6/6 roll/pitch anchors, sigma_rad=0.00872665
I20260925 18:06:06.815285 0x1fecf6080 official_bundle_adjustment_ceres.cc:1137] [AETHER] solver_used=DENSE_SCHUR sparse_backend=EIGEN_SPARSE dense_backend=EIGEN mixed=0 threads=1
I20260925 18:06:06.879833 0x1fecf6080 official_bundle_adjustment_ceres.cc:1648] [AETHER gravity] injected 3/3 roll/pitch anchors, sigma_rad=0.00872665
I20260925 18:06:06.882231 0x1fecf6080 official_bundle_adjustment_ceres.cc:1137] [AETHER] solver_used=DENSE_SCHUR sparse_backend=EIGEN_SPARSE dense_backend=EIGEN mixed=0 threads=1
I20260925 18:06:06.882847 0x1fecf6080 official_bundle_adjustment_ceres.cc:1648] [AETHER gravity] injected 3/3 roll/pitch anchors, sigma_rad=0.00872665
I20260925 18:06:06.883347 0x1fecf6080 official_bundle_adjustment_ceres.cc:1137] [AETHER] solver_used=DENSE_SCHUR sparse_backend=EIGEN_SPARSE dense_backend=EIGEN mixed=0 threads=1
I20260925 18:06:07.045040 0x1fecf6080 official_bundle_adjustment_ceres.cc:1648] [AETHER gravity] injected 3/3 roll/pitch anchors, sigma_rad=0.00872665
I20260925 18:06:07.049188 0x1fecf6080 official_bundle_adjustment_ceres.cc:1137] [AETHER] solver_used=DENSE_SCHUR sparse_backend=EIGEN_SPARSE dense_backend=EIGEN mixed=0 threads=1
I20260925 18:06:07.050172 0x1fecf6080 official_bundle_adjustment_ceres.cc:1648] [AETHER gravity] injected 4/4 roll/pitch anchors, sigma_rad=0.00872665
I20260925 18:06:07.052041 0x1fecf6080 official_bundle_adjustment_ceres.cc:1137] [AETHER] solver_used=DENSE_SCHUR sparse_backend=EIGEN_SPARSE dense_backend=EIGEN mixed=0 threads=1
I20260925 18:06:07.159272 0x1fecf6080 official_bundle_adjustment_ceres.cc:1648] [AETHER gravity] injected 3/3 roll/pitch anchors, sigma_rad=0.00872665
I20260925 18:06:07.162897 0x1fecf6080 official_bundle_adjustment_ceres.cc:1137] [AETHER] solver_used=DENSE_SCHUR sparse_backend=EIGEN_SPARSE dense_backend=EIGEN mixed=0 threads=1
I20260925 18:06:07.163588 0x1fecf6080 official_bundle_adjustment_ceres.cc:1648] [AETHER gravity] injected 3/3 roll/pitch anchors, sigma_rad=0.00872665
I20260925 18:06:07.164305 0x1fecf6080 official_bundle_adjustment_ceres.cc:1137] [AETHER] solver_used=DENSE_SCHUR sparse_backend=EIGEN_SPARSE dense_backend=EIGEN mixed=0 threads=1
I20260925 18:06:07.230056 0x1fecf6080 official_bundle_adjustment_ceres.cc:1648] [AETHER gravity] injected 6/6 roll/pitch anchors, sigma_rad=0.00872665
I20260925 18:06:07.247394 0x1fecf6080 official_bundle_adjustment_ceres.cc:1137] [AETHER] solver_used=DENSE_SCHUR sparse_backend=EIGEN_SPARSE dense_backend=EIGEN mixed=0 threads=1
I20260925 18:06:07.249053 0x1fecf6080 official_bundle_adjustment_ceres.cc:1648] [AETHER gravity] injected 6/6 roll/pitch anchors, sigma_rad=0.00872665
I20260925 18:06:07.254005 0x1fecf6080 official_bundle_adjustment_ceres.cc:1137] [AETHER] solver_used=DENSE_SCHUR sparse_backend=EIGEN_SPARSE dense_backend=EIGEN mixed=0 threads=1
I20260925 18:06:07.283914 0x1fecf6080 official_bundle_adjustment_ceres.cc:1648] [AETHER gravity] injected 2/2 roll/pitch anchors, sigma_rad=0.00872665
I20260925 18:06:07.284590 0x1fecf6080 official_bundle_adjustment_ceres.cc:1137] [AETHER] solver_used=DENSE_SCHUR sparse_backend=EIGEN_SPARSE dense_backend=EIGEN mixed=0 threads=1
I20260925 18:06:07.359657 0x1fecf6080 official_bundle_adjustment_ceres.cc:1648] [AETHER gravity] injected 6/6 roll/pitch anchors, sigma_rad=0.00872665
I20260925 18:06:07.376710 0x1fecf6080 official_bundle_adjustment_ceres.cc:1137] [AETHER] solver_used=DENSE_SCHUR sparse_backend=EIGEN_SPARSE dense_backend=EIGEN mixed=0 threads=1
I20260925 18:06:07.378711 0x1fecf6080 official_bundle_adjustment_ceres.cc:1648] [AETHER gravity] injected 6/6 roll/pitch anchors, sigma_rad=0.00872665
I20260925 18:06:07.383625 0x1fecf6080 official_bundle_adjustment_ceres.cc:1137] [AETHER] solver_used=DENSE_SCHUR sparse_backend=EIGEN_SPARSE dense_backend=EIGEN mixed=0 threads=6
I20260925 18:06:07.443590 0x1fecf6080 official_bundle_adjustment_ceres.cc:1648] [AETHER gravity] injected 5/5 roll/pitch anchors, sigma_rad=0.00872665
I20260925 18:06:07.451918 0x1fecf6080 official_bundle_adjustment_ceres.cc:1137] [AETHER] solver_used=DENSE_SCHUR sparse_backend=EIGEN_SPARSE dense_backend=EIGEN mixed=0 threads=1
I20260925 18:06:07.453316 0x1fecf6080 official_bundle_adjustment_ceres.cc:1648] [AETHER gravity] injected 6/6 roll/pitch anchors, sigma_rad=0.00872665
I20260925 18:06:07.455976 0x1fecf6080 official_bundle_adjustment_ceres.cc:1137] [AETHER] solver_used=DENSE_SCHUR sparse_backend=EIGEN_SPARSE dense_backend=EIGEN mixed=0 threads=1
I20260925 18:06:07.519881 0x1fecf6080 official_bundle_adjustment_ceres.cc:1648] [AETHER gravity] injected 6/6 roll/pitch anchors, sigma_rad=0.00872665
I20260925 18:06:07.533856 0x1fecf6080 official_bundle_adjustment_ceres.cc:1137] [AETHER] solver_used=DENSE_SCHUR sparse_backend=EIGEN_SPARSE dense_backend=EIGEN mixed=0 threads=1
I20260925 18:06:07.535596 0x1fecf6080 official_bundle_adjustment_ceres.cc:1648] [AETHER gravity] injected 6/6 roll/pitch anchors, sigma_rad=0.00872665
I20260925 18:06:07.538460 0x1fecf6080 official_bundle_adjustment_ceres.cc:1137] [AETHER] solver_used=DENSE_SCHUR sparse_backend=EIGEN_SPARSE dense_backend=EIGEN mixed=0 threads=1
I20260925 18:06:07.539971 0x16b33f000 database_cache.cc:72] Loading rigs...
I20260925 18:06:07.539982 0x16b33f000 database_cache.cc:82]  0 in 0.000s
I20260925 18:06:07.539987 0x16b33f000 database_cache.cc:90] Loading cameras...
I20260925 18:06:07.540004 0x16b33f000 database_cache.cc:108]  20 in 0.000s
I20260925 18:06:07.540008 0x16b33f000 database_cache.cc:116] Loading frames...
I20260925 18:06:07.540015 0x16b33f000 database_cache.cc:126]  0 in 0.000s
I20260925 18:06:07.540019 0x16b33f000 database_cache.cc:134] Loading matches...
I20260925 18:06:07.540068 0x16b33f000 database_cache.cc:139]  72 in 0.000s
I20260925 18:06:07.540072 0x16b33f000 database_cache.cc:147] Loading images...
I20260925 18:06:07.540910 0x16b33f000 database_cache.cc:236]  20 in 0.001s (loaded all 20)
I20260925 18:06:07.540918 0x16b33f000 database_cache.cc:255] Loading pose priors...
I20260925 18:06:07.540926 0x16b33f000 database_cache.cc:263]  0 in 0.000s
I20260925 18:06:07.540930 0x16b33f000 database_cache.cc:271] Building correspondence graph...
I20260925 18:06:07.541563 0x16b33f000 database_cache.cc:300]  in 0.001s (ignored 0)
I20260925 18:06:07.545483 0x16b33f000 official_bundle_adjustment_ceres.cc:1648] [AETHER gravity] injected 17/18 roll/pitch anchors, sigma_rad=0.00872665
I20260925 18:06:07.603229 0x16b33f000 official_bundle_adjustment_ceres.cc:1137] [AETHER] solver_used=DENSE_SCHUR sparse_backend=EIGEN_SPARSE dense_backend=EIGEN mixed=0 threads=6
I20260925 18:06:07.607174 0x16b33f000 official_bundle_adjustment_ceres.cc:1648] [AETHER gravity] injected 17/18 roll/pitch anchors, sigma_rad=0.00872665
I20260925 18:06:07.654362 0x16b33f000 official_bundle_adjustment_ceres.cc:1137] [AETHER] solver_used=DENSE_SCHUR sparse_backend=EIGEN_SPARSE dense_backend=EIGEN mixed=0 threads=6
I20260925 18:06:07.657979 0x16b33f000 official_bundle_adjustment_ceres.cc:1648] [AETHER gravity] injected 17/18 roll/pitch anchors, sigma_rad=0.00872665
I20260925 18:06:07.708702 0x16b33f000 official_bundle_adjustment_ceres.cc:1137] [AETHER] solver_used=DENSE_SCHUR sparse_backend=EIGEN_SPARSE dense_backend=EIGEN mixed=0 threads=6
I20260925 18:06:07.712271 0x16b33f000 official_bundle_adjustment_ceres.cc:1648] [AETHER gravity] injected 17/18 roll/pitch anchors, sigma_rad=0.00872665
W20260925 18:06:07.716150 0x16b3cb000 official_aether_sfm_c.cc:6907] [aether_sfm] finalize re-match: starved_frames=6 candidates=86 attempted=86 written=0 inliers=0 failed=0 gpu_fail_capture=0 probe_debt_repaid=0 probe_debt_left=0
I20260925 18:06:07.739599 0x16b33f000 official_bundle_adjustment_ceres.cc:1137] [AETHER] solver_used=DENSE_SCHUR sparse_backend=EIGEN_SPARSE dense_backend=EIGEN mixed=0 threads=6
I20260925 18:06:07.743262 0x16b33f000 official_bundle_adjustment_ceres.cc:1648] [AETHER gravity] injected 17/18 roll/pitch anchors, sigma_rad=0.00872665
I20260925 18:06:07.767861 0x16b33f000 official_bundle_adjustment_ceres.cc:1137] [AETHER] solver_used=DENSE_SCHUR sparse_backend=EIGEN_SPARSE dense_backend=EIGEN mixed=0 threads=6
W20260925 18:06:07.782103 0x16b3cb000 official_aether_sfm_c.cc:7348] [aether_sfm] official quadratic overlap: overlap=10 candidates=40 written=0 in 65.8318 ms
I20260925 18:06:07.802545 0x16b33f000 official_incremental_pipeline.cc:323] Loading database
I20260925 18:06:07.802614 0x16b33f000 database_cache.cc:72] Loading rigs...
I20260925 18:06:07.802705 0x16b33f000 database_cache.cc:82]  0 in 0.000s
I20260925 18:06:07.802724 0x16b33f000 database_cache.cc:90] Loading cameras...
I20260925 18:06:07.802798 0x16b33f000 database_cache.cc:108]  20 in 0.000s
I20260925 18:06:07.802804 0x16b33f000 database_cache.cc:116] Loading frames...
I20260925 18:06:07.802853 0x16b33f000 database_cache.cc:126]  0 in 0.000s
I20260925 18:06:07.802858 0x16b33f000 database_cache.cc:134] Loading matches...
I20260925 18:06:07.803008 0x16b33f000 database_cache.cc:139]  72 in 0.000s
I20260925 18:06:07.803013 0x16b33f000 database_cache.cc:147] Loading images...
I20260925 18:06:07.805627 0x16b33f000 database_cache.cc:236]  20 in 0.003s (loaded all 20)
I20260925 18:06:07.805633 0x16b33f000 database_cache.cc:255] Loading pose priors...
I20260925 18:06:07.805674 0x16b33f000 database_cache.cc:263]  0 in 0.000s
I20260925 18:06:07.805679 0x16b33f000 database_cache.cc:271] Building correspondence graph...
I20260925 18:06:07.806315 0x16b33f000 database_cache.cc:300]  in 0.001s (ignored 0)
I20260925 18:06:07.806337 0x16b33f000 timer.cc:90] Elapsed time: 0.000 [minutes]
I20260925 18:06:07.810025 0x16b33f000 official_bundle_adjustment_ceres.cc:1648] [AETHER gravity] injected 17/18 roll/pitch anchors, sigma_rad=0.00872665
I20260925 18:06:07.823735 0x16b33f000 official_bundle_adjustment_ceres.cc:1137] [AETHER] solver_used=DENSE_SCHUR sparse_backend=EIGEN_SPARSE dense_backend=EIGEN mixed=0 threads=6
W20260925 18:06:07.825608 0x16b33f000 official_aether_sfm_c.cc:9530] [frame-loss] before=20 after=18 lost_zero_obs=2 lost_with_obs=0 | frame_000011.jpg(obs=0) frame_000016.jpg(obs=0)
W20260925 18:06:07.825947 0x16b33f000 official_aether_sfm_c.cc:9614] [aether_sfm] finalize worker: cache_pre=1ms enrich=259ms stage1=228ms (ok, rounds=5) stage2=24ms (rounds<=1) temporal=0ms upgrade=0ms total=286ms
W20260925 18:06:07.826202 0x16b33f000 official_aether_sfm_c.cc:9643] [aether_sfm] delivered-point provenance: live-created=2670 official-retriangulated=156 live-dropped-by-official-filtering=315 (live model had 2985; capture-time official TriangulateImage added 0 obs)
W20260925 18:06:07.826331 0x16b33f000 official_aether_sfm_c.cc:8066] [device-align-v1] status=aligned pairs=18 inliers=18 max_error_m=0.111819 scale=1.0139 centre_err_median_m=0.011858 centre_err_max_m=0.019463 outliers=0
W20260925 18:06:07.858891 0x1fecf6080 official_aether_sfm_c.cc:13097] [aether_sfm] deliver-filter(get_points_tracked): kept 2709/2826 (min_tri_angle=3deg, mirror_ghost=0, isolated_floater=5, killed_union=5)
[pwofficial_gpu_match_dawn] device lost #1 reason=2 rc=8: Device was destroyed.
        1.93 real         1.11 user         0.56 sys
           118833152  maximum resident set size
                   0  average shared memory size
                   0  average unshared data size
                   0  average unshared stack size
               35475  page reclaims
                  33  page faults
                   0  swaps
                   0  block input operations
                   0  block output operations
                   0  messages sent
                   0  messages received
                   0  signals received
                  80  voluntary context switches
               82175  involuntary context switches
         16132951846  instructions retired
          5788360672  cycles elapsed
           309412536  peak memory footprint
