[dkm] frames=115 candidate_pairs=406 selected=406 available=6.15GB
/opt/homebrew/lib/python3.11/site-packages/torchvision/models/_utils.py:208: UserWarning: The parameter 'pretrained' is deprecated since 0.13 and may be removed in the future, please use 'weights' instead.
  warnings.warn(
/opt/homebrew/lib/python3.11/site-packages/torchvision/models/_utils.py:223: UserWarning: Arguments other than a weight enum or `None` for 'weights' are deprecated since 0.13 and may be removed in the future. The current behavior is equivalent to passing `weights=None`.
  warnings.warn(msg)
[dkm] model loaded on mps in 0.62s
/opt/homebrew/lib/python3.11/site-packages/torch/functional.py:505: UserWarning: torch.meshgrid: in an upcoming release, it will be required to pass the indexing argument. (Triggered internally at /Users/runner/work/pytorch/pytorch/aten/src/ATen/native/TensorShape.cpp:4384.)
  return _VF.meshgrid(tensors, **kwargs)  # type: ignore[attr-defined]
[dkm] 1/406 000_001 grid=1737 arkit_inlier=0.831 magsac_inlier=0.999 median=2.273px time=0.94s
[dkm] 2/406 000_013 grid=1857 arkit_inlier=0.426 magsac_inlier=0.995 median=4.390px time=0.56s
[dkm] 3/406 000_014 grid=1852 arkit_inlier=0.357 magsac_inlier=0.999 median=3.838px time=0.50s
[dkm] 4/406 000_002 grid=1601 arkit_inlier=0.201 magsac_inlier=1.000 median=4.443px time=0.49s
[dkm] 5/406 001_003 grid=1243 arkit_inlier=0.887 magsac_inlier=1.000 median=1.539px time=0.55s
[dkm] 6/406 001_004 grid=717 arkit_inlier=0.979 magsac_inlier=1.000 median=1.103px time=0.48s
[dkm] 7/406 001_005 grid=855 arkit_inlier=0.984 magsac_inlier=0.999 median=1.195px time=0.41s
[dkm] 8/406 001_006 grid=1774 arkit_inlier=0.805 magsac_inlier=1.000 median=1.545px time=0.48s
[dkm] 9/406 002_005 grid=950 arkit_inlier=1.000 magsac_inlier=1.000 median=0.784px time=0.42s
[dkm] 10/406 002_004 grid=114 arkit_inlier=1.000 magsac_inlier=1.000 median=0.276px time=0.45s
[dkm] 11/406 002_006 grid=513 arkit_inlier=1.000 magsac_inlier=1.000 median=0.815px time=0.46s
[dkm] 12/406 002_007 grid=286 arkit_inlier=1.000 magsac_inlier=0.979 median=0.480px time=0.44s
[dkm] 13/406 003_005 grid=680 arkit_inlier=0.999 magsac_inlier=0.999 median=0.200px time=0.45s
[dkm] 14/406 003_004 grid=199 arkit_inlier=1.000 magsac_inlier=1.000 median=0.175px time=0.44s
[dkm] 15/406 003_007 grid=509 arkit_inlier=1.000 magsac_inlier=1.000 median=0.912px time=0.44s
[dkm] 16/406 003_022 grid=387 arkit_inlier=0.930 magsac_inlier=1.000 median=0.820px time=0.47s
[dkm] 17/406 004_006 grid=642 arkit_inlier=0.988 magsac_inlier=1.000 median=0.327px time=0.44s
[dkm] 18/406 004_007 grid=1459 arkit_inlier=0.998 magsac_inlier=1.000 median=0.932px time=0.44s
[dkm] 19/406 004_022 grid=217 arkit_inlier=0.931 magsac_inlier=1.000 median=0.502px time=0.43s
[dkm] 20/406 004_023 grid=912 arkit_inlier=0.980 magsac_inlier=1.000 median=1.100px time=0.49s
Traceback (most recent call last):
  File "/Users/kaidongwang/.config/superpowers/worktrees/pocketworld_research_benchmarks/pocketworld-repro-contract-20260714/experiments/detector_free_dkm_outdoor_2026-07-14/match_cap50.py", line 502, in <module>
    raise SystemExit(main())
                     ^^^^^^
  File "/Users/kaidongwang/.config/superpowers/worktrees/pocketworld_research_benchmarks/pocketworld-repro-contract-20260714/experiments/detector_free_dkm_outdoor_2026-07-14/match_cap50.py", line 373, in main
    raise RuntimeError(
RuntimeError: memory guard reached before pair 20: 2.29GB
       13.41 real         3.81 user         2.86 sys
           914685952  maximum resident set size
                   0  average shared memory size
                   0  average unshared data size
                   0  average unshared stack size
              209528  page reclaims
                 144  page faults
                   0  swaps
                   0  block input operations
                   0  block output operations
                   0  messages sent
                   0  messages received
                   0  signals received
                 513  voluntary context switches
               55430  involuntary context switches
         52923967627  instructions retired
         22484989550  cycles elapsed
          3617277776  peak memory footprint
