[DawnKernelHarness] limits: invocations/wg=512 wgSizeX=512 storageBufs=10 maxBuffer=1073741824 maxStorageBinding=1073741824 (adapter: 1024 1024 10 4294967295 4294967295)
[pwofficial_gpu_match_dawn] backend=blocked(fma4x4+direct+w64+nopb+f16+keyscan3+ptr+kp,V8) adapter="Apple M3 Pro" subgroups=1 sgmatrix=1 f32_8x8x8=1 f16_f32=1 mixed=0 subgroup=[4,64] packed_dot=1 timestamp=1 limits[storage=32768 invocations=1024 sizeX=1024]
WARNING: Logging before InitGoogleLogging() is written to STDERR
I20260925 18:01:39.325164 0x1fecf6080 database_cache.cc:72] Loading rigs...
I20260925 18:01:39.325199 0x1fecf6080 database_cache.cc:82]  0 in 0.000s
I20260925 18:01:39.325207 0x1fecf6080 database_cache.cc:90] Loading cameras...
I20260925 18:01:39.325220 0x1fecf6080 database_cache.cc:108]  2 in 0.000s
I20260925 18:01:39.325225 0x1fecf6080 database_cache.cc:116] Loading frames...
I20260925 18:01:39.325234 0x1fecf6080 database_cache.cc:126]  0 in 0.000s
I20260925 18:01:39.325239 0x1fecf6080 database_cache.cc:134] Loading matches...
I20260925 18:01:39.325248 0x1fecf6080 database_cache.cc:139]  1 in 0.000s
I20260925 18:01:39.325252 0x1fecf6080 database_cache.cc:147] Loading images...
I20260925 18:01:39.325361 0x1fecf6080 database_cache.cc:236]  2 in 0.000s (loaded all 2)
I20260925 18:01:39.325368 0x1fecf6080 database_cache.cc:255] Loading pose priors...
I20260925 18:01:39.325374 0x1fecf6080 database_cache.cc:263]  0 in 0.000s
I20260925 18:01:39.325378 0x1fecf6080 database_cache.cc:271] Building correspondence graph...
I20260925 18:01:39.325425 0x1fecf6080 database_cache.cc:300]  in 0.000s (ignored 0)
I20260925 18:01:39.385908 0x1fecf6080 official_bundle_adjustment_ceres.cc:1648] [AETHER gravity] injected 3/3 roll/pitch anchors, sigma_rad=0.00872665
[AETHER BA-ORDERING] blocks=360 pts(g0)=351 cams(g1)=3 g1_all_pose=1 proven=1
I20260925 18:01:39.391775 0x1fecf6080 official_bundle_adjustment_ceres.cc:1137] [AETHER] solver_used=DENSE_SCHUR sparse_backend=EIGEN_SPARSE dense_backend=EIGEN mixed=0 threads=1
I20260925 18:01:39.392213 0x1fecf6080 official_bundle_adjustment_ceres.cc:1648] [AETHER gravity] injected 3/3 roll/pitch anchors, sigma_rad=0.00872665
[AETHER BA-ORDERING] blocks=354 pts(g0)=345 cams(g1)=3 g1_all_pose=1 proven=1
I20260925 18:01:39.393841 0x1fecf6080 official_bundle_adjustment_ceres.cc:1137] [AETHER] solver_used=DENSE_SCHUR sparse_backend=EIGEN_SPARSE dense_backend=EIGEN mixed=0 threads=1
I20260925 18:01:39.464628 0x1fecf6080 official_bundle_adjustment_ceres.cc:1648] [AETHER gravity] injected 4/4 roll/pitch anchors, sigma_rad=0.00872665
[AETHER BA-ORDERING] blocks=551 pts(g0)=540 cams(g1)=4 g1_all_pose=1 proven=1
I20260925 18:01:39.472174 0x1fecf6080 official_bundle_adjustment_ceres.cc:1137] [AETHER] solver_used=DENSE_SCHUR sparse_backend=EIGEN_SPARSE dense_backend=EIGEN mixed=0 threads=1
I20260925 18:01:39.477175 0x1fecf6080 official_bundle_adjustment_ceres.cc:1648] [AETHER gravity] injected 4/4 roll/pitch anchors, sigma_rad=0.00872665
I20260925 18:01:39.478626 0x1fecf6080 official_bundle_adjustment_ceres.cc:1137] [AETHER] solver_used=DENSE_SCHUR sparse_backend=EIGEN_SPARSE dense_backend=EIGEN mixed=0 threads=1
I20260925 18:01:39.584083 0x1fecf6080 official_bundle_adjustment_ceres.cc:1648] [AETHER gravity] injected 5/5 roll/pitch anchors, sigma_rad=0.00872665
I20260925 18:01:39.595319 0x1fecf6080 official_bundle_adjustment_ceres.cc:1137] [AETHER] solver_used=DENSE_SCHUR sparse_backend=EIGEN_SPARSE dense_backend=EIGEN mixed=0 threads=1
I20260925 18:01:39.596156 0x1fecf6080 official_bundle_adjustment_ceres.cc:1648] [AETHER gravity] injected 5/5 roll/pitch anchors, sigma_rad=0.00872665
I20260925 18:01:39.597723 0x1fecf6080 official_bundle_adjustment_ceres.cc:1137] [AETHER] solver_used=DENSE_SCHUR sparse_backend=EIGEN_SPARSE dense_backend=EIGEN mixed=0 threads=1
I20260925 18:01:39.653980 0x1fecf6080 official_bundle_adjustment_ceres.cc:1648] [AETHER gravity] injected 5/5 roll/pitch anchors, sigma_rad=0.00872665
I20260925 18:01:39.661319 0x1fecf6080 official_bundle_adjustment_ceres.cc:1137] [AETHER] solver_used=DENSE_SCHUR sparse_backend=EIGEN_SPARSE dense_backend=EIGEN mixed=0 threads=1
I20260925 18:01:39.661938 0x1fecf6080 official_bundle_adjustment_ceres.cc:1648] [AETHER gravity] injected 4/4 roll/pitch anchors, sigma_rad=0.00872665
I20260925 18:01:39.662891 0x1fecf6080 official_bundle_adjustment_ceres.cc:1137] [AETHER] solver_used=DENSE_SCHUR sparse_backend=EIGEN_SPARSE dense_backend=EIGEN mixed=0 threads=1
I20260925 18:01:39.749062 0x1fecf6080 official_bundle_adjustment_ceres.cc:1648] [AETHER gravity] injected 3/3 roll/pitch anchors, sigma_rad=0.00872665
I20260925 18:01:39.750258 0x1fecf6080 official_bundle_adjustment_ceres.cc:1137] [AETHER] solver_used=DENSE_SCHUR sparse_backend=EIGEN_SPARSE dense_backend=EIGEN mixed=0 threads=1
I20260925 18:01:39.750570 0x1fecf6080 official_bundle_adjustment_ceres.cc:1648] [AETHER gravity] injected 3/3 roll/pitch anchors, sigma_rad=0.00872665
I20260925 18:01:39.751080 0x1fecf6080 official_bundle_adjustment_ceres.cc:1137] [AETHER] solver_used=DENSE_SCHUR sparse_backend=EIGEN_SPARSE dense_backend=EIGEN mixed=0 threads=1
I20260925 18:01:39.842317 0x1fecf6080 official_bundle_adjustment_ceres.cc:1648] [AETHER gravity] injected 3/3 roll/pitch anchors, sigma_rad=0.00872665
I20260925 18:01:39.843721 0x1fecf6080 official_bundle_adjustment_ceres.cc:1137] [AETHER] solver_used=DENSE_SCHUR sparse_backend=EIGEN_SPARSE dense_backend=EIGEN mixed=0 threads=1
I20260925 18:01:39.844395 0x1fecf6080 official_bundle_adjustment_ceres.cc:1648] [AETHER gravity] injected 3/3 roll/pitch anchors, sigma_rad=0.00872665
I20260925 18:01:39.844768 0x1fecf6080 official_bundle_adjustment_ceres.cc:1137] [AETHER] solver_used=DENSE_SCHUR sparse_backend=EIGEN_SPARSE dense_backend=EIGEN mixed=0 threads=1
I20260925 18:01:40.094581 0x1fecf6080 official_bundle_adjustment_ceres.cc:1648] [AETHER gravity] injected 2/2 roll/pitch anchors, sigma_rad=0.00872665
I20260925 18:01:40.094804 0x1fecf6080 official_bundle_adjustment_ceres.cc:1137] [AETHER] solver_used=DENSE_SCHUR sparse_backend=EIGEN_SPARSE dense_backend=EIGEN mixed=0 threads=1
I20260925 18:01:40.094948 0x1fecf6080 official_bundle_adjustment_ceres.cc:1648] [AETHER gravity] injected 2/2 roll/pitch anchors, sigma_rad=0.00872665
I20260925 18:01:40.095021 0x1fecf6080 official_bundle_adjustment_ceres.cc:1137] [AETHER] solver_used=DENSE_SCHUR sparse_backend=EIGEN_SPARSE dense_backend=EIGEN mixed=0 threads=1
I20260925 18:01:40.193601 0x1fecf6080 official_bundle_adjustment_ceres.cc:1648] [AETHER gravity] injected 2/2 roll/pitch anchors, sigma_rad=0.00872665
I20260925 18:01:40.195447 0x1fecf6080 official_bundle_adjustment_ceres.cc:1137] [AETHER] solver_used=DENSE_SCHUR sparse_backend=EIGEN_SPARSE dense_backend=EIGEN mixed=0 threads=1
I20260925 18:01:40.195916 0x1fecf6080 official_bundle_adjustment_ceres.cc:1648] [AETHER gravity] injected 3/3 roll/pitch anchors, sigma_rad=0.00872665
I20260925 18:01:40.196717 0x1fecf6080 official_bundle_adjustment_ceres.cc:1137] [AETHER] solver_used=DENSE_SCHUR sparse_backend=EIGEN_SPARSE dense_backend=EIGEN mixed=0 threads=1
I20260925 18:01:40.265113 0x1fecf6080 official_bundle_adjustment_ceres.cc:1648] [AETHER gravity] injected 2/2 roll/pitch anchors, sigma_rad=0.00872665
I20260925 18:01:40.265779 0x1fecf6080 official_bundle_adjustment_ceres.cc:1137] [AETHER] solver_used=DENSE_SCHUR sparse_backend=EIGEN_SPARSE dense_backend=EIGEN mixed=0 threads=1
I20260925 18:01:40.351366 0x1fecf6080 official_bundle_adjustment_ceres.cc:1648] [AETHER gravity] injected 5/5 roll/pitch anchors, sigma_rad=0.00872665
I20260925 18:01:40.357961 0x1fecf6080 official_bundle_adjustment_ceres.cc:1137] [AETHER] solver_used=DENSE_SCHUR sparse_backend=EIGEN_SPARSE dense_backend=EIGEN mixed=0 threads=1
I20260925 18:01:40.358912 0x1fecf6080 official_bundle_adjustment_ceres.cc:1648] [AETHER gravity] injected 5/5 roll/pitch anchors, sigma_rad=0.00872665
I20260925 18:01:40.360533 0x1fecf6080 official_bundle_adjustment_ceres.cc:1137] [AETHER] solver_used=DENSE_SCHUR sparse_backend=EIGEN_SPARSE dense_backend=EIGEN mixed=0 threads=1
I20260925 18:01:40.414048 0x1fecf6080 official_bundle_adjustment_ceres.cc:1648] [AETHER gravity] injected 3/3 roll/pitch anchors, sigma_rad=0.00872665
I20260925 18:01:40.416263 0x1fecf6080 official_bundle_adjustment_ceres.cc:1137] [AETHER] solver_used=DENSE_SCHUR sparse_backend=EIGEN_SPARSE dense_backend=EIGEN mixed=0 threads=1
I20260925 18:01:40.416939 0x1fecf6080 official_bundle_adjustment_ceres.cc:1648] [AETHER gravity] injected 5/5 roll/pitch anchors, sigma_rad=0.00872665
I20260925 18:01:40.418295 0x1fecf6080 official_bundle_adjustment_ceres.cc:1137] [AETHER] solver_used=DENSE_SCHUR sparse_backend=EIGEN_SPARSE dense_backend=EIGEN mixed=0 threads=1
I20260925 18:01:40.484172 0x1fecf6080 official_bundle_adjustment_ceres.cc:1648] [AETHER gravity] injected 5/5 roll/pitch anchors, sigma_rad=0.00872665
I20260925 18:01:40.488620 0x1fecf6080 official_bundle_adjustment_ceres.cc:1137] [AETHER] solver_used=DENSE_SCHUR sparse_backend=EIGEN_SPARSE dense_backend=EIGEN mixed=0 threads=1
I20260925 18:01:40.489421 0x1fecf6080 official_bundle_adjustment_ceres.cc:1648] [AETHER gravity] injected 5/5 roll/pitch anchors, sigma_rad=0.00872665
I20260925 18:01:40.490824 0x1fecf6080 official_bundle_adjustment_ceres.cc:1137] [AETHER] solver_used=DENSE_SCHUR sparse_backend=EIGEN_SPARSE dense_backend=EIGEN mixed=0 threads=1
I20260925 18:01:40.640073 0x1fecf6080 official_bundle_adjustment_ceres.cc:1648] [AETHER gravity] injected 3/3 roll/pitch anchors, sigma_rad=0.00872665
I20260925 18:01:40.641961 0x1fecf6080 official_bundle_adjustment_ceres.cc:1137] [AETHER] solver_used=DENSE_SCHUR sparse_backend=EIGEN_SPARSE dense_backend=EIGEN mixed=0 threads=1
I20260925 18:01:40.642449 0x1fecf6080 official_bundle_adjustment_ceres.cc:1648] [AETHER gravity] injected 3/3 roll/pitch anchors, sigma_rad=0.00872665
I20260925 18:01:40.643328 0x1fecf6080 official_bundle_adjustment_ceres.cc:1137] [AETHER] solver_used=DENSE_SCHUR sparse_backend=EIGEN_SPARSE dense_backend=EIGEN mixed=0 threads=1
I20260925 18:01:40.687129 0x1fecf6080 official_bundle_adjustment_ceres.cc:1648] [AETHER gravity] injected 4/4 roll/pitch anchors, sigma_rad=0.00872665
I20260925 18:01:40.690456 0x1fecf6080 official_bundle_adjustment_ceres.cc:1137] [AETHER] solver_used=DENSE_SCHUR sparse_backend=EIGEN_SPARSE dense_backend=EIGEN mixed=0 threads=1
I20260925 18:01:40.691266 0x1fecf6080 official_bundle_adjustment_ceres.cc:1648] [AETHER gravity] injected 5/5 roll/pitch anchors, sigma_rad=0.00872665
I20260925 18:01:40.693341 0x1fecf6080 official_bundle_adjustment_ceres.cc:1137] [AETHER] solver_used=DENSE_SCHUR sparse_backend=EIGEN_SPARSE dense_backend=EIGEN mixed=0 threads=1
I20260925 18:01:40.694366 0x16fe27000 database_cache.cc:72] Loading rigs...
I20260925 18:01:40.694381 0x16fe27000 database_cache.cc:82]  0 in 0.000s
I20260925 18:01:40.694387 0x16fe27000 database_cache.cc:90] Loading cameras...
I20260925 18:01:40.694402 0x16fe27000 database_cache.cc:108]  20 in 0.000s
I20260925 18:01:40.694407 0x16fe27000 database_cache.cc:116] Loading frames...
I20260925 18:01:40.694414 0x16fe27000 database_cache.cc:126]  0 in 0.000s
I20260925 18:01:40.694418 0x16fe27000 database_cache.cc:134] Loading matches...
I20260925 18:01:40.694458 0x16fe27000 database_cache.cc:139]  51 in 0.000s
I20260925 18:01:40.694462 0x16fe27000 database_cache.cc:147] Loading images...
I20260925 18:01:40.695304 0x16fe27000 database_cache.cc:236]  20 in 0.001s (loaded all 20)
I20260925 18:01:40.695309 0x16fe27000 database_cache.cc:255] Loading pose priors...
I20260925 18:01:40.695319 0x16fe27000 database_cache.cc:263]  0 in 0.000s
I20260925 18:01:40.695323 0x16fe27000 database_cache.cc:271] Building correspondence graph...
I20260925 18:01:40.695733 0x16fe27000 database_cache.cc:300]  in 0.000s (ignored 0)
I20260925 18:01:40.699066 0x16fe27000 official_bundle_adjustment_ceres.cc:1648] [AETHER gravity] injected 17/18 roll/pitch anchors, sigma_rad=0.00872665
I20260925 18:01:40.758248 0x16fe27000 official_bundle_adjustment_ceres.cc:1137] [AETHER] solver_used=DENSE_SCHUR sparse_backend=EIGEN_SPARSE dense_backend=EIGEN mixed=0 threads=6
I20260925 18:01:40.760674 0x16fe27000 official_bundle_adjustment_ceres.cc:1648] [AETHER gravity] injected 17/18 roll/pitch anchors, sigma_rad=0.00872665
I20260925 18:01:40.815141 0x16fe27000 official_bundle_adjustment_ceres.cc:1137] [AETHER] solver_used=DENSE_SCHUR sparse_backend=EIGEN_SPARSE dense_backend=EIGEN mixed=0 threads=6
I20260925 18:01:40.820998 0x16fe27000 official_bundle_adjustment_ceres.cc:1648] [AETHER gravity] injected 17/18 roll/pitch anchors, sigma_rad=0.00872665
I20260925 18:01:40.841527 0x16fe27000 official_bundle_adjustment_ceres.cc:1137] [AETHER] solver_used=DENSE_SCHUR sparse_backend=EIGEN_SPARSE dense_backend=EIGEN mixed=0 threads=6
I20260925 18:01:40.843902 0x16fe27000 official_bundle_adjustment_ceres.cc:1648] [AETHER gravity] injected 17/18 roll/pitch anchors, sigma_rad=0.00872665
I20260925 18:01:40.864216 0x16fe27000 official_bundle_adjustment_ceres.cc:1137] [AETHER] solver_used=DENSE_SCHUR sparse_backend=EIGEN_SPARSE dense_backend=EIGEN mixed=0 threads=6
W20260925 18:01:40.914095 0x16feb3000 official_aether_sfm_c.cc:6907] [aether_sfm] finalize re-match: starved_frames=10 candidates=114 attempted=114 written=0 inliers=0 failed=0 gpu_fail_capture=0 probe_debt_repaid=0 probe_debt_left=0
W20260925 18:01:40.988425 0x16feb3000 official_aether_sfm_c.cc:7348] [aether_sfm] official quadratic overlap: overlap=10 candidates=42 written=0 in 74.1443 ms
I20260925 18:01:40.993956 0x16fe27000 official_incremental_pipeline.cc:323] Loading database
I20260925 18:01:40.993995 0x16fe27000 database_cache.cc:72] Loading rigs...
I20260925 18:01:40.994004 0x16fe27000 database_cache.cc:82]  0 in 0.000s
I20260925 18:01:40.994010 0x16fe27000 database_cache.cc:90] Loading cameras...
I20260925 18:01:40.994025 0x16fe27000 database_cache.cc:108]  20 in 0.000s
I20260925 18:01:40.994029 0x16fe27000 database_cache.cc:116] Loading frames...
I20260925 18:01:40.994035 0x16fe27000 database_cache.cc:126]  0 in 0.000s
I20260925 18:01:40.994039 0x16fe27000 database_cache.cc:134] Loading matches...
I20260925 18:01:40.994086 0x16fe27000 database_cache.cc:139]  51 in 0.000s
I20260925 18:01:40.994090 0x16fe27000 database_cache.cc:147] Loading images...
I20260925 18:01:40.994870 0x16fe27000 database_cache.cc:236]  20 in 0.001s (loaded all 20)
I20260925 18:01:40.994875 0x16fe27000 database_cache.cc:255] Loading pose priors...
I20260925 18:01:40.994883 0x16fe27000 database_cache.cc:263]  0 in 0.000s
I20260925 18:01:40.994886 0x16fe27000 database_cache.cc:271] Building correspondence graph...
I20260925 18:01:40.995270 0x16fe27000 database_cache.cc:300]  in 0.000s (ignored 0)
I20260925 18:01:40.995274 0x16fe27000 timer.cc:90] Elapsed time: 0.000 [minutes]
I20260925 18:01:40.997593 0x16fe27000 official_bundle_adjustment_ceres.cc:1648] [AETHER gravity] injected 17/18 roll/pitch anchors, sigma_rad=0.00872665
I20260925 18:01:41.014020 0x16fe27000 official_bundle_adjustment_ceres.cc:1137] [AETHER] solver_used=DENSE_SCHUR sparse_backend=EIGEN_SPARSE dense_backend=EIGEN mixed=0 threads=6
W20260925 18:01:41.015395 0x16fe27000 official_aether_sfm_c.cc:9530] [frame-loss] before=20 after=18 lost_zero_obs=2 lost_with_obs=0 | frame_000008.jpg(obs=0) frame_000016.jpg(obs=0)
W20260925 18:01:41.015879 0x16fe27000 official_aether_sfm_c.cc:9614] [aether_sfm] finalize worker: cache_pre=1ms enrich=296ms stage1=170ms (ok, rounds=4) stage2=23ms (rounds<=1) temporal=0ms upgrade=0ms total=321ms
W20260925 18:01:41.016184 0x16fe27000 official_aether_sfm_c.cc:9643] [aether_sfm] delivered-point provenance: live-created=1361 official-retriangulated=385 live-dropped-by-official-filtering=105 (live model had 1466; capture-time official TriangulateImage added 0 obs)
W20260925 18:01:41.016363 0x16fe27000 official_aether_sfm_c.cc:8066] [device-align-v1] status=aligned pairs=18 inliers=18 max_error_m=0.111819 scale=1.0207 centre_err_median_m=0.022685 centre_err_max_m=0.0394397 outliers=0
W20260925 18:01:41.121315 0x1fecf6080 official_aether_sfm_c.cc:13097] [aether_sfm] deliver-filter(get_points_tracked): kept 1733/1746 (min_tri_angle=3deg, mirror_ghost=0, isolated_floater=12, killed_union=12)
[pwofficial_gpu_match_dawn] device lost #1 reason=2 rc=8: Device was destroyed.
        2.00 real         0.72 user         0.46 sys
           116047872  maximum resident set size
                   0  average shared memory size
                   0  average unshared data size
                   0  average unshared stack size
               34325  page reclaims
                 534  page faults
                   0  swaps
                   0  block input operations
                   0  block output operations
                   0  messages sent
                   0  messages received
                   0  signals received
                  62  voluntary context switches
               50010  involuntary context switches
          9700500606  instructions retired
          4104836938  cycles elapsed
           309494432  peak memory footprint
