REPLAY src_db=/Users/kaidongwang/.config/superpowers/worktrees/pocketworld_research_benchmarks/pocketworld-repro-contract-20260714/data/pocketworld_captures/cap51/fresh_device_pull_2026-07-14T085404+0800/retry/sfm_live.db pair_db=/Users/kaidongwang/.config/superpowers/worktrees/pocketworld_research_benchmarks/pocketworld-repro-contract-20260714/data/pocketworld_captures/cap51/fresh_device_pull_2026-07-14T085404+0800/retry/sfm_live.db poses=/Users/kaidongwang/.config/superpowers/worktrees/pocketworld_research_benchmarks/pocketworld-repro-contract-20260714/data/pocketworld_captures/cap51/private_manifests/sfm_fed_frames.jsonl intrinsics=(db-camera) out=aether_cpp/third_party/glomap_vendor/bench_runs/cap51_cpp_postgeom_site_ab_20260715/on k=12 max_frames=0 AETHER_INCREMENTAL_GLOBAL_BA=(unset)
SOURCE n_images=105 n_poses=105 n_intrinsics=0
STORED_PAIRS matches=858 nonempty_matches=858 two_view=579 nonempty_two_view=570 geometry_missing=279 geometry_only=0
W20260715 09:37:59.251784 0x1fb6b2080 aether_sfm_c.cc:5945] [aether_sfm] host replay reusing stored pairs from /Users/kaidongwang/.config/superpowers/worktrees/pocketworld_research_benchmarks/pocketworld-repro-contract-20260714/data/pocketworld_captures/cap51/fresh_device_pull_2026-07-14T085404+0800/retry/sfm_live.db (matches=858, verified=858)
I20260715 09:37:59.305986 0x1fb6b2080 bundle_adjustment_ceres.cc:992] [AETHER] solver_used=DENSE_SCHUR sparse_backend=EIGEN_SPARSE dense_backend=EIGEN mixed=0 threads=1
I20260715 09:37:59.329028 0x1fb6b2080 bundle_adjustment_ceres.cc:992] [AETHER] solver_used=DENSE_SCHUR sparse_backend=EIGEN_SPARSE dense_backend=EIGEN mixed=0 threads=1
I20260715 09:37:59.361797 0x1fb6b2080 bundle_adjustment_ceres.cc:992] [AETHER] solver_used=DENSE_SCHUR sparse_backend=EIGEN_SPARSE dense_backend=EIGEN mixed=0 threads=1
I20260715 09:37:59.400877 0x1fb6b2080 bundle_adjustment_ceres.cc:992] [AETHER] solver_used=DENSE_SCHUR sparse_backend=EIGEN_SPARSE dense_backend=EIGEN mixed=0 threads=1
I20260715 09:37:59.438308 0x1fb6b2080 bundle_adjustment_ceres.cc:992] [AETHER] solver_used=DENSE_SCHUR sparse_backend=EIGEN_SPARSE dense_backend=EIGEN mixed=0 threads=1
I20260715 09:37:59.481804 0x1fb6b2080 bundle_adjustment_ceres.cc:992] [AETHER] solver_used=DENSE_SCHUR sparse_backend=EIGEN_SPARSE dense_backend=EIGEN mixed=0 threads=1
I20260715 09:37:59.549131 0x1fb6b2080 bundle_adjustment_ceres.cc:992] [AETHER] solver_used=DENSE_SCHUR sparse_backend=EIGEN_SPARSE dense_backend=EIGEN mixed=0 threads=1
I20260715 09:37:59.616497 0x1fb6b2080 bundle_adjustment_ceres.cc:992] [AETHER] solver_used=DENSE_SCHUR sparse_backend=EIGEN_SPARSE dense_backend=EIGEN mixed=0 threads=1
I20260715 09:37:59.688228 0x1fb6b2080 bundle_adjustment_ceres.cc:992] [AETHER] solver_used=DENSE_SCHUR sparse_backend=EIGEN_SPARSE dense_backend=EIGEN mixed=0 threads=1
I20260715 09:37:59.767746 0x1fb6b2080 bundle_adjustment_ceres.cc:992] [AETHER] solver_used=DENSE_SCHUR sparse_backend=EIGEN_SPARSE dense_backend=EIGEN mixed=0 threads=1
I20260715 09:37:59.820531 0x1fb6b2080 bundle_adjustment_ceres.cc:992] [AETHER] solver_used=DENSE_SCHUR sparse_backend=EIGEN_SPARSE dense_backend=EIGEN mixed=0 threads=1
I20260715 09:37:59.866044 0x1fb6b2080 bundle_adjustment_ceres.cc:992] [AETHER] solver_used=DENSE_SCHUR sparse_backend=EIGEN_SPARSE dense_backend=EIGEN mixed=0 threads=1
I20260715 09:37:59.918087 0x1fb6b2080 bundle_adjustment_ceres.cc:992] [AETHER] solver_used=DENSE_SCHUR sparse_backend=EIGEN_SPARSE dense_backend=EIGEN mixed=0 threads=1
I20260715 09:37:59.959846 0x1fb6b2080 bundle_adjustment_ceres.cc:992] [AETHER] solver_used=DENSE_SCHUR sparse_backend=EIGEN_SPARSE dense_backend=EIGEN mixed=0 threads=1
I20260715 09:38:00.001442 0x1fb6b2080 bundle_adjustment_ceres.cc:992] [AETHER] solver_used=DENSE_SCHUR sparse_backend=EIGEN_SPARSE dense_backend=EIGEN mixed=0 threads=1
I20260715 09:38:00.066407 0x1fb6b2080 bundle_adjustment_ceres.cc:992] [AETHER] solver_used=DENSE_SCHUR sparse_backend=EIGEN_SPARSE dense_backend=EIGEN mixed=0 threads=1
I20260715 09:38:00.111797 0x1fb6b2080 bundle_adjustment_ceres.cc:992] [AETHER] solver_used=DENSE_SCHUR sparse_backend=EIGEN_SPARSE dense_backend=EIGEN mixed=0 threads=1
I20260715 09:38:00.148458 0x1fb6b2080 bundle_adjustment_ceres.cc:992] [AETHER] solver_used=DENSE_SCHUR sparse_backend=EIGEN_SPARSE dense_backend=EIGEN mixed=0 threads=1
I20260715 09:38:00.193853 0x1fb6b2080 bundle_adjustment_ceres.cc:992] [AETHER] solver_used=DENSE_SCHUR sparse_backend=EIGEN_SPARSE dense_backend=EIGEN mixed=0 threads=1
I20260715 09:38:00.232270 0x1fb6b2080 bundle_adjustment_ceres.cc:992] [AETHER] solver_used=DENSE_SCHUR sparse_backend=EIGEN_SPARSE dense_backend=EIGEN mixed=0 threads=1
I20260715 09:38:00.273005 0x1fb6b2080 bundle_adjustment_ceres.cc:992] [AETHER] solver_used=DENSE_SCHUR sparse_backend=EIGEN_SPARSE dense_backend=EIGEN mixed=0 threads=1
I20260715 09:38:00.330671 0x1fb6b2080 bundle_adjustment_ceres.cc:992] [AETHER] solver_used=DENSE_SCHUR sparse_backend=EIGEN_SPARSE dense_backend=EIGEN mixed=0 threads=1
I20260715 09:38:00.375271 0x1fb6b2080 bundle_adjustment_ceres.cc:992] [AETHER] solver_used=DENSE_SCHUR sparse_backend=EIGEN_SPARSE dense_backend=EIGEN mixed=0 threads=1
  fed 25/105 frames (last n_kp=8192)
I20260715 09:38:00.416984 0x1fb6b2080 bundle_adjustment_ceres.cc:992] [AETHER] solver_used=DENSE_SCHUR sparse_backend=EIGEN_SPARSE dense_backend=EIGEN mixed=0 threads=1
I20260715 09:38:00.464167 0x1fb6b2080 bundle_adjustment_ceres.cc:992] [AETHER] solver_used=DENSE_SCHUR sparse_backend=EIGEN_SPARSE dense_backend=EIGEN mixed=0 threads=1
I20260715 09:38:00.519924 0x1fb6b2080 bundle_adjustment_ceres.cc:992] [AETHER] solver_used=DENSE_SCHUR sparse_backend=EIGEN_SPARSE dense_backend=EIGEN mixed=0 threads=1
I20260715 09:38:00.578269 0x1fb6b2080 bundle_adjustment_ceres.cc:992] [AETHER] solver_used=DENSE_SCHUR sparse_backend=EIGEN_SPARSE dense_backend=EIGEN mixed=0 threads=1
I20260715 09:38:00.633176 0x1fb6b2080 bundle_adjustment_ceres.cc:992] [AETHER] solver_used=DENSE_SCHUR sparse_backend=EIGEN_SPARSE dense_backend=EIGEN mixed=0 threads=1
I20260715 09:38:00.674647 0x1fb6b2080 bundle_adjustment_ceres.cc:992] [AETHER] solver_used=DENSE_SCHUR sparse_backend=EIGEN_SPARSE dense_backend=EIGEN mixed=0 threads=1
I20260715 09:38:00.764219 0x1fb6b2080 bundle_adjustment_ceres.cc:992] [AETHER] solver_used=DENSE_SCHUR sparse_backend=EIGEN_SPARSE dense_backend=EIGEN mixed=0 threads=1
I20260715 09:38:00.840381 0x1fb6b2080 bundle_adjustment_ceres.cc:992] [AETHER] solver_used=DENSE_SCHUR sparse_backend=EIGEN_SPARSE dense_backend=EIGEN mixed=0 threads=1
I20260715 09:38:00.897759 0x1fb6b2080 bundle_adjustment_ceres.cc:992] [AETHER] solver_used=DENSE_SCHUR sparse_backend=EIGEN_SPARSE dense_backend=EIGEN mixed=0 threads=1
I20260715 09:38:00.925639 0x1fb6b2080 bundle_adjustment_ceres.cc:992] [AETHER] solver_used=DENSE_SCHUR sparse_backend=EIGEN_SPARSE dense_backend=EIGEN mixed=0 threads=1
I20260715 09:38:00.950497 0x1fb6b2080 bundle_adjustment_ceres.cc:992] [AETHER] solver_used=DENSE_SCHUR sparse_backend=EIGEN_SPARSE dense_backend=EIGEN mixed=0 threads=1
I20260715 09:38:00.984002 0x1fb6b2080 bundle_adjustment_ceres.cc:992] [AETHER] solver_used=DENSE_SCHUR sparse_backend=EIGEN_SPARSE dense_backend=EIGEN mixed=0 threads=1
I20260715 09:38:01.007810 0x1fb6b2080 bundle_adjustment_ceres.cc:992] [AETHER] solver_used=DENSE_SCHUR sparse_backend=EIGEN_SPARSE dense_backend=EIGEN mixed=0 threads=1
I20260715 09:38:01.024133 0x1fb6b2080 bundle_adjustment_ceres.cc:992] [AETHER] solver_used=DENSE_SCHUR sparse_backend=EIGEN_SPARSE dense_backend=EIGEN mixed=0 threads=1
I20260715 09:38:01.053828 0x1fb6b2080 bundle_adjustment_ceres.cc:992] [AETHER] solver_used=DENSE_SCHUR sparse_backend=EIGEN_SPARSE dense_backend=EIGEN mixed=0 threads=1
I20260715 09:38:01.072433 0x1fb6b2080 bundle_adjustment_ceres.cc:992] [AETHER] solver_used=DENSE_SCHUR sparse_backend=EIGEN_SPARSE dense_backend=EIGEN mixed=0 threads=1
I20260715 09:38:01.099256 0x1fb6b2080 bundle_adjustment_ceres.cc:992] [AETHER] solver_used=DENSE_SCHUR sparse_backend=EIGEN_SPARSE dense_backend=EIGEN mixed=0 threads=1
I20260715 09:38:01.146821 0x1fb6b2080 bundle_adjustment_ceres.cc:992] [AETHER] solver_used=DENSE_SCHUR sparse_backend=EIGEN_SPARSE dense_backend=EIGEN mixed=0 threads=1
I20260715 09:38:01.200264 0x1fb6b2080 bundle_adjustment_ceres.cc:992] [AETHER] solver_used=DENSE_SCHUR sparse_backend=EIGEN_SPARSE dense_backend=EIGEN mixed=0 threads=1
I20260715 09:38:01.252947 0x1fb6b2080 bundle_adjustment_ceres.cc:992] [AETHER] solver_used=DENSE_SCHUR sparse_backend=EIGEN_SPARSE dense_backend=EIGEN mixed=0 threads=1
I20260715 09:38:01.326829 0x1fb6b2080 bundle_adjustment_ceres.cc:992] [AETHER] solver_used=DENSE_SCHUR sparse_backend=EIGEN_SPARSE dense_backend=EIGEN mixed=0 threads=1
I20260715 09:38:01.387853 0x1fb6b2080 bundle_adjustment_ceres.cc:992] [AETHER] solver_used=DENSE_SCHUR sparse_backend=EIGEN_SPARSE dense_backend=EIGEN mixed=0 threads=1
I20260715 09:38:01.454782 0x1fb6b2080 bundle_adjustment_ceres.cc:992] [AETHER] solver_used=DENSE_SCHUR sparse_backend=EIGEN_SPARSE dense_backend=EIGEN mixed=0 threads=1
I20260715 09:38:01.552980 0x1fb6b2080 bundle_adjustment_ceres.cc:992] [AETHER] solver_used=DENSE_SCHUR sparse_backend=EIGEN_SPARSE dense_backend=EIGEN mixed=0 threads=1
I20260715 09:38:01.643738 0x1fb6b2080 bundle_adjustment_ceres.cc:992] [AETHER] solver_used=DENSE_SCHUR sparse_backend=EIGEN_SPARSE dense_backend=EIGEN mixed=0 threads=1
  fed 50/105 frames (last n_kp=8192)
I20260715 09:38:01.739433 0x1fb6b2080 bundle_adjustment_ceres.cc:992] [AETHER] solver_used=DENSE_SCHUR sparse_backend=EIGEN_SPARSE dense_backend=EIGEN mixed=0 threads=1
I20260715 09:38:01.848047 0x1fb6b2080 bundle_adjustment_ceres.cc:992] [AETHER] solver_used=DENSE_SCHUR sparse_backend=EIGEN_SPARSE dense_backend=EIGEN mixed=0 threads=1
I20260715 09:38:01.952016 0x1fb6b2080 bundle_adjustment_ceres.cc:992] [AETHER] solver_used=DENSE_SCHUR sparse_backend=EIGEN_SPARSE dense_backend=EIGEN mixed=0 threads=1
I20260715 09:38:02.068918 0x1fb6b2080 bundle_adjustment_ceres.cc:992] [AETHER] solver_used=DENSE_SCHUR sparse_backend=EIGEN_SPARSE dense_backend=EIGEN mixed=0 threads=1
I20260715 09:38:02.155923 0x1fb6b2080 bundle_adjustment_ceres.cc:992] [AETHER] solver_used=DENSE_SCHUR sparse_backend=EIGEN_SPARSE dense_backend=EIGEN mixed=0 threads=1
I20260715 09:38:02.250342 0x1fb6b2080 bundle_adjustment_ceres.cc:992] [AETHER] solver_used=DENSE_SCHUR sparse_backend=EIGEN_SPARSE dense_backend=EIGEN mixed=0 threads=1
I20260715 09:38:02.368881 0x1fb6b2080 bundle_adjustment_ceres.cc:992] [AETHER] solver_used=DENSE_SCHUR sparse_backend=EIGEN_SPARSE dense_backend=EIGEN mixed=0 threads=1
I20260715 09:38:02.483147 0x1fb6b2080 bundle_adjustment_ceres.cc:992] [AETHER] solver_used=DENSE_SCHUR sparse_backend=EIGEN_SPARSE dense_backend=EIGEN mixed=0 threads=1
I20260715 09:38:02.584807 0x1fb6b2080 bundle_adjustment_ceres.cc:992] [AETHER] solver_used=DENSE_SCHUR sparse_backend=EIGEN_SPARSE dense_backend=EIGEN mixed=0 threads=12
I20260715 09:38:02.706550 0x1fb6b2080 bundle_adjustment_ceres.cc:992] [AETHER] solver_used=DENSE_SCHUR sparse_backend=EIGEN_SPARSE dense_backend=EIGEN mixed=0 threads=12
I20260715 09:38:02.826604 0x1fb6b2080 bundle_adjustment_ceres.cc:992] [AETHER] solver_used=DENSE_SCHUR sparse_backend=EIGEN_SPARSE dense_backend=EIGEN mixed=0 threads=12
I20260715 09:38:02.948541 0x1fb6b2080 bundle_adjustment_ceres.cc:992] [AETHER] solver_used=DENSE_SCHUR sparse_backend=EIGEN_SPARSE dense_backend=EIGEN mixed=0 threads=12
I20260715 09:38:03.067078 0x1fb6b2080 bundle_adjustment_ceres.cc:992] [AETHER] solver_used=DENSE_SCHUR sparse_backend=EIGEN_SPARSE dense_backend=EIGEN mixed=0 threads=12
I20260715 09:38:03.168068 0x1fb6b2080 bundle_adjustment_ceres.cc:992] [AETHER] solver_used=DENSE_SCHUR sparse_backend=EIGEN_SPARSE dense_backend=EIGEN mixed=0 threads=12
I20260715 09:38:03.273870 0x1fb6b2080 bundle_adjustment_ceres.cc:992] [AETHER] solver_used=DENSE_SCHUR sparse_backend=EIGEN_SPARSE dense_backend=EIGEN mixed=0 threads=12
I20260715 09:38:03.374029 0x1fb6b2080 bundle_adjustment_ceres.cc:992] [AETHER] solver_used=DENSE_SCHUR sparse_backend=EIGEN_SPARSE dense_backend=EIGEN mixed=0 threads=12
I20260715 09:38:03.464004 0x1fb6b2080 bundle_adjustment_ceres.cc:992] [AETHER] solver_used=DENSE_SCHUR sparse_backend=EIGEN_SPARSE dense_backend=EIGEN mixed=0 threads=1
I20260715 09:38:03.569276 0x1fb6b2080 bundle_adjustment_ceres.cc:992] [AETHER] solver_used=DENSE_SCHUR sparse_backend=EIGEN_SPARSE dense_backend=EIGEN mixed=0 threads=1
I20260715 09:38:03.651346 0x1fb6b2080 bundle_adjustment_ceres.cc:992] [AETHER] solver_used=DENSE_SCHUR sparse_backend=EIGEN_SPARSE dense_backend=EIGEN mixed=0 threads=1
I20260715 09:38:03.718174 0x1fb6b2080 bundle_adjustment_ceres.cc:992] [AETHER] solver_used=DENSE_SCHUR sparse_backend=EIGEN_SPARSE dense_backend=EIGEN mixed=0 threads=1
I20260715 09:38:03.780404 0x1fb6b2080 bundle_adjustment_ceres.cc:992] [AETHER] solver_used=DENSE_SCHUR sparse_backend=EIGEN_SPARSE dense_backend=EIGEN mixed=0 threads=1
I20260715 09:38:03.886228 0x1fb6b2080 bundle_adjustment_ceres.cc:992] [AETHER] solver_used=DENSE_SCHUR sparse_backend=EIGEN_SPARSE dense_backend=EIGEN mixed=0 threads=1
I20260715 09:38:03.950225 0x1fb6b2080 bundle_adjustment_ceres.cc:992] [AETHER] solver_used=DENSE_SCHUR sparse_backend=EIGEN_SPARSE dense_backend=EIGEN mixed=0 threads=1
I20260715 09:38:04.012142 0x1fb6b2080 bundle_adjustment_ceres.cc:992] [AETHER] solver_used=DENSE_SCHUR sparse_backend=EIGEN_SPARSE dense_backend=EIGEN mixed=0 threads=1
I20260715 09:38:04.093413 0x1fb6b2080 bundle_adjustment_ceres.cc:992] [AETHER] solver_used=DENSE_SCHUR sparse_backend=EIGEN_SPARSE dense_backend=EIGEN mixed=0 threads=1
  fed 75/105 frames (last n_kp=8192)
I20260715 09:38:04.156320 0x1fb6b2080 bundle_adjustment_ceres.cc:992] [AETHER] solver_used=DENSE_SCHUR sparse_backend=EIGEN_SPARSE dense_backend=EIGEN mixed=0 threads=1
I20260715 09:38:04.215288 0x1fb6b2080 bundle_adjustment_ceres.cc:992] [AETHER] solver_used=DENSE_SCHUR sparse_backend=EIGEN_SPARSE dense_backend=EIGEN mixed=0 threads=1
I20260715 09:38:04.271766 0x1fb6b2080 bundle_adjustment_ceres.cc:992] [AETHER] solver_used=DENSE_SCHUR sparse_backend=EIGEN_SPARSE dense_backend=EIGEN mixed=0 threads=1
I20260715 09:38:04.370870 0x1fb6b2080 bundle_adjustment_ceres.cc:992] [AETHER] solver_used=DENSE_SCHUR sparse_backend=EIGEN_SPARSE dense_backend=EIGEN mixed=0 threads=1
I20260715 09:38:04.483299 0x1fb6b2080 bundle_adjustment_ceres.cc:992] [AETHER] solver_used=DENSE_SCHUR sparse_backend=EIGEN_SPARSE dense_backend=EIGEN mixed=0 threads=1
I20260715 09:38:04.558742 0x1fb6b2080 bundle_adjustment_ceres.cc:992] [AETHER] solver_used=DENSE_SCHUR sparse_backend=EIGEN_SPARSE dense_backend=EIGEN mixed=0 threads=1
I20260715 09:38:04.622002 0x1fb6b2080 bundle_adjustment_ceres.cc:992] [AETHER] solver_used=DENSE_SCHUR sparse_backend=EIGEN_SPARSE dense_backend=EIGEN mixed=0 threads=1
I20260715 09:38:04.673831 0x1fb6b2080 bundle_adjustment_ceres.cc:992] [AETHER] solver_used=DENSE_SCHUR sparse_backend=EIGEN_SPARSE dense_backend=EIGEN mixed=0 threads=1
I20260715 09:38:04.736423 0x1fb6b2080 bundle_adjustment_ceres.cc:992] [AETHER] solver_used=DENSE_SCHUR sparse_backend=EIGEN_SPARSE dense_backend=EIGEN mixed=0 threads=1
I20260715 09:38:04.784624 0x1fb6b2080 bundle_adjustment_ceres.cc:992] [AETHER] solver_used=DENSE_SCHUR sparse_backend=EIGEN_SPARSE dense_backend=EIGEN mixed=0 threads=1
I20260715 09:38:04.835837 0x1fb6b2080 bundle_adjustment_ceres.cc:992] [AETHER] solver_used=DENSE_SCHUR sparse_backend=EIGEN_SPARSE dense_backend=EIGEN mixed=0 threads=1
I20260715 09:38:04.898334 0x1fb6b2080 bundle_adjustment_ceres.cc:992] [AETHER] solver_used=DENSE_SCHUR sparse_backend=EIGEN_SPARSE dense_backend=EIGEN mixed=0 threads=1
I20260715 09:38:04.952796 0x1fb6b2080 bundle_adjustment_ceres.cc:992] [AETHER] solver_used=DENSE_SCHUR sparse_backend=EIGEN_SPARSE dense_backend=EIGEN mixed=0 threads=1
I20260715 09:38:05.010924 0x1fb6b2080 bundle_adjustment_ceres.cc:992] [AETHER] solver_used=DENSE_SCHUR sparse_backend=EIGEN_SPARSE dense_backend=EIGEN mixed=0 threads=1
I20260715 09:38:05.077228 0x1fb6b2080 bundle_adjustment_ceres.cc:992] [AETHER] solver_used=DENSE_SCHUR sparse_backend=EIGEN_SPARSE dense_backend=EIGEN mixed=0 threads=1
I20260715 09:38:05.128301 0x1fb6b2080 bundle_adjustment_ceres.cc:992] [AETHER] solver_used=DENSE_SCHUR sparse_backend=EIGEN_SPARSE dense_backend=EIGEN mixed=0 threads=1
I20260715 09:38:05.172161 0x1fb6b2080 bundle_adjustment_ceres.cc:992] [AETHER] solver_used=DENSE_SCHUR sparse_backend=EIGEN_SPARSE dense_backend=EIGEN mixed=0 threads=1
I20260715 09:38:05.221528 0x1fb6b2080 bundle_adjustment_ceres.cc:992] [AETHER] solver_used=DENSE_SCHUR sparse_backend=EIGEN_SPARSE dense_backend=EIGEN mixed=0 threads=1
I20260715 09:38:05.252933 0x1fb6b2080 bundle_adjustment_ceres.cc:992] [AETHER] solver_used=DENSE_SCHUR sparse_backend=EIGEN_SPARSE dense_backend=EIGEN mixed=0 threads=1
I20260715 09:38:05.285600 0x1fb6b2080 bundle_adjustment_ceres.cc:992] [AETHER] solver_used=DENSE_SCHUR sparse_backend=EIGEN_SPARSE dense_backend=EIGEN mixed=0 threads=1
I20260715 09:38:05.317216 0x1fb6b2080 bundle_adjustment_ceres.cc:992] [AETHER] solver_used=DENSE_SCHUR sparse_backend=EIGEN_SPARSE dense_backend=EIGEN mixed=0 threads=1
I20260715 09:38:05.364833 0x1fb6b2080 bundle_adjustment_ceres.cc:992] [AETHER] solver_used=DENSE_SCHUR sparse_backend=EIGEN_SPARSE dense_backend=EIGEN mixed=0 threads=1
I20260715 09:38:05.406294 0x1fb6b2080 bundle_adjustment_ceres.cc:992] [AETHER] solver_used=DENSE_SCHUR sparse_backend=EIGEN_SPARSE dense_backend=EIGEN mixed=0 threads=1
I20260715 09:38:05.443434 0x1fb6b2080 bundle_adjustment_ceres.cc:992] [AETHER] solver_used=DENSE_SCHUR sparse_backend=EIGEN_SPARSE dense_backend=EIGEN mixed=0 threads=1
I20260715 09:38:05.505415 0x1fb6b2080 bundle_adjustment_ceres.cc:992] [AETHER] solver_used=DENSE_SCHUR sparse_backend=EIGEN_SPARSE dense_backend=EIGEN mixed=0 threads=1
  fed 100/105 frames (last n_kp=8192)
I20260715 09:38:05.557571 0x1fb6b2080 bundle_adjustment_ceres.cc:992] [AETHER] solver_used=DENSE_SCHUR sparse_backend=EIGEN_SPARSE dense_backend=EIGEN mixed=0 threads=1
I20260715 09:38:05.612217 0x1fb6b2080 bundle_adjustment_ceres.cc:992] [AETHER] solver_used=DENSE_SCHUR sparse_backend=EIGEN_SPARSE dense_backend=EIGEN mixed=0 threads=1
I20260715 09:38:05.691893 0x1fb6b2080 bundle_adjustment_ceres.cc:992] [AETHER] solver_used=DENSE_SCHUR sparse_backend=EIGEN_SPARSE dense_backend=EIGEN mixed=0 threads=1
I20260715 09:38:05.754555 0x1fb6b2080 bundle_adjustment_ceres.cc:992] [AETHER] solver_used=DENSE_SCHUR sparse_backend=EIGEN_SPARSE dense_backend=EIGEN mixed=0 threads=1
I20260715 09:38:05.818600 0x1fb6b2080 bundle_adjustment_ceres.cc:992] [AETHER] solver_used=DENSE_SCHUR sparse_backend=EIGEN_SPARSE dense_backend=EIGEN mixed=0 threads=1
STREAMED fed=105 missing_pose=0 stream_ms=6582.0
FINALIZE_ASYNC phase1={"solve_ms":3.7,"n_models":1,"n_registered":105,"n_points3d":58697,"reproj_px":0.6663,"track_len":2.134,"phase1":"live_reuse"}
W20260715 09:38:06.089541 0x16aeb7000 aether_sfm_c.cc:1901] [aether_sfm] postgeom-site-assignment topology phase=pre_stage1 updated_rows=511 rejected_rows=0 input_inliers=376476 unique_edges=346083 assigned_inliers=346005 max_component=2
I20260715 09:38:06.112435 0x16aeb7000 database_cache.cc:72] Loading rigs...
I20260715 09:38:06.112453 0x16aeb7000 database_cache.cc:82]  0 in 0.000s
I20260715 09:38:06.112458 0x16aeb7000 database_cache.cc:90] Loading cameras...
I20260715 09:38:06.112468 0x16aeb7000 database_cache.cc:108]  1 in 0.000s
I20260715 09:38:06.112471 0x16aeb7000 database_cache.cc:116] Loading frames...
I20260715 09:38:06.112477 0x16aeb7000 database_cache.cc:126]  0 in 0.000s
I20260715 09:38:06.112480 0x16aeb7000 database_cache.cc:134] Loading matches...
I20260715 09:38:06.113166 0x16aeb7000 database_cache.cc:139]  517 in 0.001s
I20260715 09:38:06.113171 0x16aeb7000 database_cache.cc:147] Loading images...
I20260715 09:38:06.180336 0x16aeb7000 database_cache.cc:236]  105 in 0.067s (loaded all 105)
I20260715 09:38:06.180356 0x16aeb7000 database_cache.cc:255] Loading pose priors...
I20260715 09:38:06.180395 0x16aeb7000 database_cache.cc:263]  0 in 0.000s
I20260715 09:38:06.180401 0x16aeb7000 database_cache.cc:271] Building correspondence graph...
I20260715 09:38:06.201641 0x16aeb7000 database_cache.cc:300]  in 0.021s (ignored 6)
W20260715 09:38:06.204918 0x16af43000 aether_sfm_c.cc:4302] [aether_sfm] finalize re-match stopped by the enrichment time budget: 241 of 241 candidate pairs left unattempted
W20260715 09:38:06.204931 0x16af43000 aether_sfm_c.cc:4356] [aether_sfm] finalize re-match: starved_frames=16 candidates=241 attempted=0 written=0 inliers=0 failed=0 gpu_fail_capture=0
I20260715 09:38:09.348420 0x16aeb7000 bundle_adjustment_ceres.cc:992] [AETHER] solver_used=DENSE_SCHUR sparse_backend=EIGEN_SPARSE dense_backend=EIGEN mixed=0 threads=3
W20260715 09:38:09.843579 0x16aeb7000 aether_sfm_c.cc:1901] [aether_sfm] postgeom-site-assignment topology phase=post_enrichment updated_rows=511 rejected_rows=0 input_inliers=549411 unique_edges=519018 assigned_inliers=518940 max_component=2
I20260715 09:38:10.535569 0x16aeb7000 incremental_pipeline.cc:325] Loading database
I20260715 09:38:10.535834 0x16aeb7000 database_cache.cc:72] Loading rigs...
I20260715 09:38:10.535841 0x16aeb7000 database_cache.cc:82]  0 in 0.000s
I20260715 09:38:10.535845 0x16aeb7000 database_cache.cc:90] Loading cameras...
I20260715 09:38:10.535853 0x16aeb7000 database_cache.cc:108]  1 in 0.000s
I20260715 09:38:10.535856 0x16aeb7000 database_cache.cc:116] Loading frames...
I20260715 09:38:10.535861 0x16aeb7000 database_cache.cc:126]  0 in 0.000s
I20260715 09:38:10.535863 0x16aeb7000 database_cache.cc:134] Loading matches...
I20260715 09:38:10.536785 0x16aeb7000 database_cache.cc:139]  517 in 0.001s
I20260715 09:38:10.536790 0x16aeb7000 database_cache.cc:147] Loading images...
I20260715 09:38:10.547588 0x16aeb7000 database_cache.cc:236]  105 in 0.011s (loaded all 105)
I20260715 09:38:10.547597 0x16aeb7000 database_cache.cc:255] Loading pose priors...
I20260715 09:38:10.547611 0x16aeb7000 database_cache.cc:263]  0 in 0.000s
I20260715 09:38:10.547614 0x16aeb7000 database_cache.cc:271] Building correspondence graph...
I20260715 09:38:10.564930 0x16aeb7000 database_cache.cc:300]  in 0.017s (ignored 6)
I20260715 09:38:10.564948 0x16aeb7000 timer.cc:90] Elapsed time: 0.000 [minutes]
W20260715 09:38:12.388109 0x16aeb7000 levenberg_marquardt_strategy.cc:123] Linear solver failure. Failed to compute a step: Eigen failure. Unable to perform dense Cholesky factorization.
W20260715 09:38:12.427086 0x16aeb7000 levenberg_marquardt_strategy.cc:123] Linear solver failure. Failed to compute a step: Eigen failure. Unable to perform dense Cholesky factorization.
W20260715 09:38:12.567508 0x16aeb7000 levenberg_marquardt_strategy.cc:123] Linear solver failure. Failed to compute a step: Eigen failure. Unable to perform dense Cholesky factorization.
W20260715 09:38:12.606513 0x16aeb7000 levenberg_marquardt_strategy.cc:123] Linear solver failure. Failed to compute a step: Eigen failure. Unable to perform dense Cholesky factorization.
W20260715 09:38:12.698638 0x16aeb7000 levenberg_marquardt_strategy.cc:123] Linear solver failure. Failed to compute a step: Eigen failure. Unable to perform dense Cholesky factorization.
W20260715 09:38:12.739168 0x16aeb7000 levenberg_marquardt_strategy.cc:123] Linear solver failure. Failed to compute a step: Eigen failure. Unable to perform dense Cholesky factorization.
W20260715 09:38:12.830682 0x16aeb7000 levenberg_marquardt_strategy.cc:123] Linear solver failure. Failed to compute a step: Eigen failure. Unable to perform dense Cholesky factorization.
W20260715 09:38:12.974950 0x16aeb7000 levenberg_marquardt_strategy.cc:123] Linear solver failure. Failed to compute a step: Eigen failure. Unable to perform dense Cholesky factorization.
W20260715 09:38:13.016992 0x16aeb7000 levenberg_marquardt_strategy.cc:123] Linear solver failure. Failed to compute a step: Eigen failure. Unable to perform dense Cholesky factorization.
W20260715 09:38:13.154617 0x16aeb7000 levenberg_marquardt_strategy.cc:123] Linear solver failure. Failed to compute a step: Eigen failure. Unable to perform dense Cholesky factorization.
W20260715 09:38:13.240202 0x16aeb7000 levenberg_marquardt_strategy.cc:123] Linear solver failure. Failed to compute a step: Eigen failure. Unable to perform dense Cholesky factorization.
W20260715 09:38:13.277198 0x16aeb7000 levenberg_marquardt_strategy.cc:123] Linear solver failure. Failed to compute a step: Eigen failure. Unable to perform dense Cholesky factorization.
I20260715 09:38:13.285146 0x16aeb7000 bundle_adjustment_ceres.cc:992] [AETHER] solver_used=DENSE_SCHUR sparse_backend=EIGEN_SPARSE dense_backend=EIGEN mixed=0 threads=6
W20260715 09:38:14.858367 0x16aeb7000 levenberg_marquardt_strategy.cc:123] Linear solver failure. Failed to compute a step: Eigen failure. Unable to perform dense Cholesky factorization.
W20260715 09:38:14.893244 0x16aeb7000 levenberg_marquardt_strategy.cc:123] Linear solver failure. Failed to compute a step: Eigen failure. Unable to perform dense Cholesky factorization.
W20260715 09:38:14.977747 0x16aeb7000 levenberg_marquardt_strategy.cc:123] Linear solver failure. Failed to compute a step: Eigen failure. Unable to perform dense Cholesky factorization.
W20260715 09:38:15.061774 0x16aeb7000 levenberg_marquardt_strategy.cc:123] Linear solver failure. Failed to compute a step: Eigen failure. Unable to perform dense Cholesky factorization.
W20260715 09:38:15.145315 0x16aeb7000 levenberg_marquardt_strategy.cc:123] Linear solver failure. Failed to compute a step: Eigen failure. Unable to perform dense Cholesky factorization.
W20260715 09:38:15.181252 0x16aeb7000 levenberg_marquardt_strategy.cc:123] Linear solver failure. Failed to compute a step: Eigen failure. Unable to perform dense Cholesky factorization.
W20260715 09:38:15.265462 0x16aeb7000 levenberg_marquardt_strategy.cc:123] Linear solver failure. Failed to compute a step: Eigen failure. Unable to perform dense Cholesky factorization.
W20260715 09:38:15.354021 0x16aeb7000 levenberg_marquardt_strategy.cc:123] Linear solver failure. Failed to compute a step: Eigen failure. Unable to perform dense Cholesky factorization.
W20260715 09:38:15.437688 0x16aeb7000 levenberg_marquardt_strategy.cc:123] Linear solver failure. Failed to compute a step: Eigen failure. Unable to perform dense Cholesky factorization.
W20260715 09:38:15.473147 0x16aeb7000 levenberg_marquardt_strategy.cc:123] Linear solver failure. Failed to compute a step: Eigen failure. Unable to perform dense Cholesky factorization.
W20260715 09:38:15.605699 0x16aeb7000 levenberg_marquardt_strategy.cc:123] Linear solver failure. Failed to compute a step: Eigen failure. Unable to perform dense Cholesky factorization.
W20260715 09:38:15.643945 0x16aeb7000 levenberg_marquardt_strategy.cc:123] Linear solver failure. Failed to compute a step: Eigen failure. Unable to perform dense Cholesky factorization.
W20260715 09:38:15.740054 0x16aeb7000 levenberg_marquardt_strategy.cc:123] Linear solver failure. Failed to compute a step: Eigen failure. Unable to perform dense Cholesky factorization.
W20260715 09:38:15.838508 0x16aeb7000 levenberg_marquardt_strategy.cc:123] Linear solver failure. Failed to compute a step: Eigen failure. Unable to perform dense Cholesky factorization.
I20260715 09:38:15.847036 0x16aeb7000 bundle_adjustment_ceres.cc:992] [AETHER] solver_used=DENSE_SCHUR sparse_backend=EIGEN_SPARSE dense_backend=EIGEN mixed=0 threads=6
I20260715 09:38:17.232833 0x16aeb7000 bundle_adjustment_ceres.cc:992] [AETHER] solver_used=DENSE_SCHUR sparse_backend=EIGEN_SPARSE dense_backend=EIGEN mixed=0 threads=6
W20260715 09:38:19.150644 0x16aeb7000 levenberg_marquardt_strategy.cc:123] Linear solver failure. Failed to compute a step: Eigen failure. Unable to perform dense Cholesky factorization.
W20260715 09:38:19.185838 0x16aeb7000 levenberg_marquardt_strategy.cc:123] Linear solver failure. Failed to compute a step: Eigen failure. Unable to perform dense Cholesky factorization.
W20260715 09:38:19.268701 0x16aeb7000 levenberg_marquardt_strategy.cc:123] Linear solver failure. Failed to compute a step: Eigen failure. Unable to perform dense Cholesky factorization.
W20260715 09:38:19.352542 0x16aeb7000 levenberg_marquardt_strategy.cc:123] Linear solver failure. Failed to compute a step: Eigen failure. Unable to perform dense Cholesky factorization.
W20260715 09:38:19.435972 0x16aeb7000 levenberg_marquardt_strategy.cc:123] Linear solver failure. Failed to compute a step: Eigen failure. Unable to perform dense Cholesky factorization.
W20260715 09:38:19.471323 0x16aeb7000 levenberg_marquardt_strategy.cc:123] Linear solver failure. Failed to compute a step: Eigen failure. Unable to perform dense Cholesky factorization.
I20260715 09:38:19.520493 0x16aeb7000 bundle_adjustment_ceres.cc:992] [AETHER] solver_used=DENSE_SCHUR sparse_backend=EIGEN_SPARSE dense_backend=EIGEN mixed=0 threads=6
W20260715 09:38:19.593591 0x16aeb7000 aether_sfm_c.cc:5460] [aether_sfm] finalize worker: cache_pre=89ms enrich=963ms stage1=3338ms (ok, rounds=1) stage2=9032ms (rounds<=4) temporal=26ms upgrade=0ms total=13763ms
REFINED finalize_ms=13948.9
RESULT incr=off n_reg=105 n_points=53563 track3plus=15883 n_obs=140095 mean_reproj_px=0.8404 stream_ms=6582.0 finalize_ms=13948.9 total_ms=20530.9
       20.85 real        35.64 user        16.66 sys
           685654016  maximum resident set size
                   0  average shared memory size
                   0  average unshared data size
                   0  average unshared stack size
               75760  page reclaims
                 335  page faults
                   0  swaps
                   0  block input operations
                   0  block output operations
                   0  messages sent
                   0  messages received
                   0  signals received
                4988  voluntary context switches
             2446507  involuntary context switches
        431220939842  instructions retired
        180514870314  cycles elapsed
           633324432  peak memory footprint
