[DawnKernelHarness] limits: invocations/wg=512 wgSizeX=512 storageBufs=10 maxBuffer=1073741824 maxStorageBinding=1073741824 (adapter: 1024 1024 10 4294967295 4294967295)
[pwofficial_gpu_match_dawn] backend=blocked(fma4x4+direct+w64+nopb+f16+keyscan3+ptr+kp,V8) adapter="Apple M3 Pro" subgroups=1 sgmatrix=1 f32_8x8x8=1 f16_f32=1 mixed=0 subgroup=[4,64] packed_dot=1 timestamp=1 limits[storage=32768 invocations=1024 sizeX=1024]
WARNING: Logging before InitGoogleLogging() is written to STDERR
I20260925 18:05:14.320019 0x1fecf6080 database_cache.cc:72] Loading rigs...
I20260925 18:05:14.320054 0x1fecf6080 database_cache.cc:82]  0 in 0.000s
I20260925 18:05:14.320064 0x1fecf6080 database_cache.cc:90] Loading cameras...
I20260925 18:05:14.320080 0x1fecf6080 database_cache.cc:108]  2 in 0.000s
I20260925 18:05:14.320090 0x1fecf6080 database_cache.cc:116] Loading frames...
I20260925 18:05:14.320102 0x1fecf6080 database_cache.cc:126]  0 in 0.000s
I20260925 18:05:14.320112 0x1fecf6080 database_cache.cc:134] Loading matches...
I20260925 18:05:14.320123 0x1fecf6080 database_cache.cc:139]  1 in 0.000s
I20260925 18:05:14.320132 0x1fecf6080 database_cache.cc:147] Loading images...
I20260925 18:05:14.320250 0x1fecf6080 database_cache.cc:236]  2 in 0.000s (loaded all 2)
I20260925 18:05:14.320259 0x1fecf6080 database_cache.cc:255] Loading pose priors...
I20260925 18:05:14.320267 0x1fecf6080 database_cache.cc:263]  0 in 0.000s
I20260925 18:05:14.320272 0x1fecf6080 database_cache.cc:271] Building correspondence graph...
I20260925 18:05:14.320318 0x1fecf6080 database_cache.cc:300]  in 0.000s (ignored 0)
I20260925 18:05:14.371581 0x1fecf6080 official_bundle_adjustment_ceres.cc:1648] [AETHER gravity] injected 3/3 roll/pitch anchors, sigma_rad=0.00872665
[AETHER BA-ORDERING] blocks=361 pts(g0)=352 cams(g1)=3 g1_all_pose=1 proven=1
I20260925 18:05:14.377127 0x1fecf6080 official_bundle_adjustment_ceres.cc:1137] [AETHER] solver_used=DENSE_SCHUR sparse_backend=EIGEN_SPARSE dense_backend=EIGEN mixed=0 threads=1
I20260925 18:05:14.377582 0x1fecf6080 official_bundle_adjustment_ceres.cc:1648] [AETHER gravity] injected 3/3 roll/pitch anchors, sigma_rad=0.00872665
[AETHER BA-ORDERING] blocks=352 pts(g0)=343 cams(g1)=3 g1_all_pose=1 proven=1
I20260925 18:05:14.379333 0x1fecf6080 official_bundle_adjustment_ceres.cc:1137] [AETHER] solver_used=DENSE_SCHUR sparse_backend=EIGEN_SPARSE dense_backend=EIGEN mixed=0 threads=1
I20260925 18:05:14.433192 0x1fecf6080 official_bundle_adjustment_ceres.cc:1648] [AETHER gravity] injected 4/4 roll/pitch anchors, sigma_rad=0.00872665
[AETHER BA-ORDERING] blocks=553 pts(g0)=542 cams(g1)=4 g1_all_pose=1 proven=1
I20260925 18:05:14.441061 0x1fecf6080 official_bundle_adjustment_ceres.cc:1137] [AETHER] solver_used=DENSE_SCHUR sparse_backend=EIGEN_SPARSE dense_backend=EIGEN mixed=0 threads=1
I20260925 18:05:14.441694 0x1fecf6080 official_bundle_adjustment_ceres.cc:1648] [AETHER gravity] injected 4/4 roll/pitch anchors, sigma_rad=0.00872665
I20260925 18:05:14.442888 0x1fecf6080 official_bundle_adjustment_ceres.cc:1137] [AETHER] solver_used=DENSE_SCHUR sparse_backend=EIGEN_SPARSE dense_backend=EIGEN mixed=0 threads=1
I20260925 18:05:14.494779 0x1fecf6080 official_bundle_adjustment_ceres.cc:1648] [AETHER gravity] injected 5/5 roll/pitch anchors, sigma_rad=0.00872665
I20260925 18:05:14.505808 0x1fecf6080 official_bundle_adjustment_ceres.cc:1137] [AETHER] solver_used=DENSE_SCHUR sparse_backend=EIGEN_SPARSE dense_backend=EIGEN mixed=0 threads=1
I20260925 18:05:14.506614 0x1fecf6080 official_bundle_adjustment_ceres.cc:1648] [AETHER gravity] injected 5/5 roll/pitch anchors, sigma_rad=0.00872665
I20260925 18:05:14.508143 0x1fecf6080 official_bundle_adjustment_ceres.cc:1137] [AETHER] solver_used=DENSE_SCHUR sparse_backend=EIGEN_SPARSE dense_backend=EIGEN mixed=0 threads=1
I20260925 18:05:14.544343 0x1fecf6080 official_bundle_adjustment_ceres.cc:1648] [AETHER gravity] injected 4/4 roll/pitch anchors, sigma_rad=0.00872665
I20260925 18:05:14.550064 0x1fecf6080 official_bundle_adjustment_ceres.cc:1137] [AETHER] solver_used=DENSE_SCHUR sparse_backend=EIGEN_SPARSE dense_backend=EIGEN mixed=0 threads=1
I20260925 18:05:14.550627 0x1fecf6080 official_bundle_adjustment_ceres.cc:1648] [AETHER gravity] injected 4/4 roll/pitch anchors, sigma_rad=0.00872665
I20260925 18:05:14.552088 0x1fecf6080 official_bundle_adjustment_ceres.cc:1137] [AETHER] solver_used=DENSE_SCHUR sparse_backend=EIGEN_SPARSE dense_backend=EIGEN mixed=0 threads=1
I20260925 18:05:14.593144 0x1fecf6080 official_bundle_adjustment_ceres.cc:1648] [AETHER gravity] injected 3/3 roll/pitch anchors, sigma_rad=0.00872665
I20260925 18:05:14.594583 0x1fecf6080 official_bundle_adjustment_ceres.cc:1137] [AETHER] solver_used=DENSE_SCHUR sparse_backend=EIGEN_SPARSE dense_backend=EIGEN mixed=0 threads=1
I20260925 18:05:14.594878 0x1fecf6080 official_bundle_adjustment_ceres.cc:1648] [AETHER gravity] injected 3/3 roll/pitch anchors, sigma_rad=0.00872665
I20260925 18:05:14.595620 0x1fecf6080 official_bundle_adjustment_ceres.cc:1137] [AETHER] solver_used=DENSE_SCHUR sparse_backend=EIGEN_SPARSE dense_backend=EIGEN mixed=0 threads=1
I20260925 18:05:14.640909 0x1fecf6080 official_bundle_adjustment_ceres.cc:1648] [AETHER gravity] injected 2/2 roll/pitch anchors, sigma_rad=0.00872665
I20260925 18:05:14.641188 0x1fecf6080 official_bundle_adjustment_ceres.cc:1137] [AETHER] solver_used=DENSE_SCHUR sparse_backend=EIGEN_SPARSE dense_backend=EIGEN mixed=0 threads=1
I20260925 18:05:14.641889 0x1fecf6080 official_bundle_adjustment_ceres.cc:1648] [AETHER gravity] injected 3/3 roll/pitch anchors, sigma_rad=0.00872665
I20260925 18:05:14.642896 0x1fecf6080 official_bundle_adjustment_ceres.cc:1137] [AETHER] solver_used=DENSE_SCHUR sparse_backend=EIGEN_SPARSE dense_backend=EIGEN mixed=0 threads=1
I20260925 18:05:14.797588 0x1fecf6080 official_bundle_adjustment_ceres.cc:1648] [AETHER gravity] injected 2/2 roll/pitch anchors, sigma_rad=0.00872665
I20260925 18:05:14.797826 0x1fecf6080 official_bundle_adjustment_ceres.cc:1137] [AETHER] solver_used=DENSE_SCHUR sparse_backend=EIGEN_SPARSE dense_backend=EIGEN mixed=0 threads=1
I20260925 18:05:14.797965 0x1fecf6080 official_bundle_adjustment_ceres.cc:1648] [AETHER gravity] injected 2/2 roll/pitch anchors, sigma_rad=0.00872665
I20260925 18:05:14.798006 0x1fecf6080 official_bundle_adjustment_ceres.cc:1137] [AETHER] solver_used=DENSE_SCHUR sparse_backend=EIGEN_SPARSE dense_backend=EIGEN mixed=0 threads=1
I20260925 18:05:14.883241 0x1fecf6080 official_bundle_adjustment_ceres.cc:1648] [AETHER gravity] injected 2/2 roll/pitch anchors, sigma_rad=0.00872665
I20260925 18:05:14.885022 0x1fecf6080 official_bundle_adjustment_ceres.cc:1137] [AETHER] solver_used=DENSE_SCHUR sparse_backend=EIGEN_SPARSE dense_backend=EIGEN mixed=0 threads=1
I20260925 18:05:14.885645 0x1fecf6080 official_bundle_adjustment_ceres.cc:1648] [AETHER gravity] injected 3/3 roll/pitch anchors, sigma_rad=0.00872665
I20260925 18:05:14.886946 0x1fecf6080 official_bundle_adjustment_ceres.cc:1137] [AETHER] solver_used=DENSE_SCHUR sparse_backend=EIGEN_SPARSE dense_backend=EIGEN mixed=0 threads=1
I20260925 18:05:14.943459 0x1fecf6080 official_bundle_adjustment_ceres.cc:1648] [AETHER gravity] injected 2/2 roll/pitch anchors, sigma_rad=0.00872665
I20260925 18:05:14.943977 0x1fecf6080 official_bundle_adjustment_ceres.cc:1137] [AETHER] solver_used=DENSE_SCHUR sparse_backend=EIGEN_SPARSE dense_backend=EIGEN mixed=0 threads=1
I20260925 18:05:15.024639 0x1fecf6080 official_bundle_adjustment_ceres.cc:1648] [AETHER gravity] injected 5/5 roll/pitch anchors, sigma_rad=0.00872665
I20260925 18:05:15.030955 0x1fecf6080 official_bundle_adjustment_ceres.cc:1137] [AETHER] solver_used=DENSE_SCHUR sparse_backend=EIGEN_SPARSE dense_backend=EIGEN mixed=0 threads=1
I20260925 18:05:15.031777 0x1fecf6080 official_bundle_adjustment_ceres.cc:1648] [AETHER gravity] injected 5/5 roll/pitch anchors, sigma_rad=0.00872665
I20260925 18:05:15.033090 0x1fecf6080 official_bundle_adjustment_ceres.cc:1137] [AETHER] solver_used=DENSE_SCHUR sparse_backend=EIGEN_SPARSE dense_backend=EIGEN mixed=0 threads=1
I20260925 18:05:15.080385 0x1fecf6080 official_bundle_adjustment_ceres.cc:1648] [AETHER gravity] injected 4/4 roll/pitch anchors, sigma_rad=0.00872665
I20260925 18:05:15.083735 0x1fecf6080 official_bundle_adjustment_ceres.cc:1137] [AETHER] solver_used=DENSE_SCHUR sparse_backend=EIGEN_SPARSE dense_backend=EIGEN mixed=0 threads=1
I20260925 18:05:15.084555 0x1fecf6080 official_bundle_adjustment_ceres.cc:1648] [AETHER gravity] injected 6/6 roll/pitch anchors, sigma_rad=0.00872665
I20260925 18:05:15.086630 0x1fecf6080 official_bundle_adjustment_ceres.cc:1137] [AETHER] solver_used=DENSE_SCHUR sparse_backend=EIGEN_SPARSE dense_backend=EIGEN mixed=0 threads=1
I20260925 18:05:15.163103 0x1fecf6080 official_bundle_adjustment_ceres.cc:1648] [AETHER gravity] injected 5/5 roll/pitch anchors, sigma_rad=0.00872665
I20260925 18:05:15.171657 0x1fecf6080 official_bundle_adjustment_ceres.cc:1137] [AETHER] solver_used=DENSE_SCHUR sparse_backend=EIGEN_SPARSE dense_backend=EIGEN mixed=0 threads=1
I20260925 18:05:15.173018 0x1fecf6080 official_bundle_adjustment_ceres.cc:1648] [AETHER gravity] injected 5/5 roll/pitch anchors, sigma_rad=0.00872665
I20260925 18:05:15.174957 0x1fecf6080 official_bundle_adjustment_ceres.cc:1137] [AETHER] solver_used=DENSE_SCHUR sparse_backend=EIGEN_SPARSE dense_backend=EIGEN mixed=0 threads=1
I20260925 18:05:15.352961 0x1fecf6080 official_bundle_adjustment_ceres.cc:1648] [AETHER gravity] injected 3/3 roll/pitch anchors, sigma_rad=0.00872665
I20260925 18:05:15.357480 0x1fecf6080 official_bundle_adjustment_ceres.cc:1137] [AETHER] solver_used=DENSE_SCHUR sparse_backend=EIGEN_SPARSE dense_backend=EIGEN mixed=0 threads=1
I20260925 18:05:15.358344 0x1fecf6080 official_bundle_adjustment_ceres.cc:1648] [AETHER gravity] injected 3/3 roll/pitch anchors, sigma_rad=0.00872665
W20260925 18:05:15.362224 0x1fecf6080 levenberg_marquardt_strategy.cc:123] Linear solver failure. Failed to compute a step: Eigen failure. Unable to perform dense Cholesky factorization.
I20260925 18:05:15.362394 0x1fecf6080 official_bundle_adjustment_ceres.cc:1137] [AETHER] solver_used=DENSE_SCHUR sparse_backend=EIGEN_SPARSE dense_backend=EIGEN mixed=0 threads=1
I20260925 18:05:15.404806 0x1fecf6080 official_bundle_adjustment_ceres.cc:1648] [AETHER gravity] injected 4/4 roll/pitch anchors, sigma_rad=0.00872665
I20260925 18:05:15.408383 0x1fecf6080 official_bundle_adjustment_ceres.cc:1137] [AETHER] solver_used=DENSE_SCHUR sparse_backend=EIGEN_SPARSE dense_backend=EIGEN mixed=0 threads=1
I20260925 18:05:15.409042 0x1fecf6080 official_bundle_adjustment_ceres.cc:1648] [AETHER gravity] injected 4/4 roll/pitch anchors, sigma_rad=0.00872665
I20260925 18:05:15.410319 0x1fecf6080 official_bundle_adjustment_ceres.cc:1137] [AETHER] solver_used=DENSE_SCHUR sparse_backend=EIGEN_SPARSE dense_backend=EIGEN mixed=0 threads=1
I20260925 18:05:15.411351 0x16b477000 database_cache.cc:72] Loading rigs...
I20260925 18:05:15.411365 0x16b477000 database_cache.cc:82]  0 in 0.000s
I20260925 18:05:15.411372 0x16b477000 database_cache.cc:90] Loading cameras...
I20260925 18:05:15.411385 0x16b477000 database_cache.cc:108]  20 in 0.000s
I20260925 18:05:15.411390 0x16b477000 database_cache.cc:116] Loading frames...
I20260925 18:05:15.411397 0x16b477000 database_cache.cc:126]  0 in 0.000s
I20260925 18:05:15.411401 0x16b477000 database_cache.cc:134] Loading matches...
I20260925 18:05:15.411446 0x16b477000 database_cache.cc:139]  51 in 0.000s
I20260925 18:05:15.411450 0x16b477000 database_cache.cc:147] Loading images...
I20260925 18:05:15.412274 0x16b477000 database_cache.cc:236]  20 in 0.001s (loaded all 20)
I20260925 18:05:15.412280 0x16b477000 database_cache.cc:255] Loading pose priors...
I20260925 18:05:15.412288 0x16b477000 database_cache.cc:263]  0 in 0.000s
I20260925 18:05:15.412291 0x16b477000 database_cache.cc:271] Building correspondence graph...
I20260925 18:05:15.412764 0x16b477000 database_cache.cc:300]  in 0.000s (ignored 0)
I20260925 18:05:15.415445 0x16b477000 official_bundle_adjustment_ceres.cc:1648] [AETHER gravity] injected 17/18 roll/pitch anchors, sigma_rad=0.00872665
I20260925 18:05:15.466592 0x16b477000 official_bundle_adjustment_ceres.cc:1137] [AETHER] solver_used=DENSE_SCHUR sparse_backend=EIGEN_SPARSE dense_backend=EIGEN mixed=0 threads=6
I20260925 18:05:15.469456 0x16b477000 official_bundle_adjustment_ceres.cc:1648] [AETHER gravity] injected 17/18 roll/pitch anchors, sigma_rad=0.00872665
I20260925 18:05:15.493721 0x16b477000 official_bundle_adjustment_ceres.cc:1137] [AETHER] solver_used=DENSE_SCHUR sparse_backend=EIGEN_SPARSE dense_backend=EIGEN mixed=0 threads=6
I20260925 18:05:15.495987 0x16b477000 official_bundle_adjustment_ceres.cc:1648] [AETHER gravity] injected 17/18 roll/pitch anchors, sigma_rad=0.00872665
I20260925 18:05:15.526040 0x16b477000 official_bundle_adjustment_ceres.cc:1137] [AETHER] solver_used=DENSE_SCHUR sparse_backend=EIGEN_SPARSE dense_backend=EIGEN mixed=0 threads=6
I20260925 18:05:15.528119 0x16b477000 official_bundle_adjustment_ceres.cc:1648] [AETHER gravity] injected 17/18 roll/pitch anchors, sigma_rad=0.00872665
I20260925 18:05:15.578245 0x16b477000 official_bundle_adjustment_ceres.cc:1137] [AETHER] solver_used=DENSE_SCHUR sparse_backend=EIGEN_SPARSE dense_backend=EIGEN mixed=0 threads=6
I20260925 18:05:15.580374 0x16b477000 official_bundle_adjustment_ceres.cc:1648] [AETHER gravity] injected 17/18 roll/pitch anchors, sigma_rad=0.00872665
I20260925 18:05:15.613587 0x16b477000 official_bundle_adjustment_ceres.cc:1137] [AETHER] solver_used=DENSE_SCHUR sparse_backend=EIGEN_SPARSE dense_backend=EIGEN mixed=0 threads=6
W20260925 18:05:15.652529 0x16b503000 official_aether_sfm_c.cc:6907] [aether_sfm] finalize re-match: starved_frames=10 candidates=114 attempted=114 written=0 inliers=0 failed=0 gpu_fail_capture=0 probe_debt_repaid=0 probe_debt_left=0
W20260925 18:05:15.722268 0x16b503000 official_aether_sfm_c.cc:7348] [aether_sfm] official quadratic overlap: overlap=10 candidates=42 written=0 in 69.6563 ms
I20260925 18:05:15.733440 0x16b477000 official_incremental_pipeline.cc:323] Loading database
I20260925 18:05:15.733473 0x16b477000 database_cache.cc:72] Loading rigs...
I20260925 18:05:15.733484 0x16b477000 database_cache.cc:82]  0 in 0.000s
I20260925 18:05:15.733489 0x16b477000 database_cache.cc:90] Loading cameras...
I20260925 18:05:15.733505 0x16b477000 database_cache.cc:108]  20 in 0.000s
I20260925 18:05:15.733511 0x16b477000 database_cache.cc:116] Loading frames...
I20260925 18:05:15.733518 0x16b477000 database_cache.cc:126]  0 in 0.000s
I20260925 18:05:15.733522 0x16b477000 database_cache.cc:134] Loading matches...
I20260925 18:05:15.733574 0x16b477000 database_cache.cc:139]  51 in 0.000s
I20260925 18:05:15.733579 0x16b477000 database_cache.cc:147] Loading images...
I20260925 18:05:15.734581 0x16b477000 database_cache.cc:236]  20 in 0.001s (loaded all 20)
I20260925 18:05:15.734588 0x16b477000 database_cache.cc:255] Loading pose priors...
I20260925 18:05:15.734596 0x16b477000 database_cache.cc:263]  0 in 0.000s
I20260925 18:05:15.734601 0x16b477000 database_cache.cc:271] Building correspondence graph...
I20260925 18:05:15.735083 0x16b477000 database_cache.cc:300]  in 0.000s (ignored 0)
I20260925 18:05:15.735090 0x16b477000 timer.cc:90] Elapsed time: 0.000 [minutes]
I20260925 18:05:15.737817 0x16b477000 official_bundle_adjustment_ceres.cc:1648] [AETHER gravity] injected 17/18 roll/pitch anchors, sigma_rad=0.00872665
I20260925 18:05:15.787397 0x16b477000 official_bundle_adjustment_ceres.cc:1137] [AETHER] solver_used=DENSE_SCHUR sparse_backend=EIGEN_SPARSE dense_backend=EIGEN mixed=0 threads=6
W20260925 18:05:15.788459 0x16b477000 official_aether_sfm_c.cc:9530] [frame-loss] before=20 after=18 lost_zero_obs=2 lost_with_obs=0 | frame_000008.jpg(obs=0) frame_000016.jpg(obs=0)
W20260925 18:05:15.788686 0x16b477000 official_aether_sfm_c.cc:9614] [aether_sfm] finalize worker: cache_pre=1ms enrich=319ms stage1=201ms (ok, rounds=5) stage2=56ms (rounds<=1) temporal=0ms upgrade=0ms total=377ms
W20260925 18:05:15.788887 0x16b477000 official_aether_sfm_c.cc:9643] [aether_sfm] delivered-point provenance: live-created=1531 official-retriangulated=116 live-dropped-by-official-filtering=130 (live model had 1661; capture-time official TriangulateImage added 0 obs)
W20260925 18:05:15.788993 0x16b477000 official_aether_sfm_c.cc:8066] [device-align-v1] status=aligned pairs=18 inliers=18 max_error_m=0.111819 scale=1.02693 centre_err_median_m=0.0233086 centre_err_max_m=0.0758036 outliers=0
W20260925 18:05:15.835276 0x1fecf6080 official_aether_sfm_c.cc:13097] [aether_sfm] deliver-filter(get_points_tracked): kept 1630/1647 (min_tri_angle=3deg, mirror_ghost=0, isolated_floater=13, killed_union=13)
[pwofficial_gpu_match_dawn] device lost #1 reason=2 rc=8: Device was destroyed.
        1.73 real         0.88 user         0.61 sys
           108216320  maximum resident set size
                   0  average shared memory size
                   0  average unshared data size
                   0  average unshared stack size
               35123  page reclaims
                  14  page faults
                   0  swaps
                   0  block input operations
                   0  block output operations
                   0  messages sent
                   0  messages received
                   0  signals received
                  51  voluntary context switches
               88616  involuntary context switches
         12300360611  instructions retired
          4990926941  cycles elapsed
           308970168  peak memory footprint
