[DawnKernelHarness] limits: invocations/wg=512 wgSizeX=512 storageBufs=10 maxBuffer=1073741824 maxStorageBinding=1073741824 (adapter: 1024 1024 10 4294967295 4294967295)
[pwofficial_gpu_match_dawn] backend=blocked(fma4x4+direct+w64+nopb+f16+keyscan3+ptr+kp,V8) adapter="Apple M3 Pro" subgroups=1 sgmatrix=1 f32_8x8x8=1 f16_f32=1 mixed=0 subgroup=[4,64] packed_dot=1 timestamp=1 limits[storage=32768 invocations=1024 sizeX=1024]
WARNING: Logging before InitGoogleLogging() is written to STDERR
I20260925 14:50:09.085288 0x1fecf6080 database_cache.cc:72] Loading rigs...
I20260925 14:50:09.085327 0x1fecf6080 database_cache.cc:82]  0 in 0.000s
I20260925 14:50:09.085334 0x1fecf6080 database_cache.cc:90] Loading cameras...
I20260925 14:50:09.085346 0x1fecf6080 database_cache.cc:108]  2 in 0.000s
I20260925 14:50:09.085354 0x1fecf6080 database_cache.cc:116] Loading frames...
I20260925 14:50:09.085362 0x1fecf6080 database_cache.cc:126]  0 in 0.000s
I20260925 14:50:09.085367 0x1fecf6080 database_cache.cc:134] Loading matches...
I20260925 14:50:09.085375 0x1fecf6080 database_cache.cc:139]  1 in 0.000s
I20260925 14:50:09.085381 0x1fecf6080 database_cache.cc:147] Loading images...
I20260925 14:50:09.085501 0x1fecf6080 database_cache.cc:236]  2 in 0.000s (loaded all 2)
I20260925 14:50:09.085506 0x1fecf6080 database_cache.cc:255] Loading pose priors...
I20260925 14:50:09.085513 0x1fecf6080 database_cache.cc:263]  0 in 0.000s
I20260925 14:50:09.085517 0x1fecf6080 database_cache.cc:271] Building correspondence graph...
I20260925 14:50:09.085562 0x1fecf6080 database_cache.cc:300]  in 0.000s (ignored 0)
I20260925 14:50:09.192214 0x1fecf6080 official_bundle_adjustment_ceres.cc:1648] [AETHER gravity] injected 3/3 roll/pitch anchors, sigma_rad=0.00872665
[AETHER BA-ORDERING] blocks=642 pts(g0)=633 cams(g1)=3 g1_all_pose=1 proven=1
I20260925 14:50:09.200560 0x1fecf6080 official_bundle_adjustment_ceres.cc:1137] [AETHER] solver_used=DENSE_SCHUR sparse_backend=EIGEN_SPARSE dense_backend=EIGEN mixed=0 threads=1
I20260925 14:50:09.201293 0x1fecf6080 official_bundle_adjustment_ceres.cc:1648] [AETHER gravity] injected 3/3 roll/pitch anchors, sigma_rad=0.00872665
[AETHER BA-ORDERING] blocks=635 pts(g0)=626 cams(g1)=3 g1_all_pose=1 proven=1
I20260925 14:50:09.203012 0x1fecf6080 official_bundle_adjustment_ceres.cc:1137] [AETHER] solver_used=DENSE_SCHUR sparse_backend=EIGEN_SPARSE dense_backend=EIGEN mixed=0 threads=1
I20260925 14:50:09.303453 0x1fecf6080 official_bundle_adjustment_ceres.cc:1648] [AETHER gravity] injected 4/4 roll/pitch anchors, sigma_rad=0.00872665
[AETHER BA-ORDERING] blocks=1031 pts(g0)=1020 cams(g1)=4 g1_all_pose=1 proven=1
I20260925 14:50:09.320540 0x1fecf6080 official_bundle_adjustment_ceres.cc:1137] [AETHER] solver_used=DENSE_SCHUR sparse_backend=EIGEN_SPARSE dense_backend=EIGEN mixed=0 threads=1
I20260925 14:50:09.321735 0x1fecf6080 official_bundle_adjustment_ceres.cc:1648] [AETHER gravity] injected 4/4 roll/pitch anchors, sigma_rad=0.00872665
I20260925 14:50:09.325162 0x1fecf6080 official_bundle_adjustment_ceres.cc:1137] [AETHER] solver_used=DENSE_SCHUR sparse_backend=EIGEN_SPARSE dense_backend=EIGEN mixed=0 threads=1
I20260925 14:50:09.416530 0x1fecf6080 official_bundle_adjustment_ceres.cc:1648] [AETHER gravity] injected 5/5 roll/pitch anchors, sigma_rad=0.00872665
I20260925 14:50:09.433644 0x1fecf6080 official_bundle_adjustment_ceres.cc:1137] [AETHER] solver_used=DENSE_SCHUR sparse_backend=EIGEN_SPARSE dense_backend=EIGEN mixed=0 threads=1
I20260925 14:50:09.434939 0x1fecf6080 official_bundle_adjustment_ceres.cc:1648] [AETHER gravity] injected 5/5 roll/pitch anchors, sigma_rad=0.00872665
I20260925 14:50:09.439718 0x1fecf6080 official_bundle_adjustment_ceres.cc:1137] [AETHER] solver_used=DENSE_SCHUR sparse_backend=EIGEN_SPARSE dense_backend=EIGEN mixed=0 threads=1
I20260925 14:50:09.521742 0x1fecf6080 official_bundle_adjustment_ceres.cc:1648] [AETHER gravity] injected 6/6 roll/pitch anchors, sigma_rad=0.00872665
I20260925 14:50:09.543042 0x1fecf6080 official_bundle_adjustment_ceres.cc:1137] [AETHER] solver_used=DENSE_SCHUR sparse_backend=EIGEN_SPARSE dense_backend=EIGEN mixed=0 threads=1
I20260925 14:50:09.544373 0x1fecf6080 official_bundle_adjustment_ceres.cc:1648] [AETHER gravity] injected 6/6 roll/pitch anchors, sigma_rad=0.00872665
I20260925 14:50:09.549494 0x1fecf6080 official_bundle_adjustment_ceres.cc:1137] [AETHER] solver_used=DENSE_SCHUR sparse_backend=EIGEN_SPARSE dense_backend=EIGEN mixed=0 threads=1
I20260925 14:50:09.645796 0x1fecf6080 official_bundle_adjustment_ceres.cc:1648] [AETHER gravity] injected 6/6 roll/pitch anchors, sigma_rad=0.00872665
I20260925 14:50:09.666980 0x1fecf6080 official_bundle_adjustment_ceres.cc:1137] [AETHER] solver_used=DENSE_SCHUR sparse_backend=EIGEN_SPARSE dense_backend=EIGEN mixed=0 threads=6
I20260925 14:50:09.668573 0x1fecf6080 official_bundle_adjustment_ceres.cc:1648] [AETHER gravity] injected 6/6 roll/pitch anchors, sigma_rad=0.00872665
I20260925 14:50:09.672433 0x1fecf6080 official_bundle_adjustment_ceres.cc:1137] [AETHER] solver_used=DENSE_SCHUR sparse_backend=EIGEN_SPARSE dense_backend=EIGEN mixed=0 threads=6
I20260925 14:50:09.737946 0x1fecf6080 official_bundle_adjustment_ceres.cc:1648] [AETHER gravity] injected 6/6 roll/pitch anchors, sigma_rad=0.00872665
I20260925 14:50:09.752108 0x1fecf6080 official_bundle_adjustment_ceres.cc:1137] [AETHER] solver_used=DENSE_SCHUR sparse_backend=EIGEN_SPARSE dense_backend=EIGEN mixed=0 threads=1
I20260925 14:50:09.753718 0x1fecf6080 official_bundle_adjustment_ceres.cc:1648] [AETHER gravity] injected 6/6 roll/pitch anchors, sigma_rad=0.00872665
I20260925 14:50:09.756902 0x1fecf6080 official_bundle_adjustment_ceres.cc:1137] [AETHER] solver_used=DENSE_SCHUR sparse_backend=EIGEN_SPARSE dense_backend=EIGEN mixed=0 threads=1
I20260925 14:50:09.838423 0x1fecf6080 official_bundle_adjustment_ceres.cc:1648] [AETHER gravity] injected 6/6 roll/pitch anchors, sigma_rad=0.00872665
I20260925 14:50:09.859054 0x1fecf6080 official_bundle_adjustment_ceres.cc:1137] [AETHER] solver_used=DENSE_SCHUR sparse_backend=EIGEN_SPARSE dense_backend=EIGEN mixed=0 threads=1
I20260925 14:50:09.860640 0x1fecf6080 official_bundle_adjustment_ceres.cc:1648] [AETHER gravity] injected 6/6 roll/pitch anchors, sigma_rad=0.00872665
I20260925 14:50:09.864937 0x1fecf6080 official_bundle_adjustment_ceres.cc:1137] [AETHER] solver_used=DENSE_SCHUR sparse_backend=EIGEN_SPARSE dense_backend=EIGEN mixed=0 threads=6
I20260925 14:50:09.919141 0x1fecf6080 official_bundle_adjustment_ceres.cc:1648] [AETHER gravity] injected 2/2 roll/pitch anchors, sigma_rad=0.00872665
I20260925 14:50:09.919856 0x1fecf6080 official_bundle_adjustment_ceres.cc:1137] [AETHER] solver_used=DENSE_SCHUR sparse_backend=EIGEN_SPARSE dense_backend=EIGEN mixed=0 threads=1
I20260925 14:50:09.920409 0x1fecf6080 official_bundle_adjustment_ceres.cc:1648] [AETHER gravity] injected 2/2 roll/pitch anchors, sigma_rad=0.00872665
I20260925 14:50:09.921059 0x1fecf6080 official_bundle_adjustment_ceres.cc:1137] [AETHER] solver_used=DENSE_SCHUR sparse_backend=EIGEN_SPARSE dense_backend=EIGEN mixed=0 threads=1
I20260925 14:50:10.187370 0x1fecf6080 official_bundle_adjustment_ceres.cc:1648] [AETHER gravity] injected 3/3 roll/pitch anchors, sigma_rad=0.00872665
I20260925 14:50:10.190490 0x1fecf6080 official_bundle_adjustment_ceres.cc:1137] [AETHER] solver_used=DENSE_SCHUR sparse_backend=EIGEN_SPARSE dense_backend=EIGEN mixed=0 threads=1
I20260925 14:50:10.191214 0x1fecf6080 official_bundle_adjustment_ceres.cc:1648] [AETHER gravity] injected 3/3 roll/pitch anchors, sigma_rad=0.00872665
I20260925 14:50:10.192563 0x1fecf6080 official_bundle_adjustment_ceres.cc:1137] [AETHER] solver_used=DENSE_SCHUR sparse_backend=EIGEN_SPARSE dense_backend=EIGEN mixed=0 threads=1
I20260925 14:50:10.294171 0x1fecf6080 official_bundle_adjustment_ceres.cc:1648] [AETHER gravity] injected 3/3 roll/pitch anchors, sigma_rad=0.00872665
I20260925 14:50:10.296497 0x1fecf6080 official_bundle_adjustment_ceres.cc:1137] [AETHER] solver_used=DENSE_SCHUR sparse_backend=EIGEN_SPARSE dense_backend=EIGEN mixed=0 threads=1
I20260925 14:50:10.297254 0x1fecf6080 official_bundle_adjustment_ceres.cc:1648] [AETHER gravity] injected 4/4 roll/pitch anchors, sigma_rad=0.00872665
I20260925 14:50:10.299197 0x1fecf6080 official_bundle_adjustment_ceres.cc:1137] [AETHER] solver_used=DENSE_SCHUR sparse_backend=EIGEN_SPARSE dense_backend=EIGEN mixed=0 threads=1
I20260925 14:50:10.333103 0x1fecf6080 official_bundle_adjustment_ceres.cc:1648] [AETHER gravity] injected 4/4 roll/pitch anchors, sigma_rad=0.00872665
I20260925 14:50:10.341823 0x1fecf6080 official_bundle_adjustment_ceres.cc:1137] [AETHER] solver_used=DENSE_SCHUR sparse_backend=EIGEN_SPARSE dense_backend=EIGEN mixed=0 threads=1
I20260925 14:50:10.343000 0x1fecf6080 official_bundle_adjustment_ceres.cc:1648] [AETHER gravity] injected 4/4 roll/pitch anchors, sigma_rad=0.00872665
I20260925 14:50:10.346420 0x1fecf6080 official_bundle_adjustment_ceres.cc:1137] [AETHER] solver_used=DENSE_SCHUR sparse_backend=EIGEN_SPARSE dense_backend=EIGEN mixed=0 threads=1
I20260925 14:50:10.376557 0x1fecf6080 official_bundle_adjustment_ceres.cc:1648] [AETHER gravity] injected 4/4 roll/pitch anchors, sigma_rad=0.00872665
I20260925 14:50:10.382175 0x1fecf6080 official_bundle_adjustment_ceres.cc:1137] [AETHER] solver_used=DENSE_SCHUR sparse_backend=EIGEN_SPARSE dense_backend=EIGEN mixed=0 threads=1
I20260925 14:50:10.383138 0x1fecf6080 official_bundle_adjustment_ceres.cc:1648] [AETHER gravity] injected 4/4 roll/pitch anchors, sigma_rad=0.00872665
I20260925 14:50:10.384934 0x1fecf6080 official_bundle_adjustment_ceres.cc:1137] [AETHER] solver_used=DENSE_SCHUR sparse_backend=EIGEN_SPARSE dense_backend=EIGEN mixed=0 threads=1
I20260925 14:50:10.425700 0x1fecf6080 official_bundle_adjustment_ceres.cc:1648] [AETHER gravity] injected 5/5 roll/pitch anchors, sigma_rad=0.00872665
I20260925 14:50:10.437190 0x1fecf6080 official_bundle_adjustment_ceres.cc:1137] [AETHER] solver_used=DENSE_SCHUR sparse_backend=EIGEN_SPARSE dense_backend=EIGEN mixed=0 threads=1
I20260925 14:50:10.439074 0x1fecf6080 official_bundle_adjustment_ceres.cc:1648] [AETHER gravity] injected 6/6 roll/pitch anchors, sigma_rad=0.00872665
I20260925 14:50:10.443313 0x1fecf6080 official_bundle_adjustment_ceres.cc:1137] [AETHER] solver_used=DENSE_SCHUR sparse_backend=EIGEN_SPARSE dense_backend=EIGEN mixed=0 threads=6
I20260925 14:50:10.499891 0x1fecf6080 official_bundle_adjustment_ceres.cc:1648] [AETHER gravity] injected 6/6 roll/pitch anchors, sigma_rad=0.00872665
I20260925 14:50:10.517779 0x1fecf6080 official_bundle_adjustment_ceres.cc:1137] [AETHER] solver_used=DENSE_SCHUR sparse_backend=EIGEN_SPARSE dense_backend=EIGEN mixed=0 threads=1
I20260925 14:50:10.519487 0x1fecf6080 official_bundle_adjustment_ceres.cc:1648] [AETHER gravity] injected 6/6 roll/pitch anchors, sigma_rad=0.00872665
I20260925 14:50:10.522526 0x1fecf6080 official_bundle_adjustment_ceres.cc:1137] [AETHER] solver_used=DENSE_SCHUR sparse_backend=EIGEN_SPARSE dense_backend=EIGEN mixed=0 threads=1
I20260925 14:50:10.586873 0x1fecf6080 official_bundle_adjustment_ceres.cc:1648] [AETHER gravity] injected 6/6 roll/pitch anchors, sigma_rad=0.00872665
I20260925 14:50:10.600309 0x1fecf6080 official_bundle_adjustment_ceres.cc:1137] [AETHER] solver_used=DENSE_SCHUR sparse_backend=EIGEN_SPARSE dense_backend=EIGEN mixed=0 threads=1
I20260925 14:50:10.601854 0x1fecf6080 official_bundle_adjustment_ceres.cc:1648] [AETHER gravity] injected 6/6 roll/pitch anchors, sigma_rad=0.00872665
I20260925 14:50:10.604617 0x1fecf6080 official_bundle_adjustment_ceres.cc:1137] [AETHER] solver_used=DENSE_SCHUR sparse_backend=EIGEN_SPARSE dense_backend=EIGEN mixed=0 threads=1
I20260925 14:50:10.671796 0x16b16f000 database_cache.cc:72] Loading rigs...
I20260925 14:50:10.671815 0x16b16f000 database_cache.cc:82]  0 in 0.000s
I20260925 14:50:10.671821 0x16b16f000 database_cache.cc:90] Loading cameras...
I20260925 14:50:10.671838 0x16b16f000 database_cache.cc:108]  20 in 0.000s
I20260925 14:50:10.671843 0x16b16f000 database_cache.cc:116] Loading frames...
I20260925 14:50:10.671851 0x16b16f000 database_cache.cc:126]  0 in 0.000s
I20260925 14:50:10.671855 0x16b16f000 database_cache.cc:134] Loading matches...
I20260925 14:50:10.671904 0x16b16f000 database_cache.cc:139]  62 in 0.000s
I20260925 14:50:10.671913 0x16b16f000 database_cache.cc:147] Loading images...
I20260925 14:50:10.672703 0x16b16f000 database_cache.cc:236]  20 in 0.001s (loaded all 20)
I20260925 14:50:10.672708 0x16b16f000 database_cache.cc:255] Loading pose priors...
I20260925 14:50:10.672716 0x16b16f000 database_cache.cc:263]  0 in 0.000s
I20260925 14:50:10.672720 0x16b16f000 database_cache.cc:271] Building correspondence graph...
I20260925 14:50:10.673308 0x16b16f000 database_cache.cc:300]  in 0.001s (ignored 0)
I20260925 14:50:10.676615 0x16b16f000 official_bundle_adjustment_ceres.cc:1648] [AETHER gravity] injected 16/17 roll/pitch anchors, sigma_rad=0.00872665
I20260925 14:50:10.725323 0x16b16f000 official_bundle_adjustment_ceres.cc:1137] [AETHER] solver_used=DENSE_SCHUR sparse_backend=EIGEN_SPARSE dense_backend=EIGEN mixed=0 threads=6
I20260925 14:50:10.728798 0x16b16f000 official_bundle_adjustment_ceres.cc:1648] [AETHER gravity] injected 16/17 roll/pitch anchors, sigma_rad=0.00872665
I20260925 14:50:10.779445 0x16b16f000 official_bundle_adjustment_ceres.cc:1137] [AETHER] solver_used=DENSE_SCHUR sparse_backend=EIGEN_SPARSE dense_backend=EIGEN mixed=0 threads=6
I20260925 14:50:10.782783 0x16b16f000 official_bundle_adjustment_ceres.cc:1648] [AETHER gravity] injected 16/17 roll/pitch anchors, sigma_rad=0.00872665
I20260925 14:50:10.827590 0x16b16f000 official_bundle_adjustment_ceres.cc:1137] [AETHER] solver_used=DENSE_SCHUR sparse_backend=EIGEN_SPARSE dense_backend=EIGEN mixed=0 threads=6
I20260925 14:50:10.830847 0x16b16f000 official_bundle_adjustment_ceres.cc:1648] [AETHER gravity] injected 16/17 roll/pitch anchors, sigma_rad=0.00872665
I20260925 14:50:10.858830 0x16b16f000 official_bundle_adjustment_ceres.cc:1137] [AETHER] solver_used=DENSE_SCHUR sparse_backend=EIGEN_SPARSE dense_backend=EIGEN mixed=0 threads=6
I20260925 14:50:10.861906 0x16b16f000 official_bundle_adjustment_ceres.cc:1648] [AETHER gravity] injected 16/17 roll/pitch anchors, sigma_rad=0.00872665
I20260925 14:50:10.876595 0x16b16f000 official_bundle_adjustment_ceres.cc:1137] [AETHER] solver_used=DENSE_SCHUR sparse_backend=EIGEN_SPARSE dense_backend=EIGEN mixed=0 threads=6
W20260925 14:50:10.917472 0x16b1fb000 official_aether_sfm_c.cc:6907] [aether_sfm] finalize re-match: starved_frames=8 candidates=100 attempted=100 written=0 inliers=0 failed=0 gpu_fail_capture=0 probe_debt_repaid=0 probe_debt_left=0
W20260925 14:50:10.984252 0x16b1fb000 official_aether_sfm_c.cc:7348] [aether_sfm] official quadratic overlap: overlap=10 candidates=42 written=0 in 66.6095 ms
I20260925 14:50:10.989968 0x16b16f000 official_incremental_pipeline.cc:323] Loading database
I20260925 14:50:10.990002 0x16b16f000 database_cache.cc:72] Loading rigs...
I20260925 14:50:10.990011 0x16b16f000 database_cache.cc:82]  0 in 0.000s
I20260925 14:50:10.990016 0x16b16f000 database_cache.cc:90] Loading cameras...
I20260925 14:50:10.990032 0x16b16f000 database_cache.cc:108]  20 in 0.000s
I20260925 14:50:10.990036 0x16b16f000 database_cache.cc:116] Loading frames...
I20260925 14:50:10.990042 0x16b16f000 database_cache.cc:126]  0 in 0.000s
I20260925 14:50:10.990046 0x16b16f000 database_cache.cc:134] Loading matches...
I20260925 14:50:10.990100 0x16b16f000 database_cache.cc:139]  62 in 0.000s
I20260925 14:50:10.990104 0x16b16f000 database_cache.cc:147] Loading images...
I20260925 14:50:10.990873 0x16b16f000 database_cache.cc:236]  20 in 0.001s (loaded all 20)
I20260925 14:50:10.990881 0x16b16f000 database_cache.cc:255] Loading pose priors...
I20260925 14:50:10.990888 0x16b16f000 database_cache.cc:263]  0 in 0.000s
I20260925 14:50:10.990892 0x16b16f000 database_cache.cc:271] Building correspondence graph...
I20260925 14:50:10.991386 0x16b16f000 database_cache.cc:300]  in 0.000s (ignored 0)
I20260925 14:50:10.991391 0x16b16f000 timer.cc:90] Elapsed time: 0.000 [minutes]
I20260925 14:50:10.994323 0x16b16f000 official_bundle_adjustment_ceres.cc:1648] [AETHER gravity] injected 16/17 roll/pitch anchors, sigma_rad=0.00872665
I20260925 14:50:11.039263 0x16b16f000 official_bundle_adjustment_ceres.cc:1137] [AETHER] solver_used=DENSE_SCHUR sparse_backend=EIGEN_SPARSE dense_backend=EIGEN mixed=0 threads=6
W20260925 14:50:11.040992 0x16b16f000 official_aether_sfm_c.cc:9530] [frame-loss] before=20 after=17 lost_zero_obs=3 lost_with_obs=0 | frame_000010.jpg(obs=0) frame_000011.jpg(obs=0) frame_000019.jpg(obs=0)
W20260925 14:50:11.041217 0x16b16f000 official_aether_sfm_c.cc:9614] [aether_sfm] finalize worker: cache_pre=1ms enrich=313ms stage1=204ms (ok, rounds=5) stage2=54ms (rounds<=1) temporal=0ms upgrade=0ms total=369ms
W20260925 14:50:11.041445 0x16b16f000 official_aether_sfm_c.cc:9643] [aether_sfm] delivered-point provenance: live-created=2356 official-retriangulated=72 live-dropped-by-official-filtering=239 (live model had 2595; capture-time official TriangulateImage added 0 obs)
W20260925 14:50:11.041553 0x16b16f000 official_aether_sfm_c.cc:8066] [device-align-v1] status=aligned pairs=17 inliers=17 max_error_m=0.111819 scale=1.0148 centre_err_median_m=0.0177402 centre_err_max_m=0.0248574 outliers=0
W20260925 14:50:11.101845 0x1fecf6080 official_aether_sfm_c.cc:13097] [aether_sfm] deliver-filter(get_points_tracked): kept 2347/2428 (min_tri_angle=3deg, mirror_ghost=0, isolated_floater=2, killed_union=2)
[pwofficial_gpu_match_dawn] device lost #1 reason=2 rc=8: Device was destroyed.
        2.21 real         1.05 user         0.65 sys
           122142720  maximum resident set size
                   0  average shared memory size
                   0  average unshared data size
                   0  average unshared stack size
               34482  page reclaims
                  14  page faults
                   0  swaps
                   0  block input operations
                   0  block output operations
                   0  messages sent
                   0  messages received
                   0  signals received
                  23  voluntary context switches
               80765  involuntary context switches
         14957204794  instructions retired
          5881321088  cycles elapsed
           325337760  peak memory footprint
