fix1m_S_prod74_A rc=0 DEVICE_ALIGN status=1 scale=1.123274651 max_error_m=2.795483 pairs=13 inliers=13 centre_err_median_mm=7.023 centre_err_max_mm=34.519 rot_err_median_deg=1.0967 rot_err_max_deg=1.6285 | RESULT finalize=REFINED fed=13 rejected=0 n_reg=13/13 n_points=4254 track3plus=1142 n_obs=10101 mean_reproj_px=0.7537 cl
fix1m_S_prod74_Xhost rc=0 DEVICE_ALIGN status=1 scale=1.052868170 max_error_m=2.795483 pairs=13 inliers=13 centre_err_median_mm=9.527 centre_err_max_mm=17.812 rot_err_median_deg=1.8963 rot_err_max_deg=2.7869 | RESULT finalize=REFINED fed=13 rejected=0 n_reg=13/13 n_points=4990 track3plus=1168 n_obs=11601 mean_reproj_px=0.7243 cl
fix1m_S_prod_A rc=0 DEVICE_ALIGN status=1 scale=1.096875097 max_error_m=2.795483 pairs=13 inliers=13 centre_err_median_mm=6.883 centre_err_max_mm=44.669 rot_err_median_deg=0.4942 rot_err_max_deg=1.1165 | RESULT finalize=REFINED fed=13 rejected=0 n_reg=13/13 n_points=4526 track3plus=777 n_obs=10061 mean_reproj_px=0.6831 clo
fix1m_S_prod_Xhost rc=0 DEVICE_ALIGN status=1 scale=0.993660720 max_error_m=2.795483 pairs=13 inliers=13 centre_err_median_mm=10.376 centre_err_max_mm=18.395 rot_err_median_deg=0.8471 rot_err_max_deg=2.4045 | RESULT finalize=REFINED fed=13 rejected=0 n_reg=13/13 n_points=4453 track3plus=804 n_obs=9956 mean_reproj_px=0.6942 clou
fix1m_S_prod_Xdev rc=0 DEVICE_ALIGN status=2 scale=1.000000000 max_error_m=2.795483 pairs=13 inliers=7 centre_err_median_mm=0.000 centre_err_max_mm=101286.500 rot_err_median_deg=0.0000 rot_err_max_deg=11.0735 | RESULT finalize=REFINED fed=13 rejected=0 n_reg=13/13 n_points=392 track3plus=0 n_obs=784 mean_reproj_px=0.5974 cloud_po
fix1m_S_prod74_A_shuf rc=0 DEVICE_ALIGN status=1 scale=0.099809827 max_error_m=2.795483 pairs=13 inliers=13 centre_err_median_mm=256.606 centre_err_max_mm=593.609 rot_err_median_deg=89.8900 rot_err_max_deg=95.0410 | RESULT finalize=REFINED fed=13 rejected=0 n_reg=13/13 n_points=193 track3plus=0 n_obs=386 mean_reproj_px=0.3886 cloud_po
fix1m_S_prod74_Xhost_shuf rc=0 DEVICE_ALIGN status=1 scale=0.073446101 max_error_m=2.795483 pairs=13 inliers=13 centre_err_median_mm=292.381 centre_err_max_mm=608.454 rot_err_median_deg=68.3411 rot_err_max_deg=152.6229 | RESULT finalize=REFINED fed=13 rejected=0 n_reg=13/13 n_points=276 track3plus=0 n_obs=552 mean_reproj_px=0.5787 cloud_po
fix1m_S_prod74_A_x110 rc=0 DEVICE_ALIGN status=1 scale=1.120948289 max_error_m=2.795483 pairs=13 inliers=13 centre_err_median_mm=7.763 centre_err_max_mm=37.862 rot_err_median_deg=1.0948 rot_err_max_deg=1.6304 | RESULT finalize=REFINED fed=13 rejected=0 n_reg=13/13 n_points=4245 track3plus=1130 n_obs=10066 mean_reproj_px=0.7490 cl
fix1m_S_prod74_Xhost_x110 rc=0 DEVICE_ALIGN status=1 scale=1.052849953 max_error_m=2.795483 pairs=13 inliers=13 centre_err_median_mm=10.480 centre_err_max_mm=19.593 rot_err_median_deg=1.8963 rot_err_max_deg=2.7869 | RESULT finalize=REFINED fed=13 rejected=0 n_reg=13/13 n_points=4990 track3plus=1168 n_obs=11601 mean_reproj_px=0.7243 cl
off1m_S_prod74_A rc=0 DEVICE_ALIGN status=5 scale=1.000000000 max_error_m=0.000000 pairs=0 inliers=0 centre_err_median_mm=0.000 centre_err_max_mm=0.000 rot_err_median_deg=0.0000 rot_err_max_deg=0.0000 | RESULT finalize=REFINED fed=13 rejected=0 n_reg=13/13 n_points=4254 track3plus=1142 n_obs=10101 mean_reproj_px=0.7537 cl
off1m_S_prod_A rc=0 DEVICE_ALIGN status=5 scale=1.000000000 max_error_m=0.000000 pairs=0 inliers=0 centre_err_median_mm=0.000 centre_err_max_mm=0.000 rot_err_median_deg=0.0000 rot_err_max_deg=0.0000 | RESULT finalize=REFINED fed=13 rejected=0 n_reg=13/13 n_points=4526 track3plus=777 n_obs=10061 mean_reproj_px=0.6831 clo
off1m_S_prod_Xhost rc=0 DEVICE_ALIGN status=5 scale=1.000000000 max_error_m=0.000000 pairs=0 inliers=0 centre_err_median_mm=0.000 centre_err_max_mm=0.000 rot_err_median_deg=0.0000 rot_err_max_deg=0.0000 | RESULT finalize=REFINED fed=13 rejected=0 n_reg=13/13 n_points=4457 track3plus=806 n_obs=9968 mean_reproj_px=0.6966 clou
fix1m_S_prod74_A_r2 rc=0 DEVICE_ALIGN status=1 scale=1.123274651 max_error_m=2.795483 pairs=13 inliers=13 centre_err_median_mm=7.023 centre_err_max_mm=34.519 rot_err_median_deg=1.0967 rot_err_max_deg=1.6285 | RESULT finalize=REFINED fed=13 rejected=0 n_reg=13/13 n_points=4254 track3plus=1142 n_obs=10101 mean_reproj_px=0.7537 cl
fix1m_S_deb74_A rc=0 DEVICE_ALIGN status=1 scale=0.314509690 max_error_m=2.795483 pairs=109 inliers=109 centre_err_median_mm=4.760 centre_err_max_mm=34.348 rot_err_median_deg=0.3785 rot_err_max_deg=1.1400 | RESULT finalize=REFINED fed=109 rejected=0 n_reg=109/109 n_points=103346 track3plus=49928 n_obs=397782 mean_reproj_px=0.
fix1m_S_deb74_Xhost rc=0 DEVICE_ALIGN status=1 scale=1.078227784 max_error_m=2.795483 pairs=109 inliers=109 centre_err_median_mm=6.742 centre_err_max_mm=19.260 rot_err_median_deg=0.7459 rot_err_max_deg=1.9495 | RESULT finalize=REFINED fed=109 rejected=0 n_reg=109/109 n_points=104811 track3plus=51138 n_obs=400394 mean_reproj_px=0.
fix1m_S_deb_A rc=0 DEVICE_ALIGN status=1 scale=0.180164272 max_error_m=2.795483 pairs=110 inliers=110 centre_err_median_mm=4.879 centre_err_max_mm=47.519 rot_err_median_deg=0.3557 rot_err_max_deg=1.2944 | RESULT finalize=REFINED fed=110 rejected=0 n_reg=110/110 n_points=105563 track3plus=50764 n_obs=404747 mean_reproj_px=0.
STOP: disk < 3GiB
STOP: disk < 3GiB
STOP: disk < 3GiB
BATCH1M_DONE
