[DawnKernelHarness] limits: invocations/wg=512 wgSizeX=512 storageBufs=10 maxBuffer=1073741824 maxStorageBinding=1073741824 (adapter: 1024 1024 10 4294967295 4294967295)
[pwofficial_gpu_match_dawn] backend=blocked(fma4x4+direct+w64+nopb+f16+keyscan3+ptr+kp,V8) adapter="Apple M3 Pro" subgroups=1 sgmatrix=1 f32_8x8x8=1 f16_f32=1 mixed=0 subgroup=[4,64] packed_dot=1 timestamp=1 limits[storage=32768 invocations=1024 sizeX=1024]
WARNING: Logging before InitGoogleLogging() is written to STDERR
I20260925 13:40:24.727209 0x1fecf6080 database_cache.cc:72] Loading rigs...
I20260925 13:40:24.727234 0x1fecf6080 database_cache.cc:82]  0 in 0.000s
I20260925 13:40:24.727242 0x1fecf6080 database_cache.cc:90] Loading cameras...
I20260925 13:40:24.727254 0x1fecf6080 database_cache.cc:108]  2 in 0.000s
I20260925 13:40:24.727260 0x1fecf6080 database_cache.cc:116] Loading frames...
I20260925 13:40:24.727268 0x1fecf6080 database_cache.cc:126]  0 in 0.000s
I20260925 13:40:24.727273 0x1fecf6080 database_cache.cc:134] Loading matches...
I20260925 13:40:24.727283 0x1fecf6080 database_cache.cc:139]  1 in 0.000s
I20260925 13:40:24.727288 0x1fecf6080 database_cache.cc:147] Loading images...
I20260925 13:40:24.727402 0x1fecf6080 database_cache.cc:236]  2 in 0.000s (loaded all 2)
I20260925 13:40:24.727408 0x1fecf6080 database_cache.cc:255] Loading pose priors...
I20260925 13:40:24.727415 0x1fecf6080 database_cache.cc:263]  0 in 0.000s
I20260925 13:40:24.727419 0x1fecf6080 database_cache.cc:271] Building correspondence graph...
I20260925 13:40:24.727470 0x1fecf6080 database_cache.cc:300]  in 0.000s (ignored 0)
I20260925 13:40:24.813683 0x1fecf6080 official_bundle_adjustment_ceres.cc:1648] [AETHER gravity] injected 3/3 roll/pitch anchors, sigma_rad=0.00872665
[AETHER BA-ORDERING] blocks=641 pts(g0)=632 cams(g1)=3 g1_all_pose=1 proven=1
I20260925 13:40:24.826297 0x1fecf6080 official_bundle_adjustment_ceres.cc:1137] [AETHER] solver_used=DENSE_SCHUR sparse_backend=EIGEN_SPARSE dense_backend=EIGEN mixed=0 threads=1
I20260925 13:40:24.827261 0x1fecf6080 official_bundle_adjustment_ceres.cc:1648] [AETHER gravity] injected 3/3 roll/pitch anchors, sigma_rad=0.00872665
[AETHER BA-ORDERING] blocks=632 pts(g0)=623 cams(g1)=3 g1_all_pose=1 proven=1
I20260925 13:40:24.830801 0x1fecf6080 official_bundle_adjustment_ceres.cc:1137] [AETHER] solver_used=DENSE_SCHUR sparse_backend=EIGEN_SPARSE dense_backend=EIGEN mixed=0 threads=1
I20260925 13:40:24.901487 0x1fecf6080 official_bundle_adjustment_ceres.cc:1648] [AETHER gravity] injected 4/4 roll/pitch anchors, sigma_rad=0.00872665
[AETHER BA-ORDERING] blocks=1028 pts(g0)=1017 cams(g1)=4 g1_all_pose=1 proven=1
I20260925 13:40:24.918559 0x1fecf6080 official_bundle_adjustment_ceres.cc:1137] [AETHER] solver_used=DENSE_SCHUR sparse_backend=EIGEN_SPARSE dense_backend=EIGEN mixed=0 threads=1
I20260925 13:40:24.919807 0x1fecf6080 official_bundle_adjustment_ceres.cc:1648] [AETHER gravity] injected 4/4 roll/pitch anchors, sigma_rad=0.00872665
I20260925 13:40:24.923190 0x1fecf6080 official_bundle_adjustment_ceres.cc:1137] [AETHER] solver_used=DENSE_SCHUR sparse_backend=EIGEN_SPARSE dense_backend=EIGEN mixed=0 threads=1
I20260925 13:40:24.964990 0x1fecf6080 official_bundle_adjustment_ceres.cc:1648] [AETHER gravity] injected 5/5 roll/pitch anchors, sigma_rad=0.00872665
I20260925 13:40:24.985643 0x1fecf6080 official_bundle_adjustment_ceres.cc:1137] [AETHER] solver_used=DENSE_SCHUR sparse_backend=EIGEN_SPARSE dense_backend=EIGEN mixed=0 threads=1
I20260925 13:40:24.986998 0x1fecf6080 official_bundle_adjustment_ceres.cc:1648] [AETHER gravity] injected 5/5 roll/pitch anchors, sigma_rad=0.00872665
I20260925 13:40:24.989685 0x1fecf6080 official_bundle_adjustment_ceres.cc:1137] [AETHER] solver_used=DENSE_SCHUR sparse_backend=EIGEN_SPARSE dense_backend=EIGEN mixed=0 threads=1
I20260925 13:40:25.042117 0x1fecf6080 official_bundle_adjustment_ceres.cc:1648] [AETHER gravity] injected 6/6 roll/pitch anchors, sigma_rad=0.00872665
I20260925 13:40:25.063462 0x1fecf6080 official_bundle_adjustment_ceres.cc:1137] [AETHER] solver_used=DENSE_SCHUR sparse_backend=EIGEN_SPARSE dense_backend=EIGEN mixed=0 threads=1
I20260925 13:40:25.064722 0x1fecf6080 official_bundle_adjustment_ceres.cc:1648] [AETHER gravity] injected 6/6 roll/pitch anchors, sigma_rad=0.00872665
I20260925 13:40:25.068939 0x1fecf6080 official_bundle_adjustment_ceres.cc:1137] [AETHER] solver_used=DENSE_SCHUR sparse_backend=EIGEN_SPARSE dense_backend=EIGEN mixed=0 threads=1
I20260925 13:40:25.128822 0x1fecf6080 official_bundle_adjustment_ceres.cc:1648] [AETHER gravity] injected 6/6 roll/pitch anchors, sigma_rad=0.00872665
I20260925 13:40:25.152087 0x1fecf6080 official_bundle_adjustment_ceres.cc:1137] [AETHER] solver_used=DENSE_SCHUR sparse_backend=EIGEN_SPARSE dense_backend=EIGEN mixed=0 threads=6
I20260925 13:40:25.153610 0x1fecf6080 official_bundle_adjustment_ceres.cc:1648] [AETHER gravity] injected 6/6 roll/pitch anchors, sigma_rad=0.00872665
I20260925 13:40:25.157279 0x1fecf6080 official_bundle_adjustment_ceres.cc:1137] [AETHER] solver_used=DENSE_SCHUR sparse_backend=EIGEN_SPARSE dense_backend=EIGEN mixed=0 threads=6
I20260925 13:40:25.208420 0x1fecf6080 official_bundle_adjustment_ceres.cc:1648] [AETHER gravity] injected 6/6 roll/pitch anchors, sigma_rad=0.00872665
I20260925 13:40:25.224432 0x1fecf6080 official_bundle_adjustment_ceres.cc:1137] [AETHER] solver_used=DENSE_SCHUR sparse_backend=EIGEN_SPARSE dense_backend=EIGEN mixed=0 threads=1
I20260925 13:40:25.225858 0x1fecf6080 official_bundle_adjustment_ceres.cc:1648] [AETHER gravity] injected 6/6 roll/pitch anchors, sigma_rad=0.00872665
I20260925 13:40:25.229025 0x1fecf6080 official_bundle_adjustment_ceres.cc:1137] [AETHER] solver_used=DENSE_SCHUR sparse_backend=EIGEN_SPARSE dense_backend=EIGEN mixed=0 threads=1
I20260925 13:40:25.277212 0x1fecf6080 official_bundle_adjustment_ceres.cc:1648] [AETHER gravity] injected 6/6 roll/pitch anchors, sigma_rad=0.00872665
I20260925 13:40:25.300223 0x1fecf6080 official_bundle_adjustment_ceres.cc:1137] [AETHER] solver_used=DENSE_SCHUR sparse_backend=EIGEN_SPARSE dense_backend=EIGEN mixed=0 threads=6
I20260925 13:40:25.301675 0x1fecf6080 official_bundle_adjustment_ceres.cc:1648] [AETHER gravity] injected 6/6 roll/pitch anchors, sigma_rad=0.00872665
I20260925 13:40:25.304514 0x1fecf6080 official_bundle_adjustment_ceres.cc:1137] [AETHER] solver_used=DENSE_SCHUR sparse_backend=EIGEN_SPARSE dense_backend=EIGEN mixed=0 threads=6
I20260925 13:40:25.343296 0x1fecf6080 official_bundle_adjustment_ceres.cc:1648] [AETHER gravity] injected 2/2 roll/pitch anchors, sigma_rad=0.00872665
I20260925 13:40:25.346156 0x1fecf6080 official_bundle_adjustment_ceres.cc:1137] [AETHER] solver_used=DENSE_SCHUR sparse_backend=EIGEN_SPARSE dense_backend=EIGEN mixed=0 threads=1
I20260925 13:40:25.346657 0x1fecf6080 official_bundle_adjustment_ceres.cc:1648] [AETHER gravity] injected 2/2 roll/pitch anchors, sigma_rad=0.00872665
I20260925 13:40:25.347294 0x1fecf6080 official_bundle_adjustment_ceres.cc:1137] [AETHER] solver_used=DENSE_SCHUR sparse_backend=EIGEN_SPARSE dense_backend=EIGEN mixed=0 threads=1
I20260925 13:40:25.537065 0x1fecf6080 official_bundle_adjustment_ceres.cc:1648] [AETHER gravity] injected 3/3 roll/pitch anchors, sigma_rad=0.00872665
I20260925 13:40:25.540120 0x1fecf6080 official_bundle_adjustment_ceres.cc:1137] [AETHER] solver_used=DENSE_SCHUR sparse_backend=EIGEN_SPARSE dense_backend=EIGEN mixed=0 threads=1
I20260925 13:40:25.540796 0x1fecf6080 official_bundle_adjustment_ceres.cc:1648] [AETHER gravity] injected 3/3 roll/pitch anchors, sigma_rad=0.00872665
I20260925 13:40:25.542057 0x1fecf6080 official_bundle_adjustment_ceres.cc:1137] [AETHER] solver_used=DENSE_SCHUR sparse_backend=EIGEN_SPARSE dense_backend=EIGEN mixed=0 threads=1
I20260925 13:40:25.626007 0x1fecf6080 official_bundle_adjustment_ceres.cc:1648] [AETHER gravity] injected 4/4 roll/pitch anchors, sigma_rad=0.00872665
I20260925 13:40:25.632083 0x1fecf6080 official_bundle_adjustment_ceres.cc:1137] [AETHER] solver_used=DENSE_SCHUR sparse_backend=EIGEN_SPARSE dense_backend=EIGEN mixed=0 threads=1
I20260925 13:40:25.632852 0x1fecf6080 official_bundle_adjustment_ceres.cc:1648] [AETHER gravity] injected 4/4 roll/pitch anchors, sigma_rad=0.00872665
I20260925 13:40:25.634396 0x1fecf6080 official_bundle_adjustment_ceres.cc:1137] [AETHER] solver_used=DENSE_SCHUR sparse_backend=EIGEN_SPARSE dense_backend=EIGEN mixed=0 threads=1
I20260925 13:40:25.664940 0x1fecf6080 official_bundle_adjustment_ceres.cc:1648] [AETHER gravity] injected 4/4 roll/pitch anchors, sigma_rad=0.00872665
I20260925 13:40:25.671630 0x1fecf6080 official_bundle_adjustment_ceres.cc:1137] [AETHER] solver_used=DENSE_SCHUR sparse_backend=EIGEN_SPARSE dense_backend=EIGEN mixed=0 threads=1
I20260925 13:40:25.672931 0x1fecf6080 official_bundle_adjustment_ceres.cc:1648] [AETHER gravity] injected 5/5 roll/pitch anchors, sigma_rad=0.00872665
I20260925 13:40:25.675887 0x1fecf6080 official_bundle_adjustment_ceres.cc:1137] [AETHER] solver_used=DENSE_SCHUR sparse_backend=EIGEN_SPARSE dense_backend=EIGEN mixed=0 threads=1
I20260925 13:40:25.703516 0x1fecf6080 official_bundle_adjustment_ceres.cc:1648] [AETHER gravity] injected 4/4 roll/pitch anchors, sigma_rad=0.00872665
I20260925 13:40:25.708864 0x1fecf6080 official_bundle_adjustment_ceres.cc:1137] [AETHER] solver_used=DENSE_SCHUR sparse_backend=EIGEN_SPARSE dense_backend=EIGEN mixed=0 threads=1
I20260925 13:40:25.709811 0x1fecf6080 official_bundle_adjustment_ceres.cc:1648] [AETHER gravity] injected 4/4 roll/pitch anchors, sigma_rad=0.00872665
I20260925 13:40:25.711983 0x1fecf6080 official_bundle_adjustment_ceres.cc:1137] [AETHER] solver_used=DENSE_SCHUR sparse_backend=EIGEN_SPARSE dense_backend=EIGEN mixed=0 threads=1
I20260925 13:40:25.749291 0x1fecf6080 official_bundle_adjustment_ceres.cc:1648] [AETHER gravity] injected 6/6 roll/pitch anchors, sigma_rad=0.00872665
I20260925 13:40:25.772023 0x1fecf6080 official_bundle_adjustment_ceres.cc:1137] [AETHER] solver_used=DENSE_SCHUR sparse_backend=EIGEN_SPARSE dense_backend=EIGEN mixed=0 threads=6
I20260925 13:40:25.773854 0x1fecf6080 official_bundle_adjustment_ceres.cc:1648] [AETHER gravity] injected 6/6 roll/pitch anchors, sigma_rad=0.00872665
I20260925 13:40:25.778669 0x1fecf6080 official_bundle_adjustment_ceres.cc:1137] [AETHER] solver_used=DENSE_SCHUR sparse_backend=EIGEN_SPARSE dense_backend=EIGEN mixed=0 threads=6
I20260925 13:40:25.835592 0x1fecf6080 official_bundle_adjustment_ceres.cc:1648] [AETHER gravity] injected 6/6 roll/pitch anchors, sigma_rad=0.00872665
I20260925 13:40:25.852619 0x1fecf6080 official_bundle_adjustment_ceres.cc:1137] [AETHER] solver_used=DENSE_SCHUR sparse_backend=EIGEN_SPARSE dense_backend=EIGEN mixed=0 threads=1
I20260925 13:40:25.854135 0x1fecf6080 official_bundle_adjustment_ceres.cc:1648] [AETHER gravity] injected 6/6 roll/pitch anchors, sigma_rad=0.00872665
I20260925 13:40:25.856648 0x1fecf6080 official_bundle_adjustment_ceres.cc:1137] [AETHER] solver_used=DENSE_SCHUR sparse_backend=EIGEN_SPARSE dense_backend=EIGEN mixed=0 threads=1
I20260925 13:40:25.919362 0x1fecf6080 official_bundle_adjustment_ceres.cc:1648] [AETHER gravity] injected 6/6 roll/pitch anchors, sigma_rad=0.00872665
I20260925 13:40:25.935118 0x1fecf6080 official_bundle_adjustment_ceres.cc:1137] [AETHER] solver_used=DENSE_SCHUR sparse_backend=EIGEN_SPARSE dense_backend=EIGEN mixed=0 threads=1
I20260925 13:40:25.936413 0x1fecf6080 official_bundle_adjustment_ceres.cc:1648] [AETHER gravity] injected 6/6 roll/pitch anchors, sigma_rad=0.00872665
I20260925 13:40:25.938998 0x1fecf6080 official_bundle_adjustment_ceres.cc:1137] [AETHER] solver_used=DENSE_SCHUR sparse_backend=EIGEN_SPARSE dense_backend=EIGEN mixed=0 threads=1
I20260925 13:40:25.940263 0x16fe13000 database_cache.cc:72] Loading rigs...
I20260925 13:40:25.940274 0x16fe13000 database_cache.cc:82]  0 in 0.000s
I20260925 13:40:25.940279 0x16fe13000 database_cache.cc:90] Loading cameras...
I20260925 13:40:25.940292 0x16fe13000 database_cache.cc:108]  19 in 0.000s
I20260925 13:40:25.940296 0x16fe13000 database_cache.cc:116] Loading frames...
I20260925 13:40:25.940302 0x16fe13000 database_cache.cc:126]  0 in 0.000s
I20260925 13:40:25.940306 0x16fe13000 database_cache.cc:134] Loading matches...
I20260925 13:40:25.940345 0x16fe13000 database_cache.cc:139]  61 in 0.000s
I20260925 13:40:25.940352 0x16fe13000 database_cache.cc:147] Loading images...
I20260925 13:40:25.941066 0x16fe13000 database_cache.cc:236]  19 in 0.001s (loaded all 19)
I20260925 13:40:25.941071 0x16fe13000 database_cache.cc:255] Loading pose priors...
I20260925 13:40:25.941079 0x16fe13000 database_cache.cc:263]  0 in 0.000s
I20260925 13:40:25.941082 0x16fe13000 database_cache.cc:271] Building correspondence graph...
I20260925 13:40:25.941560 0x16fe13000 database_cache.cc:300]  in 0.000s (ignored 0)
I20260925 13:40:25.944770 0x16fe13000 official_bundle_adjustment_ceres.cc:1648] [AETHER gravity] injected 16/17 roll/pitch anchors, sigma_rad=0.00872665
I20260925 13:40:26.016065 0x16fe13000 official_bundle_adjustment_ceres.cc:1137] [AETHER] solver_used=DENSE_SCHUR sparse_backend=EIGEN_SPARSE dense_backend=EIGEN mixed=0 threads=6
I20260925 13:40:26.019356 0x16fe13000 official_bundle_adjustment_ceres.cc:1648] [AETHER gravity] injected 16/17 roll/pitch anchors, sigma_rad=0.00872665
I20260925 13:40:26.070467 0x16fe13000 official_bundle_adjustment_ceres.cc:1137] [AETHER] solver_used=DENSE_SCHUR sparse_backend=EIGEN_SPARSE dense_backend=EIGEN mixed=0 threads=6
I20260925 13:40:26.073477 0x16fe13000 official_bundle_adjustment_ceres.cc:1648] [AETHER gravity] injected 16/17 roll/pitch anchors, sigma_rad=0.00872665
I20260925 13:40:26.111281 0x16fe13000 official_bundle_adjustment_ceres.cc:1137] [AETHER] solver_used=DENSE_SCHUR sparse_backend=EIGEN_SPARSE dense_backend=EIGEN mixed=0 threads=6
I20260925 13:40:26.114269 0x16fe13000 official_bundle_adjustment_ceres.cc:1648] [AETHER gravity] injected 16/17 roll/pitch anchors, sigma_rad=0.00872665
W20260925 13:40:26.132211 0x16fe9f000 official_aether_sfm_c.cc:6907] [aether_sfm] finalize re-match: starved_frames=7 candidates=88 attempted=88 written=0 inliers=0 failed=0 gpu_fail_capture=0 probe_debt_repaid=0 probe_debt_left=0
I20260925 13:40:26.134028 0x16fe13000 official_bundle_adjustment_ceres.cc:1137] [AETHER] solver_used=DENSE_SCHUR sparse_backend=EIGEN_SPARSE dense_backend=EIGEN mixed=0 threads=6
I20260925 13:40:26.136946 0x16fe13000 official_bundle_adjustment_ceres.cc:1648] [AETHER gravity] injected 16/17 roll/pitch anchors, sigma_rad=0.00872665
I20260925 13:40:26.148201 0x16fe13000 official_bundle_adjustment_ceres.cc:1137] [AETHER] solver_used=DENSE_SCHUR sparse_backend=EIGEN_SPARSE dense_backend=EIGEN mixed=0 threads=6
W20260925 13:40:26.189765 0x16fe9f000 official_aether_sfm_c.cc:7348] [aether_sfm] official quadratic overlap: overlap=10 candidates=37 written=0 in 57.4257 ms
I20260925 13:40:26.191901 0x16fe13000 official_incremental_pipeline.cc:323] Loading database
I20260925 13:40:26.191932 0x16fe13000 database_cache.cc:72] Loading rigs...
I20260925 13:40:26.191941 0x16fe13000 database_cache.cc:82]  0 in 0.000s
I20260925 13:40:26.191947 0x16fe13000 database_cache.cc:90] Loading cameras...
I20260925 13:40:26.191961 0x16fe13000 database_cache.cc:108]  19 in 0.000s
I20260925 13:40:26.191966 0x16fe13000 database_cache.cc:116] Loading frames...
I20260925 13:40:26.191972 0x16fe13000 database_cache.cc:126]  0 in 0.000s
I20260925 13:40:26.191976 0x16fe13000 database_cache.cc:134] Loading matches...
I20260925 13:40:26.192030 0x16fe13000 database_cache.cc:139]  61 in 0.000s
I20260925 13:40:26.192034 0x16fe13000 database_cache.cc:147] Loading images...
I20260925 13:40:26.192821 0x16fe13000 database_cache.cc:236]  19 in 0.001s (loaded all 19)
I20260925 13:40:26.192826 0x16fe13000 database_cache.cc:255] Loading pose priors...
I20260925 13:40:26.192835 0x16fe13000 database_cache.cc:263]  0 in 0.000s
I20260925 13:40:26.192839 0x16fe13000 database_cache.cc:271] Building correspondence graph...
I20260925 13:40:26.193355 0x16fe13000 database_cache.cc:300]  in 0.001s (ignored 0)
I20260925 13:40:26.193360 0x16fe13000 timer.cc:90] Elapsed time: 0.000 [minutes]
I20260925 13:40:26.196421 0x16fe13000 official_bundle_adjustment_ceres.cc:1648] [AETHER gravity] injected 16/17 roll/pitch anchors, sigma_rad=0.00872665
I20260925 13:40:26.202110 0x16fe13000 official_bundle_adjustment_ceres.cc:1137] [AETHER] solver_used=DENSE_SCHUR sparse_backend=EIGEN_SPARSE dense_backend=EIGEN mixed=0 threads=6
W20260925 13:40:26.203581 0x16fe13000 official_aether_sfm_c.cc:9530] [frame-loss] before=19 after=19 lost_zero_obs=0 lost_with_obs=0 |
W20260925 13:40:26.203746 0x16fe13000 official_aether_sfm_c.cc:9614] [aether_sfm] finalize worker: cache_pre=1ms enrich=249ms stage1=207ms (ok, rounds=5) stage2=12ms (rounds<=1) temporal=0ms upgrade=0ms total=263ms
W20260925 13:40:26.203950 0x16fe13000 official_aether_sfm_c.cc:9643] [aether_sfm] delivered-point provenance: live-created=2358 official-retriangulated=56 live-dropped-by-official-filtering=202 (live model had 2560; capture-time official TriangulateImage added 0 obs)
W20260925 13:40:26.204054 0x16fe13000 official_aether_sfm_c.cc:8066] [device-align-v1] status=aligned pairs=19 inliers=19 max_error_m=0.111819 scale=1.02297 centre_err_median_m=0.0154472 centre_err_max_m=0.0224143 outliers=0
W20260925 13:40:26.279154 0x1fecf6080 official_aether_sfm_c.cc:13097] [aether_sfm] deliver-filter(get_points_tracked): kept 2337/2414 (min_tri_angle=3deg, mirror_ghost=0, isolated_floater=2, killed_union=2)
[pwofficial_gpu_match_dawn] device lost #1 reason=2 rc=8: Device was destroyed.
        1.73 real         1.07 user         0.64 sys
           119422976  maximum resident set size
                   0  average shared memory size
                   0  average unshared data size
                   0  average unshared stack size
               33285  page reclaims
                  14  page faults
                   0  swaps
                   0  block input operations
                   0  block output operations
                   0  messages sent
                   0  messages received
                   0  signals received
                  22  voluntary context switches
              112057  involuntary context switches
         15714200154  instructions retired
          5934747858  cycles elapsed
           323764896  peak memory footprint
