I20260620 08:50:17.350952 0x16d34f000 misc.cc:44] 
==============================================================================
Feature matching & geometric verification
==============================================================================
I20260620 08:50:17.351166 0x16d3db000 sift.cc:1451] Creating SIFT CPU feature matcher
I20260620 08:50:17.351176 0x16d4f3000 sift.cc:1451] Creating SIFT CPU feature matcher
I20260620 08:50:17.351169 0x16d467000 sift.cc:1451] Creating SIFT CPU feature matcher
I20260620 08:50:17.351167 0x16d9df000 sift.cc:1451] Creating SIFT CPU feature matcher
I20260620 08:50:17.351180 0x16d57f000 sift.cc:1451] Creating SIFT CPU feature matcher
I20260620 08:50:17.351182 0x16d60b000 sift.cc:1451] Creating SIFT CPU feature matcher
I20260620 08:50:17.351213 0x16d7af000 sift.cc:1451] Creating SIFT CPU feature matcher
I20260620 08:50:17.351233 0x16d8c7000 sift.cc:1451] Creating SIFT CPU feature matcher
I20260620 08:50:17.351239 0x16d697000 sift.cc:1451] Creating SIFT CPU feature matcher
I20260620 08:50:17.351240 0x16d953000 sift.cc:1451] Creating SIFT CPU feature matcher
I20260620 08:50:17.351243 0x16d83b000 sift.cc:1451] Creating SIFT CPU feature matcher
I20260620 08:50:17.351243 0x16d723000 sift.cc:1451] Creating SIFT CPU feature matcher
I20260620 08:50:17.351342 0x16d34f000 pairing.cc:810] Importing image pairs...
I20260620 08:50:17.351695 0x16d34f000 pairing.cc:843] Processing block [1/1]
I20260620 08:50:28.653626 0x16d34f000 feature_matching.cc:117] in 11.302s
I20260620 08:50:28.653658 0x16d34f000 timer.cc:90] Elapsed time: 0.188 [minutes]
