I20260620 21:20:38.556198 0x16f483000 misc.cc:44] 
==============================================================================
Feature matching & geometric verification
==============================================================================
I20260620 21:20:38.557601 0x16f50f000 sift.cc:1451] Creating SIFT CPU feature matcher
I20260620 21:20:38.557655 0x16fa87000 sift.cc:1451] Creating SIFT CPU feature matcher
I20260620 21:20:38.557609 0x16f6b3000 sift.cc:1451] Creating SIFT CPU feature matcher
I20260620 21:20:38.557610 0x16f627000 sift.cc:1451] Creating SIFT CPU feature matcher
I20260620 21:20:38.557615 0x16f73f000 sift.cc:1451] Creating SIFT CPU feature matcher
I20260620 21:20:38.557632 0x16f7cb000 sift.cc:1451] Creating SIFT CPU feature matcher
I20260620 21:20:38.557637 0x16f857000 sift.cc:1451] Creating SIFT CPU feature matcher
I20260620 21:20:38.557642 0x16f8e3000 sift.cc:1451] Creating SIFT CPU feature matcher
I20260620 21:20:38.557645 0x16f96f000 sift.cc:1451] Creating SIFT CPU feature matcher
I20260620 21:20:38.557649 0x16f9fb000 sift.cc:1451] Creating SIFT CPU feature matcher
I20260620 21:20:38.557603 0x16f59b000 sift.cc:1451] Creating SIFT CPU feature matcher
I20260620 21:20:38.557659 0x16fb13000 sift.cc:1451] Creating SIFT CPU feature matcher
I20260620 21:20:38.557816 0x16f483000 pairing.cc:810] Importing image pairs...
I20260620 21:20:38.558589 0x16f483000 pairing.cc:843] Processing block [1/1]
I20260620 21:20:47.691624 0x16f483000 feature_matching.cc:117] in 9.133s
I20260620 21:20:47.691679 0x16f483000 timer.cc:90] Elapsed time: 0.152 [minutes]
