I20260620 21:21:18.620539 0x16bc9b000 misc.cc:44] 
==============================================================================
Feature matching & geometric verification
==============================================================================
I20260620 21:21:18.621346 0x16be3f000 sift.cc:1451] Creating SIFT CPU feature matcher
I20260620 21:21:18.621396 0x16c213000 sift.cc:1451] Creating SIFT CPU feature matcher
I20260620 21:21:18.621407 0x16c32b000 sift.cc:1451] Creating SIFT CPU feature matcher
I20260620 21:21:18.621352 0x16becb000 sift.cc:1451] Creating SIFT CPU feature matcher
I20260620 21:21:18.621370 0x16bf57000 sift.cc:1451] Creating SIFT CPU feature matcher
I20260620 21:21:18.621374 0x16bfe3000 sift.cc:1451] Creating SIFT CPU feature matcher
I20260620 21:21:18.621380 0x16c06f000 sift.cc:1451] Creating SIFT CPU feature matcher
I20260620 21:21:18.621384 0x16c0fb000 sift.cc:1451] Creating SIFT CPU feature matcher
I20260620 21:21:18.621390 0x16c187000 sift.cc:1451] Creating SIFT CPU feature matcher
I20260620 21:21:18.621343 0x16bdb3000 sift.cc:1451] Creating SIFT CPU feature matcher
I20260620 21:21:18.621401 0x16c29f000 sift.cc:1451] Creating SIFT CPU feature matcher
I20260620 21:21:18.621339 0x16bd27000 sift.cc:1451] Creating SIFT CPU feature matcher
I20260620 21:21:18.621539 0x16bc9b000 pairing.cc:810] Importing image pairs...
I20260620 21:21:18.622208 0x16bc9b000 pairing.cc:843] Processing block [1/1]
I20260620 21:21:25.793983 0x16bc9b000 feature_matching.cc:117] in 7.172s
I20260620 21:21:25.794008 0x16bc9b000 timer.cc:90] Elapsed time: 0.120 [minutes]
