I20260620 21:20:34.288815 0x16fd67000 misc.cc:44] 
==============================================================================
Feature matching & geometric verification
==============================================================================
I20260620 21:20:34.289106 0x16fdf3000 sift.cc:1451] Creating SIFT CPU feature matcher
I20260620 21:20:34.289115 0x16ff0b000 sift.cc:1451] Creating SIFT CPU feature matcher
I20260620 21:20:34.289130 0x1700af000 sift.cc:1451] Creating SIFT CPU feature matcher
I20260620 21:20:34.289141 0x170253000 sift.cc:1451] Creating SIFT CPU feature matcher
I20260620 21:20:34.289121 0x16ff97000 sift.cc:1451] Creating SIFT CPU feature matcher
I20260620 21:20:34.289152 0x1703f7000 sift.cc:1451] Creating SIFT CPU feature matcher
I20260620 21:20:34.289109 0x16fe7f000 sift.cc:1451] Creating SIFT CPU feature matcher
I20260620 21:20:34.289139 0x1701c7000 sift.cc:1451] Creating SIFT CPU feature matcher
I20260620 21:20:34.289144 0x1702df000 sift.cc:1451] Creating SIFT CPU feature matcher
I20260620 21:20:34.289147 0x17036b000 sift.cc:1451] Creating SIFT CPU feature matcher
I20260620 21:20:34.289126 0x170023000 sift.cc:1451] Creating SIFT CPU feature matcher
I20260620 21:20:34.289133 0x17013b000 sift.cc:1451] Creating SIFT CPU feature matcher
I20260620 21:20:34.289230 0x16fd67000 pairing.cc:810] Importing image pairs...
I20260620 21:20:34.289699 0x16fd67000 pairing.cc:843] Processing block [1/1]
I20260620 21:21:13.701255 0x16fd67000 feature_matching.cc:117] in 39.410s
I20260620 21:21:13.701469 0x16fd67000 timer.cc:90] Elapsed time: 0.657 [minutes]
