[2026-09-24 08:39:03] 开始等 e 轮孤儿任务: 14 个
[2026-09-24 10:43:08] e 孤儿任务结束 (或超时)
[2026-09-24 10:43:08] coarse 未成, 移出 1ca4f2ea
[2026-09-24 10:43:08] coarse 未成, 移出 27817ada
[2026-09-24 10:43:08] coarse 未成, 移出 2cd262e
[2026-09-24 10:43:08] coarse 未成, 移出 31885450
[2026-09-24 10:43:08] coarse 未成, 移出 3694fee7
[2026-09-24 10:43:08] coarse 未成, 移出 3d9797eb
[2026-09-24 10:43:08] coarse 未成, 移出 3fbbecf1
[2026-09-24 10:43:08] coarse 未成, 移出 45102531
[2026-09-24 10:43:08] coarse 未成, 移出 47c9ed3d
[2026-09-24 10:43:08] coarse 未成, 移出 4ae427af
[2026-09-24 10:43:08] coarse 未成, 移出 56d83014
[2026-09-24 10:43:08] coarse 未成, 移出 5b487f7d
[2026-09-24 10:43:08] coarse 未成, 移出 5e29c876
[2026-09-24 10:43:08] coarse 未成, 移出 5edee1de
[2026-09-24 10:43:08] coarse 未成, 移出 5f8ab216
[2026-09-24 10:43:08] coarse 未成, 移出 621d5dff
[2026-09-24 10:43:08] coarse 未成, 移出 68a76f93
[2026-09-24 10:43:08] coarse 未成, 移出 71a04b35
[2026-09-24 10:43:08] coarse 未成, 移出 7880b730
[2026-09-24 10:43:08] coarse 未成, 移出 eefff92
[2026-09-24 10:43:08] e 剩 43 个场景, 用新配置 --use_existing 续跑
[2026-09-24 10:43:08] e 续跑 pid 1964557
