W20260718 18:49:16.008542 0x208442080 aether_sfm_c_e12.cc:7178] [aether_sfm] host replay reusing stored pairs from /Users/kaidongwang/.config/superpowers/worktrees/pocketworld_research_benchmarks/pocketworld-repro-contract-20260714/experiments/rs_replication_exec_2026-07-19/E19_no_birth/A_channel_attribution/runs/cap50_e19_envoff/input_db/sfm_live.db (matches=1076, verified=1076)
I20260718 18:49:16.047034 0x208442080 bundle_adjustment_ceres.cc:1051] [AETHER] solver_used=DENSE_SCHUR sparse_backend=EIGEN_SPARSE dense_backend=EIGEN mixed=0 threads=1
I20260718 18:49:16.085308 0x208442080 bundle_adjustment_ceres.cc:1051] [AETHER] solver_used=DENSE_SCHUR sparse_backend=EIGEN_SPARSE dense_backend=EIGEN mixed=0 threads=1
I20260718 18:49:16.144936 0x208442080 bundle_adjustment_ceres.cc:1051] [AETHER] solver_used=DENSE_SCHUR sparse_backend=EIGEN_SPARSE dense_backend=EIGEN mixed=0 threads=1
I20260718 18:49:16.227172 0x208442080 bundle_adjustment_ceres.cc:1051] [AETHER] solver_used=DENSE_SCHUR sparse_backend=EIGEN_SPARSE dense_backend=EIGEN mixed=0 threads=1
I20260718 18:49:16.325385 0x208442080 bundle_adjustment_ceres.cc:1051] [AETHER] solver_used=DENSE_SCHUR sparse_backend=EIGEN_SPARSE dense_backend=EIGEN mixed=0 threads=1
I20260718 18:49:16.431282 0x208442080 bundle_adjustment_ceres.cc:1051] [AETHER] solver_used=DENSE_SCHUR sparse_backend=EIGEN_SPARSE dense_backend=EIGEN mixed=0 threads=1
I20260718 18:49:16.544899 0x208442080 bundle_adjustment_ceres.cc:1051] [AETHER] solver_used=DENSE_SCHUR sparse_backend=EIGEN_SPARSE dense_backend=EIGEN mixed=0 threads=1
I20260718 18:49:16.656618 0x208442080 bundle_adjustment_ceres.cc:1051] [AETHER] solver_used=DENSE_SCHUR sparse_backend=EIGEN_SPARSE dense_backend=EIGEN mixed=0 threads=1
I20260718 18:49:16.771462 0x208442080 bundle_adjustment_ceres.cc:1051] [AETHER] solver_used=DENSE_SCHUR sparse_backend=EIGEN_SPARSE dense_backend=EIGEN mixed=0 threads=1
I20260718 18:49:16.898227 0x208442080 bundle_adjustment_ceres.cc:1051] [AETHER] solver_used=DENSE_SCHUR sparse_backend=EIGEN_SPARSE dense_backend=EIGEN mixed=0 threads=1
I20260718 18:49:17.003875 0x208442080 bundle_adjustment_ceres.cc:1051] [AETHER] solver_used=DENSE_SCHUR sparse_backend=EIGEN_SPARSE dense_backend=EIGEN mixed=0 threads=1
I20260718 18:49:17.094209 0x208442080 bundle_adjustment_ceres.cc:1051] [AETHER] solver_used=DENSE_SCHUR sparse_backend=EIGEN_SPARSE dense_backend=EIGEN mixed=0 threads=1
I20260718 18:49:17.171395 0x208442080 bundle_adjustment_ceres.cc:1051] [AETHER] solver_used=DENSE_SCHUR sparse_backend=EIGEN_SPARSE dense_backend=EIGEN mixed=0 threads=1
I20260718 18:49:17.231384 0x208442080 bundle_adjustment_ceres.cc:1051] [AETHER] solver_used=DENSE_SCHUR sparse_backend=EIGEN_SPARSE dense_backend=EIGEN mixed=0 threads=1
I20260718 18:49:17.291839 0x208442080 bundle_adjustment_ceres.cc:1051] [AETHER] solver_used=DENSE_SCHUR sparse_backend=EIGEN_SPARSE dense_backend=EIGEN mixed=0 threads=1
I20260718 18:49:17.352271 0x208442080 bundle_adjustment_ceres.cc:1051] [AETHER] solver_used=DENSE_SCHUR sparse_backend=EIGEN_SPARSE dense_backend=EIGEN mixed=0 threads=1
I20260718 18:49:17.407887 0x208442080 bundle_adjustment_ceres.cc:1051] [AETHER] solver_used=DENSE_SCHUR sparse_backend=EIGEN_SPARSE dense_backend=EIGEN mixed=0 threads=1
I20260718 18:49:17.464839 0x208442080 bundle_adjustment_ceres.cc:1051] [AETHER] solver_used=DENSE_SCHUR sparse_backend=EIGEN_SPARSE dense_backend=EIGEN mixed=0 threads=1
I20260718 18:49:17.522325 0x208442080 bundle_adjustment_ceres.cc:1051] [AETHER] solver_used=DENSE_SCHUR sparse_backend=EIGEN_SPARSE dense_backend=EIGEN mixed=0 threads=1
I20260718 18:49:17.579658 0x208442080 bundle_adjustment_ceres.cc:1051] [AETHER] solver_used=DENSE_SCHUR sparse_backend=EIGEN_SPARSE dense_backend=EIGEN mixed=0 threads=1
I20260718 18:49:17.638859 0x208442080 bundle_adjustment_ceres.cc:1051] [AETHER] solver_used=DENSE_SCHUR sparse_backend=EIGEN_SPARSE dense_backend=EIGEN mixed=0 threads=1
I20260718 18:49:17.698595 0x208442080 bundle_adjustment_ceres.cc:1051] [AETHER] solver_used=DENSE_SCHUR sparse_backend=EIGEN_SPARSE dense_backend=EIGEN mixed=0 threads=1
I20260718 18:49:17.754614 0x208442080 bundle_adjustment_ceres.cc:1051] [AETHER] solver_used=DENSE_SCHUR sparse_backend=EIGEN_SPARSE dense_backend=EIGEN mixed=0 threads=1
I20260718 18:49:17.814431 0x208442080 bundle_adjustment_ceres.cc:1051] [AETHER] solver_used=DENSE_SCHUR sparse_backend=EIGEN_SPARSE dense_backend=EIGEN mixed=0 threads=1
I20260718 18:49:17.879025 0x208442080 bundle_adjustment_ceres.cc:1051] [AETHER] solver_used=DENSE_SCHUR sparse_backend=EIGEN_SPARSE dense_backend=EIGEN mixed=0 threads=1
I20260718 18:49:17.949503 0x208442080 bundle_adjustment_ceres.cc:1051] [AETHER] solver_used=DENSE_SCHUR sparse_backend=EIGEN_SPARSE dense_backend=EIGEN mixed=0 threads=1
I20260718 18:49:18.033584 0x208442080 bundle_adjustment_ceres.cc:1051] [AETHER] solver_used=DENSE_SCHUR sparse_backend=EIGEN_SPARSE dense_backend=EIGEN mixed=0 threads=1
I20260718 18:49:18.118745 0x208442080 bundle_adjustment_ceres.cc:1051] [AETHER] solver_used=DENSE_SCHUR sparse_backend=EIGEN_SPARSE dense_backend=EIGEN mixed=0 threads=1
I20260718 18:49:18.199737 0x208442080 bundle_adjustment_ceres.cc:1051] [AETHER] solver_used=DENSE_SCHUR sparse_backend=EIGEN_SPARSE dense_backend=EIGEN mixed=0 threads=1
I20260718 18:49:18.284251 0x208442080 bundle_adjustment_ceres.cc:1051] [AETHER] solver_used=DENSE_SCHUR sparse_backend=EIGEN_SPARSE dense_backend=EIGEN mixed=0 threads=1
I20260718 18:49:18.384378 0x208442080 bundle_adjustment_ceres.cc:1051] [AETHER] solver_used=DENSE_SCHUR sparse_backend=EIGEN_SPARSE dense_backend=EIGEN mixed=0 threads=1
I20260718 18:49:18.485172 0x208442080 bundle_adjustment_ceres.cc:1051] [AETHER] solver_used=DENSE_SCHUR sparse_backend=EIGEN_SPARSE dense_backend=EIGEN mixed=0 threads=1
I20260718 18:49:18.608825 0x208442080 bundle_adjustment_ceres.cc:1051] [AETHER] solver_used=DENSE_SCHUR sparse_backend=EIGEN_SPARSE dense_backend=EIGEN mixed=0 threads=1
I20260718 18:49:18.737103 0x208442080 bundle_adjustment_ceres.cc:1051] [AETHER] solver_used=DENSE_SCHUR sparse_backend=EIGEN_SPARSE dense_backend=EIGEN mixed=0 threads=12
I20260718 18:49:18.862348 0x208442080 bundle_adjustment_ceres.cc:1051] [AETHER] solver_used=DENSE_SCHUR sparse_backend=EIGEN_SPARSE dense_backend=EIGEN mixed=0 threads=12
I20260718 18:49:18.988179 0x208442080 bundle_adjustment_ceres.cc:1051] [AETHER] solver_used=DENSE_SCHUR sparse_backend=EIGEN_SPARSE dense_backend=EIGEN mixed=0 threads=12
I20260718 18:49:19.124430 0x208442080 bundle_adjustment_ceres.cc:1051] [AETHER] solver_used=DENSE_SCHUR sparse_backend=EIGEN_SPARSE dense_backend=EIGEN mixed=0 threads=12
I20260718 18:49:19.253894 0x208442080 bundle_adjustment_ceres.cc:1051] [AETHER] solver_used=DENSE_SCHUR sparse_backend=EIGEN_SPARSE dense_backend=EIGEN mixed=0 threads=12
I20260718 18:49:19.376266 0x208442080 bundle_adjustment_ceres.cc:1051] [AETHER] solver_used=DENSE_SCHUR sparse_backend=EIGEN_SPARSE dense_backend=EIGEN mixed=0 threads=12
I20260718 18:49:19.500664 0x208442080 bundle_adjustment_ceres.cc:1051] [AETHER] solver_used=DENSE_SCHUR sparse_backend=EIGEN_SPARSE dense_backend=EIGEN mixed=0 threads=12
I20260718 18:49:19.631491 0x208442080 bundle_adjustment_ceres.cc:1051] [AETHER] solver_used=DENSE_SCHUR sparse_backend=EIGEN_SPARSE dense_backend=EIGEN mixed=0 threads=12
I20260718 18:49:19.772401 0x208442080 bundle_adjustment_ceres.cc:1051] [AETHER] solver_used=DENSE_SCHUR sparse_backend=EIGEN_SPARSE dense_backend=EIGEN mixed=0 threads=12
I20260718 18:49:19.918176 0x208442080 bundle_adjustment_ceres.cc:1051] [AETHER] solver_used=DENSE_SCHUR sparse_backend=EIGEN_SPARSE dense_backend=EIGEN mixed=0 threads=12
I20260718 18:49:20.035312 0x208442080 bundle_adjustment_ceres.cc:1051] [AETHER] solver_used=DENSE_SCHUR sparse_backend=EIGEN_SPARSE dense_backend=EIGEN mixed=0 threads=12
I20260718 18:49:20.146591 0x208442080 bundle_adjustment_ceres.cc:1051] [AETHER] solver_used=DENSE_SCHUR sparse_backend=EIGEN_SPARSE dense_backend=EIGEN mixed=0 threads=12
I20260718 18:49:20.274897 0x208442080 bundle_adjustment_ceres.cc:1051] [AETHER] solver_used=DENSE_SCHUR sparse_backend=EIGEN_SPARSE dense_backend=EIGEN mixed=0 threads=1
I20260718 18:49:20.390513 0x208442080 bundle_adjustment_ceres.cc:1051] [AETHER] solver_used=DENSE_SCHUR sparse_backend=EIGEN_SPARSE dense_backend=EIGEN mixed=0 threads=1
I20260718 18:49:20.508930 0x208442080 bundle_adjustment_ceres.cc:1051] [AETHER] solver_used=DENSE_SCHUR sparse_backend=EIGEN_SPARSE dense_backend=EIGEN mixed=0 threads=1
I20260718 18:49:20.638238 0x208442080 bundle_adjustment_ceres.cc:1051] [AETHER] solver_used=DENSE_SCHUR sparse_backend=EIGEN_SPARSE dense_backend=EIGEN mixed=0 threads=1
I20260718 18:49:20.756835 0x208442080 bundle_adjustment_ceres.cc:1051] [AETHER] solver_used=DENSE_SCHUR sparse_backend=EIGEN_SPARSE dense_backend=EIGEN mixed=0 threads=1
I20260718 18:49:20.870826 0x208442080 bundle_adjustment_ceres.cc:1051] [AETHER] solver_used=DENSE_SCHUR sparse_backend=EIGEN_SPARSE dense_backend=EIGEN mixed=0 threads=12
I20260718 18:49:20.992803 0x208442080 bundle_adjustment_ceres.cc:1051] [AETHER] solver_used=DENSE_SCHUR sparse_backend=EIGEN_SPARSE dense_backend=EIGEN mixed=0 threads=12
I20260718 18:49:21.107851 0x208442080 bundle_adjustment_ceres.cc:1051] [AETHER] solver_used=DENSE_SCHUR sparse_backend=EIGEN_SPARSE dense_backend=EIGEN mixed=0 threads=12
I20260718 18:49:21.231337 0x208442080 bundle_adjustment_ceres.cc:1051] [AETHER] solver_used=DENSE_SCHUR sparse_backend=EIGEN_SPARSE dense_backend=EIGEN mixed=0 threads=1
I20260718 18:49:21.349903 0x208442080 bundle_adjustment_ceres.cc:1051] [AETHER] solver_used=DENSE_SCHUR sparse_backend=EIGEN_SPARSE dense_backend=EIGEN mixed=0 threads=12
I20260718 18:49:21.463681 0x208442080 bundle_adjustment_ceres.cc:1051] [AETHER] solver_used=DENSE_SCHUR sparse_backend=EIGEN_SPARSE dense_backend=EIGEN mixed=0 threads=12
I20260718 18:49:21.592735 0x208442080 bundle_adjustment_ceres.cc:1051] [AETHER] solver_used=DENSE_SCHUR sparse_backend=EIGEN_SPARSE dense_backend=EIGEN mixed=0 threads=12
I20260718 18:49:21.714498 0x208442080 bundle_adjustment_ceres.cc:1051] [AETHER] solver_used=DENSE_SCHUR sparse_backend=EIGEN_SPARSE dense_backend=EIGEN mixed=0 threads=12
I20260718 18:49:21.835196 0x208442080 bundle_adjustment_ceres.cc:1051] [AETHER] solver_used=DENSE_SCHUR sparse_backend=EIGEN_SPARSE dense_backend=EIGEN mixed=0 threads=12
I20260718 18:49:21.957551 0x208442080 bundle_adjustment_ceres.cc:1051] [AETHER] solver_used=DENSE_SCHUR sparse_backend=EIGEN_SPARSE dense_backend=EIGEN mixed=0 threads=12
I20260718 18:49:22.078155 0x208442080 bundle_adjustment_ceres.cc:1051] [AETHER] solver_used=DENSE_SCHUR sparse_backend=EIGEN_SPARSE dense_backend=EIGEN mixed=0 threads=12
I20260718 18:49:22.184897 0x208442080 bundle_adjustment_ceres.cc:1051] [AETHER] solver_used=DENSE_SCHUR sparse_backend=EIGEN_SPARSE dense_backend=EIGEN mixed=0 threads=12
I20260718 18:49:22.307221 0x208442080 bundle_adjustment_ceres.cc:1051] [AETHER] solver_used=DENSE_SCHUR sparse_backend=EIGEN_SPARSE dense_backend=EIGEN mixed=0 threads=1
I20260718 18:49:22.424761 0x208442080 bundle_adjustment_ceres.cc:1051] [AETHER] solver_used=DENSE_SCHUR sparse_backend=EIGEN_SPARSE dense_backend=EIGEN mixed=0 threads=1
I20260718 18:49:22.532750 0x208442080 bundle_adjustment_ceres.cc:1051] [AETHER] solver_used=DENSE_SCHUR sparse_backend=EIGEN_SPARSE dense_backend=EIGEN mixed=0 threads=1
I20260718 18:49:22.635894 0x208442080 bundle_adjustment_ceres.cc:1051] [AETHER] solver_used=DENSE_SCHUR sparse_backend=EIGEN_SPARSE dense_backend=EIGEN mixed=0 threads=1
I20260718 18:49:22.740201 0x208442080 bundle_adjustment_ceres.cc:1051] [AETHER] solver_used=DENSE_SCHUR sparse_backend=EIGEN_SPARSE dense_backend=EIGEN mixed=0 threads=1
I20260718 18:49:22.841434 0x208442080 bundle_adjustment_ceres.cc:1051] [AETHER] solver_used=DENSE_SCHUR sparse_backend=EIGEN_SPARSE dense_backend=EIGEN mixed=0 threads=1
I20260718 18:49:22.930146 0x208442080 bundle_adjustment_ceres.cc:1051] [AETHER] solver_used=DENSE_SCHUR sparse_backend=EIGEN_SPARSE dense_backend=EIGEN mixed=0 threads=1
I20260718 18:49:23.020142 0x208442080 bundle_adjustment_ceres.cc:1051] [AETHER] solver_used=DENSE_SCHUR sparse_backend=EIGEN_SPARSE dense_backend=EIGEN mixed=0 threads=1
I20260718 18:49:23.108821 0x208442080 bundle_adjustment_ceres.cc:1051] [AETHER] solver_used=DENSE_SCHUR sparse_backend=EIGEN_SPARSE dense_backend=EIGEN mixed=0 threads=1
I20260718 18:49:23.183719 0x208442080 bundle_adjustment_ceres.cc:1051] [AETHER] solver_used=DENSE_SCHUR sparse_backend=EIGEN_SPARSE dense_backend=EIGEN mixed=0 threads=1
I20260718 18:49:23.261335 0x208442080 bundle_adjustment_ceres.cc:1051] [AETHER] solver_used=DENSE_SCHUR sparse_backend=EIGEN_SPARSE dense_backend=EIGEN mixed=0 threads=1
I20260718 18:49:23.342751 0x208442080 bundle_adjustment_ceres.cc:1051] [AETHER] solver_used=DENSE_SCHUR sparse_backend=EIGEN_SPARSE dense_backend=EIGEN mixed=0 threads=1
I20260718 18:49:23.424990 0x208442080 bundle_adjustment_ceres.cc:1051] [AETHER] solver_used=DENSE_SCHUR sparse_backend=EIGEN_SPARSE dense_backend=EIGEN mixed=0 threads=1
I20260718 18:49:23.511498 0x208442080 bundle_adjustment_ceres.cc:1051] [AETHER] solver_used=DENSE_SCHUR sparse_backend=EIGEN_SPARSE dense_backend=EIGEN mixed=0 threads=1
I20260718 18:49:23.586478 0x208442080 bundle_adjustment_ceres.cc:1051] [AETHER] solver_used=DENSE_SCHUR sparse_backend=EIGEN_SPARSE dense_backend=EIGEN mixed=0 threads=1
I20260718 18:49:23.665535 0x208442080 bundle_adjustment_ceres.cc:1051] [AETHER] solver_used=DENSE_SCHUR sparse_backend=EIGEN_SPARSE dense_backend=EIGEN mixed=0 threads=1
I20260718 18:49:23.737364 0x208442080 bundle_adjustment_ceres.cc:1051] [AETHER] solver_used=DENSE_SCHUR sparse_backend=EIGEN_SPARSE dense_backend=EIGEN mixed=0 threads=1
I20260718 18:49:23.801778 0x208442080 bundle_adjustment_ceres.cc:1051] [AETHER] solver_used=DENSE_SCHUR sparse_backend=EIGEN_SPARSE dense_backend=EIGEN mixed=0 threads=1
I20260718 18:49:23.860649 0x208442080 bundle_adjustment_ceres.cc:1051] [AETHER] solver_used=DENSE_SCHUR sparse_backend=EIGEN_SPARSE dense_backend=EIGEN mixed=0 threads=1
I20260718 18:49:23.916527 0x208442080 bundle_adjustment_ceres.cc:1051] [AETHER] solver_used=DENSE_SCHUR sparse_backend=EIGEN_SPARSE dense_backend=EIGEN mixed=0 threads=1
I20260718 18:49:23.977027 0x208442080 bundle_adjustment_ceres.cc:1051] [AETHER] solver_used=DENSE_SCHUR sparse_backend=EIGEN_SPARSE dense_backend=EIGEN mixed=0 threads=1
I20260718 18:49:24.028790 0x208442080 bundle_adjustment_ceres.cc:1051] [AETHER] solver_used=DENSE_SCHUR sparse_backend=EIGEN_SPARSE dense_backend=EIGEN mixed=0 threads=1
I20260718 18:49:24.079309 0x208442080 bundle_adjustment_ceres.cc:1051] [AETHER] solver_used=DENSE_SCHUR sparse_backend=EIGEN_SPARSE dense_backend=EIGEN mixed=0 threads=1
I20260718 18:49:24.142397 0x208442080 bundle_adjustment_ceres.cc:1051] [AETHER] solver_used=DENSE_SCHUR sparse_backend=EIGEN_SPARSE dense_backend=EIGEN mixed=0 threads=1
I20260718 18:49:24.206270 0x208442080 bundle_adjustment_ceres.cc:1051] [AETHER] solver_used=DENSE_SCHUR sparse_backend=EIGEN_SPARSE dense_backend=EIGEN mixed=0 threads=1
I20260718 18:49:24.288425 0x208442080 bundle_adjustment_ceres.cc:1051] [AETHER] solver_used=DENSE_SCHUR sparse_backend=EIGEN_SPARSE dense_backend=EIGEN mixed=0 threads=1
I20260718 18:49:24.376306 0x208442080 bundle_adjustment_ceres.cc:1051] [AETHER] solver_used=DENSE_SCHUR sparse_backend=EIGEN_SPARSE dense_backend=EIGEN mixed=0 threads=1
I20260718 18:49:24.462010 0x208442080 bundle_adjustment_ceres.cc:1051] [AETHER] solver_used=DENSE_SCHUR sparse_backend=EIGEN_SPARSE dense_backend=EIGEN mixed=0 threads=1
I20260718 18:49:24.564815 0x208442080 bundle_adjustment_ceres.cc:1051] [AETHER] solver_used=DENSE_SCHUR sparse_backend=EIGEN_SPARSE dense_backend=EIGEN mixed=0 threads=1
I20260718 18:49:24.660202 0x208442080 bundle_adjustment_ceres.cc:1051] [AETHER] solver_used=DENSE_SCHUR sparse_backend=EIGEN_SPARSE dense_backend=EIGEN mixed=0 threads=1
I20260718 18:49:24.751763 0x208442080 bundle_adjustment_ceres.cc:1051] [AETHER] solver_used=DENSE_SCHUR sparse_backend=EIGEN_SPARSE dense_backend=EIGEN mixed=0 threads=1
I20260718 18:49:24.839266 0x208442080 bundle_adjustment_ceres.cc:1051] [AETHER] solver_used=DENSE_SCHUR sparse_backend=EIGEN_SPARSE dense_backend=EIGEN mixed=0 threads=1
I20260718 18:49:24.932130 0x208442080 bundle_adjustment_ceres.cc:1051] [AETHER] solver_used=DENSE_SCHUR sparse_backend=EIGEN_SPARSE dense_backend=EIGEN mixed=0 threads=1
I20260718 18:49:25.014254 0x208442080 bundle_adjustment_ceres.cc:1051] [AETHER] solver_used=DENSE_SCHUR sparse_backend=EIGEN_SPARSE dense_backend=EIGEN mixed=0 threads=1
I20260718 18:49:25.098547 0x208442080 bundle_adjustment_ceres.cc:1051] [AETHER] solver_used=DENSE_SCHUR sparse_backend=EIGEN_SPARSE dense_backend=EIGEN mixed=0 threads=1
I20260718 18:49:25.172616 0x208442080 bundle_adjustment_ceres.cc:1051] [AETHER] solver_used=DENSE_SCHUR sparse_backend=EIGEN_SPARSE dense_backend=EIGEN mixed=0 threads=1
I20260718 18:49:25.243026 0x208442080 bundle_adjustment_ceres.cc:1051] [AETHER] solver_used=DENSE_SCHUR sparse_backend=EIGEN_SPARSE dense_backend=EIGEN mixed=0 threads=1
I20260718 18:49:25.312780 0x208442080 bundle_adjustment_ceres.cc:1051] [AETHER] solver_used=DENSE_SCHUR sparse_backend=EIGEN_SPARSE dense_backend=EIGEN mixed=0 threads=1
I20260718 18:49:25.384127 0x208442080 bundle_adjustment_ceres.cc:1051] [AETHER] solver_used=DENSE_SCHUR sparse_backend=EIGEN_SPARSE dense_backend=EIGEN mixed=0 threads=1
I20260718 18:49:25.446016 0x208442080 bundle_adjustment_ceres.cc:1051] [AETHER] solver_used=DENSE_SCHUR sparse_backend=EIGEN_SPARSE dense_backend=EIGEN mixed=0 threads=1
I20260718 18:49:25.510008 0x208442080 bundle_adjustment_ceres.cc:1051] [AETHER] solver_used=DENSE_SCHUR sparse_backend=EIGEN_SPARSE dense_backend=EIGEN mixed=0 threads=1
I20260718 18:49:25.585077 0x208442080 bundle_adjustment_ceres.cc:1051] [AETHER] solver_used=DENSE_SCHUR sparse_backend=EIGEN_SPARSE dense_backend=EIGEN mixed=0 threads=1
I20260718 18:49:25.661987 0x208442080 bundle_adjustment_ceres.cc:1051] [AETHER] solver_used=DENSE_SCHUR sparse_backend=EIGEN_SPARSE dense_backend=EIGEN mixed=0 threads=1
I20260718 18:49:25.735011 0x208442080 bundle_adjustment_ceres.cc:1051] [AETHER] solver_used=DENSE_SCHUR sparse_backend=EIGEN_SPARSE dense_backend=EIGEN mixed=0 threads=1
I20260718 18:49:25.814518 0x208442080 bundle_adjustment_ceres.cc:1051] [AETHER] solver_used=DENSE_SCHUR sparse_backend=EIGEN_SPARSE dense_backend=EIGEN mixed=0 threads=1
I20260718 18:49:25.878916 0x208442080 bundle_adjustment_ceres.cc:1051] [AETHER] solver_used=DENSE_SCHUR sparse_backend=EIGEN_SPARSE dense_backend=EIGEN mixed=0 threads=1
I20260718 18:49:25.951632 0x208442080 bundle_adjustment_ceres.cc:1051] [AETHER] solver_used=DENSE_SCHUR sparse_backend=EIGEN_SPARSE dense_backend=EIGEN mixed=0 threads=1
I20260718 18:49:26.028382 0x208442080 bundle_adjustment_ceres.cc:1051] [AETHER] solver_used=DENSE_SCHUR sparse_backend=EIGEN_SPARSE dense_backend=EIGEN mixed=0 threads=1
I20260718 18:49:26.097568 0x208442080 bundle_adjustment_ceres.cc:1051] [AETHER] solver_used=DENSE_SCHUR sparse_backend=EIGEN_SPARSE dense_backend=EIGEN mixed=0 threads=1
I20260718 18:49:26.166073 0x208442080 bundle_adjustment_ceres.cc:1051] [AETHER] solver_used=DENSE_SCHUR sparse_backend=EIGEN_SPARSE dense_backend=EIGEN mixed=0 threads=1
I20260718 18:49:26.233056 0x208442080 bundle_adjustment_ceres.cc:1051] [AETHER] solver_used=DENSE_SCHUR sparse_backend=EIGEN_SPARSE dense_backend=EIGEN mixed=0 threads=1
I20260718 18:49:26.312439 0x208442080 bundle_adjustment_ceres.cc:1051] [AETHER] solver_used=DENSE_SCHUR sparse_backend=EIGEN_SPARSE dense_backend=EIGEN mixed=0 threads=1
I20260718 18:49:26.378091 0x208442080 bundle_adjustment_ceres.cc:1051] [AETHER] solver_used=DENSE_SCHUR sparse_backend=EIGEN_SPARSE dense_backend=EIGEN mixed=0 threads=1
I20260718 18:49:26.436166 0x208442080 bundle_adjustment_ceres.cc:1051] [AETHER] solver_used=DENSE_SCHUR sparse_backend=EIGEN_SPARSE dense_backend=EIGEN mixed=0 threads=1
I20260718 18:49:26.499251 0x208442080 bundle_adjustment_ceres.cc:1051] [AETHER] solver_used=DENSE_SCHUR sparse_backend=EIGEN_SPARSE dense_backend=EIGEN mixed=0 threads=1
I20260718 18:49:26.555691 0x208442080 bundle_adjustment_ceres.cc:1051] [AETHER] solver_used=DENSE_SCHUR sparse_backend=EIGEN_SPARSE dense_backend=EIGEN mixed=0 threads=1
I20260718 18:49:26.608265 0x208442080 bundle_adjustment_ceres.cc:1051] [AETHER] solver_used=DENSE_SCHUR sparse_backend=EIGEN_SPARSE dense_backend=EIGEN mixed=0 threads=1
I20260718 18:49:26.668213 0x208442080 bundle_adjustment_ceres.cc:1051] [AETHER] solver_used=DENSE_SCHUR sparse_backend=EIGEN_SPARSE dense_backend=EIGEN mixed=0 threads=1
I20260718 18:49:26.723637 0x208442080 bundle_adjustment_ceres.cc:1051] [AETHER] solver_used=DENSE_SCHUR sparse_backend=EIGEN_SPARSE dense_backend=EIGEN mixed=0 threads=1
I20260718 18:49:26.789684 0x208442080 bundle_adjustment_ceres.cc:1051] [AETHER] solver_used=DENSE_SCHUR sparse_backend=EIGEN_SPARSE dense_backend=EIGEN mixed=0 threads=1
I20260718 18:49:26.868425 0x208442080 bundle_adjustment_ceres.cc:1051] [AETHER] solver_used=DENSE_SCHUR sparse_backend=EIGEN_SPARSE dense_backend=EIGEN mixed=0 threads=1
I20260718 18:49:26.958173 0x208442080 bundle_adjustment_ceres.cc:1051] [AETHER] solver_used=DENSE_SCHUR sparse_backend=EIGEN_SPARSE dense_backend=EIGEN mixed=0 threads=1
I20260718 18:49:27.042319 0x208442080 bundle_adjustment_ceres.cc:1051] [AETHER] solver_used=DENSE_SCHUR sparse_backend=EIGEN_SPARSE dense_backend=EIGEN mixed=0 threads=1
I20260718 18:49:27.147345 0x208442080 bundle_adjustment_ceres.cc:1051] [AETHER] solver_used=DENSE_SCHUR sparse_backend=EIGEN_SPARSE dense_backend=EIGEN mixed=0 threads=1
I20260718 18:49:27.235044 0x208442080 bundle_adjustment_ceres.cc:1051] [AETHER] solver_used=DENSE_SCHUR sparse_backend=EIGEN_SPARSE dense_backend=EIGEN mixed=0 threads=1
I20260718 18:49:27.319377 0x208442080 bundle_adjustment_ceres.cc:1051] [AETHER] solver_used=DENSE_SCHUR sparse_backend=EIGEN_SPARSE dense_backend=EIGEN mixed=0 threads=1
I20260718 18:49:27.419766 0x208442080 bundle_adjustment_ceres.cc:1051] [AETHER] solver_used=DENSE_SCHUR sparse_backend=EIGEN_SPARSE dense_backend=EIGEN mixed=0 threads=1
I20260718 18:49:27.532053 0x208442080 bundle_adjustment_ceres.cc:1051] [AETHER] solver_used=DENSE_SCHUR sparse_backend=EIGEN_SPARSE dense_backend=EIGEN mixed=0 threads=1
I20260718 18:49:27.634215 0x208442080 bundle_adjustment_ceres.cc:1051] [AETHER] solver_used=DENSE_SCHUR sparse_backend=EIGEN_SPARSE dense_backend=EIGEN mixed=0 threads=1
I20260718 18:49:27.728345 0x208442080 bundle_adjustment_ceres.cc:1051] [AETHER] solver_used=DENSE_SCHUR sparse_backend=EIGEN_SPARSE dense_backend=EIGEN mixed=0 threads=1
I20260718 18:49:27.822894 0x208442080 bundle_adjustment_ceres.cc:1051] [AETHER] solver_used=DENSE_SCHUR sparse_backend=EIGEN_SPARSE dense_backend=EIGEN mixed=0 threads=1
I20260718 18:49:27.906361 0x208442080 bundle_adjustment_ceres.cc:1051] [AETHER] solver_used=DENSE_SCHUR sparse_backend=EIGEN_SPARSE dense_backend=EIGEN mixed=0 threads=1
I20260718 18:49:27.983808 0x208442080 bundle_adjustment_ceres.cc:1051] [AETHER] solver_used=DENSE_SCHUR sparse_backend=EIGEN_SPARSE dense_backend=EIGEN mixed=0 threads=1
I20260718 18:49:28.057857 0x208442080 bundle_adjustment_ceres.cc:1051] [AETHER] solver_used=DENSE_SCHUR sparse_backend=EIGEN_SPARSE dense_backend=EIGEN mixed=0 threads=1
I20260718 18:49:28.126544 0x208442080 bundle_adjustment_ceres.cc:1051] [AETHER] solver_used=DENSE_SCHUR sparse_backend=EIGEN_SPARSE dense_backend=EIGEN mixed=0 threads=1
I20260718 18:49:28.997046 0x16d847000 database_cache.cc:72] Loading rigs...
I20260718 18:49:28.997141 0x16d847000 database_cache.cc:82]  0 in 0.000s
I20260718 18:49:28.997152 0x16d847000 database_cache.cc:90] Loading cameras...
I20260718 18:49:28.997178 0x16d847000 database_cache.cc:108]  1 in 0.000s
I20260718 18:49:28.997184 0x16d847000 database_cache.cc:116] Loading frames...
I20260718 18:49:28.997214 0x16d847000 database_cache.cc:126]  0 in 0.000s
I20260718 18:49:28.997220 0x16d847000 database_cache.cc:134] Loading matches...
I20260718 18:49:28.999094 0x16d847000 database_cache.cc:139]  751 in 0.002s
I20260718 18:49:28.999102 0x16d847000 database_cache.cc:147] Loading images...
I20260718 18:49:29.017036 0x16d847000 database_cache.cc:236]  139 in 0.018s (loaded all 139)
I20260718 18:49:29.017096 0x16d847000 database_cache.cc:255] Loading pose priors...
I20260718 18:49:29.017181 0x16d847000 database_cache.cc:263]  0 in 0.000s
I20260718 18:49:29.017211 0x16d847000 database_cache.cc:271] Building correspondence graph...
I20260718 18:49:29.057174 0x16d847000 database_cache.cc:300]  in 0.040s (ignored 13)
W20260718 18:49:29.057326 0x16d8d3000 aether_sfm_c_e12.cc:6311] [aether_sfm] stored-pair replay: finalize enrichment skipped (matcher_calls=0)
I20260718 18:49:29.105529 0x16d847000 incremental_pipeline.cc:325] Loading database
I20260718 18:49:29.105606 0x16d847000 database_cache.cc:72] Loading rigs...
I20260718 18:49:29.105622 0x16d847000 database_cache.cc:82]  0 in 0.000s
I20260718 18:49:29.105632 0x16d847000 database_cache.cc:90] Loading cameras...
I20260718 18:49:29.105646 0x16d847000 database_cache.cc:108]  1 in 0.000s
I20260718 18:49:29.105651 0x16d847000 database_cache.cc:116] Loading frames...
I20260718 18:49:29.105658 0x16d847000 database_cache.cc:126]  0 in 0.000s
I20260718 18:49:29.105663 0x16d847000 database_cache.cc:134] Loading matches...
I20260718 18:49:29.107666 0x16d847000 database_cache.cc:139]  751 in 0.002s
I20260718 18:49:29.107674 0x16d847000 database_cache.cc:147] Loading images...
I20260718 18:49:29.126978 0x16d847000 database_cache.cc:236]  139 in 0.019s (loaded all 139)
I20260718 18:49:29.127029 0x16d847000 database_cache.cc:255] Loading pose priors...
I20260718 18:49:29.127054 0x16d847000 database_cache.cc:263]  0 in 0.000s
I20260718 18:49:29.127061 0x16d847000 database_cache.cc:271] Building correspondence graph...
I20260718 18:49:29.164871 0x16d847000 database_cache.cc:300]  in 0.038s (ignored 13)
I20260718 18:49:29.164962 0x16d847000 timer.cc:90] Elapsed time: 0.001 [minutes]
W20260718 18:49:32.837101 0x16d847000 levenberg_marquardt_strategy.cc:123] Linear solver failure. Failed to compute a step: Eigen failure. Unable to perform dense Cholesky factorization.
W20260718 18:49:32.930826 0x16d847000 levenberg_marquardt_strategy.cc:123] Linear solver failure. Failed to compute a step: Eigen failure. Unable to perform dense Cholesky factorization.
W20260718 18:49:33.263957 0x16d847000 levenberg_marquardt_strategy.cc:123] Linear solver failure. Failed to compute a step: Eigen failure. Unable to perform dense Cholesky factorization.
W20260718 18:49:33.476190 0x16d847000 levenberg_marquardt_strategy.cc:123] Linear solver failure. Failed to compute a step: Eigen failure. Unable to perform dense Cholesky factorization.
W20260718 18:49:33.568327 0x16d847000 levenberg_marquardt_strategy.cc:123] Linear solver failure. Failed to compute a step: Eigen failure. Unable to perform dense Cholesky factorization.
W20260718 18:49:33.885797 0x16d847000 levenberg_marquardt_strategy.cc:123] Linear solver failure. Failed to compute a step: Eigen failure. Unable to perform dense Cholesky factorization.
W20260718 18:49:33.969888 0x16d847000 levenberg_marquardt_strategy.cc:123] Linear solver failure. Failed to compute a step: Eigen failure. Unable to perform dense Cholesky factorization.
W20260718 18:49:34.174064 0x16d847000 levenberg_marquardt_strategy.cc:123] Linear solver failure. Failed to compute a step: Eigen failure. Unable to perform dense Cholesky factorization.
W20260718 18:49:34.386888 0x16d847000 levenberg_marquardt_strategy.cc:123] Linear solver failure. Failed to compute a step: Eigen failure. Unable to perform dense Cholesky factorization.
W20260718 18:49:34.479648 0x16d847000 levenberg_marquardt_strategy.cc:123] Linear solver failure. Failed to compute a step: Eigen failure. Unable to perform dense Cholesky factorization.
W20260718 18:49:34.811553 0x16d847000 levenberg_marquardt_strategy.cc:123] Linear solver failure. Failed to compute a step: Eigen failure. Unable to perform dense Cholesky factorization.
W20260718 18:49:34.905007 0x16d847000 levenberg_marquardt_strategy.cc:123] Linear solver failure. Failed to compute a step: Eigen failure. Unable to perform dense Cholesky factorization.
W20260718 18:49:35.119329 0x16d847000 levenberg_marquardt_strategy.cc:123] Linear solver failure. Failed to compute a step: Eigen failure. Unable to perform dense Cholesky factorization.
W20260718 18:49:35.325481 0x16d847000 levenberg_marquardt_strategy.cc:123] Linear solver failure. Failed to compute a step: Eigen failure. Unable to perform dense Cholesky factorization.
I20260718 18:49:35.452808 0x16d847000 bundle_adjustment_ceres.cc:1051] [AETHER] solver_used=DENSE_SCHUR sparse_backend=EIGEN_SPARSE dense_backend=EIGEN mixed=0 threads=6
W20260718 18:49:38.981647 0x16d847000 levenberg_marquardt_strategy.cc:123] Linear solver failure. Failed to compute a step: Eigen failure. Unable to perform dense Cholesky factorization.
W20260718 18:49:39.191424 0x16d847000 levenberg_marquardt_strategy.cc:123] Linear solver failure. Failed to compute a step: Eigen failure. Unable to perform dense Cholesky factorization.
W20260718 18:49:39.281913 0x16d847000 levenberg_marquardt_strategy.cc:123] Linear solver failure. Failed to compute a step: Eigen failure. Unable to perform dense Cholesky factorization.
W20260718 18:49:39.607934 0x16d847000 levenberg_marquardt_strategy.cc:123] Linear solver failure. Failed to compute a step: Eigen failure. Unable to perform dense Cholesky factorization.
W20260718 18:49:39.801655 0x16d847000 levenberg_marquardt_strategy.cc:123] Linear solver failure. Failed to compute a step: Eigen failure. Unable to perform dense Cholesky factorization.
W20260718 18:49:39.883938 0x16d847000 levenberg_marquardt_strategy.cc:123] Linear solver failure. Failed to compute a step: Eigen failure. Unable to perform dense Cholesky factorization.
W20260718 18:49:40.083498 0x16d847000 levenberg_marquardt_strategy.cc:123] Linear solver failure. Failed to compute a step: Eigen failure. Unable to perform dense Cholesky factorization.
W20260718 18:49:40.291885 0x16d847000 levenberg_marquardt_strategy.cc:123] Linear solver failure. Failed to compute a step: Eigen failure. Unable to perform dense Cholesky factorization.
W20260718 18:49:40.500439 0x16d847000 levenberg_marquardt_strategy.cc:123] Linear solver failure. Failed to compute a step: Eigen failure. Unable to perform dense Cholesky factorization.
W20260718 18:49:40.590799 0x16d847000 levenberg_marquardt_strategy.cc:123] Linear solver failure. Failed to compute a step: Eigen failure. Unable to perform dense Cholesky factorization.
W20260718 18:49:40.918273 0x16d847000 levenberg_marquardt_strategy.cc:123] Linear solver failure. Failed to compute a step: Eigen failure. Unable to perform dense Cholesky factorization.
W20260718 18:49:41.008782 0x16d847000 levenberg_marquardt_strategy.cc:123] Linear solver failure. Failed to compute a step: Eigen failure. Unable to perform dense Cholesky factorization.
W20260718 18:49:41.209574 0x16d847000 levenberg_marquardt_strategy.cc:123] Linear solver failure. Failed to compute a step: Eigen failure. Unable to perform dense Cholesky factorization.
W20260718 18:49:41.399614 0x16d847000 levenberg_marquardt_strategy.cc:123] Linear solver failure. Failed to compute a step: Eigen failure. Unable to perform dense Cholesky factorization.
W20260718 18:49:41.481289 0x16d847000 levenberg_marquardt_strategy.cc:123] Linear solver failure. Failed to compute a step: Eigen failure. Unable to perform dense Cholesky factorization.
I20260718 18:49:41.499120 0x16d847000 bundle_adjustment_ceres.cc:1051] [AETHER] solver_used=DENSE_SCHUR sparse_backend=EIGEN_SPARSE dense_backend=EIGEN mixed=0 threads=6
W20260718 18:49:44.994667 0x16d847000 levenberg_marquardt_strategy.cc:123] Linear solver failure. Failed to compute a step: Eigen failure. Unable to perform dense Cholesky factorization.
W20260718 18:49:45.202120 0x16d847000 levenberg_marquardt_strategy.cc:123] Linear solver failure. Failed to compute a step: Eigen failure. Unable to perform dense Cholesky factorization.
W20260718 18:49:45.291778 0x16d847000 levenberg_marquardt_strategy.cc:123] Linear solver failure. Failed to compute a step: Eigen failure. Unable to perform dense Cholesky factorization.
W20260718 18:49:45.499187 0x16d847000 levenberg_marquardt_strategy.cc:123] Linear solver failure. Failed to compute a step: Eigen failure. Unable to perform dense Cholesky factorization.
W20260718 18:49:45.694454 0x16d847000 levenberg_marquardt_strategy.cc:123] Linear solver failure. Failed to compute a step: Eigen failure. Unable to perform dense Cholesky factorization.
W20260718 18:49:46.000853 0x16d847000 levenberg_marquardt_strategy.cc:123] Linear solver failure. Failed to compute a step: Eigen failure. Unable to perform dense Cholesky factorization.
W20260718 18:49:46.091212 0x16d847000 levenberg_marquardt_strategy.cc:123] Linear solver failure. Failed to compute a step: Eigen failure. Unable to perform dense Cholesky factorization.
W20260718 18:49:46.298505 0x16d847000 levenberg_marquardt_strategy.cc:123] Linear solver failure. Failed to compute a step: Eigen failure. Unable to perform dense Cholesky factorization.
W20260718 18:49:46.505650 0x16d847000 levenberg_marquardt_strategy.cc:123] Linear solver failure. Failed to compute a step: Eigen failure. Unable to perform dense Cholesky factorization.
W20260718 18:49:46.595342 0x16d847000 levenberg_marquardt_strategy.cc:123] Linear solver failure. Failed to compute a step: Eigen failure. Unable to perform dense Cholesky factorization.
W20260718 18:49:46.802034 0x16d847000 levenberg_marquardt_strategy.cc:123] Linear solver failure. Failed to compute a step: Eigen failure. Unable to perform dense Cholesky factorization.
W20260718 18:49:47.006873 0x16d847000 levenberg_marquardt_strategy.cc:123] Linear solver failure. Failed to compute a step: Eigen failure. Unable to perform dense Cholesky factorization.
W20260718 18:49:47.198613 0x16d847000 levenberg_marquardt_strategy.cc:123] Linear solver failure. Failed to compute a step: Eigen failure. Unable to perform dense Cholesky factorization.
W20260718 18:49:47.280870 0x16d847000 levenberg_marquardt_strategy.cc:123] Linear solver failure. Failed to compute a step: Eigen failure. Unable to perform dense Cholesky factorization.
I20260718 18:49:47.522721 0x16d847000 bundle_adjustment_ceres.cc:1051] [AETHER] solver_used=DENSE_SCHUR sparse_backend=EIGEN_SPARSE dense_backend=EIGEN mixed=0 threads=6
W20260718 18:49:51.016870 0x16d847000 levenberg_marquardt_strategy.cc:123] Linear solver failure. Failed to compute a step: Eigen failure. Unable to perform dense Cholesky factorization.
W20260718 18:49:51.225088 0x16d847000 levenberg_marquardt_strategy.cc:123] Linear solver failure. Failed to compute a step: Eigen failure. Unable to perform dense Cholesky factorization.
W20260718 18:49:51.314181 0x16d847000 levenberg_marquardt_strategy.cc:123] Linear solver failure. Failed to compute a step: Eigen failure. Unable to perform dense Cholesky factorization.
W20260718 18:49:51.513237 0x16d847000 levenberg_marquardt_strategy.cc:123] Linear solver failure. Failed to compute a step: Eigen failure. Unable to perform dense Cholesky factorization.
W20260718 18:49:51.823915 0x16d847000 levenberg_marquardt_strategy.cc:123] Linear solver failure. Failed to compute a step: Eigen failure. Unable to perform dense Cholesky factorization.
W20260718 18:49:52.031371 0x16d847000 levenberg_marquardt_strategy.cc:123] Linear solver failure. Failed to compute a step: Eigen failure. Unable to perform dense Cholesky factorization.
W20260718 18:49:52.121549 0x16d847000 levenberg_marquardt_strategy.cc:123] Linear solver failure. Failed to compute a step: Eigen failure. Unable to perform dense Cholesky factorization.
W20260718 18:49:52.333214 0x16d847000 levenberg_marquardt_strategy.cc:123] Linear solver failure. Failed to compute a step: Eigen failure. Unable to perform dense Cholesky factorization.
W20260718 18:49:52.423341 0x16d847000 levenberg_marquardt_strategy.cc:123] Linear solver failure. Failed to compute a step: Eigen failure. Unable to perform dense Cholesky factorization.
W20260718 18:49:52.750006 0x16d847000 levenberg_marquardt_strategy.cc:123] Linear solver failure. Failed to compute a step: Eigen failure. Unable to perform dense Cholesky factorization.
W20260718 18:49:52.951835 0x16d847000 levenberg_marquardt_strategy.cc:123] Linear solver failure. Failed to compute a step: Eigen failure. Unable to perform dense Cholesky factorization.
W20260718 18:49:53.032600 0x16d847000 levenberg_marquardt_strategy.cc:123] Linear solver failure. Failed to compute a step: Eigen failure. Unable to perform dense Cholesky factorization.
W20260718 18:49:53.225553 0x16d847000 levenberg_marquardt_strategy.cc:123] Linear solver failure. Failed to compute a step: Eigen failure. Unable to perform dense Cholesky factorization.
W20260718 18:49:53.545813 0x16d847000 levenberg_marquardt_strategy.cc:123] Linear solver failure. Failed to compute a step: Eigen failure. Unable to perform dense Cholesky factorization.
I20260718 18:49:53.563530 0x16d847000 bundle_adjustment_ceres.cc:1051] [AETHER] solver_used=DENSE_SCHUR sparse_backend=EIGEN_SPARSE dense_backend=EIGEN mixed=0 threads=6
W20260718 18:49:57.045657 0x16d847000 levenberg_marquardt_strategy.cc:123] Linear solver failure. Failed to compute a step: Eigen failure. Unable to perform dense Cholesky factorization.
W20260718 18:49:57.252145 0x16d847000 levenberg_marquardt_strategy.cc:123] Linear solver failure. Failed to compute a step: Eigen failure. Unable to perform dense Cholesky factorization.
W20260718 18:49:57.451524 0x16d847000 levenberg_marquardt_strategy.cc:123] Linear solver failure. Failed to compute a step: Eigen failure. Unable to perform dense Cholesky factorization.
W20260718 18:49:57.643724 0x16d847000 levenberg_marquardt_strategy.cc:123] Linear solver failure. Failed to compute a step: Eigen failure. Unable to perform dense Cholesky factorization.
W20260718 18:49:57.724575 0x16d847000 levenberg_marquardt_strategy.cc:123] Linear solver failure. Failed to compute a step: Eigen failure. Unable to perform dense Cholesky factorization.
W20260718 18:49:57.932145 0x16d847000 levenberg_marquardt_strategy.cc:123] Linear solver failure. Failed to compute a step: Eigen failure. Unable to perform dense Cholesky factorization.
W20260718 18:49:58.022208 0x16d847000 levenberg_marquardt_strategy.cc:123] Linear solver failure. Failed to compute a step: Eigen failure. Unable to perform dense Cholesky factorization.
W20260718 18:49:58.344315 0x16d847000 levenberg_marquardt_strategy.cc:123] Linear solver failure. Failed to compute a step: Eigen failure. Unable to perform dense Cholesky factorization.
W20260718 18:49:58.434165 0x16d847000 levenberg_marquardt_strategy.cc:123] Linear solver failure. Failed to compute a step: Eigen failure. Unable to perform dense Cholesky factorization.
W20260718 18:49:58.756783 0x16d847000 levenberg_marquardt_strategy.cc:123] Linear solver failure. Failed to compute a step: Eigen failure. Unable to perform dense Cholesky factorization.
W20260718 18:49:58.838583 0x16d847000 levenberg_marquardt_strategy.cc:123] Linear solver failure. Failed to compute a step: Eigen failure. Unable to perform dense Cholesky factorization.
W20260718 18:49:59.140139 0x16d847000 levenberg_marquardt_strategy.cc:123] Linear solver failure. Failed to compute a step: Eigen failure. Unable to perform dense Cholesky factorization.
W20260718 18:49:59.230226 0x16d847000 levenberg_marquardt_strategy.cc:123] Linear solver failure. Failed to compute a step: Eigen failure. Unable to perform dense Cholesky factorization.
W20260718 18:49:59.437875 0x16d847000 levenberg_marquardt_strategy.cc:123] Linear solver failure. Failed to compute a step: Eigen failure. Unable to perform dense Cholesky factorization.
I20260718 18:49:59.569650 0x16d847000 bundle_adjustment_ceres.cc:1051] [AETHER] solver_used=DENSE_SCHUR sparse_backend=EIGEN_SPARSE dense_backend=EIGEN mixed=0 threads=6
W20260718 18:49:59.863443 0x16d847000 aether_sfm_c_e12.cc:4680] [aether_sfm] track-upgrade: eligible=70217 attempted=11884 accepted=4137 obs_added=4237 pre{n=93274 2view=69451 lt3=7569 theta_p50=7.70467deg} post{n=93274 2view=65370 lt3=7055 theta_p50=7.96891deg} in 124ms
W20260718 18:49:59.888558 0x16d847000 aether_sfm_c_e12.cc:6138] [aether_sfm] ghost_mask: n=93274 region=11872 band15=5951 cell_ghost=2439 bim_cells=51/94 (16ms)
W20260718 18:49:59.888618 0x16d847000 aether_sfm_c_e12.cc:5960] [aether_sfm] l1_plan: sfm_fed_frames.jsonl missing/empty — no JPEG mapping, plan skipped
W20260718 18:49:59.888634 0x16d847000 aether_sfm_c_e12.cc:6496] [aether_sfm] finalize worker: cache_pre=60ms enrich=30ms stage1=41ms (ok, rounds=0) stage2=30577ms (rounds<=5) temporal=60ms upgrade=124ms total=30899ms
       44.34 real        92.74 user        50.70 sys
           578699264  maximum resident set size
                   0  average shared memory size
                   0  average unshared data size
                   0  average unshared stack size
               63169  page reclaims
                 230  page faults
                   0  swaps
                   0  block input operations
                   0  block output operations
                   0  messages sent
                   0  messages received
                   0  signals received
                 868  voluntary context switches
             6934107  involuntary context switches
        750539491082  instructions retired
        362251259347  cycles elapsed
           519340848  peak memory footprint
