[mem] available_bytes=6329925632
=== RUN cap51_control env=[none] 12:43:30
rc=0
SOURCE n_images=105 n_poses=105 n_intrinsics=0
STORED_PAIRS matches=858 nonempty_matches=858 two_view=579 nonempty_two_view=570 geometry_missing=279 geometry_only=0
STREAMED fed=105 missing_pose=0 stream_ms=5558.0
REFINED finalize_ms=13302.3
RESULT incr=off n_reg=105 n_points=66003 track3plus=19220 n_obs=170919 mean_reproj_px=0.8297 stream_ms=5558.0 finalize_ms=13302.3 total_ms=18860.3
           434291480  peak memory footprint
src_db_md5_after=cd66e0dffbc30e1f39275346ee33780a
[mem] available_bytes=6406193152
=== RUN cap40 env=[AETHER_STREAM_TEMPORAL_ONLY=1 AETHER_LIVE_CAND_K_HOT=6 AETHER_TRACK_UPGRADE=1 AETHER_ENRICH_TARGETED=1 AETHER_ENRICH_PAIR_CAP=300 AETHER_STAGE1_ROUNDS_CAP=4 AETHER_GHOST_MASK=1] 12:43:50
rc=0
SOURCE n_images=89 n_poses=89 n_intrinsics=0
STORED_PAIRS matches=1067 nonempty_matches=1067 two_view=924 nonempty_two_view=920 geometry_missing=143 geometry_only=0
STREAMED fed=89 missing_pose=0 stream_ms=7399.2
REFINED finalize_ms=27575.9
RESULT incr=off n_reg=86 n_points=74500 track3plus=39410 n_obs=263385 mean_reproj_px=0.9887 stream_ms=7399.2 finalize_ms=27575.9 total_ms=34975.1
           425755416  peak memory footprint
src_db_md5_after=9f6585d8a2ce136aacba700c06bb0c4a
[mem] available_bytes=6678282240
=== RUN cap41 env=[AETHER_STREAM_TEMPORAL_ONLY=1 AETHER_LIVE_CAND_K_HOT=6 AETHER_TRACK_UPGRADE=1 AETHER_ENRICH_TARGETED=1 AETHER_ENRICH_PAIR_CAP=300 AETHER_STAGE1_ROUNDS_CAP=4 AETHER_GHOST_MASK=1] 12:44:26
rc=0
SOURCE n_images=102 n_poses=102 n_intrinsics=0
STORED_PAIRS matches=928 nonempty_matches=928 two_view=824 nonempty_two_view=822 geometry_missing=104 geometry_only=0
STREAMED fed=102 missing_pose=0 stream_ms=6683.1
REFINED finalize_ms=22476.1
RESULT incr=off n_reg=102 n_points=62161 track3plus=29890 n_obs=217566 mean_reproj_px=1.0421 stream_ms=6683.1 finalize_ms=22476.1 total_ms=29159.2
           426525464  peak memory footprint
src_db_md5_after=a8997f276f0985cbc2c693bcd8b415c1
E4 v2 REPLAY DONE 12:44:55
