[DawnKernelHarness] limits: invocations/wg=512 wgSizeX=512 storageBufs=10 maxBuffer=1073741824 maxStorageBinding=1073741824 (adapter: 1024 1024 10 4294967295 4294967295)
[pwofficial_gpu_match_dawn] backend=blocked(fma4x4+direct+w64+nopb+f16+keyscan3+ptr+kp,V8) adapter="Apple M3 Pro" subgroups=1 sgmatrix=1 f32_8x8x8=1 f16_f32=1 mixed=0 subgroup=[4,64] packed_dot=1 timestamp=1 limits[storage=32768 invocations=1024 sizeX=1024]
WARNING: Logging before InitGoogleLogging() is written to STDERR
I20260925 14:47:51.101144 0x1fecf6080 database_cache.cc:72] Loading rigs...
I20260925 14:47:51.101172 0x1fecf6080 database_cache.cc:82]  0 in 0.000s
I20260925 14:47:51.101179 0x1fecf6080 database_cache.cc:90] Loading cameras...
I20260925 14:47:51.101192 0x1fecf6080 database_cache.cc:108]  2 in 0.000s
I20260925 14:47:51.101197 0x1fecf6080 database_cache.cc:116] Loading frames...
I20260925 14:47:51.101205 0x1fecf6080 database_cache.cc:126]  0 in 0.000s
I20260925 14:47:51.101209 0x1fecf6080 database_cache.cc:134] Loading matches...
I20260925 14:47:51.101218 0x1fecf6080 database_cache.cc:139]  1 in 0.000s
I20260925 14:47:51.101222 0x1fecf6080 database_cache.cc:147] Loading images...
I20260925 14:47:51.101343 0x1fecf6080 database_cache.cc:236]  2 in 0.000s (loaded all 2)
I20260925 14:47:51.101349 0x1fecf6080 database_cache.cc:255] Loading pose priors...
I20260925 14:47:51.101355 0x1fecf6080 database_cache.cc:263]  0 in 0.000s
I20260925 14:47:51.101359 0x1fecf6080 database_cache.cc:271] Building correspondence graph...
I20260925 14:47:51.101409 0x1fecf6080 database_cache.cc:300]  in 0.000s (ignored 0)
I20260925 14:47:51.167067 0x1fecf6080 official_bundle_adjustment_ceres.cc:1648] [AETHER gravity] injected 3/3 roll/pitch anchors, sigma_rad=0.00872665
[AETHER BA-ORDERING] blocks=642 pts(g0)=633 cams(g1)=3 g1_all_pose=1 proven=1
I20260925 14:47:51.175885 0x1fecf6080 official_bundle_adjustment_ceres.cc:1137] [AETHER] solver_used=DENSE_SCHUR sparse_backend=EIGEN_SPARSE dense_backend=EIGEN mixed=0 threads=1
I20260925 14:47:51.176614 0x1fecf6080 official_bundle_adjustment_ceres.cc:1648] [AETHER gravity] injected 3/3 roll/pitch anchors, sigma_rad=0.00872665
[AETHER BA-ORDERING] blocks=633 pts(g0)=624 cams(g1)=3 g1_all_pose=1 proven=1
I20260925 14:47:51.178644 0x1fecf6080 official_bundle_adjustment_ceres.cc:1137] [AETHER] solver_used=DENSE_SCHUR sparse_backend=EIGEN_SPARSE dense_backend=EIGEN mixed=0 threads=1
I20260925 14:47:51.237615 0x1fecf6080 official_bundle_adjustment_ceres.cc:1648] [AETHER gravity] injected 4/4 roll/pitch anchors, sigma_rad=0.00872665
[AETHER BA-ORDERING] blocks=1023 pts(g0)=1012 cams(g1)=4 g1_all_pose=1 proven=1
I20260925 14:47:51.254432 0x1fecf6080 official_bundle_adjustment_ceres.cc:1137] [AETHER] solver_used=DENSE_SCHUR sparse_backend=EIGEN_SPARSE dense_backend=EIGEN mixed=0 threads=1
I20260925 14:47:51.255696 0x1fecf6080 official_bundle_adjustment_ceres.cc:1648] [AETHER gravity] injected 4/4 roll/pitch anchors, sigma_rad=0.00872665
I20260925 14:47:51.258700 0x1fecf6080 official_bundle_adjustment_ceres.cc:1137] [AETHER] solver_used=DENSE_SCHUR sparse_backend=EIGEN_SPARSE dense_backend=EIGEN mixed=0 threads=1
I20260925 14:47:51.303954 0x1fecf6080 official_bundle_adjustment_ceres.cc:1648] [AETHER gravity] injected 5/5 roll/pitch anchors, sigma_rad=0.00872665
I20260925 14:47:51.319618 0x1fecf6080 official_bundle_adjustment_ceres.cc:1137] [AETHER] solver_used=DENSE_SCHUR sparse_backend=EIGEN_SPARSE dense_backend=EIGEN mixed=0 threads=1
I20260925 14:47:51.320878 0x1fecf6080 official_bundle_adjustment_ceres.cc:1648] [AETHER gravity] injected 5/5 roll/pitch anchors, sigma_rad=0.00872665
I20260925 14:47:51.323419 0x1fecf6080 official_bundle_adjustment_ceres.cc:1137] [AETHER] solver_used=DENSE_SCHUR sparse_backend=EIGEN_SPARSE dense_backend=EIGEN mixed=0 threads=1
I20260925 14:47:51.367179 0x1fecf6080 official_bundle_adjustment_ceres.cc:1648] [AETHER gravity] injected 6/6 roll/pitch anchors, sigma_rad=0.00872665
I20260925 14:47:51.388512 0x1fecf6080 official_bundle_adjustment_ceres.cc:1137] [AETHER] solver_used=DENSE_SCHUR sparse_backend=EIGEN_SPARSE dense_backend=EIGEN mixed=0 threads=1
I20260925 14:47:51.389889 0x1fecf6080 official_bundle_adjustment_ceres.cc:1648] [AETHER gravity] injected 6/6 roll/pitch anchors, sigma_rad=0.00872665
I20260925 14:47:51.392561 0x1fecf6080 official_bundle_adjustment_ceres.cc:1137] [AETHER] solver_used=DENSE_SCHUR sparse_backend=EIGEN_SPARSE dense_backend=EIGEN mixed=0 threads=1
I20260925 14:47:51.442732 0x1fecf6080 official_bundle_adjustment_ceres.cc:1648] [AETHER gravity] injected 6/6 roll/pitch anchors, sigma_rad=0.00872665
I20260925 14:47:51.461317 0x1fecf6080 official_bundle_adjustment_ceres.cc:1137] [AETHER] solver_used=DENSE_SCHUR sparse_backend=EIGEN_SPARSE dense_backend=EIGEN mixed=0 threads=6
I20260925 14:47:51.463193 0x1fecf6080 official_bundle_adjustment_ceres.cc:1648] [AETHER gravity] injected 6/6 roll/pitch anchors, sigma_rad=0.00872665
I20260925 14:47:51.467017 0x1fecf6080 official_bundle_adjustment_ceres.cc:1137] [AETHER] solver_used=DENSE_SCHUR sparse_backend=EIGEN_SPARSE dense_backend=EIGEN mixed=0 threads=6
I20260925 14:47:51.516318 0x1fecf6080 official_bundle_adjustment_ceres.cc:1648] [AETHER gravity] injected 6/6 roll/pitch anchors, sigma_rad=0.00872665
I20260925 14:47:51.532808 0x1fecf6080 official_bundle_adjustment_ceres.cc:1137] [AETHER] solver_used=DENSE_SCHUR sparse_backend=EIGEN_SPARSE dense_backend=EIGEN mixed=0 threads=1
I20260925 14:47:51.534377 0x1fecf6080 official_bundle_adjustment_ceres.cc:1648] [AETHER gravity] injected 6/6 roll/pitch anchors, sigma_rad=0.00872665
I20260925 14:47:51.537138 0x1fecf6080 official_bundle_adjustment_ceres.cc:1137] [AETHER] solver_used=DENSE_SCHUR sparse_backend=EIGEN_SPARSE dense_backend=EIGEN mixed=0 threads=1
I20260925 14:47:51.582973 0x1fecf6080 official_bundle_adjustment_ceres.cc:1648] [AETHER gravity] injected 6/6 roll/pitch anchors, sigma_rad=0.00872665
I20260925 14:47:51.606565 0x1fecf6080 official_bundle_adjustment_ceres.cc:1137] [AETHER] solver_used=DENSE_SCHUR sparse_backend=EIGEN_SPARSE dense_backend=EIGEN mixed=0 threads=6
I20260925 14:47:51.608382 0x1fecf6080 official_bundle_adjustment_ceres.cc:1648] [AETHER gravity] injected 6/6 roll/pitch anchors, sigma_rad=0.00872665
I20260925 14:47:51.612288 0x1fecf6080 official_bundle_adjustment_ceres.cc:1137] [AETHER] solver_used=DENSE_SCHUR sparse_backend=EIGEN_SPARSE dense_backend=EIGEN mixed=0 threads=6
I20260925 14:47:51.660785 0x1fecf6080 official_bundle_adjustment_ceres.cc:1648] [AETHER gravity] injected 2/2 roll/pitch anchors, sigma_rad=0.00872665
I20260925 14:47:51.661857 0x1fecf6080 official_bundle_adjustment_ceres.cc:1137] [AETHER] solver_used=DENSE_SCHUR sparse_backend=EIGEN_SPARSE dense_backend=EIGEN mixed=0 threads=1
I20260925 14:47:51.662407 0x1fecf6080 official_bundle_adjustment_ceres.cc:1648] [AETHER gravity] injected 2/2 roll/pitch anchors, sigma_rad=0.00872665
I20260925 14:47:51.663129 0x1fecf6080 official_bundle_adjustment_ceres.cc:1137] [AETHER] solver_used=DENSE_SCHUR sparse_backend=EIGEN_SPARSE dense_backend=EIGEN mixed=0 threads=1
I20260925 14:47:51.872059 0x1fecf6080 official_bundle_adjustment_ceres.cc:1648] [AETHER gravity] injected 3/3 roll/pitch anchors, sigma_rad=0.00872665
I20260925 14:47:51.875306 0x1fecf6080 official_bundle_adjustment_ceres.cc:1137] [AETHER] solver_used=DENSE_SCHUR sparse_backend=EIGEN_SPARSE dense_backend=EIGEN mixed=0 threads=1
I20260925 14:47:51.876069 0x1fecf6080 official_bundle_adjustment_ceres.cc:1648] [AETHER gravity] injected 3/3 roll/pitch anchors, sigma_rad=0.00872665
I20260925 14:47:51.877158 0x1fecf6080 official_bundle_adjustment_ceres.cc:1137] [AETHER] solver_used=DENSE_SCHUR sparse_backend=EIGEN_SPARSE dense_backend=EIGEN mixed=0 threads=1
I20260925 14:47:51.968836 0x1fecf6080 official_bundle_adjustment_ceres.cc:1648] [AETHER gravity] injected 6/6 roll/pitch anchors, sigma_rad=0.00872665
I20260925 14:47:51.985534 0x1fecf6080 official_bundle_adjustment_ceres.cc:1137] [AETHER] solver_used=DENSE_SCHUR sparse_backend=EIGEN_SPARSE dense_backend=EIGEN mixed=0 threads=1
I20260925 14:47:51.987074 0x1fecf6080 official_bundle_adjustment_ceres.cc:1648] [AETHER gravity] injected 6/6 roll/pitch anchors, sigma_rad=0.00872665
I20260925 14:47:51.991271 0x1fecf6080 official_bundle_adjustment_ceres.cc:1137] [AETHER] solver_used=DENSE_SCHUR sparse_backend=EIGEN_SPARSE dense_backend=EIGEN mixed=0 threads=1
I20260925 14:47:52.026575 0x1fecf6080 official_bundle_adjustment_ceres.cc:1648] [AETHER gravity] injected 4/4 roll/pitch anchors, sigma_rad=0.00872665
I20260925 14:47:52.032735 0x1fecf6080 official_bundle_adjustment_ceres.cc:1137] [AETHER] solver_used=DENSE_SCHUR sparse_backend=EIGEN_SPARSE dense_backend=EIGEN mixed=0 threads=1
I20260925 14:47:52.034175 0x1fecf6080 official_bundle_adjustment_ceres.cc:1648] [AETHER gravity] injected 5/5 roll/pitch anchors, sigma_rad=0.00872665
I20260925 14:47:52.036537 0x1fecf6080 official_bundle_adjustment_ceres.cc:1137] [AETHER] solver_used=DENSE_SCHUR sparse_backend=EIGEN_SPARSE dense_backend=EIGEN mixed=0 threads=1
I20260925 14:47:52.073876 0x1fecf6080 official_bundle_adjustment_ceres.cc:1648] [AETHER gravity] injected 4/4 roll/pitch anchors, sigma_rad=0.00872665
I20260925 14:47:52.079946 0x1fecf6080 official_bundle_adjustment_ceres.cc:1137] [AETHER] solver_used=DENSE_SCHUR sparse_backend=EIGEN_SPARSE dense_backend=EIGEN mixed=0 threads=1
I20260925 14:47:52.081220 0x1fecf6080 official_bundle_adjustment_ceres.cc:1648] [AETHER gravity] injected 4/4 roll/pitch anchors, sigma_rad=0.00872665
I20260925 14:47:52.083966 0x1fecf6080 official_bundle_adjustment_ceres.cc:1137] [AETHER] solver_used=DENSE_SCHUR sparse_backend=EIGEN_SPARSE dense_backend=EIGEN mixed=0 threads=1
I20260925 14:47:52.140909 0x1fecf6080 official_bundle_adjustment_ceres.cc:1648] [AETHER gravity] injected 4/4 roll/pitch anchors, sigma_rad=0.00872665
I20260925 14:47:52.149249 0x1fecf6080 official_bundle_adjustment_ceres.cc:1137] [AETHER] solver_used=DENSE_SCHUR sparse_backend=EIGEN_SPARSE dense_backend=EIGEN mixed=0 threads=1
I20260925 14:47:52.151034 0x1fecf6080 official_bundle_adjustment_ceres.cc:1648] [AETHER gravity] injected 6/6 roll/pitch anchors, sigma_rad=0.00872665
I20260925 14:47:52.156558 0x1fecf6080 official_bundle_adjustment_ceres.cc:1137] [AETHER] solver_used=DENSE_SCHUR sparse_backend=EIGEN_SPARSE dense_backend=EIGEN mixed=0 threads=6
I20260925 14:47:52.229415 0x1fecf6080 official_bundle_adjustment_ceres.cc:1648] [AETHER gravity] injected 6/6 roll/pitch anchors, sigma_rad=0.00872665
I20260925 14:47:52.245536 0x1fecf6080 official_bundle_adjustment_ceres.cc:1137] [AETHER] solver_used=DENSE_SCHUR sparse_backend=EIGEN_SPARSE dense_backend=EIGEN mixed=0 threads=1
I20260925 14:47:52.247456 0x1fecf6080 official_bundle_adjustment_ceres.cc:1648] [AETHER gravity] injected 6/6 roll/pitch anchors, sigma_rad=0.00872665
I20260925 14:47:52.249237 0x1fecf6080 official_bundle_adjustment_ceres.cc:1137] [AETHER] solver_used=DENSE_SCHUR sparse_backend=EIGEN_SPARSE dense_backend=EIGEN mixed=0 threads=1
I20260925 14:47:52.357488 0x1fecf6080 official_bundle_adjustment_ceres.cc:1648] [AETHER gravity] injected 6/6 roll/pitch anchors, sigma_rad=0.00872665
I20260925 14:47:52.375040 0x1fecf6080 official_bundle_adjustment_ceres.cc:1137] [AETHER] solver_used=DENSE_SCHUR sparse_backend=EIGEN_SPARSE dense_backend=EIGEN mixed=0 threads=1
I20260925 14:47:52.376818 0x1fecf6080 official_bundle_adjustment_ceres.cc:1648] [AETHER gravity] injected 6/6 roll/pitch anchors, sigma_rad=0.00872665
I20260925 14:47:52.380996 0x1fecf6080 official_bundle_adjustment_ceres.cc:1137] [AETHER] solver_used=DENSE_SCHUR sparse_backend=EIGEN_SPARSE dense_backend=EIGEN mixed=0 threads=6
I20260925 14:47:52.442691 0x16f8cb000 database_cache.cc:72] Loading rigs...
I20260925 14:47:52.442715 0x16f8cb000 database_cache.cc:82]  0 in 0.000s
I20260925 14:47:52.442722 0x16f8cb000 database_cache.cc:90] Loading cameras...
I20260925 14:47:52.442739 0x16f8cb000 database_cache.cc:108]  20 in 0.000s
I20260925 14:47:52.442744 0x16f8cb000 database_cache.cc:116] Loading frames...
I20260925 14:47:52.442751 0x16f8cb000 database_cache.cc:126]  0 in 0.000s
I20260925 14:47:52.442755 0x16f8cb000 database_cache.cc:134] Loading matches...
I20260925 14:47:52.442806 0x16f8cb000 database_cache.cc:139]  61 in 0.000s
I20260925 14:47:52.442815 0x16f8cb000 database_cache.cc:147] Loading images...
I20260925 14:47:52.443619 0x16f8cb000 database_cache.cc:236]  20 in 0.001s (loaded all 20)
I20260925 14:47:52.443624 0x16f8cb000 database_cache.cc:255] Loading pose priors...
I20260925 14:47:52.443632 0x16f8cb000 database_cache.cc:263]  0 in 0.000s
I20260925 14:47:52.443636 0x16f8cb000 database_cache.cc:271] Building correspondence graph...
I20260925 14:47:52.444249 0x16f8cb000 database_cache.cc:300]  in 0.001s (ignored 0)
I20260925 14:47:52.447784 0x16f8cb000 official_bundle_adjustment_ceres.cc:1648] [AETHER gravity] injected 16/17 roll/pitch anchors, sigma_rad=0.00872665
W20260925 14:47:52.488920 0x16f8cb000 levenberg_marquardt_strategy.cc:123] Linear solver failure. Failed to compute a step: Eigen failure. Unable to perform dense Cholesky factorization.
I20260925 14:47:52.508285 0x16f8cb000 official_bundle_adjustment_ceres.cc:1137] [AETHER] solver_used=DENSE_SCHUR sparse_backend=EIGEN_SPARSE dense_backend=EIGEN mixed=0 threads=6
I20260925 14:47:52.511680 0x16f8cb000 official_bundle_adjustment_ceres.cc:1648] [AETHER gravity] injected 16/17 roll/pitch anchors, sigma_rad=0.00872665
I20260925 14:47:52.555400 0x16f8cb000 official_bundle_adjustment_ceres.cc:1137] [AETHER] solver_used=DENSE_SCHUR sparse_backend=EIGEN_SPARSE dense_backend=EIGEN mixed=0 threads=6
I20260925 14:47:52.558568 0x16f8cb000 official_bundle_adjustment_ceres.cc:1648] [AETHER gravity] injected 16/17 roll/pitch anchors, sigma_rad=0.00872665
I20260925 14:47:52.597316 0x16f8cb000 official_bundle_adjustment_ceres.cc:1137] [AETHER] solver_used=DENSE_SCHUR sparse_backend=EIGEN_SPARSE dense_backend=EIGEN mixed=0 threads=6
I20260925 14:47:52.600419 0x16f8cb000 official_bundle_adjustment_ceres.cc:1648] [AETHER gravity] injected 16/17 roll/pitch anchors, sigma_rad=0.00872665
I20260925 14:47:52.622251 0x16f8cb000 official_bundle_adjustment_ceres.cc:1137] [AETHER] solver_used=DENSE_SCHUR sparse_backend=EIGEN_SPARSE dense_backend=EIGEN mixed=0 threads=6
I20260925 14:47:52.625343 0x16f8cb000 official_bundle_adjustment_ceres.cc:1648] [AETHER gravity] injected 16/17 roll/pitch anchors, sigma_rad=0.00872665
I20260925 14:47:52.665253 0x16f8cb000 official_bundle_adjustment_ceres.cc:1137] [AETHER] solver_used=DENSE_SCHUR sparse_backend=EIGEN_SPARSE dense_backend=EIGEN mixed=0 threads=6
W20260925 14:47:52.672229 0x16f957000 official_aether_sfm_c.cc:6907] [aether_sfm] finalize re-match: starved_frames=8 candidates=100 attempted=100 written=0 inliers=0 failed=0 gpu_fail_capture=0 probe_debt_repaid=0 probe_debt_left=0
W20260925 14:47:52.742702 0x16f957000 official_aether_sfm_c.cc:7348] [aether_sfm] official quadratic overlap: overlap=10 candidates=42 written=0 in 70.4285 ms
I20260925 14:47:52.746867 0x16f8cb000 official_incremental_pipeline.cc:323] Loading database
I20260925 14:47:52.746908 0x16f8cb000 database_cache.cc:72] Loading rigs...
I20260925 14:47:52.746919 0x16f8cb000 database_cache.cc:82]  0 in 0.000s
I20260925 14:47:52.746927 0x16f8cb000 database_cache.cc:90] Loading cameras...
I20260925 14:47:52.746943 0x16f8cb000 database_cache.cc:108]  20 in 0.000s
I20260925 14:47:52.746948 0x16f8cb000 database_cache.cc:116] Loading frames...
I20260925 14:47:52.746956 0x16f8cb000 database_cache.cc:126]  0 in 0.000s
I20260925 14:47:52.746960 0x16f8cb000 database_cache.cc:134] Loading matches...
I20260925 14:47:52.747025 0x16f8cb000 database_cache.cc:139]  61 in 0.000s
I20260925 14:47:52.747030 0x16f8cb000 database_cache.cc:147] Loading images...
I20260925 14:47:52.748037 0x16f8cb000 database_cache.cc:236]  20 in 0.001s (loaded all 20)
I20260925 14:47:52.748043 0x16f8cb000 database_cache.cc:255] Loading pose priors...
I20260925 14:47:52.748052 0x16f8cb000 database_cache.cc:263]  0 in 0.000s
I20260925 14:47:52.748057 0x16f8cb000 database_cache.cc:271] Building correspondence graph...
I20260925 14:47:52.748701 0x16f8cb000 database_cache.cc:300]  in 0.001s (ignored 0)
I20260925 14:47:52.748706 0x16f8cb000 timer.cc:90] Elapsed time: 0.000 [minutes]
I20260925 14:47:52.752134 0x16f8cb000 official_bundle_adjustment_ceres.cc:1648] [AETHER gravity] injected 16/17 roll/pitch anchors, sigma_rad=0.00872665
I20260925 14:47:52.782516 0x16f8cb000 official_bundle_adjustment_ceres.cc:1137] [AETHER] solver_used=DENSE_SCHUR sparse_backend=EIGEN_SPARSE dense_backend=EIGEN mixed=0 threads=6
W20260925 14:47:52.784205 0x16f8cb000 official_aether_sfm_c.cc:9530] [frame-loss] before=20 after=17 lost_zero_obs=3 lost_with_obs=0 | frame_000010.jpg(obs=0) frame_000011.jpg(obs=0) frame_000019.jpg(obs=0)
W20260925 14:47:52.784484 0x16f8cb000 official_aether_sfm_c.cc:9614] [aether_sfm] finalize worker: cache_pre=1ms enrich=301ms stage1=222ms (ok, rounds=5) stage2=38ms (rounds<=1) temporal=0ms upgrade=0ms total=341ms
W20260925 14:47:52.784694 0x16f8cb000 official_aether_sfm_c.cc:9643] [aether_sfm] delivered-point provenance: live-created=2408 official-retriangulated=43 live-dropped-by-official-filtering=187 (live model had 2595; capture-time official TriangulateImage added 0 obs)
W20260925 14:47:52.784805 0x16f8cb000 official_aether_sfm_c.cc:8066] [device-align-v1] status=aligned pairs=17 inliers=17 max_error_m=0.111819 scale=1.02211 centre_err_median_m=0.0175046 centre_err_max_m=0.0306139 outliers=0
W20260925 14:47:52.876715 0x1fecf6080 official_aether_sfm_c.cc:13097] [aether_sfm] deliver-filter(get_points_tracked): kept 2368/2451 (min_tri_angle=3deg, mirror_ghost=0, isolated_floater=2, killed_union=2)
[pwofficial_gpu_match_dawn] device lost #1 reason=2 rc=8: Device was destroyed.
        1.93 real         1.14 user         0.72 sys
           113803264  maximum resident set size
                   0  average shared memory size
                   0  average unshared data size
                   0  average unshared stack size
               34749  page reclaims
                  34  page faults
                   0  swaps
                   0  block input operations
                   0  block output operations
                   0  messages sent
                   0  messages received
                   0  signals received
                  24  voluntary context switches
              108921  involuntary context switches
         16153136519  instructions retired
          6343838756  cycles elapsed
           323863224  peak memory footprint
