=== BUILD 23:36:12
COMPILE FAIL rc=1
aether_sfm_c_e21.cc:79:10: fatal error: 'aether_ghost_mask.h' file not found
   79 | #include "aether_ghost_mask.h"
      |          ^~~~~~~~~~~~~~~~~~~~~
1 error generated.
=== BUILD 23:37:58
6122a8698476d15de54a9915c5b5e4d500d5d808fccf7ea0b2755a15d8edc1d1  /Users/kaidongwang/.config/superpowers/worktrees/Aether3D-cross/incremental-ba-ab-20260714/aether_cpp/third_party/glomap_vendor/build-host-e12-stage2/sfm_replay_bench_e21_exe
=== SMOKE default-10 parity 23:38:16
cap51_g10 rc=0 n_points=65928 track3plus=21334 finalize_ms=20250.4 
smoke n_points=65928 (baseline band 65,927-65,929)
SMOKE PARITY OK
=== SCAN 23:38:47
cap51_g2 rc=0 n_points=63739 track3plus=21560 finalize_ms=15537.9 
cap51_g4 rc=0 n_points=64639 track3plus=21678 finalize_ms=19020.5 
cap51_g6 rc=0 n_points=65243 track3plus=21422 finalize_ms=21240.8 
cap51_g8 rc=0 n_points=65501 track3plus=21454 finalize_ms=20867.5 
cap50_g2 rc=0 n_points=89893 track3plus=28462 finalize_ms=23275.6 
cap50_g4 rc=0 n_points=91598 track3plus=28160 finalize_ms=28195.2 
cap50_g6 rc=0 n_points=92372 track3plus=27947 finalize_ms=27003.9 
cap50_g8 rc=0 n_points=92782 track3plus=27993 finalize_ms=28649.1 
cap50_g10 rc=0 n_points=93270 track3plus=27904 finalize_ms=31113.3 
===== cap51 =====
g2: n=63739 2v%=66.17 ghost=1264 peak=0.707 thick=0.01167 cover=6207 stream=5.8s fin=15.5s
g4: n=64639 2v%=66.46 ghost=261 peak=0.098 thick=0.00661 cover=2917 stream=7.1s fin=19.0s
g6: n=65243 2v%=67.17 ghost=140 peak=0.034 thick=0.01225 cover=2857 stream=7.8s fin=21.2s
g8: n=65501 2v%=67.25 ghost=1326 peak=0.329 thick=0.01333 cover=5534 stream=8.0s fin=20.9s
g10: n=65928 2v%=67.64 ghost=6612 peak=0.35 thick=0.01123 cover=6320 stream=8.1s fin=20.3s
===== cap50 =====
g2: n=89893 2v%=68.34 ghost=1198 peak=0.587 thick=0.03273 cover=4956 stream=8.9s fin=23.3s
g4: n=91598 2v%=69.26 ghost=1862 peak=0.46 thick=0.02705 cover=4604 stream=10.8s fin=28.2s
g6: n=92372 2v%=69.75 ghost=1245 peak=0.325 thick=0.02614 cover=4367 stream=11.7s fin=27.0s
g8: n=92782 2v%=69.83 ghost=1492 peak=0.748 thick=0.02716 cover=4459 stream=12.0s fin=28.6s
g10: n=93270 2v%=70.08 ghost=741 peak=0.55 thick=0.02674 cover=4660 stream=12.3s fin=31.1s
WROTE /Users/kaidongwang/.config/superpowers/worktrees/pocketworld_research_benchmarks/pocketworld-repro-contract-20260714/experiments/rs_replication_exec_2026-07-19/E21_create_gate/scan_rulers.json
=== E21 DONE 2026-07-18T23:43:56+08:00
