[DawnKernelHarness] limits: invocations/wg=512 wgSizeX=512 storageBufs=10 maxBuffer=1073741824 maxStorageBinding=1073741824 (adapter: 1024 1024 10 4294967295 4294967295)
[pwofficial_gpu_match_dawn] backend=blocked(fma4x4+direct+w64+nopb+f16+keyscan3+ptr+kp,V8) adapter="Apple M3 Pro" subgroups=1 sgmatrix=1 f32_8x8x8=1 f16_f32=1 mixed=0 subgroup=[4,64] packed_dot=1 timestamp=1 limits[storage=32768 invocations=1024 sizeX=1024]
WARNING: Logging before InitGoogleLogging() is written to STDERR
I20260925 18:03:05.708640 0x1fecf6080 database_cache.cc:72] Loading rigs...
I20260925 18:03:05.708673 0x1fecf6080 database_cache.cc:82]  0 in 0.000s
I20260925 18:03:05.708681 0x1fecf6080 database_cache.cc:90] Loading cameras...
I20260925 18:03:05.708694 0x1fecf6080 database_cache.cc:108]  2 in 0.000s
I20260925 18:03:05.708700 0x1fecf6080 database_cache.cc:116] Loading frames...
I20260925 18:03:05.708707 0x1fecf6080 database_cache.cc:126]  0 in 0.000s
I20260925 18:03:05.708712 0x1fecf6080 database_cache.cc:134] Loading matches...
I20260925 18:03:05.708722 0x1fecf6080 database_cache.cc:139]  1 in 0.000s
I20260925 18:03:05.708726 0x1fecf6080 database_cache.cc:147] Loading images...
I20260925 18:03:05.708866 0x1fecf6080 database_cache.cc:236]  2 in 0.000s (loaded all 2)
I20260925 18:03:05.708872 0x1fecf6080 database_cache.cc:255] Loading pose priors...
I20260925 18:03:05.708879 0x1fecf6080 database_cache.cc:263]  0 in 0.000s
I20260925 18:03:05.708883 0x1fecf6080 database_cache.cc:271] Building correspondence graph...
I20260925 18:03:05.708930 0x1fecf6080 database_cache.cc:300]  in 0.000s (ignored 0)
I20260925 18:03:05.795997 0x1fecf6080 official_bundle_adjustment_ceres.cc:1648] [AETHER gravity] injected 3/3 roll/pitch anchors, sigma_rad=0.00872665
[AETHER BA-ORDERING] blocks=642 pts(g0)=633 cams(g1)=3 g1_all_pose=1 proven=1
I20260925 18:03:05.804894 0x1fecf6080 official_bundle_adjustment_ceres.cc:1137] [AETHER] solver_used=DENSE_SCHUR sparse_backend=EIGEN_SPARSE dense_backend=EIGEN mixed=0 threads=1
I20260925 18:03:05.805715 0x1fecf6080 official_bundle_adjustment_ceres.cc:1648] [AETHER gravity] injected 3/3 roll/pitch anchors, sigma_rad=0.00872665
[AETHER BA-ORDERING] blocks=633 pts(g0)=624 cams(g1)=3 g1_all_pose=1 proven=1
I20260925 18:03:05.807735 0x1fecf6080 official_bundle_adjustment_ceres.cc:1137] [AETHER] solver_used=DENSE_SCHUR sparse_backend=EIGEN_SPARSE dense_backend=EIGEN mixed=0 threads=1
I20260925 18:03:05.881779 0x1fecf6080 official_bundle_adjustment_ceres.cc:1648] [AETHER gravity] injected 4/4 roll/pitch anchors, sigma_rad=0.00872665
[AETHER BA-ORDERING] blocks=1029 pts(g0)=1018 cams(g1)=4 g1_all_pose=1 proven=1
I20260925 18:03:05.901610 0x1fecf6080 official_bundle_adjustment_ceres.cc:1137] [AETHER] solver_used=DENSE_SCHUR sparse_backend=EIGEN_SPARSE dense_backend=EIGEN mixed=0 threads=1
I20260925 18:03:05.902912 0x1fecf6080 official_bundle_adjustment_ceres.cc:1648] [AETHER gravity] injected 4/4 roll/pitch anchors, sigma_rad=0.00872665
I20260925 18:03:05.905837 0x1fecf6080 official_bundle_adjustment_ceres.cc:1137] [AETHER] solver_used=DENSE_SCHUR sparse_backend=EIGEN_SPARSE dense_backend=EIGEN mixed=0 threads=1
I20260925 18:03:05.956814 0x1fecf6080 official_bundle_adjustment_ceres.cc:1648] [AETHER gravity] injected 5/5 roll/pitch anchors, sigma_rad=0.00872665
I20260925 18:03:05.977085 0x1fecf6080 official_bundle_adjustment_ceres.cc:1137] [AETHER] solver_used=DENSE_SCHUR sparse_backend=EIGEN_SPARSE dense_backend=EIGEN mixed=0 threads=1
I20260925 18:03:05.978396 0x1fecf6080 official_bundle_adjustment_ceres.cc:1648] [AETHER gravity] injected 5/5 roll/pitch anchors, sigma_rad=0.00872665
I20260925 18:03:05.980990 0x1fecf6080 official_bundle_adjustment_ceres.cc:1137] [AETHER] solver_used=DENSE_SCHUR sparse_backend=EIGEN_SPARSE dense_backend=EIGEN mixed=0 threads=1
I20260925 18:03:06.048075 0x1fecf6080 official_bundle_adjustment_ceres.cc:1648] [AETHER gravity] injected 6/6 roll/pitch anchors, sigma_rad=0.00872665
I20260925 18:03:06.071027 0x1fecf6080 official_bundle_adjustment_ceres.cc:1137] [AETHER] solver_used=DENSE_SCHUR sparse_backend=EIGEN_SPARSE dense_backend=EIGEN mixed=0 threads=1
I20260925 18:03:06.072399 0x1fecf6080 official_bundle_adjustment_ceres.cc:1648] [AETHER gravity] injected 6/6 roll/pitch anchors, sigma_rad=0.00872665
I20260925 18:03:06.075148 0x1fecf6080 official_bundle_adjustment_ceres.cc:1137] [AETHER] solver_used=DENSE_SCHUR sparse_backend=EIGEN_SPARSE dense_backend=EIGEN mixed=0 threads=1
I20260925 18:03:06.138022 0x1fecf6080 official_bundle_adjustment_ceres.cc:1648] [AETHER gravity] injected 6/6 roll/pitch anchors, sigma_rad=0.00872665
I20260925 18:03:06.160915 0x1fecf6080 official_bundle_adjustment_ceres.cc:1137] [AETHER] solver_used=DENSE_SCHUR sparse_backend=EIGEN_SPARSE dense_backend=EIGEN mixed=0 threads=6
I20260925 18:03:06.162549 0x1fecf6080 official_bundle_adjustment_ceres.cc:1648] [AETHER gravity] injected 6/6 roll/pitch anchors, sigma_rad=0.00872665
I20260925 18:03:06.166859 0x1fecf6080 official_bundle_adjustment_ceres.cc:1137] [AETHER] solver_used=DENSE_SCHUR sparse_backend=EIGEN_SPARSE dense_backend=EIGEN mixed=0 threads=6
I20260925 18:03:06.231776 0x1fecf6080 official_bundle_adjustment_ceres.cc:1648] [AETHER gravity] injected 6/6 roll/pitch anchors, sigma_rad=0.00872665
I20260925 18:03:06.247429 0x1fecf6080 official_bundle_adjustment_ceres.cc:1137] [AETHER] solver_used=DENSE_SCHUR sparse_backend=EIGEN_SPARSE dense_backend=EIGEN mixed=0 threads=1
I20260925 18:03:06.249310 0x1fecf6080 official_bundle_adjustment_ceres.cc:1648] [AETHER gravity] injected 6/6 roll/pitch anchors, sigma_rad=0.00872665
I20260925 18:03:06.254052 0x1fecf6080 official_bundle_adjustment_ceres.cc:1137] [AETHER] solver_used=DENSE_SCHUR sparse_backend=EIGEN_SPARSE dense_backend=EIGEN mixed=0 threads=1
I20260925 18:03:06.326873 0x1fecf6080 official_bundle_adjustment_ceres.cc:1648] [AETHER gravity] injected 6/6 roll/pitch anchors, sigma_rad=0.00872665
I20260925 18:03:06.371994 0x1fecf6080 official_bundle_adjustment_ceres.cc:1137] [AETHER] solver_used=DENSE_SCHUR sparse_backend=EIGEN_SPARSE dense_backend=EIGEN mixed=0 threads=6
I20260925 18:03:06.373831 0x1fecf6080 official_bundle_adjustment_ceres.cc:1648] [AETHER gravity] injected 6/6 roll/pitch anchors, sigma_rad=0.00872665
I20260925 18:03:06.378484 0x1fecf6080 official_bundle_adjustment_ceres.cc:1137] [AETHER] solver_used=DENSE_SCHUR sparse_backend=EIGEN_SPARSE dense_backend=EIGEN mixed=0 threads=6
I20260925 18:03:06.433738 0x1fecf6080 official_bundle_adjustment_ceres.cc:1648] [AETHER gravity] injected 2/2 roll/pitch anchors, sigma_rad=0.00872665
I20260925 18:03:06.434722 0x1fecf6080 official_bundle_adjustment_ceres.cc:1137] [AETHER] solver_used=DENSE_SCHUR sparse_backend=EIGEN_SPARSE dense_backend=EIGEN mixed=0 threads=1
I20260925 18:03:06.435302 0x1fecf6080 official_bundle_adjustment_ceres.cc:1648] [AETHER gravity] injected 2/2 roll/pitch anchors, sigma_rad=0.00872665
I20260925 18:03:06.435862 0x1fecf6080 official_bundle_adjustment_ceres.cc:1137] [AETHER] solver_used=DENSE_SCHUR sparse_backend=EIGEN_SPARSE dense_backend=EIGEN mixed=0 threads=1
I20260925 18:03:06.724002 0x1fecf6080 official_bundle_adjustment_ceres.cc:1648] [AETHER gravity] injected 2/2 roll/pitch anchors, sigma_rad=0.00872665
I20260925 18:03:06.724684 0x1fecf6080 official_bundle_adjustment_ceres.cc:1137] [AETHER] solver_used=DENSE_SCHUR sparse_backend=EIGEN_SPARSE dense_backend=EIGEN mixed=0 threads=1
I20260925 18:03:06.834371 0x1fecf6080 official_bundle_adjustment_ceres.cc:1648] [AETHER gravity] injected 4/4 roll/pitch anchors, sigma_rad=0.00872665
I20260925 18:03:06.838922 0x1fecf6080 official_bundle_adjustment_ceres.cc:1137] [AETHER] solver_used=DENSE_SCHUR sparse_backend=EIGEN_SPARSE dense_backend=EIGEN mixed=0 threads=1
I20260925 18:03:06.839800 0x1fecf6080 official_bundle_adjustment_ceres.cc:1648] [AETHER gravity] injected 4/4 roll/pitch anchors, sigma_rad=0.00872665
I20260925 18:03:06.841692 0x1fecf6080 official_bundle_adjustment_ceres.cc:1137] [AETHER] solver_used=DENSE_SCHUR sparse_backend=EIGEN_SPARSE dense_backend=EIGEN mixed=0 threads=1
I20260925 18:03:06.882873 0x1fecf6080 official_bundle_adjustment_ceres.cc:1648] [AETHER gravity] injected 3/3 roll/pitch anchors, sigma_rad=0.00872665
I20260925 18:03:06.888493 0x1fecf6080 official_bundle_adjustment_ceres.cc:1137] [AETHER] solver_used=DENSE_SCHUR sparse_backend=EIGEN_SPARSE dense_backend=EIGEN mixed=0 threads=1
I20260925 18:03:06.889817 0x1fecf6080 official_bundle_adjustment_ceres.cc:1648] [AETHER gravity] injected 5/5 roll/pitch anchors, sigma_rad=0.00872665
I20260925 18:03:06.894295 0x1fecf6080 official_bundle_adjustment_ceres.cc:1137] [AETHER] solver_used=DENSE_SCHUR sparse_backend=EIGEN_SPARSE dense_backend=EIGEN mixed=0 threads=1
I20260925 18:03:06.928328 0x1fecf6080 official_bundle_adjustment_ceres.cc:1648] [AETHER gravity] injected 3/3 roll/pitch anchors, sigma_rad=0.00872665
I20260925 18:03:06.930535 0x1fecf6080 official_bundle_adjustment_ceres.cc:1137] [AETHER] solver_used=DENSE_SCHUR sparse_backend=EIGEN_SPARSE dense_backend=EIGEN mixed=0 threads=1
I20260925 18:03:06.931372 0x1fecf6080 official_bundle_adjustment_ceres.cc:1648] [AETHER gravity] injected 4/4 roll/pitch anchors, sigma_rad=0.00872665
I20260925 18:03:06.934113 0x1fecf6080 official_bundle_adjustment_ceres.cc:1137] [AETHER] solver_used=DENSE_SCHUR sparse_backend=EIGEN_SPARSE dense_backend=EIGEN mixed=0 threads=1
I20260925 18:03:06.978204 0x1fecf6080 official_bundle_adjustment_ceres.cc:1648] [AETHER gravity] injected 6/6 roll/pitch anchors, sigma_rad=0.00872665
I20260925 18:03:07.019681 0x1fecf6080 official_bundle_adjustment_ceres.cc:1137] [AETHER] solver_used=DENSE_SCHUR sparse_backend=EIGEN_SPARSE dense_backend=EIGEN mixed=0 threads=6
I20260925 18:03:07.021801 0x1fecf6080 official_bundle_adjustment_ceres.cc:1648] [AETHER gravity] injected 6/6 roll/pitch anchors, sigma_rad=0.00872665
I20260925 18:03:07.025870 0x1fecf6080 official_bundle_adjustment_ceres.cc:1137] [AETHER] solver_used=DENSE_SCHUR sparse_backend=EIGEN_SPARSE dense_backend=EIGEN mixed=0 threads=6
I20260925 18:03:07.084204 0x1fecf6080 official_bundle_adjustment_ceres.cc:1648] [AETHER gravity] injected 6/6 roll/pitch anchors, sigma_rad=0.00872665
I20260925 18:03:07.095831 0x1fecf6080 official_bundle_adjustment_ceres.cc:1137] [AETHER] solver_used=DENSE_SCHUR sparse_backend=EIGEN_SPARSE dense_backend=EIGEN mixed=0 threads=1
I20260925 18:03:07.097133 0x1fecf6080 official_bundle_adjustment_ceres.cc:1648] [AETHER gravity] injected 6/6 roll/pitch anchors, sigma_rad=0.00872665
I20260925 18:03:07.099270 0x1fecf6080 official_bundle_adjustment_ceres.cc:1137] [AETHER] solver_used=DENSE_SCHUR sparse_backend=EIGEN_SPARSE dense_backend=EIGEN mixed=0 threads=1
I20260925 18:03:07.169553 0x1fecf6080 official_bundle_adjustment_ceres.cc:1648] [AETHER gravity] injected 6/6 roll/pitch anchors, sigma_rad=0.00872665
I20260925 18:03:07.179303 0x1fecf6080 official_bundle_adjustment_ceres.cc:1137] [AETHER] solver_used=DENSE_SCHUR sparse_backend=EIGEN_SPARSE dense_backend=EIGEN mixed=0 threads=1
I20260925 18:03:07.180626 0x1fecf6080 official_bundle_adjustment_ceres.cc:1648] [AETHER gravity] injected 6/6 roll/pitch anchors, sigma_rad=0.00872665
I20260925 18:03:07.182494 0x1fecf6080 official_bundle_adjustment_ceres.cc:1137] [AETHER] solver_used=DENSE_SCHUR sparse_backend=EIGEN_SPARSE dense_backend=EIGEN mixed=0 threads=1
I20260925 18:03:07.234292 0x16d19f000 database_cache.cc:72] Loading rigs...
I20260925 18:03:07.234321 0x16d19f000 database_cache.cc:82]  0 in 0.000s
I20260925 18:03:07.234331 0x16d19f000 database_cache.cc:90] Loading cameras...
I20260925 18:03:07.234359 0x16d19f000 database_cache.cc:108]  20 in 0.000s
I20260925 18:03:07.234363 0x16d19f000 database_cache.cc:116] Loading frames...
I20260925 18:03:07.234375 0x16d19f000 database_cache.cc:126]  0 in 0.000s
I20260925 18:03:07.234379 0x16d19f000 database_cache.cc:134] Loading matches...
I20260925 18:03:07.234441 0x16d19f000 database_cache.cc:139]  60 in 0.000s
I20260925 18:03:07.234445 0x16d19f000 database_cache.cc:147] Loading images...
I20260925 18:03:07.235489 0x16d19f000 database_cache.cc:236]  20 in 0.001s (loaded all 20)
I20260925 18:03:07.235499 0x16d19f000 database_cache.cc:255] Loading pose priors...
I20260925 18:03:07.235508 0x16d19f000 database_cache.cc:263]  0 in 0.000s
I20260925 18:03:07.235518 0x16d19f000 database_cache.cc:271] Building correspondence graph...
I20260925 18:03:07.236149 0x16d19f000 database_cache.cc:300]  in 0.001s (ignored 0)
I20260925 18:03:07.239879 0x16d19f000 official_bundle_adjustment_ceres.cc:1648] [AETHER gravity] injected 16/17 roll/pitch anchors, sigma_rad=0.00872665
I20260925 18:03:07.340692 0x16d19f000 official_bundle_adjustment_ceres.cc:1137] [AETHER] solver_used=DENSE_SCHUR sparse_backend=EIGEN_SPARSE dense_backend=EIGEN mixed=0 threads=6
I20260925 18:03:07.344208 0x16d19f000 official_bundle_adjustment_ceres.cc:1648] [AETHER gravity] injected 16/17 roll/pitch anchors, sigma_rad=0.00872665
W20260925 18:03:07.397774 0x16d19f000 levenberg_marquardt_strategy.cc:123] Linear solver failure. Failed to compute a step: Eigen failure. Unable to perform dense Cholesky factorization.
I20260925 18:03:07.412247 0x16d19f000 official_bundle_adjustment_ceres.cc:1137] [AETHER] solver_used=DENSE_SCHUR sparse_backend=EIGEN_SPARSE dense_backend=EIGEN mixed=0 threads=6
I20260925 18:03:07.415502 0x16d19f000 official_bundle_adjustment_ceres.cc:1648] [AETHER gravity] injected 16/17 roll/pitch anchors, sigma_rad=0.00872665
W20260925 18:03:07.462117 0x16d22b000 official_aether_sfm_c.cc:6907] [aether_sfm] finalize re-match: starved_frames=8 candidates=100 attempted=100 written=0 inliers=0 failed=0 gpu_fail_capture=0 probe_debt_repaid=0 probe_debt_left=0
I20260925 18:03:07.483471 0x16d19f000 official_bundle_adjustment_ceres.cc:1137] [AETHER] solver_used=DENSE_SCHUR sparse_backend=EIGEN_SPARSE dense_backend=EIGEN mixed=0 threads=6
I20260925 18:03:07.488078 0x16d19f000 official_bundle_adjustment_ceres.cc:1648] [AETHER gravity] injected 16/17 roll/pitch anchors, sigma_rad=0.00872665
I20260925 18:03:07.513642 0x16d19f000 official_bundle_adjustment_ceres.cc:1137] [AETHER] solver_used=DENSE_SCHUR sparse_backend=EIGEN_SPARSE dense_backend=EIGEN mixed=0 threads=6
I20260925 18:03:07.516945 0x16d19f000 official_bundle_adjustment_ceres.cc:1648] [AETHER gravity] injected 16/17 roll/pitch anchors, sigma_rad=0.00872665
I20260925 18:03:07.534652 0x16d19f000 official_bundle_adjustment_ceres.cc:1137] [AETHER] solver_used=DENSE_SCHUR sparse_backend=EIGEN_SPARSE dense_backend=EIGEN mixed=0 threads=6
W20260925 18:03:07.566508 0x16d22b000 official_aether_sfm_c.cc:7348] [aether_sfm] official quadratic overlap: overlap=10 candidates=42 written=0 in 104.156 ms
I20260925 18:03:07.570503 0x16d19f000 official_incremental_pipeline.cc:323] Loading database
I20260925 18:03:07.570538 0x16d19f000 database_cache.cc:72] Loading rigs...
I20260925 18:03:07.570547 0x16d19f000 database_cache.cc:82]  0 in 0.000s
I20260925 18:03:07.570553 0x16d19f000 database_cache.cc:90] Loading cameras...
I20260925 18:03:07.570566 0x16d19f000 database_cache.cc:108]  20 in 0.000s
I20260925 18:03:07.570570 0x16d19f000 database_cache.cc:116] Loading frames...
I20260925 18:03:07.570576 0x16d19f000 database_cache.cc:126]  0 in 0.000s
I20260925 18:03:07.570580 0x16d19f000 database_cache.cc:134] Loading matches...
I20260925 18:03:07.570639 0x16d19f000 database_cache.cc:139]  60 in 0.000s
I20260925 18:03:07.570643 0x16d19f000 database_cache.cc:147] Loading images...
I20260925 18:03:07.571485 0x16d19f000 database_cache.cc:236]  20 in 0.001s (loaded all 20)
I20260925 18:03:07.571495 0x16d19f000 database_cache.cc:255] Loading pose priors...
I20260925 18:03:07.571504 0x16d19f000 database_cache.cc:263]  0 in 0.000s
I20260925 18:03:07.571509 0x16d19f000 database_cache.cc:271] Building correspondence graph...
I20260925 18:03:07.572004 0x16d19f000 database_cache.cc:300]  in 0.000s (ignored 0)
I20260925 18:03:07.572010 0x16d19f000 timer.cc:90] Elapsed time: 0.000 [minutes]
I20260925 18:03:07.574985 0x16d19f000 official_bundle_adjustment_ceres.cc:1648] [AETHER gravity] injected 16/17 roll/pitch anchors, sigma_rad=0.00872665
I20260925 18:03:07.595692 0x16d19f000 official_bundle_adjustment_ceres.cc:1137] [AETHER] solver_used=DENSE_SCHUR sparse_backend=EIGEN_SPARSE dense_backend=EIGEN mixed=0 threads=6
W20260925 18:03:07.597418 0x16d19f000 official_aether_sfm_c.cc:9530] [frame-loss] before=20 after=17 lost_zero_obs=3 lost_with_obs=0 | frame_000010.jpg(obs=0) frame_000011.jpg(obs=0) frame_000019.jpg(obs=0)
W20260925 18:03:07.597707 0x16d19f000 official_aether_sfm_c.cc:9614] [aether_sfm] finalize worker: cache_pre=1ms enrich=332ms stage1=300ms (ok, rounds=5) stage2=28ms (rounds<=1) temporal=0ms upgrade=0ms total=363ms
W20260925 18:03:07.597950 0x16d19f000 official_aether_sfm_c.cc:9643] [aether_sfm] delivered-point provenance: live-created=2219 official-retriangulated=187 live-dropped-by-official-filtering=210 (live model had 2429; capture-time official TriangulateImage added 0 obs)
W20260925 18:03:07.598215 0x16d19f000 official_aether_sfm_c.cc:8066] [device-align-v1] status=aligned pairs=17 inliers=17 max_error_m=0.111819 scale=1.00984 centre_err_median_m=0.0117197 centre_err_max_m=0.027467 outliers=0
W20260925 18:03:07.674664 0x1fecf6080 official_aether_sfm_c.cc:13097] [aether_sfm] deliver-filter(get_points_tracked): kept 2331/2406 (min_tri_angle=3deg, mirror_ghost=0, isolated_floater=1, killed_union=1)
[pwofficial_gpu_match_dawn] device lost #1 reason=2 rc=8: Device was destroyed.
        2.17 real         1.23 user         0.84 sys
           113541120  maximum resident set size
                   0  average shared memory size
                   0  average unshared data size
                   0  average unshared stack size
               34824  page reclaims
                  35  page faults
                   0  swaps
                   0  block input operations
                   0  block output operations
                   0  messages sent
                   0  messages received
                   0  signals received
                  29  voluntary context switches
              103138  involuntary context switches
         15881472108  instructions retired
          7030636110  cycles elapsed
           323994272  peak memory footprint
