[DawnKernelHarness] limits: invocations/wg=512 wgSizeX=512 storageBufs=10 maxBuffer=1073741824 maxStorageBinding=1073741824 (adapter: 1024 1024 10 4294967295 4294967295)
[pwofficial_gpu_match_dawn] backend=blocked(fma4x4+direct+w64+nopb+f16+keyscan3+ptr+kp,V8) adapter="Apple M3 Pro" subgroups=1 sgmatrix=1 f32_8x8x8=1 f16_f32=1 mixed=0 subgroup=[4,64] packed_dot=1 timestamp=1 limits[storage=32768 invocations=1024 sizeX=1024]
WARNING: Logging before InitGoogleLogging() is written to STDERR
I20260925 13:45:04.150141 0x1fecf6080 database_cache.cc:72] Loading rigs...
I20260925 13:45:04.150168 0x1fecf6080 database_cache.cc:82]  0 in 0.000s
I20260925 13:45:04.150175 0x1fecf6080 database_cache.cc:90] Loading cameras...
I20260925 13:45:04.150188 0x1fecf6080 database_cache.cc:108]  2 in 0.000s
I20260925 13:45:04.150194 0x1fecf6080 database_cache.cc:116] Loading frames...
I20260925 13:45:04.150203 0x1fecf6080 database_cache.cc:126]  0 in 0.000s
I20260925 13:45:04.150208 0x1fecf6080 database_cache.cc:134] Loading matches...
I20260925 13:45:04.150217 0x1fecf6080 database_cache.cc:139]  1 in 0.000s
I20260925 13:45:04.150222 0x1fecf6080 database_cache.cc:147] Loading images...
I20260925 13:45:04.150338 0x1fecf6080 database_cache.cc:236]  2 in 0.000s (loaded all 2)
I20260925 13:45:04.150344 0x1fecf6080 database_cache.cc:255] Loading pose priors...
I20260925 13:45:04.150351 0x1fecf6080 database_cache.cc:263]  0 in 0.000s
I20260925 13:45:04.150355 0x1fecf6080 database_cache.cc:271] Building correspondence graph...
I20260925 13:45:04.150403 0x1fecf6080 database_cache.cc:300]  in 0.000s (ignored 0)
I20260925 13:45:04.210550 0x1fecf6080 official_bundle_adjustment_ceres.cc:1648] [AETHER gravity] injected 3/3 roll/pitch anchors, sigma_rad=0.00872665
[AETHER BA-ORDERING] blocks=631 pts(g0)=622 cams(g1)=3 g1_all_pose=1 proven=1
I20260925 13:45:04.217397 0x1fecf6080 official_bundle_adjustment_ceres.cc:1137] [AETHER] solver_used=DENSE_SCHUR sparse_backend=EIGEN_SPARSE dense_backend=EIGEN mixed=0 threads=1
I20260925 13:45:04.218103 0x1fecf6080 official_bundle_adjustment_ceres.cc:1648] [AETHER gravity] injected 3/3 roll/pitch anchors, sigma_rad=0.00872665
[AETHER BA-ORDERING] blocks=634 pts(g0)=625 cams(g1)=3 g1_all_pose=1 proven=1
I20260925 13:45:04.220675 0x1fecf6080 official_bundle_adjustment_ceres.cc:1137] [AETHER] solver_used=DENSE_SCHUR sparse_backend=EIGEN_SPARSE dense_backend=EIGEN mixed=0 threads=1
I20260925 13:45:04.275395 0x1fecf6080 official_bundle_adjustment_ceres.cc:1648] [AETHER gravity] injected 4/4 roll/pitch anchors, sigma_rad=0.00872665
[AETHER BA-ORDERING] blocks=989 pts(g0)=978 cams(g1)=4 g1_all_pose=1 proven=1
I20260925 13:45:04.290684 0x1fecf6080 official_bundle_adjustment_ceres.cc:1137] [AETHER] solver_used=DENSE_SCHUR sparse_backend=EIGEN_SPARSE dense_backend=EIGEN mixed=0 threads=1
I20260925 13:45:04.291908 0x1fecf6080 official_bundle_adjustment_ceres.cc:1648] [AETHER gravity] injected 4/4 roll/pitch anchors, sigma_rad=0.00872665
I20260925 13:45:04.295247 0x1fecf6080 official_bundle_adjustment_ceres.cc:1137] [AETHER] solver_used=DENSE_SCHUR sparse_backend=EIGEN_SPARSE dense_backend=EIGEN mixed=0 threads=1
I20260925 13:45:04.338136 0x1fecf6080 official_bundle_adjustment_ceres.cc:1648] [AETHER gravity] injected 5/5 roll/pitch anchors, sigma_rad=0.00872665
I20260925 13:45:04.354532 0x1fecf6080 official_bundle_adjustment_ceres.cc:1137] [AETHER] solver_used=DENSE_SCHUR sparse_backend=EIGEN_SPARSE dense_backend=EIGEN mixed=0 threads=1
I20260925 13:45:04.355772 0x1fecf6080 official_bundle_adjustment_ceres.cc:1648] [AETHER gravity] injected 5/5 roll/pitch anchors, sigma_rad=0.00872665
I20260925 13:45:04.358246 0x1fecf6080 official_bundle_adjustment_ceres.cc:1137] [AETHER] solver_used=DENSE_SCHUR sparse_backend=EIGEN_SPARSE dense_backend=EIGEN mixed=0 threads=1
I20260925 13:45:04.402606 0x1fecf6080 official_bundle_adjustment_ceres.cc:1648] [AETHER gravity] injected 6/6 roll/pitch anchors, sigma_rad=0.00872665
I20260925 13:45:04.423099 0x1fecf6080 official_bundle_adjustment_ceres.cc:1137] [AETHER] solver_used=DENSE_SCHUR sparse_backend=EIGEN_SPARSE dense_backend=EIGEN mixed=0 threads=1
I20260925 13:45:04.424361 0x1fecf6080 official_bundle_adjustment_ceres.cc:1648] [AETHER gravity] injected 6/6 roll/pitch anchors, sigma_rad=0.00872665
I20260925 13:45:04.426977 0x1fecf6080 official_bundle_adjustment_ceres.cc:1137] [AETHER] solver_used=DENSE_SCHUR sparse_backend=EIGEN_SPARSE dense_backend=EIGEN mixed=0 threads=1
I20260925 13:45:04.475717 0x1fecf6080 official_bundle_adjustment_ceres.cc:1648] [AETHER gravity] injected 6/6 roll/pitch anchors, sigma_rad=0.00872665
I20260925 13:45:04.496785 0x1fecf6080 official_bundle_adjustment_ceres.cc:1137] [AETHER] solver_used=DENSE_SCHUR sparse_backend=EIGEN_SPARSE dense_backend=EIGEN mixed=0 threads=6
I20260925 13:45:04.498347 0x1fecf6080 official_bundle_adjustment_ceres.cc:1648] [AETHER gravity] injected 6/6 roll/pitch anchors, sigma_rad=0.00872665
I20260925 13:45:04.501928 0x1fecf6080 official_bundle_adjustment_ceres.cc:1137] [AETHER] solver_used=DENSE_SCHUR sparse_backend=EIGEN_SPARSE dense_backend=EIGEN mixed=0 threads=6
I20260925 13:45:04.541793 0x1fecf6080 official_bundle_adjustment_ceres.cc:1648] [AETHER gravity] injected 6/6 roll/pitch anchors, sigma_rad=0.00872665
I20260925 13:45:04.557157 0x1fecf6080 official_bundle_adjustment_ceres.cc:1137] [AETHER] solver_used=DENSE_SCHUR sparse_backend=EIGEN_SPARSE dense_backend=EIGEN mixed=0 threads=1
I20260925 13:45:04.558607 0x1fecf6080 official_bundle_adjustment_ceres.cc:1648] [AETHER gravity] injected 6/6 roll/pitch anchors, sigma_rad=0.00872665
I20260925 13:45:04.561359 0x1fecf6080 official_bundle_adjustment_ceres.cc:1137] [AETHER] solver_used=DENSE_SCHUR sparse_backend=EIGEN_SPARSE dense_backend=EIGEN mixed=0 threads=1
I20260925 13:45:04.605788 0x1fecf6080 official_bundle_adjustment_ceres.cc:1648] [AETHER gravity] injected 6/6 roll/pitch anchors, sigma_rad=0.00872665
I20260925 13:45:04.630680 0x1fecf6080 official_bundle_adjustment_ceres.cc:1137] [AETHER] solver_used=DENSE_SCHUR sparse_backend=EIGEN_SPARSE dense_backend=EIGEN mixed=0 threads=6
I20260925 13:45:04.632261 0x1fecf6080 official_bundle_adjustment_ceres.cc:1648] [AETHER gravity] injected 6/6 roll/pitch anchors, sigma_rad=0.00872665
I20260925 13:45:04.635328 0x1fecf6080 official_bundle_adjustment_ceres.cc:1137] [AETHER] solver_used=DENSE_SCHUR sparse_backend=EIGEN_SPARSE dense_backend=EIGEN mixed=0 threads=6
I20260925 13:45:04.674029 0x1fecf6080 official_bundle_adjustment_ceres.cc:1648] [AETHER gravity] injected 2/2 roll/pitch anchors, sigma_rad=0.00872665
I20260925 13:45:04.676763 0x1fecf6080 official_bundle_adjustment_ceres.cc:1137] [AETHER] solver_used=DENSE_SCHUR sparse_backend=EIGEN_SPARSE dense_backend=EIGEN mixed=0 threads=1
I20260925 13:45:04.677279 0x1fecf6080 official_bundle_adjustment_ceres.cc:1648] [AETHER gravity] injected 2/2 roll/pitch anchors, sigma_rad=0.00872665
I20260925 13:45:04.677926 0x1fecf6080 official_bundle_adjustment_ceres.cc:1137] [AETHER] solver_used=DENSE_SCHUR sparse_backend=EIGEN_SPARSE dense_backend=EIGEN mixed=0 threads=1
I20260925 13:45:04.871925 0x1fecf6080 official_bundle_adjustment_ceres.cc:1648] [AETHER gravity] injected 3/3 roll/pitch anchors, sigma_rad=0.00872665
I20260925 13:45:04.874145 0x1fecf6080 official_bundle_adjustment_ceres.cc:1137] [AETHER] solver_used=DENSE_SCHUR sparse_backend=EIGEN_SPARSE dense_backend=EIGEN mixed=0 threads=1
I20260925 13:45:04.874820 0x1fecf6080 official_bundle_adjustment_ceres.cc:1648] [AETHER gravity] injected 3/3 roll/pitch anchors, sigma_rad=0.00872665
I20260925 13:45:04.876083 0x1fecf6080 official_bundle_adjustment_ceres.cc:1137] [AETHER] solver_used=DENSE_SCHUR sparse_backend=EIGEN_SPARSE dense_backend=EIGEN mixed=0 threads=1
I20260925 13:45:04.961530 0x1fecf6080 official_bundle_adjustment_ceres.cc:1648] [AETHER gravity] injected 4/4 roll/pitch anchors, sigma_rad=0.00872665
I20260925 13:45:04.967478 0x1fecf6080 official_bundle_adjustment_ceres.cc:1137] [AETHER] solver_used=DENSE_SCHUR sparse_backend=EIGEN_SPARSE dense_backend=EIGEN mixed=0 threads=1
I20260925 13:45:04.968273 0x1fecf6080 official_bundle_adjustment_ceres.cc:1648] [AETHER gravity] injected 4/4 roll/pitch anchors, sigma_rad=0.00872665
I20260925 13:45:04.969828 0x1fecf6080 official_bundle_adjustment_ceres.cc:1137] [AETHER] solver_used=DENSE_SCHUR sparse_backend=EIGEN_SPARSE dense_backend=EIGEN mixed=0 threads=1
I20260925 13:45:05.002449 0x1fecf6080 official_bundle_adjustment_ceres.cc:1648] [AETHER gravity] injected 3/3 roll/pitch anchors, sigma_rad=0.00872665
I20260925 13:45:05.005821 0x1fecf6080 official_bundle_adjustment_ceres.cc:1137] [AETHER] solver_used=DENSE_SCHUR sparse_backend=EIGEN_SPARSE dense_backend=EIGEN mixed=0 threads=1
I20260925 13:45:05.006814 0x1fecf6080 official_bundle_adjustment_ceres.cc:1648] [AETHER gravity] injected 4/4 roll/pitch anchors, sigma_rad=0.00872665
I20260925 13:45:05.008613 0x1fecf6080 official_bundle_adjustment_ceres.cc:1137] [AETHER] solver_used=DENSE_SCHUR sparse_backend=EIGEN_SPARSE dense_backend=EIGEN mixed=0 threads=1
I20260925 13:45:05.037474 0x1fecf6080 official_bundle_adjustment_ceres.cc:1648] [AETHER gravity] injected 4/4 roll/pitch anchors, sigma_rad=0.00872665
I20260925 13:45:05.042830 0x1fecf6080 official_bundle_adjustment_ceres.cc:1137] [AETHER] solver_used=DENSE_SCHUR sparse_backend=EIGEN_SPARSE dense_backend=EIGEN mixed=0 threads=1
I20260925 13:45:05.043727 0x1fecf6080 official_bundle_adjustment_ceres.cc:1648] [AETHER gravity] injected 4/4 roll/pitch anchors, sigma_rad=0.00872665
I20260925 13:45:05.045179 0x1fecf6080 official_bundle_adjustment_ceres.cc:1137] [AETHER] solver_used=DENSE_SCHUR sparse_backend=EIGEN_SPARSE dense_backend=EIGEN mixed=0 threads=1
I20260925 13:45:05.084954 0x1fecf6080 official_bundle_adjustment_ceres.cc:1648] [AETHER gravity] injected 6/6 roll/pitch anchors, sigma_rad=0.00872665
I20260925 13:45:05.103973 0x1fecf6080 official_bundle_adjustment_ceres.cc:1137] [AETHER] solver_used=DENSE_SCHUR sparse_backend=EIGEN_SPARSE dense_backend=EIGEN mixed=0 threads=6
I20260925 13:45:05.105773 0x1fecf6080 official_bundle_adjustment_ceres.cc:1648] [AETHER gravity] injected 6/6 roll/pitch anchors, sigma_rad=0.00872665
I20260925 13:45:05.109485 0x1fecf6080 official_bundle_adjustment_ceres.cc:1137] [AETHER] solver_used=DENSE_SCHUR sparse_backend=EIGEN_SPARSE dense_backend=EIGEN mixed=0 threads=6
I20260925 13:45:05.168111 0x1fecf6080 official_bundle_adjustment_ceres.cc:1648] [AETHER gravity] injected 6/6 roll/pitch anchors, sigma_rad=0.00872665
I20260925 13:45:05.185402 0x1fecf6080 official_bundle_adjustment_ceres.cc:1137] [AETHER] solver_used=DENSE_SCHUR sparse_backend=EIGEN_SPARSE dense_backend=EIGEN mixed=0 threads=1
I20260925 13:45:05.186939 0x1fecf6080 official_bundle_adjustment_ceres.cc:1648] [AETHER gravity] injected 6/6 roll/pitch anchors, sigma_rad=0.00872665
I20260925 13:45:05.189417 0x1fecf6080 official_bundle_adjustment_ceres.cc:1137] [AETHER] solver_used=DENSE_SCHUR sparse_backend=EIGEN_SPARSE dense_backend=EIGEN mixed=0 threads=1
I20260925 13:45:05.260226 0x1fecf6080 official_bundle_adjustment_ceres.cc:1648] [AETHER gravity] injected 6/6 roll/pitch anchors, sigma_rad=0.00872665
I20260925 13:45:05.273963 0x1fecf6080 official_bundle_adjustment_ceres.cc:1137] [AETHER] solver_used=DENSE_SCHUR sparse_backend=EIGEN_SPARSE dense_backend=EIGEN mixed=0 threads=1
I20260925 13:45:05.275432 0x1fecf6080 official_bundle_adjustment_ceres.cc:1648] [AETHER gravity] injected 6/6 roll/pitch anchors, sigma_rad=0.00872665
I20260925 13:45:05.278192 0x1fecf6080 official_bundle_adjustment_ceres.cc:1137] [AETHER] solver_used=DENSE_SCHUR sparse_backend=EIGEN_SPARSE dense_backend=EIGEN mixed=0 threads=1
I20260925 13:45:05.279552 0x16b387000 database_cache.cc:72] Loading rigs...
I20260925 13:45:05.279565 0x16b387000 database_cache.cc:82]  0 in 0.000s
I20260925 13:45:05.279571 0x16b387000 database_cache.cc:90] Loading cameras...
I20260925 13:45:05.279586 0x16b387000 database_cache.cc:108]  19 in 0.000s
I20260925 13:45:05.279590 0x16b387000 database_cache.cc:116] Loading frames...
I20260925 13:45:05.279598 0x16b387000 database_cache.cc:126]  0 in 0.000s
I20260925 13:45:05.279601 0x16b387000 database_cache.cc:134] Loading matches...
I20260925 13:45:05.279648 0x16b387000 database_cache.cc:139]  61 in 0.000s
I20260925 13:45:05.279657 0x16b387000 database_cache.cc:147] Loading images...
I20260925 13:45:05.280408 0x16b387000 database_cache.cc:236]  19 in 0.001s (loaded all 19)
I20260925 13:45:05.280413 0x16b387000 database_cache.cc:255] Loading pose priors...
I20260925 13:45:05.280421 0x16b387000 database_cache.cc:263]  0 in 0.000s
I20260925 13:45:05.280424 0x16b387000 database_cache.cc:271] Building correspondence graph...
I20260925 13:45:05.280927 0x16b387000 database_cache.cc:300]  in 0.001s (ignored 0)
I20260925 13:45:05.284263 0x16b387000 official_bundle_adjustment_ceres.cc:1648] [AETHER gravity] injected 16/17 roll/pitch anchors, sigma_rad=0.00872665
W20260925 13:45:05.341118 0x16b387000 levenberg_marquardt_strategy.cc:123] Linear solver failure. Failed to compute a step: Eigen failure. Unable to perform dense Cholesky factorization.
I20260925 13:45:05.355033 0x16b387000 official_bundle_adjustment_ceres.cc:1137] [AETHER] solver_used=DENSE_SCHUR sparse_backend=EIGEN_SPARSE dense_backend=EIGEN mixed=0 threads=6
I20260925 13:45:05.358310 0x16b387000 official_bundle_adjustment_ceres.cc:1648] [AETHER gravity] injected 16/17 roll/pitch anchors, sigma_rad=0.00872665
I20260925 13:45:05.411758 0x16b387000 official_bundle_adjustment_ceres.cc:1137] [AETHER] solver_used=DENSE_SCHUR sparse_backend=EIGEN_SPARSE dense_backend=EIGEN mixed=0 threads=6
I20260925 13:45:05.414835 0x16b387000 official_bundle_adjustment_ceres.cc:1648] [AETHER gravity] injected 16/17 roll/pitch anchors, sigma_rad=0.00872665
I20260925 13:45:05.450200 0x16b387000 official_bundle_adjustment_ceres.cc:1137] [AETHER] solver_used=DENSE_SCHUR sparse_backend=EIGEN_SPARSE dense_backend=EIGEN mixed=0 threads=6
I20260925 13:45:05.453089 0x16b387000 official_bundle_adjustment_ceres.cc:1648] [AETHER gravity] injected 16/17 roll/pitch anchors, sigma_rad=0.00872665
I20260925 13:45:05.501427 0x16b387000 official_bundle_adjustment_ceres.cc:1137] [AETHER] solver_used=DENSE_SCHUR sparse_backend=EIGEN_SPARSE dense_backend=EIGEN mixed=0 threads=6
I20260925 13:45:05.504307 0x16b387000 official_bundle_adjustment_ceres.cc:1648] [AETHER gravity] injected 16/17 roll/pitch anchors, sigma_rad=0.00872665
W20260925 13:45:05.506078 0x16b413000 official_aether_sfm_c.cc:6907] [aether_sfm] finalize re-match: starved_frames=7 candidates=88 attempted=88 written=0 inliers=0 failed=0 gpu_fail_capture=0 probe_debt_repaid=0 probe_debt_left=0
I20260925 13:45:05.554068 0x16b387000 official_bundle_adjustment_ceres.cc:1137] [AETHER] solver_used=DENSE_SCHUR sparse_backend=EIGEN_SPARSE dense_backend=EIGEN mixed=0 threads=6
W20260925 13:45:05.565243 0x16b413000 official_aether_sfm_c.cc:7348] [aether_sfm] official quadratic overlap: overlap=10 candidates=37 written=0 in 59.0522 ms
I20260925 13:45:05.569998 0x16b387000 official_incremental_pipeline.cc:323] Loading database
I20260925 13:45:05.570022 0x16b387000 database_cache.cc:72] Loading rigs...
I20260925 13:45:05.570030 0x16b387000 database_cache.cc:82]  0 in 0.000s
I20260925 13:45:05.570034 0x16b387000 database_cache.cc:90] Loading cameras...
I20260925 13:45:05.570047 0x16b387000 database_cache.cc:108]  19 in 0.000s
I20260925 13:45:05.570051 0x16b387000 database_cache.cc:116] Loading frames...
I20260925 13:45:05.570057 0x16b387000 database_cache.cc:126]  0 in 0.000s
I20260925 13:45:05.570061 0x16b387000 database_cache.cc:134] Loading matches...
I20260925 13:45:05.570113 0x16b387000 database_cache.cc:139]  61 in 0.000s
I20260925 13:45:05.570116 0x16b387000 database_cache.cc:147] Loading images...
I20260925 13:45:05.570831 0x16b387000 database_cache.cc:236]  19 in 0.001s (loaded all 19)
I20260925 13:45:05.570836 0x16b387000 database_cache.cc:255] Loading pose priors...
I20260925 13:45:05.570843 0x16b387000 database_cache.cc:263]  0 in 0.000s
I20260925 13:45:05.570847 0x16b387000 database_cache.cc:271] Building correspondence graph...
I20260925 13:45:05.571293 0x16b387000 database_cache.cc:300]  in 0.000s (ignored 0)
I20260925 13:45:05.571297 0x16b387000 timer.cc:90] Elapsed time: 0.000 [minutes]
I20260925 13:45:05.574000 0x16b387000 official_bundle_adjustment_ceres.cc:1648] [AETHER gravity] injected 16/17 roll/pitch anchors, sigma_rad=0.00872665
I20260925 13:45:05.583104 0x16b387000 official_bundle_adjustment_ceres.cc:1137] [AETHER] solver_used=DENSE_SCHUR sparse_backend=EIGEN_SPARSE dense_backend=EIGEN mixed=0 threads=6
W20260925 13:45:05.584424 0x16b387000 official_aether_sfm_c.cc:9530] [frame-loss] before=19 after=19 lost_zero_obs=0 lost_with_obs=0 |
W20260925 13:45:05.584546 0x16b387000 official_aether_sfm_c.cc:9614] [aether_sfm] finalize worker: cache_pre=1ms enrich=285ms stage1=274ms (ok, rounds=5) stage2=17ms (rounds<=1) temporal=0ms upgrade=0ms total=305ms
W20260925 13:45:05.584731 0x16b387000 official_aether_sfm_c.cc:9643] [aether_sfm] delivered-point provenance: live-created=2336 official-retriangulated=63 live-dropped-by-official-filtering=223 (live model had 2559; capture-time official TriangulateImage added 0 obs)
W20260925 13:45:05.584829 0x16b387000 official_aether_sfm_c.cc:8066] [device-align-v1] status=aligned pairs=19 inliers=19 max_error_m=0.111819 scale=1.01607 centre_err_median_m=0.0136623 centre_err_max_m=0.0222461 outliers=0
W20260925 13:45:05.609419 0x1fecf6080 official_aether_sfm_c.cc:13097] [aether_sfm] deliver-filter(get_points_tracked): kept 2331/2399 (min_tri_angle=3deg, mirror_ghost=0, isolated_floater=0, killed_union=0)
[pwofficial_gpu_match_dawn] device lost #1 reason=2 rc=8: Device was destroyed.
        1.62 real         1.16 user         0.79 sys
           119422976  maximum resident set size
                   0  average shared memory size
                   0  average unshared data size
                   0  average unshared stack size
               33275  page reclaims
                  14  page faults
                   0  swaps
                   0  block input operations
                   0  block output operations
                   0  messages sent
                   0  messages received
                   0  signals received
                  22  voluntary context switches
              138364  involuntary context switches
         17433185672  instructions retired
          6828110927  cycles elapsed
           324027040  peak memory footprint
