REPLAY src_db=/Users/kaidongwang/.config/superpowers/worktrees/pocketworld_research_benchmarks/pocketworld-repro-contract-20260714/experiments/multiview_site_matcher_2026-07-15/cap56_input_snapshot_20260715.db pair_db=/Users/kaidongwang/.config/superpowers/worktrees/pocketworld_research_benchmarks/pocketworld-repro-contract-20260714/experiments/multiview_site_matcher_2026-07-15/cap56_global_physical_site_forest_geometry_20260715.db poses=/tmp/pocketworld_cap56_reconcile_20260714/sfm_fed_frames.jsonl intrinsics=/Users/kaidongwang/.config/superpowers/worktrees/pocketworld_research_benchmarks/pocketworld-repro-contract-20260714/experiments/multiview_site_matcher_2026-07-15/cap56_intrinsics_fxfycxcy.tsv out=aether_cpp/third_party/glomap_vendor/bench_runs/cap56_global_site_forest_ab_20260715/geometry k=12 max_frames=0 AETHER_INCREMENTAL_GLOBAL_BA=(unset)
SOURCE n_images=20 n_poses=20 n_intrinsics=20
STORED_PAIRS matches=190 nonempty_matches=190 two_view=187 nonempty_two_view=187 geometry_missing=3 geometry_only=0
W20260715 09:22:50.306349 0x1fb6b2080 aether_sfm_c.cc:5945] [aether_sfm] host replay reusing stored pairs from /Users/kaidongwang/.config/superpowers/worktrees/pocketworld_research_benchmarks/pocketworld-repro-contract-20260714/experiments/multiview_site_matcher_2026-07-15/cap56_global_physical_site_forest_geometry_20260715.db (matches=190, verified=187)
I20260715 09:22:50.329592 0x1fb6b2080 bundle_adjustment_ceres.cc:990] [AETHER] solver_used=DENSE_SCHUR sparse_backend=EIGEN_SPARSE dense_backend=EIGEN mixed=0 threads=1
I20260715 09:22:50.367880 0x1fb6b2080 bundle_adjustment_ceres.cc:990] [AETHER] solver_used=DENSE_SCHUR sparse_backend=EIGEN_SPARSE dense_backend=EIGEN mixed=0 threads=1
I20260715 09:22:50.398005 0x1fb6b2080 bundle_adjustment_ceres.cc:990] [AETHER] solver_used=DENSE_SCHUR sparse_backend=EIGEN_SPARSE dense_backend=EIGEN mixed=0 threads=1
I20260715 09:22:50.432379 0x1fb6b2080 bundle_adjustment_ceres.cc:990] [AETHER] solver_used=DENSE_SCHUR sparse_backend=EIGEN_SPARSE dense_backend=EIGEN mixed=0 threads=1
I20260715 09:22:50.485117 0x1fb6b2080 bundle_adjustment_ceres.cc:990] [AETHER] solver_used=DENSE_SCHUR sparse_backend=EIGEN_SPARSE dense_backend=EIGEN mixed=0 threads=1
I20260715 09:22:50.533707 0x1fb6b2080 bundle_adjustment_ceres.cc:990] [AETHER] solver_used=DENSE_SCHUR sparse_backend=EIGEN_SPARSE dense_backend=EIGEN mixed=0 threads=1
I20260715 09:22:50.588719 0x1fb6b2080 bundle_adjustment_ceres.cc:990] [AETHER] solver_used=DENSE_SCHUR sparse_backend=EIGEN_SPARSE dense_backend=EIGEN mixed=0 threads=1
I20260715 09:22:50.660058 0x1fb6b2080 bundle_adjustment_ceres.cc:990] [AETHER] solver_used=DENSE_SCHUR sparse_backend=EIGEN_SPARSE dense_backend=EIGEN mixed=0 threads=1
I20260715 09:22:50.734519 0x1fb6b2080 bundle_adjustment_ceres.cc:990] [AETHER] solver_used=DENSE_SCHUR sparse_backend=EIGEN_SPARSE dense_backend=EIGEN mixed=0 threads=1
I20260715 09:22:50.812774 0x1fb6b2080 bundle_adjustment_ceres.cc:990] [AETHER] solver_used=DENSE_SCHUR sparse_backend=EIGEN_SPARSE dense_backend=EIGEN mixed=0 threads=1
I20260715 09:22:50.892567 0x1fb6b2080 bundle_adjustment_ceres.cc:990] [AETHER] solver_used=DENSE_SCHUR sparse_backend=EIGEN_SPARSE dense_backend=EIGEN mixed=0 threads=1
I20260715 09:22:50.957394 0x1fb6b2080 bundle_adjustment_ceres.cc:990] [AETHER] solver_used=DENSE_SCHUR sparse_backend=EIGEN_SPARSE dense_backend=EIGEN mixed=0 threads=1
I20260715 09:22:51.027134 0x1fb6b2080 bundle_adjustment_ceres.cc:990] [AETHER] solver_used=DENSE_SCHUR sparse_backend=EIGEN_SPARSE dense_backend=EIGEN mixed=0 threads=1
I20260715 09:22:51.100377 0x1fb6b2080 bundle_adjustment_ceres.cc:990] [AETHER] solver_used=DENSE_SCHUR sparse_backend=EIGEN_SPARSE dense_backend=EIGEN mixed=0 threads=1
I20260715 09:22:51.161151 0x1fb6b2080 bundle_adjustment_ceres.cc:990] [AETHER] solver_used=DENSE_SCHUR sparse_backend=EIGEN_SPARSE dense_backend=EIGEN mixed=0 threads=1
I20260715 09:22:51.223076 0x1fb6b2080 bundle_adjustment_ceres.cc:990] [AETHER] solver_used=DENSE_SCHUR sparse_backend=EIGEN_SPARSE dense_backend=EIGEN mixed=0 threads=1
I20260715 09:22:51.297661 0x1fb6b2080 bundle_adjustment_ceres.cc:990] [AETHER] solver_used=DENSE_SCHUR sparse_backend=EIGEN_SPARSE dense_backend=EIGEN mixed=0 threads=1
I20260715 09:22:51.362048 0x1fb6b2080 bundle_adjustment_ceres.cc:990] [AETHER] solver_used=DENSE_SCHUR sparse_backend=EIGEN_SPARSE dense_backend=EIGEN mixed=0 threads=1
STREAMED fed=20 missing_pose=0 stream_ms=1063.3
FINALIZE_ASYNC phase1={"solve_ms":0.8,"n_models":1,"n_registered":20,"n_points3d":15564,"reproj_px":0.8261,"track_len":2.100,"phase1":"live_reuse"}
I20260715 09:22:51.366574 0x16be4b000 database_cache.cc:72] Loading rigs...
I20260715 09:22:51.366588 0x16be4b000 database_cache.cc:82]  0 in 0.000s
I20260715 09:22:51.366592 0x16be4b000 database_cache.cc:90] Loading cameras...
I20260715 09:22:51.366604 0x16be4b000 database_cache.cc:108]  1 in 0.000s
I20260715 09:22:51.366608 0x16be4b000 database_cache.cc:116] Loading frames...
I20260715 09:22:51.366616 0x16be4b000 database_cache.cc:126]  0 in 0.000s
I20260715 09:22:51.366619 0x16be4b000 database_cache.cc:134] Loading matches...
I20260715 09:22:51.366990 0x16be4b000 database_cache.cc:139]  162 in 0.000s
I20260715 09:22:51.366996 0x16be4b000 database_cache.cc:147] Loading images...
I20260715 09:22:51.368235 0x16be4b000 database_cache.cc:236]  20 in 0.001s (loaded all 20)
I20260715 09:22:51.368240 0x16be4b000 database_cache.cc:255] Loading pose priors...
I20260715 09:22:51.368248 0x16be4b000 database_cache.cc:263]  0 in 0.000s
I20260715 09:22:51.368249 0x16be4b000 database_cache.cc:271] Building correspondence graph...
I20260715 09:22:51.373140 0x16be4b000 database_cache.cc:300]  in 0.005s (ignored 0)
I20260715 09:22:51.373979 0x16bed7000 sift.cc:1565] Creating SIFT CPU feature matcher
I20260715 09:22:52.077035 0x16be4b000 bundle_adjustment_ceres.cc:990] [AETHER] solver_used=DENSE_SCHUR sparse_backend=EIGEN_SPARSE dense_backend=EIGEN mixed=0 threads=3
I20260715 09:22:52.741553 0x16be4b000 bundle_adjustment_ceres.cc:990] [AETHER] solver_used=DENSE_SCHUR sparse_backend=EIGEN_SPARSE dense_backend=EIGEN mixed=0 threads=3
I20260715 09:22:53.410382 0x16be4b000 bundle_adjustment_ceres.cc:990] [AETHER] solver_used=DENSE_SCHUR sparse_backend=EIGEN_SPARSE dense_backend=EIGEN mixed=0 threads=3
I20260715 09:22:54.073983 0x16be4b000 bundle_adjustment_ceres.cc:990] [AETHER] solver_used=DENSE_SCHUR sparse_backend=EIGEN_SPARSE dense_backend=EIGEN mixed=0 threads=3
I20260715 09:22:54.438829 0x16be4b000 bundle_adjustment_ceres.cc:990] [AETHER] solver_used=DENSE_SCHUR sparse_backend=EIGEN_SPARSE dense_backend=EIGEN mixed=0 threads=3
I20260715 09:22:59.151190 0x16be4b000 incremental_pipeline.cc:325] Loading database
I20260715 09:22:59.151230 0x16be4b000 database_cache.cc:72] Loading rigs...
I20260715 09:22:59.151237 0x16be4b000 database_cache.cc:82]  0 in 0.000s
I20260715 09:22:59.151241 0x16be4b000 database_cache.cc:90] Loading cameras...
I20260715 09:22:59.151249 0x16be4b000 database_cache.cc:108]  1 in 0.000s
I20260715 09:22:59.151251 0x16be4b000 database_cache.cc:116] Loading frames...
I20260715 09:22:59.151256 0x16be4b000 database_cache.cc:126]  0 in 0.000s
I20260715 09:22:59.151258 0x16be4b000 database_cache.cc:134] Loading matches...
I20260715 09:22:59.151607 0x16be4b000 database_cache.cc:139]  162 in 0.000s
I20260715 09:22:59.151612 0x16be4b000 database_cache.cc:147] Loading images...
I20260715 09:22:59.152994 0x16be4b000 database_cache.cc:236]  20 in 0.001s (loaded all 20)
I20260715 09:22:59.153003 0x16be4b000 database_cache.cc:255] Loading pose priors...
I20260715 09:22:59.153011 0x16be4b000 database_cache.cc:263]  0 in 0.000s
I20260715 09:22:59.153013 0x16be4b000 database_cache.cc:271] Building correspondence graph...
I20260715 09:22:59.158214 0x16be4b000 database_cache.cc:300]  in 0.005s (ignored 0)
I20260715 09:22:59.158224 0x16be4b000 timer.cc:90] Elapsed time: 0.000 [minutes]
I20260715 09:22:59.479864 0x16be4b000 bundle_adjustment_ceres.cc:990] [AETHER] solver_used=DENSE_SCHUR sparse_backend=EIGEN_SPARSE dense_backend=EIGEN mixed=0 threads=6
W20260715 09:22:59.496636 0x16be4b000 aether_sfm_c.cc:5460] [aether_sfm] finalize worker: cache_pre=6ms enrich=7774ms stage1=3076ms (ok, rounds=5) stage2=343ms (rounds<=1) temporal=5ms upgrade=0ms total=8130ms
REFINED finalize_ms=8151.1
RESULT incr=off n_reg=20 n_points=13781 track3plus=4086 n_obs=37308 mean_reproj_px=1.0437 stream_ms=1063.3 finalize_ms=8151.1 total_ms=9214.5
real 9.26
user 16.07
sys 1.22
           589594624  maximum resident set size
                   0  average shared memory size
                   0  average unshared data size
                   0  average unshared stack size
               37277  page reclaims
                  27  page faults
                   0  swaps
                   0  block input operations
                   0  block output operations
                   0  messages sent
                   0  messages received
                   0  signals received
                 282  voluntary context switches
              293663  involuntary context switches
        170675372348  instructions retired
         63430439503  cycles elapsed
           541115184  peak memory footprint
