[dkm] frames=115 candidate_pairs=406 selected=8 slice=144:152 available=6.34GB
/opt/homebrew/lib/python3.11/site-packages/torchvision/models/_utils.py:208: UserWarning: The parameter 'pretrained' is deprecated since 0.13 and may be removed in the future, please use 'weights' instead.
  warnings.warn(
/opt/homebrew/lib/python3.11/site-packages/torchvision/models/_utils.py:223: UserWarning: Arguments other than a weight enum or `None` for 'weights' are deprecated since 0.13 and may be removed in the future. The current behavior is equivalent to passing `weights=None`.
  warnings.warn(msg)
[dkm] model loaded on mps in 0.60s
/opt/homebrew/lib/python3.11/site-packages/torch/functional.py:505: UserWarning: torch.meshgrid: in an upcoming release, it will be required to pass the indexing argument. (Triggered internally at /Users/runner/work/pytorch/pytorch/aten/src/ATen/native/TensorShape.cpp:4384.)
  return _VF.meshgrid(tensors, **kwargs)  # type: ignore[attr-defined]
[dkm] 1/8 036_037 grid=1393 arkit_inlier=0.998 magsac_inlier=1.000 median=0.926px time=0.66s
[dkm] 2/8 036_097 grid=0 arkit_inlier=0.000 magsac_inlier=0.000 median=NA time=0.45s
[dkm] 3/8 036_098 grid=0 arkit_inlier=0.000 magsac_inlier=0.000 median=NA time=0.46s
[dkm] 4/8 036_038 grid=20 arkit_inlier=1.000 magsac_inlier=1.000 median=0.263px time=0.46s
[dkm] 5/8 037_038 grid=774 arkit_inlier=1.000 magsac_inlier=1.000 median=0.499px time=0.49s
[dkm] 6/8 037_039 grid=175 arkit_inlier=0.960 magsac_inlier=1.000 median=1.793px time=0.46s
[dkm] 7/8 037_098 grid=0 arkit_inlier=0.000 magsac_inlier=0.000 median=NA time=0.44s
[dkm] 8/8 037_040 grid=151 arkit_inlier=0.868 magsac_inlier=0.980 median=2.135px time=0.42s
[dkm] matches_sha256=7eec1947a936dd576f94fede63b2cbc2a4fea322c64ab1301fb0838d21e65060
[dkm] metrics_sha256=813e322a125c8c54d565d6aef5321cf2530b41d9f6b62d69789bb2ec8bd80d3b
DKM_CAP50_DONE
        6.56 real         2.54 user         1.29 sys
           948289536  maximum resident set size
                   0  average shared memory size
                   0  average unshared data size
                   0  average unshared stack size
              149492  page reclaims
                 159  page faults
                   0  swaps
                   0  block input operations
                   0  block output operations
                   0  messages sent
                   0  messages received
                   0  signals received
                1070  voluntary context switches
               21748  involuntary context switches
         33180768430  instructions retired
         13360044624  cycles elapsed
          3450062768  peak memory footprint
