REPLAY src_db=/Users/kaidongwang/.config/superpowers/worktrees/pocketworld_research_benchmarks/pocketworld-repro-contract-20260714/data/pocketworld_captures/cap56/fresh_device_pull_2026-07-15T1002+0800/sfm_live.db pair_db=/Users/kaidongwang/.config/superpowers/worktrees/pocketworld_research_benchmarks/pocketworld-repro-contract-20260714/data/pocketworld_captures/cap56/fresh_device_pull_2026-07-15T1002+0800/sfm_live.db poses=/Users/kaidongwang/.config/superpowers/worktrees/pocketworld_research_benchmarks/pocketworld-repro-contract-20260714/data/pocketworld_captures/cap56/fresh_device_pull_2026-07-15T1002+0800/sfm_fed_frames.jsonl intrinsics=(db-camera) out=aether_cpp/third_party/glomap_vendor/bench_runs/cap56_exact_site_owner_v2_20260715/conflict_multiview_finalize_owner k=19 max_frames=0 AETHER_INCREMENTAL_GLOBAL_BA=(unset)
SOURCE n_images=20 n_poses=20 n_intrinsics=0
STORED_PAIRS matches=190 nonempty_matches=190 two_view=188 nonempty_two_view=188 geometry_missing=2 geometry_only=0
W20260715 10:46:38.033437 0x1fb6b2080 aether_sfm_c.cc:6620] [aether_sfm] host replay reusing stored pairs from /Users/kaidongwang/.config/superpowers/worktrees/pocketworld_research_benchmarks/pocketworld-repro-contract-20260714/data/pocketworld_captures/cap56/fresh_device_pull_2026-07-15T1002+0800/sfm_live.db (matches=190, verified=190)
W20260715 10:46:38.041222 0x1fb6b2080 aether_sfm_c.cc:7512] [aether_sfm] conflict-multiview frames=2 deferred=638 committed_observations=0 site_obs_attempted=0 site_obs_rejected=0
I20260715 10:46:38.064237 0x1fb6b2080 bundle_adjustment_ceres.cc:1051] [AETHER] solver_used=DENSE_SCHUR sparse_backend=EIGEN_SPARSE dense_backend=EIGEN mixed=0 threads=1
I20260715 10:46:38.113525 0x1fb6b2080 bundle_adjustment_ceres.cc:1051] [AETHER] solver_used=DENSE_SCHUR sparse_backend=EIGEN_SPARSE dense_backend=EIGEN mixed=0 threads=1
I20260715 10:46:38.149152 0x1fb6b2080 bundle_adjustment_ceres.cc:1051] [AETHER] solver_used=DENSE_SCHUR sparse_backend=EIGEN_SPARSE dense_backend=EIGEN mixed=0 threads=1
I20260715 10:46:38.187060 0x1fb6b2080 bundle_adjustment_ceres.cc:1051] [AETHER] solver_used=DENSE_SCHUR sparse_backend=EIGEN_SPARSE dense_backend=EIGEN mixed=0 threads=1
I20260715 10:46:38.247385 0x1fb6b2080 bundle_adjustment_ceres.cc:1051] [AETHER] solver_used=DENSE_SCHUR sparse_backend=EIGEN_SPARSE dense_backend=EIGEN mixed=0 threads=1
I20260715 10:46:38.294368 0x1fb6b2080 bundle_adjustment_ceres.cc:1051] [AETHER] solver_used=DENSE_SCHUR sparse_backend=EIGEN_SPARSE dense_backend=EIGEN mixed=0 threads=1
I20260715 10:46:38.345696 0x1fb6b2080 bundle_adjustment_ceres.cc:1051] [AETHER] solver_used=DENSE_SCHUR sparse_backend=EIGEN_SPARSE dense_backend=EIGEN mixed=0 threads=1
I20260715 10:46:38.411748 0x1fb6b2080 bundle_adjustment_ceres.cc:1051] [AETHER] solver_used=DENSE_SCHUR sparse_backend=EIGEN_SPARSE dense_backend=EIGEN mixed=0 threads=1
I20260715 10:46:38.479399 0x1fb6b2080 bundle_adjustment_ceres.cc:1051] [AETHER] solver_used=DENSE_SCHUR sparse_backend=EIGEN_SPARSE dense_backend=EIGEN mixed=0 threads=1
I20260715 10:46:38.557864 0x1fb6b2080 bundle_adjustment_ceres.cc:1051] [AETHER] solver_used=DENSE_SCHUR sparse_backend=EIGEN_SPARSE dense_backend=EIGEN mixed=0 threads=1
I20260715 10:46:38.636208 0x1fb6b2080 bundle_adjustment_ceres.cc:1051] [AETHER] solver_used=DENSE_SCHUR sparse_backend=EIGEN_SPARSE dense_backend=EIGEN mixed=0 threads=1
I20260715 10:46:38.700771 0x1fb6b2080 bundle_adjustment_ceres.cc:1051] [AETHER] solver_used=DENSE_SCHUR sparse_backend=EIGEN_SPARSE dense_backend=EIGEN mixed=0 threads=1
I20260715 10:46:38.768380 0x1fb6b2080 bundle_adjustment_ceres.cc:1051] [AETHER] solver_used=DENSE_SCHUR sparse_backend=EIGEN_SPARSE dense_backend=EIGEN mixed=0 threads=1
I20260715 10:46:38.843353 0x1fb6b2080 bundle_adjustment_ceres.cc:1051] [AETHER] solver_used=DENSE_SCHUR sparse_backend=EIGEN_SPARSE dense_backend=EIGEN mixed=0 threads=1
I20260715 10:46:38.899472 0x1fb6b2080 bundle_adjustment_ceres.cc:1051] [AETHER] solver_used=DENSE_SCHUR sparse_backend=EIGEN_SPARSE dense_backend=EIGEN mixed=0 threads=1
I20260715 10:46:38.956319 0x1fb6b2080 bundle_adjustment_ceres.cc:1051] [AETHER] solver_used=DENSE_SCHUR sparse_backend=EIGEN_SPARSE dense_backend=EIGEN mixed=0 threads=1
I20260715 10:46:39.039136 0x1fb6b2080 bundle_adjustment_ceres.cc:1051] [AETHER] solver_used=DENSE_SCHUR sparse_backend=EIGEN_SPARSE dense_backend=EIGEN mixed=0 threads=1
W20260715 10:46:39.063509 0x1fb6b2080 aether_sfm_c.cc:7512] [aether_sfm] conflict-multiview frames=20 deferred=25515 committed_observations=4138 site_obs_attempted=3 site_obs_rejected=0
I20260715 10:46:39.101828 0x1fb6b2080 bundle_adjustment_ceres.cc:1051] [AETHER] solver_used=DENSE_SCHUR sparse_backend=EIGEN_SPARSE dense_backend=EIGEN mixed=0 threads=1
STREAMED fed=20 missing_pose=0 stream_ms=1077.4
FINALIZE_ASYNC phase1={"solve_ms":0.8,"n_models":1,"n_registered":20,"n_points3d":11347,"reproj_px":0.7961,"track_len":2.093,"phase1":"live_reuse"}
I20260715 10:46:39.121888 0x16f1eb000 incremental_pipeline.cc:325] Loading database
I20260715 10:46:39.121940 0x16f1eb000 database_cache.cc:72] Loading rigs...
I20260715 10:46:39.121947 0x16f1eb000 database_cache.cc:82]  0 in 0.000s
I20260715 10:46:39.121952 0x16f1eb000 database_cache.cc:90] Loading cameras...
I20260715 10:46:39.121964 0x16f1eb000 database_cache.cc:108]  1 in 0.000s
I20260715 10:46:39.121967 0x16f1eb000 database_cache.cc:116] Loading frames...
I20260715 10:46:39.121971 0x16f1eb000 database_cache.cc:126]  0 in 0.000s
I20260715 10:46:39.121973 0x16f1eb000 database_cache.cc:134] Loading matches...
I20260715 10:46:39.122364 0x16f1eb000 database_cache.cc:139]  188 in 0.000s
I20260715 10:46:39.122367 0x16f1eb000 database_cache.cc:147] Loading images...
I20260715 10:46:39.123668 0x16f1eb000 database_cache.cc:236]  20 in 0.001s (loaded all 20)
I20260715 10:46:39.123675 0x16f1eb000 database_cache.cc:255] Loading pose priors...
I20260715 10:46:39.123682 0x16f1eb000 database_cache.cc:263]  0 in 0.000s
I20260715 10:46:39.123684 0x16f1eb000 database_cache.cc:271] Building correspondence graph...
I20260715 10:46:39.128848 0x16f1eb000 database_cache.cc:300]  in 0.005s (ignored 0)
I20260715 10:46:39.128853 0x16f1eb000 timer.cc:90] Elapsed time: 0.000 [minutes]
I20260715 10:46:39.873463 0x16f1eb000 bundle_adjustment_ceres.cc:1051] [AETHER] solver_used=DENSE_SCHUR sparse_backend=EIGEN_SPARSE dense_backend=EIGEN mixed=0 threads=6
I20260715 10:46:40.629792 0x16f1eb000 bundle_adjustment_ceres.cc:1051] [AETHER] solver_used=DENSE_SCHUR sparse_backend=EIGEN_SPARSE dense_backend=EIGEN mixed=0 threads=6
I20260715 10:46:41.166328 0x16f1eb000 bundle_adjustment_ceres.cc:1051] [AETHER] solver_used=DENSE_SCHUR sparse_backend=EIGEN_SPARSE dense_backend=EIGEN mixed=0 threads=6
I20260715 10:46:41.707196 0x16f1eb000 bundle_adjustment_ceres.cc:1051] [AETHER] solver_used=DENSE_SCHUR sparse_backend=EIGEN_SPARSE dense_backend=EIGEN mixed=0 threads=6
I20260715 10:46:41.980188 0x16f1eb000 bundle_adjustment_ceres.cc:1051] [AETHER] solver_used=DENSE_SCHUR sparse_backend=EIGEN_SPARSE dense_backend=EIGEN mixed=0 threads=6
W20260715 10:46:42.007186 0x16f1eb000 aether_sfm_c.cc:6135] [aether_sfm] finalize worker: cache_pre=0ms enrich=14ms stage1=0ms (off, rounds=0) stage2=2872ms (rounds<=5) temporal=14ms upgrade=0ms total=2901ms
REFINED finalize_ms=3051.4
RESULT incr=off n_reg=20 n_points=16795 track3plus=4869 n_obs=44482 mean_reproj_px=1.0480 stream_ms=1077.4 finalize_ms=3051.4 total_ms=4128.8
real 5.13
user 7.81
sys 3.40
           108494848  maximum resident set size
                   0  average shared memory size
                   0  average unshared data size
                   0  average unshared stack size
               10237  page reclaims
                 211  page faults
                   0  swaps
                   0  block input operations
                   0  block output operations
                   0  messages sent
                   0  messages received
                   0  signals received
                 569  voluntary context switches
              582707  involuntary context switches
         92674580343  instructions retired
         38058143373  cycles elapsed
            99779064  peak memory footprint
