REPLAY src_db=/Users/kaidongwang/.config/superpowers/worktrees/pocketworld_research_benchmarks/pocketworld-repro-contract-20260714/data/pocketworld_captures/cap56/fresh_device_pull_2026-07-15T1002+0800/sfm_live.db pair_db=/Users/kaidongwang/.config/superpowers/worktrees/pocketworld_research_benchmarks/pocketworld-repro-contract-20260714/data/pocketworld_captures/cap56/fresh_device_pull_2026-07-15T1002+0800/sfm_live.db poses=/Users/kaidongwang/.config/superpowers/worktrees/pocketworld_research_benchmarks/pocketworld-repro-contract-20260714/data/pocketworld_captures/cap56/fresh_device_pull_2026-07-15T1002+0800/sfm_fed_frames.jsonl intrinsics=(db-camera) out=aether_cpp/third_party/glomap_vendor/bench_runs/cap56_exact_site_owner_v2_20260715/conflict_multiview_full_owner k=19 max_frames=0 AETHER_INCREMENTAL_GLOBAL_BA=(unset)
SOURCE n_images=20 n_poses=20 n_intrinsics=0
STORED_PAIRS matches=190 nonempty_matches=190 two_view=188 nonempty_two_view=188 geometry_missing=2 geometry_only=0
W20260715 10:42:52.175674 0x1fb6b2080 aether_sfm_c.cc:6617] [aether_sfm] host replay reusing stored pairs from /Users/kaidongwang/.config/superpowers/worktrees/pocketworld_research_benchmarks/pocketworld-repro-contract-20260714/data/pocketworld_captures/cap56/fresh_device_pull_2026-07-15T1002+0800/sfm_live.db (matches=190, verified=190)
W20260715 10:42:52.183666 0x1fb6b2080 aether_sfm_c.cc:7506] [aether_sfm] conflict-multiview frames=2 deferred=638 committed_observations=0 site_obs_attempted=0 site_obs_rejected=0
I20260715 10:42:52.205254 0x1fb6b2080 bundle_adjustment_ceres.cc:1051] [AETHER] solver_used=DENSE_SCHUR sparse_backend=EIGEN_SPARSE dense_backend=EIGEN mixed=0 threads=1
I20260715 10:42:52.252009 0x1fb6b2080 bundle_adjustment_ceres.cc:1051] [AETHER] solver_used=DENSE_SCHUR sparse_backend=EIGEN_SPARSE dense_backend=EIGEN mixed=0 threads=1
I20260715 10:42:52.284274 0x1fb6b2080 bundle_adjustment_ceres.cc:1051] [AETHER] solver_used=DENSE_SCHUR sparse_backend=EIGEN_SPARSE dense_backend=EIGEN mixed=0 threads=1
I20260715 10:42:52.318091 0x1fb6b2080 bundle_adjustment_ceres.cc:1051] [AETHER] solver_used=DENSE_SCHUR sparse_backend=EIGEN_SPARSE dense_backend=EIGEN mixed=0 threads=1
I20260715 10:42:52.368481 0x1fb6b2080 bundle_adjustment_ceres.cc:1051] [AETHER] solver_used=DENSE_SCHUR sparse_backend=EIGEN_SPARSE dense_backend=EIGEN mixed=0 threads=1
I20260715 10:42:52.412682 0x1fb6b2080 bundle_adjustment_ceres.cc:1051] [AETHER] solver_used=DENSE_SCHUR sparse_backend=EIGEN_SPARSE dense_backend=EIGEN mixed=0 threads=1
I20260715 10:42:52.461909 0x1fb6b2080 bundle_adjustment_ceres.cc:1051] [AETHER] solver_used=DENSE_SCHUR sparse_backend=EIGEN_SPARSE dense_backend=EIGEN mixed=0 threads=1
I20260715 10:42:52.526066 0x1fb6b2080 bundle_adjustment_ceres.cc:1051] [AETHER] solver_used=DENSE_SCHUR sparse_backend=EIGEN_SPARSE dense_backend=EIGEN mixed=0 threads=1
I20260715 10:42:52.591086 0x1fb6b2080 bundle_adjustment_ceres.cc:1051] [AETHER] solver_used=DENSE_SCHUR sparse_backend=EIGEN_SPARSE dense_backend=EIGEN mixed=0 threads=1
I20260715 10:42:52.663282 0x1fb6b2080 bundle_adjustment_ceres.cc:1051] [AETHER] solver_used=DENSE_SCHUR sparse_backend=EIGEN_SPARSE dense_backend=EIGEN mixed=0 threads=1
I20260715 10:42:52.743713 0x1fb6b2080 bundle_adjustment_ceres.cc:1051] [AETHER] solver_used=DENSE_SCHUR sparse_backend=EIGEN_SPARSE dense_backend=EIGEN mixed=0 threads=1
I20260715 10:42:52.803818 0x1fb6b2080 bundle_adjustment_ceres.cc:1051] [AETHER] solver_used=DENSE_SCHUR sparse_backend=EIGEN_SPARSE dense_backend=EIGEN mixed=0 threads=1
I20260715 10:42:52.867148 0x1fb6b2080 bundle_adjustment_ceres.cc:1051] [AETHER] solver_used=DENSE_SCHUR sparse_backend=EIGEN_SPARSE dense_backend=EIGEN mixed=0 threads=1
I20260715 10:42:52.934359 0x1fb6b2080 bundle_adjustment_ceres.cc:1051] [AETHER] solver_used=DENSE_SCHUR sparse_backend=EIGEN_SPARSE dense_backend=EIGEN mixed=0 threads=1
I20260715 10:42:52.987180 0x1fb6b2080 bundle_adjustment_ceres.cc:1051] [AETHER] solver_used=DENSE_SCHUR sparse_backend=EIGEN_SPARSE dense_backend=EIGEN mixed=0 threads=1
I20260715 10:42:53.046084 0x1fb6b2080 bundle_adjustment_ceres.cc:1051] [AETHER] solver_used=DENSE_SCHUR sparse_backend=EIGEN_SPARSE dense_backend=EIGEN mixed=0 threads=1
I20260715 10:42:53.124491 0x1fb6b2080 bundle_adjustment_ceres.cc:1051] [AETHER] solver_used=DENSE_SCHUR sparse_backend=EIGEN_SPARSE dense_backend=EIGEN mixed=0 threads=1
W20260715 10:42:53.142629 0x1fb6b2080 aether_sfm_c.cc:7506] [aether_sfm] conflict-multiview frames=20 deferred=25515 committed_observations=4138 site_obs_attempted=3 site_obs_rejected=0
I20260715 10:42:53.181740 0x1fb6b2080 bundle_adjustment_ceres.cc:1051] [AETHER] solver_used=DENSE_SCHUR sparse_backend=EIGEN_SPARSE dense_backend=EIGEN mixed=0 threads=1
STREAMED fed=20 missing_pose=0 stream_ms=1016.1
FINALIZE_ASYNC phase1={"solve_ms":0.5,"n_models":1,"n_registered":20,"n_points3d":11347,"reproj_px":0.7961,"track_len":2.093,"phase1":"live_reuse"}
I20260715 10:42:53.201693 0x16da47000 incremental_pipeline.cc:325] Loading database
I20260715 10:42:53.201742 0x16da47000 database_cache.cc:72] Loading rigs...
I20260715 10:42:53.201751 0x16da47000 database_cache.cc:82]  0 in 0.000s
I20260715 10:42:53.201756 0x16da47000 database_cache.cc:90] Loading cameras...
I20260715 10:42:53.201763 0x16da47000 database_cache.cc:108]  1 in 0.000s
I20260715 10:42:53.201766 0x16da47000 database_cache.cc:116] Loading frames...
I20260715 10:42:53.201770 0x16da47000 database_cache.cc:126]  0 in 0.000s
I20260715 10:42:53.201773 0x16da47000 database_cache.cc:134] Loading matches...
I20260715 10:42:53.202136 0x16da47000 database_cache.cc:139]  188 in 0.000s
I20260715 10:42:53.202139 0x16da47000 database_cache.cc:147] Loading images...
I20260715 10:42:53.203557 0x16da47000 database_cache.cc:236]  20 in 0.001s (loaded all 20)
I20260715 10:42:53.203565 0x16da47000 database_cache.cc:255] Loading pose priors...
I20260715 10:42:53.203574 0x16da47000 database_cache.cc:263]  0 in 0.000s
I20260715 10:42:53.203577 0x16da47000 database_cache.cc:271] Building correspondence graph...
I20260715 10:42:53.208791 0x16da47000 database_cache.cc:300]  in 0.005s (ignored 0)
I20260715 10:42:53.208797 0x16da47000 timer.cc:90] Elapsed time: 0.000 [minutes]
I20260715 10:42:53.814753 0x16da47000 bundle_adjustment_ceres.cc:1051] [AETHER] solver_used=DENSE_SCHUR sparse_backend=EIGEN_SPARSE dense_backend=EIGEN mixed=0 threads=6
I20260715 10:42:54.383682 0x16da47000 bundle_adjustment_ceres.cc:1051] [AETHER] solver_used=DENSE_SCHUR sparse_backend=EIGEN_SPARSE dense_backend=EIGEN mixed=0 threads=6
I20260715 10:42:54.964021 0x16da47000 bundle_adjustment_ceres.cc:1051] [AETHER] solver_used=DENSE_SCHUR sparse_backend=EIGEN_SPARSE dense_backend=EIGEN mixed=0 threads=6
I20260715 10:42:55.377824 0x16da47000 bundle_adjustment_ceres.cc:1051] [AETHER] solver_used=DENSE_SCHUR sparse_backend=EIGEN_SPARSE dense_backend=EIGEN mixed=0 threads=6
I20260715 10:42:55.886797 0x16da47000 bundle_adjustment_ceres.cc:1051] [AETHER] solver_used=DENSE_SCHUR sparse_backend=EIGEN_SPARSE dense_backend=EIGEN mixed=0 threads=6
W20260715 10:42:55.911065 0x16da47000 aether_sfm_c.cc:6132] [aether_sfm] finalize worker: cache_pre=0ms enrich=12ms stage1=0ms (off, rounds=0) stage2=2699ms (rounds<=5) temporal=13ms upgrade=0ms total=2726ms
REFINED finalize_ms=2836.8
RESULT incr=off n_reg=20 n_points=16405 track3plus=4870 n_obs=44468 mean_reproj_px=1.0602 stream_ms=1016.1 finalize_ms=2836.8 total_ms=3852.9
real 5.12
user 8.21
sys 3.38
           111886336  maximum resident set size
                   0  average shared memory size
                   0  average unshared data size
                   0  average unshared stack size
                7631  page reclaims
                 211  page faults
                   0  swaps
                   0  block input operations
                   0  block output operations
                   0  messages sent
                   0  messages received
                   0  signals received
                 520  voluntary context switches
              664479  involuntary context switches
         99071216077  instructions retired
         39559491110  cycles elapsed
           100893152  peak memory footprint
