REPLAY src_db=/Users/kaidongwang/.config/superpowers/worktrees/pocketworld_research_benchmarks/pocketworld-repro-contract-20260714/data/pocketworld_captures/cap56/fresh_device_pull_2026-07-15T1002+0800/sfm_live.db pair_db=/Users/kaidongwang/.config/superpowers/worktrees/pocketworld_research_benchmarks/pocketworld-repro-contract-20260714/data/pocketworld_captures/cap56/fresh_device_pull_2026-07-15T1002+0800/sfm_live.db poses=/Users/kaidongwang/.config/superpowers/worktrees/pocketworld_research_benchmarks/pocketworld-repro-contract-20260714/data/pocketworld_captures/cap56/fresh_device_pull_2026-07-15T1002+0800/sfm_fed_frames.jsonl intrinsics=(db-camera) out=aether_cpp/third_party/glomap_vendor/bench_runs/cap56_exact_site_owner_v2_20260715/conflict_multiview_depth_owner12 k=19 max_frames=0 AETHER_INCREMENTAL_GLOBAL_BA=(unset)
SOURCE n_images=20 n_poses=20 n_intrinsics=0
STORED_PAIRS matches=190 nonempty_matches=190 two_view=188 nonempty_two_view=188 geometry_missing=2 geometry_only=0
W20260715 10:54:44.613676 0x1fb6b2080 aether_sfm_c.cc:6707] [aether_sfm] host replay reusing stored pairs from /Users/kaidongwang/.config/superpowers/worktrees/pocketworld_research_benchmarks/pocketworld-repro-contract-20260714/data/pocketworld_captures/cap56/fresh_device_pull_2026-07-15T1002+0800/sfm_live.db (matches=190, verified=190)
W20260715 10:54:44.622244 0x1fb6b2080 aether_sfm_c.cc:7520] [aether_sfm] conflict-multiview frames=2 deferred=638 committed_observations=0 site_obs_attempted=0 site_obs_rejected=0
I20260715 10:54:44.646664 0x1fb6b2080 bundle_adjustment_ceres.cc:1051] [AETHER] solver_used=DENSE_SCHUR sparse_backend=EIGEN_SPARSE dense_backend=EIGEN mixed=0 threads=1
I20260715 10:54:44.702811 0x1fb6b2080 bundle_adjustment_ceres.cc:1051] [AETHER] solver_used=DENSE_SCHUR sparse_backend=EIGEN_SPARSE dense_backend=EIGEN mixed=0 threads=1
I20260715 10:54:44.741805 0x1fb6b2080 bundle_adjustment_ceres.cc:1051] [AETHER] solver_used=DENSE_SCHUR sparse_backend=EIGEN_SPARSE dense_backend=EIGEN mixed=0 threads=1
I20260715 10:54:44.778642 0x1fb6b2080 bundle_adjustment_ceres.cc:1051] [AETHER] solver_used=DENSE_SCHUR sparse_backend=EIGEN_SPARSE dense_backend=EIGEN mixed=0 threads=1
I20260715 10:54:44.840320 0x1fb6b2080 bundle_adjustment_ceres.cc:1051] [AETHER] solver_used=DENSE_SCHUR sparse_backend=EIGEN_SPARSE dense_backend=EIGEN mixed=0 threads=1
I20260715 10:54:44.888882 0x1fb6b2080 bundle_adjustment_ceres.cc:1051] [AETHER] solver_used=DENSE_SCHUR sparse_backend=EIGEN_SPARSE dense_backend=EIGEN mixed=0 threads=1
I20260715 10:54:44.948142 0x1fb6b2080 bundle_adjustment_ceres.cc:1051] [AETHER] solver_used=DENSE_SCHUR sparse_backend=EIGEN_SPARSE dense_backend=EIGEN mixed=0 threads=1
I20260715 10:54:45.021123 0x1fb6b2080 bundle_adjustment_ceres.cc:1051] [AETHER] solver_used=DENSE_SCHUR sparse_backend=EIGEN_SPARSE dense_backend=EIGEN mixed=0 threads=1
I20260715 10:54:45.093914 0x1fb6b2080 bundle_adjustment_ceres.cc:1051] [AETHER] solver_used=DENSE_SCHUR sparse_backend=EIGEN_SPARSE dense_backend=EIGEN mixed=0 threads=1
I20260715 10:54:45.177565 0x1fb6b2080 bundle_adjustment_ceres.cc:1051] [AETHER] solver_used=DENSE_SCHUR sparse_backend=EIGEN_SPARSE dense_backend=EIGEN mixed=0 threads=1
I20260715 10:54:45.259772 0x1fb6b2080 bundle_adjustment_ceres.cc:1051] [AETHER] solver_used=DENSE_SCHUR sparse_backend=EIGEN_SPARSE dense_backend=EIGEN mixed=0 threads=1
I20260715 10:54:45.322955 0x1fb6b2080 bundle_adjustment_ceres.cc:1051] [AETHER] solver_used=DENSE_SCHUR sparse_backend=EIGEN_SPARSE dense_backend=EIGEN mixed=0 threads=1
I20260715 10:54:45.392032 0x1fb6b2080 bundle_adjustment_ceres.cc:1051] [AETHER] solver_used=DENSE_SCHUR sparse_backend=EIGEN_SPARSE dense_backend=EIGEN mixed=0 threads=1
I20260715 10:54:45.464199 0x1fb6b2080 bundle_adjustment_ceres.cc:1051] [AETHER] solver_used=DENSE_SCHUR sparse_backend=EIGEN_SPARSE dense_backend=EIGEN mixed=0 threads=1
I20260715 10:54:45.521828 0x1fb6b2080 bundle_adjustment_ceres.cc:1051] [AETHER] solver_used=DENSE_SCHUR sparse_backend=EIGEN_SPARSE dense_backend=EIGEN mixed=0 threads=1
I20260715 10:54:45.586268 0x1fb6b2080 bundle_adjustment_ceres.cc:1051] [AETHER] solver_used=DENSE_SCHUR sparse_backend=EIGEN_SPARSE dense_backend=EIGEN mixed=0 threads=1
I20260715 10:54:45.652251 0x1fb6b2080 bundle_adjustment_ceres.cc:1051] [AETHER] solver_used=DENSE_SCHUR sparse_backend=EIGEN_SPARSE dense_backend=EIGEN mixed=0 threads=1
W20260715 10:54:45.677841 0x1fb6b2080 aether_sfm_c.cc:7520] [aether_sfm] conflict-multiview frames=20 deferred=22365 committed_observations=6905 site_obs_attempted=0 site_obs_rejected=0
I20260715 10:54:45.717449 0x1fb6b2080 bundle_adjustment_ceres.cc:1051] [AETHER] solver_used=DENSE_SCHUR sparse_backend=EIGEN_SPARSE dense_backend=EIGEN mixed=0 threads=1
STREAMED fed=20 missing_pose=0 stream_ms=1113.5
FINALIZE_ASYNC phase1={"solve_ms":0.7,"n_models":1,"n_registered":20,"n_points3d":12341,"reproj_px":0.7903,"track_len":2.082,"phase1":"live_reuse"}
I20260715 10:54:45.739333 0x16f2d7000 incremental_pipeline.cc:325] Loading database
I20260715 10:54:45.739386 0x16f2d7000 database_cache.cc:72] Loading rigs...
I20260715 10:54:45.739393 0x16f2d7000 database_cache.cc:82]  0 in 0.000s
I20260715 10:54:45.739396 0x16f2d7000 database_cache.cc:90] Loading cameras...
I20260715 10:54:45.739404 0x16f2d7000 database_cache.cc:108]  1 in 0.000s
I20260715 10:54:45.739407 0x16f2d7000 database_cache.cc:116] Loading frames...
I20260715 10:54:45.739412 0x16f2d7000 database_cache.cc:126]  0 in 0.000s
I20260715 10:54:45.739414 0x16f2d7000 database_cache.cc:134] Loading matches...
I20260715 10:54:45.739814 0x16f2d7000 database_cache.cc:139]  188 in 0.000s
I20260715 10:54:45.739818 0x16f2d7000 database_cache.cc:147] Loading images...
I20260715 10:54:45.741198 0x16f2d7000 database_cache.cc:236]  20 in 0.001s (loaded all 20)
I20260715 10:54:45.741202 0x16f2d7000 database_cache.cc:255] Loading pose priors...
I20260715 10:54:45.741210 0x16f2d7000 database_cache.cc:263]  0 in 0.000s
I20260715 10:54:45.741212 0x16f2d7000 database_cache.cc:271] Building correspondence graph...
I20260715 10:54:45.746438 0x16f2d7000 database_cache.cc:300]  in 0.005s (ignored 0)
I20260715 10:54:45.746446 0x16f2d7000 timer.cc:90] Elapsed time: 0.000 [minutes]
I20260715 10:54:46.430299 0x16f2d7000 bundle_adjustment_ceres.cc:1051] [AETHER] solver_used=DENSE_SCHUR sparse_backend=EIGEN_SPARSE dense_backend=EIGEN mixed=0 threads=6
I20260715 10:54:47.030044 0x16f2d7000 bundle_adjustment_ceres.cc:1051] [AETHER] solver_used=DENSE_SCHUR sparse_backend=EIGEN_SPARSE dense_backend=EIGEN mixed=0 threads=6
I20260715 10:54:47.596687 0x16f2d7000 bundle_adjustment_ceres.cc:1051] [AETHER] solver_used=DENSE_SCHUR sparse_backend=EIGEN_SPARSE dense_backend=EIGEN mixed=0 threads=6
I20260715 10:54:48.186394 0x16f2d7000 bundle_adjustment_ceres.cc:1051] [AETHER] solver_used=DENSE_SCHUR sparse_backend=EIGEN_SPARSE dense_backend=EIGEN mixed=0 threads=6
I20260715 10:54:48.532660 0x16f2d7000 bundle_adjustment_ceres.cc:1051] [AETHER] solver_used=DENSE_SCHUR sparse_backend=EIGEN_SPARSE dense_backend=EIGEN mixed=0 threads=6
W20260715 10:54:48.712155 0x16f2d7000 aether_sfm_c.cc:6222] [aether_sfm] finalize worker: cache_pre=0ms enrich=15ms stage1=0ms (off, rounds=0) stage2=2806ms (rounds<=5) temporal=168ms upgrade=0ms total=2991ms
REFINED finalize_ms=3035.4
RESULT incr=off n_reg=20 n_points=16273 track3plus=4809 n_obs=44113 mean_reproj_px=1.0577 stream_ms=1113.5 finalize_ms=3035.4 total_ms=4148.8
real 5.72
user 8.74
sys 3.43
           117817344  maximum resident set size
                   0  average shared memory size
                   0  average unshared data size
                   0  average unshared stack size
                8008  page reclaims
                 211  page faults
                   0  swaps
                   0  block input operations
                   0  block output operations
                   0  messages sent
                   0  messages received
                   0  signals received
                 492  voluntary context switches
              680085  involuntary context switches
        105520688782  instructions retired
         41693659560  cycles elapsed
           106840544  peak memory footprint
